
Showing All Issues

Prepare build

PrecompileModule /Users/jonahmicahinguito/Library/Developer/Xcode/DerivedData/rotaractconnect-cjwcbdlngckcsaantafkjnfzfbdk/Build/Intermediates.noindex/ExplicitPrecompiledModules/React_RCTAppDelegate-CMQ762T6DI4QRMKRUMTZ2Q3BG.scan
    cd /
    builtin-precompileModule /Users/jonahmicahinguito/Library/Developer/Xcode/DerivedData/rotaractconnect-cjwcbdlngckcsaantafkjnfzfbdk/Build/Intermediates.noindex/ExplicitPrecompiledModules/React_RCTAppDelegate-CMQ762T6DI4QRMKRUMTZ2Q3BG.scan

While building module 'React_RCTAppDelegate':
In file included from <module-includes>:1:
In file included from /Users/jonahmicahinguito/dev/rotaract-connect/ios/Pods/Headers/Public/React_RCTAppDelegate/React-RCTAppDelegate-umbrella.h:13:
In file included from /Users/jonahmicahinguito/dev/rotaract-connect/node_modules/react-native/Libraries/AppDelegate/RCTAppDelegate.h:9:
In file included from /Users/jonahmicahinguito/dev/rotaract-connect/node_modules/react-native/Libraries/AppDelegate/RCTDefaultReactNativeFactoryDelegate.h:9:
In file included from /Users/jonahmicahinguito/dev/rotaract-connect/node_modules/react-native/Libraries/AppDelegate/RCTReactNativeFactory.h:15:
/Users/jonahmicahinguito/dev/rotaract-connect/node_modules/react-native/Libraries/AppDelegate/RCTUIConfiguratorProtocol.h:40:28: warning: 'RCTRootView' is deprecated: This API will be removed along with the legacy architecture. [-Wdeprecated-declarations]
   40 | - (void)customizeRootView:(RCTRootView *)rootView;
      |                            ^
While building module 'React_RCTAppDelegate':
In file included from <module-includes>:1:
In file included from /Users/jonahmicahinguito/dev/rotaract-connect/ios/Pods/Headers/Public/React_RCTAppDelegate/React-RCTAppDelegate-umbrella.h:13:
In file included from /Users/jonahmicahinguito/dev/rotaract-connect/node_modules/react-native/Libraries/AppDelegate/RCTAppDelegate.h:9:
In file included from /Users/jonahmicahinguito/dev/rotaract-connect/node_modules/react-native/Libraries/AppDelegate/RCTDefaultReactNativeFactoryDelegate.h:9:
In file included from /Users/jonahmicahinguito/dev/rotaract-connect/node_modules/react-native/Libraries/AppDelegate/RCTReactNativeFactory.h:14:
In file included from /Users/jonahmicahinguito/dev/rotaract-connect/node_modules/react-native/Libraries/AppDelegate/RCTRootViewFactory.h:9:
/Users/jonahmicahinguito/dev/rotaract-connect/ios/Pods/Headers/Public/React-Core/React/RCTRootView.h:52:1: note: 'RCTRootView' has been explicitly marked deprecated here
   52 | __deprecated_msg("This API will be removed along with the legacy architecture.") @interface RCTRootView : UIView
      | ^
In module 'Foundation' imported from /Users/jonahmicahinguito/dev/rotaract-connect/ios/Pods/Headers/Public/React-Core/React/RCTDefines.h:9:
In module 'CoreFoundation' imported from /Applications/Xcode.app/Contents/Developer/Platforms/iPhoneOS.platform/Developer/SDKs/iPhoneOS26.5.sdk/System/Library/Frameworks/Foundation.framework/Headers/Foundation.h:6:
In module '_DarwinFoundation1' imported from /Applications/Xcode.app/Contents/Developer/Platforms/iPhoneOS.platform/Developer/SDKs/iPhoneOS.sdk/System/Library/Frameworks/CoreFoundation.framework/Headers/CoreFoundation.h:14:
/Applications/Xcode.app/Contents/Developer/Platforms/iPhoneOS.platform/Developer/SDKs/iPhoneOS26.5.sdk/usr/include/sys/cdefs.h:227:48: note: expanded from macro '__deprecated_msg'
  227 |         #define __deprecated_msg(_msg) __attribute__((__deprecated__(_msg)))
      |                                                       ^
1 warning generated.

/Users/jonahmicahinguito/dev/rotaract-connect/node_modules/react-native/Libraries/AppDelegate/RCTUIConfiguratorProtocol.h:40:28: 'RCTRootView' is deprecated: This API will be removed along with the legacy architecture.

PrecompileModule /Users/jonahmicahinguito/Library/Developer/Xcode/DerivedData/rotaractconnect-cjwcbdlngckcsaantafkjnfzfbdk/Build/Intermediates.noindex/ExplicitPrecompiledModules/ExpoModulesCore-3DZVHV5G8VGMH9NWJ81OFW4AD.scan
    cd /
    builtin-precompileModule /Users/jonahmicahinguito/Library/Developer/Xcode/DerivedData/rotaractconnect-cjwcbdlngckcsaantafkjnfzfbdk/Build/Intermediates.noindex/ExplicitPrecompiledModules/ExpoModulesCore-3DZVHV5G8VGMH9NWJ81OFW4AD.scan

While building module 'ExpoModulesCore':
In file included from <module-includes>:1:
In file included from /Users/jonahmicahinguito/Library/Developer/Xcode/DerivedData/rotaractconnect-cjwcbdlngckcsaantafkjnfzfbdk/Build/Products/Debug-iphoneos/ExpoModulesCore/ExpoModulesCore-umbrella.h:19:
In file included from /Users/jonahmicahinguito/dev/rotaract-connect/ios/Pods/Headers/Public/ExpoModulesCore/ExpoModulesCore/ExpoModulesCore.h:16:
In file included from /Users/jonahmicahinguito/dev/rotaract-connect/ios/Pods/Headers/Public/ExpoModulesCore/ExpoModulesCore/EXFilePermissionModuleInterface.h:3:
/Users/jonahmicahinguito/dev/rotaract-connect/ios/Pods/Headers/Public/ExpoModulesCore/ExpoModulesCore/EXFileSystemInterface.h:14:42: warning: pointer is missing a nullability type specifier (_Nonnull, _Nullable, or _Null_unspecified) [-Wnullability-completeness]
   14 | @property (nonatomic, readonly) NSString *documentDirectory;
      |                                          ^
/Users/jonahmicahinguito/dev/rotaract-connect/ios/Pods/Headers/Public/ExpoModulesCore/ExpoModulesCore/EXFileSystemInterface.h:14:42: note: insert '_Nullable' if the pointer may be null
   14 | @property (nonatomic, readonly) NSString *documentDirectory;
      |                                          ^
      |                                            _Nullable 
/Users/jonahmicahinguito/dev/rotaract-connect/ios/Pods/Headers/Public/ExpoModulesCore/ExpoModulesCore/EXFileSystemInterface.h:14:42: note: insert '_Nonnull' if the pointer should never be null
   14 | @property (nonatomic, readonly) NSString *documentDirectory;
      |                                          ^
      |                                            _Nonnull 
/Users/jonahmicahinguito/dev/rotaract-connect/ios/Pods/Headers/Public/ExpoModulesCore/ExpoModulesCore/EXFileSystemInterface.h:20:57: warning: pointer is missing a nullability type specifier (_Nonnull, _Nullable, or _Null_unspecified) [-Wnullability-completeness]
   20 | - (nonnull NSString *)generatePathInDirectory:(NSString *)directory withExtension:(NSString *)extension;
      |                                                         ^
/Users/jonahmicahinguito/dev/rotaract-connect/ios/Pods/Headers/Public/ExpoModulesCore/ExpoModulesCore/EXFileSystemInterface.h:20:57: note: insert '_Nullable' if the pointer may be null
   20 | - (nonnull NSString *)generatePathInDirectory:(NSString *)directory withExtension:(NSString *)extension;
      |                                                         ^
      |                                                          _Nullable
/Users/jonahmicahinguito/dev/rotaract-connect/ios/Pods/Headers/Public/ExpoModulesCore/ExpoModulesCore/EXFileSystemInterface.h:20:57: note: insert '_Nonnull' if the pointer should never be null
   20 | - (nonnull NSString *)generatePathInDirectory:(NSString *)directory withExtension:(NSString *)extension;
      |                                                         ^
      |                                                          _Nonnull
/Users/jonahmicahinguito/dev/rotaract-connect/ios/Pods/Headers/Public/ExpoModulesCore/ExpoModulesCore/EXFileSystemInterface.h:20:93: warning: pointer is missing a nullability type specifier (_Nonnull, _Nullable, or _Null_unspecified) [-Wnullability-completeness]
   20 | - (nonnull NSString *)generatePathInDirectory:(NSString *)directory withExtension:(NSString *)extension;
      |                                                                                             ^
/Users/jonahmicahinguito/dev/rotaract-connect/ios/Pods/Headers/Public/ExpoModulesCore/ExpoModulesCore/EXFileSystemInterface.h:20:93: note: insert '_Nullable' if the pointer may be null
   20 | - (nonnull NSString *)generatePathInDirectory:(NSString *)directory withExtension:(NSString *)extension;
      |                                                                                             ^
      |                                                                                              _Nullable
/Users/jonahmicahinguito/dev/rotaract-connect/ios/Pods/Headers/Public/ExpoModulesCore/ExpoModulesCore/EXFileSystemInterface.h:20:93: note: insert '_Nonnull' if the pointer should never be null
   20 | - (nonnull NSString *)generatePathInDirectory:(NSString *)directory withExtension:(NSString *)extension;
      |                                                                                             ^
      |                                                                                              _Nonnull
/Users/jonahmicahinguito/dev/rotaract-connect/ios/Pods/Headers/Public/ExpoModulesCore/ExpoModulesCore/EXFileSystemInterface.h:21:43: warning: pointer is missing a nullability type specifier (_Nonnull, _Nullable, or _Null_unspecified) [-Wnullability-completeness]
   21 | - (BOOL)ensureDirExistsWithPath:(NSString *)path;
      |                                           ^
/Users/jonahmicahinguito/dev/rotaract-connect/ios/Pods/Headers/Public/ExpoModulesCore/ExpoModulesCore/EXFileSystemInterface.h:21:43: note: insert '_Nullable' if the pointer may be null
   21 | - (BOOL)ensureDirExistsWithPath:(NSString *)path;
      |                                           ^
      |                                            _Nullable
/Users/jonahmicahinguito/dev/rotaract-connect/ios/Pods/Headers/Public/ExpoModulesCore/ExpoModulesCore/EXFileSystemInterface.h:21:43: note: insert '_Nonnull' if the pointer should never be null
   21 | - (BOOL)ensureDirExistsWithPath:(NSString *)path;
      |                                           ^
      |                                            _Nonnull
While building module 'ExpoModulesCore':
In file included from <module-includes>:1:
In file included from /Users/jonahmicahinguito/Library/Developer/Xcode/DerivedData/rotaractconnect-cjwcbdlngckcsaantafkjnfzfbdk/Build/Products/Debug-iphoneos/ExpoModulesCore/ExpoModulesCore-umbrella.h:19:
In file included from /Users/jonahmicahinguito/dev/rotaract-connect/ios/Pods/Headers/Public/ExpoModulesCore/ExpoModulesCore/ExpoModulesCore.h:42:
/Users/jonahmicahinguito/dev/rotaract-connect/ios/Pods/Headers/Public/ExpoModulesCore/ExpoModulesCore/EXModuleRegistryHolderReactModule.h:7:58: warning: cannot find protocol definition for 'RCTBridgeModule'
    7 | @interface EXModuleRegistryHolderReactModule : NSObject <RCTBridgeModule>
      |                                                          ^
/Users/jonahmicahinguito/dev/rotaract-connect/ios/Pods/Headers/Public/ExpoModulesCore/ExpoModulesCore/EXModuleRegistryHolderReactModule.h:3:11: note: protocol 'RCTBridgeModule' has no definition
    3 | @protocol RCTBridgeModule;
      |           ^
5 warnings generated.

/Users/jonahmicahinguito/dev/rotaract-connect/ios/Pods/Headers/Public/ExpoModulesCore/ExpoModulesCore/EXFileSystemInterface.h:14:42: Pointer is missing a nullability type specifier (_Nonnull, _Nullable, or _Null_unspecified)

/Users/jonahmicahinguito/dev/rotaract-connect/ios/Pods/Headers/Public/ExpoModulesCore/ExpoModulesCore/EXFileSystemInterface.h:20:57: Pointer is missing a nullability type specifier (_Nonnull, _Nullable, or _Null_unspecified)

/Users/jonahmicahinguito/dev/rotaract-connect/ios/Pods/Headers/Public/ExpoModulesCore/ExpoModulesCore/EXFileSystemInterface.h:20:93: Pointer is missing a nullability type specifier (_Nonnull, _Nullable, or _Null_unspecified)

/Users/jonahmicahinguito/dev/rotaract-connect/ios/Pods/Headers/Public/ExpoModulesCore/ExpoModulesCore/EXFileSystemInterface.h:21:43: Pointer is missing a nullability type specifier (_Nonnull, _Nullable, or _Null_unspecified)

/Users/jonahmicahinguito/dev/rotaract-connect/ios/Pods/Headers/Public/ExpoModulesCore/ExpoModulesCore/EXModuleRegistryHolderReactModule.h:7:58: Cannot find protocol definition for 'RCTBridgeModule'


Build target hermes-engine of project Pods with configuration Debug
warning: Run script build phase '[CP-User] [Hermes] Replace Hermes for the right configuration, if needed' will be run during every build because it does not specify any outputs. To address this issue, either add output dependencies to the script phase, or configure it to run in every build by unchecking "Based on dependency analysis" in the script phase. (in target 'hermes-engine' from project 'Pods')


Run script build phase '[CP-User] [Hermes] Replace Hermes for the right configuration, if needed' will be run during every build because it does not specify any outputs. To address this issue, either add output dependencies to the script phase, or configure it to run in every build by unchecking "Based on dependency analysis" in the script phase.


Build target ExpoModulesJSI of project Pods with configuration Debug
note: Run script build phase '[CP-User] Build ExpoModulesJSI xcframework' will be run during every build because the option to run the script phase "Based on dependency analysis" is unchecked. (in target 'ExpoModulesJSI' from project 'Pods')


Run script build phase '[CP-User] Build ExpoModulesJSI xcframework' will be run during every build because the option to run the script phase "Based on dependency analysis" is unchecked.

PhaseScriptExecution [CP-User]\ Build\ ExpoModulesJSI\ xcframework /Users/jonahmicahinguito/Library/Developer/Xcode/DerivedData/rotaractconnect-cjwcbdlngckcsaantafkjnfzfbdk/Build/Intermediates.noindex/Pods.build/Debug-iphoneos/ExpoModulesJSI.build/Script-46EB2E0002ABF0.sh (in target 'ExpoModulesJSI' from project 'Pods')
    cd /Users/jonahmicahinguito/dev/rotaract-connect/ios/Pods
    export ACTION\=build
    export AD_HOC_CODE_SIGNING_ALLOWED\=NO
    export ALLOW_BUILD_REQUEST_OVERRIDES\=NO
    export ALLOW_TARGET_PLATFORM_SPECIALIZATION\=NO
    export ALTERNATE_GROUP\=staff
    export ALTERNATE_MODE\=u+w,go-w,a+rX
    export ALTERNATE_OWNER\=jonahmicahinguito
    export ALTERNATIVE_DISTRIBUTION_WEB\=NO
    export ALWAYS_EMBED_SWIFT_STANDARD_LIBRARIES\=NO
    export ALWAYS_SEARCH_USER_PATHS\=NO
    export ALWAYS_USE_SEPARATE_HEADERMAPS\=NO
    export ANDROID_DEPLOYMENT_TARGET\=21.0
    export APPLICATION_EXTENSION_API_ONLY\=NO
    export APPLY_RULES_IN_COPY_FILES\=NO
    export APPLY_RULES_IN_COPY_HEADERS\=NO
    export APP_SHORTCUTS_ENABLE_FLEXIBLE_MATCHING\=YES
    export ARCHS\=arm64
    export ARCHS_BASE\=arm64
    export ARCHS_STANDARD\=arm64
    export ARCHS_STANDARD_32_64_BIT\=armv7\ arm64
    export ARCHS_STANDARD_32_BIT\=armv7
    export ARCHS_STANDARD_64_BIT\=arm64
    export ARCHS_STANDARD_INCLUDING_64_BIT\=arm64
    export ARCHS_UNIVERSAL_IPHONE_OS\=armv7\ arm64
    export ASSETCATALOG_COMPILER_APPICON_NAME\=AppIcon
    export ASSETCATALOG_COMPILER_GLOBAL_ACCENT_COLOR_NAME\=AccentColor
    export ASSETCATALOG_FILTER_FOR_DEVICE_MODEL\=iPhone16,1
    export ASSETCATALOG_FILTER_FOR_DEVICE_OS_VERSION\=26.6
    export ASSETCATALOG_FILTER_FOR_THINNING_DEVICE_CONFIGURATION\=iPhone16,1
    export AUTOMATICALLY_MERGE_DEPENDENCIES\=NO
    export AUTOMATION_APPLE_EVENTS\=NO
    export AVAILABLE_PLATFORMS\=android\ appletvos\ appletvsimulator\ driverkit\ freebsd\ iphoneos\ iphonesimulator\ linux\ macosx\ none\ openbsd\ qnx\ watchos\ watchsimulator\ webassembly\ xros\ xrsimulator
    export BUILD_ACTIVE_RESOURCES_ONLY\=YES
    export BUILD_COMPONENTS\=headers\ build
    export BUILD_DIR\=/Users/jonahmicahinguito/Library/Developer/Xcode/DerivedData/rotaractconnect-cjwcbdlngckcsaantafkjnfzfbdk/Build/Products
    export BUILD_LIBRARY_FOR_DISTRIBUTION\=NO
    export BUILD_ONLY_KNOWN_LOCALIZATIONS\=NO
    export BUILD_ROOT\=/Users/jonahmicahinguito/Library/Developer/Xcode/DerivedData/rotaractconnect-cjwcbdlngckcsaantafkjnfzfbdk/Build/Products
    export BUILD_STYLE\=
    export BUILD_VARIANTS\=normal
    export BUILT_PRODUCTS_DIR\=/Users/jonahmicahinguito/Library/Developer/Xcode/DerivedData/rotaractconnect-cjwcbdlngckcsaantafkjnfzfbdk/Build/Products/Debug-iphoneos/ExpoModulesJSI
    export BUNDLE_CONTENTS_FOLDER_PATH_deep\=Contents/
    export BUNDLE_EXECUTABLE_FOLDER_NAME_deep\=MacOS
    export BUNDLE_EXTENSIONS_FOLDER_PATH\=Extensions
    export BUNDLE_FORMAT\=shallow
    export BUNDLE_FRAMEWORKS_FOLDER_PATH\=Frameworks
    export BUNDLE_PLUGINS_FOLDER_PATH\=PlugIns
    export BUNDLE_PRIVATE_HEADERS_FOLDER_PATH\=PrivateHeaders
    export BUNDLE_PUBLIC_HEADERS_FOLDER_PATH\=Headers
    export CACHE_ROOT\=/var/folders/x6/h59l83fn68l7w5y7z3_3jzh80000gn/C/com.apple.DeveloperTools/26.6-17F113/Xcode
    export CCHROOT\=/var/folders/x6/h59l83fn68l7w5y7z3_3jzh80000gn/C/com.apple.DeveloperTools/26.6-17F113/Xcode
    export CHMOD\=/bin/chmod
    export CHOWN\=chown
    export CLANG_ANALYZER_LOCALIZABILITY_NONLOCALIZED\=YES
    export CLANG_ANALYZER_NONNULL\=YES
    export CLANG_ANALYZER_NUMBER_OBJECT_CONVERSION\=YES_AGGRESSIVE
    export CLANG_CACHE_FINE_GRAINED_OUTPUTS\=YES
    export CLANG_CXX_LANGUAGE_STANDARD\=c++20
    export CLANG_CXX_LIBRARY\=libc++
    export CLANG_ENABLE_EXPLICIT_MODULES\=YES
    export CLANG_ENABLE_MODULES\=YES
    export CLANG_ENABLE_OBJC_ARC\=YES
    export CLANG_ENABLE_OBJC_WEAK\=NO
    export CLANG_MODULES_BUILD_SESSION_FILE\=/Users/jonahmicahinguito/Library/Developer/Xcode/DerivedData/ModuleCache.noindex/Session.modulevalidation
    export CLANG_WARN_BLOCK_CAPTURE_AUTORELEASING\=YES
    export CLANG_WARN_BOOL_CONVERSION\=YES
    export CLANG_WARN_COMMA\=YES
    export CLANG_WARN_CONSTANT_CONVERSION\=YES
    export CLANG_WARN_DEPRECATED_OBJC_IMPLEMENTATIONS\=YES
    export CLANG_WARN_DIRECT_OBJC_ISA_USAGE\=YES_ERROR
    export CLANG_WARN_DOCUMENTATION_COMMENTS\=YES
    export CLANG_WARN_EMPTY_BODY\=YES
    export CLANG_WARN_ENUM_CONVERSION\=YES
    export CLANG_WARN_INFINITE_RECURSION\=YES
    export CLANG_WARN_INT_CONVERSION\=YES
    export CLANG_WARN_NON_LITERAL_NULL_CONVERSION\=YES
    export CLANG_WARN_OBJC_IMPLICIT_RETAIN_SELF\=YES
    export CLANG_WARN_OBJC_LITERAL_CONVERSION\=YES
    export CLANG_WARN_OBJC_ROOT_CLASS\=YES_ERROR
    export CLANG_WARN_QUOTED_INCLUDE_IN_FRAMEWORK_HEADER\=NO
    export CLANG_WARN_RANGE_LOOP_ANALYSIS\=YES
    export CLANG_WARN_STRICT_PROTOTYPES\=YES
    export CLANG_WARN_SUSPICIOUS_MOVE\=YES
    export CLANG_WARN_UNGUARDED_AVAILABILITY\=YES_AGGRESSIVE
    export CLANG_WARN_UNREACHABLE_CODE\=YES
    export CLANG_WARN__DUPLICATE_METHOD_MATCH\=YES
    export CLASS_FILE_DIR\=/Users/jonahmicahinguito/Library/Developer/Xcode/DerivedData/rotaractconnect-cjwcbdlngckcsaantafkjnfzfbdk/Build/Intermediates.noindex/Pods.build/Debug-iphoneos/ExpoModulesJSI.build/JavaClasses
    export CLEAN_PRECOMPS\=YES
    export CLONE_HEADERS\=NO
    export CODESIGNING_FOLDER_PATH\=/Users/jonahmicahinguito/Library/Developer/Xcode/DerivedData/rotaractconnect-cjwcbdlngckcsaantafkjnfzfbdk/Build/Products/Debug-iphoneos/ExpoModulesJSI/
    export CODE_SIGNING_ALLOWED\=NO
    export CODE_SIGNING_REQUIRED\=YES
    export CODE_SIGN_CONTEXT_CLASS\=XCiPhoneOSCodeSignContext
    export CODE_SIGN_IDENTITY\=Apple\ Development
    export CODE_SIGN_INJECT_BASE_ENTITLEMENTS\=YES
    export COLOR_DIAGNOSTICS\=NO
    export COMBINE_HIDPI_IMAGES\=NO
    export COMPILATION_CACHE_CAS_PATH\=/Users/jonahmicahinguito/Library/Developer/Xcode/DerivedData/CompilationCache.noindex
    export COMPILATION_CACHE_KEEP_CAS_DIRECTORY\=YES
    export COMPILER_INDEX_STORE_ENABLE\=Default
    export COMPOSITE_SDK_DIRS\=/Users/jonahmicahinguito/Library/Developer/Xcode/DerivedData/rotaractconnect-cjwcbdlngckcsaantafkjnfzfbdk/Build/Intermediates.noindex/CompositeSDKs
    export COMPRESS_PNG_FILES\=YES
    export CONFIGURATION\=Debug
    export CONFIGURATION_BUILD_DIR\=/Users/jonahmicahinguito/Library/Developer/Xcode/DerivedData/rotaractconnect-cjwcbdlngckcsaantafkjnfzfbdk/Build/Products/Debug-iphoneos/ExpoModulesJSI
    export CONFIGURATION_TEMP_DIR\=/Users/jonahmicahinguito/Library/Developer/Xcode/DerivedData/rotaractconnect-cjwcbdlngckcsaantafkjnfzfbdk/Build/Intermediates.noindex/Pods.build/Debug-iphoneos
    export COPYING_PRESERVES_HFS_DATA\=NO
    export COPY_HEADERS_RUN_UNIFDEF\=NO
    export COPY_PHASE_STRIP\=NO
    export CORRESPONDING_SIMULATOR_PLATFORM_DIR\=/Applications/Xcode.app/Contents/Developer/Platforms/iPhoneSimulator.platform
    export CORRESPONDING_SIMULATOR_PLATFORM_NAME\=iphonesimulator
    export CORRESPONDING_SIMULATOR_SDK_DIR\=/Applications/Xcode.app/Contents/Developer/Platforms/iPhoneSimulator.platform/Developer/SDKs/iPhoneSimulator26.5.sdk
    export CORRESPONDING_SIMULATOR_SDK_NAME\=iphonesimulator26.5
    export CP\=/bin/cp
    export CREATE_INFOPLIST_SECTION_IN_BINARY\=NO
    export CURRENT_ARCH\=undefined_arch
    export CURRENT_VARIANT\=normal
    export DEAD_CODE_STRIPPING\=YES
    export DEBUGGING_SYMBOLS\=YES
    export DEBUG_INFORMATION_FORMAT\=dwarf
    export DEBUG_INFORMATION_VERSION\=compiler-default
    export DEFAULT_COMPILER\=com.apple.compilers.llvm.clang.1_0
    export DEFAULT_DEXT_INSTALL_PATH\=/System/Library/DriverExtensions
    export DEFAULT_KEXT_INSTALL_PATH\=/System/Library/Extensions
    export DEFINES_MODULE\=YES
    export DEPLOYMENT_LOCATION\=NO
    export DEPLOYMENT_POSTPROCESSING\=NO
    export DEPLOYMENT_TARGET_SETTING_NAME\=IPHONEOS_DEPLOYMENT_TARGET
    export DEPLOYMENT_TARGET_SUGGESTED_VALUES\=12.0\ 12.1\ 12.2\ 12.3\ 12.4\ 13.0\ 13.1\ 13.2\ 13.3\ 13.4\ 13.5\ 13.6\ 14.0\ 14.1\ 14.2\ 14.3\ 14.4\ 14.5\ 14.6\ 14.7\ 15.0\ 15.1\ 15.2\ 15.3\ 15.4\ 15.5\ 15.6\ 16.0\ 16.1\ 16.2\ 16.3\ 16.4\ 16.5\ 16.6\ 17.0\ 17.1\ 17.2\ 17.3\ 17.4\ 17.5\ 17.6\ 18.0\ 18.1\ 18.2\ 18.3\ 18.4\ 18.5\ 18.6\ 26.0\ 26.2\ 26.3\ 26.4\ 26.5
    export DERIVED_FILES_DIR\=/Users/jonahmicahinguito/Library/Developer/Xcode/DerivedData/rotaractconnect-cjwcbdlngckcsaantafkjnfzfbdk/Build/Intermediates.noindex/Pods.build/Debug-iphoneos/ExpoModulesJSI.build/DerivedSources
    export DERIVED_FILE_DIR\=/Users/jonahmicahinguito/Library/Developer/Xcode/DerivedData/rotaractconnect-cjwcbdlngckcsaantafkjnfzfbdk/Build/Intermediates.noindex/Pods.build/Debug-iphoneos/ExpoModulesJSI.build/DerivedSources
    export DERIVED_SOURCES_DIR\=/Users/jonahmicahinguito/Library/Developer/Xcode/DerivedData/rotaractconnect-cjwcbdlngckcsaantafkjnfzfbdk/Build/Intermediates.noindex/Pods.build/Debug-iphoneos/ExpoModulesJSI.build/DerivedSources
    export DERIVE_MACCATALYST_PRODUCT_BUNDLE_IDENTIFIER\=NO
    export DEVELOPER_APPLICATIONS_DIR\=/Applications/Xcode.app/Contents/Developer/Applications
    export DEVELOPER_BIN_DIR\=/Applications/Xcode.app/Contents/Developer/usr/bin
    export DEVELOPER_DIR\=/Applications/Xcode.app/Contents/Developer
    export DEVELOPER_FRAMEWORKS_DIR\=/Applications/Xcode.app/Contents/Developer/Library/Frameworks
    export DEVELOPER_FRAMEWORKS_DIR_QUOTED\=/Applications/Xcode.app/Contents/Developer/Library/Frameworks
    export DEVELOPER_LIBRARY_DIR\=/Applications/Xcode.app/Contents/Developer/Library
    export DEVELOPER_SDK_DIR\=/Applications/Xcode.app/Contents/Developer/Platforms/MacOSX.platform/Developer/SDKs
    export DEVELOPER_TOOLS_DIR\=/Applications/Xcode.app/Contents/Developer/Tools
    export DEVELOPER_USR_DIR\=/Applications/Xcode.app/Contents/Developer/usr
    export DEVELOPMENT_LANGUAGE\=en
    export DIAGNOSE_MISSING_TARGET_DEPENDENCIES\=YES
    export DIFF\=/usr/bin/diff
    export DONT_GENERATE_INFOPLIST_FILE\=NO
    export DSTROOT\=/tmp/Pods.dst
    export DT_TOOLCHAIN_DIR\=/Applications/Xcode.app/Contents/Developer/Toolchains/XcodeDefault.xctoolchain
    export DUMP_DEPENDENCIES\=NO
    export DUMP_DEPENDENCIES_OUTPUT_PATH\=/Users/jonahmicahinguito/Library/Developer/Xcode/DerivedData/rotaractconnect-cjwcbdlngckcsaantafkjnfzfbdk/Build/Intermediates.noindex/Pods.build/Debug-iphoneos/ExpoModulesJSI.build/ExpoModulesJSI-BuildDependencyInfo.json
    export DWARF_DSYM_FILE_NAME\=.dSYM
    export DWARF_DSYM_FILE_SHOULD_ACCOMPANY_PRODUCT\=NO
    export DWARF_DSYM_FOLDER_PATH\=/Users/jonahmicahinguito/Library/Developer/Xcode/DerivedData/rotaractconnect-cjwcbdlngckcsaantafkjnfzfbdk/Build/Products/Debug-iphoneos/ExpoModulesJSI
    export DYNAMIC_LIBRARY_EXTENSION\=dylib
    export EAGER_COMPILATION_ALLOW_SCRIPTS\=NO
    export EAGER_LINKING\=NO
    export EFFECTIVE_PLATFORM_NAME\=-iphoneos
    export EFFECTIVE_SWIFT_VERSION\=5
    export EMBEDDED_CONTENT_CONTAINS_SWIFT\=NO
    export EMBEDDED_PROFILE_NAME\=embedded.mobileprovision
    export EMBED_ASSET_PACKS_IN_PRODUCT_BUNDLE\=NO
    export ENABLE_APP_SANDBOX\=NO
    export ENABLE_CODE_COVERAGE\=YES
    export ENABLE_COHORT_ARCHS\=NO
    export ENABLE_CPLUSPLUS_BOUNDS_SAFE_BUFFERS\=NO
    export ENABLE_C_BOUNDS_SAFETY\=NO
    export ENABLE_DEFAULT_HEADER_SEARCH_PATHS\=YES
    export ENABLE_DEFAULT_SEARCH_PATHS\=YES
    export ENABLE_ENHANCED_SECURITY\=NO
    export ENABLE_HARDENED_RUNTIME\=NO
    export ENABLE_HEADER_DEPENDENCIES\=YES
    export ENABLE_INCOMING_NETWORK_CONNECTIONS\=NO
    export ENABLE_ON_DEMAND_RESOURCES\=NO
    export ENABLE_OUTGOING_NETWORK_CONNECTIONS\=NO
    export ENABLE_POINTER_AUTHENTICATION\=NO
    export ENABLE_PREVIEWS\=NO
    export ENABLE_RESOURCE_ACCESS_AUDIO_INPUT\=NO
    export ENABLE_RESOURCE_ACCESS_BLUETOOTH\=NO
    export ENABLE_RESOURCE_ACCESS_CALENDARS\=NO
    export ENABLE_RESOURCE_ACCESS_CAMERA\=NO
    export ENABLE_RESOURCE_ACCESS_CONTACTS\=NO
    export ENABLE_RESOURCE_ACCESS_LOCATION\=NO
    export ENABLE_RESOURCE_ACCESS_PHOTO_LIBRARY\=NO
    export ENABLE_RESOURCE_ACCESS_PRINTING\=NO
    export ENABLE_RESOURCE_ACCESS_USB\=NO
    export ENABLE_SDK_IMPORTS\=NO
    export ENABLE_SECURITY_COMPILER_WARNINGS\=NO
    export ENABLE_STRICT_OBJC_MSGSEND\=YES
    export ENABLE_TESTABILITY\=YES
    export ENABLE_TESTING_SEARCH_PATHS\=NO
    export ENABLE_USER_SCRIPT_SANDBOXING\=NO
    export ENABLE_XOJIT_PREVIEWS\=YES
    export ENFORCE_VALID_ARCHS\=YES
    export ENTITLEMENTS_DESTINATION\=Signature
    export ENTITLEMENTS_REQUIRED\=YES
    export EXCLUDED_INSTALLSRC_SUBDIRECTORY_PATTERNS\=.DS_Store\ .svn\ .git\ .hg\ CVS
    export EXCLUDED_RECURSIVE_SEARCH_PATH_SUBDIRECTORIES\=\*.nib\ \*.lproj\ \*.framework\ \*.gch\ \*.xcode\*\ \*.xcassets\ \*.icon\ \(\*\)\ .DS_Store\ CVS\ .svn\ .git\ .hg\ \*.pbproj\ \*.pbxproj
    export FILE_LIST\=/Users/jonahmicahinguito/Library/Developer/Xcode/DerivedData/rotaractconnect-cjwcbdlngckcsaantafkjnfzfbdk/Build/Intermediates.noindex/Pods.build/Debug-iphoneos/ExpoModulesJSI.build/Objects/LinkFileList
    export FIXED_FILES_DIR\=/Users/jonahmicahinguito/Library/Developer/Xcode/DerivedData/rotaractconnect-cjwcbdlngckcsaantafkjnfzfbdk/Build/Intermediates.noindex/Pods.build/Debug-iphoneos/ExpoModulesJSI.build/FixedFiles
    export FRAMEWORK_SEARCH_PATHS\=\ \"/Users/jonahmicahinguito/dev/rotaract-connect/ios/Pods/../../node_modules/expo-modules-jsi/apple/Products\"\ \"/Users/jonahmicahinguito/dev/rotaract-connect/ios/Pods/hermes-engine/destroot/Library/Frameworks/universal\"\ \"/Users/jonahmicahinguito/Library/Developer/Xcode/DerivedData/rotaractconnect-cjwcbdlngckcsaantafkjnfzfbdk/Build/Products/Debug-iphoneos/XCFrameworkIntermediates/ExpoModulesJSI\"\ \"/Users/jonahmicahinguito/Library/Developer/Xcode/DerivedData/rotaractconnect-cjwcbdlngckcsaantafkjnfzfbdk/Build/Products/Debug-iphoneos/XCFrameworkIntermediates/hermes-engine/Pre-built\"\ \"/Users/jonahmicahinguito/Library/Developer/Xcode/DerivedData/rotaractconnect-cjwcbdlngckcsaantafkjnfzfbdk/Build/Products/Debug-iphoneos/XCFrameworkIntermediates/ExpoModulesJSI\"
    export FRAMEWORK_VERSION\=A
    export FUSE_BUILD_PHASES\=YES
    export FUSE_BUILD_SCRIPT_PHASES\=NO
    export GCC3_VERSION\=3.3
    export GCC_C_LANGUAGE_STANDARD\=gnu11
    export GCC_DYNAMIC_NO_PIC\=NO
    export GCC_NO_COMMON_BLOCKS\=YES
    export GCC_OPTIMIZATION_LEVEL\=0
    export GCC_PFE_FILE_C_DIALECTS\=c\ objective-c\ c++\ objective-c++
    export GCC_PREPROCESSOR_DEFINITIONS\=POD_CONFIGURATION_DEBUG\=1\ DEBUG\=1\ \ COCOAPODS\=1
    export GCC_THUMB_SUPPORT\=YES
    export GCC_TREAT_WARNINGS_AS_ERRORS\=NO
    export GCC_VERSION\=com.apple.compilers.llvm.clang.1_0
    export GCC_VERSION_IDENTIFIER\=com_apple_compilers_llvm_clang_1_0
    export GCC_WARN_64_TO_32_BIT_CONVERSION\=YES
    export GCC_WARN_ABOUT_RETURN_TYPE\=YES_ERROR
    export GCC_WARN_UNDECLARED_SELECTOR\=YES
    export GCC_WARN_UNINITIALIZED_AUTOS\=YES_AGGRESSIVE
    export GCC_WARN_UNUSED_FUNCTION\=YES
    export GCC_WARN_UNUSED_VARIABLE\=YES
    export GENERATED_MODULEMAP_DIR\=/Users/jonahmicahinguito/Library/Developer/Xcode/DerivedData/rotaractconnect-cjwcbdlngckcsaantafkjnfzfbdk/Build/Intermediates.noindex/GeneratedModuleMaps-iphoneos
    export GENERATE_INFOPLIST_FILE\=NO
    export GENERATE_INTERMEDIATE_TEXT_BASED_STUBS\=YES
    export GENERATE_PKGINFO_FILE\=NO
    export GENERATE_PRELINK_OBJECT_FILE\=NO
    export GENERATE_PROFILING_CODE\=NO
    export GENERATE_TEXT_BASED_STUBS\=NO
    export GID\=20
    export GROUP\=staff
    export HEADERMAP_INCLUDES_FLAT_ENTRIES_FOR_TARGET_BEING_BUILT\=YES
    export HEADERMAP_INCLUDES_FRAMEWORK_ENTRIES_FOR_ALL_PRODUCT_TYPES\=YES
    export HEADERMAP_INCLUDES_FRAMEWORK_ENTRIES_FOR_TARGETS_NOT_BEING_BUILT\=YES
    export HEADERMAP_INCLUDES_NONPUBLIC_NONPRIVATE_HEADERS\=YES
    export HEADERMAP_INCLUDES_PROJECT_HEADERS\=YES
    export HEADERMAP_USES_FRAMEWORK_PREFIX_ENTRIES\=YES
    export HEADERMAP_USES_VFS\=YES
    export HEADER_SEARCH_PATHS\=\ \"/Users/jonahmicahinguito/dev/rotaract-connect/ios/Pods/Headers/Public\"\ \"/Users/jonahmicahinguito/dev/rotaract-connect/ios/Pods/Headers/Public/DoubleConversion\"\ \"/Users/jonahmicahinguito/dev/rotaract-connect/ios/Pods/Headers/Public/RCT-Folly\"\ \"/Users/jonahmicahinguito/dev/rotaract-connect/ios/Pods/Headers/Public/React-Core\"\ \"/Users/jonahmicahinguito/dev/rotaract-connect/ios/Pods/Headers/Public/React-callinvoker\"\ \"/Users/jonahmicahinguito/dev/rotaract-connect/ios/Pods/Headers/Public/React-cxxreact\"\ \"/Users/jonahmicahinguito/dev/rotaract-connect/ios/Pods/Headers/Public/React-debug\"\ \"/Users/jonahmicahinguito/dev/rotaract-connect/ios/Pods/Headers/Public/React-featureflags\"\ \"/Users/jonahmicahinguito/dev/rotaract-connect/ios/Pods/Headers/Public/React-hermes\"\ \"/Users/jonahmicahinguito/dev/rotaract-connect/ios/Pods/Headers/Public/React-jserrorhandler\"\ \"/Users/jonahmicahinguito/dev/rotaract-connect/ios/Pods/Headers/Public/React-jsi\"\ \"/Users/jonahmicahinguito/dev/rotaract-connect/ios/Pods/Headers/Public/React-jsiexecutor\"\ \"/Users/jonahmicahinguito/dev/rotaract-connect/ios/Pods/Headers/Public/React-jsinspector\"\ \"/Users/jonahmicahinguito/dev/rotaract-connect/ios/Pods/Headers/Public/React-jsinspectorcdp\"\ \"/Users/jonahmicahinguito/dev/rotaract-connect/ios/Pods/Headers/Public/React-jsinspectornetwork\"\ \"/Users/jonahmicahinguito/dev/rotaract-connect/ios/Pods/Headers/Public/React-jsinspectortracing\"\ \"/Users/jonahmicahinguito/dev/rotaract-connect/ios/Pods/Headers/Public/React-jsitooling\"\ \"/Users/jonahmicahinguito/dev/rotaract-connect/ios/Pods/Headers/Public/React-logger\"\ \"/Users/jonahmicahinguito/dev/rotaract-connect/ios/Pods/Headers/Public/React-oscompat\"\ \"/Users/jonahmicahinguito/dev/rotaract-connect/ios/Pods/Headers/Public/React-perflogger\"\ \"/Users/jonahmicahinguito/dev/rotaract-connect/ios/Pods/Headers/Public/React-performancetimeline\"\ \"/Users/jonahmicahinguito/dev/rotaract-connect/ios/Pods/Headers/Public/React-rendererconsistency\"\ \"/Users/jonahmicahinguito/dev/rotaract-connect/ios/Pods/Headers/Public/React-rendererdebug\"\ \"/Users/jonahmicahinguito/dev/rotaract-connect/ios/Pods/Headers/Public/React-runtimeexecutor\"\ \"/Users/jonahmicahinguito/dev/rotaract-connect/ios/Pods/Headers/Public/React-runtimescheduler\"\ \"/Users/jonahmicahinguito/dev/rotaract-connect/ios/Pods/Headers/Public/React-timing\"\ \"/Users/jonahmicahinguito/dev/rotaract-connect/ios/Pods/Headers/Public/React-utils\"\ \"/Users/jonahmicahinguito/dev/rotaract-connect/ios/Pods/Headers/Public/ReactCommon\"\ \"/Users/jonahmicahinguito/dev/rotaract-connect/ios/Pods/Headers/Public/Yoga\"\ \"/Users/jonahmicahinguito/dev/rotaract-connect/ios/Pods/Headers/Public/boost\"\ \"/Users/jonahmicahinguito/dev/rotaract-connect/ios/Pods/Headers/Public/fast_float\"\ \"/Users/jonahmicahinguito/dev/rotaract-connect/ios/Pods/Headers/Public/fmt\"\ \"/Users/jonahmicahinguito/dev/rotaract-connect/ios/Pods/Headers/Public/glog\"\ \"/Users/jonahmicahinguito/dev/rotaract-connect/ios/Pods/Headers/Public/hermes-engine\"
    export HOME\=/Users/jonahmicahinguito
    export HOST_ARCH\=arm64
    export HOST_PLATFORM\=macosx
    export ICONV\=/usr/bin/iconv
    export IMPLICIT_DEPENDENCY_DOMAIN\=default
    export INDEX_STORE_COMPRESS\=NO
    export INDEX_STORE_ONLY_PROJECT_FILES\=NO
    export INFOPLIST_ENABLE_CFBUNDLEICONS_MERGE\=YES
    export INFOPLIST_EXPAND_BUILD_SETTINGS\=YES
    export INFOPLIST_OUTPUT_FORMAT\=binary
    export INFOPLIST_PREPROCESS\=NO
    export INLINE_PRIVATE_FRAMEWORKS\=NO
    export INSTALLAPI_IGNORE_SKIP_INSTALL\=YES
    export INSTALLHDRS_COPY_PHASE\=NO
    export INSTALLHDRS_SCRIPT_PHASE\=NO
    export INSTALL_DIR\=/tmp/Pods.dst
    export INSTALL_GROUP\=staff
    export INSTALL_MODE_FLAG\=u+w,go-w,a+rX
    export INSTALL_OWNER\=jonahmicahinguito
    export INSTALL_ROOT\=/tmp/Pods.dst
    export IPHONEOS_DEPLOYMENT_TARGET\=16.4
    export IS_UNOPTIMIZED_BUILD\=YES
    export JAVAC_DEFAULT_FLAGS\=-J-Xms64m\ -J-XX:NewSize\=4M\ -J-Dfile.encoding\=UTF8
    export JAVA_APP_STUB\=/System/Library/Frameworks/JavaVM.framework/Resources/MacOS/JavaApplicationStub
    export JAVA_ARCHIVE_CLASSES\=YES
    export JAVA_ARCHIVE_TYPE\=JAR
    export JAVA_COMPILER\=/usr/bin/javac
    export JAVA_FRAMEWORK_RESOURCES_DIRS\=Resources
    export JAVA_JAR_FLAGS\=cv
    export JAVA_SOURCE_SUBDIR\=.
    export JAVA_USE_DEPENDENCIES\=YES
    export JAVA_ZIP_FLAGS\=-urg
    export JIKES_DEFAULT_FLAGS\=+E\ +OLDCSO
    export KASAN_CFLAGS_CLASSIC\=-DKASAN\=1\ -DKASAN_CLASSIC\=1\ -fsanitize\=address\ -mllvm\ -asan-globals-live-support\ -mllvm\ -asan-force-dynamic-shadow
    export KASAN_CFLAGS_TBI\=-DKASAN\=1\ -DKASAN_TBI\=1\ -fsanitize\=kernel-hwaddress\ -mllvm\ -hwasan-recover\=0\ -mllvm\ -hwasan-instrument-atomics\=0\ -mllvm\ -hwasan-instrument-stack\=1\ -mllvm\ -hwasan-generate-tags-with-calls\=1\ -mllvm\ -hwasan-instrument-with-calls\=1\ -mllvm\ -hwasan-use-short-granules\=0\ -mllvm\ -hwasan-memory-access-callback-prefix\=__asan_
    export KASAN_DEFAULT_CFLAGS\=-DKASAN\=1\ -DKASAN_CLASSIC\=1\ -fsanitize\=address\ -mllvm\ -asan-globals-live-support\ -mllvm\ -asan-force-dynamic-shadow
    export KEEP_PRIVATE_EXTERNS\=NO
    export LD_DEPENDENCY_INFO_FILE\=/Users/jonahmicahinguito/Library/Developer/Xcode/DerivedData/rotaractconnect-cjwcbdlngckcsaantafkjnfzfbdk/Build/Intermediates.noindex/Pods.build/Debug-iphoneos/ExpoModulesJSI.build/Objects-normal/undefined_arch/ExpoModulesJSI_dependency_info.dat
    export LD_EXPORT_SYMBOLS\=YES
    export LD_GENERATE_MAP_FILE\=NO
    export LD_MAP_FILE_PATH\=/Users/jonahmicahinguito/Library/Developer/Xcode/DerivedData/rotaractconnect-cjwcbdlngckcsaantafkjnfzfbdk/Build/Intermediates.noindex/Pods.build/Debug-iphoneos/ExpoModulesJSI.build/ExpoModulesJSI-LinkMap-normal-undefined_arch.txt
    export LD_NO_PIE\=NO
    export LD_QUOTE_LINKER_ARGUMENTS_FOR_COMPILER_DRIVER\=YES
    export LD_RUNPATH_SEARCH_PATHS\=\ @executable_path/Frameworks
    export LD_SHARED_CACHE_ELIGIBLE\=Automatic
    export LD_WARN_DUPLICATE_LIBRARIES\=NO
    export LD_WARN_UNUSED_DYLIBS\=NO
    export LEGACY_DEVELOPER_DIR\=/Applications/Xcode.app/Contents/PlugIns/Xcode3Core.ideplugin/Contents/SharedSupport/Developer
    export LEX\=lex
    export LIBRARY_DEXT_INSTALL_PATH\=/Library/DriverExtensions
    export LIBRARY_FLAG_NOSPACE\=YES
    export LIBRARY_KEXT_INSTALL_PATH\=/Library/Extensions
    export LINKER_DISPLAYS_MANGLED_NAMES\=NO
    export LINK_FILE_LIST_normal_arm64\=/Users/jonahmicahinguito/Library/Developer/Xcode/DerivedData/rotaractconnect-cjwcbdlngckcsaantafkjnfzfbdk/Build/Intermediates.noindex/Pods.build/Debug-iphoneos/ExpoModulesJSI.build/Objects-normal/arm64/ExpoModulesJSI.LinkFileList
    export LINK_OBJC_RUNTIME\=YES
    export LINK_WITH_STANDARD_LIBRARIES\=YES
    export LLVM_TARGET_TRIPLE_OS_VERSION\=ios16.4
    export LLVM_TARGET_TRIPLE_VENDOR\=apple
    export LM_AUX_CONST_METADATA_LIST_PATH_normal_arm64\=/Users/jonahmicahinguito/Library/Developer/Xcode/DerivedData/rotaractconnect-cjwcbdlngckcsaantafkjnfzfbdk/Build/Intermediates.noindex/Pods.build/Debug-iphoneos/ExpoModulesJSI.build/Objects-normal/arm64/ExpoModulesJSI.SwiftConstValuesFileList
    export LOCALIZATION_EXPORT_SUPPORTED\=YES
    export LOCALIZATION_PREFERS_STRING_CATALOGS\=NO
    export LOCALIZED_STRING_CODE_COMMENTS\=NO
    export LOCALIZED_STRING_MACRO_NAMES\=NSLocalizedString\ CFCopyLocalizedString
    export LOCALIZED_STRING_SWIFTUI_SUPPORT\=YES
    export LOCAL_ADMIN_APPS_DIR\=/Applications/Utilities
    export LOCAL_APPS_DIR\=/Applications
    export LOCAL_DEVELOPER_DIR\=/Library/Developer
    export LOCAL_LIBRARY_DIR\=/Library
    export LOCROOT\=/Users/jonahmicahinguito/dev/rotaract-connect/ios/Pods
    export LOCSYMROOT\=/Users/jonahmicahinguito/dev/rotaract-connect/ios/Pods
    export MAC_OS_X_PRODUCT_BUILD_VERSION\=25F84
    export MAC_OS_X_VERSION_ACTUAL\=260502
    export MAC_OS_X_VERSION_MAJOR\=260000
    export MAC_OS_X_VERSION_MINOR\=260500
    export MAKE_MERGEABLE\=NO
    export MERGEABLE_LIBRARY\=NO
    export MERGED_BINARY_TYPE\=none
    export MERGE_LINKED_LIBRARIES\=NO
    export METAL_LIBRARY_FILE_BASE\=default
    export METAL_LIBRARY_OUTPUT_DIR\=/Users/jonahmicahinguito/Library/Developer/Xcode/DerivedData/rotaractconnect-cjwcbdlngckcsaantafkjnfzfbdk/Build/Products/Debug-iphoneos/ExpoModulesJSI/
    export MODULE_CACHE_DIR\=/Users/jonahmicahinguito/Library/Developer/Xcode/DerivedData/ModuleCache.noindex
    export MTL_ENABLE_DEBUG_INFO\=INCLUDE_SOURCE
    export MTL_FAST_MATH\=YES
    export NATIVE_ARCH\=arm64
    export NATIVE_ARCH_32_BIT\=arm
    export NATIVE_ARCH_64_BIT\=arm64
    export NATIVE_ARCH_ACTUAL\=arm64
    export NO_COMMON\=YES
    export OBJECT_FILE_DIR\=/Users/jonahmicahinguito/Library/Developer/Xcode/DerivedData/rotaractconnect-cjwcbdlngckcsaantafkjnfzfbdk/Build/Intermediates.noindex/Pods.build/Debug-iphoneos/ExpoModulesJSI.build/Objects
    export OBJECT_FILE_DIR_normal\=/Users/jonahmicahinguito/Library/Developer/Xcode/DerivedData/rotaractconnect-cjwcbdlngckcsaantafkjnfzfbdk/Build/Intermediates.noindex/Pods.build/Debug-iphoneos/ExpoModulesJSI.build/Objects-normal
    export OBJROOT\=/Users/jonahmicahinguito/Library/Developer/Xcode/DerivedData/rotaractconnect-cjwcbdlngckcsaantafkjnfzfbdk/Build/Intermediates.noindex
    export ONLY_ACTIVE_ARCH\=YES
    export OS\=MACOS
    export OSAC\=/usr/bin/osacompile
    export OTHER_CFLAGS\=\ -DRCT_REMOVE_LEGACY_ARCH\=1\ -fmodule-map-file\=\"/Users/jonahmicahinguito/dev/rotaract-connect/ios/Pods/Headers/Private/glog/glog.modulemap\"\ -fmodule-map-file\=\"/Users/jonahmicahinguito/dev/rotaract-connect/ios/Pods/Headers/Public/DoubleConversion/DoubleConversion.modulemap\"\ -fmodule-map-file\=\"/Users/jonahmicahinguito/dev/rotaract-connect/ios/Pods/Headers/Public/RCTDeprecation/RCTDeprecation.modulemap\"\ -fmodule-map-file\=\"/Users/jonahmicahinguito/dev/rotaract-connect/ios/Pods/Headers/Public/React/React-Core.modulemap\"\ -fmodule-map-file\=\"/Users/jonahmicahinguito/dev/rotaract-connect/ios/Pods/Headers/Public/ReactCommon/ReactCommon.modulemap\"\ -fmodule-map-file\=\"/Users/jonahmicahinguito/dev/rotaract-connect/ios/Pods/Headers/Public/React_runtimeexecutor/React-runtimeexecutor.modulemap\"\ -fmodule-map-file\=\"/Users/jonahmicahinguito/dev/rotaract-connect/ios/Pods/Headers/Public/SocketRocket/SocketRocket.modulemap\"\ -fmodule-map-file\=\"/Users/jonahmicahinguito/dev/rotaract-connect/ios/Pods/Headers/Public/fmt/fmt.modulemap\"\ -fmodule-map-file\=\"/Users/jonahmicahinguito/dev/rotaract-connect/ios/Pods/Headers/Public/folly/RCT-Folly.modulemap\"\ -fmodule-map-file\=\"/Users/jonahmicahinguito/dev/rotaract-connect/ios/Pods/Headers/Public/jsi/React-jsi.modulemap\"\ -fmodule-map-file\=\"/Users/jonahmicahinguito/dev/rotaract-connect/ios/Pods/Headers/Public/jsinspector_modern/React-jsinspector.modulemap\"\ -fmodule-map-file\=\"/Users/jonahmicahinguito/dev/rotaract-connect/ios/Pods/Headers/Public/jsinspector_modern_cdp/React-jsinspectorcdp.modulemap\"\ -fmodule-map-file\=\"/Users/jonahmicahinguito/dev/rotaract-connect/ios/Pods/Headers/Public/jsinspector_modern_network/React-jsinspectornetwork.modulemap\"\ -fmodule-map-file\=\"/Users/jonahmicahinguito/dev/rotaract-connect/ios/Pods/Headers/Public/jsinspector_modern_tracing/React-jsinspectortracing.modulemap\"\ -fmodule-map-file\=\"/Users/jonahmicahinguito/dev/rotaract-connect/ios/Pods/Headers/Public/react_debug/React-debug.modulemap\"\ -fmodule-map-file\=\"/Users/jonahmicahinguito/dev/rotaract-connect/ios/Pods/Headers/Public/react_featureflags/React-featureflags.modulemap\"\ -fmodule-map-file\=\"/Users/jonahmicahinguito/dev/rotaract-connect/ios/Pods/Headers/Public/react_renderer_debug/React-rendererdebug.modulemap\"\ -fmodule-map-file\=\"/Users/jonahmicahinguito/dev/rotaract-connect/ios/Pods/Headers/Public/react_runtime/React-jsitooling.modulemap\"\ -fmodule-map-file\=\"/Users/jonahmicahinguito/dev/rotaract-connect/ios/Pods/Headers/Public/react_utils/React-utils.modulemap\"\ -fmodule-map-file\=\"/Users/jonahmicahinguito/dev/rotaract-connect/ios/Pods/Headers/Public/reacthermes/React-hermes.modulemap\"\ -fmodule-map-file\=\"/Users/jonahmicahinguito/dev/rotaract-connect/ios/Pods/Headers/Public/yoga/Yoga.modulemap\"
    export OTHER_CPLUSPLUSFLAGS\=\ -DRCT_REMOVE_LEGACY_ARCH\=1\ -fmodule-map-file\=\"/Users/jonahmicahinguito/dev/rotaract-connect/ios/Pods/Headers/Private/glog/glog.modulemap\"\ -fmodule-map-file\=\"/Users/jonahmicahinguito/dev/rotaract-connect/ios/Pods/Headers/Public/DoubleConversion/DoubleConversion.modulemap\"\ -fmodule-map-file\=\"/Users/jonahmicahinguito/dev/rotaract-connect/ios/Pods/Headers/Public/RCTDeprecation/RCTDeprecation.modulemap\"\ -fmodule-map-file\=\"/Users/jonahmicahinguito/dev/rotaract-connect/ios/Pods/Headers/Public/React/React-Core.modulemap\"\ -fmodule-map-file\=\"/Users/jonahmicahinguito/dev/rotaract-connect/ios/Pods/Headers/Public/ReactCommon/ReactCommon.modulemap\"\ -fmodule-map-file\=\"/Users/jonahmicahinguito/dev/rotaract-connect/ios/Pods/Headers/Public/React_runtimeexecutor/React-runtimeexecutor.modulemap\"\ -fmodule-map-file\=\"/Users/jonahmicahinguito/dev/rotaract-connect/ios/Pods/Headers/Public/SocketRocket/SocketRocket.modulemap\"\ -fmodule-map-file\=\"/Users/jonahmicahinguito/dev/rotaract-connect/ios/Pods/Headers/Public/fmt/fmt.modulemap\"\ -fmodule-map-file\=\"/Users/jonahmicahinguito/dev/rotaract-connect/ios/Pods/Headers/Public/folly/RCT-Folly.modulemap\"\ -fmodule-map-file\=\"/Users/jonahmicahinguito/dev/rotaract-connect/ios/Pods/Headers/Public/jsi/React-jsi.modulemap\"\ -fmodule-map-file\=\"/Users/jonahmicahinguito/dev/rotaract-connect/ios/Pods/Headers/Public/jsinspector_modern/React-jsinspector.modulemap\"\ -fmodule-map-file\=\"/Users/jonahmicahinguito/dev/rotaract-connect/ios/Pods/Headers/Public/jsinspector_modern_cdp/React-jsinspectorcdp.modulemap\"\ -fmodule-map-file\=\"/Users/jonahmicahinguito/dev/rotaract-connect/ios/Pods/Headers/Public/jsinspector_modern_network/React-jsinspectornetwork.modulemap\"\ -fmodule-map-file\=\"/Users/jonahmicahinguito/dev/rotaract-connect/ios/Pods/Headers/Public/jsinspector_modern_tracing/React-jsinspectortracing.modulemap\"\ -fmodule-map-file\=\"/Users/jonahmicahinguito/dev/rotaract-connect/ios/Pods/Headers/Public/react_debug/React-debug.modulemap\"\ -fmodule-map-file\=\"/Users/jonahmicahinguito/dev/rotaract-connect/ios/Pods/Headers/Public/react_featureflags/React-featureflags.modulemap\"\ -fmodule-map-file\=\"/Users/jonahmicahinguito/dev/rotaract-connect/ios/Pods/Headers/Public/react_renderer_debug/React-rendererdebug.modulemap\"\ -fmodule-map-file\=\"/Users/jonahmicahinguito/dev/rotaract-connect/ios/Pods/Headers/Public/react_runtime/React-jsitooling.modulemap\"\ -fmodule-map-file\=\"/Users/jonahmicahinguito/dev/rotaract-connect/ios/Pods/Headers/Public/react_utils/React-utils.modulemap\"\ -fmodule-map-file\=\"/Users/jonahmicahinguito/dev/rotaract-connect/ios/Pods/Headers/Public/reacthermes/React-hermes.modulemap\"\ -fmodule-map-file\=\"/Users/jonahmicahinguito/dev/rotaract-connect/ios/Pods/Headers/Public/yoga/Yoga.modulemap\"\ -DRCT_REMOVE_LEGACY_ARCH\=1
    export OTHER_SWIFT_FLAGS\=\ -D\ COCOAPODS\ -Xcc\ -fmodule-map-file\=\"/Users/jonahmicahinguito/dev/rotaract-connect/ios/Pods/Headers/Private/glog/glog.modulemap\"\ -Xcc\ -fmodule-map-file\=\"/Users/jonahmicahinguito/dev/rotaract-connect/ios/Pods/Headers/Public/DoubleConversion/DoubleConversion.modulemap\"\ -Xcc\ -fmodule-map-file\=\"/Users/jonahmicahinguito/dev/rotaract-connect/ios/Pods/Headers/Public/RCTDeprecation/RCTDeprecation.modulemap\"\ -Xcc\ -fmodule-map-file\=\"/Users/jonahmicahinguito/dev/rotaract-connect/ios/Pods/Headers/Public/React/React-Core.modulemap\"\ -Xcc\ -fmodule-map-file\=\"/Users/jonahmicahinguito/dev/rotaract-connect/ios/Pods/Headers/Public/ReactCommon/ReactCommon.modulemap\"\ -Xcc\ -fmodule-map-file\=\"/Users/jonahmicahinguito/dev/rotaract-connect/ios/Pods/Headers/Public/React_runtimeexecutor/React-runtimeexecutor.modulemap\"\ -Xcc\ -fmodule-map-file\=\"/Users/jonahmicahinguito/dev/rotaract-connect/ios/Pods/Headers/Public/SocketRocket/SocketRocket.modulemap\"\ -Xcc\ -fmodule-map-file\=\"/Users/jonahmicahinguito/dev/rotaract-connect/ios/Pods/Headers/Public/fmt/fmt.modulemap\"\ -Xcc\ -fmodule-map-file\=\"/Users/jonahmicahinguito/dev/rotaract-connect/ios/Pods/Headers/Public/folly/RCT-Folly.modulemap\"\ -Xcc\ -fmodule-map-file\=\"/Users/jonahmicahinguito/dev/rotaract-connect/ios/Pods/Headers/Public/jsi/React-jsi.modulemap\"\ -Xcc\ -fmodule-map-file\=\"/Users/jonahmicahinguito/dev/rotaract-connect/ios/Pods/Headers/Public/jsinspector_modern/React-jsinspector.modulemap\"\ -Xcc\ -fmodule-map-file\=\"/Users/jonahmicahinguito/dev/rotaract-connect/ios/Pods/Headers/Public/jsinspector_modern_cdp/React-jsinspectorcdp.modulemap\"\ -Xcc\ -fmodule-map-file\=\"/Users/jonahmicahinguito/dev/rotaract-connect/ios/Pods/Headers/Public/jsinspector_modern_network/React-jsinspectornetwork.modulemap\"\ -Xcc\ -fmodule-map-file\=\"/Users/jonahmicahinguito/dev/rotaract-connect/ios/Pods/Headers/Public/jsinspector_modern_tracing/React-jsinspectortracing.modulemap\"\ -Xcc\ -fmodule-map-file\=\"/Users/jonahmicahinguito/dev/rotaract-connect/ios/Pods/Headers/Public/react_debug/React-debug.modulemap\"\ -Xcc\ -fmodule-map-file\=\"/Users/jonahmicahinguito/dev/rotaract-connect/ios/Pods/Headers/Public/react_featureflags/React-featureflags.modulemap\"\ -Xcc\ -fmodule-map-file\=\"/Users/jonahmicahinguito/dev/rotaract-connect/ios/Pods/Headers/Public/react_renderer_debug/React-rendererdebug.modulemap\"\ -Xcc\ -fmodule-map-file\=\"/Users/jonahmicahinguito/dev/rotaract-connect/ios/Pods/Headers/Public/react_runtime/React-jsitooling.modulemap\"\ -Xcc\ -fmodule-map-file\=\"/Users/jonahmicahinguito/dev/rotaract-connect/ios/Pods/Headers/Public/react_utils/React-utils.modulemap\"\ -Xcc\ -fmodule-map-file\=\"/Users/jonahmicahinguito/dev/rotaract-connect/ios/Pods/Headers/Public/reacthermes/React-hermes.modulemap\"\ -Xcc\ -fmodule-map-file\=\"/Users/jonahmicahinguito/dev/rotaract-connect/ios/Pods/Headers/Public/yoga/Yoga.modulemap\"\ -import-underlying-module\ -Xcc\ -fmodule-map-file\=\"/Users/jonahmicahinguito/dev/rotaract-connect/ios/Pods/\"\ -Xfrontend\ -disable-autolink-framework\ -Xfrontend\ SwiftUICore
    export PASCAL_STRINGS\=YES
    export PATH\=/Applications/Xcode.app/Contents/SharedFrameworks/SwiftBuild.framework/Versions/A/PlugIns/SWBBuildService.bundle/Contents/PlugIns/SWBUniversalPlatformPlugin.bundle/Contents/Frameworks/SWBUniversalPlatform.framework/Resources:/Applications/Xcode.app/Contents/Developer/Toolchains/XcodeDefault.xctoolchain/usr/bin:/Applications/Xcode.app/Contents/Developer/Toolchains/XcodeDefault.xctoolchain/usr/local/bin:/Applications/Xcode.app/Contents/Developer/Toolchains/XcodeDefault.xctoolchain/usr/libexec:/Applications/Xcode.app/Contents/Developer/Platforms/iPhoneOS.platform/usr/bin:/Applications/Xcode.app/Contents/Developer/Platforms/iPhoneOS.platform/usr/local/bin:/Applications/Xcode.app/Contents/Developer/Platforms/iPhoneOS.platform/Developer/usr/bin:/Applications/Xcode.app/Contents/Developer/Platforms/iPhoneOS.platform/Developer/usr/local/bin:/Applications/Xcode.app/Contents/Developer/usr/bin:/Applications/Xcode.app/Contents/Developer/usr/local/bin:/usr/local/bin:/usr/bin:/bin:/usr/sbin:/sbin
    export PATH_PREFIXES_EXCLUDED_FROM_HEADER_DEPENDENCIES\=/usr/include\ /usr/local/include\ /System/Library/Frameworks\ /System/Library/PrivateFrameworks\ /Applications/Xcode.app/Contents/Developer/Headers\ /Applications/Xcode.app/Contents/Developer/SDKs\ /Applications/Xcode.app/Contents/Developer/Platforms
    export PER_ARCH_MODULE_FILE_DIR\=/Users/jonahmicahinguito/Library/Developer/Xcode/DerivedData/rotaractconnect-cjwcbdlngckcsaantafkjnfzfbdk/Build/Intermediates.noindex/Pods.build/Debug-iphoneos/ExpoModulesJSI.build/Objects-normal/undefined_arch
    export PER_ARCH_OBJECT_FILE_DIR\=/Users/jonahmicahinguito/Library/Developer/Xcode/DerivedData/rotaractconnect-cjwcbdlngckcsaantafkjnfzfbdk/Build/Intermediates.noindex/Pods.build/Debug-iphoneos/ExpoModulesJSI.build/Objects-normal/undefined_arch
    export PER_VARIANT_OBJECT_FILE_DIR\=/Users/jonahmicahinguito/Library/Developer/Xcode/DerivedData/rotaractconnect-cjwcbdlngckcsaantafkjnfzfbdk/Build/Intermediates.noindex/Pods.build/Debug-iphoneos/ExpoModulesJSI.build/Objects-normal
    export PKGINFO_FILE_PATH\=/Users/jonahmicahinguito/Library/Developer/Xcode/DerivedData/rotaractconnect-cjwcbdlngckcsaantafkjnfzfbdk/Build/Intermediates.noindex/Pods.build/Debug-iphoneos/ExpoModulesJSI.build/PkgInfo
    export PLATFORM_DEVELOPER_APPLICATIONS_DIR\=/Applications/Xcode.app/Contents/Developer/Platforms/iPhoneOS.platform/Developer/Applications
    export PLATFORM_DEVELOPER_BIN_DIR\=/Applications/Xcode.app/Contents/Developer/Platforms/iPhoneOS.platform/Developer/usr/bin
    export PLATFORM_DEVELOPER_LIBRARY_DIR\=/Applications/Xcode.app/Contents/Developer/Platforms/iPhoneOS.platform/Developer/Library
    export PLATFORM_DEVELOPER_SDK_DIR\=/Applications/Xcode.app/Contents/Developer/Platforms/iPhoneOS.platform/Developer/SDKs
    export PLATFORM_DEVELOPER_TOOLS_DIR\=/Applications/Xcode.app/Contents/Developer/Platforms/iPhoneOS.platform/Developer/Tools
    export PLATFORM_DEVELOPER_USR_DIR\=/Applications/Xcode.app/Contents/Developer/Platforms/iPhoneOS.platform/Developer/usr
    export PLATFORM_DIR\=/Applications/Xcode.app/Contents/Developer/Platforms/iPhoneOS.platform
    export PLATFORM_DISPLAY_NAME\=iOS
    export PLATFORM_FAMILY_NAME\=iOS
    export PLATFORM_NAME\=iphoneos
    export PLATFORM_PREFERRED_ARCH\=arm64
    export PLATFORM_PRODUCT_BUILD_VERSION\=23F81a
    export PLATFORM_REQUIRES_SWIFT_AUTOLINK_EXTRACT\=NO
    export PLATFORM_REQUIRES_SWIFT_MODULEWRAP\=NO
    export PLATFORM_USES_DSYMS\=YES
    export PLIST_FILE_OUTPUT_FORMAT\=binary
    export PODFILE_DIR\=/Users/jonahmicahinguito/dev/rotaract-connect/ios/Pods/..
    export PODS_BUILD_DIR\=/Users/jonahmicahinguito/Library/Developer/Xcode/DerivedData/rotaractconnect-cjwcbdlngckcsaantafkjnfzfbdk/Build/Products
    export PODS_CONFIGURATION_BUILD_DIR\=/Users/jonahmicahinguito/Library/Developer/Xcode/DerivedData/rotaractconnect-cjwcbdlngckcsaantafkjnfzfbdk/Build/Products/Debug-iphoneos
    export PODS_DEVELOPMENT_LANGUAGE\=en
    export PODS_ROOT\=/Users/jonahmicahinguito/dev/rotaract-connect/ios/Pods
    export PODS_TARGET_SRCROOT\=/Users/jonahmicahinguito/dev/rotaract-connect/ios/Pods/../../node_modules/expo-modules-jsi/apple
    export PODS_XCFRAMEWORKS_BUILD_DIR\=/Users/jonahmicahinguito/Library/Developer/Xcode/DerivedData/rotaractconnect-cjwcbdlngckcsaantafkjnfzfbdk/Build/Products/Debug-iphoneos/XCFrameworkIntermediates
    export PRECOMPS_INCLUDE_HEADERS_FROM_BUILT_PRODUCTS_DIR\=YES
    export PRECOMP_DESTINATION_DIR\=/Users/jonahmicahinguito/Library/Developer/Xcode/DerivedData/rotaractconnect-cjwcbdlngckcsaantafkjnfzfbdk/Build/Intermediates.noindex/Pods.build/Debug-iphoneos/ExpoModulesJSI.build/PrefixHeaders
    export PROCESSED_INFOPLIST_PATH\=/Users/jonahmicahinguito/Library/Developer/Xcode/DerivedData/rotaractconnect-cjwcbdlngckcsaantafkjnfzfbdk/Build/Intermediates.noindex/Pods.build/Debug-iphoneos/ExpoModulesJSI.build/Objects-normal/undefined_arch/Processed-Info.plist
    export PRODUCT_BUNDLE_IDENTIFIER\=org.cocoapods.ExpoModulesJSI
    export PRODUCT_MODULE_NAME\=ExpoModulesJSI
    export PRODUCT_NAME\=ExpoModulesJSI
    export PRODUCT_SETTINGS_PATH\=
    export PROFILING_CODE\=NO
    export PROJECT\=Pods
    export PROJECT_DERIVED_FILE_DIR\=/Users/jonahmicahinguito/Library/Developer/Xcode/DerivedData/rotaractconnect-cjwcbdlngckcsaantafkjnfzfbdk/Build/Intermediates.noindex/Pods.build/DerivedSources
    export PROJECT_DIR\=/Users/jonahmicahinguito/dev/rotaract-connect/ios/Pods
    export PROJECT_FILE_PATH\=/Users/jonahmicahinguito/dev/rotaract-connect/ios/Pods/Pods.xcodeproj
    export PROJECT_GUID\=8699adb1dd336b26511df848a716bd42
    export PROJECT_NAME\=Pods
    export PROJECT_TEMP_DIR\=/Users/jonahmicahinguito/Library/Developer/Xcode/DerivedData/rotaractconnect-cjwcbdlngckcsaantafkjnfzfbdk/Build/Intermediates.noindex/Pods.build
    export PROJECT_TEMP_ROOT\=/Users/jonahmicahinguito/Library/Developer/Xcode/DerivedData/rotaractconnect-cjwcbdlngckcsaantafkjnfzfbdk/Build/Intermediates.noindex
    export REACT_NATIVE_PATH\=/Users/jonahmicahinguito/dev/rotaract-connect/ios/Pods/../../node_modules/react-native
    export RECOMMENDED_IPHONEOS_DEPLOYMENT_TARGET\=15.0
    export RECURSIVE_SEARCH_PATHS_FOLLOW_SYMLINKS\=YES
    export REMOVE_CVS_FROM_RESOURCES\=YES
    export REMOVE_GIT_FROM_RESOURCES\=YES
    export REMOVE_HEADERS_FROM_EMBEDDED_BUNDLES\=YES
    export REMOVE_HG_FROM_RESOURCES\=YES
    export REMOVE_STATIC_EXECUTABLES_FROM_EMBEDDED_BUNDLES\=YES
    export REMOVE_SVN_FROM_RESOURCES\=YES
    export RESCHEDULE_INDEPENDENT_HEADERS_PHASES\=YES
    export REZ_COLLECTOR_DIR\=/Users/jonahmicahinguito/Library/Developer/Xcode/DerivedData/rotaractconnect-cjwcbdlngckcsaantafkjnfzfbdk/Build/Intermediates.noindex/Pods.build/Debug-iphoneos/ExpoModulesJSI.build/ResourceManagerResources
    export REZ_OBJECTS_DIR\=/Users/jonahmicahinguito/Library/Developer/Xcode/DerivedData/rotaractconnect-cjwcbdlngckcsaantafkjnfzfbdk/Build/Intermediates.noindex/Pods.build/Debug-iphoneos/ExpoModulesJSI.build/ResourceManagerResources/Objects
    export RPATH_ORIGIN\=@loader_path
    export RUNTIME_EXCEPTION_ALLOW_DYLD_ENVIRONMENT_VARIABLES\=NO
    export RUNTIME_EXCEPTION_ALLOW_JIT\=NO
    export RUNTIME_EXCEPTION_ALLOW_UNSIGNED_EXECUTABLE_MEMORY\=NO
    export RUNTIME_EXCEPTION_DEBUGGING_TOOL\=NO
    export RUNTIME_EXCEPTION_DISABLE_EXECUTABLE_PAGE_PROTECTION\=NO
    export RUNTIME_EXCEPTION_DISABLE_LIBRARY_VALIDATION\=NO
    export SCANNING_PCM_KEEP_CACHE_DIRECTORY\=YES
    export SCAN_ALL_SOURCE_FILES_FOR_INCLUDES\=NO
    export SCRIPT_INPUT_FILE_COUNT\=0
    export SCRIPT_INPUT_FILE_LIST_COUNT\=0
    export SCRIPT_OUTPUT_FILE_COUNT\=0
    export SCRIPT_OUTPUT_FILE_LIST_COUNT\=0
    export SDKROOT\=/Applications/Xcode.app/Contents/Developer/Platforms/iPhoneOS.platform/Developer/SDKs/iPhoneOS26.5.sdk
    export SDK_DIR\=/Applications/Xcode.app/Contents/Developer/Platforms/iPhoneOS.platform/Developer/SDKs/iPhoneOS26.5.sdk
    export SDK_DIR_iphoneos\=/Applications/Xcode.app/Contents/Developer/Platforms/iPhoneOS.platform/Developer/SDKs/iPhoneOS26.5.sdk
    export SDK_DIR_iphoneos26_5\=/Applications/Xcode.app/Contents/Developer/Platforms/iPhoneOS.platform/Developer/SDKs/iPhoneOS26.5.sdk
    export SDK_NAME\=iphoneos26.5
    export SDK_NAMES\=iphoneos26.5
    export SDK_PRODUCT_BUILD_VERSION\=23F81a
    export SDK_STAT_CACHE_DIR\=/Users/jonahmicahinguito/Library/Developer/Xcode/DerivedData
    export SDK_STAT_CACHE_ENABLE\=YES
    export SDK_STAT_CACHE_PATH\=/Users/jonahmicahinguito/Library/Developer/Xcode/DerivedData/SDKStatCaches.noindex/iphoneos26.5-23F81a-32daed1954a7d5dd0789fcaf2a9bb78b.sdkstatcache
    export SDK_VERSION\=26.5
    export SDK_VERSION_ACTUAL\=260500
    export SDK_VERSION_MAJOR\=260000
    export SDK_VERSION_MINOR\=260500
    export SED\=/usr/bin/sed
    export SEPARATE_STRIP\=NO
    export SEPARATE_SYMBOL_EDIT\=NO
    export SET_DIR_MODE_OWNER_GROUP\=YES
    export SET_FILE_MODE_OWNER_GROUP\=NO
    export SHALLOW_BUNDLE\=NO
    export SHARED_DERIVED_FILE_DIR\=/Users/jonahmicahinguito/Library/Developer/Xcode/DerivedData/rotaractconnect-cjwcbdlngckcsaantafkjnfzfbdk/Build/Products/Debug-iphoneos/ExpoModulesJSI/DerivedSources
    export SHARED_PRECOMPS_DIR\=/Users/jonahmicahinguito/Library/Developer/Xcode/DerivedData/rotaractconnect-cjwcbdlngckcsaantafkjnfzfbdk/Build/Intermediates.noindex/PrecompiledHeaders
    export SKIP_INSTALL\=YES
    export SKIP_MERGEABLE_LIBRARY_BUNDLE_HOOK\=NO
    export SOURCE_ROOT\=/Users/jonahmicahinguito/dev/rotaract-connect/ios/Pods
    export SRCROOT\=/Users/jonahmicahinguito/dev/rotaract-connect/ios/Pods
    export STRINGSDATA_DIR\=/Users/jonahmicahinguito/Library/Developer/Xcode/DerivedData/rotaractconnect-cjwcbdlngckcsaantafkjnfzfbdk/Build/Intermediates.noindex/Pods.build/Debug-iphoneos/ExpoModulesJSI.build/Objects-normal/undefined_arch
    export STRINGSDATA_ROOT\=/Users/jonahmicahinguito/Library/Developer/Xcode/DerivedData/rotaractconnect-cjwcbdlngckcsaantafkjnfzfbdk/Build/Intermediates.noindex/Pods.build/Debug-iphoneos/ExpoModulesJSI.build
    export STRINGS_FILE_INFOPLIST_RENAME\=YES
    export STRINGS_FILE_OUTPUT_ENCODING\=binary
    export STRING_CATALOG_GENERATE_SYMBOLS\=NO
    export STRIP_BITCODE_FROM_COPIED_FILES\=YES
    export STRIP_INSTALLED_PRODUCT\=NO
    export STRIP_STYLE\=all
    export STRIP_SWIFT_SYMBOLS\=YES
    export SUPPORTED_DEVICE_FAMILIES\=1,2
    export SUPPORTED_PLATFORMS\=iphoneos\ iphonesimulator
    export SUPPORTS_MACCATALYST\=YES
    export SUPPORTS_MAC_DESIGNED_FOR_IPHONE_IPAD\=YES
    export SUPPORTS_TEXT_BASED_API\=NO
    export SUPPORTS_XR_DESIGNED_FOR_IPHONE_IPAD\=YES
    export SUPPRESS_WARNINGS\=NO
    export SWIFT_ACTIVE_COMPILATION_CONDITIONS\=\ DEBUG
    export SWIFT_EMIT_CONST_VALUE_PROTOCOLS\=AnyResolverProviding\ AppEntity\ AppEnum\ AppExtension\ AppIntent\ AppIntentsPackage\ AppShortcutProviding\ AppShortcutsProvider\ AppUnionValue\ AppUnionValueCasesProviding\ DynamicOptionsProvider\ EntityQuery\ ExtensionPointDefining\ IntentValueQuery\ Resolver\ TransientEntity\ _AssistantIntentsProvider\ _GenerativeFunctionExtractable\ _IntentValueRepresentable
    export SWIFT_EMIT_LOC_STRINGS\=NO
    export SWIFT_ENABLE_EXPLICIT_MODULES\=NO
    export SWIFT_OPTIMIZATION_LEVEL\=-Onone
    export SWIFT_PLATFORM_TARGET_PREFIX\=ios
    export SWIFT_RESPONSE_FILE_PATH_normal_arm64\=/Users/jonahmicahinguito/Library/Developer/Xcode/DerivedData/rotaractconnect-cjwcbdlngckcsaantafkjnfzfbdk/Build/Intermediates.noindex/Pods.build/Debug-iphoneos/ExpoModulesJSI.build/Objects-normal/arm64/ExpoModulesJSI.SwiftFileList
    export SWIFT_VERSION\=5.0
    export SYMROOT\=/Users/jonahmicahinguito/Library/Developer/Xcode/DerivedData/rotaractconnect-cjwcbdlngckcsaantafkjnfzfbdk/Build/Products
    export SYSTEM_ADMIN_APPS_DIR\=/Applications/Utilities
    export SYSTEM_APPS_DIR\=/Applications
    export SYSTEM_CORE_SERVICES_DIR\=/System/Library/CoreServices
    export SYSTEM_DEMOS_DIR\=/Applications/Extras
    export SYSTEM_DEVELOPER_APPS_DIR\=/Applications/Xcode.app/Contents/Developer/Applications
    export SYSTEM_DEVELOPER_BIN_DIR\=/Applications/Xcode.app/Contents/Developer/usr/bin
    export SYSTEM_DEVELOPER_DEMOS_DIR\=/Applications/Xcode.app/Contents/Developer/Applications/Utilities/Built\ Examples
    export SYSTEM_DEVELOPER_DIR\=/Applications/Xcode.app/Contents/Developer
    export SYSTEM_DEVELOPER_DOC_DIR\=/Applications/Xcode.app/Contents/Developer/ADC\ Reference\ Library
    export SYSTEM_DEVELOPER_GRAPHICS_TOOLS_DIR\=/Applications/Xcode.app/Contents/Developer/Applications/Graphics\ Tools
    export SYSTEM_DEVELOPER_JAVA_TOOLS_DIR\=/Applications/Xcode.app/Contents/Developer/Applications/Java\ Tools
    export SYSTEM_DEVELOPER_PERFORMANCE_TOOLS_DIR\=/Applications/Xcode.app/Contents/Developer/Applications/Performance\ Tools
    export SYSTEM_DEVELOPER_RELEASENOTES_DIR\=/Applications/Xcode.app/Contents/Developer/ADC\ Reference\ Library/releasenotes
    export SYSTEM_DEVELOPER_TOOLS\=/Applications/Xcode.app/Contents/Developer/Tools
    export SYSTEM_DEVELOPER_TOOLS_DOC_DIR\=/Applications/Xcode.app/Contents/Developer/ADC\ Reference\ Library/documentation/DeveloperTools
    export SYSTEM_DEVELOPER_TOOLS_RELEASENOTES_DIR\=/Applications/Xcode.app/Contents/Developer/ADC\ Reference\ Library/releasenotes/DeveloperTools
    export SYSTEM_DEVELOPER_USR_DIR\=/Applications/Xcode.app/Contents/Developer/usr
    export SYSTEM_DEVELOPER_UTILITIES_DIR\=/Applications/Xcode.app/Contents/Developer/Applications/Utilities
    export SYSTEM_DEXT_INSTALL_PATH\=/System/Library/DriverExtensions
    export SYSTEM_DOCUMENTATION_DIR\=/Library/Documentation
    export SYSTEM_KEXT_INSTALL_PATH\=/System/Library/Extensions
    export SYSTEM_LIBRARY_DIR\=/System/Library
    export TAPI_DEMANGLE\=YES
    export TAPI_ENABLE_PROJECT_HEADERS\=NO
    export TAPI_LANGUAGE\=objective-c
    export TAPI_LANGUAGE_STANDARD\=compiler-default
    export TAPI_USE_SRCROOT\=YES
    export TAPI_VERIFY_MODE\=Pedantic
    export TARGETED_DEVICE_FAMILY\=1,2
    export TARGETNAME\=ExpoModulesJSI
    export TARGET_BUILD_DIR\=/Users/jonahmicahinguito/Library/Developer/Xcode/DerivedData/rotaractconnect-cjwcbdlngckcsaantafkjnfzfbdk/Build/Products/Debug-iphoneos/ExpoModulesJSI
    export TARGET_DEVICE_IDENTIFIER\=00008130-000E21310C8A001C
    export TARGET_DEVICE_MODEL\=iPhone16,1
    export TARGET_DEVICE_OS_VERSION\=26.6
    export TARGET_DEVICE_PLATFORM_NAME\=iphoneos
    export TARGET_NAME\=ExpoModulesJSI
    export TARGET_TEMP_DIR\=/Users/jonahmicahinguito/Library/Developer/Xcode/DerivedData/rotaractconnect-cjwcbdlngckcsaantafkjnfzfbdk/Build/Intermediates.noindex/Pods.build/Debug-iphoneos/ExpoModulesJSI.build
    export TEMP_DIR\=/Users/jonahmicahinguito/Library/Developer/Xcode/DerivedData/rotaractconnect-cjwcbdlngckcsaantafkjnfzfbdk/Build/Intermediates.noindex/Pods.build/Debug-iphoneos/ExpoModulesJSI.build
    export TEMP_FILES_DIR\=/Users/jonahmicahinguito/Library/Developer/Xcode/DerivedData/rotaractconnect-cjwcbdlngckcsaantafkjnfzfbdk/Build/Intermediates.noindex/Pods.build/Debug-iphoneos/ExpoModulesJSI.build
    export TEMP_FILE_DIR\=/Users/jonahmicahinguito/Library/Developer/Xcode/DerivedData/rotaractconnect-cjwcbdlngckcsaantafkjnfzfbdk/Build/Intermediates.noindex/Pods.build/Debug-iphoneos/ExpoModulesJSI.build
    export TEMP_ROOT\=/Users/jonahmicahinguito/Library/Developer/Xcode/DerivedData/rotaractconnect-cjwcbdlngckcsaantafkjnfzfbdk/Build/Intermediates.noindex
    export TEMP_SANDBOX_DIR\=/Users/jonahmicahinguito/Library/Developer/Xcode/DerivedData/rotaractconnect-cjwcbdlngckcsaantafkjnfzfbdk/Build/Intermediates.noindex/TemporaryTaskSandboxes
    export TEST_FRAMEWORK_SEARCH_PATHS\=\ /Applications/Xcode.app/Contents/Developer/Platforms/iPhoneOS.platform/Developer/Library/Frameworks\ /Applications/Xcode.app/Contents/Developer/Platforms/iPhoneOS.platform/Developer/SDKs/iPhoneOS26.5.sdk/Developer/Library/Frameworks
    export TEST_LIBRARY_SEARCH_PATHS\=\ /Applications/Xcode.app/Contents/Developer/Platforms/iPhoneOS.platform/Developer/usr/lib
    export TOOLCHAINS\=com.apple.dt.toolchain.XcodeDefault
    export TOOLCHAIN_DIR\=/Applications/Xcode.app/Contents/Developer/Toolchains/XcodeDefault.xctoolchain
    export TREAT_MISSING_BASELINES_AS_TEST_FAILURES\=NO
    export TREAT_MISSING_SCRIPT_PHASE_OUTPUTS_AS_ERRORS\=NO
    export UID\=501
    export UNINSTALLED_PRODUCTS_DIR\=/Users/jonahmicahinguito/Library/Developer/Xcode/DerivedData/rotaractconnect-cjwcbdlngckcsaantafkjnfzfbdk/Build/Intermediates.noindex/UninstalledProducts
    export UNSTRIPPED_PRODUCT\=NO
    export USER\=jonahmicahinguito
    export USER_APPS_DIR\=/Users/jonahmicahinguito/Applications
    export USER_LIBRARY_DIR\=/Users/jonahmicahinguito/Library
    export USE_DYNAMIC_NO_PIC\=YES
    export USE_HEADERMAP\=YES
    export USE_HEADER_SYMLINKS\=NO
    export USE_HERMES\=true
    export USE_RECURSIVE_SCRIPT_INPUTS_IN_SCRIPT_PHASES\=YES
    export VALIDATE_DEVELOPMENT_ASSET_PATHS\=YES_ERROR
    export VALIDATE_PRODUCT\=NO
    export VALID_ARCHS\=arm64\ arm64e\ armv7\ armv7s
    export VERBOSE_PBXCP\=NO
    export VERSION_INFO_BUILDER\=jonahmicahinguito
    export VERSION_INFO_FILE\=ExpoModulesJSI_vers.c
    export VERSION_INFO_STRING\=\"@\(\#\)PROGRAM:ExpoModulesJSI\ \ PROJECT:Pods-\"
    export WORKSPACE_DIR\=/Users/jonahmicahinguito/dev/rotaract-connect/ios
    export WRAP_ASSET_PACKS_IN_SEPARATE_DIRECTORIES\=NO
    export XCODE_APP_SUPPORT_DIR\=/Applications/Xcode.app/Contents/Developer/Library/Xcode
    export XCODE_PRODUCT_BUILD_VERSION\=17F113
    export XCODE_VERSION_ACTUAL\=2660
    export XCODE_VERSION_MAJOR\=2600
    export XCODE_VERSION_MINOR\=2660
    export XPCSERVICES_FOLDER_PATH\=/XPCServices
    export YACC\=yacc
    export _DISCOVER_COMMAND_LINE_LINKER_INPUTS\=YES
    export _DISCOVER_COMMAND_LINE_LINKER_INPUTS_INCLUDE_WL\=YES
    export _LD_MULTIARCH\=YES
    export __DIAGNOSE_DEPRECATED_ARCHS\=YES
    export __ORIGINAL_SDK_DEFINED_LLVM_TARGET_TRIPLE_SYS\=ios
    export arch\=undefined_arch
    export variant\=normal
    /bin/sh -c /Users/jonahmicahinguito/Library/Developer/Xcode/DerivedData/rotaractconnect-cjwcbdlngckcsaantafkjnfzfbdk/Build/Intermediates.noindex/Pods.build/Debug-iphoneos/ExpoModulesJSI.build/Script-46EB2E0002ABF0.sh

[ExpoModulesJSI] Detected: source-built RN, static frameworks (RN_ROOT=/Users/jonahmicahinguito/dev/rotaract-connect/node_modules/react-native)
[ExpoModulesJSI] Clearing stale build state (DerivedData, SwiftPM) before rebuild
[ExpoModulesJSI] Building framework slice for iphoneos...
2026-08-17 20:47:52.681 xcodebuild[6734:3298966] [MT] IDERunDestination: Supported platforms for the buildables in the current scheme is empty.
/Users/jonahmicahinguito/dev/rotaract-connect/node_modules/expo-modules-jsi/apple/Sources/ExpoModulesJSI-Cxx/include/IRuntimeCompat.h:4:10: note: while building module 'jsi' imported from /Users/jonahmicahinguito/dev/rotaract-connect/node_modules/expo-modules-jsi/apple/Sources/ExpoModulesJSI-Cxx/include/IRuntimeCompat.h:4:
#include <jsi/jsi.h>
         ^
<module-includes>:1:9: note: in file included from <module-includes>:1:
#import "/Users/jonahmicahinguito/dev/rotaract-connect/ios/Pods/Headers/Public/React-jsi/jsi/jsi.h"
        ^
/Users/jonahmicahinguito/dev/rotaract-connect/ios/Pods/Headers/Public/React-jsi/jsi/jsi.h:2267:1: warning: umbrella header for module 'jsi' does not include header 'JSIDynamic.h'

^
/Users/jonahmicahinguito/dev/rotaract-connect/node_modules/expo-modules-jsi/apple/Sources/ExpoModulesJSI-Cxx/include/IRuntimeCompat.h:4:10: note: while building module 'jsi' imported from /Users/jonahmicahinguito/dev/rotaract-connect/node_modules/expo-modules-jsi/apple/Sources/ExpoModulesJSI-Cxx/include/IRuntimeCompat.h:4:
#include <jsi/jsi.h>
         ^
<module-includes>:1:9: note: in file included from <module-includes>:1:
#import "/Users/jonahmicahinguito/dev/rotaract-connect/ios/Pods/Headers/Public/React-jsi/jsi/jsi.h"
        ^
/Users/jonahmicahinguito/dev/rotaract-connect/ios/Pods/Headers/Public/React-jsi/jsi/jsi.h:2267:1: warning: umbrella header for module 'jsi' does not include header 'hermes-interfaces.h'

^
/Users/jonahmicahinguito/dev/rotaract-connect/node_modules/expo-modules-jsi/apple/Sources/ExpoModulesJSI-Cxx/include/IRuntimeCompat.h:4:10: note: while building module 'jsi' imported from /Users/jonahmicahinguito/dev/rotaract-connect/node_modules/expo-modules-jsi/apple/Sources/ExpoModulesJSI-Cxx/include/IRuntimeCompat.h:4:
#include <jsi/jsi.h>
         ^
<module-includes>:1:9: note: in file included from <module-includes>:1:
#import "/Users/jonahmicahinguito/dev/rotaract-connect/ios/Pods/Headers/Public/React-jsi/jsi/jsi.h"
        ^
/Users/jonahmicahinguito/dev/rotaract-connect/ios/Pods/Headers/Public/React-jsi/jsi/jsi.h:2267:1: warning: umbrella header for module 'jsi' does not include header 'instrumentation.h'

^
/Users/jonahmicahinguito/dev/rotaract-connect/node_modules/expo-modules-jsi/apple/Sources/ExpoModulesJSI-Cxx/include/IRuntimeCompat.h:4:10: note: while building module 'jsi' imported from /Users/jonahmicahinguito/dev/rotaract-connect/node_modules/expo-modules-jsi/apple/Sources/ExpoModulesJSI-Cxx/include/IRuntimeCompat.h:4:
#include <jsi/jsi.h>
         ^
<module-includes>:1:9: note: in file included from <module-includes>:1:
#import "/Users/jonahmicahinguito/dev/rotaract-connect/ios/Pods/Headers/Public/React-jsi/jsi/jsi.h"
        ^
/Users/jonahmicahinguito/dev/rotaract-connect/ios/Pods/Headers/Public/React-jsi/jsi/jsi.h:2267:1: warning: umbrella header for module 'jsi' does not include header 'decorator.h'

^
/Users/jonahmicahinguito/dev/rotaract-connect/node_modules/expo-modules-jsi/apple/Sources/ExpoModulesJSI-Cxx/include/IRuntimeCompat.h:4:10: note: while building module 'jsi' imported from /Users/jonahmicahinguito/dev/rotaract-connect/node_modules/expo-modules-jsi/apple/Sources/ExpoModulesJSI-Cxx/include/IRuntimeCompat.h:4:
#include <jsi/jsi.h>
         ^
<module-includes>:1:9: note: in file included from <module-includes>:1:
#import "/Users/jonahmicahinguito/dev/rotaract-connect/ios/Pods/Headers/Public/React-jsi/jsi/jsi.h"
        ^
/Users/jonahmicahinguito/dev/rotaract-connect/ios/Pods/Headers/Public/React-jsi/jsi/jsi.h:2267:1: warning: umbrella header for module 'jsi' does not include header 'threadsafe.h'

^
/Users/jonahmicahinguito/dev/rotaract-connect/node_modules/expo-modules-jsi/apple/Sources/ExpoModulesJSI-Cxx/include/IRuntimeCompat.h:4:10: note: while building module 'jsi' imported from /Users/jonahmicahinguito/dev/rotaract-connect/node_modules/expo-modules-jsi/apple/Sources/ExpoModulesJSI-Cxx/include/IRuntimeCompat.h:4:
#include <jsi/jsi.h>
         ^
<module-includes>:1:9: note: in file included from <module-includes>:1:
#import "/Users/jonahmicahinguito/dev/rotaract-connect/ios/Pods/Headers/Public/React-jsi/jsi/jsi.h"
        ^
/Users/jonahmicahinguito/dev/rotaract-connect/ios/Pods/Headers/Public/React-jsi/jsi/jsi.h:2267:1: warning: umbrella header for module 'jsi' does not include header 'jsilib.h'

^
/Users/jonahmicahinguito/dev/rotaract-connect/node_modules/expo-modules-jsi/apple/Package.swift: ExpoModulesJSI: ld: warning: -undefined dynamic_lookup is deprecated on iOS
[ExpoModulesJSI] Built xcframework successfully in 29s (ios-arm64, ios-arm64_x86_64-maccatalyst, ios-arm64_x86_64-simulator, macos-arm64_x86_64, tvos-arm64, tvos-arm64_x86_64-simulator)

[ExpoModulesJSI] Detected: source-built RN, static frameworks (RN_ROOT=/Users/jonahmicahinguito/dev/rotaract-connect/node_modules/react-native)

[ExpoModulesJSI] Clearing stale build state (DerivedData, SwiftPM) before rebuild

[ExpoModulesJSI] Building framework slice for iphoneos...

2026-08-17 20:47:52.681 xcodebuild[6734:3298966] [MT] IDERunDestination: Supported platforms for the buildables in the current scheme is empty.

#include <jsi/jsi.h>

         ^

/Users/jonahmicahinguito/dev/rotaract-connect/node_modules/expo-modules-jsi/apple/Sources/ExpoModulesJSI-Cxx/include/IRuntimeCompat.h:4:10: while building module 'jsi' imported from /Users/jonahmicahinguito/dev/rotaract-connect/node_modules/expo-modules-jsi/apple/Sources/ExpoModulesJSI-Cxx/include/IRuntimeCompat.h:4:

#import "/Users/jonahmicahinguito/dev/rotaract-connect/ios/Pods/Headers/Public/React-jsi/jsi/jsi.h"

        ^

/Users/jonahmicahinguito/dev/rotaract-connect/ios/Pods/<module-includes>:1:9: in file included from <module-includes>:1:



^

/Users/jonahmicahinguito/dev/rotaract-connect/ios/Pods/Headers/Public/React-jsi/jsi/jsi.h:2267:1: umbrella header for module 'jsi' does not include header 'JSIDynamic.h'

#include <jsi/jsi.h>

         ^

/Users/jonahmicahinguito/dev/rotaract-connect/node_modules/expo-modules-jsi/apple/Sources/ExpoModulesJSI-Cxx/include/IRuntimeCompat.h:4:10: while building module 'jsi' imported from /Users/jonahmicahinguito/dev/rotaract-connect/node_modules/expo-modules-jsi/apple/Sources/ExpoModulesJSI-Cxx/include/IRuntimeCompat.h:4:

#import "/Users/jonahmicahinguito/dev/rotaract-connect/ios/Pods/Headers/Public/React-jsi/jsi/jsi.h"

        ^

/Users/jonahmicahinguito/dev/rotaract-connect/ios/Pods/<module-includes>:1:9: in file included from <module-includes>:1:



^

/Users/jonahmicahinguito/dev/rotaract-connect/ios/Pods/Headers/Public/React-jsi/jsi/jsi.h:2267:1: umbrella header for module 'jsi' does not include header 'hermes-interfaces.h'

#include <jsi/jsi.h>

         ^

/Users/jonahmicahinguito/dev/rotaract-connect/node_modules/expo-modules-jsi/apple/Sources/ExpoModulesJSI-Cxx/include/IRuntimeCompat.h:4:10: while building module 'jsi' imported from /Users/jonahmicahinguito/dev/rotaract-connect/node_modules/expo-modules-jsi/apple/Sources/ExpoModulesJSI-Cxx/include/IRuntimeCompat.h:4:

#import "/Users/jonahmicahinguito/dev/rotaract-connect/ios/Pods/Headers/Public/React-jsi/jsi/jsi.h"

        ^

/Users/jonahmicahinguito/dev/rotaract-connect/ios/Pods/<module-includes>:1:9: in file included from <module-includes>:1:



^

/Users/jonahmicahinguito/dev/rotaract-connect/ios/Pods/Headers/Public/React-jsi/jsi/jsi.h:2267:1: umbrella header for module 'jsi' does not include header 'instrumentation.h'

#include <jsi/jsi.h>

         ^

/Users/jonahmicahinguito/dev/rotaract-connect/node_modules/expo-modules-jsi/apple/Sources/ExpoModulesJSI-Cxx/include/IRuntimeCompat.h:4:10: while building module 'jsi' imported from /Users/jonahmicahinguito/dev/rotaract-connect/node_modules/expo-modules-jsi/apple/Sources/ExpoModulesJSI-Cxx/include/IRuntimeCompat.h:4:

#import "/Users/jonahmicahinguito/dev/rotaract-connect/ios/Pods/Headers/Public/React-jsi/jsi/jsi.h"

        ^

/Users/jonahmicahinguito/dev/rotaract-connect/ios/Pods/<module-includes>:1:9: in file included from <module-includes>:1:



^

/Users/jonahmicahinguito/dev/rotaract-connect/ios/Pods/Headers/Public/React-jsi/jsi/jsi.h:2267:1: umbrella header for module 'jsi' does not include header 'decorator.h'

#include <jsi/jsi.h>

         ^

/Users/jonahmicahinguito/dev/rotaract-connect/node_modules/expo-modules-jsi/apple/Sources/ExpoModulesJSI-Cxx/include/IRuntimeCompat.h:4:10: while building module 'jsi' imported from /Users/jonahmicahinguito/dev/rotaract-connect/node_modules/expo-modules-jsi/apple/Sources/ExpoModulesJSI-Cxx/include/IRuntimeCompat.h:4:

#import "/Users/jonahmicahinguito/dev/rotaract-connect/ios/Pods/Headers/Public/React-jsi/jsi/jsi.h"

        ^

/Users/jonahmicahinguito/dev/rotaract-connect/ios/Pods/<module-includes>:1:9: in file included from <module-includes>:1:



^

/Users/jonahmicahinguito/dev/rotaract-connect/ios/Pods/Headers/Public/React-jsi/jsi/jsi.h:2267:1: umbrella header for module 'jsi' does not include header 'threadsafe.h'

#include <jsi/jsi.h>

         ^

/Users/jonahmicahinguito/dev/rotaract-connect/node_modules/expo-modules-jsi/apple/Sources/ExpoModulesJSI-Cxx/include/IRuntimeCompat.h:4:10: while building module 'jsi' imported from /Users/jonahmicahinguito/dev/rotaract-connect/node_modules/expo-modules-jsi/apple/Sources/ExpoModulesJSI-Cxx/include/IRuntimeCompat.h:4:

#import "/Users/jonahmicahinguito/dev/rotaract-connect/ios/Pods/Headers/Public/React-jsi/jsi/jsi.h"

        ^

/Users/jonahmicahinguito/dev/rotaract-connect/ios/Pods/<module-includes>:1:9: in file included from <module-includes>:1:



^

/Users/jonahmicahinguito/dev/rotaract-connect/ios/Pods/Headers/Public/React-jsi/jsi/jsi.h:2267:1: umbrella header for module 'jsi' does not include header 'jsilib.h'

[ExpoModulesJSI] Built xcframework successfully in 29s (ios-arm64, ios-arm64_x86_64-maccatalyst, ios-arm64_x86_64-simulator, macos-arm64_x86_64, tvos-arm64, tvos-arm64_x86_64-simulator)

-undefined dynamic_lookup is deprecated on iOS


Build target rotaractconnect of project rotaractconnect with configuration Debug
note: Run script build phase '[Expo] Configure project' will be run during every build because the option to run the script phase "Based on dependency analysis" is unchecked. (in target 'rotaractconnect' from project 'rotaractconnect')
note: Run script build phase 'Bundle React Native code and images' will be run during every build because the option to run the script phase "Based on dependency analysis" is unchecked. (in target 'rotaractconnect' from project 'rotaractconnect')


Run script build phase '[Expo] Configure project' will be run during every build because the option to run the script phase "Based on dependency analysis" is unchecked.

Run script build phase 'Bundle React Native code and images' will be run during every build because the option to run the script phase "Based on dependency analysis" is unchecked.

SwiftEmitModule normal arm64 Emitting\ module\ for\ rotaractconnect (in target 'rotaractconnect' from project 'rotaractconnect')

EmitSwiftModule normal arm64 (in target 'rotaractconnect' from project 'rotaractconnect')
    cd /Users/jonahmicahinguito/dev/rotaract-connect/ios
    

/Users/jonahmicahinguito/dev/rotaract-connect/ios/Pods/Headers/Public/Expo/Expo/RCTAppDelegateUmbrella.h:18:9: note: while building module 'React_RCTAppDelegate' imported from /Users/jonahmicahinguito/dev/rotaract-connect/ios/Pods/Headers/Public/Expo/Expo/RCTAppDelegateUmbrella.h:18:
#import <React_RCTAppDelegate/React-RCTAppDelegate-umbrella.h>
        ^
<module-includes>:1:9: note: in file included from <module-includes>:1:
#import "React-RCTAppDelegate-umbrella.h"
        ^
/Users/jonahmicahinguito/dev/rotaract-connect/ios/Pods/Headers/Public/React_RCTAppDelegate/React-RCTAppDelegate-umbrella.h:13:9: note: in file included from /Users/jonahmicahinguito/dev/rotaract-connect/ios/Pods/Headers/Public/React_RCTAppDelegate/React-RCTAppDelegate-umbrella.h:13:
#import "RCTAppDelegate.h"
        ^
/Users/jonahmicahinguito/dev/rotaract-connect/ios/Pods/Headers/Public/React-RCTAppDelegate/RCTAppDelegate.h:9:9: note: in file included from /Users/jonahmicahinguito/dev/rotaract-connect/ios/Pods/Headers/Public/React-RCTAppDelegate/RCTAppDelegate.h:9:
#import "RCTDefaultReactNativeFactoryDelegate.h"
        ^
/Users/jonahmicahinguito/dev/rotaract-connect/ios/Pods/Headers/Public/React-RCTAppDelegate/RCTDefaultReactNativeFactoryDelegate.h:9:9: note: in file included from /Users/jonahmicahinguito/dev/rotaract-connect/ios/Pods/Headers/Public/React-RCTAppDelegate/RCTDefaultReactNativeFactoryDelegate.h:9:
#import "RCTReactNativeFactory.h"
        ^
/Users/jonahmicahinguito/dev/rotaract-connect/ios/Pods/Headers/Public/React-RCTAppDelegate/RCTReactNativeFactory.h:15:9: note: in file included from /Users/jonahmicahinguito/dev/rotaract-connect/ios/Pods/Headers/Public/React-RCTAppDelegate/RCTReactNativeFactory.h:15:
#import "RCTUIConfiguratorProtocol.h"
        ^
/Users/jonahmicahinguito/dev/rotaract-connect/ios/Pods/Headers/Public/React-RCTAppDelegate/RCTUIConfiguratorProtocol.h:40:28: warning: 'RCTRootView' is deprecated: This API will be removed along with the legacy architecture.
- (void)customizeRootView:(RCTRootView *)rootView;
                           ^
/Users/jonahmicahinguito/dev/rotaract-connect/ios/Pods/Headers/Public/React-Core/React/RCTRootView.h:52:1: note: 'RCTRootView' has been explicitly marked deprecated here
__deprecated_msg("This API will be removed along with the legacy architecture.") @interface RCTRootView : UIView
^
/Applications/Xcode.app/Contents/Developer/Platforms/iPhoneOS.platform/Developer/SDKs/iPhoneOS26.5.sdk/usr/include/sys/cdefs.h:227:48: note: expanded from macro '__deprecated_msg'
        #define __deprecated_msg(_msg) __attribute__((__deprecated__(_msg)))
                                                      ^
<module-includes>:1:9: note: in file included from <module-includes>:1:
#import "Expo-umbrella.h"
        ^
/Users/jonahmicahinguito/Library/Developer/Xcode/DerivedData/rotaractconnect-cjwcbdlngckcsaantafkjnfzfbdk/Build/Products/Debug-iphoneos/Expo/Expo-umbrella.h:16:9: note: in file included from /Users/jonahmicahinguito/Library/Developer/Xcode/DerivedData/rotaractconnect-cjwcbdlngckcsaantafkjnfzfbdk/Build/Products/Debug-iphoneos/Expo/Expo-umbrella.h:16:
#import "Expo/ExpoReactNativeFactory.h"
        ^
/Users/jonahmicahinguito/dev/rotaract-connect/ios/Pods/Headers/Public/Expo/Expo/ExpoReactNativeFactory.h:3:9: note: in file included from /Users/jonahmicahinguito/dev/rotaract-connect/ios/Pods/Headers/Public/Expo/Expo/ExpoReactNativeFactory.h:3:
#import <ExpoModulesCore/ExpoModulesCore.h>
        ^
/Users/jonahmicahinguito/dev/rotaract-connect/ios/Pods/Headers/Public/ExpoModulesCore/ExpoModulesCore/ExpoModulesCore.h:16:9: note: in file included from /Users/jonahmicahinguito/dev/rotaract-connect/ios/Pods/Headers/Public/ExpoModulesCore/ExpoModulesCore/ExpoModulesCore.h:16:
#import <ExpoModulesCore/EXFilePermissionModuleInterface.h>
        ^
/Users/jonahmicahinguito/dev/rotaract-connect/ios/Pods/Headers/Public/ExpoModulesCore/ExpoModulesCore/EXFilePermissionModuleInterface.h:3:9: note: in file included from /Users/jonahmicahinguito/dev/rotaract-connect/ios/Pods/Headers/Public/ExpoModulesCore/ExpoModulesCore/EXFilePermissionModuleInterface.h:3:
#import <ExpoModulesCore/EXFileSystemInterface.h>
        ^
/Users/jonahmicahinguito/dev/rotaract-connect/ios/Pods/Headers/Public/ExpoModulesCore/ExpoModulesCore/EXFileSystemInterface.h:14:42: warning: pointer is missing a nullability type specifier (_Nonnull, _Nullable, or _Null_unspecified)
@property (nonatomic, readonly) NSString *documentDirectory;
                                         ^
/Users/jonahmicahinguito/dev/rotaract-connect/ios/Pods/Headers/Public/ExpoModulesCore/ExpoModulesCore/EXFileSystemInterface.h:14:42: note: insert '_Nullable' if the pointer may be null
@property (nonatomic, readonly) NSString *documentDirectory;
                                         ^
/Users/jonahmicahinguito/dev/rotaract-connect/ios/Pods/Headers/Public/ExpoModulesCore/ExpoModulesCore/EXFileSystemInterface.h:14:42: note: insert '_Nonnull' if the pointer should never be null
@property (nonatomic, readonly) NSString *documentDirectory;
                                         ^
<module-includes>:1:9: note: in file included from <module-includes>:1:
#import "Expo-umbrella.h"
        ^
/Users/jonahmicahinguito/Library/Developer/Xcode/DerivedData/rotaractconnect-cjwcbdlngckcsaantafkjnfzfbdk/Build/Products/Debug-iphoneos/Expo/Expo-umbrella.h:16:9: note: in file included from /Users/jonahmicahinguito/Library/Developer/Xcode/DerivedData/rotaractconnect-cjwcbdlngckcsaantafkjnfzfbdk/Build/Products/Debug-iphoneos/Expo/Expo-umbrella.h:16:
#import "Expo/ExpoReactNativeFactory.h"
        ^
/Users/jonahmicahinguito/dev/rotaract-connect/ios/Pods/Headers/Public/Expo/Expo/ExpoReactNativeFactory.h:3:9: note: in file included from /Users/jonahmicahinguito/dev/rotaract-connect/ios/Pods/Headers/Public/Expo/Expo/ExpoReactNativeFactory.h:3:
#import <ExpoModulesCore/ExpoModulesCore.h>
        ^
/Users/jonahmicahinguito/dev/rotaract-connect/ios/Pods/Headers/Public/ExpoModulesCore/ExpoModulesCore/ExpoModulesCore.h:16:9: note: in file included from /Users/jonahmicahinguito/dev/rotaract-connect/ios/Pods/Headers/Public/ExpoModulesCore/ExpoModulesCore/ExpoModulesCore.h:16:
#import <ExpoModulesCore/EXFilePermissionModuleInterface.h>
        ^
/Users/jonahmicahinguito/dev/rotaract-connect/ios/Pods/Headers/Public/ExpoModulesCore/ExpoModulesCore/EXFilePermissionModuleInterface.h:3:9: note: in file included from /Users/jonahmicahinguito/dev/rotaract-connect/ios/Pods/Headers/Public/ExpoModulesCore/ExpoModulesCore/EXFilePermissionModuleInterface.h:3:
#import <ExpoModulesCore/EXFileSystemInterface.h>
        ^
/Users/jonahmicahinguito/dev/rotaract-connect/ios/Pods/Headers/Public/ExpoModulesCore/ExpoModulesCore/EXFileSystemInterface.h:20:57: warning: pointer is missing a nullability type specifier (_Nonnull, _Nullable, or _Null_unspecified)
- (nonnull NSString *)generatePathInDirectory:(NSString *)directory withExtension:(NSString *)extension;
                                                        ^
/Users/jonahmicahinguito/dev/rotaract-connect/ios/Pods/Headers/Public/ExpoModulesCore/ExpoModulesCore/EXFileSystemInterface.h:20:57: note: insert '_Nullable' if the pointer may be null
- (nonnull NSString *)generatePathInDirectory:(NSString *)directory withExtension:(NSString *)extension;
                                                        ^
/Users/jonahmicahinguito/dev/rotaract-connect/ios/Pods/Headers/Public/ExpoModulesCore/ExpoModulesCore/EXFileSystemInterface.h:20:57: note: insert '_Nonnull' if the pointer should never be null
- (nonnull NSString *)generatePathInDirectory:(NSString *)directory withExtension:(NSString *)extension;
                                                        ^
<module-includes>:1:9: note: in file included from <module-includes>:1:
#import "Expo-umbrella.h"
        ^
/Users/jonahmicahinguito/Library/Developer/Xcode/DerivedData/rotaractconnect-cjwcbdlngckcsaantafkjnfzfbdk/Build/Products/Debug-iphoneos/Expo/Expo-umbrella.h:16:9: note: in file included from /Users/jonahmicahinguito/Library/Developer/Xcode/DerivedData/rotaractconnect-cjwcbdlngckcsaantafkjnfzfbdk/Build/Products/Debug-iphoneos/Expo/Expo-umbrella.h:16:
#import "Expo/ExpoReactNativeFactory.h"
        ^
/Users/jonahmicahinguito/dev/rotaract-connect/ios/Pods/Headers/Public/Expo/Expo/ExpoReactNativeFactory.h:3:9: note: in file included from /Users/jonahmicahinguito/dev/rotaract-connect/ios/Pods/Headers/Public/Expo/Expo/ExpoReactNativeFactory.h:3:
#import <ExpoModulesCore/ExpoModulesCore.h>
        ^
/Users/jonahmicahinguito/dev/rotaract-connect/ios/Pods/Headers/Public/ExpoModulesCore/ExpoModulesCore/ExpoModulesCore.h:16:9: note: in file included from /Users/jonahmicahinguito/dev/rotaract-connect/ios/Pods/Headers/Public/ExpoModulesCore/ExpoModulesCore/ExpoModulesCore.h:16:
#import <ExpoModulesCore/EXFilePermissionModuleInterface.h>
        ^
/Users/jonahmicahinguito/dev/rotaract-connect/ios/Pods/Headers/Public/ExpoModulesCore/ExpoModulesCore/EXFilePermissionModuleInterface.h:3:9: note: in file included from /Users/jonahmicahinguito/dev/rotaract-connect/ios/Pods/Headers/Public/ExpoModulesCore/ExpoModulesCore/EXFilePermissionModuleInterface.h:3:
#import <ExpoModulesCore/EXFileSystemInterface.h>
        ^
/Users/jonahmicahinguito/dev/rotaract-connect/ios/Pods/Headers/Public/ExpoModulesCore/ExpoModulesCore/EXFileSystemInterface.h:20:93: warning: pointer is missing a nullability type specifier (_Nonnull, _Nullable, or _Null_unspecified)
- (nonnull NSString *)generatePathInDirectory:(NSString *)directory withExtension:(NSString *)extension;
                                                                                            ^
/Users/jonahmicahinguito/dev/rotaract-connect/ios/Pods/Headers/Public/ExpoModulesCore/ExpoModulesCore/EXFileSystemInterface.h:20:93: note: insert '_Nullable' if the pointer may be null
- (nonnull NSString *)generatePathInDirectory:(NSString *)directory withExtension:(NSString *)extension;
                                                                                            ^
/Users/jonahmicahinguito/dev/rotaract-connect/ios/Pods/Headers/Public/ExpoModulesCore/ExpoModulesCore/EXFileSystemInterface.h:20:93: note: insert '_Nonnull' if the pointer should never be null
- (nonnull NSString *)generatePathInDirectory:(NSString *)directory withExtension:(NSString *)extension;
                                                                                            ^
<module-includes>:1:9: note: in file included from <module-includes>:1:
#import "Expo-umbrella.h"
        ^
/Users/jonahmicahinguito/Library/Developer/Xcode/DerivedData/rotaractconnect-cjwcbdlngckcsaantafkjnfzfbdk/Build/Products/Debug-iphoneos/Expo/Expo-umbrella.h:16:9: note: in file included from /Users/jonahmicahinguito/Library/Developer/Xcode/DerivedData/rotaractconnect-cjwcbdlngckcsaantafkjnfzfbdk/Build/Products/Debug-iphoneos/Expo/Expo-umbrella.h:16:
#import "Expo/ExpoReactNativeFactory.h"
        ^
/Users/jonahmicahinguito/dev/rotaract-connect/ios/Pods/Headers/Public/Expo/Expo/ExpoReactNativeFactory.h:3:9: note: in file included from /Users/jonahmicahinguito/dev/rotaract-connect/ios/Pods/Headers/Public/Expo/Expo/ExpoReactNativeFactory.h:3:
#import <ExpoModulesCore/ExpoModulesCore.h>
        ^
/Users/jonahmicahinguito/dev/rotaract-connect/ios/Pods/Headers/Public/ExpoModulesCore/ExpoModulesCore/ExpoModulesCore.h:16:9: note: in file included from /Users/jonahmicahinguito/dev/rotaract-connect/ios/Pods/Headers/Public/ExpoModulesCore/ExpoModulesCore/ExpoModulesCore.h:16:
#import <ExpoModulesCore/EXFilePermissionModuleInterface.h>
        ^
/Users/jonahmicahinguito/dev/rotaract-connect/ios/Pods/Headers/Public/ExpoModulesCore/ExpoModulesCore/EXFilePermissionModuleInterface.h:3:9: note: in file included from /Users/jonahmicahinguito/dev/rotaract-connect/ios/Pods/Headers/Public/ExpoModulesCore/ExpoModulesCore/EXFilePermissionModuleInterface.h:3:
#import <ExpoModulesCore/EXFileSystemInterface.h>
        ^
/Users/jonahmicahinguito/dev/rotaract-connect/ios/Pods/Headers/Public/ExpoModulesCore/ExpoModulesCore/EXFileSystemInterface.h:21:43: warning: pointer is missing a nullability type specifier (_Nonnull, _Nullable, or _Null_unspecified)
- (BOOL)ensureDirExistsWithPath:(NSString *)path;
                                          ^
/Users/jonahmicahinguito/dev/rotaract-connect/ios/Pods/Headers/Public/ExpoModulesCore/ExpoModulesCore/EXFileSystemInterface.h:21:43: note: insert '_Nullable' if the pointer may be null
- (BOOL)ensureDirExistsWithPath:(NSString *)path;
                                          ^
/Users/jonahmicahinguito/dev/rotaract-connect/ios/Pods/Headers/Public/ExpoModulesCore/ExpoModulesCore/EXFileSystemInterface.h:21:43: note: insert '_Nonnull' if the pointer should never be null
- (BOOL)ensureDirExistsWithPath:(NSString *)path;
                                          ^
<module-includes>:1:9: note: in file included from <module-includes>:1:
#import "Expo-umbrella.h"
        ^
/Users/jonahmicahinguito/Library/Developer/Xcode/DerivedData/rotaractconnect-cjwcbdlngckcsaantafkjnfzfbdk/Build/Products/Debug-iphoneos/Expo/Expo-umbrella.h:16:9: note: in file included from /Users/jonahmicahinguito/Library/Developer/Xcode/DerivedData/rotaractconnect-cjwcbdlngckcsaantafkjnfzfbdk/Build/Products/Debug-iphoneos/Expo/Expo-umbrella.h:16:
#import "Expo/ExpoReactNativeFactory.h"
        ^
/Users/jonahmicahinguito/dev/rotaract-connect/ios/Pods/Headers/Public/Expo/Expo/ExpoReactNativeFactory.h:11:58: warning: cannot find protocol definition for 'RCTHostDelegate'
@interface EXReactNativeFactory : RCTReactNativeFactory <RCTHostDelegate>
                                                         ^
/Users/jonahmicahinguito/dev/rotaract-connect/ios/Pods/Headers/Public/Expo/Expo/ExpoReactNativeFactory.h:6:11: note: protocol 'RCTHostDelegate' has no definition
@protocol RCTHostDelegate;
          ^
<module-includes>:1:9: note: in file included from <module-includes>:1:
#import "ExpoModulesCore-umbrella.h"
        ^
/Users/jonahmicahinguito/Library/Developer/Xcode/DerivedData/rotaractconnect-cjwcbdlngckcsaantafkjnfzfbdk/Build/Products/Debug-iphoneos/ExpoModulesCore/ExpoModulesCore-umbrella.h:19:9: note: in file included from /Users/jonahmicahinguito/Library/Developer/Xcode/DerivedData/rotaractconnect-cjwcbdlngckcsaantafkjnfzfbdk/Build/Products/Debug-iphoneos/ExpoModulesCore/ExpoModulesCore-umbrella.h:19:
#import "ExpoModulesCore/ExpoModulesCore.h"
        ^
/Users/jonahmicahinguito/dev/rotaract-connect/ios/Pods/Headers/Public/ExpoModulesCore/ExpoModulesCore/ExpoModulesCore.h:16:9: note: in file included from /Users/jonahmicahinguito/dev/rotaract-connect/ios/Pods/Headers/Public/ExpoModulesCore/ExpoModulesCore/ExpoModulesCore.h:16:
#import <ExpoModulesCore/EXFilePermissionModuleInterface.h>
        ^
/Users/jonahmicahinguito/dev/rotaract-connect/ios/Pods/Headers/Public/ExpoModulesCore/ExpoModulesCore/EXFilePermissionModuleInterface.h:3:9: note: in file included from /Users/jonahmicahinguito/dev/rotaract-connect/ios/Pods/Headers/Public/ExpoModulesCore/ExpoModulesCore/EXFilePermissionModuleInterface.h:3:
#import <ExpoModulesCore/EXFileSystemInterface.h>
        ^
/Users/jonahmicahinguito/dev/rotaract-connect/ios/Pods/Headers/Public/ExpoModulesCore/ExpoModulesCore/EXFileSystemInterface.h:14:42: warning: pointer is missing a nullability type specifier (_Nonnull, _Nullable, or _Null_unspecified)
@property (nonatomic, readonly) NSString *documentDirectory;
                                         ^
/Users/jonahmicahinguito/dev/rotaract-connect/ios/Pods/Headers/Public/ExpoModulesCore/ExpoModulesCore/EXFileSystemInterface.h:14:42: note: insert '_Nullable' if the pointer may be null
@property (nonatomic, readonly) NSString *documentDirectory;
                                         ^
/Users/jonahmicahinguito/dev/rotaract-connect/ios/Pods/Headers/Public/ExpoModulesCore/ExpoModulesCore/EXFileSystemInterface.h:14:42: note: insert '_Nonnull' if the pointer should never be null
@property (nonatomic, readonly) NSString *documentDirectory;
                                         ^
<module-includes>:1:9: note: in file included from <module-includes>:1:
#import "ExpoModulesCore-umbrella.h"
        ^
/Users/jonahmicahinguito/Library/Developer/Xcode/DerivedData/rotaractconnect-cjwcbdlngckcsaantafkjnfzfbdk/Build/Products/Debug-iphoneos/ExpoModulesCore/ExpoModulesCore-umbrella.h:19:9: note: in file included from /Users/jonahmicahinguito/Library/Developer/Xcode/DerivedData/rotaractconnect-cjwcbdlngckcsaantafkjnfzfbdk/Build/Products/Debug-iphoneos/ExpoModulesCore/ExpoModulesCore-umbrella.h:19:
#import "ExpoModulesCore/ExpoModulesCore.h"
        ^
/Users/jonahmicahinguito/dev/rotaract-connect/ios/Pods/Headers/Public/ExpoModulesCore/ExpoModulesCore/ExpoModulesCore.h:16:9: note: in file included from /Users/jonahmicahinguito/dev/rotaract-connect/ios/Pods/Headers/Public/ExpoModulesCore/ExpoModulesCore/ExpoModulesCore.h:16:
#import <ExpoModulesCore/EXFilePermissionModuleInterface.h>
        ^
/Users/jonahmicahinguito/dev/rotaract-connect/ios/Pods/Headers/Public/ExpoModulesCore/ExpoModulesCore/EXFilePermissionModuleInterface.h:3:9: note: in file included from /Users/jonahmicahinguito/dev/rotaract-connect/ios/Pods/Headers/Public/ExpoModulesCore/ExpoModulesCore/EXFilePermissionModuleInterface.h:3:
#import <ExpoModulesCore/EXFileSystemInterface.h>
        ^
/Users/jonahmicahinguito/dev/rotaract-connect/ios/Pods/Headers/Public/ExpoModulesCore/ExpoModulesCore/EXFileSystemInterface.h:20:57: warning: pointer is missing a nullability type specifier (_Nonnull, _Nullable, or _Null_unspecified)
- (nonnull NSString *)generatePathInDirectory:(NSString *)directory withExtension:(NSString *)extension;
                                                        ^
/Users/jonahmicahinguito/dev/rotaract-connect/ios/Pods/Headers/Public/ExpoModulesCore/ExpoModulesCore/EXFileSystemInterface.h:20:57: note: insert '_Nullable' if the pointer may be null
- (nonnull NSString *)generatePathInDirectory:(NSString *)directory withExtension:(NSString *)extension;
                                                        ^
/Users/jonahmicahinguito/dev/rotaract-connect/ios/Pods/Headers/Public/ExpoModulesCore/ExpoModulesCore/EXFileSystemInterface.h:20:57: note: insert '_Nonnull' if the pointer should never be null
- (nonnull NSString *)generatePathInDirectory:(NSString *)directory withExtension:(NSString *)extension;
                                                        ^
<module-includes>:1:9: note: in file included from <module-includes>:1:
#import "ExpoModulesCore-umbrella.h"
        ^
/Users/jonahmicahinguito/Library/Developer/Xcode/DerivedData/rotaractconnect-cjwcbdlngckcsaantafkjnfzfbdk/Build/Products/Debug-iphoneos/ExpoModulesCore/ExpoModulesCore-umbrella.h:19:9: note: in file included from /Users/jonahmicahinguito/Library/Developer/Xcode/DerivedData/rotaractconnect-cjwcbdlngckcsaantafkjnfzfbdk/Build/Products/Debug-iphoneos/ExpoModulesCore/ExpoModulesCore-umbrella.h:19:
#import "ExpoModulesCore/ExpoModulesCore.h"
        ^
/Users/jonahmicahinguito/dev/rotaract-connect/ios/Pods/Headers/Public/ExpoModulesCore/ExpoModulesCore/ExpoModulesCore.h:16:9: note: in file included from /Users/jonahmicahinguito/dev/rotaract-connect/ios/Pods/Headers/Public/ExpoModulesCore/ExpoModulesCore/ExpoModulesCore.h:16:
#import <ExpoModulesCore/EXFilePermissionModuleInterface.h>
        ^
/Users/jonahmicahinguito/dev/rotaract-connect/ios/Pods/Headers/Public/ExpoModulesCore/ExpoModulesCore/EXFilePermissionModuleInterface.h:3:9: note: in file included from /Users/jonahmicahinguito/dev/rotaract-connect/ios/Pods/Headers/Public/ExpoModulesCore/ExpoModulesCore/EXFilePermissionModuleInterface.h:3:
#import <ExpoModulesCore/EXFileSystemInterface.h>
        ^
/Users/jonahmicahinguito/dev/rotaract-connect/ios/Pods/Headers/Public/ExpoModulesCore/ExpoModulesCore/EXFileSystemInterface.h:20:93: warning: pointer is missing a nullability type specifier (_Nonnull, _Nullable, or _Null_unspecified)
- (nonnull NSString *)generatePathInDirectory:(NSString *)directory withExtension:(NSString *)extension;
                                                                                            ^
/Users/jonahmicahinguito/dev/rotaract-connect/ios/Pods/Headers/Public/ExpoModulesCore/ExpoModulesCore/EXFileSystemInterface.h:20:93: note: insert '_Nullable' if the pointer may be null
- (nonnull NSString *)generatePathInDirectory:(NSString *)directory withExtension:(NSString *)extension;
                                                                                            ^
/Users/jonahmicahinguito/dev/rotaract-connect/ios/Pods/Headers/Public/ExpoModulesCore/ExpoModulesCore/EXFileSystemInterface.h:20:93: note: insert '_Nonnull' if the pointer should never be null
- (nonnull NSString *)generatePathInDirectory:(NSString *)directory withExtension:(NSString *)extension;
                                                                                            ^
<module-includes>:1:9: note: in file included from <module-includes>:1:
#import "ExpoModulesCore-umbrella.h"
        ^
/Users/jonahmicahinguito/Library/Developer/Xcode/DerivedData/rotaractconnect-cjwcbdlngckcsaantafkjnfzfbdk/Build/Products/Debug-iphoneos/ExpoModulesCore/ExpoModulesCore-umbrella.h:19:9: note: in file included from /Users/jonahmicahinguito/Library/Developer/Xcode/DerivedData/rotaractconnect-cjwcbdlngckcsaantafkjnfzfbdk/Build/Products/Debug-iphoneos/ExpoModulesCore/ExpoModulesCore-umbrella.h:19:
#import "ExpoModulesCore/ExpoModulesCore.h"
        ^
/Users/jonahmicahinguito/dev/rotaract-connect/ios/Pods/Headers/Public/ExpoModulesCore/ExpoModulesCore/ExpoModulesCore.h:16:9: note: in file included from /Users/jonahmicahinguito/dev/rotaract-connect/ios/Pods/Headers/Public/ExpoModulesCore/ExpoModulesCore/ExpoModulesCore.h:16:
#import <ExpoModulesCore/EXFilePermissionModuleInterface.h>
        ^
/Users/jonahmicahinguito/dev/rotaract-connect/ios/Pods/Headers/Public/ExpoModulesCore/ExpoModulesCore/EXFilePermissionModuleInterface.h:3:9: note: in file included from /Users/jonahmicahinguito/dev/rotaract-connect/ios/Pods/Headers/Public/ExpoModulesCore/ExpoModulesCore/EXFilePermissionModuleInterface.h:3:
#import <ExpoModulesCore/EXFileSystemInterface.h>
        ^
/Users/jonahmicahinguito/dev/rotaract-connect/ios/Pods/Headers/Public/ExpoModulesCore/ExpoModulesCore/EXFileSystemInterface.h:21:43: warning: pointer is missing a nullability type specifier (_Nonnull, _Nullable, or _Null_unspecified)
- (BOOL)ensureDirExistsWithPath:(NSString *)path;
                                          ^
/Users/jonahmicahinguito/dev/rotaract-connect/ios/Pods/Headers/Public/ExpoModulesCore/ExpoModulesCore/EXFileSystemInterface.h:21:43: note: insert '_Nullable' if the pointer may be null
- (BOOL)ensureDirExistsWithPath:(NSString *)path;
                                          ^
/Users/jonahmicahinguito/dev/rotaract-connect/ios/Pods/Headers/Public/ExpoModulesCore/ExpoModulesCore/EXFileSystemInterface.h:21:43: note: insert '_Nonnull' if the pointer should never be null
- (BOOL)ensureDirExistsWithPath:(NSString *)path;
                                          ^
<module-includes>:1:9: note: in file included from <module-includes>:1:
#import "ExpoModulesCore-umbrella.h"
        ^
/Users/jonahmicahinguito/Library/Developer/Xcode/DerivedData/rotaractconnect-cjwcbdlngckcsaantafkjnfzfbdk/Build/Products/Debug-iphoneos/ExpoModulesCore/ExpoModulesCore-umbrella.h:19:9: note: in file included from /Users/jonahmicahinguito/Library/Developer/Xcode/DerivedData/rotaractconnect-cjwcbdlngckcsaantafkjnfzfbdk/Build/Products/Debug-iphoneos/ExpoModulesCore/ExpoModulesCore-umbrella.h:19:
#import "ExpoModulesCore/ExpoModulesCore.h"
        ^
/Users/jonahmicahinguito/dev/rotaract-connect/ios/Pods/Headers/Public/ExpoModulesCore/ExpoModulesCore/ExpoModulesCore.h:42:9: note: in file included from /Users/jonahmicahinguito/dev/rotaract-connect/ios/Pods/Headers/Public/ExpoModulesCore/ExpoModulesCore/ExpoModulesCore.h:42:
#import <ExpoModulesCore/EXModuleRegistryHolderReactModule.h>
        ^
/Users/jonahmicahinguito/dev/rotaract-connect/ios/Pods/Headers/Public/ExpoModulesCore/ExpoModulesCore/EXModuleRegistryHolderReactModule.h:7:58: warning: cannot find protocol definition for 'RCTBridgeModule'
@interface EXModuleRegistryHolderReactModule : NSObject <RCTBridgeModule>
                                                         ^
/Users/jonahmicahinguito/dev/rotaract-connect/ios/Pods/Headers/Public/ExpoModulesCore/ExpoModulesCore/EXModuleRegistryHolderReactModule.h:3:11: note: protocol 'RCTBridgeModule' has no definition
@protocol RCTBridgeModule;
          ^
<module-includes>:1:9: note: in file included from <module-includes>:1:
#import "React-Core-umbrella.h"
        ^
/Users/jonahmicahinguito/dev/rotaract-connect/ios/Pods/Headers/Public/React/React-Core-umbrella.h:37:9: note: in file included from /Users/jonahmicahinguito/dev/rotaract-connect/ios/Pods/Headers/Public/React/React-Core-umbrella.h:37:
#import "React/RCTRedBox+Internal.h"
        ^
/Users/jonahmicahinguito/dev/rotaract-connect/ios/Pods/Headers/Public/React-Core/React/RCTRedBox+Internal.h:17:44: warning: pointer is missing a nullability type specifier (_Nonnull, _Nullable, or _Null_unspecified)
- (void)redBoxController:(UIViewController *)redBoxController openStackFrameInEditor:(RCTJSStackFrame *)stackFrame;
                                           ^
/Users/jonahmicahinguito/dev/rotaract-connect/ios/Pods/Headers/Public/React-Core/React/RCTRedBox+Internal.h:17:44: note: insert '_Nullable' if the pointer may be null
- (void)redBoxController:(UIViewController *)redBoxController openStackFrameInEditor:(RCTJSStackFrame *)stackFrame;
                                           ^
/Users/jonahmicahinguito/dev/rotaract-connect/ios/Pods/Headers/Public/React-Core/React/RCTRedBox+Internal.h:17:44: note: insert '_Nonnull' if the pointer should never be null
- (void)redBoxController:(UIViewController *)redBoxController openStackFrameInEditor:(RCTJSStackFrame *)stackFrame;
                                           ^
<module-includes>:1:9: note: in file included from <module-includes>:1:
#import "React-Core-umbrella.h"
        ^
/Users/jonahmicahinguito/dev/rotaract-connect/ios/Pods/Headers/Public/React/React-Core-umbrella.h:40:9: note: in file included from /Users/jonahmicahinguito/dev/rotaract-connect/ios/Pods/Headers/Public/React/React-Core-umbrella.h:40:
#import "React/RCTRedBox2Controller+Internal.h"
        ^
/Users/jonahmicahinguito/dev/rotaract-connect/ios/Pods/Headers/Public/React-Core/React/RCTRedBox2Controller+Internal.h:20:4: warning: pointer is missing a nullability type specifier (_Nonnull, _Nullable, or _Null_unspecified)
- (instancetype)initWithCustomButtonTitles:(NSArray<NSString *> *)customButtonTitles
   ^
/Users/jonahmicahinguito/dev/rotaract-connect/ios/Pods/Headers/Public/React-Core/React/RCTRedBox2Controller+Internal.h:20:4: note: insert '_Nullable' if the pointer may be null
- (instancetype)initWithCustomButtonTitles:(NSArray<NSString *> *)customButtonTitles
   ^
/Users/jonahmicahinguito/dev/rotaract-connect/ios/Pods/Headers/Public/React-Core/React/RCTRedBox2Controller+Internal.h:20:4: note: insert '_Nonnull' if the pointer should never be null
- (instancetype)initWithCustomButtonTitles:(NSArray<NSString *> *)customButtonTitles
   ^
<module-includes>:1:9: note: in file included from <module-includes>:1:
#import "React-Core-umbrella.h"
        ^
/Users/jonahmicahinguito/dev/rotaract-connect/ios/Pods/Headers/Public/React/React-Core-umbrella.h:41:9: note: in file included from /Users/jonahmicahinguito/dev/rotaract-connect/ios/Pods/Headers/Public/React/React-Core-umbrella.h:41:
#import "React/RCTRedBox2ErrorParser+Internal.h"
        ^
/Users/jonahmicahinguito/dev/rotaract-connect/ios/Pods/Headers/Public/React-Core/React/RCTRedBox2ErrorParser+Internal.h:17:38: warning: pointer is missing a nullability type specifier (_Nonnull, _Nullable, or _Null_unspecified)
@property (nonatomic, copy) NSString *title;
                                     ^
/Users/jonahmicahinguito/dev/rotaract-connect/ios/Pods/Headers/Public/React-Core/React/RCTRedBox2ErrorParser+Internal.h:17:38: note: insert '_Nullable' if the pointer may be null
@property (nonatomic, copy) NSString *title;
                                     ^
/Users/jonahmicahinguito/dev/rotaract-connect/ios/Pods/Headers/Public/React-Core/React/RCTRedBox2ErrorParser+Internal.h:17:38: note: insert '_Nonnull' if the pointer should never be null
@property (nonatomic, copy) NSString *title;
                                     ^
<module-includes>:1:9: note: in file included from <module-includes>:1:
#import "React-Core-umbrella.h"
        ^
/Users/jonahmicahinguito/dev/rotaract-connect/ios/Pods/Headers/Public/React/React-Core-umbrella.h:41:9: note: in file included from /Users/jonahmicahinguito/dev/rotaract-connect/ios/Pods/Headers/Public/React/React-Core-umbrella.h:41:
#import "React/RCTRedBox2ErrorParser+Internal.h"
        ^
/Users/jonahmicahinguito/dev/rotaract-connect/ios/Pods/Headers/Public/React-Core/React/RCTRedBox2ErrorParser+Internal.h:41:24: warning: pointer is missing a nullability type specifier (_Nonnull, _Nullable, or _Null_unspecified)
+ (RCTRedBox2ErrorData *)parseErrorMessage:(NSString *)message
                       ^
/Users/jonahmicahinguito/dev/rotaract-connect/ios/Pods/Headers/Public/React-Core/React/RCTRedBox2ErrorParser+Internal.h:41:24: note: insert '_Nullable' if the pointer may be null
+ (RCTRedBox2ErrorData *)parseErrorMessage:(NSString *)message
                       ^
/Users/jonahmicahinguito/dev/rotaract-connect/ios/Pods/Headers/Public/React-Core/React/RCTRedBox2ErrorParser+Internal.h:41:24: note: insert '_Nonnull' if the pointer should never be null
+ (RCTRedBox2ErrorData *)parseErrorMessage:(NSString *)message
                       ^
<module-includes>:1:9: note: in file included from <module-includes>:1:
#import "React-Core-umbrella.h"
        ^
/Users/jonahmicahinguito/dev/rotaract-connect/ios/Pods/Headers/Public/React/React-Core-umbrella.h:41:9: note: in file included from /Users/jonahmicahinguito/dev/rotaract-connect/ios/Pods/Headers/Public/React/React-Core-umbrella.h:41:
#import "React/RCTRedBox2ErrorParser+Internal.h"
        ^
/Users/jonahmicahinguito/dev/rotaract-connect/ios/Pods/Headers/Public/React-Core/React/RCTRedBox2ErrorParser+Internal.h:41:54: warning: pointer is missing a nullability type specifier (_Nonnull, _Nullable, or _Null_unspecified)
+ (RCTRedBox2ErrorData *)parseErrorMessage:(NSString *)message
                                                     ^
/Users/jonahmicahinguito/dev/rotaract-connect/ios/Pods/Headers/Public/React-Core/React/RCTRedBox2ErrorParser+Internal.h:41:54: note: insert '_Nullable' if the pointer may be null
+ (RCTRedBox2ErrorData *)parseErrorMessage:(NSString *)message
                                                     ^
/Users/jonahmicahinguito/dev/rotaract-connect/ios/Pods/Headers/Public/React-Core/React/RCTRedBox2ErrorParser+Internal.h:41:54: note: insert '_Nonnull' if the pointer should never be null
+ (RCTRedBox2ErrorData *)parseErrorMessage:(NSString *)message
                                                     ^
<module-includes>:1:9: note: in file included from <module-includes>:1:
#import "React-Core-umbrella.h"
        ^
/Users/jonahmicahinguito/dev/rotaract-connect/ios/Pods/Headers/Public/React/React-Core-umbrella.h:47:9: note: in file included from /Users/jonahmicahinguito/dev/rotaract-connect/ios/Pods/Headers/Public/React/React-Core-umbrella.h:47:
#import "React/RCTWebSocketModule.h"
        ^
/Users/jonahmicahinguito/dev/rotaract-connect/ios/Pods/Headers/Public/React-Core/React/RCTWebSocketModule.h:23:21: warning: pointer is missing a nullability type specifier (_Nonnull, _Nullable, or _Null_unspecified)
typedef SRWebSocket * (^SRWebSocketProvider)(NSURLRequest *request);
                    ^
/Users/jonahmicahinguito/dev/rotaract-connect/ios/Pods/Headers/Public/React-Core/React/RCTWebSocketModule.h:23:21: note: insert '_Nullable' if the pointer may be null
typedef SRWebSocket * (^SRWebSocketProvider)(NSURLRequest *request);
                    ^
/Users/jonahmicahinguito/dev/rotaract-connect/ios/Pods/Headers/Public/React-Core/React/RCTWebSocketModule.h:23:21: note: insert '_Nonnull' if the pointer should never be null
typedef SRWebSocket * (^SRWebSocketProvider)(NSURLRequest *request);
                    ^
<module-includes>:1:9: note: in file included from <module-includes>:1:
#import "React-Core-umbrella.h"
        ^
/Users/jonahmicahinguito/dev/rotaract-connect/ios/Pods/Headers/Public/React/React-Core-umbrella.h:87:9: note: in file included from /Users/jonahmicahinguito/dev/rotaract-connect/ios/Pods/Headers/Public/React/React-Core-umbrella.h:87:
#import "React/RCTMultipartDataTask.h"
        ^
/Users/jonahmicahinguito/dev/rotaract-connect/ios/Pods/Headers/Public/React-Core/React/RCTMultipartDataTask.h:15:18: warning: pointer is missing a nullability type specifier (_Nonnull, _Nullable, or _Null_unspecified)
    NSDictionary *headers,
                 ^
/Users/jonahmicahinguito/dev/rotaract-connect/ios/Pods/Headers/Public/React-Core/React/RCTMultipartDataTask.h:15:18: note: insert '_Nullable' if the pointer may be null
    NSDictionary *headers,
                 ^
/Users/jonahmicahinguito/dev/rotaract-connect/ios/Pods/Headers/Public/React-Core/React/RCTMultipartDataTask.h:15:18: note: insert '_Nonnull' if the pointer should never be null
    NSDictionary *headers,
                 ^
<module-includes>:1:9: note: in file included from <module-includes>:1:
#import "React-Core-umbrella.h"
        ^
/Users/jonahmicahinguito/dev/rotaract-connect/ios/Pods/Headers/Public/React/React-Core-umbrella.h:87:9: note: in file included from /Users/jonahmicahinguito/dev/rotaract-connect/ios/Pods/Headers/Public/React/React-Core-umbrella.h:87:
#import "React/RCTMultipartDataTask.h"
        ^
/Users/jonahmicahinguito/dev/rotaract-connect/ios/Pods/Headers/Public/React-Core/React/RCTMultipartDataTask.h:26:65: warning: block pointer is missing a nullability type specifier (_Nonnull, _Nullable, or _Null_unspecified)
RCT_EXTERN void RCTSetCustomMultipartDataTaskRequestInterceptor(RCTMultipartDataTaskRequestInterceptor /*interceptor*/);
                                                                ^
/Users/jonahmicahinguito/dev/rotaract-connect/ios/Pods/Headers/Public/React-Core/React/RCTMultipartDataTask.h:26:65: note: insert '_Nullable' if the block pointer may be null
RCT_EXTERN void RCTSetCustomMultipartDataTaskRequestInterceptor(RCTMultipartDataTaskRequestInterceptor /*interceptor*/);
                                                                ^
/Users/jonahmicahinguito/dev/rotaract-connect/ios/Pods/Headers/Public/React-Core/React/RCTMultipartDataTask.h:26:65: note: insert '_Nonnull' if the block pointer should never be null
RCT_EXTERN void RCTSetCustomMultipartDataTaskRequestInterceptor(RCTMultipartDataTaskRequestInterceptor /*interceptor*/);
                                                                ^
<module-includes>:1:9: note: in file included from <module-includes>:1:
#import "React-Core-umbrella.h"
        ^
/Users/jonahmicahinguito/dev/rotaract-connect/ios/Pods/Headers/Public/React/React-Core-umbrella.h:87:9: note: in file included from /Users/jonahmicahinguito/dev/rotaract-connect/ios/Pods/Headers/Public/React/React-Core-umbrella.h:87:
#import "React/RCTMultipartDataTask.h"
        ^
/Users/jonahmicahinguito/dev/rotaract-connect/ios/Pods/Headers/Public/React-Core/React/RCTMultipartDataTask.h:30:4: warning: pointer is missing a nullability type specifier (_Nonnull, _Nullable, or _Null_unspecified)
- (instancetype)initWithURL:(NSURL *)url
   ^
/Users/jonahmicahinguito/dev/rotaract-connect/ios/Pods/Headers/Public/React-Core/React/RCTMultipartDataTask.h:30:4: note: insert '_Nullable' if the pointer may be null
- (instancetype)initWithURL:(NSURL *)url
   ^
/Users/jonahmicahinguito/dev/rotaract-connect/ios/Pods/Headers/Public/React-Core/React/RCTMultipartDataTask.h:30:4: note: insert '_Nonnull' if the pointer should never be null
- (instancetype)initWithURL:(NSURL *)url
   ^
<module-includes>:1:9: note: in file included from <module-includes>:1:
#import "React-Core-umbrella.h"
        ^
/Users/jonahmicahinguito/dev/rotaract-connect/ios/Pods/Headers/Public/React/React-Core-umbrella.h:87:9: note: in file included from /Users/jonahmicahinguito/dev/rotaract-connect/ios/Pods/Headers/Public/React/React-Core-umbrella.h:87:
#import "React/RCTMultipartDataTask.h"
        ^
/Users/jonahmicahinguito/dev/rotaract-connect/ios/Pods/Headers/Public/React-Core/React/RCTMultipartDataTask.h:30:36: warning: pointer is missing a nullability type specifier (_Nonnull, _Nullable, or _Null_unspecified)
- (instancetype)initWithURL:(NSURL *)url
                                   ^
/Users/jonahmicahinguito/dev/rotaract-connect/ios/Pods/Headers/Public/React-Core/React/RCTMultipartDataTask.h:30:36: note: insert '_Nullable' if the pointer may be null
- (instancetype)initWithURL:(NSURL *)url
                                   ^
/Users/jonahmicahinguito/dev/rotaract-connect/ios/Pods/Headers/Public/React-Core/React/RCTMultipartDataTask.h:30:36: note: insert '_Nonnull' if the pointer should never be null
- (instancetype)initWithURL:(NSURL *)url
                                   ^
<module-includes>:1:9: note: in file included from <module-includes>:1:
#import "React-Core-umbrella.h"
        ^
/Users/jonahmicahinguito/dev/rotaract-connect/ios/Pods/Headers/Public/React/React-Core-umbrella.h:87:9: note: in file included from /Users/jonahmicahinguito/dev/rotaract-connect/ios/Pods/Headers/Public/React/React-Core-umbrella.h:87:
#import "React/RCTMultipartDataTask.h"
        ^
/Users/jonahmicahinguito/dev/rotaract-connect/ios/Pods/Headers/Public/React-Core/React/RCTMultipartDataTask.h:31:30: warning: block pointer is missing a nullability type specifier (_Nonnull, _Nullable, or _Null_unspecified)
                partHandler:(RCTMultipartDataTaskCallback)partHandler
                             ^
/Users/jonahmicahinguito/dev/rotaract-connect/ios/Pods/Headers/Public/React-Core/React/RCTMultipartDataTask.h:31:30: note: insert '_Nullable' if the block pointer may be null
                partHandler:(RCTMultipartDataTaskCallback)partHandler
                             ^
/Users/jonahmicahinguito/dev/rotaract-connect/ios/Pods/Headers/Public/React-Core/React/RCTMultipartDataTask.h:31:30: note: insert '_Nonnull' if the block pointer should never be null
                partHandler:(RCTMultipartDataTaskCallback)partHandler
                             ^
<module-includes>:1:9: note: in file included from <module-includes>:1:
#import "React-Core-umbrella.h"
        ^
/Users/jonahmicahinguito/dev/rotaract-connect/ios/Pods/Headers/Public/React/React-Core-umbrella.h:87:9: note: in file included from /Users/jonahmicahinguito/dev/rotaract-connect/ios/Pods/Headers/Public/React/React-Core-umbrella.h:87:
#import "React/RCTMultipartDataTask.h"
        ^
/Users/jonahmicahinguito/dev/rotaract-connect/ios/Pods/Headers/Public/React-Core/React/RCTMultipartDataTask.h:32:30: warning: block pointer is missing a nullability type specifier (_Nonnull, _Nullable, or _Null_unspecified)
            progressHandler:(RCTMultipartProgressCallback)progressHandler;
                             ^
/Users/jonahmicahinguito/dev/rotaract-connect/ios/Pods/Headers/Public/React-Core/React/RCTMultipartDataTask.h:32:30: note: insert '_Nullable' if the block pointer may be null
            progressHandler:(RCTMultipartProgressCallback)progressHandler;
                             ^
/Users/jonahmicahinguito/dev/rotaract-connect/ios/Pods/Headers/Public/React-Core/React/RCTMultipartDataTask.h:32:30: note: insert '_Nonnull' if the block pointer should never be null
            progressHandler:(RCTMultipartProgressCallback)progressHandler;
                             ^
<module-includes>:1:9: note: in file included from <module-includes>:1:
#import "React-Core-umbrella.h"
        ^
/Users/jonahmicahinguito/dev/rotaract-connect/ios/Pods/Headers/Public/React/React-Core-umbrella.h:150:9: note: in file included from /Users/jonahmicahinguito/dev/rotaract-connect/ios/Pods/Headers/Public/React/React-Core-umbrella.h:150:
#import "React/RCTModalHostView.h"
        ^
/Users/jonahmicahinguito/dev/rotaract-connect/ios/Pods/Headers/Public/React-Core/React/RCTModalHostView.h:55:31: warning: 'RCTModalHostView' is deprecated: This API will be removed along with the legacy architecture.
- (void)presentModalHostView:(RCTModalHostView *)modalHostView
                              ^
/Users/jonahmicahinguito/dev/rotaract-connect/ios/Pods/Headers/Public/React-Core/React/RCTModalHostView.h:21:16: note: 'RCTModalHostView' has been explicitly marked deprecated here
__attribute__((deprecated("This API will be removed along with the legacy architecture.")))
               ^
<module-includes>:1:9: note: in file included from <module-includes>:1:
#import "React-Core-umbrella.h"
        ^
/Users/jonahmicahinguito/dev/rotaract-connect/ios/Pods/Headers/Public/React/React-Core-umbrella.h:150:9: note: in file included from /Users/jonahmicahinguito/dev/rotaract-connect/ios/Pods/Headers/Public/React/React-Core-umbrella.h:150:
#import "React/RCTModalHostView.h"
        ^
/Users/jonahmicahinguito/dev/rotaract-connect/ios/Pods/Headers/Public/React-Core/React/RCTModalHostView.h:58:31: warning: 'RCTModalHostView' is deprecated: This API will be removed along with the legacy architecture.
- (void)dismissModalHostView:(RCTModalHostView *)modalHostView
                              ^
/Users/jonahmicahinguito/dev/rotaract-connect/ios/Pods/Headers/Public/React-Core/React/RCTModalHostView.h:21:16: note: 'RCTModalHostView' has been explicitly marked deprecated here
__attribute__((deprecated("This API will be removed along with the legacy architecture.")))
               ^
<module-includes>:1:9: note: in file included from <module-includes>:1:
#import "React-Core-umbrella.h"
        ^
/Users/jonahmicahinguito/dev/rotaract-connect/ios/Pods/Headers/Public/React/React-Core-umbrella.h:156:9: note: in file included from /Users/jonahmicahinguito/dev/rotaract-connect/ios/Pods/Headers/Public/React/React-Core-umbrella.h:156:
#import "React/RCTShadowView+Internal.h"
        ^
/Users/jonahmicahinguito/dev/rotaract-connect/ios/Pods/Headers/Public/React-Core/React/RCTShadowView+Internal.h:16:40: warning: 'RCTRootShadowView' is deprecated: This API will be removed along with the legacy architecture.
@property (nonatomic, weak, readwrite) RCTRootShadowView *rootView;
                                       ^
/Users/jonahmicahinguito/dev/rotaract-connect/ios/Pods/Headers/Public/React-Core/React/RCTRootShadowView.h:11:16: note: 'RCTRootShadowView' has been explicitly marked deprecated here
__attribute__((deprecated("This API will be removed along with the legacy architecture.")))
               ^
<module-includes>:1:9: note: in file included from <module-includes>:1:
#import "React-Core-umbrella.h"
        ^
/Users/jonahmicahinguito/dev/rotaract-connect/ios/Pods/Headers/Public/React/React-Core-umbrella.h:247:9: note: in file included from /Users/jonahmicahinguito/dev/rotaract-connect/ios/Pods/Headers/Public/React/React-Core-umbrella.h:247:
#import "React/RCTHTTPRequestHandler.h"
        ^
/Users/jonahmicahinguito/dev/rotaract-connect/ios/Pods/Headers/Public/React-Core/React/RCTHTTPRequestHandler.h:11:35: warning: pointer is missing a nullability type specifier (_Nonnull, _Nullable, or _Null_unspecified)
typedef NSURLSessionConfiguration * (^NSURLSessionConfigurationProvider)(void);
                                  ^
/Users/jonahmicahinguito/dev/rotaract-connect/ios/Pods/Headers/Public/React-Core/React/RCTHTTPRequestHandler.h:11:35: note: insert '_Nullable' if the pointer may be null
typedef NSURLSessionConfiguration * (^NSURLSessionConfigurationProvider)(void);
                                  ^
/Users/jonahmicahinguito/dev/rotaract-connect/ios/Pods/Headers/Public/React-Core/React/RCTHTTPRequestHandler.h:11:35: note: insert '_Nonnull' if the pointer should never be null
typedef NSURLSessionConfiguration * (^NSURLSessionConfigurationProvider)(void);
                                  ^
<module-includes>:1:9: note: in file included from <module-includes>:1:
#import "React-Core-umbrella.h"
        ^
/Users/jonahmicahinguito/dev/rotaract-connect/ios/Pods/Headers/Public/React/React-Core-umbrella.h:247:9: note: in file included from /Users/jonahmicahinguito/dev/rotaract-connect/ios/Pods/Headers/Public/React/React-Core-umbrella.h:247:
#import "React/RCTHTTPRequestHandler.h"
        ^
/Users/jonahmicahinguito/dev/rotaract-connect/ios/Pods/Headers/Public/React-Core/React/RCTHTTPRequestHandler.h:24:52: warning: block pointer is missing a nullability type specifier (_Nonnull, _Nullable, or _Null_unspecified)
RCT_EXTERN void RCTSetCustomHTTPRequestInterceptor(RCTHTTPRequestInterceptor /*interceptor*/);
                                                   ^
/Users/jonahmicahinguito/dev/rotaract-connect/ios/Pods/Headers/Public/React-Core/React/RCTHTTPRequestHandler.h:24:52: note: insert '_Nullable' if the block pointer may be null
RCT_EXTERN void RCTSetCustomHTTPRequestInterceptor(RCTHTTPRequestInterceptor /*interceptor*/);
                                                   ^
/Users/jonahmicahinguito/dev/rotaract-connect/ios/Pods/Headers/Public/React-Core/React/RCTHTTPRequestHandler.h:24:52: note: insert '_Nonnull' if the block pointer should never be null
RCT_EXTERN void RCTSetCustomHTTPRequestInterceptor(RCTHTTPRequestInterceptor /*interceptor*/);
                                                   ^
<module-includes>:1:9: note: in file included from <module-includes>:1:
#import "ExpoAudio-umbrella.h"
        ^
/Users/jonahmicahinguito/Library/Developer/Xcode/DerivedData/rotaractconnect-cjwcbdlngckcsaantafkjnfzfbdk/Build/Products/Debug-iphoneos/ExpoAudio/ExpoAudio-umbrella.h:13:9: note: in file included from /Users/jonahmicahinguito/Library/Developer/Xcode/DerivedData/rotaractconnect-cjwcbdlngckcsaantafkjnfzfbdk/Build/Products/Debug-iphoneos/ExpoAudio/ExpoAudio-umbrella.h:13:
#import "AudioTapProcessor.h"
        ^
/Users/jonahmicahinguito/dev/rotaract-connect/ios/Pods/Headers/Public/ExpoAudio/AudioTapProcessor.h:4:50: warning: pointer is missing a nullability type specifier (_Nonnull, _Nullable, or _Null_unspecified)
typedef void (^SampleBufferCallback)(AudioBuffer *audioBuffer, long frameCount, double timestamp);
                                                 ^
/Users/jonahmicahinguito/dev/rotaract-connect/ios/Pods/Headers/Public/ExpoAudio/AudioTapProcessor.h:4:50: note: insert '_Nullable' if the pointer may be null
typedef void (^SampleBufferCallback)(AudioBuffer *audioBuffer, long frameCount, double timestamp);
                                                 ^
/Users/jonahmicahinguito/dev/rotaract-connect/ios/Pods/Headers/Public/ExpoAudio/AudioTapProcessor.h:4:50: note: insert '_Nonnull' if the pointer should never be null
typedef void (^SampleBufferCallback)(AudioBuffer *audioBuffer, long frameCount, double timestamp);
                                                 ^
<module-includes>:1:9: note: in file included from <module-includes>:1:
#import "ExpoAudio-umbrella.h"
        ^
/Users/jonahmicahinguito/Library/Developer/Xcode/DerivedData/rotaractconnect-cjwcbdlngckcsaantafkjnfzfbdk/Build/Products/Debug-iphoneos/ExpoAudio/ExpoAudio-umbrella.h:13:9: note: in file included from /Users/jonahmicahinguito/Library/Developer/Xcode/DerivedData/rotaractconnect-cjwcbdlngckcsaantafkjnfzfbdk/Build/Products/Debug-iphoneos/ExpoAudio/ExpoAudio-umbrella.h:13:
#import "AudioTapProcessor.h"
        ^
/Users/jonahmicahinguito/dev/rotaract-connect/ios/Pods/Headers/Public/ExpoAudio/AudioTapProcessor.h:9:50: warning: pointer is missing a nullability type specifier (_Nonnull, _Nullable, or _Null_unspecified)
@property (nonatomic, strong, readonly) AVPlayer *player;
                                                 ^
/Users/jonahmicahinguito/dev/rotaract-connect/ios/Pods/Headers/Public/ExpoAudio/AudioTapProcessor.h:9:50: note: insert '_Nullable' if the pointer may be null
@property (nonatomic, strong, readonly) AVPlayer *player;
                                                 ^
/Users/jonahmicahinguito/dev/rotaract-connect/ios/Pods/Headers/Public/ExpoAudio/AudioTapProcessor.h:9:50: note: insert '_Nonnull' if the pointer should never be null
@property (nonatomic, strong, readonly) AVPlayer *player;
                                                 ^
<module-includes>:1:9: note: in file included from <module-includes>:1:
#import "ExpoAudio-umbrella.h"
        ^
/Users/jonahmicahinguito/Library/Developer/Xcode/DerivedData/rotaractconnect-cjwcbdlngckcsaantafkjnfzfbdk/Build/Products/Debug-iphoneos/ExpoAudio/ExpoAudio-umbrella.h:13:9: note: in file included from /Users/jonahmicahinguito/Library/Developer/Xcode/DerivedData/rotaractconnect-cjwcbdlngckcsaantafkjnfzfbdk/Build/Products/Debug-iphoneos/ExpoAudio/ExpoAudio-umbrella.h:13:
#import "AudioTapProcessor.h"
        ^
/Users/jonahmicahinguito/dev/rotaract-connect/ios/Pods/Headers/Public/ExpoAudio/AudioTapProcessor.h:12:4: warning: pointer is missing a nullability type specifier (_Nonnull, _Nullable, or _Null_unspecified)
- (instancetype)initWithPlayer:(AVPlayer *)player;
   ^
/Users/jonahmicahinguito/dev/rotaract-connect/ios/Pods/Headers/Public/ExpoAudio/AudioTapProcessor.h:12:4: note: insert '_Nullable' if the pointer may be null
- (instancetype)initWithPlayer:(AVPlayer *)player;
   ^
/Users/jonahmicahinguito/dev/rotaract-connect/ios/Pods/Headers/Public/ExpoAudio/AudioTapProcessor.h:12:4: note: insert '_Nonnull' if the pointer should never be null
- (instancetype)initWithPlayer:(AVPlayer *)player;
   ^
<module-includes>:1:9: note: in file included from <module-includes>:1:
#import "ExpoAudio-umbrella.h"
        ^
/Users/jonahmicahinguito/Library/Developer/Xcode/DerivedData/rotaractconnect-cjwcbdlngckcsaantafkjnfzfbdk/Build/Products/Debug-iphoneos/ExpoAudio/ExpoAudio-umbrella.h:13:9: note: in file included from /Users/jonahmicahinguito/Library/Developer/Xcode/DerivedData/rotaractconnect-cjwcbdlngckcsaantafkjnfzfbdk/Build/Products/Debug-iphoneos/ExpoAudio/ExpoAudio-umbrella.h:13:
#import "AudioTapProcessor.h"
        ^
/Users/jonahmicahinguito/dev/rotaract-connect/ios/Pods/Headers/Public/ExpoAudio/AudioTapProcessor.h:12:42: warning: pointer is missing a nullability type specifier (_Nonnull, _Nullable, or _Null_unspecified)
- (instancetype)initWithPlayer:(AVPlayer *)player;
                                         ^
/Users/jonahmicahinguito/dev/rotaract-connect/ios/Pods/Headers/Public/ExpoAudio/AudioTapProcessor.h:12:42: note: insert '_Nullable' if the pointer may be null
- (instancetype)initWithPlayer:(AVPlayer *)player;
                                         ^
/Users/jonahmicahinguito/dev/rotaract-connect/ios/Pods/Headers/Public/ExpoAudio/AudioTapProcessor.h:12:42: note: insert '_Nonnull' if the pointer should never be null
- (instancetype)initWithPlayer:(AVPlayer *)player;
                                         ^
<module-includes>:1:9: note: in file included from <module-includes>:1:
#import "EXUpdates-umbrella.h"
        ^
/Users/jonahmicahinguito/Library/Developer/Xcode/DerivedData/rotaractconnect-cjwcbdlngckcsaantafkjnfzfbdk/Build/Products/Debug-iphoneos/EXUpdates/EXUpdates-umbrella.h:13:9: note: in file included from /Users/jonahmicahinguito/Library/Developer/Xcode/DerivedData/rotaractconnect-cjwcbdlngckcsaantafkjnfzfbdk/Build/Products/Debug-iphoneos/EXUpdates/EXUpdates-umbrella.h:13:
#import "EXUpdates.h"
        ^
/Users/jonahmicahinguito/dev/rotaract-connect/ios/Pods/Headers/Public/EXUpdates/EXUpdates.h:4:9: note: in file included from /Users/jonahmicahinguito/dev/rotaract-connect/ios/Pods/Headers/Public/EXUpdates/EXUpdates.h:4:
#import "EXUpdates-umbrella.h"
        ^
/Users/jonahmicahinguito/dev/rotaract-connect/ios/Pods/Headers/Public/EXUpdates/EXUpdates-umbrella.h:15:9: note: in file included from /Users/jonahmicahinguito/dev/rotaract-connect/ios/Pods/Headers/Public/EXUpdates/EXUpdates-umbrella.h:15:
#import "EXDeferredRCTRootView.h"
        ^
/Users/jonahmicahinguito/dev/rotaract-connect/ios/Pods/Headers/Public/EXUpdates/EXDeferredRCTRootView.h:3:9: note: in file included from /Users/jonahmicahinguito/dev/rotaract-connect/ios/Pods/Headers/Public/EXUpdates/EXDeferredRCTRootView.h:3:
#import <ExpoModulesCore/ExpoModulesCore.h>
        ^
/Users/jonahmicahinguito/dev/rotaract-connect/ios/Pods/Headers/Public/ExpoModulesCore/ExpoModulesCore/ExpoModulesCore.h:16:9: note: in file included from /Users/jonahmicahinguito/dev/rotaract-connect/ios/Pods/Headers/Public/ExpoModulesCore/ExpoModulesCore/ExpoModulesCore.h:16:
#import <ExpoModulesCore/EXFilePermissionModuleInterface.h>
        ^
/Users/jonahmicahinguito/dev/rotaract-connect/ios/Pods/Headers/Public/ExpoModulesCore/ExpoModulesCore/EXFilePermissionModuleInterface.h:3:9: note: in file included from /Users/jonahmicahinguito/dev/rotaract-connect/ios/Pods/Headers/Public/ExpoModulesCore/ExpoModulesCore/EXFilePermissionModuleInterface.h:3:
#import <ExpoModulesCore/EXFileSystemInterface.h>
        ^
/Users/jonahmicahinguito/dev/rotaract-connect/ios/Pods/Headers/Public/ExpoModulesCore/ExpoModulesCore/EXFileSystemInterface.h:14:42: warning: pointer is missing a nullability type specifier (_Nonnull, _Nullable, or _Null_unspecified)
@property (nonatomic, readonly) NSString *documentDirectory;
                                         ^
/Users/jonahmicahinguito/dev/rotaract-connect/ios/Pods/Headers/Public/ExpoModulesCore/ExpoModulesCore/EXFileSystemInterface.h:14:42: note: insert '_Nullable' if the pointer may be null
@property (nonatomic, readonly) NSString *documentDirectory;
                                         ^
/Users/jonahmicahinguito/dev/rotaract-connect/ios/Pods/Headers/Public/ExpoModulesCore/ExpoModulesCore/EXFileSystemInterface.h:14:42: note: insert '_Nonnull' if the pointer should never be null
@property (nonatomic, readonly) NSString *documentDirectory;
                                         ^
<module-includes>:1:9: note: in file included from <module-includes>:1:
#import "EXUpdates-umbrella.h"
        ^
/Users/jonahmicahinguito/Library/Developer/Xcode/DerivedData/rotaractconnect-cjwcbdlngckcsaantafkjnfzfbdk/Build/Products/Debug-iphoneos/EXUpdates/EXUpdates-umbrella.h:13:9: note: in file included from /Users/jonahmicahinguito/Library/Developer/Xcode/DerivedData/rotaractconnect-cjwcbdlngckcsaantafkjnfzfbdk/Build/Products/Debug-iphoneos/EXUpdates/EXUpdates-umbrella.h:13:
#import "EXUpdates.h"
        ^
/Users/jonahmicahinguito/dev/rotaract-connect/ios/Pods/Headers/Public/EXUpdates/EXUpdates.h:4:9: note: in file included from /Users/jonahmicahinguito/dev/rotaract-connect/ios/Pods/Headers/Public/EXUpdates/EXUpdates.h:4:
#import "EXUpdates-umbrella.h"
        ^
/Users/jonahmicahinguito/dev/rotaract-connect/ios/Pods/Headers/Public/EXUpdates/EXUpdates-umbrella.h:15:9: note: in file included from /Users/jonahmicahinguito/dev/rotaract-connect/ios/Pods/Headers/Public/EXUpdates/EXUpdates-umbrella.h:15:
#import "EXDeferredRCTRootView.h"
        ^
/Users/jonahmicahinguito/dev/rotaract-connect/ios/Pods/Headers/Public/EXUpdates/EXDeferredRCTRootView.h:3:9: note: in file included from /Users/jonahmicahinguito/dev/rotaract-connect/ios/Pods/Headers/Public/EXUpdates/EXDeferredRCTRootView.h:3:
#import <ExpoModulesCore/ExpoModulesCore.h>
        ^
/Users/jonahmicahinguito/dev/rotaract-connect/ios/Pods/Headers/Public/ExpoModulesCore/ExpoModulesCore/ExpoModulesCore.h:16:9: note: in file included from /Users/jonahmicahinguito/dev/rotaract-connect/ios/Pods/Headers/Public/ExpoModulesCore/ExpoModulesCore/ExpoModulesCore.h:16:
#import <ExpoModulesCore/EXFilePermissionModuleInterface.h>
        ^
/Users/jonahmicahinguito/dev/rotaract-connect/ios/Pods/Headers/Public/ExpoModulesCore/ExpoModulesCore/EXFilePermissionModuleInterface.h:3:9: note: in file included from /Users/jonahmicahinguito/dev/rotaract-connect/ios/Pods/Headers/Public/ExpoModulesCore/ExpoModulesCore/EXFilePermissionModuleInterface.h:3:
#import <ExpoModulesCore/EXFileSystemInterface.h>
        ^
/Users/jonahmicahinguito/dev/rotaract-connect/ios/Pods/Headers/Public/ExpoModulesCore/ExpoModulesCore/EXFileSystemInterface.h:20:57: warning: pointer is missing a nullability type specifier (_Nonnull, _Nullable, or _Null_unspecified)
- (nonnull NSString *)generatePathInDirectory:(NSString *)directory withExtension:(NSString *)extension;
                                                        ^
/Users/jonahmicahinguito/dev/rotaract-connect/ios/Pods/Headers/Public/ExpoModulesCore/ExpoModulesCore/EXFileSystemInterface.h:20:57: note: insert '_Nullable' if the pointer may be null
- (nonnull NSString *)generatePathInDirectory:(NSString *)directory withExtension:(NSString *)extension;
                                                        ^
/Users/jonahmicahinguito/dev/rotaract-connect/ios/Pods/Headers/Public/ExpoModulesCore/ExpoModulesCore/EXFileSystemInterface.h:20:57: note: insert '_Nonnull' if the pointer should never be null
- (nonnull NSString *)generatePathInDirectory:(NSString *)directory withExtension:(NSString *)extension;
                                                        ^
<module-includes>:1:9: note: in file included from <module-includes>:1:
#import "EXUpdates-umbrella.h"
        ^
/Users/jonahmicahinguito/Library/Developer/Xcode/DerivedData/rotaractconnect-cjwcbdlngckcsaantafkjnfzfbdk/Build/Products/Debug-iphoneos/EXUpdates/EXUpdates-umbrella.h:13:9: note: in file included from /Users/jonahmicahinguito/Library/Developer/Xcode/DerivedData/rotaractconnect-cjwcbdlngckcsaantafkjnfzfbdk/Build/Products/Debug-iphoneos/EXUpdates/EXUpdates-umbrella.h:13:
#import "EXUpdates.h"
        ^
/Users/jonahmicahinguito/dev/rotaract-connect/ios/Pods/Headers/Public/EXUpdates/EXUpdates.h:4:9: note: in file included from /Users/jonahmicahinguito/dev/rotaract-connect/ios/Pods/Headers/Public/EXUpdates/EXUpdates.h:4:
#import "EXUpdates-umbrella.h"
        ^
/Users/jonahmicahinguito/dev/rotaract-connect/ios/Pods/Headers/Public/EXUpdates/EXUpdates-umbrella.h:15:9: note: in file included from /Users/jonahmicahinguito/dev/rotaract-connect/ios/Pods/Headers/Public/EXUpdates/EXUpdates-umbrella.h:15:
#import "EXDeferredRCTRootView.h"
        ^
/Users/jonahmicahinguito/dev/rotaract-connect/ios/Pods/Headers/Public/EXUpdates/EXDeferredRCTRootView.h:3:9: note: in file included from /Users/jonahmicahinguito/dev/rotaract-connect/ios/Pods/Headers/Public/EXUpdates/EXDeferredRCTRootView.h:3:
#import <ExpoModulesCore/ExpoModulesCore.h>
        ^
/Users/jonahmicahinguito/dev/rotaract-connect/ios/Pods/Headers/Public/ExpoModulesCore/ExpoModulesCore/ExpoModulesCore.h:16:9: note: in file included from /Users/jonahmicahinguito/dev/rotaract-connect/ios/Pods/Headers/Public/ExpoModulesCore/ExpoModulesCore/ExpoModulesCore.h:16:
#import <ExpoModulesCore/EXFilePermissionModuleInterface.h>
        ^
/Users/jonahmicahinguito/dev/rotaract-connect/ios/Pods/Headers/Public/ExpoModulesCore/ExpoModulesCore/EXFilePermissionModuleInterface.h:3:9: note: in file included from /Users/jonahmicahinguito/dev/rotaract-connect/ios/Pods/Headers/Public/ExpoModulesCore/ExpoModulesCore/EXFilePermissionModuleInterface.h:3:
#import <ExpoModulesCore/EXFileSystemInterface.h>
        ^
/Users/jonahmicahinguito/dev/rotaract-connect/ios/Pods/Headers/Public/ExpoModulesCore/ExpoModulesCore/EXFileSystemInterface.h:20:93: warning: pointer is missing a nullability type specifier (_Nonnull, _Nullable, or _Null_unspecified)
- (nonnull NSString *)generatePathInDirectory:(NSString *)directory withExtension:(NSString *)extension;
                                                                                            ^
/Users/jonahmicahinguito/dev/rotaract-connect/ios/Pods/Headers/Public/ExpoModulesCore/ExpoModulesCore/EXFileSystemInterface.h:20:93: note: insert '_Nullable' if the pointer may be null
- (nonnull NSString *)generatePathInDirectory:(NSString *)directory withExtension:(NSString *)extension;
                                                                                            ^
/Users/jonahmicahinguito/dev/rotaract-connect/ios/Pods/Headers/Public/ExpoModulesCore/ExpoModulesCore/EXFileSystemInterface.h:20:93: note: insert '_Nonnull' if the pointer should never be null
- (nonnull NSString *)generatePathInDirectory:(NSString *)directory withExtension:(NSString *)extension;
                                                                                            ^
<module-includes>:1:9: note: in file included from <module-includes>:1:
#import "EXUpdates-umbrella.h"
        ^
/Users/jonahmicahinguito/Library/Developer/Xcode/DerivedData/rotaractconnect-cjwcbdlngckcsaantafkjnfzfbdk/Build/Products/Debug-iphoneos/EXUpdates/EXUpdates-umbrella.h:13:9: note: in file included from /Users/jonahmicahinguito/Library/Developer/Xcode/DerivedData/rotaractconnect-cjwcbdlngckcsaantafkjnfzfbdk/Build/Products/Debug-iphoneos/EXUpdates/EXUpdates-umbrella.h:13:
#import "EXUpdates.h"
        ^
/Users/jonahmicahinguito/dev/rotaract-connect/ios/Pods/Headers/Public/EXUpdates/EXUpdates.h:4:9: note: in file included from /Users/jonahmicahinguito/dev/rotaract-connect/ios/Pods/Headers/Public/EXUpdates/EXUpdates.h:4:
#import "EXUpdates-umbrella.h"
        ^
/Users/jonahmicahinguito/dev/rotaract-connect/ios/Pods/Headers/Public/EXUpdates/EXUpdates-umbrella.h:15:9: note: in file included from /Users/jonahmicahinguito/dev/rotaract-connect/ios/Pods/Headers/Public/EXUpdates/EXUpdates-umbrella.h:15:
#import "EXDeferredRCTRootView.h"
        ^
/Users/jonahmicahinguito/dev/rotaract-connect/ios/Pods/Headers/Public/EXUpdates/EXDeferredRCTRootView.h:3:9: note: in file included from /Users/jonahmicahinguito/dev/rotaract-connect/ios/Pods/Headers/Public/EXUpdates/EXDeferredRCTRootView.h:3:
#import <ExpoModulesCore/ExpoModulesCore.h>
        ^
/Users/jonahmicahinguito/dev/rotaract-connect/ios/Pods/Headers/Public/ExpoModulesCore/ExpoModulesCore/ExpoModulesCore.h:16:9: note: in file included from /Users/jonahmicahinguito/dev/rotaract-connect/ios/Pods/Headers/Public/ExpoModulesCore/ExpoModulesCore/ExpoModulesCore.h:16:
#import <ExpoModulesCore/EXFilePermissionModuleInterface.h>
        ^
/Users/jonahmicahinguito/dev/rotaract-connect/ios/Pods/Headers/Public/ExpoModulesCore/ExpoModulesCore/EXFilePermissionModuleInterface.h:3:9: note: in file included from /Users/jonahmicahinguito/dev/rotaract-connect/ios/Pods/Headers/Public/ExpoModulesCore/ExpoModulesCore/EXFilePermissionModuleInterface.h:3:
#import <ExpoModulesCore/EXFileSystemInterface.h>
        ^
/Users/jonahmicahinguito/dev/rotaract-connect/ios/Pods/Headers/Public/ExpoModulesCore/ExpoModulesCore/EXFileSystemInterface.h:21:43: warning: pointer is missing a nullability type specifier (_Nonnull, _Nullable, or _Null_unspecified)
- (BOOL)ensureDirExistsWithPath:(NSString *)path;
                                          ^
/Users/jonahmicahinguito/dev/rotaract-connect/ios/Pods/Headers/Public/ExpoModulesCore/ExpoModulesCore/EXFileSystemInterface.h:21:43: note: insert '_Nullable' if the pointer may be null
- (BOOL)ensureDirExistsWithPath:(NSString *)path;
                                          ^
/Users/jonahmicahinguito/dev/rotaract-connect/ios/Pods/Headers/Public/ExpoModulesCore/ExpoModulesCore/EXFileSystemInterface.h:21:43: note: insert '_Nonnull' if the pointer should never be null
- (BOOL)ensureDirExistsWithPath:(NSString *)path;
                                          ^

/Users/jonahmicahinguito/dev/rotaract-connect/ios/Pods/Headers/Public/Expo/Expo/RCTAppDelegateUmbrella.h:18:9: While building module 'React_RCTAppDelegate' imported from /Users/jonahmicahinguito/dev/rotaract-connect/ios/Pods/Headers/Public/Expo/Expo/RCTAppDelegateUmbrella.h:18:

/Users/jonahmicahinguito/dev/rotaract-connect/ios/<module-includes>:1:9: In file included from <module-includes>:1:

/Users/jonahmicahinguito/dev/rotaract-connect/ios/Pods/Headers/Public/React_RCTAppDelegate/React-RCTAppDelegate-umbrella.h:13:9: In file included from /Users/jonahmicahinguito/dev/rotaract-connect/ios/Pods/Headers/Public/React_RCTAppDelegate/React-RCTAppDelegate-umbrella.h:13:

/Users/jonahmicahinguito/dev/rotaract-connect/ios/Pods/Headers/Public/React-RCTAppDelegate/RCTAppDelegate.h:9:9: In file included from /Users/jonahmicahinguito/dev/rotaract-connect/ios/Pods/Headers/Public/React-RCTAppDelegate/RCTAppDelegate.h:9:

/Users/jonahmicahinguito/dev/rotaract-connect/ios/Pods/Headers/Public/React-RCTAppDelegate/RCTDefaultReactNativeFactoryDelegate.h:9:9: In file included from /Users/jonahmicahinguito/dev/rotaract-connect/ios/Pods/Headers/Public/React-RCTAppDelegate/RCTDefaultReactNativeFactoryDelegate.h:9:

/Users/jonahmicahinguito/dev/rotaract-connect/ios/Pods/Headers/Public/React-RCTAppDelegate/RCTReactNativeFactory.h:15:9: In file included from /Users/jonahmicahinguito/dev/rotaract-connect/ios/Pods/Headers/Public/React-RCTAppDelegate/RCTReactNativeFactory.h:15:

/Users/jonahmicahinguito/dev/rotaract-connect/ios/Pods/Headers/Public/React-RCTAppDelegate/RCTUIConfiguratorProtocol.h:40:28: 'RCTRootView' is deprecated: This API will be removed along with the legacy architecture.

/Users/jonahmicahinguito/dev/rotaract-connect/ios/Pods/Headers/Public/ExpoModulesCore/ExpoModulesCore/EXFileSystemInterface.h:14:42: Pointer is missing a nullability type specifier (_Nonnull, _Nullable, or _Null_unspecified)

/Users/jonahmicahinguito/dev/rotaract-connect/ios/Pods/Headers/Public/ExpoModulesCore/ExpoModulesCore/EXFileSystemInterface.h:20:57: Pointer is missing a nullability type specifier (_Nonnull, _Nullable, or _Null_unspecified)

/Users/jonahmicahinguito/dev/rotaract-connect/ios/Pods/Headers/Public/ExpoModulesCore/ExpoModulesCore/EXFileSystemInterface.h:20:93: Pointer is missing a nullability type specifier (_Nonnull, _Nullable, or _Null_unspecified)

/Users/jonahmicahinguito/dev/rotaract-connect/ios/Pods/Headers/Public/ExpoModulesCore/ExpoModulesCore/EXFileSystemInterface.h:21:43: Pointer is missing a nullability type specifier (_Nonnull, _Nullable, or _Null_unspecified)

/Users/jonahmicahinguito/dev/rotaract-connect/ios/Pods/Headers/Public/Expo/Expo/ExpoReactNativeFactory.h:11:58: Cannot find protocol definition for 'RCTHostDelegate'

/Users/jonahmicahinguito/dev/rotaract-connect/ios/Pods/Headers/Public/ExpoModulesCore/ExpoModulesCore/EXFileSystemInterface.h:14:42: Pointer is missing a nullability type specifier (_Nonnull, _Nullable, or _Null_unspecified)

/Users/jonahmicahinguito/dev/rotaract-connect/ios/Pods/Headers/Public/ExpoModulesCore/ExpoModulesCore/EXFileSystemInterface.h:20:57: Pointer is missing a nullability type specifier (_Nonnull, _Nullable, or _Null_unspecified)

/Users/jonahmicahinguito/dev/rotaract-connect/ios/Pods/Headers/Public/ExpoModulesCore/ExpoModulesCore/EXFileSystemInterface.h:20:93: Pointer is missing a nullability type specifier (_Nonnull, _Nullable, or _Null_unspecified)

/Users/jonahmicahinguito/dev/rotaract-connect/ios/Pods/Headers/Public/ExpoModulesCore/ExpoModulesCore/EXFileSystemInterface.h:21:43: Pointer is missing a nullability type specifier (_Nonnull, _Nullable, or _Null_unspecified)

/Users/jonahmicahinguito/dev/rotaract-connect/ios/Pods/Headers/Public/ExpoModulesCore/ExpoModulesCore/EXModuleRegistryHolderReactModule.h:7:58: Cannot find protocol definition for 'RCTBridgeModule'

/Users/jonahmicahinguito/dev/rotaract-connect/ios/Pods/Headers/Public/React-Core/React/RCTRedBox+Internal.h:17:44: Pointer is missing a nullability type specifier (_Nonnull, _Nullable, or _Null_unspecified)

/Users/jonahmicahinguito/dev/rotaract-connect/ios/Pods/Headers/Public/React-Core/React/RCTRedBox2Controller+Internal.h:20:4: Pointer is missing a nullability type specifier (_Nonnull, _Nullable, or _Null_unspecified)

/Users/jonahmicahinguito/dev/rotaract-connect/ios/Pods/Headers/Public/React-Core/React/RCTRedBox2ErrorParser+Internal.h:17:38: Pointer is missing a nullability type specifier (_Nonnull, _Nullable, or _Null_unspecified)

/Users/jonahmicahinguito/dev/rotaract-connect/ios/Pods/Headers/Public/React-Core/React/RCTRedBox2ErrorParser+Internal.h:41:24: Pointer is missing a nullability type specifier (_Nonnull, _Nullable, or _Null_unspecified)

/Users/jonahmicahinguito/dev/rotaract-connect/ios/Pods/Headers/Public/React-Core/React/RCTRedBox2ErrorParser+Internal.h:41:54: Pointer is missing a nullability type specifier (_Nonnull, _Nullable, or _Null_unspecified)

/Users/jonahmicahinguito/dev/rotaract-connect/ios/Pods/Headers/Public/React-Core/React/RCTWebSocketModule.h:23:21: Pointer is missing a nullability type specifier (_Nonnull, _Nullable, or _Null_unspecified)

/Users/jonahmicahinguito/dev/rotaract-connect/ios/Pods/Headers/Public/React-Core/React/RCTMultipartDataTask.h:15:18: Pointer is missing a nullability type specifier (_Nonnull, _Nullable, or _Null_unspecified)

/Users/jonahmicahinguito/dev/rotaract-connect/ios/Pods/Headers/Public/React-Core/React/RCTMultipartDataTask.h:26:65: Block pointer is missing a nullability type specifier (_Nonnull, _Nullable, or _Null_unspecified)

/Users/jonahmicahinguito/dev/rotaract-connect/ios/Pods/Headers/Public/React-Core/React/RCTMultipartDataTask.h:30:4: Pointer is missing a nullability type specifier (_Nonnull, _Nullable, or _Null_unspecified)

/Users/jonahmicahinguito/dev/rotaract-connect/ios/Pods/Headers/Public/React-Core/React/RCTMultipartDataTask.h:30:36: Pointer is missing a nullability type specifier (_Nonnull, _Nullable, or _Null_unspecified)

/Users/jonahmicahinguito/dev/rotaract-connect/ios/Pods/Headers/Public/React-Core/React/RCTMultipartDataTask.h:31:30: Block pointer is missing a nullability type specifier (_Nonnull, _Nullable, or _Null_unspecified)

/Users/jonahmicahinguito/dev/rotaract-connect/ios/Pods/Headers/Public/React-Core/React/RCTMultipartDataTask.h:32:30: Block pointer is missing a nullability type specifier (_Nonnull, _Nullable, or _Null_unspecified)

/Users/jonahmicahinguito/dev/rotaract-connect/ios/Pods/Headers/Public/React-Core/React/RCTModalHostView.h:55:31: 'RCTModalHostView' is deprecated: This API will be removed along with the legacy architecture.

/Users/jonahmicahinguito/dev/rotaract-connect/ios/Pods/Headers/Public/React-Core/React/RCTModalHostView.h:58:31: 'RCTModalHostView' is deprecated: This API will be removed along with the legacy architecture.

/Users/jonahmicahinguito/dev/rotaract-connect/ios/Pods/Headers/Public/React-Core/React/RCTShadowView+Internal.h:16:40: 'RCTRootShadowView' is deprecated: This API will be removed along with the legacy architecture.

/Users/jonahmicahinguito/dev/rotaract-connect/ios/Pods/Headers/Public/React-Core/React/RCTHTTPRequestHandler.h:11:35: Pointer is missing a nullability type specifier (_Nonnull, _Nullable, or _Null_unspecified)

/Users/jonahmicahinguito/dev/rotaract-connect/ios/Pods/Headers/Public/React-Core/React/RCTHTTPRequestHandler.h:24:52: Block pointer is missing a nullability type specifier (_Nonnull, _Nullable, or _Null_unspecified)

/Users/jonahmicahinguito/dev/rotaract-connect/ios/Pods/Headers/Public/ExpoAudio/AudioTapProcessor.h:4:50: Pointer is missing a nullability type specifier (_Nonnull, _Nullable, or _Null_unspecified)

/Users/jonahmicahinguito/dev/rotaract-connect/ios/Pods/Headers/Public/ExpoAudio/AudioTapProcessor.h:9:50: Pointer is missing a nullability type specifier (_Nonnull, _Nullable, or _Null_unspecified)

/Users/jonahmicahinguito/dev/rotaract-connect/ios/Pods/Headers/Public/ExpoAudio/AudioTapProcessor.h:12:4: Pointer is missing a nullability type specifier (_Nonnull, _Nullable, or _Null_unspecified)

/Users/jonahmicahinguito/dev/rotaract-connect/ios/Pods/Headers/Public/ExpoAudio/AudioTapProcessor.h:12:42: Pointer is missing a nullability type specifier (_Nonnull, _Nullable, or _Null_unspecified)

/Users/jonahmicahinguito/dev/rotaract-connect/ios/Pods/Headers/Public/ExpoModulesCore/ExpoModulesCore/EXFileSystemInterface.h:14:42: Pointer is missing a nullability type specifier (_Nonnull, _Nullable, or _Null_unspecified)

/Users/jonahmicahinguito/dev/rotaract-connect/ios/Pods/Headers/Public/ExpoModulesCore/ExpoModulesCore/EXFileSystemInterface.h:20:57: Pointer is missing a nullability type specifier (_Nonnull, _Nullable, or _Null_unspecified)

/Users/jonahmicahinguito/dev/rotaract-connect/ios/Pods/Headers/Public/ExpoModulesCore/ExpoModulesCore/EXFileSystemInterface.h:20:93: Pointer is missing a nullability type specifier (_Nonnull, _Nullable, or _Null_unspecified)

/Users/jonahmicahinguito/dev/rotaract-connect/ios/Pods/Headers/Public/ExpoModulesCore/ExpoModulesCore/EXFileSystemInterface.h:21:43: Pointer is missing a nullability type specifier (_Nonnull, _Nullable, or _Null_unspecified)

SwiftCompile normal arm64 Compiling\ ExpoModulesProvider.swift /Users/jonahmicahinguito/dev/rotaract-connect/ios/Pods/Target\ Support\ Files/Pods-rotaractconnect/ExpoModulesProvider.swift (in target 'rotaractconnect' from project 'rotaractconnect')

SwiftCompile normal arm64 /Users/jonahmicahinguito/dev/rotaract-connect/ios/Pods/Target\ Support\ Files/Pods-rotaractconnect/ExpoModulesProvider.swift (in target 'rotaractconnect' from project 'rotaractconnect')
    cd /Users/jonahmicahinguito/dev/rotaract-connect/ios
    

<module-includes>:1:9: note: in file included from <module-includes>:1:
#import "Expo-umbrella.h"
        ^
/Users/jonahmicahinguito/Library/Developer/Xcode/DerivedData/rotaractconnect-cjwcbdlngckcsaantafkjnfzfbdk/Build/Products/Debug-iphoneos/Expo/Expo-umbrella.h:16:9: note: in file included from /Users/jonahmicahinguito/Library/Developer/Xcode/DerivedData/rotaractconnect-cjwcbdlngckcsaantafkjnfzfbdk/Build/Products/Debug-iphoneos/Expo/Expo-umbrella.h:16:
#import "Expo/ExpoReactNativeFactory.h"
        ^
/Users/jonahmicahinguito/dev/rotaract-connect/ios/Pods/Headers/Public/Expo/Expo/ExpoReactNativeFactory.h:3:9: note: in file included from /Users/jonahmicahinguito/dev/rotaract-connect/ios/Pods/Headers/Public/Expo/Expo/ExpoReactNativeFactory.h:3:
#import <ExpoModulesCore/ExpoModulesCore.h>
        ^
/Users/jonahmicahinguito/dev/rotaract-connect/ios/Pods/Headers/Public/ExpoModulesCore/ExpoModulesCore/ExpoModulesCore.h:16:9: note: in file included from /Users/jonahmicahinguito/dev/rotaract-connect/ios/Pods/Headers/Public/ExpoModulesCore/ExpoModulesCore/ExpoModulesCore.h:16:
#import <ExpoModulesCore/EXFilePermissionModuleInterface.h>
        ^
/Users/jonahmicahinguito/dev/rotaract-connect/ios/Pods/Headers/Public/ExpoModulesCore/ExpoModulesCore/EXFilePermissionModuleInterface.h:3:9: note: in file included from /Users/jonahmicahinguito/dev/rotaract-connect/ios/Pods/Headers/Public/ExpoModulesCore/ExpoModulesCore/EXFilePermissionModuleInterface.h:3:
#import <ExpoModulesCore/EXFileSystemInterface.h>
        ^
/Users/jonahmicahinguito/dev/rotaract-connect/ios/Pods/Headers/Public/ExpoAudio/AudioTapProcessor.h:4:50: warning: pointer is missing a nullability type specifier (_Nonnull, _Nullable, or _Null_unspecified)
typedef void (^SampleBufferCallback)(AudioBuffer *audioBuffer, long frameCount, double timestamp);
                                                 ^
/Users/jonahmicahinguito/dev/rotaract-connect/ios/Pods/Headers/Public/ExpoAudio/AudioTapProcessor.h:4:50: note: insert '_Nullable' if the pointer may be null
typedef void (^SampleBufferCallback)(AudioBuffer *audioBuffer, long frameCount, double timestamp);
                                                 ^
/Users/jonahmicahinguito/dev/rotaract-connect/ios/Pods/Headers/Public/ExpoAudio/AudioTapProcessor.h:4:50: note: insert '_Nonnull' if the pointer should never be null
typedef void (^SampleBufferCallback)(AudioBuffer *audioBuffer, long frameCount, double timestamp);
                                                 ^
<module-includes>:1:9: note: in file included from <module-includes>:1:
#import "ExpoAudio-umbrella.h"
        ^
/Users/jonahmicahinguito/Library/Developer/Xcode/DerivedData/rotaractconnect-cjwcbdlngckcsaantafkjnfzfbdk/Build/Products/Debug-iphoneos/ExpoAudio/ExpoAudio-umbrella.h:13:9: note: in file included from /Users/jonahmicahinguito/Library/Developer/Xcode/DerivedData/rotaractconnect-cjwcbdlngckcsaantafkjnfzfbdk/Build/Products/Debug-iphoneos/ExpoAudio/ExpoAudio-umbrella.h:13:
#import "AudioTapProcessor.h"
        ^
/Users/jonahmicahinguito/dev/rotaract-connect/ios/Pods/Headers/Public/ExpoAudio/AudioTapProcessor.h:9:50: warning: pointer is missing a nullability type specifier (_Nonnull, _Nullable, or _Null_unspecified)
@property (nonatomic, strong, readonly) AVPlayer *player;
                                                 ^
/Users/jonahmicahinguito/dev/rotaract-connect/ios/Pods/Headers/Public/ExpoAudio/AudioTapProcessor.h:9:50: note: insert '_Nullable' if the pointer may be null
@property (nonatomic, strong, readonly) AVPlayer *player;
                                                 ^
/Users/jonahmicahinguito/dev/rotaract-connect/ios/Pods/Headers/Public/ExpoAudio/AudioTapProcessor.h:9:50: note: insert '_Nonnull' if the pointer should never be null
@property (nonatomic, strong, readonly) AVPlayer *player;
                                                 ^
<module-includes>:1:9: note: in file included from <module-includes>:1:
#import "ExpoAudio-umbrella.h"
        ^
/Users/jonahmicahinguito/Library/Developer/Xcode/DerivedData/rotaractconnect-cjwcbdlngckcsaantafkjnfzfbdk/Build/Products/Debug-iphoneos/ExpoAudio/ExpoAudio-umbrella.h:13:9: note: in file included from /Users/jonahmicahinguito/Library/Developer/Xcode/DerivedData/rotaractconnect-cjwcbdlngckcsaantafkjnfzfbdk/Build/Products/Debug-iphoneos/ExpoAudio/ExpoAudio-umbrella.h:13:
#import "AudioTapProcessor.h"
        ^
/Users/jonahmicahinguito/dev/rotaract-connect/ios/Pods/Headers/Public/ExpoAudio/AudioTapProcessor.h:12:4: warning: pointer is missing a nullability type specifier (_Nonnull, _Nullable, or _Null_unspecified)
- (instancetype)initWithPlayer:(AVPlayer *)player;
   ^
/Users/jonahmicahinguito/dev/rotaract-connect/ios/Pods/Headers/Public/ExpoAudio/AudioTapProcessor.h:12:4: note: insert '_Nullable' if the pointer may be null
- (instancetype)initWithPlayer:(AVPlayer *)player;
   ^
/Users/jonahmicahinguito/dev/rotaract-connect/ios/Pods/Headers/Public/ExpoAudio/AudioTapProcessor.h:12:4: note: insert '_Nonnull' if the pointer should never be null
- (instancetype)initWithPlayer:(AVPlayer *)player;
   ^
<module-includes>:1:9: note: in file included from <module-includes>:1:
#import "ExpoAudio-umbrella.h"
        ^
/Users/jonahmicahinguito/Library/Developer/Xcode/DerivedData/rotaractconnect-cjwcbdlngckcsaantafkjnfzfbdk/Build/Products/Debug-iphoneos/ExpoAudio/ExpoAudio-umbrella.h:13:9: note: in file included from /Users/jonahmicahinguito/Library/Developer/Xcode/DerivedData/rotaractconnect-cjwcbdlngckcsaantafkjnfzfbdk/Build/Products/Debug-iphoneos/ExpoAudio/ExpoAudio-umbrella.h:13:
#import "AudioTapProcessor.h"
        ^
/Users/jonahmicahinguito/dev/rotaract-connect/ios/Pods/Headers/Public/ExpoAudio/AudioTapProcessor.h:12:42: warning: pointer is missing a nullability type specifier (_Nonnull, _Nullable, or _Null_unspecified)
- (instancetype)initWithPlayer:(AVPlayer *)player;
                                         ^
/Users/jonahmicahinguito/dev/rotaract-connect/ios/Pods/Headers/Public/ExpoAudio/AudioTapProcessor.h:12:42: note: insert '_Nullable' if the pointer may be null
- (instancetype)initWithPlayer:(AVPlayer *)player;
                                         ^
/Users/jonahmicahinguito/dev/rotaract-connect/ios/Pods/Headers/Public/ExpoAudio/AudioTapProcessor.h:12:42: note: insert '_Nonnull' if the pointer should never be null
- (instancetype)initWithPlayer:(AVPlayer *)player;
                                         ^
<module-includes>:1:9: note: in file included from <module-includes>:1:
#import "EXUpdates-umbrella.h"
        ^
/Users/jonahmicahinguito/Library/Developer/Xcode/DerivedData/rotaractconnect-cjwcbdlngckcsaantafkjnfzfbdk/Build/Products/Debug-iphoneos/EXUpdates/EXUpdates-umbrella.h:13:9: note: in file included from /Users/jonahmicahinguito/Library/Developer/Xcode/DerivedData/rotaractconnect-cjwcbdlngckcsaantafkjnfzfbdk/Build/Products/Debug-iphoneos/EXUpdates/EXUpdates-umbrella.h:13:
#import "EXUpdates.h"
        ^
/Users/jonahmicahinguito/dev/rotaract-connect/ios/Pods/Headers/Public/EXUpdates/EXUpdates.h:4:9: note: in file included from /Users/jonahmicahinguito/dev/rotaract-connect/ios/Pods/Headers/Public/EXUpdates/EXUpdates.h:4:
#import "EXUpdates-umbrella.h"
        ^
/Users/jonahmicahinguito/dev/rotaract-connect/ios/Pods/Headers/Public/EXUpdates/EXUpdates-umbrella.h:15:9: note: in file included from /Users/jonahmicahinguito/dev/rotaract-connect/ios/Pods/Headers/Public/EXUpdates/EXUpdates-umbrella.h:15:
#import "EXDeferredRCTRootView.h"
        ^
/Users/jonahmicahinguito/dev/rotaract-connect/ios/Pods/Headers/Public/EXUpdates/EXDeferredRCTRootView.h:3:9: note: in file included from /Users/jonahmicahinguito/dev/rotaract-connect/ios/Pods/Headers/Public/EXUpdates/EXDeferredRCTRootView.h:3:
#import <ExpoModulesCore/ExpoModulesCore.h>
        ^
/Users/jonahmicahinguito/dev/rotaract-connect/ios/Pods/Headers/Public/ExpoModulesCore/ExpoModulesCore/ExpoModulesCore.h:16:9: note: in file included from /Users/jonahmicahinguito/dev/rotaract-connect/ios/Pods/Headers/Public/ExpoModulesCore/ExpoModulesCore/ExpoModulesCore.h:16:
#import <ExpoModulesCore/EXFilePermissionModuleInterface.h>
        ^
/Users/jonahmicahinguito/dev/rotaract-connect/ios/Pods/Headers/Public/ExpoModulesCore/ExpoModulesCore/EXFilePermissionModuleInterface.h:3:9: note: in file included from /Users/jonahmicahinguito/dev/rotaract-connect/ios/Pods/Headers/Public/ExpoModulesCore/ExpoModulesCore/EXFilePermissionModuleInterface.h:3:
#import <ExpoModulesCore/EXFileSystemInterface.h>
        ^
/Users/jonahmicahinguito/dev/rotaract-connect/ios/Pods/Headers/Public/ExpoModulesCore/ExpoModulesCore/EXFileSystemInterface.h:14:42: warning: pointer is missing a nullability type specifier (_Nonnull, _Nullable, or _Null_unspecified)
@property (nonatomic, readonly) NSString *documentDirectory;
                                         ^
/Users/jonahmicahinguito/dev/rotaract-connect/ios/Pods/Headers/Public/ExpoModulesCore/ExpoModulesCore/EXFileSystemInterface.h:14:42: note: insert '_Nullable' if the pointer may be null
@property (nonatomic, readonly) NSString *documentDirectory;
                                         ^
/Users/jonahmicahinguito/dev/rotaract-connect/ios/Pods/Headers/Public/ExpoModulesCore/ExpoModulesCore/EXFileSystemInterface.h:14:42: note: insert '_Nonnull' if the pointer should never be null
@property (nonatomic, readonly) NSString *documentDirectory;
                                         ^
<module-includes>:1:9: note: in file included from <module-includes>:1:
#import "EXUpdates-umbrella.h"
        ^
/Users/jonahmicahinguito/Library/Developer/Xcode/DerivedData/rotaractconnect-cjwcbdlngckcsaantafkjnfzfbdk/Build/Products/Debug-iphoneos/EXUpdates/EXUpdates-umbrella.h:13:9: note: in file included from /Users/jonahmicahinguito/Library/Developer/Xcode/DerivedData/rotaractconnect-cjwcbdlngckcsaantafkjnfzfbdk/Build/Products/Debug-iphoneos/EXUpdates/EXUpdates-umbrella.h:13:
#import "EXUpdates.h"
        ^
/Users/jonahmicahinguito/dev/rotaract-connect/ios/Pods/Headers/Public/EXUpdates/EXUpdates.h:4:9: note: in file included from /Users/jonahmicahinguito/dev/rotaract-connect/ios/Pods/Headers/Public/EXUpdates/EXUpdates.h:4:
#import "EXUpdates-umbrella.h"
        ^
/Users/jonahmicahinguito/dev/rotaract-connect/ios/Pods/Headers/Public/EXUpdates/EXUpdates-umbrella.h:15:9: note: in file included from /Users/jonahmicahinguito/dev/rotaract-connect/ios/Pods/Headers/Public/EXUpdates/EXUpdates-umbrella.h:15:
#import "EXDeferredRCTRootView.h"
        ^
/Users/jonahmicahinguito/dev/rotaract-connect/ios/Pods/Headers/Public/EXUpdates/EXDeferredRCTRootView.h:3:9: note: in file included from /Users/jonahmicahinguito/dev/rotaract-connect/ios/Pods/Headers/Public/EXUpdates/EXDeferredRCTRootView.h:3:
#import <ExpoModulesCore/ExpoModulesCore.h>
        ^
/Users/jonahmicahinguito/dev/rotaract-connect/ios/Pods/Headers/Public/ExpoModulesCore/ExpoModulesCore/ExpoModulesCore.h:16:9: note: in file included from /Users/jonahmicahinguito/dev/rotaract-connect/ios/Pods/Headers/Public/ExpoModulesCore/ExpoModulesCore/ExpoModulesCore.h:16:
#import <ExpoModulesCore/EXFilePermissionModuleInterface.h>
        ^
/Users/jonahmicahinguito/dev/rotaract-connect/ios/Pods/Headers/Public/ExpoModulesCore/ExpoModulesCore/EXFilePermissionModuleInterface.h:3:9: note: in file included from /Users/jonahmicahinguito/dev/rotaract-connect/ios/Pods/Headers/Public/ExpoModulesCore/ExpoModulesCore/EXFilePermissionModuleInterface.h:3:
#import <ExpoModulesCore/EXFileSystemInterface.h>
        ^
/Users/jonahmicahinguito/dev/rotaract-connect/ios/Pods/Headers/Public/ExpoModulesCore/ExpoModulesCore/EXFileSystemInterface.h:20:57: warning: pointer is missing a nullability type specifier (_Nonnull, _Nullable, or _Null_unspecified)
- (nonnull NSString *)generatePathInDirectory:(NSString *)directory withExtension:(NSString *)extension;
                                                        ^
/Users/jonahmicahinguito/dev/rotaract-connect/ios/Pods/Headers/Public/ExpoModulesCore/ExpoModulesCore/EXFileSystemInterface.h:20:57: note: insert '_Nullable' if the pointer may be null
- (nonnull NSString *)generatePathInDirectory:(NSString *)directory withExtension:(NSString *)extension;
                                                        ^
/Users/jonahmicahinguito/dev/rotaract-connect/ios/Pods/Headers/Public/ExpoModulesCore/ExpoModulesCore/EXFileSystemInterface.h:20:57: note: insert '_Nonnull' if the pointer should never be null
- (nonnull NSString *)generatePathInDirectory:(NSString *)directory withExtension:(NSString *)extension;
                                                        ^
<module-includes>:1:9: note: in file included from <module-includes>:1:
#import "EXUpdates-umbrella.h"
        ^
/Users/jonahmicahinguito/Library/Developer/Xcode/DerivedData/rotaractconnect-cjwcbdlngckcsaantafkjnfzfbdk/Build/Products/Debug-iphoneos/EXUpdates/EXUpdates-umbrella.h:13:9: note: in file included from /Users/jonahmicahinguito/Library/Developer/Xcode/DerivedData/rotaractconnect-cjwcbdlngckcsaantafkjnfzfbdk/Build/Products/Debug-iphoneos/EXUpdates/EXUpdates-umbrella.h:13:
#import "EXUpdates.h"
        ^
/Users/jonahmicahinguito/dev/rotaract-connect/ios/Pods/Headers/Public/EXUpdates/EXUpdates.h:4:9: note: in file included from /Users/jonahmicahinguito/dev/rotaract-connect/ios/Pods/Headers/Public/EXUpdates/EXUpdates.h:4:
#import "EXUpdates-umbrella.h"
        ^
/Users/jonahmicahinguito/dev/rotaract-connect/ios/Pods/Headers/Public/EXUpdates/EXUpdates-umbrella.h:15:9: note: in file included from /Users/jonahmicahinguito/dev/rotaract-connect/ios/Pods/Headers/Public/EXUpdates/EXUpdates-umbrella.h:15:
#import "EXDeferredRCTRootView.h"
        ^
/Users/jonahmicahinguito/dev/rotaract-connect/ios/Pods/Headers/Public/EXUpdates/EXDeferredRCTRootView.h:3:9: note: in file included from /Users/jonahmicahinguito/dev/rotaract-connect/ios/Pods/Headers/Public/EXUpdates/EXDeferredRCTRootView.h:3:
#import <ExpoModulesCore/ExpoModulesCore.h>
        ^
/Users/jonahmicahinguito/dev/rotaract-connect/ios/Pods/Headers/Public/ExpoModulesCore/ExpoModulesCore/ExpoModulesCore.h:16:9: note: in file included from /Users/jonahmicahinguito/dev/rotaract-connect/ios/Pods/Headers/Public/ExpoModulesCore/ExpoModulesCore/ExpoModulesCore.h:16:
#import <ExpoModulesCore/EXFilePermissionModuleInterface.h>
        ^
/Users/jonahmicahinguito/dev/rotaract-connect/ios/Pods/Headers/Public/ExpoModulesCore/ExpoModulesCore/EXFilePermissionModuleInterface.h:3:9: note: in file included from /Users/jonahmicahinguito/dev/rotaract-connect/ios/Pods/Headers/Public/ExpoModulesCore/ExpoModulesCore/EXFilePermissionModuleInterface.h:3:
#import <ExpoModulesCore/EXFileSystemInterface.h>
        ^
/Users/jonahmicahinguito/dev/rotaract-connect/ios/Pods/Headers/Public/ExpoModulesCore/ExpoModulesCore/EXFileSystemInterface.h:20:93: warning: pointer is missing a nullability type specifier (_Nonnull, _Nullable, or _Null_unspecified)
- (nonnull NSString *)generatePathInDirectory:(NSString *)directory withExtension:(NSString *)extension;
                                                                                            ^
/Users/jonahmicahinguito/dev/rotaract-connect/ios/Pods/Headers/Public/ExpoModulesCore/ExpoModulesCore/EXFileSystemInterface.h:20:93: note: insert '_Nullable' if the pointer may be null
- (nonnull NSString *)generatePathInDirectory:(NSString *)directory withExtension:(NSString *)extension;
                                                                                            ^
/Users/jonahmicahinguito/dev/rotaract-connect/ios/Pods/Headers/Public/ExpoModulesCore/ExpoModulesCore/EXFileSystemInterface.h:20:93: note: insert '_Nonnull' if the pointer should never be null
- (nonnull NSString *)generatePathInDirectory:(NSString *)directory withExtension:(NSString *)extension;
                                                                                            ^
<module-includes>:1:9: note: in file included from <module-includes>:1:
#import "EXUpdates-umbrella.h"
        ^
/Users/jonahmicahinguito/Library/Developer/Xcode/DerivedData/rotaractconnect-cjwcbdlngckcsaantafkjnfzfbdk/Build/Products/Debug-iphoneos/EXUpdates/EXUpdates-umbrella.h:13:9: note: in file included from /Users/jonahmicahinguito/Library/Developer/Xcode/DerivedData/rotaractconnect-cjwcbdlngckcsaantafkjnfzfbdk/Build/Products/Debug-iphoneos/EXUpdates/EXUpdates-umbrella.h:13:
#import "EXUpdates.h"
        ^
/Users/jonahmicahinguito/dev/rotaract-connect/ios/Pods/Headers/Public/EXUpdates/EXUpdates.h:4:9: note: in file included from /Users/jonahmicahinguito/dev/rotaract-connect/ios/Pods/Headers/Public/EXUpdates/EXUpdates.h:4:
#import "EXUpdates-umbrella.h"
        ^
/Users/jonahmicahinguito/dev/rotaract-connect/ios/Pods/Headers/Public/EXUpdates/EXUpdates-umbrella.h:15:9: note: in file included from /Users/jonahmicahinguito/dev/rotaract-connect/ios/Pods/Headers/Public/EXUpdates/EXUpdates-umbrella.h:15:
#import "EXDeferredRCTRootView.h"
        ^
/Users/jonahmicahinguito/dev/rotaract-connect/ios/Pods/Headers/Public/EXUpdates/EXDeferredRCTRootView.h:3:9: note: in file included from /Users/jonahmicahinguito/dev/rotaract-connect/ios/Pods/Headers/Public/EXUpdates/EXDeferredRCTRootView.h:3:
#import <ExpoModulesCore/ExpoModulesCore.h>
        ^
/Users/jonahmicahinguito/dev/rotaract-connect/ios/Pods/Headers/Public/ExpoModulesCore/ExpoModulesCore/ExpoModulesCore.h:16:9: note: in file included from /Users/jonahmicahinguito/dev/rotaract-connect/ios/Pods/Headers/Public/ExpoModulesCore/ExpoModulesCore/ExpoModulesCore.h:16:
#import <ExpoModulesCore/EXFilePermissionModuleInterface.h>
        ^
/Users/jonahmicahinguito/dev/rotaract-connect/ios/Pods/Headers/Public/ExpoModulesCore/ExpoModulesCore/EXFilePermissionModuleInterface.h:3:9: note: in file included from /Users/jonahmicahinguito/dev/rotaract-connect/ios/Pods/Headers/Public/ExpoModulesCore/ExpoModulesCore/EXFilePermissionModuleInterface.h:3:
#import <ExpoModulesCore/EXFileSystemInterface.h>
        ^
/Users/jonahmicahinguito/dev/rotaract-connect/ios/Pods/Headers/Public/ExpoModulesCore/ExpoModulesCore/EXFileSystemInterface.h:21:43: warning: pointer is missing a nullability type specifier (_Nonnull, _Nullable, or _Null_unspecified)
- (BOOL)ensureDirExistsWithPath:(NSString *)path;
                                          ^
/Users/jonahmicahinguito/dev/rotaract-connect/ios/Pods/Headers/Public/ExpoModulesCore/ExpoModulesCore/EXFileSystemInterface.h:21:43: note: insert '_Nullable' if the pointer may be null
- (BOOL)ensureDirExistsWithPath:(NSString *)path;
                                          ^
/Users/jonahmicahinguito/dev/rotaract-connect/ios/Pods/Headers/Public/ExpoModulesCore/ExpoModulesCore/EXFileSystemInterface.h:21:43: note: insert '_Nonnull' if the pointer should never be null
- (BOOL)ensureDirExistsWithPath:(NSString *)path;
                                          ^

/Users/jonahmicahinguito/dev/rotaract-connect/ios/<module-includes>:1:9: In file included from <module-includes>:1:

/Users/jonahmicahinguito/Library/Developer/Xcode/DerivedData/rotaractconnect-cjwcbdlngckcsaantafkjnfzfbdk/Build/Products/Debug-iphoneos/Expo/Expo-umbrella.h:16:9: In file included from /Users/jonahmicahinguito/Library/Developer/Xcode/DerivedData/rotaractconnect-cjwcbdlngckcsaantafkjnfzfbdk/Build/Products/Debug-iphoneos/Expo/Expo-umbrella.h:16:

/Users/jonahmicahinguito/dev/rotaract-connect/ios/Pods/Headers/Public/Expo/Expo/ExpoReactNativeFactory.h:3:9: In file included from /Users/jonahmicahinguito/dev/rotaract-connect/ios/Pods/Headers/Public/Expo/Expo/ExpoReactNativeFactory.h:3:

/Users/jonahmicahinguito/dev/rotaract-connect/ios/Pods/Headers/Public/ExpoModulesCore/ExpoModulesCore/ExpoModulesCore.h:16:9: In file included from /Users/jonahmicahinguito/dev/rotaract-connect/ios/Pods/Headers/Public/ExpoModulesCore/ExpoModulesCore/ExpoModulesCore.h:16:

/Users/jonahmicahinguito/dev/rotaract-connect/ios/Pods/Headers/Public/ExpoModulesCore/ExpoModulesCore/EXFilePermissionModuleInterface.h:3:9: In file included from /Users/jonahmicahinguito/dev/rotaract-connect/ios/Pods/Headers/Public/ExpoModulesCore/ExpoModulesCore/EXFilePermissionModuleInterface.h:3:

/Users/jonahmicahinguito/dev/rotaract-connect/ios/Pods/Headers/Public/ExpoAudio/AudioTapProcessor.h:4:50: Pointer is missing a nullability type specifier (_Nonnull, _Nullable, or _Null_unspecified)

/Users/jonahmicahinguito/dev/rotaract-connect/ios/Pods/Headers/Public/ExpoAudio/AudioTapProcessor.h:9:50: Pointer is missing a nullability type specifier (_Nonnull, _Nullable, or _Null_unspecified)

/Users/jonahmicahinguito/dev/rotaract-connect/ios/Pods/Headers/Public/ExpoAudio/AudioTapProcessor.h:12:4: Pointer is missing a nullability type specifier (_Nonnull, _Nullable, or _Null_unspecified)

/Users/jonahmicahinguito/dev/rotaract-connect/ios/Pods/Headers/Public/ExpoAudio/AudioTapProcessor.h:12:42: Pointer is missing a nullability type specifier (_Nonnull, _Nullable, or _Null_unspecified)

/Users/jonahmicahinguito/dev/rotaract-connect/ios/Pods/Headers/Public/ExpoModulesCore/ExpoModulesCore/EXFileSystemInterface.h:14:42: Pointer is missing a nullability type specifier (_Nonnull, _Nullable, or _Null_unspecified)

/Users/jonahmicahinguito/dev/rotaract-connect/ios/Pods/Headers/Public/ExpoModulesCore/ExpoModulesCore/EXFileSystemInterface.h:20:57: Pointer is missing a nullability type specifier (_Nonnull, _Nullable, or _Null_unspecified)

/Users/jonahmicahinguito/dev/rotaract-connect/ios/Pods/Headers/Public/ExpoModulesCore/ExpoModulesCore/EXFileSystemInterface.h:20:93: Pointer is missing a nullability type specifier (_Nonnull, _Nullable, or _Null_unspecified)

/Users/jonahmicahinguito/dev/rotaract-connect/ios/Pods/Headers/Public/ExpoModulesCore/ExpoModulesCore/EXFileSystemInterface.h:21:43: Pointer is missing a nullability type specifier (_Nonnull, _Nullable, or _Null_unspecified)

SwiftCompile normal arm64 Compiling\ AppDelegate.swift /Users/jonahmicahinguito/dev/rotaract-connect/ios/rotaractconnect/AppDelegate.swift (in target 'rotaractconnect' from project 'rotaractconnect')

SwiftCompile normal arm64 /Users/jonahmicahinguito/dev/rotaract-connect/ios/rotaractconnect/AppDelegate.swift (in target 'rotaractconnect' from project 'rotaractconnect')
    cd /Users/jonahmicahinguito/dev/rotaract-connect/ios
    

<module-includes>:1:9: note: in file included from <module-includes>:1:
#import "Expo-umbrella.h"
        ^
/Users/jonahmicahinguito/Library/Developer/Xcode/DerivedData/rotaractconnect-cjwcbdlngckcsaantafkjnfzfbdk/Build/Products/Debug-iphoneos/Expo/Expo-umbrella.h:16:9: note: in file included from /Users/jonahmicahinguito/Library/Developer/Xcode/DerivedData/rotaractconnect-cjwcbdlngckcsaantafkjnfzfbdk/Build/Products/Debug-iphoneos/Expo/Expo-umbrella.h:16:
#import "Expo/ExpoReactNativeFactory.h"
        ^
/Users/jonahmicahinguito/dev/rotaract-connect/ios/Pods/Headers/Public/Expo/Expo/ExpoReactNativeFactory.h:3:9: note: in file included from /Users/jonahmicahinguito/dev/rotaract-connect/ios/Pods/Headers/Public/Expo/Expo/ExpoReactNativeFactory.h:3:
#import <ExpoModulesCore/ExpoModulesCore.h>
        ^
/Users/jonahmicahinguito/dev/rotaract-connect/ios/Pods/Headers/Public/ExpoModulesCore/ExpoModulesCore/ExpoModulesCore.h:16:9: note: in file included from /Users/jonahmicahinguito/dev/rotaract-connect/ios/Pods/Headers/Public/ExpoModulesCore/ExpoModulesCore/ExpoModulesCore.h:16:
#import <ExpoModulesCore/EXFilePermissionModuleInterface.h>
        ^
/Users/jonahmicahinguito/dev/rotaract-connect/ios/Pods/Headers/Public/ExpoModulesCore/ExpoModulesCore/EXFilePermissionModuleInterface.h:3:9: note: in file included from /Users/jonahmicahinguito/dev/rotaract-connect/ios/Pods/Headers/Public/ExpoModulesCore/ExpoModulesCore/EXFilePermissionModuleInterface.h:3:
#import <ExpoModulesCore/EXFileSystemInterface.h>
        ^
/Users/jonahmicahinguito/dev/rotaract-connect/ios/Pods/Headers/Public/ExpoModulesCore/ExpoModulesCore/EXFileSystemInterface.h:14:42: warning: pointer is missing a nullability type specifier (_Nonnull, _Nullable, or _Null_unspecified)
@property (nonatomic, readonly) NSString *documentDirectory;
                                         ^
/Users/jonahmicahinguito/dev/rotaract-connect/ios/Pods/Headers/Public/ExpoModulesCore/ExpoModulesCore/EXFileSystemInterface.h:14:42: note: insert '_Nullable' if the pointer may be null
@property (nonatomic, readonly) NSString *documentDirectory;
                                         ^
/Users/jonahmicahinguito/dev/rotaract-connect/ios/Pods/Headers/Public/ExpoModulesCore/ExpoModulesCore/EXFileSystemInterface.h:14:42: note: insert '_Nonnull' if the pointer should never be null
@property (nonatomic, readonly) NSString *documentDirectory;
                                         ^
<module-includes>:1:9: note: in file included from <module-includes>:1:
#import "Expo-umbrella.h"
        ^
/Users/jonahmicahinguito/Library/Developer/Xcode/DerivedData/rotaractconnect-cjwcbdlngckcsaantafkjnfzfbdk/Build/Products/Debug-iphoneos/Expo/Expo-umbrella.h:16:9: note: in file included from /Users/jonahmicahinguito/Library/Developer/Xcode/DerivedData/rotaractconnect-cjwcbdlngckcsaantafkjnfzfbdk/Build/Products/Debug-iphoneos/Expo/Expo-umbrella.h:16:
#import "Expo/ExpoReactNativeFactory.h"
        ^
/Users/jonahmicahinguito/dev/rotaract-connect/ios/Pods/Headers/Public/Expo/Expo/ExpoReactNativeFactory.h:3:9: note: in file included from /Users/jonahmicahinguito/dev/rotaract-connect/ios/Pods/Headers/Public/Expo/Expo/ExpoReactNativeFactory.h:3:
#import <ExpoModulesCore/ExpoModulesCore.h>
        ^
/Users/jonahmicahinguito/dev/rotaract-connect/ios/Pods/Headers/Public/ExpoModulesCore/ExpoModulesCore/ExpoModulesCore.h:16:9: note: in file included from /Users/jonahmicahinguito/dev/rotaract-connect/ios/Pods/Headers/Public/ExpoModulesCore/ExpoModulesCore/ExpoModulesCore.h:16:
#import <ExpoModulesCore/EXFilePermissionModuleInterface.h>
        ^
/Users/jonahmicahinguito/dev/rotaract-connect/ios/Pods/Headers/Public/ExpoModulesCore/ExpoModulesCore/EXFilePermissionModuleInterface.h:3:9: note: in file included from /Users/jonahmicahinguito/dev/rotaract-connect/ios/Pods/Headers/Public/ExpoModulesCore/ExpoModulesCore/EXFilePermissionModuleInterface.h:3:
#import <ExpoModulesCore/EXFileSystemInterface.h>
        ^
/Users/jonahmicahinguito/dev/rotaract-connect/ios/Pods/Headers/Public/ExpoModulesCore/ExpoModulesCore/EXFileSystemInterface.h:20:57: warning: pointer is missing a nullability type specifier (_Nonnull, _Nullable, or _Null_unspecified)
- (nonnull NSString *)generatePathInDirectory:(NSString *)directory withExtension:(NSString *)extension;
                                                        ^
/Users/jonahmicahinguito/dev/rotaract-connect/ios/Pods/Headers/Public/ExpoModulesCore/ExpoModulesCore/EXFileSystemInterface.h:20:57: note: insert '_Nullable' if the pointer may be null
- (nonnull NSString *)generatePathInDirectory:(NSString *)directory withExtension:(NSString *)extension;
                                                        ^
/Users/jonahmicahinguito/dev/rotaract-connect/ios/Pods/Headers/Public/ExpoModulesCore/ExpoModulesCore/EXFileSystemInterface.h:20:57: note: insert '_Nonnull' if the pointer should never be null
- (nonnull NSString *)generatePathInDirectory:(NSString *)directory withExtension:(NSString *)extension;
                                                        ^
<module-includes>:1:9: note: in file included from <module-includes>:1:
#import "Expo-umbrella.h"
        ^
/Users/jonahmicahinguito/Library/Developer/Xcode/DerivedData/rotaractconnect-cjwcbdlngckcsaantafkjnfzfbdk/Build/Products/Debug-iphoneos/Expo/Expo-umbrella.h:16:9: note: in file included from /Users/jonahmicahinguito/Library/Developer/Xcode/DerivedData/rotaractconnect-cjwcbdlngckcsaantafkjnfzfbdk/Build/Products/Debug-iphoneos/Expo/Expo-umbrella.h:16:
#import "Expo/ExpoReactNativeFactory.h"
        ^
/Users/jonahmicahinguito/dev/rotaract-connect/ios/Pods/Headers/Public/Expo/Expo/ExpoReactNativeFactory.h:3:9: note: in file included from /Users/jonahmicahinguito/dev/rotaract-connect/ios/Pods/Headers/Public/Expo/Expo/ExpoReactNativeFactory.h:3:
#import <ExpoModulesCore/ExpoModulesCore.h>
        ^
/Users/jonahmicahinguito/dev/rotaract-connect/ios/Pods/Headers/Public/ExpoModulesCore/ExpoModulesCore/ExpoModulesCore.h:16:9: note: in file included from /Users/jonahmicahinguito/dev/rotaract-connect/ios/Pods/Headers/Public/ExpoModulesCore/ExpoModulesCore/ExpoModulesCore.h:16:
#import <ExpoModulesCore/EXFilePermissionModuleInterface.h>
        ^
/Users/jonahmicahinguito/dev/rotaract-connect/ios/Pods/Headers/Public/ExpoModulesCore/ExpoModulesCore/EXFilePermissionModuleInterface.h:3:9: note: in file included from /Users/jonahmicahinguito/dev/rotaract-connect/ios/Pods/Headers/Public/ExpoModulesCore/ExpoModulesCore/EXFilePermissionModuleInterface.h:3:
#import <ExpoModulesCore/EXFileSystemInterface.h>
        ^
/Users/jonahmicahinguito/dev/rotaract-connect/ios/Pods/Headers/Public/ExpoModulesCore/ExpoModulesCore/EXFileSystemInterface.h:20:93: warning: pointer is missing a nullability type specifier (_Nonnull, _Nullable, or _Null_unspecified)
- (nonnull NSString *)generatePathInDirectory:(NSString *)directory withExtension:(NSString *)extension;
                                                                                            ^
/Users/jonahmicahinguito/dev/rotaract-connect/ios/Pods/Headers/Public/ExpoModulesCore/ExpoModulesCore/EXFileSystemInterface.h:20:93: note: insert '_Nullable' if the pointer may be null
- (nonnull NSString *)generatePathInDirectory:(NSString *)directory withExtension:(NSString *)extension;
                                                                                            ^
/Users/jonahmicahinguito/dev/rotaract-connect/ios/Pods/Headers/Public/ExpoModulesCore/ExpoModulesCore/EXFileSystemInterface.h:20:93: note: insert '_Nonnull' if the pointer should never be null
- (nonnull NSString *)generatePathInDirectory:(NSString *)directory withExtension:(NSString *)extension;
                                                                                            ^
<module-includes>:1:9: note: in file included from <module-includes>:1:
#import "Expo-umbrella.h"
        ^
/Users/jonahmicahinguito/Library/Developer/Xcode/DerivedData/rotaractconnect-cjwcbdlngckcsaantafkjnfzfbdk/Build/Products/Debug-iphoneos/Expo/Expo-umbrella.h:16:9: note: in file included from /Users/jonahmicahinguito/Library/Developer/Xcode/DerivedData/rotaractconnect-cjwcbdlngckcsaantafkjnfzfbdk/Build/Products/Debug-iphoneos/Expo/Expo-umbrella.h:16:
#import "Expo/ExpoReactNativeFactory.h"
        ^
/Users/jonahmicahinguito/dev/rotaract-connect/ios/Pods/Headers/Public/Expo/Expo/ExpoReactNativeFactory.h:3:9: note: in file included from /Users/jonahmicahinguito/dev/rotaract-connect/ios/Pods/Headers/Public/Expo/Expo/ExpoReactNativeFactory.h:3:
#import <ExpoModulesCore/ExpoModulesCore.h>
        ^
/Users/jonahmicahinguito/dev/rotaract-connect/ios/Pods/Headers/Public/ExpoModulesCore/ExpoModulesCore/ExpoModulesCore.h:16:9: note: in file included from /Users/jonahmicahinguito/dev/rotaract-connect/ios/Pods/Headers/Public/ExpoModulesCore/ExpoModulesCore/ExpoModulesCore.h:16:
#import <ExpoModulesCore/EXFilePermissionModuleInterface.h>
        ^
/Users/jonahmicahinguito/dev/rotaract-connect/ios/Pods/Headers/Public/ExpoModulesCore/ExpoModulesCore/EXFilePermissionModuleInterface.h:3:9: note: in file included from /Users/jonahmicahinguito/dev/rotaract-connect/ios/Pods/Headers/Public/ExpoModulesCore/ExpoModulesCore/EXFilePermissionModuleInterface.h:3:
#import <ExpoModulesCore/EXFileSystemInterface.h>
        ^
/Users/jonahmicahinguito/dev/rotaract-connect/ios/Pods/Headers/Public/ExpoModulesCore/ExpoModulesCore/EXFileSystemInterface.h:21:43: warning: pointer is missing a nullability type specifier (_Nonnull, _Nullable, or _Null_unspecified)
- (BOOL)ensureDirExistsWithPath:(NSString *)path;
                                          ^
/Users/jonahmicahinguito/dev/rotaract-connect/ios/Pods/Headers/Public/ExpoModulesCore/ExpoModulesCore/EXFileSystemInterface.h:21:43: note: insert '_Nullable' if the pointer may be null
- (BOOL)ensureDirExistsWithPath:(NSString *)path;
                                          ^
/Users/jonahmicahinguito/dev/rotaract-connect/ios/Pods/Headers/Public/ExpoModulesCore/ExpoModulesCore/EXFileSystemInterface.h:21:43: note: insert '_Nonnull' if the pointer should never be null
- (BOOL)ensureDirExistsWithPath:(NSString *)path;
                                          ^
<module-includes>:1:9: note: in file included from <module-includes>:1:
#import "Expo-umbrella.h"
        ^
/Users/jonahmicahinguito/Library/Developer/Xcode/DerivedData/rotaractconnect-cjwcbdlngckcsaantafkjnfzfbdk/Build/Products/Debug-iphoneos/Expo/Expo-umbrella.h:16:9: note: in file included from /Users/jonahmicahinguito/Library/Developer/Xcode/DerivedData/rotaractconnect-cjwcbdlngckcsaantafkjnfzfbdk/Build/Products/Debug-iphoneos/Expo/Expo-umbrella.h:16:
#import "Expo/ExpoReactNativeFactory.h"
        ^
/Users/jonahmicahinguito/dev/rotaract-connect/ios/Pods/Headers/Public/Expo/Expo/ExpoReactNativeFactory.h:11:58: warning: cannot find protocol definition for 'RCTHostDelegate'
@interface EXReactNativeFactory : RCTReactNativeFactory <RCTHostDelegate>
                                                         ^
/Users/jonahmicahinguito/dev/rotaract-connect/ios/Pods/Headers/Public/Expo/Expo/ExpoReactNativeFactory.h:6:11: note: protocol 'RCTHostDelegate' has no definition
@protocol RCTHostDelegate;
          ^
<module-includes>:1:9: note: in file included from <module-includes>:1:
#import "EXUpdates-umbrella.h"
        ^
/Users/jonahmicahinguito/Library/Developer/Xcode/DerivedData/rotaractconnect-cjwcbdlngckcsaantafkjnfzfbdk/Build/Products/Debug-iphoneos/EXUpdates/EXUpdates-umbrella.h:13:9: note: in file included from /Users/jonahmicahinguito/Library/Developer/Xcode/DerivedData/rotaractconnect-cjwcbdlngckcsaantafkjnfzfbdk/Build/Products/Debug-iphoneos/EXUpdates/EXUpdates-umbrella.h:13:
#import "EXUpdates.h"
        ^
/Users/jonahmicahinguito/dev/rotaract-connect/ios/Pods/Headers/Public/EXUpdates/EXUpdates.h:4:9: note: in file included from /Users/jonahmicahinguito/dev/rotaract-connect/ios/Pods/Headers/Public/EXUpdates/EXUpdates.h:4:
#import "EXUpdates-umbrella.h"
        ^
/Users/jonahmicahinguito/dev/rotaract-connect/ios/Pods/Headers/Public/EXUpdates/EXUpdates-umbrella.h:15:9: note: in file included from /Users/jonahmicahinguito/dev/rotaract-connect/ios/Pods/Headers/Public/EXUpdates/EXUpdates-umbrella.h:15:
#import "EXDeferredRCTRootView.h"
        ^
/Users/jonahmicahinguito/dev/rotaract-connect/ios/Pods/Headers/Public/EXUpdates/EXDeferredRCTRootView.h:3:9: note: in file included from /Users/jonahmicahinguito/dev/rotaract-connect/ios/Pods/Headers/Public/EXUpdates/EXDeferredRCTRootView.h:3:
#import <ExpoModulesCore/ExpoModulesCore.h>
        ^
/Users/jonahmicahinguito/dev/rotaract-connect/ios/Pods/Headers/Public/ExpoModulesCore/ExpoModulesCore/ExpoModulesCore.h:16:9: note: in file included from /Users/jonahmicahinguito/dev/rotaract-connect/ios/Pods/Headers/Public/ExpoModulesCore/ExpoModulesCore/ExpoModulesCore.h:16:
#import <ExpoModulesCore/EXFilePermissionModuleInterface.h>
        ^
/Users/jonahmicahinguito/dev/rotaract-connect/ios/Pods/Headers/Public/ExpoModulesCore/ExpoModulesCore/EXFilePermissionModuleInterface.h:3:9: note: in file included from /Users/jonahmicahinguito/dev/rotaract-connect/ios/Pods/Headers/Public/ExpoModulesCore/ExpoModulesCore/EXFilePermissionModuleInterface.h:3:
#import <ExpoModulesCore/EXFileSystemInterface.h>
        ^

/Users/jonahmicahinguito/dev/rotaract-connect/ios/<module-includes>:1:9: In file included from <module-includes>:1:

/Users/jonahmicahinguito/Library/Developer/Xcode/DerivedData/rotaractconnect-cjwcbdlngckcsaantafkjnfzfbdk/Build/Products/Debug-iphoneos/Expo/Expo-umbrella.h:16:9: In file included from /Users/jonahmicahinguito/Library/Developer/Xcode/DerivedData/rotaractconnect-cjwcbdlngckcsaantafkjnfzfbdk/Build/Products/Debug-iphoneos/Expo/Expo-umbrella.h:16:

/Users/jonahmicahinguito/dev/rotaract-connect/ios/Pods/Headers/Public/Expo/Expo/ExpoReactNativeFactory.h:3:9: In file included from /Users/jonahmicahinguito/dev/rotaract-connect/ios/Pods/Headers/Public/Expo/Expo/ExpoReactNativeFactory.h:3:

/Users/jonahmicahinguito/dev/rotaract-connect/ios/Pods/Headers/Public/ExpoModulesCore/ExpoModulesCore/ExpoModulesCore.h:16:9: In file included from /Users/jonahmicahinguito/dev/rotaract-connect/ios/Pods/Headers/Public/ExpoModulesCore/ExpoModulesCore/ExpoModulesCore.h:16:

/Users/jonahmicahinguito/dev/rotaract-connect/ios/Pods/Headers/Public/ExpoModulesCore/ExpoModulesCore/EXFilePermissionModuleInterface.h:3:9: In file included from /Users/jonahmicahinguito/dev/rotaract-connect/ios/Pods/Headers/Public/ExpoModulesCore/ExpoModulesCore/EXFilePermissionModuleInterface.h:3:

/Users/jonahmicahinguito/dev/rotaract-connect/ios/Pods/Headers/Public/ExpoModulesCore/ExpoModulesCore/EXFileSystemInterface.h:14:42: Pointer is missing a nullability type specifier (_Nonnull, _Nullable, or _Null_unspecified)

/Users/jonahmicahinguito/dev/rotaract-connect/ios/Pods/Headers/Public/ExpoModulesCore/ExpoModulesCore/EXFileSystemInterface.h:20:57: Pointer is missing a nullability type specifier (_Nonnull, _Nullable, or _Null_unspecified)

/Users/jonahmicahinguito/dev/rotaract-connect/ios/Pods/Headers/Public/ExpoModulesCore/ExpoModulesCore/EXFileSystemInterface.h:20:93: Pointer is missing a nullability type specifier (_Nonnull, _Nullable, or _Null_unspecified)

/Users/jonahmicahinguito/dev/rotaract-connect/ios/Pods/Headers/Public/ExpoModulesCore/ExpoModulesCore/EXFileSystemInterface.h:21:43: Pointer is missing a nullability type specifier (_Nonnull, _Nullable, or _Null_unspecified)

/Users/jonahmicahinguito/dev/rotaract-connect/ios/Pods/Headers/Public/Expo/Expo/ExpoReactNativeFactory.h:11:58: Cannot find protocol definition for 'RCTHostDelegate'

Ld /Users/jonahmicahinguito/Library/Developer/Xcode/DerivedData/rotaractconnect-cjwcbdlngckcsaantafkjnfzfbdk/Build/Products/Debug-iphoneos/rotaractconnect.app/rotaractconnect.debug.dylib normal (in target 'rotaractconnect' from project 'rotaractconnect')
    cd /Users/jonahmicahinguito/dev/rotaract-connect/ios
    /Applications/Xcode.app/Contents/Developer/Toolchains/XcodeDefault.xctoolchain/usr/bin/clang -Xlinker -reproducible -target arm64-apple-ios16.4 -dynamiclib -isysroot /Applications/Xcode.app/Contents/Developer/Platforms/iPhoneOS.platform/Developer/SDKs/iPhoneOS26.5.sdk -O0 -L/Users/jonahmicahinguito/Library/Developer/Xcode/DerivedData/rotaractconnect-cjwcbdlngckcsaantafkjnfzfbdk/Build/Intermediates.noindex/EagerLinkingTBDs/Debug-iphoneos -L/Users/jonahmicahinguito/Library/Developer/Xcode/DerivedData/rotaractconnect-cjwcbdlngckcsaantafkjnfzfbdk/Build/Products/Debug-iphoneos -L/Applications/Xcode.app/Contents/Developer/Platforms/iPhoneOS.platform/Developer/SDKs/iPhoneOS26.5.sdk/usr/lib/swift -L/Users/jonahmicahinguito/Library/Developer/Xcode/DerivedData/rotaractconnect-cjwcbdlngckcsaantafkjnfzfbdk/Build/Products/Debug-iphoneos/DoubleConversion -L/Users/jonahmicahinguito/Library/Developer/Xcode/DerivedData/rotaractconnect-cjwcbdlngckcsaantafkjnfzfbdk/Build/Products/Debug-iphoneos/EASClient -L/Users/jonahmicahinguito/Library/Developer/Xcode/DerivedData/rotaractconnect-cjwcbdlngckcsaantafkjnfzfbdk/Build/Products/Debug-iphoneos/EXApplication -L/Users/jonahmicahinguito/Library/Developer/Xcode/DerivedData/rotaractconnect-cjwcbdlngckcsaantafkjnfzfbdk/Build/Products/Debug-iphoneos/EXConstants -L/Users/jonahmicahinguito/Library/Developer/Xcode/DerivedData/rotaractconnect-cjwcbdlngckcsaantafkjnfzfbdk/Build/Products/Debug-iphoneos/EXJSONUtils -L/Users/jonahmicahinguito/Library/Developer/Xcode/DerivedData/rotaractconnect-cjwcbdlngckcsaantafkjnfzfbdk/Build/Products/Debug-iphoneos/EXManifests -L/Users/jonahmicahinguito/Library/Developer/Xcode/DerivedData/rotaractconnect-cjwcbdlngckcsaantafkjnfzfbdk/Build/Products/Debug-iphoneos/EXStructuredHeaders -L/Users/jonahmicahinguito/Library/Developer/Xcode/DerivedData/rotaractconnect-cjwcbdlngckcsaantafkjnfzfbdk/Build/Products/Debug-iphoneos/EXUpdates -L/Users/jonahmicahinguito/Library/Developer/Xcode/DerivedData/rotaractconnect-cjwcbdlngckcsaantafkjnfzfbdk/Build/Products/Debug-iphoneos/EXUpdatesInterface -L/Users/jonahmicahinguito/Library/Developer/Xcode/DerivedData/rotaractconnect-cjwcbdlngckcsaantafkjnfzfbdk/Build/Products/Debug-iphoneos/Expo -L/Users/jonahmicahinguito/Library/Developer/Xcode/DerivedData/rotaractconnect-cjwcbdlngckcsaantafkjnfzfbdk/Build/Products/Debug-iphoneos/ExpoAsset -L/Users/jonahmicahinguito/Library/Developer/Xcode/DerivedData/rotaractconnect-cjwcbdlngckcsaantafkjnfzfbdk/Build/Products/Debug-iphoneos/ExpoAudio -L/Users/jonahmicahinguito/Library/Developer/Xcode/DerivedData/rotaractconnect-cjwcbdlngckcsaantafkjnfzfbdk/Build/Products/Debug-iphoneos/ExpoDevice -L/Users/jonahmicahinguito/Library/Developer/Xcode/DerivedData/rotaractconnect-cjwcbdlngckcsaantafkjnfzfbdk/Build/Products/Debug-iphoneos/ExpoDomWebView -L/Users/jonahmicahinguito/Library/Developer/Xcode/DerivedData/rotaractconnect-cjwcbdlngckcsaantafkjnfzfbdk/Build/Products/Debug-iphoneos/ExpoFileSystem -L/Users/jonahmicahinguito/Library/Developer/Xcode/DerivedData/rotaractconnect-cjwcbdlngckcsaantafkjnfzfbdk/Build/Products/Debug-iphoneos/ExpoFont -L/Users/jonahmicahinguito/Library/Developer/Xcode/DerivedData/rotaractconnect-cjwcbdlngckcsaantafkjnfzfbdk/Build/Products/Debug-iphoneos/ExpoImagePicker -L/Users/jonahmicahinguito/Library/Developer/Xcode/DerivedData/rotaractconnect-cjwcbdlngckcsaantafkjnfzfbdk/Build/Products/Debug-iphoneos/ExpoKeepAwake -L/Users/jonahmicahinguito/Library/Developer/Xcode/DerivedData/rotaractconnect-cjwcbdlngckcsaantafkjnfzfbdk/Build/Products/Debug-iphoneos/ExpoLocation -L/Users/jonahmicahinguito/Library/Developer/Xcode/DerivedData/rotaractconnect-cjwcbdlngckcsaantafkjnfzfbdk/Build/Products/Debug-iphoneos/ExpoLogBox -L/Users/jonahmicahinguito/Library/Developer/Xcode/DerivedData/rotaractconnect-cjwcbdlngckcsaantafkjnfzfbdk/Build/Products/Debug-iphoneos/ExpoModulesCore -L/Users/jonahmicahinguito/Library/Developer/Xcode/DerivedData/rotaractconnect-cjwcbdlngckcsaantafkjnfzfbdk/Build/Products/Debug-iphoneos/ExpoModulesWorklets -L/Users/jonahmicahinguito/Library/Developer/Xcode/DerivedData/rotaractconnect-cjwcbdlngckcsaantafkjnfzfbdk/Build/Products/Debug-iphoneos/ExpoNotifications -L/Users/jonahmicahinguito/Library/Developer/Xcode/DerivedData/rotaractconnect-cjwcbdlngckcsaantafkjnfzfbdk/Build/Products/Debug-iphoneos/ExpoSplashScreen -L/Users/jonahmicahinguito/Library/Developer/Xcode/DerivedData/rotaractconnect-cjwcbdlngckcsaantafkjnfzfbdk/Build/Products/Debug-iphoneos/RCT-Folly -L/Users/jonahmicahinguito/Library/Developer/Xcode/DerivedData/rotaractconnect-cjwcbdlngckcsaantafkjnfzfbdk/Build/Products/Debug-iphoneos/RCTDeprecation -L/Users/jonahmicahinguito/Library/Developer/Xcode/DerivedData/rotaractconnect-cjwcbdlngckcsaantafkjnfzfbdk/Build/Products/Debug-iphoneos/RCTSwiftUI -L/Users/jonahmicahinguito/Library/Developer/Xcode/DerivedData/rotaractconnect-cjwcbdlngckcsaantafkjnfzfbdk/Build/Products/Debug-iphoneos/RCTSwiftUIWrapper -L/Users/jonahmicahinguito/Library/Developer/Xcode/DerivedData/rotaractconnect-cjwcbdlngckcsaantafkjnfzfbdk/Build/Products/Debug-iphoneos/RCTTypeSafety -L/Users/jonahmicahinguito/Library/Developer/Xcode/DerivedData/rotaractconnect-cjwcbdlngckcsaantafkjnfzfbdk/Build/Products/Debug-iphoneos/RNCAsyncStorage -L/Users/jonahmicahinguito/Library/Developer/Xcode/DerivedData/rotaractconnect-cjwcbdlngckcsaantafkjnfzfbdk/Build/Products/Debug-iphoneos/RNDateTimePicker -L/Users/jonahmicahinguito/Library/Developer/Xcode/DerivedData/rotaractconnect-cjwcbdlngckcsaantafkjnfzfbdk/Build/Products/Debug-iphoneos/RNGestureHandler -L/Users/jonahmicahinguito/Library/Developer/Xcode/DerivedData/rotaractconnect-cjwcbdlngckcsaantafkjnfzfbdk/Build/Products/Debug-iphoneos/RNScreens -L/Users/jonahmicahinguito/Library/Developer/Xcode/DerivedData/rotaractconnect-cjwcbdlngckcsaantafkjnfzfbdk/Build/Products/Debug-iphoneos/ReachabilitySwift -L/Users/jonahmicahinguito/Library/Developer/Xcode/DerivedData/rotaractconnect-cjwcbdlngckcsaantafkjnfzfbdk/Build/Products/Debug-iphoneos/React-Core -L/Users/jonahmicahinguito/Library/Developer/Xcode/DerivedData/rotaractconnect-cjwcbdlngckcsaantafkjnfzfbdk/Build/Products/Debug-iphoneos/React-CoreModules -L/Users/jonahmicahinguito/Library/Developer/Xcode/DerivedData/rotaractconnect-cjwcbdlngckcsaantafkjnfzfbdk/Build/Products/Debug-iphoneos/React-Fabric -L/Users/jonahmicahinguito/Library/Developer/Xcode/DerivedData/rotaractconnect-cjwcbdlngckcsaantafkjnfzfbdk/Build/Products/Debug-iphoneos/React-FabricComponents -L/Users/jonahmicahinguito/Library/Developer/Xcode/DerivedData/rotaractconnect-cjwcbdlngckcsaantafkjnfzfbdk/Build/Products/Debug-iphoneos/React-FabricImage -L/Users/jonahmicahinguito/Library/Developer/Xcode/DerivedData/rotaractconnect-cjwcbdlngckcsaantafkjnfzfbdk/Build/Products/Debug-iphoneos/React-ImageManager -L/Users/jonahmicahinguito/Library/Developer/Xcode/DerivedData/rotaractconnect-cjwcbdlngckcsaantafkjnfzfbdk/Build/Products/Debug-iphoneos/React-Mapbuffer -L/Users/jonahmicahinguito/Library/Developer/Xcode/DerivedData/rotaractconnect-cjwcbdlngckcsaantafkjnfzfbdk/Build/Products/Debug-iphoneos/React-NativeModulesApple -L/Users/jonahmicahinguito/Library/Developer/Xcode/DerivedData/rotaractconnect-cjwcbdlngckcsaantafkjnfzfbdk/Build/Products/Debug-iphoneos/React-RCTAnimation -L/Users/jonahmicahinguito/Library/Developer/Xcode/DerivedData/rotaractconnect-cjwcbdlngckcsaantafkjnfzfbdk/Build/Products/Debug-iphoneos/React-RCTAppDelegate -L/Users/jonahmicahinguito/Library/Developer/Xcode/DerivedData/rotaractconnect-cjwcbdlngckcsaantafkjnfzfbdk/Build/Products/Debug-iphoneos/React-RCTBlob -L/Users/jonahmicahinguito/Library/Developer/Xcode/DerivedData/rotaractconnect-cjwcbdlngckcsaantafkjnfzfbdk/Build/Products/Debug-iphoneos/React-RCTFBReactNativeSpec -L/Users/jonahmicahinguito/Library/Developer/Xcode/DerivedData/rotaractconnect-cjwcbdlngckcsaantafkjnfzfbdk/Build/Products/Debug-iphoneos/React-RCTFabric -L/Users/jonahmicahinguito/Library/Developer/Xcode/DerivedData/rotaractconnect-cjwcbdlngckcsaantafkjnfzfbdk/Build/Products/Debug-iphoneos/React-RCTImage -L/Users/jonahmicahinguito/Library/Developer/Xcode/DerivedData/rotaractconnect-cjwcbdlngckcsaantafkjnfzfbdk/Build/Products/Debug-iphoneos/React-RCTLinking -L/Users/jonahmicahinguito/Library/Developer/Xcode/DerivedData/rotaractconnect-cjwcbdlngckcsaantafkjnfzfbdk/Build/Products/Debug-iphoneos/React-RCTNetwork -L/Users/jonahmicahinguito/Library/Developer/Xcode/DerivedData/rotaractconnect-cjwcbdlngckcsaantafkjnfzfbdk/Build/Products/Debug-iphoneos/React-RCTRuntime -L/Users/jonahmicahinguito/Library/Developer/Xcode/DerivedData/rotaractconnect-cjwcbdlngckcsaantafkjnfzfbdk/Build/Products/Debug-iphoneos/React-RCTSettings -L/Users/jonahmicahinguito/Library/Developer/Xcode/DerivedData/rotaractconnect-cjwcbdlngckcsaantafkjnfzfbdk/Build/Products/Debug-iphoneos/React-RCTText -L/Users/jonahmicahinguito/Library/Developer/Xcode/DerivedData/rotaractconnect-cjwcbdlngckcsaantafkjnfzfbdk/Build/Products/Debug-iphoneos/React-RCTVibration -L/Users/jonahmicahinguito/Library/Developer/Xcode/DerivedData/rotaractconnect-cjwcbdlngckcsaantafkjnfzfbdk/Build/Products/Debug-iphoneos/React-RuntimeApple -L/Users/jonahmicahinguito/Library/Developer/Xcode/DerivedData/rotaractconnect-cjwcbdlngckcsaantafkjnfzfbdk/Build/Products/Debug-iphoneos/React-RuntimeCore -L/Users/jonahmicahinguito/Library/Developer/Xcode/DerivedData/rotaractconnect-cjwcbdlngckcsaantafkjnfzfbdk/Build/Products/Debug-iphoneos/React-RuntimeHermes -L/Users/jonahmicahinguito/Library/Developer/Xcode/DerivedData/rotaractconnect-cjwcbdlngckcsaantafkjnfzfbdk/Build/Products/Debug-iphoneos/React-cxxreact -L/Users/jonahmicahinguito/Library/Developer/Xcode/DerivedData/rotaractconnect-cjwcbdlngckcsaantafkjnfzfbdk/Build/Products/Debug-iphoneos/React-debug -L/Users/jonahmicahinguito/Library/Developer/Xcode/DerivedData/rotaractconnect-cjwcbdlngckcsaantafkjnfzfbdk/Build/Products/Debug-iphoneos/React-defaultsnativemodule -L/Users/jonahmicahinguito/Library/Developer/Xcode/DerivedData/rotaractconnect-cjwcbdlngckcsaantafkjnfzfbdk/Build/Products/Debug-iphoneos/React-domnativemodule -L/Users/jonahmicahinguito/Library/Developer/Xcode/DerivedData/rotaractconnect-cjwcbdlngckcsaantafkjnfzfbdk/Build/Products/Debug-iphoneos/React-featureflags -L/Users/jonahmicahinguito/Library/Developer/Xcode/DerivedData/rotaractconnect-cjwcbdlngckcsaantafkjnfzfbdk/Build/Products/Debug-iphoneos/React-featureflagsnativemodule -L/Users/jonahmicahinguito/Library/Developer/Xcode/DerivedData/rotaractconnect-cjwcbdlngckcsaantafkjnfzfbdk/Build/Products/Debug-iphoneos/React-graphics -L/Users/jonahmicahinguito/Library/Developer/Xcode/DerivedData/rotaractconnect-cjwcbdlngckcsaantafkjnfzfbdk/Build/Products/Debug-iphoneos/React-hermes -L/Users/jonahmicahinguito/Library/Developer/Xcode/DerivedData/rotaractconnect-cjwcbdlngckcsaantafkjnfzfbdk/Build/Products/Debug-iphoneos/React-idlecallbacksnativemodule -L/Users/jonahmicahinguito/Library/Developer/Xcode/DerivedData/rotaractconnect-cjwcbdlngckcsaantafkjnfzfbdk/Build/Products/Debug-iphoneos/React-intersectionobservernativemodule -L/Users/jonahmicahinguito/Library/Developer/Xcode/DerivedData/rotaractconnect-cjwcbdlngckcsaantafkjnfzfbdk/Build/Products/Debug-iphoneos/React-jserrorhandler -L/Users/jonahmicahinguito/Library/Developer/Xcode/DerivedData/rotaractconnect-cjwcbdlngckcsaantafkjnfzfbdk/Build/Products/Debug-iphoneos/React-jsi -L/Users/jonahmicahinguito/Library/Developer/Xcode/DerivedData/rotaractconnect-cjwcbdlngckcsaantafkjnfzfbdk/Build/Products/Debug-iphoneos/React-jsiexecutor -L/Users/jonahmicahinguito/Library/Developer/Xcode/DerivedData/rotaractconnect-cjwcbdlngckcsaantafkjnfzfbdk/Build/Products/Debug-iphoneos/React-jsinspector -L/Users/jonahmicahinguito/Library/Developer/Xcode/DerivedData/rotaractconnect-cjwcbdlngckcsaantafkjnfzfbdk/Build/Products/Debug-iphoneos/React-jsinspectorcdp -L/Users/jonahmicahinguito/Library/Developer/Xcode/DerivedData/rotaractconnect-cjwcbdlngckcsaantafkjnfzfbdk/Build/Products/Debug-iphoneos/React-jsinspectornetwork -L/Users/jonahmicahinguito/Library/Developer/Xcode/DerivedData/rotaractconnect-cjwcbdlngckcsaantafkjnfzfbdk/Build/Products/Debug-iphoneos/React-jsinspectortracing -L/Users/jonahmicahinguito/Library/Developer/Xcode/DerivedData/rotaractconnect-cjwcbdlngckcsaantafkjnfzfbdk/Build/Products/Debug-iphoneos/React-jsitooling -L/Users/jonahmicahinguito/Library/Developer/Xcode/DerivedData/rotaractconnect-cjwcbdlngckcsaantafkjnfzfbdk/Build/Products/Debug-iphoneos/React-logger -L/Users/jonahmicahinguito/Library/Developer/Xcode/DerivedData/rotaractconnect-cjwcbdlngckcsaantafkjnfzfbdk/Build/Products/Debug-iphoneos/React-microtasksnativemodule -L/Users/jonahmicahinguito/Library/Developer/Xcode/DerivedData/rotaractconnect-cjwcbdlngckcsaantafkjnfzfbdk/Build/Products/Debug-iphoneos/React-mutationobservernativemodule -L/Users/jonahmicahinguito/Library/Developer/Xcode/DerivedData/rotaractconnect-cjwcbdlngckcsaantafkjnfzfbdk/Build/Products/Debug-iphoneos/React-networking -L/Users/jonahmicahinguito/Library/Developer/Xcode/DerivedData/rotaractconnect-cjwcbdlngckcsaantafkjnfzfbdk/Build/Products/Debug-iphoneos/React-oscompat -L/Users/jonahmicahinguito/Library/Developer/Xcode/DerivedData/rotaractconnect-cjwcbdlngckcsaantafkjnfzfbdk/Build/Products/Debug-iphoneos/React-perflogger -L/Users/jonahmicahinguito/Library/Developer/Xcode/DerivedData/rotaractconnect-cjwcbdlngckcsaantafkjnfzfbdk/Build/Products/Debug-iphoneos/React-performancecdpmetrics -L/Users/jonahmicahinguito/Library/Developer/Xcode/DerivedData/rotaractconnect-cjwcbdlngckcsaantafkjnfzfbdk/Build/Products/Debug-iphoneos/React-performancetimeline -L/Users/jonahmicahinguito/Library/Developer/Xcode/DerivedData/rotaractconnect-cjwcbdlngckcsaantafkjnfzfbdk/Build/Products/Debug-iphoneos/React-rendererconsistency -L/Users/jonahmicahinguito/Library/Developer/Xcode/DerivedData/rotaractconnect-cjwcbdlngckcsaantafkjnfzfbdk/Build/Products/Debug-iphoneos/React-renderercss -L/Users/jonahmicahinguito/Library/Developer/Xcode/DerivedData/rotaractconnect-cjwcbdlngckcsaantafkjnfzfbdk/Build/Products/Debug-iphoneos/React-rendererdebug -L/Users/jonahmicahinguito/Library/Developer/Xcode/DerivedData/rotaractconnect-cjwcbdlngckcsaantafkjnfzfbdk/Build/Products/Debug-iphoneos/React-runtimeexecutor -L/Users/jonahmicahinguito/Library/Developer/Xcode/DerivedData/rotaractconnect-cjwcbdlngckcsaantafkjnfzfbdk/Build/Products/Debug-iphoneos/React-runtimescheduler -L/Users/jonahmicahinguito/Library/Developer/Xcode/DerivedData/rotaractconnect-cjwcbdlngckcsaantafkjnfzfbdk/Build/Products/Debug-iphoneos/React-utils -L/Users/jonahmicahinguito/Library/Developer/Xcode/DerivedData/rotaractconnect-cjwcbdlngckcsaantafkjnfzfbdk/Build/Products/Debug-iphoneos/React-viewtransitionnativemodule -L/Users/jonahmicahinguito/Library/Developer/Xcode/DerivedData/rotaractconnect-cjwcbdlngckcsaantafkjnfzfbdk/Build/Products/Debug-iphoneos/React-webperformancenativemodule -L/Users/jonahmicahinguito/Library/Developer/Xcode/DerivedData/rotaractconnect-cjwcbdlngckcsaantafkjnfzfbdk/Build/Products/Debug-iphoneos/ReactAppDependencyProvider -L/Users/jonahmicahinguito/Library/Developer/Xcode/DerivedData/rotaractconnect-cjwcbdlngckcsaantafkjnfzfbdk/Build/Products/Debug-iphoneos/ReactCodegen -L/Users/jonahmicahinguito/Library/Developer/Xcode/DerivedData/rotaractconnect-cjwcbdlngckcsaantafkjnfzfbdk/Build/Products/Debug-iphoneos/ReactCommon -L/Users/jonahmicahinguito/Library/Developer/Xcode/DerivedData/rotaractconnect-cjwcbdlngckcsaantafkjnfzfbdk/Build/Products/Debug-iphoneos/SocketRocket -L/Users/jonahmicahinguito/Library/Developer/Xcode/DerivedData/rotaractconnect-cjwcbdlngckcsaantafkjnfzfbdk/Build/Products/Debug-iphoneos/Yoga -L/Users/jonahmicahinguito/Library/Developer/Xcode/DerivedData/rotaractconnect-cjwcbdlngckcsaantafkjnfzfbdk/Build/Products/Debug-iphoneos/expo-dev-launcher -L/Users/jonahmicahinguito/Library/Developer/Xcode/DerivedData/rotaractconnect-cjwcbdlngckcsaantafkjnfzfbdk/Build/Products/Debug-iphoneos/expo-dev-menu -L/Users/jonahmicahinguito/Library/Developer/Xcode/DerivedData/rotaractconnect-cjwcbdlngckcsaantafkjnfzfbdk/Build/Products/Debug-iphoneos/expo-dev-menu-interface -L/Users/jonahmicahinguito/Library/Developer/Xcode/DerivedData/rotaractconnect-cjwcbdlngckcsaantafkjnfzfbdk/Build/Products/Debug-iphoneos/fmt -L/Users/jonahmicahinguito/Library/Developer/Xcode/DerivedData/rotaractconnect-cjwcbdlngckcsaantafkjnfzfbdk/Build/Products/Debug-iphoneos/glog -L/Users/jonahmicahinguito/Library/Developer/Xcode/DerivedData/rotaractconnect-cjwcbdlngckcsaantafkjnfzfbdk/Build/Products/Debug-iphoneos/react-native-maps -L/Users/jonahmicahinguito/Library/Developer/Xcode/DerivedData/rotaractconnect-cjwcbdlngckcsaantafkjnfzfbdk/Build/Products/Debug-iphoneos/react-native-safe-area-context -L/Applications/Xcode.app/Contents/Developer/Toolchains/XcodeDefault.xctoolchain/usr/lib/swift/iphoneos -L/Applications/Xcode.app/Contents/Developer/Platforms/iPhoneOS.platform/Developer/SDKs/iPhoneOS26.5.sdk/usr/lib/swift -F/Users/jonahmicahinguito/Library/Developer/Xcode/DerivedData/rotaractconnect-cjwcbdlngckcsaantafkjnfzfbdk/Build/Intermediates.noindex/EagerLinkingTBDs/Debug-iphoneos -F/Users/jonahmicahinguito/Library/Developer/Xcode/DerivedData/rotaractconnect-cjwcbdlngckcsaantafkjnfzfbdk/Build/Products/Debug-iphoneos -F/Users/jonahmicahinguito/dev/rotaract-connect/node_modules/expo-modules-jsi/apple/Products -F/Users/jonahmicahinguito/dev/rotaract-connect/ios/Pods/hermes-engine/destroot/Library/Frameworks/universal -F/Users/jonahmicahinguito/Library/Developer/Xcode/DerivedData/rotaractconnect-cjwcbdlngckcsaantafkjnfzfbdk/Build/Products/Debug-iphoneos/XCFrameworkIntermediates/ExpoModulesJSI -F/Users/jonahmicahinguito/Library/Developer/Xcode/DerivedData/rotaractconnect-cjwcbdlngckcsaantafkjnfzfbdk/Build/Products/Debug-iphoneos/XCFrameworkIntermediates/hermes-engine/Pre-built -filelist /Users/jonahmicahinguito/Library/Developer/Xcode/DerivedData/rotaractconnect-cjwcbdlngckcsaantafkjnfzfbdk/Build/Intermediates.noindex/rotaractconnect.build/Debug-iphoneos/rotaractconnect.build/Objects-normal/arm64/rotaractconnect.LinkFileList -install_name @rpath/rotaractconnect.debug.dylib -Xlinker -rpath -Xlinker /usr/lib/swift -Xlinker -rpath -Xlinker @executable_path/Frameworks -Xlinker -rpath -Xlinker @loader_path/Frameworks -Xlinker -dead_strip -Xlinker -object_path_lto -Xlinker /Users/jonahmicahinguito/Library/Developer/Xcode/DerivedData/rotaractconnect-cjwcbdlngckcsaantafkjnfzfbdk/Build/Intermediates.noindex/rotaractconnect.build/Debug-iphoneos/rotaractconnect.build/Objects-normal/arm64/rotaractconnect_lto.o -rdynamic -Xlinker -no_deduplicate -Xlinker -dependency_info -Xlinker /Users/jonahmicahinguito/Library/Developer/Xcode/DerivedData/rotaractconnect-cjwcbdlngckcsaantafkjnfzfbdk/Build/Intermediates.noindex/rotaractconnect.build/Debug-iphoneos/rotaractconnect.build/Objects-normal/arm64/rotaractconnect_dependency_info.dat -fobjc-link-runtime -L/Applications/Xcode.app/Contents/Developer/Toolchains/XcodeDefault.xctoolchain/usr/lib/swift/iphoneos -L/usr/lib/swift -Xlinker -add_ast_path -Xlinker /Users/jonahmicahinguito/Library/Developer/Xcode/DerivedData/rotaractconnect-cjwcbdlngckcsaantafkjnfzfbdk/Build/Intermediates.noindex/rotaractconnect.build/Debug-iphoneos/rotaractconnect.build/Objects-normal/arm64/rotaractconnect.swiftmodule -ObjC -lDoubleConversion -lEASClient -lEXApplication -lEXConstants -lEXJSONUtils -lEXManifests -lEXStructuredHeaders -lEXUpdates -lEXUpdatesInterface -lExpo -lExpoAsset -lExpoAudio -lExpoDevice -lExpoDomWebView -lExpoFileSystem -lExpoFont -lExpoImagePicker -lExpoKeepAwake -lExpoLocation -lExpoLogBox -lExpoModulesCore -lExpoModulesWorklets -lExpoNotifications -lExpoSplashScreen -lRCT-Folly -lRCTDeprecation -lRCTSwiftUI -lRCTSwiftUIWrapper -lRCTTypeSafety -lRNCAsyncStorage -lRNDateTimePicker -lRNGestureHandler -lRNScreens -lReachabilitySwift -lReact-Core -lReact-CoreModules -lReact-Fabric -lReact-FabricComponents -lReact-FabricImage -lReact-ImageManager -lReact-Mapbuffer -lReact-NativeModulesApple -lReact-RCTAnimation -lReact-RCTAppDelegate -lReact-RCTBlob -lReact-RCTFBReactNativeSpec -lReact-RCTFabric -lReact-RCTImage -lReact-RCTLinking -lReact-RCTNetwork -lReact-RCTRuntime -lReact-RCTSettings -lReact-RCTText -lReact-RCTVibration -lReact-RuntimeApple -lReact-RuntimeCore -lReact-RuntimeHermes -lReact-cxxreact -lReact-debug -lReact-defaultsnativemodule -lReact-domnativemodule -lReact-featureflags -lReact-featureflagsnativemodule -lReact-graphics -lReact-hermes -lReact-idlecallbacksnativemodule -lReact-intersectionobservernativemodule -lReact-jserrorhandler -lReact-jsi -lReact-jsiexecutor -lReact-jsinspector -lReact-jsinspectorcdp -lReact-jsinspectornetwork -lReact-jsinspectortracing -lReact-jsitooling -lReact-logger -lReact-microtasksnativemodule -lReact-mutationobservernativemodule -lReact-networking -lReact-oscompat -lReact-perflogger -lReact-performancecdpmetrics -lReact-performancetimeline -lReact-rendererconsistency -lReact-renderercss -lReact-rendererdebug -lReact-runtimeexecutor -lReact-runtimescheduler -lReact-utils -lReact-viewtransitionnativemodule -lReact-webperformancenativemodule -lReactAppDependencyProvider -lReactCodegen -lReactCommon -lSocketRocket -lYoga -lbz2 -lc++ -lc++abi -lexpo-dev-launcher -lexpo-dev-menu -lexpo-dev-menu-interface -lfmt -lglog -licucore -lreact-native-maps -lreact-native-safe-area-context -framework Accelerate -framework AudioToolbox -framework CFNetwork -framework CoreGraphics -framework CoreTelephony -framework ExpoModulesJSI -framework ImageIO -framework MobileCoreServices -framework QuartzCore -framework Security -framework SystemConfiguration -framework UIKit -framework hermesvm -weak_framework JavaScriptCore -ObjC -lc++ -Xlinker -alias -Xlinker _main -Xlinker ___debug_main_executable_dylib_entry_point -lPods-rotaractconnect -Xlinker -no_adhoc_codesign -o /Users/jonahmicahinguito/Library/Developer/Xcode/DerivedData/rotaractconnect-cjwcbdlngckcsaantafkjnfzfbdk/Build/Products/Debug-iphoneos/rotaractconnect.app/rotaractconnect.debug.dylib

/Users/jonahmicahinguito/dev/rotaract-connect/ios/rotaractconnect.xcodeproj: rotaractconnect: ld: warning: ignoring duplicate libraries: '-lc++'

/Users/jonahmicahinguito/dev/rotaract-connect/ios/rotaractconnect.xcodeproj: Ignoring duplicate libraries: '-lc++'


Build target react-native-safe-area-context of project Pods with configuration Debug

CompileC /Users/jonahmicahinguito/Library/Developer/Xcode/DerivedData/rotaractconnect-cjwcbdlngckcsaantafkjnfzfbdk/Build/Intermediates.noindex/Pods.build/Debug-iphoneos/react-native-safe-area-context.build/Objects-normal/arm64/RNCSafeAreaProviderComponentView.o /Users/jonahmicahinguito/dev/rotaract-connect/node_modules/react-native-safe-area-context/ios/Fabric/RNCSafeAreaProviderComponentView.mm normal arm64 objective-c++ com.apple.compilers.llvm.clang.1_0.compiler (in target 'react-native-safe-area-context' from project 'Pods')
    cd /Users/jonahmicahinguito/dev/rotaract-connect/ios/Pods
    
    Using response file: /Users/jonahmicahinguito/Library/Developer/Xcode/DerivedData/rotaractconnect-cjwcbdlngckcsaantafkjnfzfbdk/Build/Intermediates.noindex/Pods.build/Debug-iphoneos/react-native-safe-area-context.build/Objects-normal/arm64/af3fcb34312c57c0f52879cdce924b91-common-args.resp
    
    /Applications/Xcode.app/Contents/Developer/Toolchains/XcodeDefault.xctoolchain/usr/bin/clang -x objective-c++ -ivfsstatcache /Users/jonahmicahinguito/Library/Developer/Xcode/DerivedData/SDKStatCaches.noindex/iphoneos26.5-23F81a-32daed1954a7d5dd0789fcaf2a9bb78b.sdkstatcache -target arm64-apple-ios15.1 -fmessage-length\=0 -fdiagnostics-show-note-include-stack -fmacro-backtrace-limit\=0 -fno-color-diagnostics -fmodules-prune-interval\=86400 -fmodules-prune-after\=345600 -fbuild-session-file\=/Users/jonahmicahinguito/Library/Developer/Xcode/DerivedData/ModuleCache.noindex/Session.modulevalidation -fmodules-validate-once-per-build-session -Wnon-modular-include-in-framework-module -Werror\=non-modular-include-in-framework-module -Wno-trigraphs -Wno-missing-field-initializers -Wno-missing-prototypes -Werror\=return-type -Wdocumentation -Wunreachable-code -Wno-implicit-atomic-properties -Werror\=deprecated-objc-isa-usage -Wno-objc-interface-ivars -Werror\=objc-root-class -Wno-arc-repeated-use-of-weak -Wimplicit-retain-self -Wno-non-virtual-dtor -Wno-overloaded-virtual -Wno-exit-time-destructors -Wduplicate-method-match -Wno-missing-braces -Wparentheses -Wswitch -Wunused-function -Wno-unused-label -Wno-unused-parameter -Wunused-variable -Wunused-value -Wempty-body -Wuninitialized -Wconditional-uninitialized -Wno-unknown-pragmas -Wno-shadow -Wno-four-char-constants -Wno-conversion -Wconstant-conversion -Wint-conversion -Wbool-conversion -Wenum-conversion -Wno-float-conversion -Wnon-literal-null-conversion -Wobjc-literal-conversion -Wshorten-64-to-32 -Wno-newline-eof -Wno-selector -Wno-strict-selector-match -Wundeclared-selector -Wdeprecated-implementations -Wno-c++11-extensions -Wno-implicit-fallthrough -isysroot /Applications/Xcode.app/Contents/Developer/Platforms/iPhoneOS.platform/Developer/SDKs/iPhoneOS26.5.sdk -fstrict-aliasing -Wprotocol -Wdeprecated-declarations -Winvalid-offsetof -Wno-sign-conversion -Winfinite-recursion -Wmove -Wcomma -Wblock-capture-autoreleasing -Wstrict-prototypes -Wrange-loop-analysis -Wno-semicolon-before-method-body -Wunguarded-availability -index-store-path /Users/jonahmicahinguito/Library/Developer/Xcode/DerivedData/rotaractconnect-cjwcbdlngckcsaantafkjnfzfbdk/Index.noindex/DataStore @/Users/jonahmicahinguito/Library/Developer/Xcode/DerivedData/rotaractconnect-cjwcbdlngckcsaantafkjnfzfbdk/Build/Intermediates.noindex/Pods.build/Debug-iphoneos/react-native-safe-area-context.build/Objects-normal/arm64/af3fcb34312c57c0f52879cdce924b91-common-args.resp -DRCT_NEW_ARCH_ENABLED\=1 -include /Users/jonahmicahinguito/dev/rotaract-connect/ios/Pods/Target\ Support\ Files/react-native-safe-area-context/react-native-safe-area-context-prefix.pch -MMD -MT dependencies -MF /Users/jonahmicahinguito/Library/Developer/Xcode/DerivedData/rotaractconnect-cjwcbdlngckcsaantafkjnfzfbdk/Build/Intermediates.noindex/Pods.build/Debug-iphoneos/react-native-safe-area-context.build/Objects-normal/arm64/RNCSafeAreaProviderComponentView.d --serialize-diagnostics /Users/jonahmicahinguito/Library/Developer/Xcode/DerivedData/rotaractconnect-cjwcbdlngckcsaantafkjnfzfbdk/Build/Intermediates.noindex/Pods.build/Debug-iphoneos/react-native-safe-area-context.build/Objects-normal/arm64/RNCSafeAreaProviderComponentView.dia -c /Users/jonahmicahinguito/dev/rotaract-connect/node_modules/react-native-safe-area-context/ios/Fabric/RNCSafeAreaProviderComponentView.mm -o /Users/jonahmicahinguito/Library/Developer/Xcode/DerivedData/rotaractconnect-cjwcbdlngckcsaantafkjnfzfbdk/Build/Intermediates.noindex/Pods.build/Debug-iphoneos/react-native-safe-area-context.build/Objects-normal/arm64/RNCSafeAreaProviderComponentView.o -index-unit-output-path /Pods.build/Debug-iphoneos/react-native-safe-area-context.build/Objects-normal/arm64/RNCSafeAreaProviderComponentView.o

/Users/jonahmicahinguito/dev/rotaract-connect/node_modules/react-native-safe-area-context/ios/Fabric/RNCSafeAreaProviderComponentView.mm:110:27: warning: ISO C++ requires field designators to be specified in declaration order; field 'left' will be initialized after field 'bottom' [-Wreorder-init-list]
  110 |                 .bottom = safeAreaInsets.bottom,
      |                 ~~~~~~~~~~^~~~~~~~~~~~~~~~~~~~~
/Users/jonahmicahinguito/dev/rotaract-connect/node_modules/react-native-safe-area-context/ios/Fabric/RNCSafeAreaProviderComponentView.mm:109:25: note: previous initialization for field 'left' is here
  109 |                 .left = safeAreaInsets.left,
      |                         ^~~~~~~~~~~~~~~~~~~
/Users/jonahmicahinguito/dev/rotaract-connect/node_modules/react-native-safe-area-context/ios/Fabric/RNCSafeAreaProviderComponentView.mm:111:26: warning: ISO C++ requires field designators to be specified in declaration order; field 'bottom' will be initialized after field 'right' [-Wreorder-init-list]
  111 |                 .right = safeAreaInsets.right,
      |                 ~~~~~~~~~^~~~~~~~~~~~~~~~~~~~
/Users/jonahmicahinguito/dev/rotaract-connect/node_modules/react-native-safe-area-context/ios/Fabric/RNCSafeAreaProviderComponentView.mm:110:27: note: previous initialization for field 'bottom' is here
  110 |                 .bottom = safeAreaInsets.bottom,
      |                           ^~~~~~~~~~~~~~~~~~~~~
2 warnings generated.

/Users/jonahmicahinguito/dev/rotaract-connect/node_modules/react-native-safe-area-context/ios/Fabric/RNCSafeAreaProviderComponentView.mm:110:27: ISO C++ requires field designators to be specified in declaration order; field 'left' will be initialized after field 'bottom'

/Users/jonahmicahinguito/dev/rotaract-connect/node_modules/react-native-safe-area-context/ios/Fabric/RNCSafeAreaProviderComponentView.mm:111:26: ISO C++ requires field designators to be specified in declaration order; field 'bottom' will be initialized after field 'right'


Build target react-native-maps of project Pods with configuration Debug
warning: Run script build phase '[CP-User] react-native-maps patches' will be run during every build because it does not specify any outputs. To address this issue, either add output dependencies to the script phase, or configure it to run in every build by unchecking "Based on dependency analysis" in the script phase. (in target 'react-native-maps' from project 'Pods')


Run script build phase '[CP-User] react-native-maps patches' will be run during every build because it does not specify any outputs. To address this issue, either add output dependencies to the script phase, or configure it to run in every build by unchecking "Based on dependency analysis" in the script phase.

CompileC /Users/jonahmicahinguito/Library/Developer/Xcode/DerivedData/rotaractconnect-cjwcbdlngckcsaantafkjnfzfbdk/Build/Intermediates.noindex/Pods.build/Debug-iphoneos/react-native-maps.build/Objects-normal/arm64/RNMapsMarkerView.o /Users/jonahmicahinguito/dev/rotaract-connect/node_modules/react-native-maps/ios/AirMaps/RNMapsMarkerView.mm normal arm64 objective-c++ com.apple.compilers.llvm.clang.1_0.compiler (in target 'react-native-maps' from project 'Pods')
    cd /Users/jonahmicahinguito/dev/rotaract-connect/ios/Pods
    
    Using response file: /Users/jonahmicahinguito/Library/Developer/Xcode/DerivedData/rotaractconnect-cjwcbdlngckcsaantafkjnfzfbdk/Build/Intermediates.noindex/Pods.build/Debug-iphoneos/react-native-maps.build/Objects-normal/arm64/af3fcb34312c57c0f52879cdce924b91-common-args.resp
    
    /Applications/Xcode.app/Contents/Developer/Toolchains/XcodeDefault.xctoolchain/usr/bin/clang -x objective-c++ -ivfsstatcache /Users/jonahmicahinguito/Library/Developer/Xcode/DerivedData/SDKStatCaches.noindex/iphoneos26.5-23F81a-32daed1954a7d5dd0789fcaf2a9bb78b.sdkstatcache -target arm64-apple-ios15.1 -fmessage-length\=0 -fdiagnostics-show-note-include-stack -fmacro-backtrace-limit\=0 -fno-color-diagnostics -fmodules-prune-interval\=86400 -fmodules-prune-after\=345600 -fbuild-session-file\=/Users/jonahmicahinguito/Library/Developer/Xcode/DerivedData/ModuleCache.noindex/Session.modulevalidation -fmodules-validate-once-per-build-session -Wnon-modular-include-in-framework-module -Werror\=non-modular-include-in-framework-module -Wno-trigraphs -Wno-missing-field-initializers -Wno-missing-prototypes -Werror\=return-type -Wdocumentation -Wunreachable-code -Wno-implicit-atomic-properties -Werror\=deprecated-objc-isa-usage -Wno-objc-interface-ivars -Werror\=objc-root-class -Wno-arc-repeated-use-of-weak -Wimplicit-retain-self -Wno-non-virtual-dtor -Wno-overloaded-virtual -Wno-exit-time-destructors -Wduplicate-method-match -Wno-missing-braces -Wparentheses -Wswitch -Wunused-function -Wno-unused-label -Wno-unused-parameter -Wunused-variable -Wunused-value -Wempty-body -Wuninitialized -Wconditional-uninitialized -Wno-unknown-pragmas -Wno-shadow -Wno-four-char-constants -Wno-conversion -Wconstant-conversion -Wint-conversion -Wbool-conversion -Wenum-conversion -Wno-float-conversion -Wnon-literal-null-conversion -Wobjc-literal-conversion -Wshorten-64-to-32 -Wno-newline-eof -Wno-selector -Wno-strict-selector-match -Wundeclared-selector -Wdeprecated-implementations -Wno-c++11-extensions -Wno-implicit-fallthrough -isysroot /Applications/Xcode.app/Contents/Developer/Platforms/iPhoneOS.platform/Developer/SDKs/iPhoneOS26.5.sdk -fstrict-aliasing -Wprotocol -Wdeprecated-declarations -Winvalid-offsetof -Wno-sign-conversion -Winfinite-recursion -Wmove -Wcomma -Wblock-capture-autoreleasing -Wstrict-prototypes -Wrange-loop-analysis -Wno-semicolon-before-method-body -Wunguarded-availability -index-store-path /Users/jonahmicahinguito/Library/Developer/Xcode/DerivedData/rotaractconnect-cjwcbdlngckcsaantafkjnfzfbdk/Index.noindex/DataStore @/Users/jonahmicahinguito/Library/Developer/Xcode/DerivedData/rotaractconnect-cjwcbdlngckcsaantafkjnfzfbdk/Build/Intermediates.noindex/Pods.build/Debug-iphoneos/react-native-maps.build/Objects-normal/arm64/af3fcb34312c57c0f52879cdce924b91-common-args.resp -DFOLLY_MOBILE\=1 -DFOLLY_USE_LIBCPP\=1 -DFOLLY_CFG_NO_COROUTINES\=1 -DFOLLY_HAVE_CLOCK_GETTIME\=1 -Wno-comma -Wno-shorten-64-to-32 -DRCT_NEW_ARCH_ENABLED\=1 -include /Users/jonahmicahinguito/dev/rotaract-connect/ios/Pods/Target\ Support\ Files/react-native-maps/react-native-maps-prefix.pch -MMD -MT dependencies -MF /Users/jonahmicahinguito/Library/Developer/Xcode/DerivedData/rotaractconnect-cjwcbdlngckcsaantafkjnfzfbdk/Build/Intermediates.noindex/Pods.build/Debug-iphoneos/react-native-maps.build/Objects-normal/arm64/RNMapsMarkerView.d --serialize-diagnostics /Users/jonahmicahinguito/Library/Developer/Xcode/DerivedData/rotaractconnect-cjwcbdlngckcsaantafkjnfzfbdk/Build/Intermediates.noindex/Pods.build/Debug-iphoneos/react-native-maps.build/Objects-normal/arm64/RNMapsMarkerView.dia -c /Users/jonahmicahinguito/dev/rotaract-connect/node_modules/react-native-maps/ios/AirMaps/RNMapsMarkerView.mm -o /Users/jonahmicahinguito/Library/Developer/Xcode/DerivedData/rotaractconnect-cjwcbdlngckcsaantafkjnfzfbdk/Build/Intermediates.noindex/Pods.build/Debug-iphoneos/react-native-maps.build/Objects-normal/arm64/RNMapsMarkerView.o -index-unit-output-path /Pods.build/Debug-iphoneos/react-native-maps.build/Objects-normal/arm64/RNMapsMarkerView.o

/Users/jonahmicahinguito/dev/rotaract-connect/node_modules/react-native-maps/ios/AirMaps/RNMapsMarkerView.mm:130:31: warning: ISO C++ requires field designators to be specified in declaration order; field 'position' will be initialized after field 'coordinate' [-Wreorder-init-list]
  130 |                 .coordinate = coordinate,
      |                 ~~~~~~~~~~~~~~^~~~~~~~~~
/Users/jonahmicahinguito/dev/rotaract-connect/node_modules/react-native-maps/ios/AirMaps/RNMapsMarkerView.mm:129:29: note: previous initialization for field 'position' is here
  129 |                 .position = point,
      |                             ^~~~~
/Users/jonahmicahinguito/dev/rotaract-connect/node_modules/react-native-maps/ios/AirMaps/RNMapsMarkerView.mm:111:27: warning: unused variable 'positionDict' [-Wunused-variable]
  111 |             NSDictionary* positionDict = dictionary[@"position"];
      |                           ^~~~~~~~~~~~
/Users/jonahmicahinguito/dev/rotaract-connect/node_modules/react-native-maps/ios/AirMaps/RNMapsMarkerView.mm:159:31: warning: ISO C++ requires field designators to be specified in declaration order; field 'position' will be initialized after field 'coordinate' [-Wreorder-init-list]
  159 |                 .coordinate = coordinate,
      |                 ~~~~~~~~~~~~~~^~~~~~~~~~
/Users/jonahmicahinguito/dev/rotaract-connect/node_modules/react-native-maps/ios/AirMaps/RNMapsMarkerView.mm:158:29: note: previous initialization for field 'position' is here
  158 |                 .position = point,
      |                             ^~~~~
/Users/jonahmicahinguito/dev/rotaract-connect/node_modules/react-native-maps/ios/AirMaps/RNMapsMarkerView.mm:140:27: warning: unused variable 'positionDict' [-Wunused-variable]
  140 |             NSDictionary* positionDict = dictionary[@"position"];
      |                           ^~~~~~~~~~~~
/Users/jonahmicahinguito/dev/rotaract-connect/node_modules/react-native-maps/ios/AirMaps/RNMapsMarkerView.mm:246:31: warning: ISO C++ requires field designators to be specified in declaration order; field 'position' will be initialized after field 'coordinate' [-Wreorder-init-list]
  246 |                 .coordinate = coordinate,
      |                 ~~~~~~~~~~~~~~^~~~~~~~~~
/Users/jonahmicahinguito/dev/rotaract-connect/node_modules/react-native-maps/ios/AirMaps/RNMapsMarkerView.mm:245:29: note: previous initialization for field 'position' is here
  245 |                 .position = point,
      |                             ^~~~~
/Users/jonahmicahinguito/dev/rotaract-connect/node_modules/react-native-maps/ios/AirMaps/RNMapsMarkerView.mm:227:27: warning: unused variable 'positionDict' [-Wunused-variable]
  227 |             NSDictionary* positionDict = dictionary[@"position"];
      |                           ^~~~~~~~~~~~
/Users/jonahmicahinguito/dev/rotaract-connect/node_modules/react-native-maps/ios/AirMaps/RNMapsMarkerView.mm:292:35: warning: incompatible pointer types sending 'id<RCTComponent>' to parameter of type 'UIView *' [-Wincompatible-pointer-types]
  292 |         [_view insertReactSubview:paperView atIndex:index];
      |                                   ^~~~~~~~~
/Users/jonahmicahinguito/dev/rotaract-connect/node_modules/react-native-maps/ios/AirMaps/RNMapsMarkerView.mm:302:35: warning: incompatible pointer types sending 'id<RCTComponent>' to parameter of type 'UIView *' [-Wincompatible-pointer-types]
  302 |         [_view removeReactSubview:paperView];
      |                                   ^~~~~~~~~
8 warnings generated.

/Users/jonahmicahinguito/dev/rotaract-connect/node_modules/react-native-maps/ios/AirMaps/RNMapsMarkerView.mm:130:31: ISO C++ requires field designators to be specified in declaration order; field 'position' will be initialized after field 'coordinate'

/Users/jonahmicahinguito/dev/rotaract-connect/node_modules/react-native-maps/ios/AirMaps/RNMapsMarkerView.mm:111:27: Unused variable 'positionDict'

/Users/jonahmicahinguito/dev/rotaract-connect/node_modules/react-native-maps/ios/AirMaps/RNMapsMarkerView.mm:159:31: ISO C++ requires field designators to be specified in declaration order; field 'position' will be initialized after field 'coordinate'

/Users/jonahmicahinguito/dev/rotaract-connect/node_modules/react-native-maps/ios/AirMaps/RNMapsMarkerView.mm:140:27: Unused variable 'positionDict'

/Users/jonahmicahinguito/dev/rotaract-connect/node_modules/react-native-maps/ios/AirMaps/RNMapsMarkerView.mm:246:31: ISO C++ requires field designators to be specified in declaration order; field 'position' will be initialized after field 'coordinate'

/Users/jonahmicahinguito/dev/rotaract-connect/node_modules/react-native-maps/ios/AirMaps/RNMapsMarkerView.mm:227:27: Unused variable 'positionDict'

/Users/jonahmicahinguito/dev/rotaract-connect/node_modules/react-native-maps/ios/AirMaps/RNMapsMarkerView.mm:292:35: Incompatible pointer types sending 'id<RCTComponent>' to parameter of type 'UIView *'

/Users/jonahmicahinguito/dev/rotaract-connect/node_modules/react-native-maps/ios/AirMaps/RNMapsMarkerView.mm:302:35: Incompatible pointer types sending 'id<RCTComponent>' to parameter of type 'UIView *'

CompileC /Users/jonahmicahinguito/Library/Developer/Xcode/DerivedData/rotaractconnect-cjwcbdlngckcsaantafkjnfzfbdk/Build/Intermediates.noindex/Pods.build/Debug-iphoneos/react-native-maps.build/Objects-normal/arm64/RNMapsMapView.o /Users/jonahmicahinguito/dev/rotaract-connect/node_modules/react-native-maps/ios/AirMaps/RNMapsMapView.mm normal arm64 objective-c++ com.apple.compilers.llvm.clang.1_0.compiler (in target 'react-native-maps' from project 'Pods')
    cd /Users/jonahmicahinguito/dev/rotaract-connect/ios/Pods
    
    Using response file: /Users/jonahmicahinguito/Library/Developer/Xcode/DerivedData/rotaractconnect-cjwcbdlngckcsaantafkjnfzfbdk/Build/Intermediates.noindex/Pods.build/Debug-iphoneos/react-native-maps.build/Objects-normal/arm64/af3fcb34312c57c0f52879cdce924b91-common-args.resp
    
    /Applications/Xcode.app/Contents/Developer/Toolchains/XcodeDefault.xctoolchain/usr/bin/clang -x objective-c++ -ivfsstatcache /Users/jonahmicahinguito/Library/Developer/Xcode/DerivedData/SDKStatCaches.noindex/iphoneos26.5-23F81a-32daed1954a7d5dd0789fcaf2a9bb78b.sdkstatcache -target arm64-apple-ios15.1 -fmessage-length\=0 -fdiagnostics-show-note-include-stack -fmacro-backtrace-limit\=0 -fno-color-diagnostics -fmodules-prune-interval\=86400 -fmodules-prune-after\=345600 -fbuild-session-file\=/Users/jonahmicahinguito/Library/Developer/Xcode/DerivedData/ModuleCache.noindex/Session.modulevalidation -fmodules-validate-once-per-build-session -Wnon-modular-include-in-framework-module -Werror\=non-modular-include-in-framework-module -Wno-trigraphs -Wno-missing-field-initializers -Wno-missing-prototypes -Werror\=return-type -Wdocumentation -Wunreachable-code -Wno-implicit-atomic-properties -Werror\=deprecated-objc-isa-usage -Wno-objc-interface-ivars -Werror\=objc-root-class -Wno-arc-repeated-use-of-weak -Wimplicit-retain-self -Wno-non-virtual-dtor -Wno-overloaded-virtual -Wno-exit-time-destructors -Wduplicate-method-match -Wno-missing-braces -Wparentheses -Wswitch -Wunused-function -Wno-unused-label -Wno-unused-parameter -Wunused-variable -Wunused-value -Wempty-body -Wuninitialized -Wconditional-uninitialized -Wno-unknown-pragmas -Wno-shadow -Wno-four-char-constants -Wno-conversion -Wconstant-conversion -Wint-conversion -Wbool-conversion -Wenum-conversion -Wno-float-conversion -Wnon-literal-null-conversion -Wobjc-literal-conversion -Wshorten-64-to-32 -Wno-newline-eof -Wno-selector -Wno-strict-selector-match -Wundeclared-selector -Wdeprecated-implementations -Wno-c++11-extensions -Wno-implicit-fallthrough -isysroot /Applications/Xcode.app/Contents/Developer/Platforms/iPhoneOS.platform/Developer/SDKs/iPhoneOS26.5.sdk -fstrict-aliasing -Wprotocol -Wdeprecated-declarations -Winvalid-offsetof -Wno-sign-conversion -Winfinite-recursion -Wmove -Wcomma -Wblock-capture-autoreleasing -Wstrict-prototypes -Wrange-loop-analysis -Wno-semicolon-before-method-body -Wunguarded-availability -index-store-path /Users/jonahmicahinguito/Library/Developer/Xcode/DerivedData/rotaractconnect-cjwcbdlngckcsaantafkjnfzfbdk/Index.noindex/DataStore @/Users/jonahmicahinguito/Library/Developer/Xcode/DerivedData/rotaractconnect-cjwcbdlngckcsaantafkjnfzfbdk/Build/Intermediates.noindex/Pods.build/Debug-iphoneos/react-native-maps.build/Objects-normal/arm64/af3fcb34312c57c0f52879cdce924b91-common-args.resp -DFOLLY_MOBILE\=1 -DFOLLY_USE_LIBCPP\=1 -DFOLLY_CFG_NO_COROUTINES\=1 -DFOLLY_HAVE_CLOCK_GETTIME\=1 -Wno-comma -Wno-shorten-64-to-32 -DRCT_NEW_ARCH_ENABLED\=1 -include /Users/jonahmicahinguito/dev/rotaract-connect/ios/Pods/Target\ Support\ Files/react-native-maps/react-native-maps-prefix.pch -MMD -MT dependencies -MF /Users/jonahmicahinguito/Library/Developer/Xcode/DerivedData/rotaractconnect-cjwcbdlngckcsaantafkjnfzfbdk/Build/Intermediates.noindex/Pods.build/Debug-iphoneos/react-native-maps.build/Objects-normal/arm64/RNMapsMapView.d --serialize-diagnostics /Users/jonahmicahinguito/Library/Developer/Xcode/DerivedData/rotaractconnect-cjwcbdlngckcsaantafkjnfzfbdk/Build/Intermediates.noindex/Pods.build/Debug-iphoneos/react-native-maps.build/Objects-normal/arm64/RNMapsMapView.dia -c /Users/jonahmicahinguito/dev/rotaract-connect/node_modules/react-native-maps/ios/AirMaps/RNMapsMapView.mm -o /Users/jonahmicahinguito/Library/Developer/Xcode/DerivedData/rotaractconnect-cjwcbdlngckcsaantafkjnfzfbdk/Build/Intermediates.noindex/Pods.build/Debug-iphoneos/react-native-maps.build/Objects-normal/arm64/RNMapsMapView.o -index-unit-output-path /Pods.build/Debug-iphoneos/react-native-maps.build/Objects-normal/arm64/RNMapsMapView.o

/Users/jonahmicahinguito/dev/rotaract-connect/node_modules/react-native-maps/ios/AirMaps/RNMapsMapView.mm:156:29: warning: ISO C++ requires field designators to be specified in declaration order; field 'action' will be initialized after field 'position' [-Wreorder-init-list]
  156 |                 .position = position,
      |                 ~~~~~~~~~~~~^~~~~~~~
/Users/jonahmicahinguito/dev/rotaract-connect/node_modules/react-native-maps/ios/AirMaps/RNMapsMapView.mm:155:27: note: previous initialization for field 'action' is here
  155 |                 .action = std::string([@"long-press" UTF8String]),
      |                           ^~~~~~~~~~~~~~~~~~~~~~~~~~~~~~~~~~~~~~~
/Users/jonahmicahinguito/dev/rotaract-connect/node_modules/react-native-maps/ios/AirMaps/RNMapsMapView.mm:157:31: warning: ISO C++ requires field designators to be specified in declaration order; field 'position' will be initialized after field 'coordinate' [-Wreorder-init-list]
  157 |                 .coordinate = coordinate
      |                 ~~~~~~~~~~~~~~^~~~~~~~~~
/Users/jonahmicahinguito/dev/rotaract-connect/node_modules/react-native-maps/ios/AirMaps/RNMapsMapView.mm:156:29: note: previous initialization for field 'position' is here
  156 |                 .position = position,
      |                             ^~~~~~~~
/Users/jonahmicahinguito/dev/rotaract-connect/node_modules/react-native-maps/ios/AirMaps/RNMapsMapView.mm:184:29: warning: ISO C++ requires field designators to be specified in declaration order; field 'action' will be initialized after field 'position' [-Wreorder-init-list]
  184 |                 .position = position,
      |                 ~~~~~~~~~~~~^~~~~~~~
/Users/jonahmicahinguito/dev/rotaract-connect/node_modules/react-native-maps/ios/AirMaps/RNMapsMapView.mm:183:27: note: previous initialization for field 'action' is here
  183 |                 .action = std::string([@"press" UTF8String]),
      |                           ^~~~~~~~~~~~~~~~~~~~~~~~~~~~~~~~~~
/Users/jonahmicahinguito/dev/rotaract-connect/node_modules/react-native-maps/ios/AirMaps/RNMapsMapView.mm:185:31: warning: ISO C++ requires field designators to be specified in declaration order; field 'position' will be initialized after field 'coordinate' [-Wreorder-init-list]
  185 |                 .coordinate = coordinate
      |                 ~~~~~~~~~~~~~~^~~~~~~~~~
/Users/jonahmicahinguito/dev/rotaract-connect/node_modules/react-native-maps/ios/AirMaps/RNMapsMapView.mm:184:29: note: previous initialization for field 'position' is here
  184 |                 .position = position,
      |                             ^~~~~~~~
/Users/jonahmicahinguito/dev/rotaract-connect/node_modules/react-native-maps/ios/AirMaps/RNMapsMapView.mm:205:17: warning: nested designators are a C99 extension [-Wc99-designator]
  205 |                 .region.latitude = [regionDict[@"latitude"] doubleValue],
      |                 ^~~~~~~~~~~~~~~~
/Users/jonahmicahinguito/dev/rotaract-connect/node_modules/react-native-maps/ios/AirMaps/RNMapsMapView.mm:236:31: warning: ISO C++ requires field designators to be specified in declaration order; field 'position' will be initialized after field 'coordinate' [-Wreorder-init-list]
  236 |                 .coordinate = coordinate
      |                 ~~~~~~~~~~~~~~^~~~~~~~~~
/Users/jonahmicahinguito/dev/rotaract-connect/node_modules/react-native-maps/ios/AirMaps/RNMapsMapView.mm:235:29: note: previous initialization for field 'position' is here
  235 |                 .position = position,
      |                             ^~~~~~~~
/Users/jonahmicahinguito/dev/rotaract-connect/node_modules/react-native-maps/ios/AirMaps/RNMapsMapView.mm:263:31: warning: ISO C++ requires field designators to be specified in declaration order; field 'position' will be initialized after field 'coordinate' [-Wreorder-init-list]
  263 |                 .coordinate = coordinate,
      |                 ~~~~~~~~~~~~~~^~~~~~~~~~
/Users/jonahmicahinguito/dev/rotaract-connect/node_modules/react-native-maps/ios/AirMaps/RNMapsMapView.mm:262:29: note: previous initialization for field 'position' is here
  262 |                 .position = position,
      |                             ^~~~~~~~
/Users/jonahmicahinguito/dev/rotaract-connect/node_modules/react-native-maps/ios/AirMaps/RNMapsMapView.mm:332:26: warning: ISO C++ requires field designators to be specified in declaration order; field 'point' will be initialized after field 'frame' [-Wreorder-init-list]
  332 |                 .frame = frame,
      |                 ~~~~~~~~~^~~~~
/Users/jonahmicahinguito/dev/rotaract-connect/node_modules/react-native-maps/ios/AirMaps/RNMapsMapView.mm:331:26: note: previous initialization for field 'point' is here
  331 |                 .point = point,
      |                          ^~~~~
/Users/jonahmicahinguito/dev/rotaract-connect/node_modules/react-native-maps/ios/AirMaps/RNMapsMapView.mm:345:17: warning: nested designators are a C99 extension [-Wc99-designator]
  345 |                 .region.latitude = [regionDict[@"latitude"] doubleValue],
      |                 ^~~~~~~~~~~~~~~~
/Users/jonahmicahinguito/dev/rotaract-connect/node_modules/react-native-maps/ios/AirMaps/RNMapsMapView.mm:361:17: warning: nested designators are a C99 extension [-Wc99-designator]
  361 |                 .region.latitude = [regionDict[@"latitude"] doubleValue],
      |                 ^~~~~~~~~~~~~~~~
/Users/jonahmicahinguito/dev/rotaract-connect/node_modules/react-native-maps/ios/AirMaps/RNMapsMapView.mm:406:9: warning: nested designators are a C99 extension [-Wc99-designator]
  406 |         HANDLE_MARKER_DRAG_EVENT(OnMarkerDrag, onMarkerDrag);
      |         ^~~~~~~~~~~~~~~~~~~~~~~~~~~~~~~~~~~~~~~~~~~~~~~~~~~~
/Users/jonahmicahinguito/dev/rotaract-connect/node_modules/react-native-maps/ios/AirMaps/RNMapsMapView.mm:377:73: note: expanded from macro 'HANDLE_MARKER_DRAG_EVENT'
  377 | facebook::react::RNMapsMapViewEventEmitter::eventName data = {          \
      |                                                                         ^
  378 | .coordinate.latitude = [coordinateDict[@"latitude"] doubleValue],   \
      | ~~~~~~~~~~~~~~~~~~~~
/Users/jonahmicahinguito/dev/rotaract-connect/node_modules/react-native-maps/ios/AirMaps/RNMapsMapView.mm:410:9: warning: nested designators are a C99 extension [-Wc99-designator]
  410 |         HANDLE_MARKER_DRAG_EVENT(OnMarkerDragStart, onMarkerDragStart);
      |         ^~~~~~~~~~~~~~~~~~~~~~~~~~~~~~~~~~~~~~~~~~~~~~~~~~~~~~~~~~~~~~
/Users/jonahmicahinguito/dev/rotaract-connect/node_modules/react-native-maps/ios/AirMaps/RNMapsMapView.mm:377:73: note: expanded from macro 'HANDLE_MARKER_DRAG_EVENT'
  377 | facebook::react::RNMapsMapViewEventEmitter::eventName data = {          \
      |                                                                         ^
  378 | .coordinate.latitude = [coordinateDict[@"latitude"] doubleValue],   \
      | ~~~~~~~~~~~~~~~~~~~~
/Users/jonahmicahinguito/dev/rotaract-connect/node_modules/react-native-maps/ios/AirMaps/RNMapsMapView.mm:414:9: warning: nested designators are a C99 extension [-Wc99-designator]
  414 |         HANDLE_MARKER_DRAG_EVENT(OnMarkerDragEnd, onMarkerDragEnd);
      |         ^~~~~~~~~~~~~~~~~~~~~~~~~~~~~~~~~~~~~~~~~~~~~~~~~~~~~~~~~~
/Users/jonahmicahinguito/dev/rotaract-connect/node_modules/react-native-maps/ios/AirMaps/RNMapsMapView.mm:377:73: note: expanded from macro 'HANDLE_MARKER_DRAG_EVENT'
  377 | facebook::react::RNMapsMapViewEventEmitter::eventName data = {          \
      |                                                                         ^
  378 | .coordinate.latitude = [coordinateDict[@"latitude"] doubleValue],   \
      | ~~~~~~~~~~~~~~~~~~~~
/Users/jonahmicahinguito/dev/rotaract-connect/node_modules/react-native-maps/ios/AirMaps/RNMapsMapView.mm:456:35: warning: incompatible pointer types sending 'id<RCTComponent>' to parameter of type 'UIView *' [-Wincompatible-pointer-types]
  456 |         [_view removeReactSubview:paperView];
      |                                   ^~~~~~~~~
14 warnings generated.

/Users/jonahmicahinguito/dev/rotaract-connect/node_modules/react-native-maps/ios/AirMaps/RNMapsMapView.mm:156:29: ISO C++ requires field designators to be specified in declaration order; field 'action' will be initialized after field 'position'

/Users/jonahmicahinguito/dev/rotaract-connect/node_modules/react-native-maps/ios/AirMaps/RNMapsMapView.mm:157:31: ISO C++ requires field designators to be specified in declaration order; field 'position' will be initialized after field 'coordinate'

/Users/jonahmicahinguito/dev/rotaract-connect/node_modules/react-native-maps/ios/AirMaps/RNMapsMapView.mm:184:29: ISO C++ requires field designators to be specified in declaration order; field 'action' will be initialized after field 'position'

/Users/jonahmicahinguito/dev/rotaract-connect/node_modules/react-native-maps/ios/AirMaps/RNMapsMapView.mm:185:31: ISO C++ requires field designators to be specified in declaration order; field 'position' will be initialized after field 'coordinate'

/Users/jonahmicahinguito/dev/rotaract-connect/node_modules/react-native-maps/ios/AirMaps/RNMapsMapView.mm:205:17: Nested designators are a C99 extension

/Users/jonahmicahinguito/dev/rotaract-connect/node_modules/react-native-maps/ios/AirMaps/RNMapsMapView.mm:236:31: ISO C++ requires field designators to be specified in declaration order; field 'position' will be initialized after field 'coordinate'

/Users/jonahmicahinguito/dev/rotaract-connect/node_modules/react-native-maps/ios/AirMaps/RNMapsMapView.mm:263:31: ISO C++ requires field designators to be specified in declaration order; field 'position' will be initialized after field 'coordinate'

/Users/jonahmicahinguito/dev/rotaract-connect/node_modules/react-native-maps/ios/AirMaps/RNMapsMapView.mm:332:26: ISO C++ requires field designators to be specified in declaration order; field 'point' will be initialized after field 'frame'

/Users/jonahmicahinguito/dev/rotaract-connect/node_modules/react-native-maps/ios/AirMaps/RNMapsMapView.mm:345:17: Nested designators are a C99 extension

/Users/jonahmicahinguito/dev/rotaract-connect/node_modules/react-native-maps/ios/AirMaps/RNMapsMapView.mm:361:17: Nested designators are a C99 extension

/Users/jonahmicahinguito/dev/rotaract-connect/node_modules/react-native-maps/ios/AirMaps/RNMapsMapView.mm:406:9: Nested designators are a C99 extension

/Users/jonahmicahinguito/dev/rotaract-connect/node_modules/react-native-maps/ios/AirMaps/RNMapsMapView.mm:410:9: Nested designators are a C99 extension

/Users/jonahmicahinguito/dev/rotaract-connect/node_modules/react-native-maps/ios/AirMaps/RNMapsMapView.mm:414:9: Nested designators are a C99 extension

/Users/jonahmicahinguito/dev/rotaract-connect/node_modules/react-native-maps/ios/AirMaps/RNMapsMapView.mm:456:35: Incompatible pointer types sending 'id<RCTComponent>' to parameter of type 'UIView *'

CompileC /Users/jonahmicahinguito/Library/Developer/Xcode/DerivedData/rotaractconnect-cjwcbdlngckcsaantafkjnfzfbdk/Build/Intermediates.noindex/Pods.build/Debug-iphoneos/react-native-maps.build/Objects-normal/arm64/RNMapsAirModule.o /Users/jonahmicahinguito/dev/rotaract-connect/node_modules/react-native-maps/ios/AirMaps/RNMapsAirModule.mm normal arm64 objective-c++ com.apple.compilers.llvm.clang.1_0.compiler (in target 'react-native-maps' from project 'Pods')
    cd /Users/jonahmicahinguito/dev/rotaract-connect/ios/Pods
    
    Using response file: /Users/jonahmicahinguito/Library/Developer/Xcode/DerivedData/rotaractconnect-cjwcbdlngckcsaantafkjnfzfbdk/Build/Intermediates.noindex/Pods.build/Debug-iphoneos/react-native-maps.build/Objects-normal/arm64/af3fcb34312c57c0f52879cdce924b91-common-args.resp
    
    /Applications/Xcode.app/Contents/Developer/Toolchains/XcodeDefault.xctoolchain/usr/bin/clang -x objective-c++ -ivfsstatcache /Users/jonahmicahinguito/Library/Developer/Xcode/DerivedData/SDKStatCaches.noindex/iphoneos26.5-23F81a-32daed1954a7d5dd0789fcaf2a9bb78b.sdkstatcache -target arm64-apple-ios15.1 -fmessage-length\=0 -fdiagnostics-show-note-include-stack -fmacro-backtrace-limit\=0 -fno-color-diagnostics -fmodules-prune-interval\=86400 -fmodules-prune-after\=345600 -fbuild-session-file\=/Users/jonahmicahinguito/Library/Developer/Xcode/DerivedData/ModuleCache.noindex/Session.modulevalidation -fmodules-validate-once-per-build-session -Wnon-modular-include-in-framework-module -Werror\=non-modular-include-in-framework-module -Wno-trigraphs -Wno-missing-field-initializers -Wno-missing-prototypes -Werror\=return-type -Wdocumentation -Wunreachable-code -Wno-implicit-atomic-properties -Werror\=deprecated-objc-isa-usage -Wno-objc-interface-ivars -Werror\=objc-root-class -Wno-arc-repeated-use-of-weak -Wimplicit-retain-self -Wno-non-virtual-dtor -Wno-overloaded-virtual -Wno-exit-time-destructors -Wduplicate-method-match -Wno-missing-braces -Wparentheses -Wswitch -Wunused-function -Wno-unused-label -Wno-unused-parameter -Wunused-variable -Wunused-value -Wempty-body -Wuninitialized -Wconditional-uninitialized -Wno-unknown-pragmas -Wno-shadow -Wno-four-char-constants -Wno-conversion -Wconstant-conversion -Wint-conversion -Wbool-conversion -Wenum-conversion -Wno-float-conversion -Wnon-literal-null-conversion -Wobjc-literal-conversion -Wshorten-64-to-32 -Wno-newline-eof -Wno-selector -Wno-strict-selector-match -Wundeclared-selector -Wdeprecated-implementations -Wno-c++11-extensions -Wno-implicit-fallthrough -isysroot /Applications/Xcode.app/Contents/Developer/Platforms/iPhoneOS.platform/Developer/SDKs/iPhoneOS26.5.sdk -fstrict-aliasing -Wprotocol -Wdeprecated-declarations -Winvalid-offsetof -Wno-sign-conversion -Winfinite-recursion -Wmove -Wcomma -Wblock-capture-autoreleasing -Wstrict-prototypes -Wrange-loop-analysis -Wno-semicolon-before-method-body -Wunguarded-availability -index-store-path /Users/jonahmicahinguito/Library/Developer/Xcode/DerivedData/rotaractconnect-cjwcbdlngckcsaantafkjnfzfbdk/Index.noindex/DataStore @/Users/jonahmicahinguito/Library/Developer/Xcode/DerivedData/rotaractconnect-cjwcbdlngckcsaantafkjnfzfbdk/Build/Intermediates.noindex/Pods.build/Debug-iphoneos/react-native-maps.build/Objects-normal/arm64/af3fcb34312c57c0f52879cdce924b91-common-args.resp -DFOLLY_MOBILE\=1 -DFOLLY_USE_LIBCPP\=1 -DFOLLY_CFG_NO_COROUTINES\=1 -DFOLLY_HAVE_CLOCK_GETTIME\=1 -Wno-comma -Wno-shorten-64-to-32 -DRCT_NEW_ARCH_ENABLED\=1 -include /Users/jonahmicahinguito/dev/rotaract-connect/ios/Pods/Target\ Support\ Files/react-native-maps/react-native-maps-prefix.pch -MMD -MT dependencies -MF /Users/jonahmicahinguito/Library/Developer/Xcode/DerivedData/rotaractconnect-cjwcbdlngckcsaantafkjnfzfbdk/Build/Intermediates.noindex/Pods.build/Debug-iphoneos/react-native-maps.build/Objects-normal/arm64/RNMapsAirModule.d --serialize-diagnostics /Users/jonahmicahinguito/Library/Developer/Xcode/DerivedData/rotaractconnect-cjwcbdlngckcsaantafkjnfzfbdk/Build/Intermediates.noindex/Pods.build/Debug-iphoneos/react-native-maps.build/Objects-normal/arm64/RNMapsAirModule.dia -c /Users/jonahmicahinguito/dev/rotaract-connect/node_modules/react-native-maps/ios/AirMaps/RNMapsAirModule.mm -o /Users/jonahmicahinguito/Library/Developer/Xcode/DerivedData/rotaractconnect-cjwcbdlngckcsaantafkjnfzfbdk/Build/Intermediates.noindex/Pods.build/Debug-iphoneos/react-native-maps.build/Objects-normal/arm64/RNMapsAirModule.o -index-unit-output-path /Pods.build/Debug-iphoneos/react-native-maps.build/Objects-normal/arm64/RNMapsAirModule.o

/Users/jonahmicahinguito/dev/rotaract-connect/node_modules/react-native-maps/ios/AirMaps/RNMapsAirModule.mm:38:20: warning: block implicitly retains 'self'; explicitly mention 'self' to indicate this is intended behavior [-Wimplicit-retain-self]
   38 |         id view = [_viewRegistry_DEPRECATED viewForReactTag:[NSNumber numberWithDouble:tag]];
      |                    ^
      |                    self->
1 warning generated.

/Users/jonahmicahinguito/dev/rotaract-connect/node_modules/react-native-maps/ios/AirMaps/RNMapsAirModule.mm:38:20: Block implicitly retains 'self'; explicitly mention 'self' to indicate this is intended behavior

CompileC /Users/jonahmicahinguito/Library/Developer/Xcode/DerivedData/rotaractconnect-cjwcbdlngckcsaantafkjnfzfbdk/Build/Intermediates.noindex/Pods.build/Debug-iphoneos/react-native-maps.build/Objects-normal/arm64/AIRMap.o /Users/jonahmicahinguito/dev/rotaract-connect/node_modules/react-native-maps/ios/AirMaps/AIRMap.mm normal arm64 objective-c++ com.apple.compilers.llvm.clang.1_0.compiler (in target 'react-native-maps' from project 'Pods')
    cd /Users/jonahmicahinguito/dev/rotaract-connect/ios/Pods
    
    Using response file: /Users/jonahmicahinguito/Library/Developer/Xcode/DerivedData/rotaractconnect-cjwcbdlngckcsaantafkjnfzfbdk/Build/Intermediates.noindex/Pods.build/Debug-iphoneos/react-native-maps.build/Objects-normal/arm64/af3fcb34312c57c0f52879cdce924b91-common-args.resp
    
    /Applications/Xcode.app/Contents/Developer/Toolchains/XcodeDefault.xctoolchain/usr/bin/clang -x objective-c++ -ivfsstatcache /Users/jonahmicahinguito/Library/Developer/Xcode/DerivedData/SDKStatCaches.noindex/iphoneos26.5-23F81a-32daed1954a7d5dd0789fcaf2a9bb78b.sdkstatcache -target arm64-apple-ios15.1 -fmessage-length\=0 -fdiagnostics-show-note-include-stack -fmacro-backtrace-limit\=0 -fno-color-diagnostics -fmodules-prune-interval\=86400 -fmodules-prune-after\=345600 -fbuild-session-file\=/Users/jonahmicahinguito/Library/Developer/Xcode/DerivedData/ModuleCache.noindex/Session.modulevalidation -fmodules-validate-once-per-build-session -Wnon-modular-include-in-framework-module -Werror\=non-modular-include-in-framework-module -Wno-trigraphs -Wno-missing-field-initializers -Wno-missing-prototypes -Werror\=return-type -Wdocumentation -Wunreachable-code -Wno-implicit-atomic-properties -Werror\=deprecated-objc-isa-usage -Wno-objc-interface-ivars -Werror\=objc-root-class -Wno-arc-repeated-use-of-weak -Wimplicit-retain-self -Wno-non-virtual-dtor -Wno-overloaded-virtual -Wno-exit-time-destructors -Wduplicate-method-match -Wno-missing-braces -Wparentheses -Wswitch -Wunused-function -Wno-unused-label -Wno-unused-parameter -Wunused-variable -Wunused-value -Wempty-body -Wuninitialized -Wconditional-uninitialized -Wno-unknown-pragmas -Wno-shadow -Wno-four-char-constants -Wno-conversion -Wconstant-conversion -Wint-conversion -Wbool-conversion -Wenum-conversion -Wno-float-conversion -Wnon-literal-null-conversion -Wobjc-literal-conversion -Wshorten-64-to-32 -Wno-newline-eof -Wno-selector -Wno-strict-selector-match -Wundeclared-selector -Wdeprecated-implementations -Wno-c++11-extensions -Wno-implicit-fallthrough -isysroot /Applications/Xcode.app/Contents/Developer/Platforms/iPhoneOS.platform/Developer/SDKs/iPhoneOS26.5.sdk -fstrict-aliasing -Wprotocol -Wdeprecated-declarations -Winvalid-offsetof -Wno-sign-conversion -Winfinite-recursion -Wmove -Wcomma -Wblock-capture-autoreleasing -Wstrict-prototypes -Wrange-loop-analysis -Wno-semicolon-before-method-body -Wunguarded-availability -index-store-path /Users/jonahmicahinguito/Library/Developer/Xcode/DerivedData/rotaractconnect-cjwcbdlngckcsaantafkjnfzfbdk/Index.noindex/DataStore @/Users/jonahmicahinguito/Library/Developer/Xcode/DerivedData/rotaractconnect-cjwcbdlngckcsaantafkjnfzfbdk/Build/Intermediates.noindex/Pods.build/Debug-iphoneos/react-native-maps.build/Objects-normal/arm64/af3fcb34312c57c0f52879cdce924b91-common-args.resp -DFOLLY_MOBILE\=1 -DFOLLY_USE_LIBCPP\=1 -DFOLLY_CFG_NO_COROUTINES\=1 -DFOLLY_HAVE_CLOCK_GETTIME\=1 -Wno-comma -Wno-shorten-64-to-32 -DRCT_NEW_ARCH_ENABLED\=1 -include /Users/jonahmicahinguito/dev/rotaract-connect/ios/Pods/Target\ Support\ Files/react-native-maps/react-native-maps-prefix.pch -MMD -MT dependencies -MF /Users/jonahmicahinguito/Library/Developer/Xcode/DerivedData/rotaractconnect-cjwcbdlngckcsaantafkjnfzfbdk/Build/Intermediates.noindex/Pods.build/Debug-iphoneos/react-native-maps.build/Objects-normal/arm64/AIRMap.d --serialize-diagnostics /Users/jonahmicahinguito/Library/Developer/Xcode/DerivedData/rotaractconnect-cjwcbdlngckcsaantafkjnfzfbdk/Build/Intermediates.noindex/Pods.build/Debug-iphoneos/react-native-maps.build/Objects-normal/arm64/AIRMap.dia -c /Users/jonahmicahinguito/dev/rotaract-connect/node_modules/react-native-maps/ios/AirMaps/AIRMap.mm -o /Users/jonahmicahinguito/Library/Developer/Xcode/DerivedData/rotaractconnect-cjwcbdlngckcsaantafkjnfzfbdk/Build/Intermediates.noindex/Pods.build/Debug-iphoneos/react-native-maps.build/Objects-normal/arm64/AIRMap.o -index-unit-output-path /Pods.build/Debug-iphoneos/react-native-maps.build/Objects-normal/arm64/AIRMap.o

/Users/jonahmicahinguito/dev/rotaract-connect/node_modules/react-native-maps/ios/AirMaps/AIRMap.mm:226:47: warning: variable length arrays in C++ are a Clang extension [-Wvla-cxx-extension]
  226 |     CLLocationCoordinate2D coords[coordinates.count];
      |                                   ~~~~~~~~~~~~^~~~~
/Users/jonahmicahinguito/dev/rotaract-connect/node_modules/react-native-maps/ios/AirMaps/AIRMap.mm:278:61: warning: 'windows' is deprecated: first deprecated in iOS 15.0 - Use UIWindowScene.windows on a relevant window scene instead [-Wdeprecated-declarations]
  278 |         UIWindow* win = [[[UIApplication sharedApplication] windows] firstObject];
      |                                                             ^
In file included from <built-in>:1:
In file included from /Users/jonahmicahinguito/dev/rotaract-connect/ios/Pods/Target Support Files/react-native-maps/react-native-maps-prefix.pch:2:
In file included from /Applications/Xcode.app/Contents/Developer/Platforms/iPhoneOS.platform/Developer/SDKs/iPhoneOS26.5.sdk/System/Library/Frameworks/UIKit.framework/Headers/UIKit.h:9:
In file included from /Applications/Xcode.app/Contents/Developer/Platforms/iPhoneOS.platform/Developer/SDKs/iPhoneOS26.5.sdk/System/Library/Frameworks/UIKit.framework/Headers/UIKitCore.h:34:
In file included from /Applications/Xcode.app/Contents/Developer/Platforms/iPhoneOS.platform/Developer/SDKs/iPhoneOS26.5.sdk/System/Library/Frameworks/UIKit.framework/Headers/UIAccessibility.h:20:
In file included from /Applications/Xcode.app/Contents/Developer/Platforms/iPhoneOS.platform/Developer/SDKs/iPhoneOS26.5.sdk/System/Library/Frameworks/UIKit.framework/Headers/UIAccessibilityElement.h:12:
In file included from /Applications/Xcode.app/Contents/Developer/Platforms/iPhoneOS.platform/Developer/SDKs/iPhoneOS26.5.sdk/System/Library/Frameworks/UIKit.framework/Headers/UIAccessibilityIdentification.h:13:
In file included from /Applications/Xcode.app/Contents/Developer/Platforms/iPhoneOS.platform/Developer/SDKs/iPhoneOS26.5.sdk/System/Library/Frameworks/UIKit.framework/Headers/UIAlertController.h:9:
In file included from /Applications/Xcode.app/Contents/Developer/Platforms/iPhoneOS.platform/Developer/SDKs/iPhoneOS26.5.sdk/System/Library/Frameworks/UIKit.framework/Headers/UIViewController.h:12:
/Applications/Xcode.app/Contents/Developer/Platforms/iPhoneOS.platform/Developer/SDKs/iPhoneOS26.5.sdk/System/Library/Frameworks/UIKit.framework/Headers/UIApplication.h:109:62: note: property 'windows' is declared deprecated here
  109 | @property(nonatomic,readonly) NSArray<__kindof UIWindow *>  *windows API_DEPRECATED("Use UIWindowScene.windows on a relevant window scene instead", ios(2.0, 15.0), visionos(1.0, 1.0)) API_UNAVAILABLE(watchos);
      |                                                              ^
/Applications/Xcode.app/Contents/Developer/Platforms/iPhoneOS.platform/Developer/SDKs/iPhoneOS26.5.sdk/System/Library/Frameworks/UIKit.framework/Headers/UIApplication.h:109:62: note: 'windows' has been explicitly marked deprecated here
/Users/jonahmicahinguito/dev/rotaract-connect/node_modules/react-native-maps/ios/AirMaps/AIRMap.mm:678:14: warning: 'showsPointsOfInterest' is deprecated: first deprecated in iOS 13.0 - Use pointOfInterestFilter [-Wdeprecated-declarations]
  678 |         self.showsPointsOfInterest = showsPointsOfInterests;
      |              ^
In file included from /Users/jonahmicahinguito/dev/rotaract-connect/node_modules/react-native-maps/ios/AirMaps/AIRMap.mm:10:
In file included from /Users/jonahmicahinguito/dev/rotaract-connect/node_modules/react-native-maps/ios/AirMaps/AIRMap.h:10:
In file included from /Applications/Xcode.app/Contents/Developer/Platforms/iPhoneOS.platform/Developer/SDKs/iPhoneOS26.5.sdk/System/Library/Frameworks/MapKit.framework/Headers/MapKit.h:34:
In file included from /Applications/Xcode.app/Contents/Developer/Platforms/iPhoneOS.platform/Developer/SDKs/iPhoneOS26.5.sdk/System/Library/Frameworks/MapKit.framework/Headers/MKMapSnapshotOptions.h:14:
/Applications/Xcode.app/Contents/Developer/Platforms/iPhoneOS.platform/Developer/SDKs/iPhoneOS26.5.sdk/System/Library/Frameworks/MapKit.framework/Headers/MKMapView.h:156:28: note: 'showsPointsOfInterest' has been explicitly marked deprecated here
  156 | @property (nonatomic) BOOL showsPointsOfInterest
      |                            ^
/Users/jonahmicahinguito/dev/rotaract-connect/node_modules/react-native-maps/ios/AirMaps/AIRMap.mm:964:98: warning: 'UIActivityIndicatorViewStyleGray' is deprecated: first deprecated in iOS 13.0 [-Wdeprecated-declarations]
  964 |         _activityIndicatorView = [[UIActivityIndicatorView alloc] initWithActivityIndicatorStyle:UIActivityIndicatorViewStyleGray];
      |                                                                                                  ^~~~~~~~~~~~~~~~~~~~~~~~~~~~~~~~
      |                                                                                                  UIActivityIndicatorViewStyleMedium
In file included from <built-in>:1:
In file included from /Users/jonahmicahinguito/dev/rotaract-connect/ios/Pods/Target Support Files/react-native-maps/react-native-maps-prefix.pch:2:
In file included from /Applications/Xcode.app/Contents/Developer/Platforms/iPhoneOS.platform/Developer/SDKs/iPhoneOS26.5.sdk/System/Library/Frameworks/UIKit.framework/Headers/UIKit.h:9:
In file included from /Applications/Xcode.app/Contents/Developer/Platforms/iPhoneOS.platform/Developer/SDKs/iPhoneOS26.5.sdk/System/Library/Frameworks/UIKit.framework/Headers/UIKitCore.h:38:
/Applications/Xcode.app/Contents/Developer/Platforms/iPhoneOS.platform/Developer/SDKs/iPhoneOS26.5.sdk/System/Library/Frameworks/UIKit.framework/Headers/UIActivityIndicatorView.h:20:5: note: 'UIActivityIndicatorViewStyleGray' has been explicitly marked deprecated here
   20 |     UIActivityIndicatorViewStyleGray API_DEPRECATED_WITH_REPLACEMENT("UIActivityIndicatorViewStyleMedium", ios(2.0, 13.0)) API_UNAVAILABLE(tvos, visionos, watchos) = 2,
      |     ^
4 warnings generated.

/Users/jonahmicahinguito/dev/rotaract-connect/node_modules/react-native-maps/ios/AirMaps/AIRMap.mm:226:47: Variable length arrays in C++ are a Clang extension

/Users/jonahmicahinguito/dev/rotaract-connect/node_modules/react-native-maps/ios/AirMaps/AIRMap.mm:278:61: 'windows' is deprecated: first deprecated in iOS 15.0 - Use UIWindowScene.windows on a relevant window scene instead

/Users/jonahmicahinguito/dev/rotaract-connect/node_modules/react-native-maps/ios/AirMaps/AIRMap.mm:678:14: 'showsPointsOfInterest' is deprecated: first deprecated in iOS 13.0 - Use pointOfInterestFilter

/Users/jonahmicahinguito/dev/rotaract-connect/node_modules/react-native-maps/ios/AirMaps/AIRMap.mm:964:98: 'UIActivityIndicatorViewStyleGray' is deprecated: first deprecated in iOS 13.0

CompileC /Users/jonahmicahinguito/Library/Developer/Xcode/DerivedData/rotaractconnect-cjwcbdlngckcsaantafkjnfzfbdk/Build/Intermediates.noindex/Pods.build/Debug-iphoneos/react-native-maps.build/Objects-normal/arm64/AIRMapCallout.o /Users/jonahmicahinguito/dev/rotaract-connect/node_modules/react-native-maps/ios/AirMaps/AIRMapCallout.m normal arm64 objective-c com.apple.compilers.llvm.clang.1_0.compiler (in target 'react-native-maps' from project 'Pods')
    cd /Users/jonahmicahinguito/dev/rotaract-connect/ios/Pods
    
    Using response file: /Users/jonahmicahinguito/Library/Developer/Xcode/DerivedData/rotaractconnect-cjwcbdlngckcsaantafkjnfzfbdk/Build/Intermediates.noindex/Pods.build/Debug-iphoneos/react-native-maps.build/Objects-normal/arm64/e6072d4f65d7061329687fe24e3d63a7-common-args.resp
    
    /Applications/Xcode.app/Contents/Developer/Toolchains/XcodeDefault.xctoolchain/usr/bin/clang -x objective-c -ivfsstatcache /Users/jonahmicahinguito/Library/Developer/Xcode/DerivedData/SDKStatCaches.noindex/iphoneos26.5-23F81a-32daed1954a7d5dd0789fcaf2a9bb78b.sdkstatcache -target arm64-apple-ios15.1 -fmessage-length\=0 -fdiagnostics-show-note-include-stack -fmacro-backtrace-limit\=0 -fno-color-diagnostics -fmodules-prune-interval\=86400 -fmodules-prune-after\=345600 -fbuild-session-file\=/Users/jonahmicahinguito/Library/Developer/Xcode/DerivedData/ModuleCache.noindex/Session.modulevalidation -fmodules-validate-once-per-build-session -Wnon-modular-include-in-framework-module -Werror\=non-modular-include-in-framework-module -Wno-trigraphs -Wno-missing-field-initializers -Wno-missing-prototypes -Werror\=return-type -Wdocumentation -Wunreachable-code -Wno-implicit-atomic-properties -Werror\=deprecated-objc-isa-usage -Wno-objc-interface-ivars -Werror\=objc-root-class -Wno-arc-repeated-use-of-weak -Wimplicit-retain-self -Wduplicate-method-match -Wno-missing-braces -Wparentheses -Wswitch -Wunused-function -Wno-unused-label -Wno-unused-parameter -Wunused-variable -Wunused-value -Wempty-body -Wuninitialized -Wconditional-uninitialized -Wno-unknown-pragmas -Wno-shadow -Wno-four-char-constants -Wno-conversion -Wconstant-conversion -Wint-conversion -Wbool-conversion -Wenum-conversion -Wno-float-conversion -Wnon-literal-null-conversion -Wobjc-literal-conversion -Wshorten-64-to-32 -Wpointer-sign -Wno-newline-eof -Wno-selector -Wno-strict-selector-match -Wundeclared-selector -Wdeprecated-implementations -Wno-implicit-fallthrough -isysroot /Applications/Xcode.app/Contents/Developer/Platforms/iPhoneOS.platform/Developer/SDKs/iPhoneOS26.5.sdk -fstrict-aliasing -Wprotocol -Wdeprecated-declarations -Wno-sign-conversion -Winfinite-recursion -Wcomma -Wblock-capture-autoreleasing -Wstrict-prototypes -Wno-semicolon-before-method-body -Wunguarded-availability -index-store-path /Users/jonahmicahinguito/Library/Developer/Xcode/DerivedData/rotaractconnect-cjwcbdlngckcsaantafkjnfzfbdk/Index.noindex/DataStore @/Users/jonahmicahinguito/Library/Developer/Xcode/DerivedData/rotaractconnect-cjwcbdlngckcsaantafkjnfzfbdk/Build/Intermediates.noindex/Pods.build/Debug-iphoneos/react-native-maps.build/Objects-normal/arm64/e6072d4f65d7061329687fe24e3d63a7-common-args.resp -DFOLLY_MOBILE\=1 -DFOLLY_USE_LIBCPP\=1 -DFOLLY_CFG_NO_COROUTINES\=1 -DFOLLY_HAVE_CLOCK_GETTIME\=1 -Wno-comma -Wno-shorten-64-to-32 -DRCT_NEW_ARCH_ENABLED\=1 -include /Users/jonahmicahinguito/dev/rotaract-connect/ios/Pods/Target\ Support\ Files/react-native-maps/react-native-maps-prefix.pch -MMD -MT dependencies -MF /Users/jonahmicahinguito/Library/Developer/Xcode/DerivedData/rotaractconnect-cjwcbdlngckcsaantafkjnfzfbdk/Build/Intermediates.noindex/Pods.build/Debug-iphoneos/react-native-maps.build/Objects-normal/arm64/AIRMapCallout.d --serialize-diagnostics /Users/jonahmicahinguito/Library/Developer/Xcode/DerivedData/rotaractconnect-cjwcbdlngckcsaantafkjnfzfbdk/Build/Intermediates.noindex/Pods.build/Debug-iphoneos/react-native-maps.build/Objects-normal/arm64/AIRMapCallout.dia -c /Users/jonahmicahinguito/dev/rotaract-connect/node_modules/react-native-maps/ios/AirMaps/AIRMapCallout.m -o /Users/jonahmicahinguito/Library/Developer/Xcode/DerivedData/rotaractconnect-cjwcbdlngckcsaantafkjnfzfbdk/Build/Intermediates.noindex/Pods.build/Debug-iphoneos/react-native-maps.build/Objects-normal/arm64/AIRMapCallout.o -index-unit-output-path /Pods.build/Debug-iphoneos/react-native-maps.build/Objects-normal/arm64/AIRMapCallout.o

/Users/jonahmicahinguito/dev/rotaract-connect/node_modules/react-native-maps/ios/AirMaps/AIRMapCallout.m:21:104: warning: bitwise operation between different enumeration types ('enum CGBitmapInfo' and 'enum CGImageAlphaInfo') [-Wenum-enum-conversion]
   21 |     CGContextRef context = CGBitmapContextCreate(pixel, 1, 1, 8, 4, colorSpace, kCGBitmapAlphaInfoMask & kCGImageAlphaPremultipliedLast);
      |                                                                                 ~~~~~~~~~~~~~~~~~~~~~~ ^ ~~~~~~~~~~~~~~~~~~~~~~~~~~~~~~
1 warning generated.

/Users/jonahmicahinguito/dev/rotaract-connect/node_modules/react-native-maps/ios/AirMaps/AIRMapCallout.m:21:104: Bitwise operation between different enumeration types ('enum CGBitmapInfo' and 'enum CGImageAlphaInfo')

CompileC /Users/jonahmicahinguito/Library/Developer/Xcode/DerivedData/rotaractconnect-cjwcbdlngckcsaantafkjnfzfbdk/Build/Intermediates.noindex/Pods.build/Debug-iphoneos/react-native-maps.build/Objects-normal/arm64/AIRWeakTimerReference.o /Users/jonahmicahinguito/dev/rotaract-connect/node_modules/react-native-maps/ios/AirMaps/AIRWeakTimerReference.m normal arm64 objective-c com.apple.compilers.llvm.clang.1_0.compiler (in target 'react-native-maps' from project 'Pods')
    cd /Users/jonahmicahinguito/dev/rotaract-connect/ios/Pods
    
    Using response file: /Users/jonahmicahinguito/Library/Developer/Xcode/DerivedData/rotaractconnect-cjwcbdlngckcsaantafkjnfzfbdk/Build/Intermediates.noindex/Pods.build/Debug-iphoneos/react-native-maps.build/Objects-normal/arm64/e6072d4f65d7061329687fe24e3d63a7-common-args.resp
    
    /Applications/Xcode.app/Contents/Developer/Toolchains/XcodeDefault.xctoolchain/usr/bin/clang -x objective-c -ivfsstatcache /Users/jonahmicahinguito/Library/Developer/Xcode/DerivedData/SDKStatCaches.noindex/iphoneos26.5-23F81a-32daed1954a7d5dd0789fcaf2a9bb78b.sdkstatcache -target arm64-apple-ios15.1 -fmessage-length\=0 -fdiagnostics-show-note-include-stack -fmacro-backtrace-limit\=0 -fno-color-diagnostics -fmodules-prune-interval\=86400 -fmodules-prune-after\=345600 -fbuild-session-file\=/Users/jonahmicahinguito/Library/Developer/Xcode/DerivedData/ModuleCache.noindex/Session.modulevalidation -fmodules-validate-once-per-build-session -Wnon-modular-include-in-framework-module -Werror\=non-modular-include-in-framework-module -Wno-trigraphs -Wno-missing-field-initializers -Wno-missing-prototypes -Werror\=return-type -Wdocumentation -Wunreachable-code -Wno-implicit-atomic-properties -Werror\=deprecated-objc-isa-usage -Wno-objc-interface-ivars -Werror\=objc-root-class -Wno-arc-repeated-use-of-weak -Wimplicit-retain-self -Wduplicate-method-match -Wno-missing-braces -Wparentheses -Wswitch -Wunused-function -Wno-unused-label -Wno-unused-parameter -Wunused-variable -Wunused-value -Wempty-body -Wuninitialized -Wconditional-uninitialized -Wno-unknown-pragmas -Wno-shadow -Wno-four-char-constants -Wno-conversion -Wconstant-conversion -Wint-conversion -Wbool-conversion -Wenum-conversion -Wno-float-conversion -Wnon-literal-null-conversion -Wobjc-literal-conversion -Wshorten-64-to-32 -Wpointer-sign -Wno-newline-eof -Wno-selector -Wno-strict-selector-match -Wundeclared-selector -Wdeprecated-implementations -Wno-implicit-fallthrough -isysroot /Applications/Xcode.app/Contents/Developer/Platforms/iPhoneOS.platform/Developer/SDKs/iPhoneOS26.5.sdk -fstrict-aliasing -Wprotocol -Wdeprecated-declarations -Wno-sign-conversion -Winfinite-recursion -Wcomma -Wblock-capture-autoreleasing -Wstrict-prototypes -Wno-semicolon-before-method-body -Wunguarded-availability -index-store-path /Users/jonahmicahinguito/Library/Developer/Xcode/DerivedData/rotaractconnect-cjwcbdlngckcsaantafkjnfzfbdk/Index.noindex/DataStore @/Users/jonahmicahinguito/Library/Developer/Xcode/DerivedData/rotaractconnect-cjwcbdlngckcsaantafkjnfzfbdk/Build/Intermediates.noindex/Pods.build/Debug-iphoneos/react-native-maps.build/Objects-normal/arm64/e6072d4f65d7061329687fe24e3d63a7-common-args.resp -DFOLLY_MOBILE\=1 -DFOLLY_USE_LIBCPP\=1 -DFOLLY_CFG_NO_COROUTINES\=1 -DFOLLY_HAVE_CLOCK_GETTIME\=1 -Wno-comma -Wno-shorten-64-to-32 -DRCT_NEW_ARCH_ENABLED\=1 -include /Users/jonahmicahinguito/dev/rotaract-connect/ios/Pods/Target\ Support\ Files/react-native-maps/react-native-maps-prefix.pch -MMD -MT dependencies -MF /Users/jonahmicahinguito/Library/Developer/Xcode/DerivedData/rotaractconnect-cjwcbdlngckcsaantafkjnfzfbdk/Build/Intermediates.noindex/Pods.build/Debug-iphoneos/react-native-maps.build/Objects-normal/arm64/AIRWeakTimerReference.d --serialize-diagnostics /Users/jonahmicahinguito/Library/Developer/Xcode/DerivedData/rotaractconnect-cjwcbdlngckcsaantafkjnfzfbdk/Build/Intermediates.noindex/Pods.build/Debug-iphoneos/react-native-maps.build/Objects-normal/arm64/AIRWeakTimerReference.dia -c /Users/jonahmicahinguito/dev/rotaract-connect/node_modules/react-native-maps/ios/AirMaps/AIRWeakTimerReference.m -o /Users/jonahmicahinguito/Library/Developer/Xcode/DerivedData/rotaractconnect-cjwcbdlngckcsaantafkjnfzfbdk/Build/Intermediates.noindex/Pods.build/Debug-iphoneos/react-native-maps.build/Objects-normal/arm64/AIRWeakTimerReference.o -index-unit-output-path /Pods.build/Debug-iphoneos/react-native-maps.build/Objects-normal/arm64/AIRWeakTimerReference.o

/Users/jonahmicahinguito/dev/rotaract-connect/node_modules/react-native-maps/ios/AirMaps/AIRWeakTimerReference.m:33:18: warning: performSelector may cause a leak because its selector is unknown [-Warc-performSelector-leaks]
   33 |         [_target performSelector:_selector withObject:timer];
      |                  ^
/Users/jonahmicahinguito/dev/rotaract-connect/node_modules/react-native-maps/ios/AirMaps/AIRWeakTimerReference.m:33:34: note: used here
   33 |         [_target performSelector:_selector withObject:timer];
      |                                  ^
1 warning generated.

/Users/jonahmicahinguito/dev/rotaract-connect/node_modules/react-native-maps/ios/AirMaps/AIRWeakTimerReference.m:33:18: PerformSelector may cause a leak because its selector is unknown

CompileC /Users/jonahmicahinguito/Library/Developer/Xcode/DerivedData/rotaractconnect-cjwcbdlngckcsaantafkjnfzfbdk/Build/Intermediates.noindex/Pods.build/Debug-iphoneos/react-native-maps.build/Objects-normal/arm64/UIView+AirMap.o /Users/jonahmicahinguito/dev/rotaract-connect/node_modules/react-native-maps/ios/AirMaps/UIView+AirMap.m normal arm64 objective-c com.apple.compilers.llvm.clang.1_0.compiler (in target 'react-native-maps' from project 'Pods')
    cd /Users/jonahmicahinguito/dev/rotaract-connect/ios/Pods
    
    Using response file: /Users/jonahmicahinguito/Library/Developer/Xcode/DerivedData/rotaractconnect-cjwcbdlngckcsaantafkjnfzfbdk/Build/Intermediates.noindex/Pods.build/Debug-iphoneos/react-native-maps.build/Objects-normal/arm64/e6072d4f65d7061329687fe24e3d63a7-common-args.resp
    
    /Applications/Xcode.app/Contents/Developer/Toolchains/XcodeDefault.xctoolchain/usr/bin/clang -x objective-c -ivfsstatcache /Users/jonahmicahinguito/Library/Developer/Xcode/DerivedData/SDKStatCaches.noindex/iphoneos26.5-23F81a-32daed1954a7d5dd0789fcaf2a9bb78b.sdkstatcache -target arm64-apple-ios15.1 -fmessage-length\=0 -fdiagnostics-show-note-include-stack -fmacro-backtrace-limit\=0 -fno-color-diagnostics -fmodules-prune-interval\=86400 -fmodules-prune-after\=345600 -fbuild-session-file\=/Users/jonahmicahinguito/Library/Developer/Xcode/DerivedData/ModuleCache.noindex/Session.modulevalidation -fmodules-validate-once-per-build-session -Wnon-modular-include-in-framework-module -Werror\=non-modular-include-in-framework-module -Wno-trigraphs -Wno-missing-field-initializers -Wno-missing-prototypes -Werror\=return-type -Wdocumentation -Wunreachable-code -Wno-implicit-atomic-properties -Werror\=deprecated-objc-isa-usage -Wno-objc-interface-ivars -Werror\=objc-root-class -Wno-arc-repeated-use-of-weak -Wimplicit-retain-self -Wduplicate-method-match -Wno-missing-braces -Wparentheses -Wswitch -Wunused-function -Wno-unused-label -Wno-unused-parameter -Wunused-variable -Wunused-value -Wempty-body -Wuninitialized -Wconditional-uninitialized -Wno-unknown-pragmas -Wno-shadow -Wno-four-char-constants -Wno-conversion -Wconstant-conversion -Wint-conversion -Wbool-conversion -Wenum-conversion -Wno-float-conversion -Wnon-literal-null-conversion -Wobjc-literal-conversion -Wshorten-64-to-32 -Wpointer-sign -Wno-newline-eof -Wno-selector -Wno-strict-selector-match -Wundeclared-selector -Wdeprecated-implementations -Wno-implicit-fallthrough -isysroot /Applications/Xcode.app/Contents/Developer/Platforms/iPhoneOS.platform/Developer/SDKs/iPhoneOS26.5.sdk -fstrict-aliasing -Wprotocol -Wdeprecated-declarations -Wno-sign-conversion -Winfinite-recursion -Wcomma -Wblock-capture-autoreleasing -Wstrict-prototypes -Wno-semicolon-before-method-body -Wunguarded-availability -index-store-path /Users/jonahmicahinguito/Library/Developer/Xcode/DerivedData/rotaractconnect-cjwcbdlngckcsaantafkjnfzfbdk/Index.noindex/DataStore @/Users/jonahmicahinguito/Library/Developer/Xcode/DerivedData/rotaractconnect-cjwcbdlngckcsaantafkjnfzfbdk/Build/Intermediates.noindex/Pods.build/Debug-iphoneos/react-native-maps.build/Objects-normal/arm64/e6072d4f65d7061329687fe24e3d63a7-common-args.resp -DFOLLY_MOBILE\=1 -DFOLLY_USE_LIBCPP\=1 -DFOLLY_CFG_NO_COROUTINES\=1 -DFOLLY_HAVE_CLOCK_GETTIME\=1 -Wno-comma -Wno-shorten-64-to-32 -DRCT_NEW_ARCH_ENABLED\=1 -include /Users/jonahmicahinguito/dev/rotaract-connect/ios/Pods/Target\ Support\ Files/react-native-maps/react-native-maps-prefix.pch -MMD -MT dependencies -MF /Users/jonahmicahinguito/Library/Developer/Xcode/DerivedData/rotaractconnect-cjwcbdlngckcsaantafkjnfzfbdk/Build/Intermediates.noindex/Pods.build/Debug-iphoneos/react-native-maps.build/Objects-normal/arm64/UIView+AirMap.d --serialize-diagnostics /Users/jonahmicahinguito/Library/Developer/Xcode/DerivedData/rotaractconnect-cjwcbdlngckcsaantafkjnfzfbdk/Build/Intermediates.noindex/Pods.build/Debug-iphoneos/react-native-maps.build/Objects-normal/arm64/UIView+AirMap.dia -c /Users/jonahmicahinguito/dev/rotaract-connect/node_modules/react-native-maps/ios/AirMaps/UIView+AirMap.m -o /Users/jonahmicahinguito/Library/Developer/Xcode/DerivedData/rotaractconnect-cjwcbdlngckcsaantafkjnfzfbdk/Build/Intermediates.noindex/Pods.build/Debug-iphoneos/react-native-maps.build/Objects-normal/arm64/UIView+AirMap.o -index-unit-output-path /Pods.build/Debug-iphoneos/react-native-maps.build/Objects-normal/arm64/UIView+AirMap.o

/Users/jonahmicahinguito/dev/rotaract-connect/node_modules/react-native-maps/ios/AirMaps/UIView+AirMap.m:12:35: warning: undeclared selector 'paperView' [-Wundeclared-selector]
   12 |     if ([self respondsToSelector:@selector(paperView)]) {
      |                                   ^
1 warning generated.

/Users/jonahmicahinguito/dev/rotaract-connect/node_modules/react-native-maps/ios/AirMaps/UIView+AirMap.m:12:35: Undeclared selector 'paperView'

CompileC /Users/jonahmicahinguito/Library/Developer/Xcode/DerivedData/rotaractconnect-cjwcbdlngckcsaantafkjnfzfbdk/Build/Intermediates.noindex/Pods.build/Debug-iphoneos/react-native-maps.build/Objects-normal/arm64/RCTComponentData+Maps.o /Users/jonahmicahinguito/dev/rotaract-connect/node_modules/react-native-maps/ios/AirMaps/RCTComponentData+Maps.m normal arm64 objective-c com.apple.compilers.llvm.clang.1_0.compiler (in target 'react-native-maps' from project 'Pods')
    cd /Users/jonahmicahinguito/dev/rotaract-connect/ios/Pods
    
    Using response file: /Users/jonahmicahinguito/Library/Developer/Xcode/DerivedData/rotaractconnect-cjwcbdlngckcsaantafkjnfzfbdk/Build/Intermediates.noindex/Pods.build/Debug-iphoneos/react-native-maps.build/Objects-normal/arm64/e6072d4f65d7061329687fe24e3d63a7-common-args.resp
    
    /Applications/Xcode.app/Contents/Developer/Toolchains/XcodeDefault.xctoolchain/usr/bin/clang -x objective-c -ivfsstatcache /Users/jonahmicahinguito/Library/Developer/Xcode/DerivedData/SDKStatCaches.noindex/iphoneos26.5-23F81a-32daed1954a7d5dd0789fcaf2a9bb78b.sdkstatcache -target arm64-apple-ios15.1 -fmessage-length\=0 -fdiagnostics-show-note-include-stack -fmacro-backtrace-limit\=0 -fno-color-diagnostics -fmodules-prune-interval\=86400 -fmodules-prune-after\=345600 -fbuild-session-file\=/Users/jonahmicahinguito/Library/Developer/Xcode/DerivedData/ModuleCache.noindex/Session.modulevalidation -fmodules-validate-once-per-build-session -Wnon-modular-include-in-framework-module -Werror\=non-modular-include-in-framework-module -Wno-trigraphs -Wno-missing-field-initializers -Wno-missing-prototypes -Werror\=return-type -Wdocumentation -Wunreachable-code -Wno-implicit-atomic-properties -Werror\=deprecated-objc-isa-usage -Wno-objc-interface-ivars -Werror\=objc-root-class -Wno-arc-repeated-use-of-weak -Wimplicit-retain-self -Wduplicate-method-match -Wno-missing-braces -Wparentheses -Wswitch -Wunused-function -Wno-unused-label -Wno-unused-parameter -Wunused-variable -Wunused-value -Wempty-body -Wuninitialized -Wconditional-uninitialized -Wno-unknown-pragmas -Wno-shadow -Wno-four-char-constants -Wno-conversion -Wconstant-conversion -Wint-conversion -Wbool-conversion -Wenum-conversion -Wno-float-conversion -Wnon-literal-null-conversion -Wobjc-literal-conversion -Wshorten-64-to-32 -Wpointer-sign -Wno-newline-eof -Wno-selector -Wno-strict-selector-match -Wundeclared-selector -Wdeprecated-implementations -Wno-implicit-fallthrough -isysroot /Applications/Xcode.app/Contents/Developer/Platforms/iPhoneOS.platform/Developer/SDKs/iPhoneOS26.5.sdk -fstrict-aliasing -Wprotocol -Wdeprecated-declarations -Wno-sign-conversion -Winfinite-recursion -Wcomma -Wblock-capture-autoreleasing -Wstrict-prototypes -Wno-semicolon-before-method-body -Wunguarded-availability -index-store-path /Users/jonahmicahinguito/Library/Developer/Xcode/DerivedData/rotaractconnect-cjwcbdlngckcsaantafkjnfzfbdk/Index.noindex/DataStore @/Users/jonahmicahinguito/Library/Developer/Xcode/DerivedData/rotaractconnect-cjwcbdlngckcsaantafkjnfzfbdk/Build/Intermediates.noindex/Pods.build/Debug-iphoneos/react-native-maps.build/Objects-normal/arm64/e6072d4f65d7061329687fe24e3d63a7-common-args.resp -DFOLLY_MOBILE\=1 -DFOLLY_USE_LIBCPP\=1 -DFOLLY_CFG_NO_COROUTINES\=1 -DFOLLY_HAVE_CLOCK_GETTIME\=1 -Wno-comma -Wno-shorten-64-to-32 -DRCT_NEW_ARCH_ENABLED\=1 -include /Users/jonahmicahinguito/dev/rotaract-connect/ios/Pods/Target\ Support\ Files/react-native-maps/react-native-maps-prefix.pch -MMD -MT dependencies -MF /Users/jonahmicahinguito/Library/Developer/Xcode/DerivedData/rotaractconnect-cjwcbdlngckcsaantafkjnfzfbdk/Build/Intermediates.noindex/Pods.build/Debug-iphoneos/react-native-maps.build/Objects-normal/arm64/RCTComponentData+Maps.d --serialize-diagnostics /Users/jonahmicahinguito/Library/Developer/Xcode/DerivedData/rotaractconnect-cjwcbdlngckcsaantafkjnfzfbdk/Build/Intermediates.noindex/Pods.build/Debug-iphoneos/react-native-maps.build/Objects-normal/arm64/RCTComponentData+Maps.dia -c /Users/jonahmicahinguito/dev/rotaract-connect/node_modules/react-native-maps/ios/AirMaps/RCTComponentData+Maps.m -o /Users/jonahmicahinguito/Library/Developer/Xcode/DerivedData/rotaractconnect-cjwcbdlngckcsaantafkjnfzfbdk/Build/Intermediates.noindex/Pods.build/Debug-iphoneos/react-native-maps.build/Objects-normal/arm64/RCTComponentData+Maps.o -index-unit-output-path /Pods.build/Debug-iphoneos/react-native-maps.build/Objects-normal/arm64/RCTComponentData+Maps.o

/Users/jonahmicahinguito/dev/rotaract-connect/node_modules/react-native-maps/ios/AirMaps/RCTComponentData+Maps.m:19:39: warning: undeclared selector 'setInitialProps:' [-Wundeclared-selector]
   19 |      if ([manager respondsToSelector:@selector(setInitialProps:)]) {
      |                                       ^
/Users/jonahmicahinguito/dev/rotaract-connect/node_modules/react-native-maps/ios/AirMaps/RCTComponentData+Maps.m:20:36: warning: undeclared selector 'setInitialProps:' [-Wundeclared-selector]
   20 |          [manager performSelector:@selector(setInitialProps:) withObject:props];
      |                                    ^
2 warnings generated.

/Users/jonahmicahinguito/dev/rotaract-connect/node_modules/react-native-maps/ios/AirMaps/RCTComponentData+Maps.m:19:39: Undeclared selector 'setInitialProps:'

/Users/jonahmicahinguito/dev/rotaract-connect/node_modules/react-native-maps/ios/AirMaps/RCTComponentData+Maps.m:20:36: Undeclared selector 'setInitialProps:'

CompileC /Users/jonahmicahinguito/Library/Developer/Xcode/DerivedData/rotaractconnect-cjwcbdlngckcsaantafkjnfzfbdk/Build/Intermediates.noindex/Pods.build/Debug-iphoneos/react-native-maps.build/Objects-normal/arm64/AIRMapWMSTile.o /Users/jonahmicahinguito/dev/rotaract-connect/node_modules/react-native-maps/ios/AirMaps/AIRMapWMSTile.m normal arm64 objective-c com.apple.compilers.llvm.clang.1_0.compiler (in target 'react-native-maps' from project 'Pods')
    cd /Users/jonahmicahinguito/dev/rotaract-connect/ios/Pods
    
    Using response file: /Users/jonahmicahinguito/Library/Developer/Xcode/DerivedData/rotaractconnect-cjwcbdlngckcsaantafkjnfzfbdk/Build/Intermediates.noindex/Pods.build/Debug-iphoneos/react-native-maps.build/Objects-normal/arm64/e6072d4f65d7061329687fe24e3d63a7-common-args.resp
    
    /Applications/Xcode.app/Contents/Developer/Toolchains/XcodeDefault.xctoolchain/usr/bin/clang -x objective-c -ivfsstatcache /Users/jonahmicahinguito/Library/Developer/Xcode/DerivedData/SDKStatCaches.noindex/iphoneos26.5-23F81a-32daed1954a7d5dd0789fcaf2a9bb78b.sdkstatcache -target arm64-apple-ios15.1 -fmessage-length\=0 -fdiagnostics-show-note-include-stack -fmacro-backtrace-limit\=0 -fno-color-diagnostics -fmodules-prune-interval\=86400 -fmodules-prune-after\=345600 -fbuild-session-file\=/Users/jonahmicahinguito/Library/Developer/Xcode/DerivedData/ModuleCache.noindex/Session.modulevalidation -fmodules-validate-once-per-build-session -Wnon-modular-include-in-framework-module -Werror\=non-modular-include-in-framework-module -Wno-trigraphs -Wno-missing-field-initializers -Wno-missing-prototypes -Werror\=return-type -Wdocumentation -Wunreachable-code -Wno-implicit-atomic-properties -Werror\=deprecated-objc-isa-usage -Wno-objc-interface-ivars -Werror\=objc-root-class -Wno-arc-repeated-use-of-weak -Wimplicit-retain-self -Wduplicate-method-match -Wno-missing-braces -Wparentheses -Wswitch -Wunused-function -Wno-unused-label -Wno-unused-parameter -Wunused-variable -Wunused-value -Wempty-body -Wuninitialized -Wconditional-uninitialized -Wno-unknown-pragmas -Wno-shadow -Wno-four-char-constants -Wno-conversion -Wconstant-conversion -Wint-conversion -Wbool-conversion -Wenum-conversion -Wno-float-conversion -Wnon-literal-null-conversion -Wobjc-literal-conversion -Wshorten-64-to-32 -Wpointer-sign -Wno-newline-eof -Wno-selector -Wno-strict-selector-match -Wundeclared-selector -Wdeprecated-implementations -Wno-implicit-fallthrough -isysroot /Applications/Xcode.app/Contents/Developer/Platforms/iPhoneOS.platform/Developer/SDKs/iPhoneOS26.5.sdk -fstrict-aliasing -Wprotocol -Wdeprecated-declarations -Wno-sign-conversion -Winfinite-recursion -Wcomma -Wblock-capture-autoreleasing -Wstrict-prototypes -Wno-semicolon-before-method-body -Wunguarded-availability -index-store-path /Users/jonahmicahinguito/Library/Developer/Xcode/DerivedData/rotaractconnect-cjwcbdlngckcsaantafkjnfzfbdk/Index.noindex/DataStore @/Users/jonahmicahinguito/Library/Developer/Xcode/DerivedData/rotaractconnect-cjwcbdlngckcsaantafkjnfzfbdk/Build/Intermediates.noindex/Pods.build/Debug-iphoneos/react-native-maps.build/Objects-normal/arm64/e6072d4f65d7061329687fe24e3d63a7-common-args.resp -DFOLLY_MOBILE\=1 -DFOLLY_USE_LIBCPP\=1 -DFOLLY_CFG_NO_COROUTINES\=1 -DFOLLY_HAVE_CLOCK_GETTIME\=1 -Wno-comma -Wno-shorten-64-to-32 -DRCT_NEW_ARCH_ENABLED\=1 -include /Users/jonahmicahinguito/dev/rotaract-connect/ios/Pods/Target\ Support\ Files/react-native-maps/react-native-maps-prefix.pch -MMD -MT dependencies -MF /Users/jonahmicahinguito/Library/Developer/Xcode/DerivedData/rotaractconnect-cjwcbdlngckcsaantafkjnfzfbdk/Build/Intermediates.noindex/Pods.build/Debug-iphoneos/react-native-maps.build/Objects-normal/arm64/AIRMapWMSTile.d --serialize-diagnostics /Users/jonahmicahinguito/Library/Developer/Xcode/DerivedData/rotaractconnect-cjwcbdlngckcsaantafkjnfzfbdk/Build/Intermediates.noindex/Pods.build/Debug-iphoneos/react-native-maps.build/Objects-normal/arm64/AIRMapWMSTile.dia -c /Users/jonahmicahinguito/dev/rotaract-connect/node_modules/react-native-maps/ios/AirMaps/AIRMapWMSTile.m -o /Users/jonahmicahinguito/Library/Developer/Xcode/DerivedData/rotaractconnect-cjwcbdlngckcsaantafkjnfzfbdk/Build/Intermediates.noindex/Pods.build/Debug-iphoneos/react-native-maps.build/Objects-normal/arm64/AIRMapWMSTile.o -index-unit-output-path /Pods.build/Debug-iphoneos/react-native-maps.build/Objects-normal/arm64/AIRMapWMSTile.o

/Users/jonahmicahinguito/dev/rotaract-connect/node_modules/react-native-maps/ios/AirMaps/AIRMapWMSTile.m:38:26: warning: incompatible pointer types assigning to 'AIRMapUrlTileCachedOverlay *' from 'AIRMapWMSTileOverlay *' [-Wincompatible-pointer-types]
   38 |         self.tileOverlay = [[AIRMapWMSTileOverlay alloc] initWithURLTemplate:self.urlTemplate];
      |                          ^ ~~~~~~~~~~~~~~~~~~~~~~~~~~~~~~~~~~~~~~~~~~~~~~~~~~~~~~~~~~~~~~~~~~~
1 warning generated.

/Users/jonahmicahinguito/dev/rotaract-connect/node_modules/react-native-maps/ios/AirMaps/AIRMapWMSTile.m:38:26: Incompatible pointer types assigning to 'AIRMapUrlTileCachedOverlay *' from 'AIRMapWMSTileOverlay *'

CompileC /Users/jonahmicahinguito/Library/Developer/Xcode/DerivedData/rotaractconnect-cjwcbdlngckcsaantafkjnfzfbdk/Build/Intermediates.noindex/Pods.build/Debug-iphoneos/react-native-maps.build/Objects-normal/arm64/AIRMapUrlTileCachedOverlay.o /Users/jonahmicahinguito/dev/rotaract-connect/node_modules/react-native-maps/ios/AirMaps/AIRMapUrlTileCachedOverlay.m normal arm64 objective-c com.apple.compilers.llvm.clang.1_0.compiler (in target 'react-native-maps' from project 'Pods')
    cd /Users/jonahmicahinguito/dev/rotaract-connect/ios/Pods
    
    Using response file: /Users/jonahmicahinguito/Library/Developer/Xcode/DerivedData/rotaractconnect-cjwcbdlngckcsaantafkjnfzfbdk/Build/Intermediates.noindex/Pods.build/Debug-iphoneos/react-native-maps.build/Objects-normal/arm64/e6072d4f65d7061329687fe24e3d63a7-common-args.resp
    
    /Applications/Xcode.app/Contents/Developer/Toolchains/XcodeDefault.xctoolchain/usr/bin/clang -x objective-c -ivfsstatcache /Users/jonahmicahinguito/Library/Developer/Xcode/DerivedData/SDKStatCaches.noindex/iphoneos26.5-23F81a-32daed1954a7d5dd0789fcaf2a9bb78b.sdkstatcache -target arm64-apple-ios15.1 -fmessage-length\=0 -fdiagnostics-show-note-include-stack -fmacro-backtrace-limit\=0 -fno-color-diagnostics -fmodules-prune-interval\=86400 -fmodules-prune-after\=345600 -fbuild-session-file\=/Users/jonahmicahinguito/Library/Developer/Xcode/DerivedData/ModuleCache.noindex/Session.modulevalidation -fmodules-validate-once-per-build-session -Wnon-modular-include-in-framework-module -Werror\=non-modular-include-in-framework-module -Wno-trigraphs -Wno-missing-field-initializers -Wno-missing-prototypes -Werror\=return-type -Wdocumentation -Wunreachable-code -Wno-implicit-atomic-properties -Werror\=deprecated-objc-isa-usage -Wno-objc-interface-ivars -Werror\=objc-root-class -Wno-arc-repeated-use-of-weak -Wimplicit-retain-self -Wduplicate-method-match -Wno-missing-braces -Wparentheses -Wswitch -Wunused-function -Wno-unused-label -Wno-unused-parameter -Wunused-variable -Wunused-value -Wempty-body -Wuninitialized -Wconditional-uninitialized -Wno-unknown-pragmas -Wno-shadow -Wno-four-char-constants -Wno-conversion -Wconstant-conversion -Wint-conversion -Wbool-conversion -Wenum-conversion -Wno-float-conversion -Wnon-literal-null-conversion -Wobjc-literal-conversion -Wshorten-64-to-32 -Wpointer-sign -Wno-newline-eof -Wno-selector -Wno-strict-selector-match -Wundeclared-selector -Wdeprecated-implementations -Wno-implicit-fallthrough -isysroot /Applications/Xcode.app/Contents/Developer/Platforms/iPhoneOS.platform/Developer/SDKs/iPhoneOS26.5.sdk -fstrict-aliasing -Wprotocol -Wdeprecated-declarations -Wno-sign-conversion -Winfinite-recursion -Wcomma -Wblock-capture-autoreleasing -Wstrict-prototypes -Wno-semicolon-before-method-body -Wunguarded-availability -index-store-path /Users/jonahmicahinguito/Library/Developer/Xcode/DerivedData/rotaractconnect-cjwcbdlngckcsaantafkjnfzfbdk/Index.noindex/DataStore @/Users/jonahmicahinguito/Library/Developer/Xcode/DerivedData/rotaractconnect-cjwcbdlngckcsaantafkjnfzfbdk/Build/Intermediates.noindex/Pods.build/Debug-iphoneos/react-native-maps.build/Objects-normal/arm64/e6072d4f65d7061329687fe24e3d63a7-common-args.resp -DFOLLY_MOBILE\=1 -DFOLLY_USE_LIBCPP\=1 -DFOLLY_CFG_NO_COROUTINES\=1 -DFOLLY_HAVE_CLOCK_GETTIME\=1 -Wno-comma -Wno-shorten-64-to-32 -DRCT_NEW_ARCH_ENABLED\=1 -include /Users/jonahmicahinguito/dev/rotaract-connect/ios/Pods/Target\ Support\ Files/react-native-maps/react-native-maps-prefix.pch -MMD -MT dependencies -MF /Users/jonahmicahinguito/Library/Developer/Xcode/DerivedData/rotaractconnect-cjwcbdlngckcsaantafkjnfzfbdk/Build/Intermediates.noindex/Pods.build/Debug-iphoneos/react-native-maps.build/Objects-normal/arm64/AIRMapUrlTileCachedOverlay.d --serialize-diagnostics /Users/jonahmicahinguito/Library/Developer/Xcode/DerivedData/rotaractconnect-cjwcbdlngckcsaantafkjnfzfbdk/Build/Intermediates.noindex/Pods.build/Debug-iphoneos/react-native-maps.build/Objects-normal/arm64/AIRMapUrlTileCachedOverlay.dia -c /Users/jonahmicahinguito/dev/rotaract-connect/node_modules/react-native-maps/ios/AirMaps/AIRMapUrlTileCachedOverlay.m -o /Users/jonahmicahinguito/Library/Developer/Xcode/DerivedData/rotaractconnect-cjwcbdlngckcsaantafkjnfzfbdk/Build/Intermediates.noindex/Pods.build/Debug-iphoneos/react-native-maps.build/Objects-normal/arm64/AIRMapUrlTileCachedOverlay.o -index-unit-output-path /Pods.build/Debug-iphoneos/react-native-maps.build/Objects-normal/arm64/AIRMapUrlTileCachedOverlay.o

/Users/jonahmicahinguito/dev/rotaract-connect/node_modules/react-native-maps/ios/AirMaps/AIRMapUrlTileCachedOverlay.m:80:134: warning: null passed to a callee that requires a non-null argument [-Wnonnull]
   80 |         NSData *finalImage = [_ciContext PNGRepresentationOfImage:scaledCIImage format:kCIFormatABGR8 colorSpace:_colorspace options:nil];
      |                                                                                                                                      ^~~
In module 'UIKit' imported from /Users/jonahmicahinguito/dev/rotaract-connect/ios/Pods/Target Support Files/react-native-maps/react-native-maps-prefix.pch:2:
In module 'Foundation' imported from /Applications/Xcode.app/Contents/Developer/Platforms/iPhoneOS.platform/Developer/SDKs/iPhoneOS.sdk/System/Library/Frameworks/UIKit.framework/Headers/UIKit.h:8:
In module 'CoreFoundation' imported from /Applications/Xcode.app/Contents/Developer/Platforms/iPhoneOS.platform/Developer/SDKs/iPhoneOS.sdk/System/Library/Frameworks/Foundation.framework/Headers/Foundation.h:6:
In module 'Darwin' imported from /Applications/Xcode.app/Contents/Developer/Platforms/iPhoneOS.platform/Developer/SDKs/iPhoneOS26.5.sdk/System/Library/Frameworks/CoreFoundation.framework/Headers/CFBase.h:75:
/Applications/Xcode.app/Contents/Developer/Platforms/iPhoneOS.platform/Developer/SDKs/iPhoneOS.sdk/usr/include/MacTypes.h:96:19: note: expanded from macro 'nil'
   96 |       #define nil __DARWIN_NULL
      |                   ^~~~~~~~~~~~~
In module 'UIKit' imported from /Users/jonahmicahinguito/dev/rotaract-connect/ios/Pods/Target Support Files/react-native-maps/react-native-maps-prefix.pch:2:
In module 'Foundation' imported from /Applications/Xcode.app/Contents/Developer/Platforms/iPhoneOS.platform/Developer/SDKs/iPhoneOS.sdk/System/Library/Frameworks/UIKit.framework/Headers/UIKit.h:8:
In module 'CoreFoundation' imported from /Applications/Xcode.app/Contents/Developer/Platforms/iPhoneOS.platform/Developer/SDKs/iPhoneOS.sdk/System/Library/Frameworks/Foundation.framework/Headers/Foundation.h:6:
In module '_DarwinFoundation2' imported from /Applications/Xcode.app/Contents/Developer/Platforms/iPhoneOS.platform/Developer/SDKs/iPhoneOS.sdk/System/Library/Frameworks/CoreFoundation.framework/Headers/CoreFoundation.h:18:
/Applications/Xcode.app/Contents/Developer/Platforms/iPhoneOS.platform/Developer/SDKs/iPhoneOS26.5.sdk/usr/include/sys/_types.h:52:23: note: expanded from macro '__DARWIN_NULL'
   52 | #define __DARWIN_NULL NULL
      |                       ^~~~
In module 'UIKit' imported from /Users/jonahmicahinguito/dev/rotaract-connect/ios/Pods/Target Support Files/react-native-maps/react-native-maps-prefix.pch:2:
In module 'Foundation' imported from /Applications/Xcode.app/Contents/Developer/Platforms/iPhoneOS.platform/Developer/SDKs/iPhoneOS.sdk/System/Library/Frameworks/UIKit.framework/Headers/UIKit.h:8:
In module 'CoreFoundation' imported from /Applications/Xcode.app/Contents/Developer/Platforms/iPhoneOS.platform/Developer/SDKs/iPhoneOS.sdk/System/Library/Frameworks/Foundation.framework/Headers/Foundation.h:6:
In module '_DarwinFoundation2' imported from /Applications/Xcode.app/Contents/Developer/Platforms/iPhoneOS.platform/Developer/SDKs/iPhoneOS.sdk/System/Library/Frameworks/CoreFoundation.framework/Headers/CoreFoundation.h:18:
In module '_Builtin_stddef' imported from /Applications/Xcode.app/Contents/Developer/Toolchains/XcodeDefault.xctoolchain/usr/lib/clang/21/include/stddef.h:93:
/Applications/Xcode.app/Contents/Developer/Toolchains/XcodeDefault.xctoolchain/usr/lib/clang/21/include/__stddef_null.h:26:14: note: expanded from macro 'NULL'
   26 | #define NULL ((void*)0)
      |              ^~~~~~~~~~
/Users/jonahmicahinguito/dev/rotaract-connect/node_modules/react-native-maps/ios/AirMaps/AIRMapUrlTileCachedOverlay.m:80:31: warning: block implicitly retains 'self'; explicitly mention 'self' to indicate this is intended behavior [-Wimplicit-retain-self]
   80 |         NSData *finalImage = [_ciContext PNGRepresentationOfImage:scaledCIImage format:kCIFormatABGR8 colorSpace:_colorspace options:nil];
      |                               ^
      |                               self->
/Users/jonahmicahinguito/dev/rotaract-connect/node_modules/react-native-maps/ios/AirMaps/AIRMapUrlTileCachedOverlay.m:80:114: warning: block implicitly retains 'self'; explicitly mention 'self' to indicate this is intended behavior [-Wimplicit-retain-self]
   80 |         NSData *finalImage = [_ciContext PNGRepresentationOfImage:scaledCIImage format:kCIFormatABGR8 colorSpace:_colorspace options:nil];
      |                                                                                                                  ^
      |                                                                                                                  self->
/Users/jonahmicahinguito/dev/rotaract-connect/node_modules/react-native-maps/ios/AirMaps/AIRMapUrlTileCachedOverlay.m:141:57: warning: values of type 'NSInteger' should not be used as format arguments; add an explicit cast to 'long' instead [-Wformat]
  141 |         NSLog(@"tileCache HIT, with max age set at %d", self.tileCacheMaxAge);
      |                                                    ~~   ^~~~~~~~~~~~~~~~~~~~
      |                                                    %ld  (long)
/Users/jonahmicahinguito/dev/rotaract-connect/node_modules/react-native-maps/ios/AirMaps/AIRMapUrlTileCachedOverlay.m:202:22: warning: block implicitly retains 'self'; explicitly mention 'self' to indicate this is intended behavior [-Wimplicit-retain-self]
  202 |                 if (!_urlSession) [self createURLSession];
      |                      ^
      |                      self->
/Users/jonahmicahinguito/dev/rotaract-connect/node_modules/react-native-maps/ios/AirMaps/AIRMapUrlTileCachedOverlay.m:204:19: warning: block implicitly retains 'self'; explicitly mention 'self' to indicate this is intended behavior [-Wimplicit-retain-self]
  204 |                 [[_urlSession dataTaskWithURL:[self URLForTilePath:path]
      |                   ^
      |                   self->
6 warnings generated.

/Users/jonahmicahinguito/dev/rotaract-connect/node_modules/react-native-maps/ios/AirMaps/AIRMapUrlTileCachedOverlay.m:80:134: Null passed to a callee that requires a non-null argument

/Users/jonahmicahinguito/dev/rotaract-connect/node_modules/react-native-maps/ios/AirMaps/AIRMapUrlTileCachedOverlay.m:80:31: Block implicitly retains 'self'; explicitly mention 'self' to indicate this is intended behavior

/Users/jonahmicahinguito/dev/rotaract-connect/node_modules/react-native-maps/ios/AirMaps/AIRMapUrlTileCachedOverlay.m:80:114: Block implicitly retains 'self'; explicitly mention 'self' to indicate this is intended behavior

/Users/jonahmicahinguito/dev/rotaract-connect/node_modules/react-native-maps/ios/AirMaps/AIRMapUrlTileCachedOverlay.m:141:57: Values of type 'NSInteger' should not be used as format arguments; add an explicit cast to 'long' instead

/Users/jonahmicahinguito/dev/rotaract-connect/node_modules/react-native-maps/ios/AirMaps/AIRMapUrlTileCachedOverlay.m:202:22: Block implicitly retains 'self'; explicitly mention 'self' to indicate this is intended behavior

/Users/jonahmicahinguito/dev/rotaract-connect/node_modules/react-native-maps/ios/AirMaps/AIRMapUrlTileCachedOverlay.m:204:19: Block implicitly retains 'self'; explicitly mention 'self' to indicate this is intended behavior

CompileC /Users/jonahmicahinguito/Library/Developer/Xcode/DerivedData/rotaractconnect-cjwcbdlngckcsaantafkjnfzfbdk/Build/Intermediates.noindex/Pods.build/Debug-iphoneos/react-native-maps.build/Objects-normal/arm64/AIRMapUrlTile.o /Users/jonahmicahinguito/dev/rotaract-connect/node_modules/react-native-maps/ios/AirMaps/AIRMapUrlTile.m normal arm64 objective-c com.apple.compilers.llvm.clang.1_0.compiler (in target 'react-native-maps' from project 'Pods')
    cd /Users/jonahmicahinguito/dev/rotaract-connect/ios/Pods
    
    Using response file: /Users/jonahmicahinguito/Library/Developer/Xcode/DerivedData/rotaractconnect-cjwcbdlngckcsaantafkjnfzfbdk/Build/Intermediates.noindex/Pods.build/Debug-iphoneos/react-native-maps.build/Objects-normal/arm64/e6072d4f65d7061329687fe24e3d63a7-common-args.resp
    
    /Applications/Xcode.app/Contents/Developer/Toolchains/XcodeDefault.xctoolchain/usr/bin/clang -x objective-c -ivfsstatcache /Users/jonahmicahinguito/Library/Developer/Xcode/DerivedData/SDKStatCaches.noindex/iphoneos26.5-23F81a-32daed1954a7d5dd0789fcaf2a9bb78b.sdkstatcache -target arm64-apple-ios15.1 -fmessage-length\=0 -fdiagnostics-show-note-include-stack -fmacro-backtrace-limit\=0 -fno-color-diagnostics -fmodules-prune-interval\=86400 -fmodules-prune-after\=345600 -fbuild-session-file\=/Users/jonahmicahinguito/Library/Developer/Xcode/DerivedData/ModuleCache.noindex/Session.modulevalidation -fmodules-validate-once-per-build-session -Wnon-modular-include-in-framework-module -Werror\=non-modular-include-in-framework-module -Wno-trigraphs -Wno-missing-field-initializers -Wno-missing-prototypes -Werror\=return-type -Wdocumentation -Wunreachable-code -Wno-implicit-atomic-properties -Werror\=deprecated-objc-isa-usage -Wno-objc-interface-ivars -Werror\=objc-root-class -Wno-arc-repeated-use-of-weak -Wimplicit-retain-self -Wduplicate-method-match -Wno-missing-braces -Wparentheses -Wswitch -Wunused-function -Wno-unused-label -Wno-unused-parameter -Wunused-variable -Wunused-value -Wempty-body -Wuninitialized -Wconditional-uninitialized -Wno-unknown-pragmas -Wno-shadow -Wno-four-char-constants -Wno-conversion -Wconstant-conversion -Wint-conversion -Wbool-conversion -Wenum-conversion -Wno-float-conversion -Wnon-literal-null-conversion -Wobjc-literal-conversion -Wshorten-64-to-32 -Wpointer-sign -Wno-newline-eof -Wno-selector -Wno-strict-selector-match -Wundeclared-selector -Wdeprecated-implementations -Wno-implicit-fallthrough -isysroot /Applications/Xcode.app/Contents/Developer/Platforms/iPhoneOS.platform/Developer/SDKs/iPhoneOS26.5.sdk -fstrict-aliasing -Wprotocol -Wdeprecated-declarations -Wno-sign-conversion -Winfinite-recursion -Wcomma -Wblock-capture-autoreleasing -Wstrict-prototypes -Wno-semicolon-before-method-body -Wunguarded-availability -index-store-path /Users/jonahmicahinguito/Library/Developer/Xcode/DerivedData/rotaractconnect-cjwcbdlngckcsaantafkjnfzfbdk/Index.noindex/DataStore @/Users/jonahmicahinguito/Library/Developer/Xcode/DerivedData/rotaractconnect-cjwcbdlngckcsaantafkjnfzfbdk/Build/Intermediates.noindex/Pods.build/Debug-iphoneos/react-native-maps.build/Objects-normal/arm64/e6072d4f65d7061329687fe24e3d63a7-common-args.resp -DFOLLY_MOBILE\=1 -DFOLLY_USE_LIBCPP\=1 -DFOLLY_CFG_NO_COROUTINES\=1 -DFOLLY_HAVE_CLOCK_GETTIME\=1 -Wno-comma -Wno-shorten-64-to-32 -DRCT_NEW_ARCH_ENABLED\=1 -include /Users/jonahmicahinguito/dev/rotaract-connect/ios/Pods/Target\ Support\ Files/react-native-maps/react-native-maps-prefix.pch -MMD -MT dependencies -MF /Users/jonahmicahinguito/Library/Developer/Xcode/DerivedData/rotaractconnect-cjwcbdlngckcsaantafkjnfzfbdk/Build/Intermediates.noindex/Pods.build/Debug-iphoneos/react-native-maps.build/Objects-normal/arm64/AIRMapUrlTile.d --serialize-diagnostics /Users/jonahmicahinguito/Library/Developer/Xcode/DerivedData/rotaractconnect-cjwcbdlngckcsaantafkjnfzfbdk/Build/Intermediates.noindex/Pods.build/Debug-iphoneos/react-native-maps.build/Objects-normal/arm64/AIRMapUrlTile.dia -c /Users/jonahmicahinguito/dev/rotaract-connect/node_modules/react-native-maps/ios/AirMaps/AIRMapUrlTile.m -o /Users/jonahmicahinguito/Library/Developer/Xcode/DerivedData/rotaractconnect-cjwcbdlngckcsaantafkjnfzfbdk/Build/Intermediates.noindex/Pods.build/Debug-iphoneos/react-native-maps.build/Objects-normal/arm64/AIRMapUrlTile.o -index-unit-output-path /Pods.build/Debug-iphoneos/react-native-maps.build/Objects-normal/arm64/AIRMapUrlTile.o

/Users/jonahmicahinguito/dev/rotaract-connect/node_modules/react-native-maps/ios/AirMaps/AIRMapUrlTile.m:142:26: warning: incompatible pointer types assigning to 'AIRMapUrlTileCachedOverlay *' from 'MKTileOverlay *' [-Wincompatible-pointer-types]
  142 |         self.tileOverlay = [[MKTileOverlay alloc] initWithURLTemplate:self.urlTemplate];
      |                          ^ ~~~~~~~~~~~~~~~~~~~~~~~~~~~~~~~~~~~~~~~~~~~~~~~~~~~~~~~~~~~~
/Users/jonahmicahinguito/dev/rotaract-connect/node_modules/react-native-maps/ios/AirMaps/AIRMapUrlTile.m:176:1: warning: method possibly missing a [super updateProperties] call [-Wobjc-missing-super-calls]
  176 | }
      | ^
/Users/jonahmicahinguito/dev/rotaract-connect/node_modules/react-native-maps/ios/AirMaps/AIRMapUrlTile.m:24:1: warning: writable atomic property 'maximumZ' cannot pair a synthesized getter with a user defined setter [-Watomic-property-with-user-defined-accessor]
   24 | - (void)setMaximumZ:(NSInteger)maximumZ
      | ^
In file included from /Users/jonahmicahinguito/dev/rotaract-connect/node_modules/react-native-maps/ios/AirMaps/AIRMapUrlTile.m:9:
/Users/jonahmicahinguito/dev/rotaract-connect/node_modules/react-native-maps/ios/AirMaps/AIRMapUrlTile.h:36:21: note: setter and getter must both be synthesized, or both be user defined, or the property must be nonatomic
   36 | @property NSInteger maximumZ;
      |                     ^
      |           (nonatomic) 
/Users/jonahmicahinguito/dev/rotaract-connect/node_modules/react-native-maps/ios/AirMaps/AIRMapUrlTile.h:36:21: note: property declared here
/Users/jonahmicahinguito/dev/rotaract-connect/node_modules/react-native-maps/ios/AirMaps/AIRMapUrlTile.m:33:1: warning: writable atomic property 'maximumNativeZ' cannot pair a synthesized getter with a user defined setter [-Watomic-property-with-user-defined-accessor]
   33 | - (void)setMaximumNativeZ:(NSInteger)maximumNativeZ
      | ^
In file included from /Users/jonahmicahinguito/dev/rotaract-connect/node_modules/react-native-maps/ios/AirMaps/AIRMapUrlTile.m:9:
/Users/jonahmicahinguito/dev/rotaract-connect/node_modules/react-native-maps/ios/AirMaps/AIRMapUrlTile.h:37:21: note: setter and getter must both be synthesized, or both be user defined, or the property must be nonatomic
   37 | @property NSInteger maximumNativeZ;
      |                     ^
      |           (nonatomic) 
/Users/jonahmicahinguito/dev/rotaract-connect/node_modules/react-native-maps/ios/AirMaps/AIRMapUrlTile.h:37:21: note: property declared here
/Users/jonahmicahinguito/dev/rotaract-connect/node_modules/react-native-maps/ios/AirMaps/AIRMapUrlTile.m:45:1: warning: writable atomic property 'minimumZ' cannot pair a synthesized getter with a user defined setter [-Watomic-property-with-user-defined-accessor]
   45 | - (void)setMinimumZ:(NSInteger)minimumZ
      | ^
In file included from /Users/jonahmicahinguito/dev/rotaract-connect/node_modules/react-native-maps/ios/AirMaps/AIRMapUrlTile.m:9:
/Users/jonahmicahinguito/dev/rotaract-connect/node_modules/react-native-maps/ios/AirMaps/AIRMapUrlTile.h:38:21: note: setter and getter must both be synthesized, or both be user defined, or the property must be nonatomic
   38 | @property NSInteger minimumZ;
      |                     ^
      |           (nonatomic) 
/Users/jonahmicahinguito/dev/rotaract-connect/node_modules/react-native-maps/ios/AirMaps/AIRMapUrlTile.h:38:21: note: property declared here
/Users/jonahmicahinguito/dev/rotaract-connect/node_modules/react-native-maps/ios/AirMaps/AIRMapUrlTile.m:54:1: warning: writable atomic property 'flipY' cannot pair a synthesized getter with a user defined setter [-Watomic-property-with-user-defined-accessor]
   54 | - (void)setFlipY:(BOOL)flipY
      | ^
In file included from /Users/jonahmicahinguito/dev/rotaract-connect/node_modules/react-native-maps/ios/AirMaps/AIRMapUrlTile.m:9:
/Users/jonahmicahinguito/dev/rotaract-connect/node_modules/react-native-maps/ios/AirMaps/AIRMapUrlTile.h:39:16: note: setter and getter must both be synthesized, or both be user defined, or the property must be nonatomic
   39 | @property BOOL flipY;
      |                ^
      |           (nonatomic) 
/Users/jonahmicahinguito/dev/rotaract-connect/node_modules/react-native-maps/ios/AirMaps/AIRMapUrlTile.h:39:16: note: property declared here
/Users/jonahmicahinguito/dev/rotaract-connect/node_modules/react-native-maps/ios/AirMaps/AIRMapUrlTile.m:15:1: warning: writable atomic property 'shouldReplaceMapContent' cannot pair a synthesized getter with a user defined setter [-Watomic-property-with-user-defined-accessor]
   15 | - (void)setShouldReplaceMapContent:(BOOL)shouldReplaceMapContent
      | ^
In file included from /Users/jonahmicahinguito/dev/rotaract-connect/node_modules/react-native-maps/ios/AirMaps/AIRMapUrlTile.m:9:
/Users/jonahmicahinguito/dev/rotaract-connect/node_modules/react-native-maps/ios/AirMaps/AIRMapUrlTile.h:40:16: note: setter and getter must both be synthesized, or both be user defined, or the property must be nonatomic
   40 | @property BOOL shouldReplaceMapContent;
      |                ^
      |           (nonatomic) 
/Users/jonahmicahinguito/dev/rotaract-connect/node_modules/react-native-maps/ios/AirMaps/AIRMapUrlTile.h:40:16: note: property declared here
/Users/jonahmicahinguito/dev/rotaract-connect/node_modules/react-native-maps/ios/AirMaps/AIRMapUrlTile.m:72:1: warning: writable atomic property 'tileSize' cannot pair a synthesized getter with a user defined setter [-Watomic-property-with-user-defined-accessor]
   72 | - (void)setTileSize:(NSInteger)tileSize
      | ^
In file included from /Users/jonahmicahinguito/dev/rotaract-connect/node_modules/react-native-maps/ios/AirMaps/AIRMapUrlTile.m:9:
/Users/jonahmicahinguito/dev/rotaract-connect/node_modules/react-native-maps/ios/AirMaps/AIRMapUrlTile.h:41:21: note: setter and getter must both be synthesized, or both be user defined, or the property must be nonatomic
   41 | @property NSInteger tileSize;
      |                     ^
      |           (nonatomic) 
/Users/jonahmicahinguito/dev/rotaract-connect/node_modules/react-native-maps/ios/AirMaps/AIRMapUrlTile.h:41:21: note: property declared here
/Users/jonahmicahinguito/dev/rotaract-connect/node_modules/react-native-maps/ios/AirMaps/AIRMapUrlTile.m:88:1: warning: writable atomic property 'tileCacheMaxAge' cannot pair a synthesized getter with a user defined setter [-Watomic-property-with-user-defined-accessor]
   88 | - (void)setTileCacheMaxAge:(NSInteger)tileCacheMaxAge{
      | ^
In file included from /Users/jonahmicahinguito/dev/rotaract-connect/node_modules/react-native-maps/ios/AirMaps/AIRMapUrlTile.m:9:
/Users/jonahmicahinguito/dev/rotaract-connect/node_modules/react-native-maps/ios/AirMaps/AIRMapUrlTile.h:43:21: note: setter and getter must both be synthesized, or both be user defined, or the property must be nonatomic
   43 | @property NSInteger tileCacheMaxAge;
      |                     ^
      |           (nonatomic) 
/Users/jonahmicahinguito/dev/rotaract-connect/node_modules/react-native-maps/ios/AirMaps/AIRMapUrlTile.h:43:21: note: property declared here
/Users/jonahmicahinguito/dev/rotaract-connect/node_modules/react-native-maps/ios/AirMaps/AIRMapUrlTile.m:99:1: warning: writable atomic property 'offlineMode' cannot pair a synthesized getter with a user defined setter [-Watomic-property-with-user-defined-accessor]
   99 | - (void)setOfflineMode:(BOOL)offlineMode
      | ^
In file included from /Users/jonahmicahinguito/dev/rotaract-connect/node_modules/react-native-maps/ios/AirMaps/AIRMapUrlTile.m:9:
/Users/jonahmicahinguito/dev/rotaract-connect/node_modules/react-native-maps/ios/AirMaps/AIRMapUrlTile.h:44:16: note: setter and getter must both be synthesized, or both be user defined, or the property must be nonatomic
   44 | @property BOOL offlineMode;
      |                ^
      |           (nonatomic) 
/Users/jonahmicahinguito/dev/rotaract-connect/node_modules/react-native-maps/ios/AirMaps/AIRMapUrlTile.h:44:16: note: property declared here
/Users/jonahmicahinguito/dev/rotaract-connect/node_modules/react-native-maps/ios/AirMaps/AIRMapUrlTile.m:108:1: warning: writable atomic property 'opacity' cannot pair a synthesized getter with a user defined setter [-Watomic-property-with-user-defined-accessor]
  108 | - (void)setOpacity:(CGFloat)opacity
      | ^
In file included from /Users/jonahmicahinguito/dev/rotaract-connect/node_modules/react-native-maps/ios/AirMaps/AIRMapUrlTile.m:9:
/Users/jonahmicahinguito/dev/rotaract-connect/node_modules/react-native-maps/ios/AirMaps/AIRMapUrlTile.h:45:19: note: setter and getter must both be synthesized, or both be user defined, or the property must be nonatomic
   45 | @property CGFloat opacity;
      |                   ^
      |           (nonatomic) 
/Users/jonahmicahinguito/dev/rotaract-connect/node_modules/react-native-maps/ios/AirMaps/AIRMapUrlTile.h:45:19: note: property declared here
11 warnings generated.

/Users/jonahmicahinguito/dev/rotaract-connect/node_modules/react-native-maps/ios/AirMaps/AIRMapUrlTile.m:142:26: Incompatible pointer types assigning to 'AIRMapUrlTileCachedOverlay *' from 'MKTileOverlay *'

/Users/jonahmicahinguito/dev/rotaract-connect/node_modules/react-native-maps/ios/AirMaps/AIRMapUrlTile.m:176:1: Method possibly missing a [super updateProperties] call

/Users/jonahmicahinguito/dev/rotaract-connect/node_modules/react-native-maps/ios/AirMaps/AIRMapUrlTile.m:24:1: Writable atomic property 'maximumZ' cannot pair a synthesized getter with a user defined setter

/Users/jonahmicahinguito/dev/rotaract-connect/node_modules/react-native-maps/ios/AirMaps/AIRMapUrlTile.m:33:1: Writable atomic property 'maximumNativeZ' cannot pair a synthesized getter with a user defined setter

/Users/jonahmicahinguito/dev/rotaract-connect/node_modules/react-native-maps/ios/AirMaps/AIRMapUrlTile.m:45:1: Writable atomic property 'minimumZ' cannot pair a synthesized getter with a user defined setter

/Users/jonahmicahinguito/dev/rotaract-connect/node_modules/react-native-maps/ios/AirMaps/AIRMapUrlTile.m:54:1: Writable atomic property 'flipY' cannot pair a synthesized getter with a user defined setter

/Users/jonahmicahinguito/dev/rotaract-connect/node_modules/react-native-maps/ios/AirMaps/AIRMapUrlTile.m:15:1: Writable atomic property 'shouldReplaceMapContent' cannot pair a synthesized getter with a user defined setter

/Users/jonahmicahinguito/dev/rotaract-connect/node_modules/react-native-maps/ios/AirMaps/AIRMapUrlTile.m:72:1: Writable atomic property 'tileSize' cannot pair a synthesized getter with a user defined setter

/Users/jonahmicahinguito/dev/rotaract-connect/node_modules/react-native-maps/ios/AirMaps/AIRMapUrlTile.m:88:1: Writable atomic property 'tileCacheMaxAge' cannot pair a synthesized getter with a user defined setter

/Users/jonahmicahinguito/dev/rotaract-connect/node_modules/react-native-maps/ios/AirMaps/AIRMapUrlTile.m:99:1: Writable atomic property 'offlineMode' cannot pair a synthesized getter with a user defined setter

/Users/jonahmicahinguito/dev/rotaract-connect/node_modules/react-native-maps/ios/AirMaps/AIRMapUrlTile.m:108:1: Writable atomic property 'opacity' cannot pair a synthesized getter with a user defined setter

CompileC /Users/jonahmicahinguito/Library/Developer/Xcode/DerivedData/rotaractconnect-cjwcbdlngckcsaantafkjnfzfbdk/Build/Intermediates.noindex/Pods.build/Debug-iphoneos/react-native-maps.build/Objects-normal/arm64/AIRMapOverlay.o /Users/jonahmicahinguito/dev/rotaract-connect/node_modules/react-native-maps/ios/AirMaps/AIRMapOverlay.m normal arm64 objective-c com.apple.compilers.llvm.clang.1_0.compiler (in target 'react-native-maps' from project 'Pods')
    cd /Users/jonahmicahinguito/dev/rotaract-connect/ios/Pods
    
    Using response file: /Users/jonahmicahinguito/Library/Developer/Xcode/DerivedData/rotaractconnect-cjwcbdlngckcsaantafkjnfzfbdk/Build/Intermediates.noindex/Pods.build/Debug-iphoneos/react-native-maps.build/Objects-normal/arm64/e6072d4f65d7061329687fe24e3d63a7-common-args.resp
    
    /Applications/Xcode.app/Contents/Developer/Toolchains/XcodeDefault.xctoolchain/usr/bin/clang -x objective-c -ivfsstatcache /Users/jonahmicahinguito/Library/Developer/Xcode/DerivedData/SDKStatCaches.noindex/iphoneos26.5-23F81a-32daed1954a7d5dd0789fcaf2a9bb78b.sdkstatcache -target arm64-apple-ios15.1 -fmessage-length\=0 -fdiagnostics-show-note-include-stack -fmacro-backtrace-limit\=0 -fno-color-diagnostics -fmodules-prune-interval\=86400 -fmodules-prune-after\=345600 -fbuild-session-file\=/Users/jonahmicahinguito/Library/Developer/Xcode/DerivedData/ModuleCache.noindex/Session.modulevalidation -fmodules-validate-once-per-build-session -Wnon-modular-include-in-framework-module -Werror\=non-modular-include-in-framework-module -Wno-trigraphs -Wno-missing-field-initializers -Wno-missing-prototypes -Werror\=return-type -Wdocumentation -Wunreachable-code -Wno-implicit-atomic-properties -Werror\=deprecated-objc-isa-usage -Wno-objc-interface-ivars -Werror\=objc-root-class -Wno-arc-repeated-use-of-weak -Wimplicit-retain-self -Wduplicate-method-match -Wno-missing-braces -Wparentheses -Wswitch -Wunused-function -Wno-unused-label -Wno-unused-parameter -Wunused-variable -Wunused-value -Wempty-body -Wuninitialized -Wconditional-uninitialized -Wno-unknown-pragmas -Wno-shadow -Wno-four-char-constants -Wno-conversion -Wconstant-conversion -Wint-conversion -Wbool-conversion -Wenum-conversion -Wno-float-conversion -Wnon-literal-null-conversion -Wobjc-literal-conversion -Wshorten-64-to-32 -Wpointer-sign -Wno-newline-eof -Wno-selector -Wno-strict-selector-match -Wundeclared-selector -Wdeprecated-implementations -Wno-implicit-fallthrough -isysroot /Applications/Xcode.app/Contents/Developer/Platforms/iPhoneOS.platform/Developer/SDKs/iPhoneOS26.5.sdk -fstrict-aliasing -Wprotocol -Wdeprecated-declarations -Wno-sign-conversion -Winfinite-recursion -Wcomma -Wblock-capture-autoreleasing -Wstrict-prototypes -Wno-semicolon-before-method-body -Wunguarded-availability -index-store-path /Users/jonahmicahinguito/Library/Developer/Xcode/DerivedData/rotaractconnect-cjwcbdlngckcsaantafkjnfzfbdk/Index.noindex/DataStore @/Users/jonahmicahinguito/Library/Developer/Xcode/DerivedData/rotaractconnect-cjwcbdlngckcsaantafkjnfzfbdk/Build/Intermediates.noindex/Pods.build/Debug-iphoneos/react-native-maps.build/Objects-normal/arm64/e6072d4f65d7061329687fe24e3d63a7-common-args.resp -DFOLLY_MOBILE\=1 -DFOLLY_USE_LIBCPP\=1 -DFOLLY_CFG_NO_COROUTINES\=1 -DFOLLY_HAVE_CLOCK_GETTIME\=1 -Wno-comma -Wno-shorten-64-to-32 -DRCT_NEW_ARCH_ENABLED\=1 -include /Users/jonahmicahinguito/dev/rotaract-connect/ios/Pods/Target\ Support\ Files/react-native-maps/react-native-maps-prefix.pch -MMD -MT dependencies -MF /Users/jonahmicahinguito/Library/Developer/Xcode/DerivedData/rotaractconnect-cjwcbdlngckcsaantafkjnfzfbdk/Build/Intermediates.noindex/Pods.build/Debug-iphoneos/react-native-maps.build/Objects-normal/arm64/AIRMapOverlay.d --serialize-diagnostics /Users/jonahmicahinguito/Library/Developer/Xcode/DerivedData/rotaractconnect-cjwcbdlngckcsaantafkjnfzfbdk/Build/Intermediates.noindex/Pods.build/Debug-iphoneos/react-native-maps.build/Objects-normal/arm64/AIRMapOverlay.dia -c /Users/jonahmicahinguito/dev/rotaract-connect/node_modules/react-native-maps/ios/AirMaps/AIRMapOverlay.m -o /Users/jonahmicahinguito/Library/Developer/Xcode/DerivedData/rotaractconnect-cjwcbdlngckcsaantafkjnfzfbdk/Build/Intermediates.noindex/Pods.build/Debug-iphoneos/react-native-maps.build/Objects-normal/arm64/AIRMapOverlay.o -index-unit-output-path /Pods.build/Debug-iphoneos/react-native-maps.build/Objects-normal/arm64/AIRMapOverlay.o

/Users/jonahmicahinguito/dev/rotaract-connect/node_modules/react-native-maps/ios/AirMaps/AIRMapOverlay.m:35:82: warning: null passed to a callee that requires a non-null argument [-Wnonnull]
   35 |                                                                    progressBlock:nil
      |                                                                                  ^~~
In module 'Foundation' imported from /Users/jonahmicahinguito/dev/rotaract-connect/node_modules/react-native-maps/ios/AirMaps/AIRMapCallout.h:6:
In module 'CoreFoundation' imported from /Applications/Xcode.app/Contents/Developer/Platforms/iPhoneOS.platform/Developer/SDKs/iPhoneOS.sdk/System/Library/Frameworks/Foundation.framework/Headers/Foundation.h:6:
In module 'Darwin' imported from /Applications/Xcode.app/Contents/Developer/Platforms/iPhoneOS.platform/Developer/SDKs/iPhoneOS26.5.sdk/System/Library/Frameworks/CoreFoundation.framework/Headers/CFBase.h:75:
/Applications/Xcode.app/Contents/Developer/Platforms/iPhoneOS.platform/Developer/SDKs/iPhoneOS.sdk/usr/include/MacTypes.h:96:19: note: expanded from macro 'nil'
   96 |       #define nil __DARWIN_NULL
      |                   ^~~~~~~~~~~~~
In module 'Foundation' imported from /Users/jonahmicahinguito/dev/rotaract-connect/node_modules/react-native-maps/ios/AirMaps/AIRMapCallout.h:6:
In module 'CoreFoundation' imported from /Applications/Xcode.app/Contents/Developer/Platforms/iPhoneOS.platform/Developer/SDKs/iPhoneOS.sdk/System/Library/Frameworks/Foundation.framework/Headers/Foundation.h:6:
In module '_DarwinFoundation2' imported from /Applications/Xcode.app/Contents/Developer/Platforms/iPhoneOS.platform/Developer/SDKs/iPhoneOS.sdk/System/Library/Frameworks/CoreFoundation.framework/Headers/CoreFoundation.h:18:
/Applications/Xcode.app/Contents/Developer/Platforms/iPhoneOS.platform/Developer/SDKs/iPhoneOS26.5.sdk/usr/include/sys/_types.h:52:23: note: expanded from macro '__DARWIN_NULL'
   52 | #define __DARWIN_NULL NULL
      |                       ^~~~
In module 'Foundation' imported from /Users/jonahmicahinguito/dev/rotaract-connect/node_modules/react-native-maps/ios/AirMaps/AIRMapCallout.h:6:
In module 'CoreFoundation' imported from /Applications/Xcode.app/Contents/Developer/Platforms/iPhoneOS.platform/Developer/SDKs/iPhoneOS.sdk/System/Library/Frameworks/Foundation.framework/Headers/Foundation.h:6:
In module '_DarwinFoundation2' imported from /Applications/Xcode.app/Contents/Developer/Platforms/iPhoneOS.platform/Developer/SDKs/iPhoneOS.sdk/System/Library/Frameworks/CoreFoundation.framework/Headers/CoreFoundation.h:18:
In module '_Builtin_stddef' imported from /Applications/Xcode.app/Contents/Developer/Toolchains/XcodeDefault.xctoolchain/usr/lib/clang/21/include/stddef.h:93:
/Applications/Xcode.app/Contents/Developer/Toolchains/XcodeDefault.xctoolchain/usr/lib/clang/21/include/__stddef_null.h:26:14: note: expanded from macro 'NULL'
   26 | #define NULL ((void*)0)
      |              ^~~~~~~~~~
/Users/jonahmicahinguito/dev/rotaract-connect/node_modules/react-native-maps/ios/AirMaps/AIRMapOverlay.m:36:82: warning: null passed to a callee that requires a non-null argument [-Wnonnull]
   36 |                                                                 partialLoadBlock:nil
      |                                                                                  ^~~
In module 'Foundation' imported from /Users/jonahmicahinguito/dev/rotaract-connect/node_modules/react-native-maps/ios/AirMaps/AIRMapCallout.h:6:
In module 'CoreFoundation' imported from /Applications/Xcode.app/Contents/Developer/Platforms/iPhoneOS.platform/Developer/SDKs/iPhoneOS.sdk/System/Library/Frameworks/Foundation.framework/Headers/Foundation.h:6:
In module 'Darwin' imported from /Applications/Xcode.app/Contents/Developer/Platforms/iPhoneOS.platform/Developer/SDKs/iPhoneOS26.5.sdk/System/Library/Frameworks/CoreFoundation.framework/Headers/CFBase.h:75:
/Applications/Xcode.app/Contents/Developer/Platforms/iPhoneOS.platform/Developer/SDKs/iPhoneOS.sdk/usr/include/MacTypes.h:96:19: note: expanded from macro 'nil'
   96 |       #define nil __DARWIN_NULL
      |                   ^~~~~~~~~~~~~
In module 'Foundation' imported from /Users/jonahmicahinguito/dev/rotaract-connect/node_modules/react-native-maps/ios/AirMaps/AIRMapCallout.h:6:
In module 'CoreFoundation' imported from /Applications/Xcode.app/Contents/Developer/Platforms/iPhoneOS.platform/Developer/SDKs/iPhoneOS.sdk/System/Library/Frameworks/Foundation.framework/Headers/Foundation.h:6:
In module '_DarwinFoundation2' imported from /Applications/Xcode.app/Contents/Developer/Platforms/iPhoneOS.platform/Developer/SDKs/iPhoneOS.sdk/System/Library/Frameworks/CoreFoundation.framework/Headers/CoreFoundation.h:18:
/Applications/Xcode.app/Contents/Developer/Platforms/iPhoneOS.platform/Developer/SDKs/iPhoneOS26.5.sdk/usr/include/sys/_types.h:52:23: note: expanded from macro '__DARWIN_NULL'
   52 | #define __DARWIN_NULL NULL
      |                       ^~~~
In module 'Foundation' imported from /Users/jonahmicahinguito/dev/rotaract-connect/node_modules/react-native-maps/ios/AirMaps/AIRMapCallout.h:6:
In module 'CoreFoundation' imported from /Applications/Xcode.app/Contents/Developer/Platforms/iPhoneOS.platform/Developer/SDKs/iPhoneOS.sdk/System/Library/Frameworks/Foundation.framework/Headers/Foundation.h:6:
In module '_DarwinFoundation2' imported from /Applications/Xcode.app/Contents/Developer/Platforms/iPhoneOS.platform/Developer/SDKs/iPhoneOS.sdk/System/Library/Frameworks/CoreFoundation.framework/Headers/CoreFoundation.h:18:
In module '_Builtin_stddef' imported from /Applications/Xcode.app/Contents/Developer/Toolchains/XcodeDefault.xctoolchain/usr/lib/clang/21/include/stddef.h:93:
/Applications/Xcode.app/Contents/Developer/Toolchains/XcodeDefault.xctoolchain/usr/lib/clang/21/include/__stddef_null.h:26:14: note: expanded from macro 'NULL'
   26 | #define NULL ((void*)0)
      |              ^~~~~~~~~~
2 warnings generated.

/Users/jonahmicahinguito/dev/rotaract-connect/node_modules/react-native-maps/ios/AirMaps/AIRMapOverlay.m:35:82: Null passed to a callee that requires a non-null argument

/Users/jonahmicahinguito/dev/rotaract-connect/node_modules/react-native-maps/ios/AirMaps/AIRMapOverlay.m:36:82: Null passed to a callee that requires a non-null argument

CompileC /Users/jonahmicahinguito/Library/Developer/Xcode/DerivedData/rotaractconnect-cjwcbdlngckcsaantafkjnfzfbdk/Build/Intermediates.noindex/Pods.build/Debug-iphoneos/react-native-maps.build/Objects-normal/arm64/AIRMapMarker.o /Users/jonahmicahinguito/dev/rotaract-connect/node_modules/react-native-maps/ios/AirMaps/AIRMapMarker.m normal arm64 objective-c com.apple.compilers.llvm.clang.1_0.compiler (in target 'react-native-maps' from project 'Pods')
    cd /Users/jonahmicahinguito/dev/rotaract-connect/ios/Pods
    
    Using response file: /Users/jonahmicahinguito/Library/Developer/Xcode/DerivedData/rotaractconnect-cjwcbdlngckcsaantafkjnfzfbdk/Build/Intermediates.noindex/Pods.build/Debug-iphoneos/react-native-maps.build/Objects-normal/arm64/e6072d4f65d7061329687fe24e3d63a7-common-args.resp
    
    /Applications/Xcode.app/Contents/Developer/Toolchains/XcodeDefault.xctoolchain/usr/bin/clang -x objective-c -ivfsstatcache /Users/jonahmicahinguito/Library/Developer/Xcode/DerivedData/SDKStatCaches.noindex/iphoneos26.5-23F81a-32daed1954a7d5dd0789fcaf2a9bb78b.sdkstatcache -target arm64-apple-ios15.1 -fmessage-length\=0 -fdiagnostics-show-note-include-stack -fmacro-backtrace-limit\=0 -fno-color-diagnostics -fmodules-prune-interval\=86400 -fmodules-prune-after\=345600 -fbuild-session-file\=/Users/jonahmicahinguito/Library/Developer/Xcode/DerivedData/ModuleCache.noindex/Session.modulevalidation -fmodules-validate-once-per-build-session -Wnon-modular-include-in-framework-module -Werror\=non-modular-include-in-framework-module -Wno-trigraphs -Wno-missing-field-initializers -Wno-missing-prototypes -Werror\=return-type -Wdocumentation -Wunreachable-code -Wno-implicit-atomic-properties -Werror\=deprecated-objc-isa-usage -Wno-objc-interface-ivars -Werror\=objc-root-class -Wno-arc-repeated-use-of-weak -Wimplicit-retain-self -Wduplicate-method-match -Wno-missing-braces -Wparentheses -Wswitch -Wunused-function -Wno-unused-label -Wno-unused-parameter -Wunused-variable -Wunused-value -Wempty-body -Wuninitialized -Wconditional-uninitialized -Wno-unknown-pragmas -Wno-shadow -Wno-four-char-constants -Wno-conversion -Wconstant-conversion -Wint-conversion -Wbool-conversion -Wenum-conversion -Wno-float-conversion -Wnon-literal-null-conversion -Wobjc-literal-conversion -Wshorten-64-to-32 -Wpointer-sign -Wno-newline-eof -Wno-selector -Wno-strict-selector-match -Wundeclared-selector -Wdeprecated-implementations -Wno-implicit-fallthrough -isysroot /Applications/Xcode.app/Contents/Developer/Platforms/iPhoneOS.platform/Developer/SDKs/iPhoneOS26.5.sdk -fstrict-aliasing -Wprotocol -Wdeprecated-declarations -Wno-sign-conversion -Winfinite-recursion -Wcomma -Wblock-capture-autoreleasing -Wstrict-prototypes -Wno-semicolon-before-method-body -Wunguarded-availability -index-store-path /Users/jonahmicahinguito/Library/Developer/Xcode/DerivedData/rotaractconnect-cjwcbdlngckcsaantafkjnfzfbdk/Index.noindex/DataStore @/Users/jonahmicahinguito/Library/Developer/Xcode/DerivedData/rotaractconnect-cjwcbdlngckcsaantafkjnfzfbdk/Build/Intermediates.noindex/Pods.build/Debug-iphoneos/react-native-maps.build/Objects-normal/arm64/e6072d4f65d7061329687fe24e3d63a7-common-args.resp -DFOLLY_MOBILE\=1 -DFOLLY_USE_LIBCPP\=1 -DFOLLY_CFG_NO_COROUTINES\=1 -DFOLLY_HAVE_CLOCK_GETTIME\=1 -Wno-comma -Wno-shorten-64-to-32 -DRCT_NEW_ARCH_ENABLED\=1 -include /Users/jonahmicahinguito/dev/rotaract-connect/ios/Pods/Target\ Support\ Files/react-native-maps/react-native-maps-prefix.pch -MMD -MT dependencies -MF /Users/jonahmicahinguito/Library/Developer/Xcode/DerivedData/rotaractconnect-cjwcbdlngckcsaantafkjnfzfbdk/Build/Intermediates.noindex/Pods.build/Debug-iphoneos/react-native-maps.build/Objects-normal/arm64/AIRMapMarker.d --serialize-diagnostics /Users/jonahmicahinguito/Library/Developer/Xcode/DerivedData/rotaractconnect-cjwcbdlngckcsaantafkjnfzfbdk/Build/Intermediates.noindex/Pods.build/Debug-iphoneos/react-native-maps.build/Objects-normal/arm64/AIRMapMarker.dia -c /Users/jonahmicahinguito/dev/rotaract-connect/node_modules/react-native-maps/ios/AirMaps/AIRMapMarker.m -o /Users/jonahmicahinguito/Library/Developer/Xcode/DerivedData/rotaractconnect-cjwcbdlngckcsaantafkjnfzfbdk/Build/Intermediates.noindex/Pods.build/Debug-iphoneos/react-native-maps.build/Objects-normal/arm64/AIRMapMarker.o -index-unit-output-path /Pods.build/Debug-iphoneos/react-native-maps.build/Objects-normal/arm64/AIRMapMarker.o

/Users/jonahmicahinguito/dev/rotaract-connect/node_modules/react-native-maps/ios/AirMaps/AIRMapMarker.m:80:26: warning: sending '__strong id<RCTComponent>' to parameter of incompatible type 'UIView * _Nonnull'
   80 |         [self addSubview:subview];
      |                          ^~~~~~~
In module 'UIKit' imported from /Users/jonahmicahinguito/dev/rotaract-connect/ios/Pods/Target Support Files/react-native-maps/react-native-maps-prefix.pch:2:
/Applications/Xcode.app/Contents/Developer/Platforms/iPhoneOS.platform/Developer/SDKs/iPhoneOS26.5.sdk/System/Library/Frameworks/UIKit.framework/Headers/UIView.h:233:30: note: passing argument to parameter 'view' here
  233 | - (void)addSubview:(UIView *)view;
      |                              ^
/Users/jonahmicahinguito/dev/rotaract-connect/node_modules/react-native-maps/ios/AirMaps/AIRMapMarker.m:257:65: warning: 'windows' is deprecated: first deprecated in iOS 15.0 - Use UIWindowScene.windows on a relevant window scene instead [-Wdeprecated-declarations]
  257 |             UIWindow* win = [[[UIApplication sharedApplication] windows] firstObject];
      |                                                                 ^
In module 'UIKit' imported from /Users/jonahmicahinguito/dev/rotaract-connect/ios/Pods/Target Support Files/react-native-maps/react-native-maps-prefix.pch:2:
/Applications/Xcode.app/Contents/Developer/Platforms/iPhoneOS.platform/Developer/SDKs/iPhoneOS26.5.sdk/System/Library/Frameworks/UIKit.framework/Headers/UIApplication.h:109:62: note: property 'windows' is declared deprecated here
  109 | @property(nonatomic,readonly) NSArray<__kindof UIWindow *>  *windows API_DEPRECATED("Use UIWindowScene.windows on a relevant window scene instead", ios(2.0, 15.0), visionos(1.0, 1.0)) API_UNAVAILABLE(watchos);
      |                                                              ^
/Applications/Xcode.app/Contents/Developer/Platforms/iPhoneOS.platform/Developer/SDKs/iPhoneOS26.5.sdk/System/Library/Frameworks/UIKit.framework/Headers/UIApplication.h:109:62: note: 'windows' has been explicitly marked deprecated here
/Users/jonahmicahinguito/dev/rotaract-connect/node_modules/react-native-maps/ios/AirMaps/AIRMapMarker.m:376:119: warning: null passed to a callee that requires a non-null argument [-Wnonnull]
  376 |                                                                                                         progressBlock:nil
      |                                                                                                                       ^~~
In module 'Foundation' imported from /Users/jonahmicahinguito/dev/rotaract-connect/node_modules/react-native-maps/ios/AirMaps/AIRMapCallout.h:6:
In module 'CoreFoundation' imported from /Applications/Xcode.app/Contents/Developer/Platforms/iPhoneOS.platform/Developer/SDKs/iPhoneOS.sdk/System/Library/Frameworks/Foundation.framework/Headers/Foundation.h:6:
In module 'Darwin' imported from /Applications/Xcode.app/Contents/Developer/Platforms/iPhoneOS.platform/Developer/SDKs/iPhoneOS26.5.sdk/System/Library/Frameworks/CoreFoundation.framework/Headers/CFBase.h:75:
/Applications/Xcode.app/Contents/Developer/Platforms/iPhoneOS.platform/Developer/SDKs/iPhoneOS.sdk/usr/include/MacTypes.h:96:19: note: expanded from macro 'nil'
   96 |       #define nil __DARWIN_NULL
      |                   ^~~~~~~~~~~~~
In module 'Foundation' imported from /Users/jonahmicahinguito/dev/rotaract-connect/node_modules/react-native-maps/ios/AirMaps/AIRMapCallout.h:6:
In module 'CoreFoundation' imported from /Applications/Xcode.app/Contents/Developer/Platforms/iPhoneOS.platform/Developer/SDKs/iPhoneOS.sdk/System/Library/Frameworks/Foundation.framework/Headers/Foundation.h:6:
In module '_DarwinFoundation2' imported from /Applications/Xcode.app/Contents/Developer/Platforms/iPhoneOS.platform/Developer/SDKs/iPhoneOS.sdk/System/Library/Frameworks/CoreFoundation.framework/Headers/CoreFoundation.h:18:
/Applications/Xcode.app/Contents/Developer/Platforms/iPhoneOS.platform/Developer/SDKs/iPhoneOS26.5.sdk/usr/include/sys/_types.h:52:23: note: expanded from macro '__DARWIN_NULL'
   52 | #define __DARWIN_NULL NULL
      |                       ^~~~
In module 'Foundation' imported from /Users/jonahmicahinguito/dev/rotaract-connect/node_modules/react-native-maps/ios/AirMaps/AIRMapCallout.h:6:
In module 'CoreFoundation' imported from /Applications/Xcode.app/Contents/Developer/Platforms/iPhoneOS.platform/Developer/SDKs/iPhoneOS.sdk/System/Library/Frameworks/Foundation.framework/Headers/Foundation.h:6:
In module '_DarwinFoundation2' imported from /Applications/Xcode.app/Contents/Developer/Platforms/iPhoneOS.platform/Developer/SDKs/iPhoneOS.sdk/System/Library/Frameworks/CoreFoundation.framework/Headers/CoreFoundation.h:18:
In module '_Builtin_stddef' imported from /Applications/Xcode.app/Contents/Developer/Toolchains/XcodeDefault.xctoolchain/usr/lib/clang/21/include/stddef.h:93:
/Applications/Xcode.app/Contents/Developer/Toolchains/XcodeDefault.xctoolchain/usr/lib/clang/21/include/__stddef_null.h:26:14: note: expanded from macro 'NULL'
   26 | #define NULL ((void*)0)
      |              ^~~~~~~~~~
/Users/jonahmicahinguito/dev/rotaract-connect/node_modules/react-native-maps/ios/AirMaps/AIRMapMarker.m:377:119: warning: null passed to a callee that requires a non-null argument [-Wnonnull]
  377 |                                                                                                      partialLoadBlock:nil
      |                                                                                                                       ^~~
In module 'Foundation' imported from /Users/jonahmicahinguito/dev/rotaract-connect/node_modules/react-native-maps/ios/AirMaps/AIRMapCallout.h:6:
In module 'CoreFoundation' imported from /Applications/Xcode.app/Contents/Developer/Platforms/iPhoneOS.platform/Developer/SDKs/iPhoneOS.sdk/System/Library/Frameworks/Foundation.framework/Headers/Foundation.h:6:
In module 'Darwin' imported from /Applications/Xcode.app/Contents/Developer/Platforms/iPhoneOS.platform/Developer/SDKs/iPhoneOS26.5.sdk/System/Library/Frameworks/CoreFoundation.framework/Headers/CFBase.h:75:
/Applications/Xcode.app/Contents/Developer/Platforms/iPhoneOS.platform/Developer/SDKs/iPhoneOS.sdk/usr/include/MacTypes.h:96:19: note: expanded from macro 'nil'
   96 |       #define nil __DARWIN_NULL
      |                   ^~~~~~~~~~~~~
In module 'Foundation' imported from /Users/jonahmicahinguito/dev/rotaract-connect/node_modules/react-native-maps/ios/AirMaps/AIRMapCallout.h:6:
In module 'CoreFoundation' imported from /Applications/Xcode.app/Contents/Developer/Platforms/iPhoneOS.platform/Developer/SDKs/iPhoneOS.sdk/System/Library/Frameworks/Foundation.framework/Headers/Foundation.h:6:
In module '_DarwinFoundation2' imported from /Applications/Xcode.app/Contents/Developer/Platforms/iPhoneOS.platform/Developer/SDKs/iPhoneOS.sdk/System/Library/Frameworks/CoreFoundation.framework/Headers/CoreFoundation.h:18:
/Applications/Xcode.app/Contents/Developer/Platforms/iPhoneOS.platform/Developer/SDKs/iPhoneOS26.5.sdk/usr/include/sys/_types.h:52:23: note: expanded from macro '__DARWIN_NULL'
   52 | #define __DARWIN_NULL NULL
      |                       ^~~~
In module 'Foundation' imported from /Users/jonahmicahinguito/dev/rotaract-connect/node_modules/react-native-maps/ios/AirMaps/AIRMapCallout.h:6:
In module 'CoreFoundation' imported from /Applications/Xcode.app/Contents/Developer/Platforms/iPhoneOS.platform/Developer/SDKs/iPhoneOS.sdk/System/Library/Frameworks/Foundation.framework/Headers/Foundation.h:6:
In module '_DarwinFoundation2' imported from /Applications/Xcode.app/Contents/Developer/Platforms/iPhoneOS.platform/Developer/SDKs/iPhoneOS.sdk/System/Library/Frameworks/CoreFoundation.framework/Headers/CoreFoundation.h:18:
In module '_Builtin_stddef' imported from /Applications/Xcode.app/Contents/Developer/Toolchains/XcodeDefault.xctoolchain/usr/lib/clang/21/include/stddef.h:93:
/Applications/Xcode.app/Contents/Developer/Toolchains/XcodeDefault.xctoolchain/usr/lib/clang/21/include/__stddef_null.h:26:14: note: expanded from macro 'NULL'
   26 | #define NULL ((void*)0)
      |              ^~~~~~~~~~
4 warnings generated.

/Users/jonahmicahinguito/dev/rotaract-connect/node_modules/react-native-maps/ios/AirMaps/AIRMapMarker.m:80:26: Sending '__strong id<RCTComponent>' to parameter of incompatible type 'UIView * _Nonnull'

/Users/jonahmicahinguito/dev/rotaract-connect/node_modules/react-native-maps/ios/AirMaps/AIRMapMarker.m:257:65: 'windows' is deprecated: first deprecated in iOS 15.0 - Use UIWindowScene.windows on a relevant window scene instead

/Users/jonahmicahinguito/dev/rotaract-connect/node_modules/react-native-maps/ios/AirMaps/AIRMapMarker.m:376:119: Null passed to a callee that requires a non-null argument

/Users/jonahmicahinguito/dev/rotaract-connect/node_modules/react-native-maps/ios/AirMaps/AIRMapMarker.m:377:119: Null passed to a callee that requires a non-null argument

CompileC /Users/jonahmicahinguito/Library/Developer/Xcode/DerivedData/rotaractconnect-cjwcbdlngckcsaantafkjnfzfbdk/Build/Intermediates.noindex/Pods.build/Debug-iphoneos/react-native-maps.build/Objects-normal/arm64/AIRMapManager.o /Users/jonahmicahinguito/dev/rotaract-connect/node_modules/react-native-maps/ios/AirMaps/AIRMapManager.m normal arm64 objective-c com.apple.compilers.llvm.clang.1_0.compiler (in target 'react-native-maps' from project 'Pods')
    cd /Users/jonahmicahinguito/dev/rotaract-connect/ios/Pods
    
    Using response file: /Users/jonahmicahinguito/Library/Developer/Xcode/DerivedData/rotaractconnect-cjwcbdlngckcsaantafkjnfzfbdk/Build/Intermediates.noindex/Pods.build/Debug-iphoneos/react-native-maps.build/Objects-normal/arm64/e6072d4f65d7061329687fe24e3d63a7-common-args.resp
    
    /Applications/Xcode.app/Contents/Developer/Toolchains/XcodeDefault.xctoolchain/usr/bin/clang -x objective-c -ivfsstatcache /Users/jonahmicahinguito/Library/Developer/Xcode/DerivedData/SDKStatCaches.noindex/iphoneos26.5-23F81a-32daed1954a7d5dd0789fcaf2a9bb78b.sdkstatcache -target arm64-apple-ios15.1 -fmessage-length\=0 -fdiagnostics-show-note-include-stack -fmacro-backtrace-limit\=0 -fno-color-diagnostics -fmodules-prune-interval\=86400 -fmodules-prune-after\=345600 -fbuild-session-file\=/Users/jonahmicahinguito/Library/Developer/Xcode/DerivedData/ModuleCache.noindex/Session.modulevalidation -fmodules-validate-once-per-build-session -Wnon-modular-include-in-framework-module -Werror\=non-modular-include-in-framework-module -Wno-trigraphs -Wno-missing-field-initializers -Wno-missing-prototypes -Werror\=return-type -Wdocumentation -Wunreachable-code -Wno-implicit-atomic-properties -Werror\=deprecated-objc-isa-usage -Wno-objc-interface-ivars -Werror\=objc-root-class -Wno-arc-repeated-use-of-weak -Wimplicit-retain-self -Wduplicate-method-match -Wno-missing-braces -Wparentheses -Wswitch -Wunused-function -Wno-unused-label -Wno-unused-parameter -Wunused-variable -Wunused-value -Wempty-body -Wuninitialized -Wconditional-uninitialized -Wno-unknown-pragmas -Wno-shadow -Wno-four-char-constants -Wno-conversion -Wconstant-conversion -Wint-conversion -Wbool-conversion -Wenum-conversion -Wno-float-conversion -Wnon-literal-null-conversion -Wobjc-literal-conversion -Wshorten-64-to-32 -Wpointer-sign -Wno-newline-eof -Wno-selector -Wno-strict-selector-match -Wundeclared-selector -Wdeprecated-implementations -Wno-implicit-fallthrough -isysroot /Applications/Xcode.app/Contents/Developer/Platforms/iPhoneOS.platform/Developer/SDKs/iPhoneOS26.5.sdk -fstrict-aliasing -Wprotocol -Wdeprecated-declarations -Wno-sign-conversion -Winfinite-recursion -Wcomma -Wblock-capture-autoreleasing -Wstrict-prototypes -Wno-semicolon-before-method-body -Wunguarded-availability -index-store-path /Users/jonahmicahinguito/Library/Developer/Xcode/DerivedData/rotaractconnect-cjwcbdlngckcsaantafkjnfzfbdk/Index.noindex/DataStore @/Users/jonahmicahinguito/Library/Developer/Xcode/DerivedData/rotaractconnect-cjwcbdlngckcsaantafkjnfzfbdk/Build/Intermediates.noindex/Pods.build/Debug-iphoneos/react-native-maps.build/Objects-normal/arm64/e6072d4f65d7061329687fe24e3d63a7-common-args.resp -DFOLLY_MOBILE\=1 -DFOLLY_USE_LIBCPP\=1 -DFOLLY_CFG_NO_COROUTINES\=1 -DFOLLY_HAVE_CLOCK_GETTIME\=1 -Wno-comma -Wno-shorten-64-to-32 -DRCT_NEW_ARCH_ENABLED\=1 -include /Users/jonahmicahinguito/dev/rotaract-connect/ios/Pods/Target\ Support\ Files/react-native-maps/react-native-maps-prefix.pch -MMD -MT dependencies -MF /Users/jonahmicahinguito/Library/Developer/Xcode/DerivedData/rotaractconnect-cjwcbdlngckcsaantafkjnfzfbdk/Build/Intermediates.noindex/Pods.build/Debug-iphoneos/react-native-maps.build/Objects-normal/arm64/AIRMapManager.d --serialize-diagnostics /Users/jonahmicahinguito/Library/Developer/Xcode/DerivedData/rotaractconnect-cjwcbdlngckcsaantafkjnfzfbdk/Build/Intermediates.noindex/Pods.build/Debug-iphoneos/react-native-maps.build/Objects-normal/arm64/AIRMapManager.dia -c /Users/jonahmicahinguito/dev/rotaract-connect/node_modules/react-native-maps/ios/AirMaps/AIRMapManager.m -o /Users/jonahmicahinguito/Library/Developer/Xcode/DerivedData/rotaractconnect-cjwcbdlngckcsaantafkjnfzfbdk/Build/Intermediates.noindex/Pods.build/Debug-iphoneos/react-native-maps.build/Objects-normal/arm64/AIRMapManager.o -index-unit-output-path /Pods.build/Debug-iphoneos/react-native-maps.build/Objects-normal/arm64/AIRMapManager.o

/Users/jonahmicahinguito/dev/rotaract-connect/node_modules/react-native-maps/ios/AirMaps/AIRMapManager.m:42:17: warning: method definition for 'zoomLevel:' not found [-Wincomplete-implementation]
   42 | @implementation AIRMapManager{
      |                 ^
In file included from /Users/jonahmicahinguito/dev/rotaract-connect/node_modules/react-native-maps/ios/AirMaps/AIRMapManager.m:10:
/Users/jonahmicahinguito/dev/rotaract-connect/node_modules/react-native-maps/ios/AirMaps/AIRMapManager.h:27:1: note: method 'zoomLevel:' declared here
   27 | - (double) zoomLevel:(AIRMap *)mapView;
      | ^
1 warning generated.

/Users/jonahmicahinguito/dev/rotaract-connect/node_modules/react-native-maps/ios/AirMaps/AIRMapManager.m:42:17: Method definition for 'zoomLevel:' not found

Libtool /Users/jonahmicahinguito/Library/Developer/Xcode/DerivedData/rotaractconnect-cjwcbdlngckcsaantafkjnfzfbdk/Build/Products/Debug-iphoneos/react-native-maps/libreact-native-maps.a normal (in target 'react-native-maps' from project 'Pods')
    cd /Users/jonahmicahinguito/dev/rotaract-connect/ios/Pods
    /Applications/Xcode.app/Contents/Developer/Toolchains/XcodeDefault.xctoolchain/usr/bin/libtool -static -arch_only arm64 -D -syslibroot /Applications/Xcode.app/Contents/Developer/Platforms/iPhoneOS.platform/Developer/SDKs/iPhoneOS26.5.sdk -L/Users/jonahmicahinguito/Library/Developer/Xcode/DerivedData/rotaractconnect-cjwcbdlngckcsaantafkjnfzfbdk/Build/Products/Debug-iphoneos/react-native-maps -filelist /Users/jonahmicahinguito/Library/Developer/Xcode/DerivedData/rotaractconnect-cjwcbdlngckcsaantafkjnfzfbdk/Build/Intermediates.noindex/Pods.build/Debug-iphoneos/react-native-maps.build/Objects-normal/arm64/react-native-maps.LinkFileList -dependency_info /Users/jonahmicahinguito/Library/Developer/Xcode/DerivedData/rotaractconnect-cjwcbdlngckcsaantafkjnfzfbdk/Build/Intermediates.noindex/Pods.build/Debug-iphoneos/react-native-maps.build/Objects-normal/arm64/react-native-maps_libtool_dependency_info.dat -o /Users/jonahmicahinguito/Library/Developer/Xcode/DerivedData/rotaractconnect-cjwcbdlngckcsaantafkjnfzfbdk/Build/Products/Debug-iphoneos/react-native-maps/libreact-native-maps.a

libtool: warning: 'States.o' has no symbols
libtool: warning: 'UIView+AirMap.o' has no symbols

'States.o' has no symbols

'UIView+AirMap.o' has no symbols


Build target expo-dev-menu of project Pods with configuration Debug

SwiftCompile normal arm64 Compiling\ DevMenuButtons.swift,\ DevMenuColors.swift,\ DevMenuDeveloperTools.swift,\ DevMenuDevOptionsDelegate.swift /Users/jonahmicahinguito/dev/rotaract-connect/node_modules/expo-dev-menu/ios/SwiftUI/DevMenuButtons.swift /Users/jonahmicahinguito/dev/rotaract-connect/node_modules/expo-dev-menu/ios/SwiftUI/DevMenuColors.swift /Users/jonahmicahinguito/dev/rotaract-connect/node_modules/expo-dev-menu/ios/SwiftUI/DevMenuDeveloperTools.swift /Users/jonahmicahinguito/dev/rotaract-connect/node_modules/expo-dev-menu/ios/DevMenuDevOptionsDelegate.swift (in target 'expo-dev-menu' from project 'Pods')

SwiftCompile normal arm64 /Users/jonahmicahinguito/dev/rotaract-connect/node_modules/expo-dev-menu/ios/SwiftUI/DevMenuButtons.swift (in target 'expo-dev-menu' from project 'Pods')
    cd /Users/jonahmicahinguito/dev/rotaract-connect/ios/Pods
    

<module-includes>:1:9: note: in file included from <module-includes>:1:
#import "ExpoModulesCore-umbrella.h"
        ^
/Users/jonahmicahinguito/Library/Developer/Xcode/DerivedData/rotaractconnect-cjwcbdlngckcsaantafkjnfzfbdk/Build/Products/Debug-iphoneos/ExpoModulesCore/ExpoModulesCore-umbrella.h:19:9: note: in file included from /Users/jonahmicahinguito/Library/Developer/Xcode/DerivedData/rotaractconnect-cjwcbdlngckcsaantafkjnfzfbdk/Build/Products/Debug-iphoneos/ExpoModulesCore/ExpoModulesCore-umbrella.h:19:
#import "ExpoModulesCore/ExpoModulesCore.h"
        ^
/Users/jonahmicahinguito/dev/rotaract-connect/ios/Pods/Headers/Public/ExpoModulesCore/ExpoModulesCore/ExpoModulesCore.h:16:9: note: in file included from /Users/jonahmicahinguito/dev/rotaract-connect/ios/Pods/Headers/Public/ExpoModulesCore/ExpoModulesCore/ExpoModulesCore.h:16:
#import <ExpoModulesCore/EXFilePermissionModuleInterface.h>
        ^
/Users/jonahmicahinguito/dev/rotaract-connect/ios/Pods/Headers/Public/ExpoModulesCore/ExpoModulesCore/EXFilePermissionModuleInterface.h:3:9: note: in file included from /Users/jonahmicahinguito/dev/rotaract-connect/ios/Pods/Headers/Public/ExpoModulesCore/ExpoModulesCore/EXFilePermissionModuleInterface.h:3:
#import <ExpoModulesCore/EXFileSystemInterface.h>
        ^
/Users/jonahmicahinguito/dev/rotaract-connect/ios/Pods/Headers/Public/ExpoModulesCore/ExpoModulesCore/EXFileSystemInterface.h:14:42: warning: pointer is missing a nullability type specifier (_Nonnull, _Nullable, or _Null_unspecified)
@property (nonatomic, readonly) NSString *documentDirectory;
                                         ^
/Users/jonahmicahinguito/dev/rotaract-connect/ios/Pods/Headers/Public/ExpoModulesCore/ExpoModulesCore/EXFileSystemInterface.h:14:42: note: insert '_Nullable' if the pointer may be null
@property (nonatomic, readonly) NSString *documentDirectory;
                                         ^
/Users/jonahmicahinguito/dev/rotaract-connect/ios/Pods/Headers/Public/ExpoModulesCore/ExpoModulesCore/EXFileSystemInterface.h:14:42: note: insert '_Nonnull' if the pointer should never be null
@property (nonatomic, readonly) NSString *documentDirectory;
                                         ^
<module-includes>:1:9: note: in file included from <module-includes>:1:
#import "ExpoModulesCore-umbrella.h"
        ^
/Users/jonahmicahinguito/Library/Developer/Xcode/DerivedData/rotaractconnect-cjwcbdlngckcsaantafkjnfzfbdk/Build/Products/Debug-iphoneos/ExpoModulesCore/ExpoModulesCore-umbrella.h:19:9: note: in file included from /Users/jonahmicahinguito/Library/Developer/Xcode/DerivedData/rotaractconnect-cjwcbdlngckcsaantafkjnfzfbdk/Build/Products/Debug-iphoneos/ExpoModulesCore/ExpoModulesCore-umbrella.h:19:
#import "ExpoModulesCore/ExpoModulesCore.h"
        ^
/Users/jonahmicahinguito/dev/rotaract-connect/ios/Pods/Headers/Public/ExpoModulesCore/ExpoModulesCore/ExpoModulesCore.h:16:9: note: in file included from /Users/jonahmicahinguito/dev/rotaract-connect/ios/Pods/Headers/Public/ExpoModulesCore/ExpoModulesCore/ExpoModulesCore.h:16:
#import <ExpoModulesCore/EXFilePermissionModuleInterface.h>
        ^
/Users/jonahmicahinguito/dev/rotaract-connect/ios/Pods/Headers/Public/ExpoModulesCore/ExpoModulesCore/EXFilePermissionModuleInterface.h:3:9: note: in file included from /Users/jonahmicahinguito/dev/rotaract-connect/ios/Pods/Headers/Public/ExpoModulesCore/ExpoModulesCore/EXFilePermissionModuleInterface.h:3:
#import <ExpoModulesCore/EXFileSystemInterface.h>
        ^
/Users/jonahmicahinguito/dev/rotaract-connect/ios/Pods/Headers/Public/ExpoModulesCore/ExpoModulesCore/EXFileSystemInterface.h:20:57: warning: pointer is missing a nullability type specifier (_Nonnull, _Nullable, or _Null_unspecified)
- (nonnull NSString *)generatePathInDirectory:(NSString *)directory withExtension:(NSString *)extension;
                                                        ^
/Users/jonahmicahinguito/dev/rotaract-connect/ios/Pods/Headers/Public/ExpoModulesCore/ExpoModulesCore/EXFileSystemInterface.h:20:57: note: insert '_Nullable' if the pointer may be null
- (nonnull NSString *)generatePathInDirectory:(NSString *)directory withExtension:(NSString *)extension;
                                                        ^
/Users/jonahmicahinguito/dev/rotaract-connect/ios/Pods/Headers/Public/ExpoModulesCore/ExpoModulesCore/EXFileSystemInterface.h:20:57: note: insert '_Nonnull' if the pointer should never be null
- (nonnull NSString *)generatePathInDirectory:(NSString *)directory withExtension:(NSString *)extension;
                                                        ^
<module-includes>:1:9: note: in file included from <module-includes>:1:
#import "ExpoModulesCore-umbrella.h"
        ^
/Users/jonahmicahinguito/Library/Developer/Xcode/DerivedData/rotaractconnect-cjwcbdlngckcsaantafkjnfzfbdk/Build/Products/Debug-iphoneos/ExpoModulesCore/ExpoModulesCore-umbrella.h:19:9: note: in file included from /Users/jonahmicahinguito/Library/Developer/Xcode/DerivedData/rotaractconnect-cjwcbdlngckcsaantafkjnfzfbdk/Build/Products/Debug-iphoneos/ExpoModulesCore/ExpoModulesCore-umbrella.h:19:
#import "ExpoModulesCore/ExpoModulesCore.h"
        ^
/Users/jonahmicahinguito/dev/rotaract-connect/ios/Pods/Headers/Public/ExpoModulesCore/ExpoModulesCore/ExpoModulesCore.h:16:9: note: in file included from /Users/jonahmicahinguito/dev/rotaract-connect/ios/Pods/Headers/Public/ExpoModulesCore/ExpoModulesCore/ExpoModulesCore.h:16:
#import <ExpoModulesCore/EXFilePermissionModuleInterface.h>
        ^
/Users/jonahmicahinguito/dev/rotaract-connect/ios/Pods/Headers/Public/ExpoModulesCore/ExpoModulesCore/EXFilePermissionModuleInterface.h:3:9: note: in file included from /Users/jonahmicahinguito/dev/rotaract-connect/ios/Pods/Headers/Public/ExpoModulesCore/ExpoModulesCore/EXFilePermissionModuleInterface.h:3:
#import <ExpoModulesCore/EXFileSystemInterface.h>
        ^
/Users/jonahmicahinguito/dev/rotaract-connect/ios/Pods/Headers/Public/ExpoModulesCore/ExpoModulesCore/EXFileSystemInterface.h:20:93: warning: pointer is missing a nullability type specifier (_Nonnull, _Nullable, or _Null_unspecified)
- (nonnull NSString *)generatePathInDirectory:(NSString *)directory withExtension:(NSString *)extension;
                                                                                            ^
/Users/jonahmicahinguito/dev/rotaract-connect/ios/Pods/Headers/Public/ExpoModulesCore/ExpoModulesCore/EXFileSystemInterface.h:20:93: note: insert '_Nullable' if the pointer may be null
- (nonnull NSString *)generatePathInDirectory:(NSString *)directory withExtension:(NSString *)extension;
                                                                                            ^
/Users/jonahmicahinguito/dev/rotaract-connect/ios/Pods/Headers/Public/ExpoModulesCore/ExpoModulesCore/EXFileSystemInterface.h:20:93: note: insert '_Nonnull' if the pointer should never be null
- (nonnull NSString *)generatePathInDirectory:(NSString *)directory withExtension:(NSString *)extension;
                                                                                            ^
<module-includes>:1:9: note: in file included from <module-includes>:1:
#import "ExpoModulesCore-umbrella.h"
        ^
/Users/jonahmicahinguito/Library/Developer/Xcode/DerivedData/rotaractconnect-cjwcbdlngckcsaantafkjnfzfbdk/Build/Products/Debug-iphoneos/ExpoModulesCore/ExpoModulesCore-umbrella.h:19:9: note: in file included from /Users/jonahmicahinguito/Library/Developer/Xcode/DerivedData/rotaractconnect-cjwcbdlngckcsaantafkjnfzfbdk/Build/Products/Debug-iphoneos/ExpoModulesCore/ExpoModulesCore-umbrella.h:19:
#import "ExpoModulesCore/ExpoModulesCore.h"
        ^
/Users/jonahmicahinguito/dev/rotaract-connect/ios/Pods/Headers/Public/ExpoModulesCore/ExpoModulesCore/ExpoModulesCore.h:16:9: note: in file included from /Users/jonahmicahinguito/dev/rotaract-connect/ios/Pods/Headers/Public/ExpoModulesCore/ExpoModulesCore/ExpoModulesCore.h:16:
#import <ExpoModulesCore/EXFilePermissionModuleInterface.h>
        ^
/Users/jonahmicahinguito/dev/rotaract-connect/ios/Pods/Headers/Public/ExpoModulesCore/ExpoModulesCore/EXFilePermissionModuleInterface.h:3:9: note: in file included from /Users/jonahmicahinguito/dev/rotaract-connect/ios/Pods/Headers/Public/ExpoModulesCore/ExpoModulesCore/EXFilePermissionModuleInterface.h:3:
#import <ExpoModulesCore/EXFileSystemInterface.h>
        ^
/Users/jonahmicahinguito/dev/rotaract-connect/ios/Pods/Headers/Public/ExpoModulesCore/ExpoModulesCore/EXFileSystemInterface.h:21:43: warning: pointer is missing a nullability type specifier (_Nonnull, _Nullable, or _Null_unspecified)
- (BOOL)ensureDirExistsWithPath:(NSString *)path;
                                          ^
/Users/jonahmicahinguito/dev/rotaract-connect/ios/Pods/Headers/Public/ExpoModulesCore/ExpoModulesCore/EXFileSystemInterface.h:21:43: note: insert '_Nullable' if the pointer may be null
- (BOOL)ensureDirExistsWithPath:(NSString *)path;
                                          ^
/Users/jonahmicahinguito/dev/rotaract-connect/ios/Pods/Headers/Public/ExpoModulesCore/ExpoModulesCore/EXFileSystemInterface.h:21:43: note: insert '_Nonnull' if the pointer should never be null
- (BOOL)ensureDirExistsWithPath:(NSString *)path;
                                          ^
<module-includes>:1:9: note: in file included from <module-includes>:1:
#import "ExpoModulesCore-umbrella.h"
        ^
/Users/jonahmicahinguito/Library/Developer/Xcode/DerivedData/rotaractconnect-cjwcbdlngckcsaantafkjnfzfbdk/Build/Products/Debug-iphoneos/ExpoModulesCore/ExpoModulesCore-umbrella.h:19:9: note: in file included from /Users/jonahmicahinguito/Library/Developer/Xcode/DerivedData/rotaractconnect-cjwcbdlngckcsaantafkjnfzfbdk/Build/Products/Debug-iphoneos/ExpoModulesCore/ExpoModulesCore-umbrella.h:19:
#import "ExpoModulesCore/ExpoModulesCore.h"
        ^
/Users/jonahmicahinguito/dev/rotaract-connect/ios/Pods/Headers/Public/ExpoModulesCore/ExpoModulesCore/ExpoModulesCore.h:42:9: note: in file included from /Users/jonahmicahinguito/dev/rotaract-connect/ios/Pods/Headers/Public/ExpoModulesCore/ExpoModulesCore/ExpoModulesCore.h:42:
#import <ExpoModulesCore/EXModuleRegistryHolderReactModule.h>
        ^
/Users/jonahmicahinguito/dev/rotaract-connect/ios/Pods/Headers/Public/ExpoModulesCore/ExpoModulesCore/EXModuleRegistryHolderReactModule.h:7:58: warning: cannot find protocol definition for 'RCTBridgeModule'
@interface EXModuleRegistryHolderReactModule : NSObject <RCTBridgeModule>
                                                         ^
/Users/jonahmicahinguito/dev/rotaract-connect/ios/Pods/Headers/Public/ExpoModulesCore/ExpoModulesCore/EXModuleRegistryHolderReactModule.h:3:11: note: protocol 'RCTBridgeModule' has no definition
@protocol RCTBridgeModule;
          ^

/Users/jonahmicahinguito/dev/rotaract-connect/ios/Pods/<module-includes>:1:9: In file included from <module-includes>:1:

/Users/jonahmicahinguito/Library/Developer/Xcode/DerivedData/rotaractconnect-cjwcbdlngckcsaantafkjnfzfbdk/Build/Products/Debug-iphoneos/ExpoModulesCore/ExpoModulesCore-umbrella.h:19:9: In file included from /Users/jonahmicahinguito/Library/Developer/Xcode/DerivedData/rotaractconnect-cjwcbdlngckcsaantafkjnfzfbdk/Build/Products/Debug-iphoneos/ExpoModulesCore/ExpoModulesCore-umbrella.h:19:

/Users/jonahmicahinguito/dev/rotaract-connect/ios/Pods/Headers/Public/ExpoModulesCore/ExpoModulesCore/ExpoModulesCore.h:16:9: In file included from /Users/jonahmicahinguito/dev/rotaract-connect/ios/Pods/Headers/Public/ExpoModulesCore/ExpoModulesCore/ExpoModulesCore.h:16:

/Users/jonahmicahinguito/dev/rotaract-connect/ios/Pods/Headers/Public/ExpoModulesCore/ExpoModulesCore/EXFilePermissionModuleInterface.h:3:9: In file included from /Users/jonahmicahinguito/dev/rotaract-connect/ios/Pods/Headers/Public/ExpoModulesCore/ExpoModulesCore/EXFilePermissionModuleInterface.h:3:

/Users/jonahmicahinguito/dev/rotaract-connect/ios/Pods/Headers/Public/ExpoModulesCore/ExpoModulesCore/EXFileSystemInterface.h:14:42: Pointer is missing a nullability type specifier (_Nonnull, _Nullable, or _Null_unspecified)

/Users/jonahmicahinguito/dev/rotaract-connect/ios/Pods/Headers/Public/ExpoModulesCore/ExpoModulesCore/EXFileSystemInterface.h:20:57: Pointer is missing a nullability type specifier (_Nonnull, _Nullable, or _Null_unspecified)

/Users/jonahmicahinguito/dev/rotaract-connect/ios/Pods/Headers/Public/ExpoModulesCore/ExpoModulesCore/EXFileSystemInterface.h:20:93: Pointer is missing a nullability type specifier (_Nonnull, _Nullable, or _Null_unspecified)

/Users/jonahmicahinguito/dev/rotaract-connect/ios/Pods/Headers/Public/ExpoModulesCore/ExpoModulesCore/EXFileSystemInterface.h:21:43: Pointer is missing a nullability type specifier (_Nonnull, _Nullable, or _Null_unspecified)

/Users/jonahmicahinguito/dev/rotaract-connect/ios/Pods/Headers/Public/ExpoModulesCore/ExpoModulesCore/EXModuleRegistryHolderReactModule.h:7:58: Cannot find protocol definition for 'RCTBridgeModule'

SwiftCompile normal arm64 /Users/jonahmicahinguito/dev/rotaract-connect/node_modules/expo-dev-menu/ios/SwiftUI/DevMenuColors.swift (in target 'expo-dev-menu' from project 'Pods')
    cd /Users/jonahmicahinguito/dev/rotaract-connect/ios/Pods
    

<module-includes>:1:9: note: in file included from <module-includes>:1:
#import "ExpoModulesCore-umbrella.h"
        ^
/Users/jonahmicahinguito/Library/Developer/Xcode/DerivedData/rotaractconnect-cjwcbdlngckcsaantafkjnfzfbdk/Build/Products/Debug-iphoneos/ExpoModulesCore/ExpoModulesCore-umbrella.h:19:9: note: in file included from /Users/jonahmicahinguito/Library/Developer/Xcode/DerivedData/rotaractconnect-cjwcbdlngckcsaantafkjnfzfbdk/Build/Products/Debug-iphoneos/ExpoModulesCore/ExpoModulesCore-umbrella.h:19:
#import "ExpoModulesCore/ExpoModulesCore.h"
        ^
/Users/jonahmicahinguito/dev/rotaract-connect/ios/Pods/Headers/Public/ExpoModulesCore/ExpoModulesCore/ExpoModulesCore.h:16:9: note: in file included from /Users/jonahmicahinguito/dev/rotaract-connect/ios/Pods/Headers/Public/ExpoModulesCore/ExpoModulesCore/ExpoModulesCore.h:16:
#import <ExpoModulesCore/EXFilePermissionModuleInterface.h>
        ^
/Users/jonahmicahinguito/dev/rotaract-connect/ios/Pods/Headers/Public/ExpoModulesCore/ExpoModulesCore/EXFilePermissionModuleInterface.h:3:9: note: in file included from /Users/jonahmicahinguito/dev/rotaract-connect/ios/Pods/Headers/Public/ExpoModulesCore/ExpoModulesCore/EXFilePermissionModuleInterface.h:3:
#import <ExpoModulesCore/EXFileSystemInterface.h>
        ^
/Users/jonahmicahinguito/dev/rotaract-connect/ios/Pods/Headers/Public/ExpoModulesCore/ExpoModulesCore/EXFileSystemInterface.h:14:42: warning: pointer is missing a nullability type specifier (_Nonnull, _Nullable, or _Null_unspecified)
@property (nonatomic, readonly) NSString *documentDirectory;
                                         ^
/Users/jonahmicahinguito/dev/rotaract-connect/ios/Pods/Headers/Public/ExpoModulesCore/ExpoModulesCore/EXFileSystemInterface.h:14:42: note: insert '_Nullable' if the pointer may be null
@property (nonatomic, readonly) NSString *documentDirectory;
                                         ^
/Users/jonahmicahinguito/dev/rotaract-connect/ios/Pods/Headers/Public/ExpoModulesCore/ExpoModulesCore/EXFileSystemInterface.h:14:42: note: insert '_Nonnull' if the pointer should never be null
@property (nonatomic, readonly) NSString *documentDirectory;
                                         ^
<module-includes>:1:9: note: in file included from <module-includes>:1:
#import "ExpoModulesCore-umbrella.h"
        ^
/Users/jonahmicahinguito/Library/Developer/Xcode/DerivedData/rotaractconnect-cjwcbdlngckcsaantafkjnfzfbdk/Build/Products/Debug-iphoneos/ExpoModulesCore/ExpoModulesCore-umbrella.h:19:9: note: in file included from /Users/jonahmicahinguito/Library/Developer/Xcode/DerivedData/rotaractconnect-cjwcbdlngckcsaantafkjnfzfbdk/Build/Products/Debug-iphoneos/ExpoModulesCore/ExpoModulesCore-umbrella.h:19:
#import "ExpoModulesCore/ExpoModulesCore.h"
        ^
/Users/jonahmicahinguito/dev/rotaract-connect/ios/Pods/Headers/Public/ExpoModulesCore/ExpoModulesCore/ExpoModulesCore.h:16:9: note: in file included from /Users/jonahmicahinguito/dev/rotaract-connect/ios/Pods/Headers/Public/ExpoModulesCore/ExpoModulesCore/ExpoModulesCore.h:16:
#import <ExpoModulesCore/EXFilePermissionModuleInterface.h>
        ^
/Users/jonahmicahinguito/dev/rotaract-connect/ios/Pods/Headers/Public/ExpoModulesCore/ExpoModulesCore/EXFilePermissionModuleInterface.h:3:9: note: in file included from /Users/jonahmicahinguito/dev/rotaract-connect/ios/Pods/Headers/Public/ExpoModulesCore/ExpoModulesCore/EXFilePermissionModuleInterface.h:3:
#import <ExpoModulesCore/EXFileSystemInterface.h>
        ^
/Users/jonahmicahinguito/dev/rotaract-connect/ios/Pods/Headers/Public/ExpoModulesCore/ExpoModulesCore/EXFileSystemInterface.h:20:57: warning: pointer is missing a nullability type specifier (_Nonnull, _Nullable, or _Null_unspecified)
- (nonnull NSString *)generatePathInDirectory:(NSString *)directory withExtension:(NSString *)extension;
                                                        ^
/Users/jonahmicahinguito/dev/rotaract-connect/ios/Pods/Headers/Public/ExpoModulesCore/ExpoModulesCore/EXFileSystemInterface.h:20:57: note: insert '_Nullable' if the pointer may be null
- (nonnull NSString *)generatePathInDirectory:(NSString *)directory withExtension:(NSString *)extension;
                                                        ^
/Users/jonahmicahinguito/dev/rotaract-connect/ios/Pods/Headers/Public/ExpoModulesCore/ExpoModulesCore/EXFileSystemInterface.h:20:57: note: insert '_Nonnull' if the pointer should never be null
- (nonnull NSString *)generatePathInDirectory:(NSString *)directory withExtension:(NSString *)extension;
                                                        ^
<module-includes>:1:9: note: in file included from <module-includes>:1:
#import "ExpoModulesCore-umbrella.h"
        ^
/Users/jonahmicahinguito/Library/Developer/Xcode/DerivedData/rotaractconnect-cjwcbdlngckcsaantafkjnfzfbdk/Build/Products/Debug-iphoneos/ExpoModulesCore/ExpoModulesCore-umbrella.h:19:9: note: in file included from /Users/jonahmicahinguito/Library/Developer/Xcode/DerivedData/rotaractconnect-cjwcbdlngckcsaantafkjnfzfbdk/Build/Products/Debug-iphoneos/ExpoModulesCore/ExpoModulesCore-umbrella.h:19:
#import "ExpoModulesCore/ExpoModulesCore.h"
        ^
/Users/jonahmicahinguito/dev/rotaract-connect/ios/Pods/Headers/Public/ExpoModulesCore/ExpoModulesCore/ExpoModulesCore.h:16:9: note: in file included from /Users/jonahmicahinguito/dev/rotaract-connect/ios/Pods/Headers/Public/ExpoModulesCore/ExpoModulesCore/ExpoModulesCore.h:16:
#import <ExpoModulesCore/EXFilePermissionModuleInterface.h>
        ^
/Users/jonahmicahinguito/dev/rotaract-connect/ios/Pods/Headers/Public/ExpoModulesCore/ExpoModulesCore/EXFilePermissionModuleInterface.h:3:9: note: in file included from /Users/jonahmicahinguito/dev/rotaract-connect/ios/Pods/Headers/Public/ExpoModulesCore/ExpoModulesCore/EXFilePermissionModuleInterface.h:3:
#import <ExpoModulesCore/EXFileSystemInterface.h>
        ^
/Users/jonahmicahinguito/dev/rotaract-connect/ios/Pods/Headers/Public/ExpoModulesCore/ExpoModulesCore/EXFileSystemInterface.h:20:93: warning: pointer is missing a nullability type specifier (_Nonnull, _Nullable, or _Null_unspecified)
- (nonnull NSString *)generatePathInDirectory:(NSString *)directory withExtension:(NSString *)extension;
                                                                                            ^
/Users/jonahmicahinguito/dev/rotaract-connect/ios/Pods/Headers/Public/ExpoModulesCore/ExpoModulesCore/EXFileSystemInterface.h:20:93: note: insert '_Nullable' if the pointer may be null
- (nonnull NSString *)generatePathInDirectory:(NSString *)directory withExtension:(NSString *)extension;
                                                                                            ^
/Users/jonahmicahinguito/dev/rotaract-connect/ios/Pods/Headers/Public/ExpoModulesCore/ExpoModulesCore/EXFileSystemInterface.h:20:93: note: insert '_Nonnull' if the pointer should never be null
- (nonnull NSString *)generatePathInDirectory:(NSString *)directory withExtension:(NSString *)extension;
                                                                                            ^
<module-includes>:1:9: note: in file included from <module-includes>:1:
#import "ExpoModulesCore-umbrella.h"
        ^
/Users/jonahmicahinguito/Library/Developer/Xcode/DerivedData/rotaractconnect-cjwcbdlngckcsaantafkjnfzfbdk/Build/Products/Debug-iphoneos/ExpoModulesCore/ExpoModulesCore-umbrella.h:19:9: note: in file included from /Users/jonahmicahinguito/Library/Developer/Xcode/DerivedData/rotaractconnect-cjwcbdlngckcsaantafkjnfzfbdk/Build/Products/Debug-iphoneos/ExpoModulesCore/ExpoModulesCore-umbrella.h:19:
#import "ExpoModulesCore/ExpoModulesCore.h"
        ^
/Users/jonahmicahinguito/dev/rotaract-connect/ios/Pods/Headers/Public/ExpoModulesCore/ExpoModulesCore/ExpoModulesCore.h:16:9: note: in file included from /Users/jonahmicahinguito/dev/rotaract-connect/ios/Pods/Headers/Public/ExpoModulesCore/ExpoModulesCore/ExpoModulesCore.h:16:
#import <ExpoModulesCore/EXFilePermissionModuleInterface.h>
        ^
/Users/jonahmicahinguito/dev/rotaract-connect/ios/Pods/Headers/Public/ExpoModulesCore/ExpoModulesCore/EXFilePermissionModuleInterface.h:3:9: note: in file included from /Users/jonahmicahinguito/dev/rotaract-connect/ios/Pods/Headers/Public/ExpoModulesCore/ExpoModulesCore/EXFilePermissionModuleInterface.h:3:
#import <ExpoModulesCore/EXFileSystemInterface.h>
        ^
/Users/jonahmicahinguito/dev/rotaract-connect/ios/Pods/Headers/Public/ExpoModulesCore/ExpoModulesCore/EXFileSystemInterface.h:21:43: warning: pointer is missing a nullability type specifier (_Nonnull, _Nullable, or _Null_unspecified)
- (BOOL)ensureDirExistsWithPath:(NSString *)path;
                                          ^
/Users/jonahmicahinguito/dev/rotaract-connect/ios/Pods/Headers/Public/ExpoModulesCore/ExpoModulesCore/EXFileSystemInterface.h:21:43: note: insert '_Nullable' if the pointer may be null
- (BOOL)ensureDirExistsWithPath:(NSString *)path;
                                          ^
/Users/jonahmicahinguito/dev/rotaract-connect/ios/Pods/Headers/Public/ExpoModulesCore/ExpoModulesCore/EXFileSystemInterface.h:21:43: note: insert '_Nonnull' if the pointer should never be null
- (BOOL)ensureDirExistsWithPath:(NSString *)path;
                                          ^
<module-includes>:1:9: note: in file included from <module-includes>:1:
#import "ExpoModulesCore-umbrella.h"
        ^
/Users/jonahmicahinguito/Library/Developer/Xcode/DerivedData/rotaractconnect-cjwcbdlngckcsaantafkjnfzfbdk/Build/Products/Debug-iphoneos/ExpoModulesCore/ExpoModulesCore-umbrella.h:19:9: note: in file included from /Users/jonahmicahinguito/Library/Developer/Xcode/DerivedData/rotaractconnect-cjwcbdlngckcsaantafkjnfzfbdk/Build/Products/Debug-iphoneos/ExpoModulesCore/ExpoModulesCore-umbrella.h:19:
#import "ExpoModulesCore/ExpoModulesCore.h"
        ^
/Users/jonahmicahinguito/dev/rotaract-connect/ios/Pods/Headers/Public/ExpoModulesCore/ExpoModulesCore/ExpoModulesCore.h:42:9: note: in file included from /Users/jonahmicahinguito/dev/rotaract-connect/ios/Pods/Headers/Public/ExpoModulesCore/ExpoModulesCore/ExpoModulesCore.h:42:
#import <ExpoModulesCore/EXModuleRegistryHolderReactModule.h>
        ^
/Users/jonahmicahinguito/dev/rotaract-connect/ios/Pods/Headers/Public/ExpoModulesCore/ExpoModulesCore/EXModuleRegistryHolderReactModule.h:7:58: warning: cannot find protocol definition for 'RCTBridgeModule'
@interface EXModuleRegistryHolderReactModule : NSObject <RCTBridgeModule>
                                                         ^
/Users/jonahmicahinguito/dev/rotaract-connect/ios/Pods/Headers/Public/ExpoModulesCore/ExpoModulesCore/EXModuleRegistryHolderReactModule.h:3:11: note: protocol 'RCTBridgeModule' has no definition
@protocol RCTBridgeModule;
          ^

/Users/jonahmicahinguito/dev/rotaract-connect/ios/Pods/<module-includes>:1:9: In file included from <module-includes>:1:

/Users/jonahmicahinguito/Library/Developer/Xcode/DerivedData/rotaractconnect-cjwcbdlngckcsaantafkjnfzfbdk/Build/Products/Debug-iphoneos/ExpoModulesCore/ExpoModulesCore-umbrella.h:19:9: In file included from /Users/jonahmicahinguito/Library/Developer/Xcode/DerivedData/rotaractconnect-cjwcbdlngckcsaantafkjnfzfbdk/Build/Products/Debug-iphoneos/ExpoModulesCore/ExpoModulesCore-umbrella.h:19:

/Users/jonahmicahinguito/dev/rotaract-connect/ios/Pods/Headers/Public/ExpoModulesCore/ExpoModulesCore/ExpoModulesCore.h:16:9: In file included from /Users/jonahmicahinguito/dev/rotaract-connect/ios/Pods/Headers/Public/ExpoModulesCore/ExpoModulesCore/ExpoModulesCore.h:16:

/Users/jonahmicahinguito/dev/rotaract-connect/ios/Pods/Headers/Public/ExpoModulesCore/ExpoModulesCore/EXFilePermissionModuleInterface.h:3:9: In file included from /Users/jonahmicahinguito/dev/rotaract-connect/ios/Pods/Headers/Public/ExpoModulesCore/ExpoModulesCore/EXFilePermissionModuleInterface.h:3:

/Users/jonahmicahinguito/dev/rotaract-connect/ios/Pods/Headers/Public/ExpoModulesCore/ExpoModulesCore/EXFileSystemInterface.h:14:42: Pointer is missing a nullability type specifier (_Nonnull, _Nullable, or _Null_unspecified)

/Users/jonahmicahinguito/dev/rotaract-connect/ios/Pods/Headers/Public/ExpoModulesCore/ExpoModulesCore/EXFileSystemInterface.h:20:57: Pointer is missing a nullability type specifier (_Nonnull, _Nullable, or _Null_unspecified)

/Users/jonahmicahinguito/dev/rotaract-connect/ios/Pods/Headers/Public/ExpoModulesCore/ExpoModulesCore/EXFileSystemInterface.h:20:93: Pointer is missing a nullability type specifier (_Nonnull, _Nullable, or _Null_unspecified)

/Users/jonahmicahinguito/dev/rotaract-connect/ios/Pods/Headers/Public/ExpoModulesCore/ExpoModulesCore/EXFileSystemInterface.h:21:43: Pointer is missing a nullability type specifier (_Nonnull, _Nullable, or _Null_unspecified)

/Users/jonahmicahinguito/dev/rotaract-connect/ios/Pods/Headers/Public/ExpoModulesCore/ExpoModulesCore/EXModuleRegistryHolderReactModule.h:7:58: Cannot find protocol definition for 'RCTBridgeModule'

SwiftCompile normal arm64 /Users/jonahmicahinguito/dev/rotaract-connect/node_modules/expo-dev-menu/ios/SwiftUI/DevMenuDeveloperTools.swift (in target 'expo-dev-menu' from project 'Pods')
    cd /Users/jonahmicahinguito/dev/rotaract-connect/ios/Pods
    

<module-includes>:1:9: note: in file included from <module-includes>:1:
#import "ExpoModulesCore-umbrella.h"
        ^
/Users/jonahmicahinguito/Library/Developer/Xcode/DerivedData/rotaractconnect-cjwcbdlngckcsaantafkjnfzfbdk/Build/Products/Debug-iphoneos/ExpoModulesCore/ExpoModulesCore-umbrella.h:19:9: note: in file included from /Users/jonahmicahinguito/Library/Developer/Xcode/DerivedData/rotaractconnect-cjwcbdlngckcsaantafkjnfzfbdk/Build/Products/Debug-iphoneos/ExpoModulesCore/ExpoModulesCore-umbrella.h:19:
#import "ExpoModulesCore/ExpoModulesCore.h"
        ^
/Users/jonahmicahinguito/dev/rotaract-connect/ios/Pods/Headers/Public/ExpoModulesCore/ExpoModulesCore/ExpoModulesCore.h:16:9: note: in file included from /Users/jonahmicahinguito/dev/rotaract-connect/ios/Pods/Headers/Public/ExpoModulesCore/ExpoModulesCore/ExpoModulesCore.h:16:
#import <ExpoModulesCore/EXFilePermissionModuleInterface.h>
        ^
/Users/jonahmicahinguito/dev/rotaract-connect/ios/Pods/Headers/Public/ExpoModulesCore/ExpoModulesCore/EXFilePermissionModuleInterface.h:3:9: note: in file included from /Users/jonahmicahinguito/dev/rotaract-connect/ios/Pods/Headers/Public/ExpoModulesCore/ExpoModulesCore/EXFilePermissionModuleInterface.h:3:
#import <ExpoModulesCore/EXFileSystemInterface.h>
        ^
/Users/jonahmicahinguito/dev/rotaract-connect/ios/Pods/Headers/Public/ExpoModulesCore/ExpoModulesCore/EXFileSystemInterface.h:14:42: warning: pointer is missing a nullability type specifier (_Nonnull, _Nullable, or _Null_unspecified)
@property (nonatomic, readonly) NSString *documentDirectory;
                                         ^
/Users/jonahmicahinguito/dev/rotaract-connect/ios/Pods/Headers/Public/ExpoModulesCore/ExpoModulesCore/EXFileSystemInterface.h:14:42: note: insert '_Nullable' if the pointer may be null
@property (nonatomic, readonly) NSString *documentDirectory;
                                         ^
/Users/jonahmicahinguito/dev/rotaract-connect/ios/Pods/Headers/Public/ExpoModulesCore/ExpoModulesCore/EXFileSystemInterface.h:14:42: note: insert '_Nonnull' if the pointer should never be null
@property (nonatomic, readonly) NSString *documentDirectory;
                                         ^
<module-includes>:1:9: note: in file included from <module-includes>:1:
#import "ExpoModulesCore-umbrella.h"
        ^
/Users/jonahmicahinguito/Library/Developer/Xcode/DerivedData/rotaractconnect-cjwcbdlngckcsaantafkjnfzfbdk/Build/Products/Debug-iphoneos/ExpoModulesCore/ExpoModulesCore-umbrella.h:19:9: note: in file included from /Users/jonahmicahinguito/Library/Developer/Xcode/DerivedData/rotaractconnect-cjwcbdlngckcsaantafkjnfzfbdk/Build/Products/Debug-iphoneos/ExpoModulesCore/ExpoModulesCore-umbrella.h:19:
#import "ExpoModulesCore/ExpoModulesCore.h"
        ^
/Users/jonahmicahinguito/dev/rotaract-connect/ios/Pods/Headers/Public/ExpoModulesCore/ExpoModulesCore/ExpoModulesCore.h:16:9: note: in file included from /Users/jonahmicahinguito/dev/rotaract-connect/ios/Pods/Headers/Public/ExpoModulesCore/ExpoModulesCore/ExpoModulesCore.h:16:
#import <ExpoModulesCore/EXFilePermissionModuleInterface.h>
        ^
/Users/jonahmicahinguito/dev/rotaract-connect/ios/Pods/Headers/Public/ExpoModulesCore/ExpoModulesCore/EXFilePermissionModuleInterface.h:3:9: note: in file included from /Users/jonahmicahinguito/dev/rotaract-connect/ios/Pods/Headers/Public/ExpoModulesCore/ExpoModulesCore/EXFilePermissionModuleInterface.h:3:
#import <ExpoModulesCore/EXFileSystemInterface.h>
        ^
/Users/jonahmicahinguito/dev/rotaract-connect/ios/Pods/Headers/Public/ExpoModulesCore/ExpoModulesCore/EXFileSystemInterface.h:20:57: warning: pointer is missing a nullability type specifier (_Nonnull, _Nullable, or _Null_unspecified)
- (nonnull NSString *)generatePathInDirectory:(NSString *)directory withExtension:(NSString *)extension;
                                                        ^
/Users/jonahmicahinguito/dev/rotaract-connect/ios/Pods/Headers/Public/ExpoModulesCore/ExpoModulesCore/EXFileSystemInterface.h:20:57: note: insert '_Nullable' if the pointer may be null
- (nonnull NSString *)generatePathInDirectory:(NSString *)directory withExtension:(NSString *)extension;
                                                        ^
/Users/jonahmicahinguito/dev/rotaract-connect/ios/Pods/Headers/Public/ExpoModulesCore/ExpoModulesCore/EXFileSystemInterface.h:20:57: note: insert '_Nonnull' if the pointer should never be null
- (nonnull NSString *)generatePathInDirectory:(NSString *)directory withExtension:(NSString *)extension;
                                                        ^
<module-includes>:1:9: note: in file included from <module-includes>:1:
#import "ExpoModulesCore-umbrella.h"
        ^
/Users/jonahmicahinguito/Library/Developer/Xcode/DerivedData/rotaractconnect-cjwcbdlngckcsaantafkjnfzfbdk/Build/Products/Debug-iphoneos/ExpoModulesCore/ExpoModulesCore-umbrella.h:19:9: note: in file included from /Users/jonahmicahinguito/Library/Developer/Xcode/DerivedData/rotaractconnect-cjwcbdlngckcsaantafkjnfzfbdk/Build/Products/Debug-iphoneos/ExpoModulesCore/ExpoModulesCore-umbrella.h:19:
#import "ExpoModulesCore/ExpoModulesCore.h"
        ^
/Users/jonahmicahinguito/dev/rotaract-connect/ios/Pods/Headers/Public/ExpoModulesCore/ExpoModulesCore/ExpoModulesCore.h:16:9: note: in file included from /Users/jonahmicahinguito/dev/rotaract-connect/ios/Pods/Headers/Public/ExpoModulesCore/ExpoModulesCore/ExpoModulesCore.h:16:
#import <ExpoModulesCore/EXFilePermissionModuleInterface.h>
        ^
/Users/jonahmicahinguito/dev/rotaract-connect/ios/Pods/Headers/Public/ExpoModulesCore/ExpoModulesCore/EXFilePermissionModuleInterface.h:3:9: note: in file included from /Users/jonahmicahinguito/dev/rotaract-connect/ios/Pods/Headers/Public/ExpoModulesCore/ExpoModulesCore/EXFilePermissionModuleInterface.h:3:
#import <ExpoModulesCore/EXFileSystemInterface.h>
        ^
/Users/jonahmicahinguito/dev/rotaract-connect/ios/Pods/Headers/Public/ExpoModulesCore/ExpoModulesCore/EXFileSystemInterface.h:20:93: warning: pointer is missing a nullability type specifier (_Nonnull, _Nullable, or _Null_unspecified)
- (nonnull NSString *)generatePathInDirectory:(NSString *)directory withExtension:(NSString *)extension;
                                                                                            ^
/Users/jonahmicahinguito/dev/rotaract-connect/ios/Pods/Headers/Public/ExpoModulesCore/ExpoModulesCore/EXFileSystemInterface.h:20:93: note: insert '_Nullable' if the pointer may be null
- (nonnull NSString *)generatePathInDirectory:(NSString *)directory withExtension:(NSString *)extension;
                                                                                            ^
/Users/jonahmicahinguito/dev/rotaract-connect/ios/Pods/Headers/Public/ExpoModulesCore/ExpoModulesCore/EXFileSystemInterface.h:20:93: note: insert '_Nonnull' if the pointer should never be null
- (nonnull NSString *)generatePathInDirectory:(NSString *)directory withExtension:(NSString *)extension;
                                                                                            ^
<module-includes>:1:9: note: in file included from <module-includes>:1:
#import "ExpoModulesCore-umbrella.h"
        ^
/Users/jonahmicahinguito/Library/Developer/Xcode/DerivedData/rotaractconnect-cjwcbdlngckcsaantafkjnfzfbdk/Build/Products/Debug-iphoneos/ExpoModulesCore/ExpoModulesCore-umbrella.h:19:9: note: in file included from /Users/jonahmicahinguito/Library/Developer/Xcode/DerivedData/rotaractconnect-cjwcbdlngckcsaantafkjnfzfbdk/Build/Products/Debug-iphoneos/ExpoModulesCore/ExpoModulesCore-umbrella.h:19:
#import "ExpoModulesCore/ExpoModulesCore.h"
        ^
/Users/jonahmicahinguito/dev/rotaract-connect/ios/Pods/Headers/Public/ExpoModulesCore/ExpoModulesCore/ExpoModulesCore.h:16:9: note: in file included from /Users/jonahmicahinguito/dev/rotaract-connect/ios/Pods/Headers/Public/ExpoModulesCore/ExpoModulesCore/ExpoModulesCore.h:16:
#import <ExpoModulesCore/EXFilePermissionModuleInterface.h>
        ^
/Users/jonahmicahinguito/dev/rotaract-connect/ios/Pods/Headers/Public/ExpoModulesCore/ExpoModulesCore/EXFilePermissionModuleInterface.h:3:9: note: in file included from /Users/jonahmicahinguito/dev/rotaract-connect/ios/Pods/Headers/Public/ExpoModulesCore/ExpoModulesCore/EXFilePermissionModuleInterface.h:3:
#import <ExpoModulesCore/EXFileSystemInterface.h>
        ^
/Users/jonahmicahinguito/dev/rotaract-connect/ios/Pods/Headers/Public/ExpoModulesCore/ExpoModulesCore/EXFileSystemInterface.h:21:43: warning: pointer is missing a nullability type specifier (_Nonnull, _Nullable, or _Null_unspecified)
- (BOOL)ensureDirExistsWithPath:(NSString *)path;
                                          ^
/Users/jonahmicahinguito/dev/rotaract-connect/ios/Pods/Headers/Public/ExpoModulesCore/ExpoModulesCore/EXFileSystemInterface.h:21:43: note: insert '_Nullable' if the pointer may be null
- (BOOL)ensureDirExistsWithPath:(NSString *)path;
                                          ^
/Users/jonahmicahinguito/dev/rotaract-connect/ios/Pods/Headers/Public/ExpoModulesCore/ExpoModulesCore/EXFileSystemInterface.h:21:43: note: insert '_Nonnull' if the pointer should never be null
- (BOOL)ensureDirExistsWithPath:(NSString *)path;
                                          ^
<module-includes>:1:9: note: in file included from <module-includes>:1:
#import "ExpoModulesCore-umbrella.h"
        ^
/Users/jonahmicahinguito/Library/Developer/Xcode/DerivedData/rotaractconnect-cjwcbdlngckcsaantafkjnfzfbdk/Build/Products/Debug-iphoneos/ExpoModulesCore/ExpoModulesCore-umbrella.h:19:9: note: in file included from /Users/jonahmicahinguito/Library/Developer/Xcode/DerivedData/rotaractconnect-cjwcbdlngckcsaantafkjnfzfbdk/Build/Products/Debug-iphoneos/ExpoModulesCore/ExpoModulesCore-umbrella.h:19:
#import "ExpoModulesCore/ExpoModulesCore.h"
        ^
/Users/jonahmicahinguito/dev/rotaract-connect/ios/Pods/Headers/Public/ExpoModulesCore/ExpoModulesCore/ExpoModulesCore.h:42:9: note: in file included from /Users/jonahmicahinguito/dev/rotaract-connect/ios/Pods/Headers/Public/ExpoModulesCore/ExpoModulesCore/ExpoModulesCore.h:42:
#import <ExpoModulesCore/EXModuleRegistryHolderReactModule.h>
        ^
/Users/jonahmicahinguito/dev/rotaract-connect/ios/Pods/Headers/Public/ExpoModulesCore/ExpoModulesCore/EXModuleRegistryHolderReactModule.h:7:58: warning: cannot find protocol definition for 'RCTBridgeModule'
@interface EXModuleRegistryHolderReactModule : NSObject <RCTBridgeModule>
                                                         ^
/Users/jonahmicahinguito/dev/rotaract-connect/ios/Pods/Headers/Public/ExpoModulesCore/ExpoModulesCore/EXModuleRegistryHolderReactModule.h:3:11: note: protocol 'RCTBridgeModule' has no definition
@protocol RCTBridgeModule;
          ^

/Users/jonahmicahinguito/dev/rotaract-connect/ios/Pods/<module-includes>:1:9: In file included from <module-includes>:1:

/Users/jonahmicahinguito/Library/Developer/Xcode/DerivedData/rotaractconnect-cjwcbdlngckcsaantafkjnfzfbdk/Build/Products/Debug-iphoneos/ExpoModulesCore/ExpoModulesCore-umbrella.h:19:9: In file included from /Users/jonahmicahinguito/Library/Developer/Xcode/DerivedData/rotaractconnect-cjwcbdlngckcsaantafkjnfzfbdk/Build/Products/Debug-iphoneos/ExpoModulesCore/ExpoModulesCore-umbrella.h:19:

/Users/jonahmicahinguito/dev/rotaract-connect/ios/Pods/Headers/Public/ExpoModulesCore/ExpoModulesCore/ExpoModulesCore.h:16:9: In file included from /Users/jonahmicahinguito/dev/rotaract-connect/ios/Pods/Headers/Public/ExpoModulesCore/ExpoModulesCore/ExpoModulesCore.h:16:

/Users/jonahmicahinguito/dev/rotaract-connect/ios/Pods/Headers/Public/ExpoModulesCore/ExpoModulesCore/EXFilePermissionModuleInterface.h:3:9: In file included from /Users/jonahmicahinguito/dev/rotaract-connect/ios/Pods/Headers/Public/ExpoModulesCore/ExpoModulesCore/EXFilePermissionModuleInterface.h:3:

/Users/jonahmicahinguito/dev/rotaract-connect/ios/Pods/Headers/Public/ExpoModulesCore/ExpoModulesCore/EXFileSystemInterface.h:14:42: Pointer is missing a nullability type specifier (_Nonnull, _Nullable, or _Null_unspecified)

/Users/jonahmicahinguito/dev/rotaract-connect/ios/Pods/Headers/Public/ExpoModulesCore/ExpoModulesCore/EXFileSystemInterface.h:20:57: Pointer is missing a nullability type specifier (_Nonnull, _Nullable, or _Null_unspecified)

/Users/jonahmicahinguito/dev/rotaract-connect/ios/Pods/Headers/Public/ExpoModulesCore/ExpoModulesCore/EXFileSystemInterface.h:20:93: Pointer is missing a nullability type specifier (_Nonnull, _Nullable, or _Null_unspecified)

/Users/jonahmicahinguito/dev/rotaract-connect/ios/Pods/Headers/Public/ExpoModulesCore/ExpoModulesCore/EXFileSystemInterface.h:21:43: Pointer is missing a nullability type specifier (_Nonnull, _Nullable, or _Null_unspecified)

/Users/jonahmicahinguito/dev/rotaract-connect/ios/Pods/Headers/Public/ExpoModulesCore/ExpoModulesCore/EXModuleRegistryHolderReactModule.h:7:58: Cannot find protocol definition for 'RCTBridgeModule'

SwiftCompile normal arm64 /Users/jonahmicahinguito/dev/rotaract-connect/node_modules/expo-dev-menu/ios/DevMenuDevOptionsDelegate.swift (in target 'expo-dev-menu' from project 'Pods')
    cd /Users/jonahmicahinguito/dev/rotaract-connect/ios/Pods
    

<module-includes>:1:9: note: in file included from <module-includes>:1:
#import "ExpoModulesCore-umbrella.h"
        ^
/Users/jonahmicahinguito/Library/Developer/Xcode/DerivedData/rotaractconnect-cjwcbdlngckcsaantafkjnfzfbdk/Build/Products/Debug-iphoneos/ExpoModulesCore/ExpoModulesCore-umbrella.h:19:9: note: in file included from /Users/jonahmicahinguito/Library/Developer/Xcode/DerivedData/rotaractconnect-cjwcbdlngckcsaantafkjnfzfbdk/Build/Products/Debug-iphoneos/ExpoModulesCore/ExpoModulesCore-umbrella.h:19:
#import "ExpoModulesCore/ExpoModulesCore.h"
        ^
/Users/jonahmicahinguito/dev/rotaract-connect/ios/Pods/Headers/Public/ExpoModulesCore/ExpoModulesCore/ExpoModulesCore.h:16:9: note: in file included from /Users/jonahmicahinguito/dev/rotaract-connect/ios/Pods/Headers/Public/ExpoModulesCore/ExpoModulesCore/ExpoModulesCore.h:16:
#import <ExpoModulesCore/EXFilePermissionModuleInterface.h>
        ^
/Users/jonahmicahinguito/dev/rotaract-connect/ios/Pods/Headers/Public/ExpoModulesCore/ExpoModulesCore/EXFilePermissionModuleInterface.h:3:9: note: in file included from /Users/jonahmicahinguito/dev/rotaract-connect/ios/Pods/Headers/Public/ExpoModulesCore/ExpoModulesCore/EXFilePermissionModuleInterface.h:3:
#import <ExpoModulesCore/EXFileSystemInterface.h>
        ^
/Users/jonahmicahinguito/dev/rotaract-connect/ios/Pods/Headers/Public/ExpoModulesCore/ExpoModulesCore/EXFileSystemInterface.h:14:42: warning: pointer is missing a nullability type specifier (_Nonnull, _Nullable, or _Null_unspecified)
@property (nonatomic, readonly) NSString *documentDirectory;
                                         ^
/Users/jonahmicahinguito/dev/rotaract-connect/ios/Pods/Headers/Public/ExpoModulesCore/ExpoModulesCore/EXFileSystemInterface.h:14:42: note: insert '_Nullable' if the pointer may be null
@property (nonatomic, readonly) NSString *documentDirectory;
                                         ^
/Users/jonahmicahinguito/dev/rotaract-connect/ios/Pods/Headers/Public/ExpoModulesCore/ExpoModulesCore/EXFileSystemInterface.h:14:42: note: insert '_Nonnull' if the pointer should never be null
@property (nonatomic, readonly) NSString *documentDirectory;
                                         ^
<module-includes>:1:9: note: in file included from <module-includes>:1:
#import "ExpoModulesCore-umbrella.h"
        ^
/Users/jonahmicahinguito/Library/Developer/Xcode/DerivedData/rotaractconnect-cjwcbdlngckcsaantafkjnfzfbdk/Build/Products/Debug-iphoneos/ExpoModulesCore/ExpoModulesCore-umbrella.h:19:9: note: in file included from /Users/jonahmicahinguito/Library/Developer/Xcode/DerivedData/rotaractconnect-cjwcbdlngckcsaantafkjnfzfbdk/Build/Products/Debug-iphoneos/ExpoModulesCore/ExpoModulesCore-umbrella.h:19:
#import "ExpoModulesCore/ExpoModulesCore.h"
        ^
/Users/jonahmicahinguito/dev/rotaract-connect/ios/Pods/Headers/Public/ExpoModulesCore/ExpoModulesCore/ExpoModulesCore.h:16:9: note: in file included from /Users/jonahmicahinguito/dev/rotaract-connect/ios/Pods/Headers/Public/ExpoModulesCore/ExpoModulesCore/ExpoModulesCore.h:16:
#import <ExpoModulesCore/EXFilePermissionModuleInterface.h>
        ^
/Users/jonahmicahinguito/dev/rotaract-connect/ios/Pods/Headers/Public/ExpoModulesCore/ExpoModulesCore/EXFilePermissionModuleInterface.h:3:9: note: in file included from /Users/jonahmicahinguito/dev/rotaract-connect/ios/Pods/Headers/Public/ExpoModulesCore/ExpoModulesCore/EXFilePermissionModuleInterface.h:3:
#import <ExpoModulesCore/EXFileSystemInterface.h>
        ^
/Users/jonahmicahinguito/dev/rotaract-connect/ios/Pods/Headers/Public/ExpoModulesCore/ExpoModulesCore/EXFileSystemInterface.h:20:57: warning: pointer is missing a nullability type specifier (_Nonnull, _Nullable, or _Null_unspecified)
- (nonnull NSString *)generatePathInDirectory:(NSString *)directory withExtension:(NSString *)extension;
                                                        ^
/Users/jonahmicahinguito/dev/rotaract-connect/ios/Pods/Headers/Public/ExpoModulesCore/ExpoModulesCore/EXFileSystemInterface.h:20:57: note: insert '_Nullable' if the pointer may be null
- (nonnull NSString *)generatePathInDirectory:(NSString *)directory withExtension:(NSString *)extension;
                                                        ^
/Users/jonahmicahinguito/dev/rotaract-connect/ios/Pods/Headers/Public/ExpoModulesCore/ExpoModulesCore/EXFileSystemInterface.h:20:57: note: insert '_Nonnull' if the pointer should never be null
- (nonnull NSString *)generatePathInDirectory:(NSString *)directory withExtension:(NSString *)extension;
                                                        ^
<module-includes>:1:9: note: in file included from <module-includes>:1:
#import "ExpoModulesCore-umbrella.h"
        ^
/Users/jonahmicahinguito/Library/Developer/Xcode/DerivedData/rotaractconnect-cjwcbdlngckcsaantafkjnfzfbdk/Build/Products/Debug-iphoneos/ExpoModulesCore/ExpoModulesCore-umbrella.h:19:9: note: in file included from /Users/jonahmicahinguito/Library/Developer/Xcode/DerivedData/rotaractconnect-cjwcbdlngckcsaantafkjnfzfbdk/Build/Products/Debug-iphoneos/ExpoModulesCore/ExpoModulesCore-umbrella.h:19:
#import "ExpoModulesCore/ExpoModulesCore.h"
        ^
/Users/jonahmicahinguito/dev/rotaract-connect/ios/Pods/Headers/Public/ExpoModulesCore/ExpoModulesCore/ExpoModulesCore.h:16:9: note: in file included from /Users/jonahmicahinguito/dev/rotaract-connect/ios/Pods/Headers/Public/ExpoModulesCore/ExpoModulesCore/ExpoModulesCore.h:16:
#import <ExpoModulesCore/EXFilePermissionModuleInterface.h>
        ^
/Users/jonahmicahinguito/dev/rotaract-connect/ios/Pods/Headers/Public/ExpoModulesCore/ExpoModulesCore/EXFilePermissionModuleInterface.h:3:9: note: in file included from /Users/jonahmicahinguito/dev/rotaract-connect/ios/Pods/Headers/Public/ExpoModulesCore/ExpoModulesCore/EXFilePermissionModuleInterface.h:3:
#import <ExpoModulesCore/EXFileSystemInterface.h>
        ^
/Users/jonahmicahinguito/dev/rotaract-connect/ios/Pods/Headers/Public/ExpoModulesCore/ExpoModulesCore/EXFileSystemInterface.h:20:93: warning: pointer is missing a nullability type specifier (_Nonnull, _Nullable, or _Null_unspecified)
- (nonnull NSString *)generatePathInDirectory:(NSString *)directory withExtension:(NSString *)extension;
                                                                                            ^
/Users/jonahmicahinguito/dev/rotaract-connect/ios/Pods/Headers/Public/ExpoModulesCore/ExpoModulesCore/EXFileSystemInterface.h:20:93: note: insert '_Nullable' if the pointer may be null
- (nonnull NSString *)generatePathInDirectory:(NSString *)directory withExtension:(NSString *)extension;
                                                                                            ^
/Users/jonahmicahinguito/dev/rotaract-connect/ios/Pods/Headers/Public/ExpoModulesCore/ExpoModulesCore/EXFileSystemInterface.h:20:93: note: insert '_Nonnull' if the pointer should never be null
- (nonnull NSString *)generatePathInDirectory:(NSString *)directory withExtension:(NSString *)extension;
                                                                                            ^
<module-includes>:1:9: note: in file included from <module-includes>:1:
#import "ExpoModulesCore-umbrella.h"
        ^
/Users/jonahmicahinguito/Library/Developer/Xcode/DerivedData/rotaractconnect-cjwcbdlngckcsaantafkjnfzfbdk/Build/Products/Debug-iphoneos/ExpoModulesCore/ExpoModulesCore-umbrella.h:19:9: note: in file included from /Users/jonahmicahinguito/Library/Developer/Xcode/DerivedData/rotaractconnect-cjwcbdlngckcsaantafkjnfzfbdk/Build/Products/Debug-iphoneos/ExpoModulesCore/ExpoModulesCore-umbrella.h:19:
#import "ExpoModulesCore/ExpoModulesCore.h"
        ^
/Users/jonahmicahinguito/dev/rotaract-connect/ios/Pods/Headers/Public/ExpoModulesCore/ExpoModulesCore/ExpoModulesCore.h:16:9: note: in file included from /Users/jonahmicahinguito/dev/rotaract-connect/ios/Pods/Headers/Public/ExpoModulesCore/ExpoModulesCore/ExpoModulesCore.h:16:
#import <ExpoModulesCore/EXFilePermissionModuleInterface.h>
        ^
/Users/jonahmicahinguito/dev/rotaract-connect/ios/Pods/Headers/Public/ExpoModulesCore/ExpoModulesCore/EXFilePermissionModuleInterface.h:3:9: note: in file included from /Users/jonahmicahinguito/dev/rotaract-connect/ios/Pods/Headers/Public/ExpoModulesCore/ExpoModulesCore/EXFilePermissionModuleInterface.h:3:
#import <ExpoModulesCore/EXFileSystemInterface.h>
        ^
/Users/jonahmicahinguito/dev/rotaract-connect/ios/Pods/Headers/Public/ExpoModulesCore/ExpoModulesCore/EXFileSystemInterface.h:21:43: warning: pointer is missing a nullability type specifier (_Nonnull, _Nullable, or _Null_unspecified)
- (BOOL)ensureDirExistsWithPath:(NSString *)path;
                                          ^
/Users/jonahmicahinguito/dev/rotaract-connect/ios/Pods/Headers/Public/ExpoModulesCore/ExpoModulesCore/EXFileSystemInterface.h:21:43: note: insert '_Nullable' if the pointer may be null
- (BOOL)ensureDirExistsWithPath:(NSString *)path;
                                          ^
/Users/jonahmicahinguito/dev/rotaract-connect/ios/Pods/Headers/Public/ExpoModulesCore/ExpoModulesCore/EXFileSystemInterface.h:21:43: note: insert '_Nonnull' if the pointer should never be null
- (BOOL)ensureDirExistsWithPath:(NSString *)path;
                                          ^
<module-includes>:1:9: note: in file included from <module-includes>:1:
#import "ExpoModulesCore-umbrella.h"
        ^
/Users/jonahmicahinguito/Library/Developer/Xcode/DerivedData/rotaractconnect-cjwcbdlngckcsaantafkjnfzfbdk/Build/Products/Debug-iphoneos/ExpoModulesCore/ExpoModulesCore-umbrella.h:19:9: note: in file included from /Users/jonahmicahinguito/Library/Developer/Xcode/DerivedData/rotaractconnect-cjwcbdlngckcsaantafkjnfzfbdk/Build/Products/Debug-iphoneos/ExpoModulesCore/ExpoModulesCore-umbrella.h:19:
#import "ExpoModulesCore/ExpoModulesCore.h"
        ^
/Users/jonahmicahinguito/dev/rotaract-connect/ios/Pods/Headers/Public/ExpoModulesCore/ExpoModulesCore/ExpoModulesCore.h:42:9: note: in file included from /Users/jonahmicahinguito/dev/rotaract-connect/ios/Pods/Headers/Public/ExpoModulesCore/ExpoModulesCore/ExpoModulesCore.h:42:
#import <ExpoModulesCore/EXModuleRegistryHolderReactModule.h>
        ^
/Users/jonahmicahinguito/dev/rotaract-connect/ios/Pods/Headers/Public/ExpoModulesCore/ExpoModulesCore/EXModuleRegistryHolderReactModule.h:7:58: warning: cannot find protocol definition for 'RCTBridgeModule'
@interface EXModuleRegistryHolderReactModule : NSObject <RCTBridgeModule>
                                                         ^
/Users/jonahmicahinguito/dev/rotaract-connect/ios/Pods/Headers/Public/ExpoModulesCore/ExpoModulesCore/EXModuleRegistryHolderReactModule.h:3:11: note: protocol 'RCTBridgeModule' has no definition
@protocol RCTBridgeModule;
          ^

/Users/jonahmicahinguito/dev/rotaract-connect/ios/Pods/<module-includes>:1:9: In file included from <module-includes>:1:

/Users/jonahmicahinguito/Library/Developer/Xcode/DerivedData/rotaractconnect-cjwcbdlngckcsaantafkjnfzfbdk/Build/Products/Debug-iphoneos/ExpoModulesCore/ExpoModulesCore-umbrella.h:19:9: In file included from /Users/jonahmicahinguito/Library/Developer/Xcode/DerivedData/rotaractconnect-cjwcbdlngckcsaantafkjnfzfbdk/Build/Products/Debug-iphoneos/ExpoModulesCore/ExpoModulesCore-umbrella.h:19:

/Users/jonahmicahinguito/dev/rotaract-connect/ios/Pods/Headers/Public/ExpoModulesCore/ExpoModulesCore/ExpoModulesCore.h:16:9: In file included from /Users/jonahmicahinguito/dev/rotaract-connect/ios/Pods/Headers/Public/ExpoModulesCore/ExpoModulesCore/ExpoModulesCore.h:16:

/Users/jonahmicahinguito/dev/rotaract-connect/ios/Pods/Headers/Public/ExpoModulesCore/ExpoModulesCore/EXFilePermissionModuleInterface.h:3:9: In file included from /Users/jonahmicahinguito/dev/rotaract-connect/ios/Pods/Headers/Public/ExpoModulesCore/ExpoModulesCore/EXFilePermissionModuleInterface.h:3:

/Users/jonahmicahinguito/dev/rotaract-connect/ios/Pods/Headers/Public/ExpoModulesCore/ExpoModulesCore/EXFileSystemInterface.h:14:42: Pointer is missing a nullability type specifier (_Nonnull, _Nullable, or _Null_unspecified)

/Users/jonahmicahinguito/dev/rotaract-connect/ios/Pods/Headers/Public/ExpoModulesCore/ExpoModulesCore/EXFileSystemInterface.h:20:57: Pointer is missing a nullability type specifier (_Nonnull, _Nullable, or _Null_unspecified)

/Users/jonahmicahinguito/dev/rotaract-connect/ios/Pods/Headers/Public/ExpoModulesCore/ExpoModulesCore/EXFileSystemInterface.h:20:93: Pointer is missing a nullability type specifier (_Nonnull, _Nullable, or _Null_unspecified)

/Users/jonahmicahinguito/dev/rotaract-connect/ios/Pods/Headers/Public/ExpoModulesCore/ExpoModulesCore/EXFileSystemInterface.h:21:43: Pointer is missing a nullability type specifier (_Nonnull, _Nullable, or _Null_unspecified)

/Users/jonahmicahinguito/dev/rotaract-connect/ios/Pods/Headers/Public/ExpoModulesCore/ExpoModulesCore/EXModuleRegistryHolderReactModule.h:7:58: Cannot find protocol definition for 'RCTBridgeModule'

SwiftEmitModule normal arm64 Emitting\ module\ for\ EXDevMenu (in target 'expo-dev-menu' from project 'Pods')

EmitSwiftModule normal arm64 (in target 'expo-dev-menu' from project 'Pods')
    cd /Users/jonahmicahinguito/dev/rotaract-connect/ios/Pods
    

<module-includes>:1:9: note: in file included from <module-includes>:1:
#import "ExpoModulesCore-umbrella.h"
        ^
/Users/jonahmicahinguito/Library/Developer/Xcode/DerivedData/rotaractconnect-cjwcbdlngckcsaantafkjnfzfbdk/Build/Products/Debug-iphoneos/ExpoModulesCore/ExpoModulesCore-umbrella.h:19:9: note: in file included from /Users/jonahmicahinguito/Library/Developer/Xcode/DerivedData/rotaractconnect-cjwcbdlngckcsaantafkjnfzfbdk/Build/Products/Debug-iphoneos/ExpoModulesCore/ExpoModulesCore-umbrella.h:19:
#import "ExpoModulesCore/ExpoModulesCore.h"
        ^
/Users/jonahmicahinguito/dev/rotaract-connect/ios/Pods/Headers/Public/ExpoModulesCore/ExpoModulesCore/ExpoModulesCore.h:16:9: note: in file included from /Users/jonahmicahinguito/dev/rotaract-connect/ios/Pods/Headers/Public/ExpoModulesCore/ExpoModulesCore/ExpoModulesCore.h:16:
#import <ExpoModulesCore/EXFilePermissionModuleInterface.h>
        ^
/Users/jonahmicahinguito/dev/rotaract-connect/ios/Pods/Headers/Public/ExpoModulesCore/ExpoModulesCore/EXFilePermissionModuleInterface.h:3:9: note: in file included from /Users/jonahmicahinguito/dev/rotaract-connect/ios/Pods/Headers/Public/ExpoModulesCore/ExpoModulesCore/EXFilePermissionModuleInterface.h:3:
#import <ExpoModulesCore/EXFileSystemInterface.h>
        ^
/Users/jonahmicahinguito/dev/rotaract-connect/ios/Pods/Headers/Public/ExpoModulesCore/ExpoModulesCore/EXFileSystemInterface.h:14:42: warning: pointer is missing a nullability type specifier (_Nonnull, _Nullable, or _Null_unspecified)
@property (nonatomic, readonly) NSString *documentDirectory;
                                         ^
/Users/jonahmicahinguito/dev/rotaract-connect/ios/Pods/Headers/Public/ExpoModulesCore/ExpoModulesCore/EXFileSystemInterface.h:14:42: note: insert '_Nullable' if the pointer may be null
@property (nonatomic, readonly) NSString *documentDirectory;
                                         ^
/Users/jonahmicahinguito/dev/rotaract-connect/ios/Pods/Headers/Public/ExpoModulesCore/ExpoModulesCore/EXFileSystemInterface.h:14:42: note: insert '_Nonnull' if the pointer should never be null
@property (nonatomic, readonly) NSString *documentDirectory;
                                         ^
<module-includes>:1:9: note: in file included from <module-includes>:1:
#import "ExpoModulesCore-umbrella.h"
        ^
/Users/jonahmicahinguito/Library/Developer/Xcode/DerivedData/rotaractconnect-cjwcbdlngckcsaantafkjnfzfbdk/Build/Products/Debug-iphoneos/ExpoModulesCore/ExpoModulesCore-umbrella.h:19:9: note: in file included from /Users/jonahmicahinguito/Library/Developer/Xcode/DerivedData/rotaractconnect-cjwcbdlngckcsaantafkjnfzfbdk/Build/Products/Debug-iphoneos/ExpoModulesCore/ExpoModulesCore-umbrella.h:19:
#import "ExpoModulesCore/ExpoModulesCore.h"
        ^
/Users/jonahmicahinguito/dev/rotaract-connect/ios/Pods/Headers/Public/ExpoModulesCore/ExpoModulesCore/ExpoModulesCore.h:16:9: note: in file included from /Users/jonahmicahinguito/dev/rotaract-connect/ios/Pods/Headers/Public/ExpoModulesCore/ExpoModulesCore/ExpoModulesCore.h:16:
#import <ExpoModulesCore/EXFilePermissionModuleInterface.h>
        ^
/Users/jonahmicahinguito/dev/rotaract-connect/ios/Pods/Headers/Public/ExpoModulesCore/ExpoModulesCore/EXFilePermissionModuleInterface.h:3:9: note: in file included from /Users/jonahmicahinguito/dev/rotaract-connect/ios/Pods/Headers/Public/ExpoModulesCore/ExpoModulesCore/EXFilePermissionModuleInterface.h:3:
#import <ExpoModulesCore/EXFileSystemInterface.h>
        ^
/Users/jonahmicahinguito/dev/rotaract-connect/ios/Pods/Headers/Public/ExpoModulesCore/ExpoModulesCore/EXFileSystemInterface.h:20:57: warning: pointer is missing a nullability type specifier (_Nonnull, _Nullable, or _Null_unspecified)
- (nonnull NSString *)generatePathInDirectory:(NSString *)directory withExtension:(NSString *)extension;
                                                        ^
/Users/jonahmicahinguito/dev/rotaract-connect/ios/Pods/Headers/Public/ExpoModulesCore/ExpoModulesCore/EXFileSystemInterface.h:20:57: note: insert '_Nullable' if the pointer may be null
- (nonnull NSString *)generatePathInDirectory:(NSString *)directory withExtension:(NSString *)extension;
                                                        ^
/Users/jonahmicahinguito/dev/rotaract-connect/ios/Pods/Headers/Public/ExpoModulesCore/ExpoModulesCore/EXFileSystemInterface.h:20:57: note: insert '_Nonnull' if the pointer should never be null
- (nonnull NSString *)generatePathInDirectory:(NSString *)directory withExtension:(NSString *)extension;
                                                        ^
<module-includes>:1:9: note: in file included from <module-includes>:1:
#import "ExpoModulesCore-umbrella.h"
        ^
/Users/jonahmicahinguito/Library/Developer/Xcode/DerivedData/rotaractconnect-cjwcbdlngckcsaantafkjnfzfbdk/Build/Products/Debug-iphoneos/ExpoModulesCore/ExpoModulesCore-umbrella.h:19:9: note: in file included from /Users/jonahmicahinguito/Library/Developer/Xcode/DerivedData/rotaractconnect-cjwcbdlngckcsaantafkjnfzfbdk/Build/Products/Debug-iphoneos/ExpoModulesCore/ExpoModulesCore-umbrella.h:19:
#import "ExpoModulesCore/ExpoModulesCore.h"
        ^
/Users/jonahmicahinguito/dev/rotaract-connect/ios/Pods/Headers/Public/ExpoModulesCore/ExpoModulesCore/ExpoModulesCore.h:16:9: note: in file included from /Users/jonahmicahinguito/dev/rotaract-connect/ios/Pods/Headers/Public/ExpoModulesCore/ExpoModulesCore/ExpoModulesCore.h:16:
#import <ExpoModulesCore/EXFilePermissionModuleInterface.h>
        ^
/Users/jonahmicahinguito/dev/rotaract-connect/ios/Pods/Headers/Public/ExpoModulesCore/ExpoModulesCore/EXFilePermissionModuleInterface.h:3:9: note: in file included from /Users/jonahmicahinguito/dev/rotaract-connect/ios/Pods/Headers/Public/ExpoModulesCore/ExpoModulesCore/EXFilePermissionModuleInterface.h:3:
#import <ExpoModulesCore/EXFileSystemInterface.h>
        ^
/Users/jonahmicahinguito/dev/rotaract-connect/ios/Pods/Headers/Public/ExpoModulesCore/ExpoModulesCore/EXFileSystemInterface.h:20:93: warning: pointer is missing a nullability type specifier (_Nonnull, _Nullable, or _Null_unspecified)
- (nonnull NSString *)generatePathInDirectory:(NSString *)directory withExtension:(NSString *)extension;
                                                                                            ^
/Users/jonahmicahinguito/dev/rotaract-connect/ios/Pods/Headers/Public/ExpoModulesCore/ExpoModulesCore/EXFileSystemInterface.h:20:93: note: insert '_Nullable' if the pointer may be null
- (nonnull NSString *)generatePathInDirectory:(NSString *)directory withExtension:(NSString *)extension;
                                                                                            ^
/Users/jonahmicahinguito/dev/rotaract-connect/ios/Pods/Headers/Public/ExpoModulesCore/ExpoModulesCore/EXFileSystemInterface.h:20:93: note: insert '_Nonnull' if the pointer should never be null
- (nonnull NSString *)generatePathInDirectory:(NSString *)directory withExtension:(NSString *)extension;
                                                                                            ^
<module-includes>:1:9: note: in file included from <module-includes>:1:
#import "ExpoModulesCore-umbrella.h"
        ^
/Users/jonahmicahinguito/Library/Developer/Xcode/DerivedData/rotaractconnect-cjwcbdlngckcsaantafkjnfzfbdk/Build/Products/Debug-iphoneos/ExpoModulesCore/ExpoModulesCore-umbrella.h:19:9: note: in file included from /Users/jonahmicahinguito/Library/Developer/Xcode/DerivedData/rotaractconnect-cjwcbdlngckcsaantafkjnfzfbdk/Build/Products/Debug-iphoneos/ExpoModulesCore/ExpoModulesCore-umbrella.h:19:
#import "ExpoModulesCore/ExpoModulesCore.h"
        ^
/Users/jonahmicahinguito/dev/rotaract-connect/ios/Pods/Headers/Public/ExpoModulesCore/ExpoModulesCore/ExpoModulesCore.h:16:9: note: in file included from /Users/jonahmicahinguito/dev/rotaract-connect/ios/Pods/Headers/Public/ExpoModulesCore/ExpoModulesCore/ExpoModulesCore.h:16:
#import <ExpoModulesCore/EXFilePermissionModuleInterface.h>
        ^
/Users/jonahmicahinguito/dev/rotaract-connect/ios/Pods/Headers/Public/ExpoModulesCore/ExpoModulesCore/EXFilePermissionModuleInterface.h:3:9: note: in file included from /Users/jonahmicahinguito/dev/rotaract-connect/ios/Pods/Headers/Public/ExpoModulesCore/ExpoModulesCore/EXFilePermissionModuleInterface.h:3:
#import <ExpoModulesCore/EXFileSystemInterface.h>
        ^
/Users/jonahmicahinguito/dev/rotaract-connect/ios/Pods/Headers/Public/ExpoModulesCore/ExpoModulesCore/EXFileSystemInterface.h:21:43: warning: pointer is missing a nullability type specifier (_Nonnull, _Nullable, or _Null_unspecified)
- (BOOL)ensureDirExistsWithPath:(NSString *)path;
                                          ^
/Users/jonahmicahinguito/dev/rotaract-connect/ios/Pods/Headers/Public/ExpoModulesCore/ExpoModulesCore/EXFileSystemInterface.h:21:43: note: insert '_Nullable' if the pointer may be null
- (BOOL)ensureDirExistsWithPath:(NSString *)path;
                                          ^
/Users/jonahmicahinguito/dev/rotaract-connect/ios/Pods/Headers/Public/ExpoModulesCore/ExpoModulesCore/EXFileSystemInterface.h:21:43: note: insert '_Nonnull' if the pointer should never be null
- (BOOL)ensureDirExistsWithPath:(NSString *)path;
                                          ^
<module-includes>:1:9: note: in file included from <module-includes>:1:
#import "ExpoModulesCore-umbrella.h"
        ^
/Users/jonahmicahinguito/Library/Developer/Xcode/DerivedData/rotaractconnect-cjwcbdlngckcsaantafkjnfzfbdk/Build/Products/Debug-iphoneos/ExpoModulesCore/ExpoModulesCore-umbrella.h:19:9: note: in file included from /Users/jonahmicahinguito/Library/Developer/Xcode/DerivedData/rotaractconnect-cjwcbdlngckcsaantafkjnfzfbdk/Build/Products/Debug-iphoneos/ExpoModulesCore/ExpoModulesCore-umbrella.h:19:
#import "ExpoModulesCore/ExpoModulesCore.h"
        ^
/Users/jonahmicahinguito/dev/rotaract-connect/ios/Pods/Headers/Public/ExpoModulesCore/ExpoModulesCore/ExpoModulesCore.h:42:9: note: in file included from /Users/jonahmicahinguito/dev/rotaract-connect/ios/Pods/Headers/Public/ExpoModulesCore/ExpoModulesCore/ExpoModulesCore.h:42:
#import <ExpoModulesCore/EXModuleRegistryHolderReactModule.h>
        ^
/Users/jonahmicahinguito/dev/rotaract-connect/ios/Pods/Headers/Public/ExpoModulesCore/ExpoModulesCore/EXModuleRegistryHolderReactModule.h:7:58: warning: cannot find protocol definition for 'RCTBridgeModule'
@interface EXModuleRegistryHolderReactModule : NSObject <RCTBridgeModule>
                                                         ^
/Users/jonahmicahinguito/dev/rotaract-connect/ios/Pods/Headers/Public/ExpoModulesCore/ExpoModulesCore/EXModuleRegistryHolderReactModule.h:3:11: note: protocol 'RCTBridgeModule' has no definition
@protocol RCTBridgeModule;
          ^

/Users/jonahmicahinguito/dev/rotaract-connect/ios/Pods/<module-includes>:1:9: In file included from <module-includes>:1:

/Users/jonahmicahinguito/Library/Developer/Xcode/DerivedData/rotaractconnect-cjwcbdlngckcsaantafkjnfzfbdk/Build/Products/Debug-iphoneos/ExpoModulesCore/ExpoModulesCore-umbrella.h:19:9: In file included from /Users/jonahmicahinguito/Library/Developer/Xcode/DerivedData/rotaractconnect-cjwcbdlngckcsaantafkjnfzfbdk/Build/Products/Debug-iphoneos/ExpoModulesCore/ExpoModulesCore-umbrella.h:19:

/Users/jonahmicahinguito/dev/rotaract-connect/ios/Pods/Headers/Public/ExpoModulesCore/ExpoModulesCore/ExpoModulesCore.h:16:9: In file included from /Users/jonahmicahinguito/dev/rotaract-connect/ios/Pods/Headers/Public/ExpoModulesCore/ExpoModulesCore/ExpoModulesCore.h:16:

/Users/jonahmicahinguito/dev/rotaract-connect/ios/Pods/Headers/Public/ExpoModulesCore/ExpoModulesCore/EXFilePermissionModuleInterface.h:3:9: In file included from /Users/jonahmicahinguito/dev/rotaract-connect/ios/Pods/Headers/Public/ExpoModulesCore/ExpoModulesCore/EXFilePermissionModuleInterface.h:3:

/Users/jonahmicahinguito/dev/rotaract-connect/ios/Pods/Headers/Public/ExpoModulesCore/ExpoModulesCore/EXFileSystemInterface.h:14:42: Pointer is missing a nullability type specifier (_Nonnull, _Nullable, or _Null_unspecified)

/Users/jonahmicahinguito/dev/rotaract-connect/ios/Pods/Headers/Public/ExpoModulesCore/ExpoModulesCore/EXFileSystemInterface.h:20:57: Pointer is missing a nullability type specifier (_Nonnull, _Nullable, or _Null_unspecified)

/Users/jonahmicahinguito/dev/rotaract-connect/ios/Pods/Headers/Public/ExpoModulesCore/ExpoModulesCore/EXFileSystemInterface.h:20:93: Pointer is missing a nullability type specifier (_Nonnull, _Nullable, or _Null_unspecified)

/Users/jonahmicahinguito/dev/rotaract-connect/ios/Pods/Headers/Public/ExpoModulesCore/ExpoModulesCore/EXFileSystemInterface.h:21:43: Pointer is missing a nullability type specifier (_Nonnull, _Nullable, or _Null_unspecified)

/Users/jonahmicahinguito/dev/rotaract-connect/ios/Pods/Headers/Public/ExpoModulesCore/ExpoModulesCore/EXModuleRegistryHolderReactModule.h:7:58: Cannot find protocol definition for 'RCTBridgeModule'

Libtool /Users/jonahmicahinguito/Library/Developer/Xcode/DerivedData/rotaractconnect-cjwcbdlngckcsaantafkjnfzfbdk/Build/Products/Debug-iphoneos/expo-dev-menu/libexpo-dev-menu.a normal (in target 'expo-dev-menu' from project 'Pods')
    cd /Users/jonahmicahinguito/dev/rotaract-connect/ios/Pods
    /Applications/Xcode.app/Contents/Developer/Toolchains/XcodeDefault.xctoolchain/usr/bin/libtool -static -arch_only arm64 -D -syslibroot /Applications/Xcode.app/Contents/Developer/Platforms/iPhoneOS.platform/Developer/SDKs/iPhoneOS26.5.sdk -L/Users/jonahmicahinguito/Library/Developer/Xcode/DerivedData/rotaractconnect-cjwcbdlngckcsaantafkjnfzfbdk/Build/Products/Debug-iphoneos/expo-dev-menu -filelist /Users/jonahmicahinguito/Library/Developer/Xcode/DerivedData/rotaractconnect-cjwcbdlngckcsaantafkjnfzfbdk/Build/Intermediates.noindex/Pods.build/Debug-iphoneos/expo-dev-menu.build/Objects-normal/arm64/expo-dev-menu.LinkFileList -dependency_info /Users/jonahmicahinguito/Library/Developer/Xcode/DerivedData/rotaractconnect-cjwcbdlngckcsaantafkjnfzfbdk/Build/Intermediates.noindex/Pods.build/Debug-iphoneos/expo-dev-menu.build/Objects-normal/arm64/expo-dev-menu_libtool_dependency_info.dat -o /Users/jonahmicahinguito/Library/Developer/Xcode/DerivedData/rotaractconnect-cjwcbdlngckcsaantafkjnfzfbdk/Build/Products/Debug-iphoneos/expo-dev-menu/libexpo-dev-menu.a

libtool: warning: 'RCTKeyCommands.o' has no symbols

'RCTKeyCommands.o' has no symbols


Build target expo-dev-launcher of project Pods with configuration Debug

SwiftCompile normal arm64 Compiling\ DevLauncherNetworkInterceptor.swift,\ DevLauncherTabBarManager.swift,\ DevLauncherViewController.swift,\ DevLauncherViewModel.swift,\ DevLauncherViews.swift /Users/jonahmicahinguito/dev/rotaract-connect/node_modules/expo-dev-launcher/ios/DevLauncherNetworkInterceptor.swift /Users/jonahmicahinguito/dev/rotaract-connect/node_modules/expo-dev-launcher/ios/SwiftUI/DevLauncherTabBarManager.swift /Users/jonahmicahinguito/dev/rotaract-connect/node_modules/expo-dev-launcher/ios/SwiftUI/DevLauncherViewController.swift /Users/jonahmicahinguito/dev/rotaract-connect/node_modules/expo-dev-launcher/ios/SwiftUI/DevLauncherViewModel.swift /Users/jonahmicahinguito/dev/rotaract-connect/node_modules/expo-dev-launcher/ios/SwiftUI/DevLauncherViews.swift (in target 'expo-dev-launcher' from project 'Pods')

SwiftCompile normal arm64 /Users/jonahmicahinguito/dev/rotaract-connect/node_modules/expo-dev-launcher/ios/DevLauncherNetworkInterceptor.swift (in target 'expo-dev-launcher' from project 'Pods')
    cd /Users/jonahmicahinguito/dev/rotaract-connect/ios/Pods
    

<module-includes>:1:9: note: in file included from <module-includes>:1:
#import "expo-dev-launcher-umbrella.h"
        ^
/Users/jonahmicahinguito/dev/rotaract-connect/ios/Pods/Headers/Public/EXDevLauncher/expo-dev-launcher-umbrella.h:15:9: note: in file included from /Users/jonahmicahinguito/dev/rotaract-connect/ios/Pods/Headers/Public/EXDevLauncher/expo-dev-launcher-umbrella.h:15:
#import "EXDevLauncher/EXDevLauncherController.h"
        ^
/Users/jonahmicahinguito/dev/rotaract-connect/ios/Pods/Headers/Private/expo-dev-launcher/EXDevLauncher/EXDevLauncherController.h:20:9: note: in file included from /Users/jonahmicahinguito/dev/rotaract-connect/ios/Pods/Headers/Private/expo-dev-launcher/EXDevLauncher/EXDevLauncherController.h:20:
#import <React-RCTAppDelegate/RCTAppDelegate.h>
        ^
/Users/jonahmicahinguito/dev/rotaract-connect/ios/Pods/Headers/Private/React-RCTAppDelegate/RCTAppDelegate.h:9:9: note: in file included from /Users/jonahmicahinguito/dev/rotaract-connect/ios/Pods/Headers/Private/React-RCTAppDelegate/RCTAppDelegate.h:9:
#import "RCTDefaultReactNativeFactoryDelegate.h"
        ^
/Users/jonahmicahinguito/dev/rotaract-connect/ios/Pods/Headers/Private/React-RCTAppDelegate/RCTDefaultReactNativeFactoryDelegate.h:9:9: note: in file included from /Users/jonahmicahinguito/dev/rotaract-connect/ios/Pods/Headers/Private/React-RCTAppDelegate/RCTDefaultReactNativeFactoryDelegate.h:9:
#import "RCTReactNativeFactory.h"
        ^
/Users/jonahmicahinguito/dev/rotaract-connect/ios/Pods/Headers/Private/React-RCTAppDelegate/RCTReactNativeFactory.h:15:9: note: in file included from /Users/jonahmicahinguito/dev/rotaract-connect/ios/Pods/Headers/Private/React-RCTAppDelegate/RCTReactNativeFactory.h:15:
#import "RCTUIConfiguratorProtocol.h"
        ^
/Users/jonahmicahinguito/dev/rotaract-connect/node_modules/expo-dev-launcher/ios/DevLauncherNetworkInterceptor.swift:12:15: warning: stored property 'metroConnection' of 'Sendable'-conforming class 'DevLauncherNetworkInterceptor' has non-Sendable type 'RCTReconnectingWebSocket'; this is an error in the Swift 6 language mode
  private let metroConnection: RCTReconnectingWebSocket
              ^
/Users/jonahmicahinguito/dev/rotaract-connect/ios/Pods/Headers/Public/React-Core/React/RCTReconnectingWebSocket.h:21:12: note: class 'RCTReconnectingWebSocket' does not conform to the 'Sendable' protocol
@interface RCTReconnectingWebSocket : NSObject
           ^
/Users/jonahmicahinguito/dev/rotaract-connect/node_modules/expo-dev-launcher/ios/DevLauncherNetworkInterceptor.swift:4:1: warning: add '@preconcurrency' to suppress 'Sendable'-related warnings from module 'React'
import React
^
@preconcurrency 

/Users/jonahmicahinguito/dev/rotaract-connect/ios/Pods/<module-includes>:1:9: In file included from <module-includes>:1:

/Users/jonahmicahinguito/dev/rotaract-connect/ios/Pods/Headers/Public/EXDevLauncher/expo-dev-launcher-umbrella.h:15:9: In file included from /Users/jonahmicahinguito/dev/rotaract-connect/ios/Pods/Headers/Public/EXDevLauncher/expo-dev-launcher-umbrella.h:15:

/Users/jonahmicahinguito/dev/rotaract-connect/ios/Pods/Headers/Private/expo-dev-launcher/EXDevLauncher/EXDevLauncherController.h:20:9: In file included from /Users/jonahmicahinguito/dev/rotaract-connect/ios/Pods/Headers/Private/expo-dev-launcher/EXDevLauncher/EXDevLauncherController.h:20:

/Users/jonahmicahinguito/dev/rotaract-connect/ios/Pods/Headers/Private/React-RCTAppDelegate/RCTAppDelegate.h:9:9: In file included from /Users/jonahmicahinguito/dev/rotaract-connect/ios/Pods/Headers/Private/React-RCTAppDelegate/RCTAppDelegate.h:9:

/Users/jonahmicahinguito/dev/rotaract-connect/ios/Pods/Headers/Private/React-RCTAppDelegate/RCTDefaultReactNativeFactoryDelegate.h:9:9: In file included from /Users/jonahmicahinguito/dev/rotaract-connect/ios/Pods/Headers/Private/React-RCTAppDelegate/RCTDefaultReactNativeFactoryDelegate.h:9:

/Users/jonahmicahinguito/dev/rotaract-connect/ios/Pods/Headers/Private/React-RCTAppDelegate/RCTReactNativeFactory.h:15:9: In file included from /Users/jonahmicahinguito/dev/rotaract-connect/ios/Pods/Headers/Private/React-RCTAppDelegate/RCTReactNativeFactory.h:15:

/Users/jonahmicahinguito/dev/rotaract-connect/node_modules/expo-dev-launcher/ios/DevLauncherNetworkInterceptor.swift:12:15: Stored property 'metroConnection' of 'Sendable'-conforming class 'DevLauncherNetworkInterceptor' has non-Sendable type 'RCTReconnectingWebSocket'; this is an error in the Swift 6 language mode

/Users/jonahmicahinguito/dev/rotaract-connect/node_modules/expo-dev-launcher/ios/DevLauncherNetworkInterceptor.swift:4:1: Add '@preconcurrency' to suppress 'Sendable'-related warnings from module 'React'

SwiftCompile normal arm64 /Users/jonahmicahinguito/dev/rotaract-connect/node_modules/expo-dev-launcher/ios/SwiftUI/DevLauncherViewModel.swift (in target 'expo-dev-launcher' from project 'Pods')
    cd /Users/jonahmicahinguito/dev/rotaract-connect/ios/Pods
    

<module-includes>:1:9: note: in file included from <module-includes>:1:
#import "expo-dev-launcher-umbrella.h"
        ^
/Users/jonahmicahinguito/dev/rotaract-connect/ios/Pods/Headers/Public/EXDevLauncher/expo-dev-launcher-umbrella.h:15:9: note: in file included from /Users/jonahmicahinguito/dev/rotaract-connect/ios/Pods/Headers/Public/EXDevLauncher/expo-dev-launcher-umbrella.h:15:
#import "EXDevLauncher/EXDevLauncherController.h"
        ^
/Users/jonahmicahinguito/dev/rotaract-connect/ios/Pods/Headers/Private/expo-dev-launcher/EXDevLauncher/EXDevLauncherController.h:20:9: note: in file included from /Users/jonahmicahinguito/dev/rotaract-connect/ios/Pods/Headers/Private/expo-dev-launcher/EXDevLauncher/EXDevLauncherController.h:20:
#import <React-RCTAppDelegate/RCTAppDelegate.h>
        ^
/Users/jonahmicahinguito/dev/rotaract-connect/ios/Pods/Headers/Private/React-RCTAppDelegate/RCTAppDelegate.h:9:9: note: in file included from /Users/jonahmicahinguito/dev/rotaract-connect/ios/Pods/Headers/Private/React-RCTAppDelegate/RCTAppDelegate.h:9:
#import "RCTDefaultReactNativeFactoryDelegate.h"
        ^
/Users/jonahmicahinguito/dev/rotaract-connect/ios/Pods/Headers/Private/React-RCTAppDelegate/RCTDefaultReactNativeFactoryDelegate.h:9:9: note: in file included from /Users/jonahmicahinguito/dev/rotaract-connect/ios/Pods/Headers/Private/React-RCTAppDelegate/RCTDefaultReactNativeFactoryDelegate.h:9:
#import "RCTReactNativeFactory.h"
        ^
/Users/jonahmicahinguito/dev/rotaract-connect/ios/Pods/Headers/Private/React-RCTAppDelegate/RCTReactNativeFactory.h:15:9: note: in file included from /Users/jonahmicahinguito/dev/rotaract-connect/ios/Pods/Headers/Private/React-RCTAppDelegate/RCTReactNativeFactory.h:15:
#import "RCTUIConfiguratorProtocol.h"
        ^
/Users/jonahmicahinguito/dev/rotaract-connect/node_modules/expo-dev-launcher/ios/SwiftUI/DevLauncherViewModel.swift:315:16: warning: reference to captured var 'done' in concurrently-executing code; this is an error in the Swift 6 language mode
        guard !done else { return }
               ^
/Users/jonahmicahinguito/dev/rotaract-connect/node_modules/expo-dev-launcher/ios/SwiftUI/DevLauncherViewModel.swift:317:11: warning: mutation of captured var 'done' in concurrently-executing code; this is an error in the Swift 6 language mode
          done = true
          ^
/Users/jonahmicahinguito/dev/rotaract-connect/node_modules/expo-dev-launcher/ios/SwiftUI/DevLauncherViewModel.swift:325:16: warning: reference to captured var 'done' in concurrently-executing code; this is an error in the Swift 6 language mode
        guard !done else { return }
               ^
/Users/jonahmicahinguito/dev/rotaract-connect/node_modules/expo-dev-launcher/ios/SwiftUI/DevLauncherViewModel.swift:329:11: warning: mutation of captured var 'done' in concurrently-executing code; this is an error in the Swift 6 language mode
          done = true
          ^
/Users/jonahmicahinguito/dev/rotaract-connect/node_modules/expo-dev-launcher/ios/SwiftUI/DevLauncherViewModel.swift:656:39: warning: 'windows' was deprecated in iOS 15.0: Use UIWindowScene.windows on a relevant window scene instead
    let window = UIApplication.shared.windows.first { $0.isKeyWindow }
                                      ^

/Users/jonahmicahinguito/dev/rotaract-connect/ios/Pods/<module-includes>:1:9: In file included from <module-includes>:1:

/Users/jonahmicahinguito/dev/rotaract-connect/ios/Pods/Headers/Public/EXDevLauncher/expo-dev-launcher-umbrella.h:15:9: In file included from /Users/jonahmicahinguito/dev/rotaract-connect/ios/Pods/Headers/Public/EXDevLauncher/expo-dev-launcher-umbrella.h:15:

/Users/jonahmicahinguito/dev/rotaract-connect/ios/Pods/Headers/Private/expo-dev-launcher/EXDevLauncher/EXDevLauncherController.h:20:9: In file included from /Users/jonahmicahinguito/dev/rotaract-connect/ios/Pods/Headers/Private/expo-dev-launcher/EXDevLauncher/EXDevLauncherController.h:20:

/Users/jonahmicahinguito/dev/rotaract-connect/ios/Pods/Headers/Private/React-RCTAppDelegate/RCTAppDelegate.h:9:9: In file included from /Users/jonahmicahinguito/dev/rotaract-connect/ios/Pods/Headers/Private/React-RCTAppDelegate/RCTAppDelegate.h:9:

/Users/jonahmicahinguito/dev/rotaract-connect/ios/Pods/Headers/Private/React-RCTAppDelegate/RCTDefaultReactNativeFactoryDelegate.h:9:9: In file included from /Users/jonahmicahinguito/dev/rotaract-connect/ios/Pods/Headers/Private/React-RCTAppDelegate/RCTDefaultReactNativeFactoryDelegate.h:9:

/Users/jonahmicahinguito/dev/rotaract-connect/ios/Pods/Headers/Private/React-RCTAppDelegate/RCTReactNativeFactory.h:15:9: In file included from /Users/jonahmicahinguito/dev/rotaract-connect/ios/Pods/Headers/Private/React-RCTAppDelegate/RCTReactNativeFactory.h:15:

/Users/jonahmicahinguito/dev/rotaract-connect/node_modules/expo-dev-launcher/ios/SwiftUI/DevLauncherViewModel.swift:315:16: Reference to captured var 'done' in concurrently-executing code; this is an error in the Swift 6 language mode

/Users/jonahmicahinguito/dev/rotaract-connect/node_modules/expo-dev-launcher/ios/SwiftUI/DevLauncherViewModel.swift:317:11: Mutation of captured var 'done' in concurrently-executing code; this is an error in the Swift 6 language mode

/Users/jonahmicahinguito/dev/rotaract-connect/node_modules/expo-dev-launcher/ios/SwiftUI/DevLauncherViewModel.swift:325:16: Reference to captured var 'done' in concurrently-executing code; this is an error in the Swift 6 language mode

/Users/jonahmicahinguito/dev/rotaract-connect/node_modules/expo-dev-launcher/ios/SwiftUI/DevLauncherViewModel.swift:329:11: Mutation of captured var 'done' in concurrently-executing code; this is an error in the Swift 6 language mode

/Users/jonahmicahinguito/dev/rotaract-connect/node_modules/expo-dev-launcher/ios/SwiftUI/DevLauncherViewModel.swift:656:39: 'windows' was deprecated in iOS 15.0: Use UIWindowScene.windows on a relevant window scene instead

SwiftCompile normal arm64 Compiling\ AccountSheet.swift,\ APIClient.swift,\ Avatar.swift,\ CrashReportView.swift,\ Data.swift /Users/jonahmicahinguito/dev/rotaract-connect/node_modules/expo-dev-launcher/ios/SwiftUI/AccountSheet.swift /Users/jonahmicahinguito/dev/rotaract-connect/node_modules/expo-dev-launcher/ios/SwiftUI/GraphQL/APIClient.swift /Users/jonahmicahinguito/dev/rotaract-connect/node_modules/expo-dev-launcher/ios/SwiftUI/Utils/Avatar.swift /Users/jonahmicahinguito/dev/rotaract-connect/node_modules/expo-dev-launcher/ios/SwiftUI/CrashReportView.swift /Users/jonahmicahinguito/dev/rotaract-connect/node_modules/expo-dev-launcher/ios/SwiftUI/Data.swift (in target 'expo-dev-launcher' from project 'Pods')

SwiftCompile normal arm64 /Users/jonahmicahinguito/dev/rotaract-connect/node_modules/expo-dev-launcher/ios/SwiftUI/AccountSheet.swift (in target 'expo-dev-launcher' from project 'Pods')
    cd /Users/jonahmicahinguito/dev/rotaract-connect/ios/Pods
    

<module-includes>:1:9: note: in file included from <module-includes>:1:
#import "expo-dev-launcher-umbrella.h"
        ^
/Users/jonahmicahinguito/dev/rotaract-connect/ios/Pods/Headers/Public/EXDevLauncher/expo-dev-launcher-umbrella.h:15:9: note: in file included from /Users/jonahmicahinguito/dev/rotaract-connect/ios/Pods/Headers/Public/EXDevLauncher/expo-dev-launcher-umbrella.h:15:
#import "EXDevLauncher/EXDevLauncherController.h"
        ^
/Users/jonahmicahinguito/dev/rotaract-connect/ios/Pods/Headers/Private/expo-dev-launcher/EXDevLauncher/EXDevLauncherController.h:20:9: note: in file included from /Users/jonahmicahinguito/dev/rotaract-connect/ios/Pods/Headers/Private/expo-dev-launcher/EXDevLauncher/EXDevLauncherController.h:20:
#import <React-RCTAppDelegate/RCTAppDelegate.h>
        ^
/Users/jonahmicahinguito/dev/rotaract-connect/ios/Pods/Headers/Private/React-RCTAppDelegate/RCTAppDelegate.h:9:9: note: in file included from /Users/jonahmicahinguito/dev/rotaract-connect/ios/Pods/Headers/Private/React-RCTAppDelegate/RCTAppDelegate.h:9:
#import "RCTDefaultReactNativeFactoryDelegate.h"
        ^
/Users/jonahmicahinguito/dev/rotaract-connect/ios/Pods/Headers/Private/React-RCTAppDelegate/RCTDefaultReactNativeFactoryDelegate.h:9:9: note: in file included from /Users/jonahmicahinguito/dev/rotaract-connect/ios/Pods/Headers/Private/React-RCTAppDelegate/RCTDefaultReactNativeFactoryDelegate.h:9:
#import "RCTReactNativeFactory.h"
        ^
/Users/jonahmicahinguito/dev/rotaract-connect/ios/Pods/Headers/Private/React-RCTAppDelegate/RCTReactNativeFactory.h:15:9: note: in file included from /Users/jonahmicahinguito/dev/rotaract-connect/ios/Pods/Headers/Private/React-RCTAppDelegate/RCTReactNativeFactory.h:15:
#import "RCTUIConfiguratorProtocol.h"
        ^
/Users/jonahmicahinguito/dev/rotaract-connect/ios/Pods/Headers/Private/React-RCTAppDelegate/RCTUIConfiguratorProtocol.h:40:28: warning: 'RCTRootView' is deprecated: This API will be removed along with the legacy architecture.
- (void)customizeRootView:(RCTRootView *)rootView;
                           ^
/Users/jonahmicahinguito/dev/rotaract-connect/ios/Pods/Headers/Public/React-Core/React/RCTRootView.h:52:1: note: 'RCTRootView' has been explicitly marked deprecated here
__deprecated_msg("This API will be removed along with the legacy architecture.") @interface RCTRootView : UIView
^
/Applications/Xcode.app/Contents/Developer/Platforms/iPhoneOS.platform/Developer/SDKs/iPhoneOS26.5.sdk/usr/include/sys/cdefs.h:227:48: note: expanded from macro '__deprecated_msg'
        #define __deprecated_msg(_msg) __attribute__((__deprecated__(_msg)))
                                                      ^

/Users/jonahmicahinguito/dev/rotaract-connect/ios/Pods/<module-includes>:1:9: In file included from <module-includes>:1:

/Users/jonahmicahinguito/dev/rotaract-connect/ios/Pods/Headers/Public/EXDevLauncher/expo-dev-launcher-umbrella.h:15:9: In file included from /Users/jonahmicahinguito/dev/rotaract-connect/ios/Pods/Headers/Public/EXDevLauncher/expo-dev-launcher-umbrella.h:15:

/Users/jonahmicahinguito/dev/rotaract-connect/ios/Pods/Headers/Private/expo-dev-launcher/EXDevLauncher/EXDevLauncherController.h:20:9: In file included from /Users/jonahmicahinguito/dev/rotaract-connect/ios/Pods/Headers/Private/expo-dev-launcher/EXDevLauncher/EXDevLauncherController.h:20:

/Users/jonahmicahinguito/dev/rotaract-connect/ios/Pods/Headers/Private/React-RCTAppDelegate/RCTAppDelegate.h:9:9: In file included from /Users/jonahmicahinguito/dev/rotaract-connect/ios/Pods/Headers/Private/React-RCTAppDelegate/RCTAppDelegate.h:9:

/Users/jonahmicahinguito/dev/rotaract-connect/ios/Pods/Headers/Private/React-RCTAppDelegate/RCTDefaultReactNativeFactoryDelegate.h:9:9: In file included from /Users/jonahmicahinguito/dev/rotaract-connect/ios/Pods/Headers/Private/React-RCTAppDelegate/RCTDefaultReactNativeFactoryDelegate.h:9:

/Users/jonahmicahinguito/dev/rotaract-connect/ios/Pods/Headers/Private/React-RCTAppDelegate/RCTReactNativeFactory.h:15:9: In file included from /Users/jonahmicahinguito/dev/rotaract-connect/ios/Pods/Headers/Private/React-RCTAppDelegate/RCTReactNativeFactory.h:15:

/Users/jonahmicahinguito/dev/rotaract-connect/ios/Pods/Headers/Private/React-RCTAppDelegate/RCTUIConfiguratorProtocol.h:40:28: 'RCTRootView' is deprecated: This API will be removed along with the legacy architecture.

SwiftCompile normal arm64 /Users/jonahmicahinguito/dev/rotaract-connect/node_modules/expo-dev-launcher/ios/SwiftUI/GraphQL/APIClient.swift (in target 'expo-dev-launcher' from project 'Pods')
    cd /Users/jonahmicahinguito/dev/rotaract-connect/ios/Pods
    

<module-includes>:1:9: note: in file included from <module-includes>:1:
#import "expo-dev-launcher-umbrella.h"
        ^
/Users/jonahmicahinguito/dev/rotaract-connect/ios/Pods/Headers/Public/EXDevLauncher/expo-dev-launcher-umbrella.h:15:9: note: in file included from /Users/jonahmicahinguito/dev/rotaract-connect/ios/Pods/Headers/Public/EXDevLauncher/expo-dev-launcher-umbrella.h:15:
#import "EXDevLauncher/EXDevLauncherController.h"
        ^
/Users/jonahmicahinguito/dev/rotaract-connect/ios/Pods/Headers/Private/expo-dev-launcher/EXDevLauncher/EXDevLauncherController.h:20:9: note: in file included from /Users/jonahmicahinguito/dev/rotaract-connect/ios/Pods/Headers/Private/expo-dev-launcher/EXDevLauncher/EXDevLauncherController.h:20:
#import <React-RCTAppDelegate/RCTAppDelegate.h>
        ^
/Users/jonahmicahinguito/dev/rotaract-connect/ios/Pods/Headers/Private/React-RCTAppDelegate/RCTAppDelegate.h:9:9: note: in file included from /Users/jonahmicahinguito/dev/rotaract-connect/ios/Pods/Headers/Private/React-RCTAppDelegate/RCTAppDelegate.h:9:
#import "RCTDefaultReactNativeFactoryDelegate.h"
        ^
/Users/jonahmicahinguito/dev/rotaract-connect/ios/Pods/Headers/Private/React-RCTAppDelegate/RCTDefaultReactNativeFactoryDelegate.h:9:9: note: in file included from /Users/jonahmicahinguito/dev/rotaract-connect/ios/Pods/Headers/Private/React-RCTAppDelegate/RCTDefaultReactNativeFactoryDelegate.h:9:
#import "RCTReactNativeFactory.h"
        ^
/Users/jonahmicahinguito/dev/rotaract-connect/ios/Pods/Headers/Private/React-RCTAppDelegate/RCTReactNativeFactory.h:15:9: note: in file included from /Users/jonahmicahinguito/dev/rotaract-connect/ios/Pods/Headers/Private/React-RCTAppDelegate/RCTReactNativeFactory.h:15:
#import "RCTUIConfiguratorProtocol.h"
        ^
/Users/jonahmicahinguito/dev/rotaract-connect/ios/Pods/Headers/Private/React-RCTAppDelegate/RCTUIConfiguratorProtocol.h:40:28: warning: 'RCTRootView' is deprecated: This API will be removed along with the legacy architecture.
- (void)customizeRootView:(RCTRootView *)rootView;
                           ^
/Users/jonahmicahinguito/dev/rotaract-connect/ios/Pods/Headers/Public/React-Core/React/RCTRootView.h:52:1: note: 'RCTRootView' has been explicitly marked deprecated here
__deprecated_msg("This API will be removed along with the legacy architecture.") @interface RCTRootView : UIView
^
/Applications/Xcode.app/Contents/Developer/Platforms/iPhoneOS.platform/Developer/SDKs/iPhoneOS26.5.sdk/usr/include/sys/cdefs.h:227:48: note: expanded from macro '__deprecated_msg'
        #define __deprecated_msg(_msg) __attribute__((__deprecated__(_msg)))
                                                      ^

/Users/jonahmicahinguito/dev/rotaract-connect/ios/Pods/<module-includes>:1:9: In file included from <module-includes>:1:

/Users/jonahmicahinguito/dev/rotaract-connect/ios/Pods/Headers/Public/EXDevLauncher/expo-dev-launcher-umbrella.h:15:9: In file included from /Users/jonahmicahinguito/dev/rotaract-connect/ios/Pods/Headers/Public/EXDevLauncher/expo-dev-launcher-umbrella.h:15:

/Users/jonahmicahinguito/dev/rotaract-connect/ios/Pods/Headers/Private/expo-dev-launcher/EXDevLauncher/EXDevLauncherController.h:20:9: In file included from /Users/jonahmicahinguito/dev/rotaract-connect/ios/Pods/Headers/Private/expo-dev-launcher/EXDevLauncher/EXDevLauncherController.h:20:

/Users/jonahmicahinguito/dev/rotaract-connect/ios/Pods/Headers/Private/React-RCTAppDelegate/RCTAppDelegate.h:9:9: In file included from /Users/jonahmicahinguito/dev/rotaract-connect/ios/Pods/Headers/Private/React-RCTAppDelegate/RCTAppDelegate.h:9:

/Users/jonahmicahinguito/dev/rotaract-connect/ios/Pods/Headers/Private/React-RCTAppDelegate/RCTDefaultReactNativeFactoryDelegate.h:9:9: In file included from /Users/jonahmicahinguito/dev/rotaract-connect/ios/Pods/Headers/Private/React-RCTAppDelegate/RCTDefaultReactNativeFactoryDelegate.h:9:

/Users/jonahmicahinguito/dev/rotaract-connect/ios/Pods/Headers/Private/React-RCTAppDelegate/RCTReactNativeFactory.h:15:9: In file included from /Users/jonahmicahinguito/dev/rotaract-connect/ios/Pods/Headers/Private/React-RCTAppDelegate/RCTReactNativeFactory.h:15:

/Users/jonahmicahinguito/dev/rotaract-connect/ios/Pods/Headers/Private/React-RCTAppDelegate/RCTUIConfiguratorProtocol.h:40:28: 'RCTRootView' is deprecated: This API will be removed along with the legacy architecture.

SwiftCompile normal arm64 /Users/jonahmicahinguito/dev/rotaract-connect/node_modules/expo-dev-launcher/ios/SwiftUI/Utils/Avatar.swift (in target 'expo-dev-launcher' from project 'Pods')
    cd /Users/jonahmicahinguito/dev/rotaract-connect/ios/Pods
    

<module-includes>:1:9: note: in file included from <module-includes>:1:
#import "expo-dev-launcher-umbrella.h"
        ^
/Users/jonahmicahinguito/dev/rotaract-connect/ios/Pods/Headers/Public/EXDevLauncher/expo-dev-launcher-umbrella.h:15:9: note: in file included from /Users/jonahmicahinguito/dev/rotaract-connect/ios/Pods/Headers/Public/EXDevLauncher/expo-dev-launcher-umbrella.h:15:
#import "EXDevLauncher/EXDevLauncherController.h"
        ^
/Users/jonahmicahinguito/dev/rotaract-connect/ios/Pods/Headers/Private/expo-dev-launcher/EXDevLauncher/EXDevLauncherController.h:20:9: note: in file included from /Users/jonahmicahinguito/dev/rotaract-connect/ios/Pods/Headers/Private/expo-dev-launcher/EXDevLauncher/EXDevLauncherController.h:20:
#import <React-RCTAppDelegate/RCTAppDelegate.h>
        ^
/Users/jonahmicahinguito/dev/rotaract-connect/ios/Pods/Headers/Private/React-RCTAppDelegate/RCTAppDelegate.h:9:9: note: in file included from /Users/jonahmicahinguito/dev/rotaract-connect/ios/Pods/Headers/Private/React-RCTAppDelegate/RCTAppDelegate.h:9:
#import "RCTDefaultReactNativeFactoryDelegate.h"
        ^
/Users/jonahmicahinguito/dev/rotaract-connect/ios/Pods/Headers/Private/React-RCTAppDelegate/RCTDefaultReactNativeFactoryDelegate.h:9:9: note: in file included from /Users/jonahmicahinguito/dev/rotaract-connect/ios/Pods/Headers/Private/React-RCTAppDelegate/RCTDefaultReactNativeFactoryDelegate.h:9:
#import "RCTReactNativeFactory.h"
        ^
/Users/jonahmicahinguito/dev/rotaract-connect/ios/Pods/Headers/Private/React-RCTAppDelegate/RCTReactNativeFactory.h:15:9: note: in file included from /Users/jonahmicahinguito/dev/rotaract-connect/ios/Pods/Headers/Private/React-RCTAppDelegate/RCTReactNativeFactory.h:15:
#import "RCTUIConfiguratorProtocol.h"
        ^
/Users/jonahmicahinguito/dev/rotaract-connect/ios/Pods/Headers/Private/React-RCTAppDelegate/RCTUIConfiguratorProtocol.h:40:28: warning: 'RCTRootView' is deprecated: This API will be removed along with the legacy architecture.
- (void)customizeRootView:(RCTRootView *)rootView;
                           ^
/Users/jonahmicahinguito/dev/rotaract-connect/ios/Pods/Headers/Public/React-Core/React/RCTRootView.h:52:1: note: 'RCTRootView' has been explicitly marked deprecated here
__deprecated_msg("This API will be removed along with the legacy architecture.") @interface RCTRootView : UIView
^
/Applications/Xcode.app/Contents/Developer/Platforms/iPhoneOS.platform/Developer/SDKs/iPhoneOS26.5.sdk/usr/include/sys/cdefs.h:227:48: note: expanded from macro '__deprecated_msg'
        #define __deprecated_msg(_msg) __attribute__((__deprecated__(_msg)))
                                                      ^

/Users/jonahmicahinguito/dev/rotaract-connect/ios/Pods/<module-includes>:1:9: In file included from <module-includes>:1:

/Users/jonahmicahinguito/dev/rotaract-connect/ios/Pods/Headers/Public/EXDevLauncher/expo-dev-launcher-umbrella.h:15:9: In file included from /Users/jonahmicahinguito/dev/rotaract-connect/ios/Pods/Headers/Public/EXDevLauncher/expo-dev-launcher-umbrella.h:15:

/Users/jonahmicahinguito/dev/rotaract-connect/ios/Pods/Headers/Private/expo-dev-launcher/EXDevLauncher/EXDevLauncherController.h:20:9: In file included from /Users/jonahmicahinguito/dev/rotaract-connect/ios/Pods/Headers/Private/expo-dev-launcher/EXDevLauncher/EXDevLauncherController.h:20:

/Users/jonahmicahinguito/dev/rotaract-connect/ios/Pods/Headers/Private/React-RCTAppDelegate/RCTAppDelegate.h:9:9: In file included from /Users/jonahmicahinguito/dev/rotaract-connect/ios/Pods/Headers/Private/React-RCTAppDelegate/RCTAppDelegate.h:9:

/Users/jonahmicahinguito/dev/rotaract-connect/ios/Pods/Headers/Private/React-RCTAppDelegate/RCTDefaultReactNativeFactoryDelegate.h:9:9: In file included from /Users/jonahmicahinguito/dev/rotaract-connect/ios/Pods/Headers/Private/React-RCTAppDelegate/RCTDefaultReactNativeFactoryDelegate.h:9:

/Users/jonahmicahinguito/dev/rotaract-connect/ios/Pods/Headers/Private/React-RCTAppDelegate/RCTReactNativeFactory.h:15:9: In file included from /Users/jonahmicahinguito/dev/rotaract-connect/ios/Pods/Headers/Private/React-RCTAppDelegate/RCTReactNativeFactory.h:15:

/Users/jonahmicahinguito/dev/rotaract-connect/ios/Pods/Headers/Private/React-RCTAppDelegate/RCTUIConfiguratorProtocol.h:40:28: 'RCTRootView' is deprecated: This API will be removed along with the legacy architecture.

SwiftCompile normal arm64 /Users/jonahmicahinguito/dev/rotaract-connect/node_modules/expo-dev-launcher/ios/SwiftUI/CrashReportView.swift (in target 'expo-dev-launcher' from project 'Pods')
    cd /Users/jonahmicahinguito/dev/rotaract-connect/ios/Pods
    

<module-includes>:1:9: note: in file included from <module-includes>:1:
#import "expo-dev-launcher-umbrella.h"
        ^
/Users/jonahmicahinguito/dev/rotaract-connect/ios/Pods/Headers/Public/EXDevLauncher/expo-dev-launcher-umbrella.h:15:9: note: in file included from /Users/jonahmicahinguito/dev/rotaract-connect/ios/Pods/Headers/Public/EXDevLauncher/expo-dev-launcher-umbrella.h:15:
#import "EXDevLauncher/EXDevLauncherController.h"
        ^
/Users/jonahmicahinguito/dev/rotaract-connect/ios/Pods/Headers/Private/expo-dev-launcher/EXDevLauncher/EXDevLauncherController.h:20:9: note: in file included from /Users/jonahmicahinguito/dev/rotaract-connect/ios/Pods/Headers/Private/expo-dev-launcher/EXDevLauncher/EXDevLauncherController.h:20:
#import <React-RCTAppDelegate/RCTAppDelegate.h>
        ^
/Users/jonahmicahinguito/dev/rotaract-connect/ios/Pods/Headers/Private/React-RCTAppDelegate/RCTAppDelegate.h:9:9: note: in file included from /Users/jonahmicahinguito/dev/rotaract-connect/ios/Pods/Headers/Private/React-RCTAppDelegate/RCTAppDelegate.h:9:
#import "RCTDefaultReactNativeFactoryDelegate.h"
        ^
/Users/jonahmicahinguito/dev/rotaract-connect/ios/Pods/Headers/Private/React-RCTAppDelegate/RCTDefaultReactNativeFactoryDelegate.h:9:9: note: in file included from /Users/jonahmicahinguito/dev/rotaract-connect/ios/Pods/Headers/Private/React-RCTAppDelegate/RCTDefaultReactNativeFactoryDelegate.h:9:
#import "RCTReactNativeFactory.h"
        ^
/Users/jonahmicahinguito/dev/rotaract-connect/ios/Pods/Headers/Private/React-RCTAppDelegate/RCTReactNativeFactory.h:15:9: note: in file included from /Users/jonahmicahinguito/dev/rotaract-connect/ios/Pods/Headers/Private/React-RCTAppDelegate/RCTReactNativeFactory.h:15:
#import "RCTUIConfiguratorProtocol.h"
        ^
/Users/jonahmicahinguito/dev/rotaract-connect/ios/Pods/Headers/Private/React-RCTAppDelegate/RCTUIConfiguratorProtocol.h:40:28: warning: 'RCTRootView' is deprecated: This API will be removed along with the legacy architecture.
- (void)customizeRootView:(RCTRootView *)rootView;
                           ^
/Users/jonahmicahinguito/dev/rotaract-connect/ios/Pods/Headers/Public/React-Core/React/RCTRootView.h:52:1: note: 'RCTRootView' has been explicitly marked deprecated here
__deprecated_msg("This API will be removed along with the legacy architecture.") @interface RCTRootView : UIView
^
/Applications/Xcode.app/Contents/Developer/Platforms/iPhoneOS.platform/Developer/SDKs/iPhoneOS26.5.sdk/usr/include/sys/cdefs.h:227:48: note: expanded from macro '__deprecated_msg'
        #define __deprecated_msg(_msg) __attribute__((__deprecated__(_msg)))
                                                      ^

/Users/jonahmicahinguito/dev/rotaract-connect/ios/Pods/<module-includes>:1:9: In file included from <module-includes>:1:

/Users/jonahmicahinguito/dev/rotaract-connect/ios/Pods/Headers/Public/EXDevLauncher/expo-dev-launcher-umbrella.h:15:9: In file included from /Users/jonahmicahinguito/dev/rotaract-connect/ios/Pods/Headers/Public/EXDevLauncher/expo-dev-launcher-umbrella.h:15:

/Users/jonahmicahinguito/dev/rotaract-connect/ios/Pods/Headers/Private/expo-dev-launcher/EXDevLauncher/EXDevLauncherController.h:20:9: In file included from /Users/jonahmicahinguito/dev/rotaract-connect/ios/Pods/Headers/Private/expo-dev-launcher/EXDevLauncher/EXDevLauncherController.h:20:

/Users/jonahmicahinguito/dev/rotaract-connect/ios/Pods/Headers/Private/React-RCTAppDelegate/RCTAppDelegate.h:9:9: In file included from /Users/jonahmicahinguito/dev/rotaract-connect/ios/Pods/Headers/Private/React-RCTAppDelegate/RCTAppDelegate.h:9:

/Users/jonahmicahinguito/dev/rotaract-connect/ios/Pods/Headers/Private/React-RCTAppDelegate/RCTDefaultReactNativeFactoryDelegate.h:9:9: In file included from /Users/jonahmicahinguito/dev/rotaract-connect/ios/Pods/Headers/Private/React-RCTAppDelegate/RCTDefaultReactNativeFactoryDelegate.h:9:

/Users/jonahmicahinguito/dev/rotaract-connect/ios/Pods/Headers/Private/React-RCTAppDelegate/RCTReactNativeFactory.h:15:9: In file included from /Users/jonahmicahinguito/dev/rotaract-connect/ios/Pods/Headers/Private/React-RCTAppDelegate/RCTReactNativeFactory.h:15:

/Users/jonahmicahinguito/dev/rotaract-connect/ios/Pods/Headers/Private/React-RCTAppDelegate/RCTUIConfiguratorProtocol.h:40:28: 'RCTRootView' is deprecated: This API will be removed along with the legacy architecture.

SwiftCompile normal arm64 /Users/jonahmicahinguito/dev/rotaract-connect/node_modules/expo-dev-launcher/ios/SwiftUI/Data.swift (in target 'expo-dev-launcher' from project 'Pods')
    cd /Users/jonahmicahinguito/dev/rotaract-connect/ios/Pods
    

<module-includes>:1:9: note: in file included from <module-includes>:1:
#import "expo-dev-launcher-umbrella.h"
        ^
/Users/jonahmicahinguito/dev/rotaract-connect/ios/Pods/Headers/Public/EXDevLauncher/expo-dev-launcher-umbrella.h:15:9: note: in file included from /Users/jonahmicahinguito/dev/rotaract-connect/ios/Pods/Headers/Public/EXDevLauncher/expo-dev-launcher-umbrella.h:15:
#import "EXDevLauncher/EXDevLauncherController.h"
        ^
/Users/jonahmicahinguito/dev/rotaract-connect/ios/Pods/Headers/Private/expo-dev-launcher/EXDevLauncher/EXDevLauncherController.h:20:9: note: in file included from /Users/jonahmicahinguito/dev/rotaract-connect/ios/Pods/Headers/Private/expo-dev-launcher/EXDevLauncher/EXDevLauncherController.h:20:
#import <React-RCTAppDelegate/RCTAppDelegate.h>
        ^
/Users/jonahmicahinguito/dev/rotaract-connect/ios/Pods/Headers/Private/React-RCTAppDelegate/RCTAppDelegate.h:9:9: note: in file included from /Users/jonahmicahinguito/dev/rotaract-connect/ios/Pods/Headers/Private/React-RCTAppDelegate/RCTAppDelegate.h:9:
#import "RCTDefaultReactNativeFactoryDelegate.h"
        ^
/Users/jonahmicahinguito/dev/rotaract-connect/ios/Pods/Headers/Private/React-RCTAppDelegate/RCTDefaultReactNativeFactoryDelegate.h:9:9: note: in file included from /Users/jonahmicahinguito/dev/rotaract-connect/ios/Pods/Headers/Private/React-RCTAppDelegate/RCTDefaultReactNativeFactoryDelegate.h:9:
#import "RCTReactNativeFactory.h"
        ^
/Users/jonahmicahinguito/dev/rotaract-connect/ios/Pods/Headers/Private/React-RCTAppDelegate/RCTReactNativeFactory.h:15:9: note: in file included from /Users/jonahmicahinguito/dev/rotaract-connect/ios/Pods/Headers/Private/React-RCTAppDelegate/RCTReactNativeFactory.h:15:
#import "RCTUIConfiguratorProtocol.h"
        ^
/Users/jonahmicahinguito/dev/rotaract-connect/ios/Pods/Headers/Private/React-RCTAppDelegate/RCTUIConfiguratorProtocol.h:40:28: warning: 'RCTRootView' is deprecated: This API will be removed along with the legacy architecture.
- (void)customizeRootView:(RCTRootView *)rootView;
                           ^
/Users/jonahmicahinguito/dev/rotaract-connect/ios/Pods/Headers/Public/React-Core/React/RCTRootView.h:52:1: note: 'RCTRootView' has been explicitly marked deprecated here
__deprecated_msg("This API will be removed along with the legacy architecture.") @interface RCTRootView : UIView
^
/Applications/Xcode.app/Contents/Developer/Platforms/iPhoneOS.platform/Developer/SDKs/iPhoneOS26.5.sdk/usr/include/sys/cdefs.h:227:48: note: expanded from macro '__deprecated_msg'
        #define __deprecated_msg(_msg) __attribute__((__deprecated__(_msg)))
                                                      ^

/Users/jonahmicahinguito/dev/rotaract-connect/ios/Pods/<module-includes>:1:9: In file included from <module-includes>:1:

/Users/jonahmicahinguito/dev/rotaract-connect/ios/Pods/Headers/Public/EXDevLauncher/expo-dev-launcher-umbrella.h:15:9: In file included from /Users/jonahmicahinguito/dev/rotaract-connect/ios/Pods/Headers/Public/EXDevLauncher/expo-dev-launcher-umbrella.h:15:

/Users/jonahmicahinguito/dev/rotaract-connect/ios/Pods/Headers/Private/expo-dev-launcher/EXDevLauncher/EXDevLauncherController.h:20:9: In file included from /Users/jonahmicahinguito/dev/rotaract-connect/ios/Pods/Headers/Private/expo-dev-launcher/EXDevLauncher/EXDevLauncherController.h:20:

/Users/jonahmicahinguito/dev/rotaract-connect/ios/Pods/Headers/Private/React-RCTAppDelegate/RCTAppDelegate.h:9:9: In file included from /Users/jonahmicahinguito/dev/rotaract-connect/ios/Pods/Headers/Private/React-RCTAppDelegate/RCTAppDelegate.h:9:

/Users/jonahmicahinguito/dev/rotaract-connect/ios/Pods/Headers/Private/React-RCTAppDelegate/RCTDefaultReactNativeFactoryDelegate.h:9:9: In file included from /Users/jonahmicahinguito/dev/rotaract-connect/ios/Pods/Headers/Private/React-RCTAppDelegate/RCTDefaultReactNativeFactoryDelegate.h:9:

/Users/jonahmicahinguito/dev/rotaract-connect/ios/Pods/Headers/Private/React-RCTAppDelegate/RCTReactNativeFactory.h:15:9: In file included from /Users/jonahmicahinguito/dev/rotaract-connect/ios/Pods/Headers/Private/React-RCTAppDelegate/RCTReactNativeFactory.h:15:

/Users/jonahmicahinguito/dev/rotaract-connect/ios/Pods/Headers/Private/React-RCTAppDelegate/RCTUIConfiguratorProtocol.h:40:28: 'RCTRootView' is deprecated: This API will be removed along with the legacy architecture.

SwiftCompile normal arm64 Compiling\ EXDevLauncherUtils.swift,\ ExpoDevLauncherAppDelegateSubscriber.swift,\ ExpoDevLauncherReactDelegateHandler.swift,\ HomeTabView.swift,\ LocalNetworkPermissionView.swift /Users/jonahmicahinguito/dev/rotaract-connect/node_modules/expo-dev-launcher/ios/EXDevLauncherUtils.swift /Users/jonahmicahinguito/dev/rotaract-connect/node_modules/expo-dev-launcher/ios/ReactDelegateHandler/ExpoDevLauncherAppDelegateSubscriber.swift /Users/jonahmicahinguito/dev/rotaract-connect/node_modules/expo-dev-launcher/ios/ReactDelegateHandler/ExpoDevLauncherReactDelegateHandler.swift /Users/jonahmicahinguito/dev/rotaract-connect/node_modules/expo-dev-launcher/ios/SwiftUI/HomeTabView.swift /Users/jonahmicahinguito/dev/rotaract-connect/node_modules/expo-dev-launcher/ios/SwiftUI/LocalNetworkPermissionView.swift (in target 'expo-dev-launcher' from project 'Pods')

SwiftCompile normal arm64 /Users/jonahmicahinguito/dev/rotaract-connect/node_modules/expo-dev-launcher/ios/EXDevLauncherUtils.swift (in target 'expo-dev-launcher' from project 'Pods')
    cd /Users/jonahmicahinguito/dev/rotaract-connect/ios/Pods
    

<module-includes>:1:9: note: in file included from <module-includes>:1:
#import "expo-dev-launcher-umbrella.h"
        ^
/Users/jonahmicahinguito/dev/rotaract-connect/ios/Pods/Headers/Public/EXDevLauncher/expo-dev-launcher-umbrella.h:15:9: note: in file included from /Users/jonahmicahinguito/dev/rotaract-connect/ios/Pods/Headers/Public/EXDevLauncher/expo-dev-launcher-umbrella.h:15:
#import "EXDevLauncher/EXDevLauncherController.h"
        ^
/Users/jonahmicahinguito/dev/rotaract-connect/ios/Pods/Headers/Private/expo-dev-launcher/EXDevLauncher/EXDevLauncherController.h:20:9: note: in file included from /Users/jonahmicahinguito/dev/rotaract-connect/ios/Pods/Headers/Private/expo-dev-launcher/EXDevLauncher/EXDevLauncherController.h:20:
#import <React-RCTAppDelegate/RCTAppDelegate.h>
        ^
/Users/jonahmicahinguito/dev/rotaract-connect/ios/Pods/Headers/Private/React-RCTAppDelegate/RCTAppDelegate.h:9:9: note: in file included from /Users/jonahmicahinguito/dev/rotaract-connect/ios/Pods/Headers/Private/React-RCTAppDelegate/RCTAppDelegate.h:9:
#import "RCTDefaultReactNativeFactoryDelegate.h"
        ^
/Users/jonahmicahinguito/dev/rotaract-connect/ios/Pods/Headers/Private/React-RCTAppDelegate/RCTDefaultReactNativeFactoryDelegate.h:9:9: note: in file included from /Users/jonahmicahinguito/dev/rotaract-connect/ios/Pods/Headers/Private/React-RCTAppDelegate/RCTDefaultReactNativeFactoryDelegate.h:9:
#import "RCTReactNativeFactory.h"
        ^
/Users/jonahmicahinguito/dev/rotaract-connect/ios/Pods/Headers/Private/React-RCTAppDelegate/RCTReactNativeFactory.h:15:9: note: in file included from /Users/jonahmicahinguito/dev/rotaract-connect/ios/Pods/Headers/Private/React-RCTAppDelegate/RCTReactNativeFactory.h:15:
#import "RCTUIConfiguratorProtocol.h"
        ^
/Users/jonahmicahinguito/dev/rotaract-connect/node_modules/expo-dev-launcher/ios/EXDevLauncherUtils.swift:35:11: warning: constant 'metaClass' inferred to have type 'AnyClass?' (aka 'Optional<any AnyObject.Type>'), which may be unexpected
      let metaClass = objc_getMetaClass(String(describing: forClass)) as? AnyClass
          ^
/Users/jonahmicahinguito/dev/rotaract-connect/node_modules/expo-dev-launcher/ios/EXDevLauncherUtils.swift:35:11: note: add an explicit type annotation to silence this warning
      let metaClass = objc_getMetaClass(String(describing: forClass)) as? AnyClass
          ^
                   : AnyClass?

/Users/jonahmicahinguito/dev/rotaract-connect/ios/Pods/<module-includes>:1:9: In file included from <module-includes>:1:

/Users/jonahmicahinguito/dev/rotaract-connect/ios/Pods/Headers/Public/EXDevLauncher/expo-dev-launcher-umbrella.h:15:9: In file included from /Users/jonahmicahinguito/dev/rotaract-connect/ios/Pods/Headers/Public/EXDevLauncher/expo-dev-launcher-umbrella.h:15:

/Users/jonahmicahinguito/dev/rotaract-connect/ios/Pods/Headers/Private/expo-dev-launcher/EXDevLauncher/EXDevLauncherController.h:20:9: In file included from /Users/jonahmicahinguito/dev/rotaract-connect/ios/Pods/Headers/Private/expo-dev-launcher/EXDevLauncher/EXDevLauncherController.h:20:

/Users/jonahmicahinguito/dev/rotaract-connect/ios/Pods/Headers/Private/React-RCTAppDelegate/RCTAppDelegate.h:9:9: In file included from /Users/jonahmicahinguito/dev/rotaract-connect/ios/Pods/Headers/Private/React-RCTAppDelegate/RCTAppDelegate.h:9:

/Users/jonahmicahinguito/dev/rotaract-connect/ios/Pods/Headers/Private/React-RCTAppDelegate/RCTDefaultReactNativeFactoryDelegate.h:9:9: In file included from /Users/jonahmicahinguito/dev/rotaract-connect/ios/Pods/Headers/Private/React-RCTAppDelegate/RCTDefaultReactNativeFactoryDelegate.h:9:

/Users/jonahmicahinguito/dev/rotaract-connect/ios/Pods/Headers/Private/React-RCTAppDelegate/RCTReactNativeFactory.h:15:9: In file included from /Users/jonahmicahinguito/dev/rotaract-connect/ios/Pods/Headers/Private/React-RCTAppDelegate/RCTReactNativeFactory.h:15:

/Users/jonahmicahinguito/dev/rotaract-connect/node_modules/expo-dev-launcher/ios/EXDevLauncherUtils.swift:35:11: Constant 'metaClass' inferred to have type 'AnyClass?' (aka 'Optional<any AnyObject.Type>'), which may be unexpected

SwiftCompile normal arm64 /Users/jonahmicahinguito/dev/rotaract-connect/node_modules/expo-dev-launcher/ios/ReactDelegateHandler/ExpoDevLauncherReactDelegateHandler.swift (in target 'expo-dev-launcher' from project 'Pods')
    cd /Users/jonahmicahinguito/dev/rotaract-connect/ios/Pods
    

<module-includes>:1:9: note: in file included from <module-includes>:1:
#import "expo-dev-launcher-umbrella.h"
        ^
/Users/jonahmicahinguito/dev/rotaract-connect/ios/Pods/Headers/Public/EXDevLauncher/expo-dev-launcher-umbrella.h:15:9: note: in file included from /Users/jonahmicahinguito/dev/rotaract-connect/ios/Pods/Headers/Public/EXDevLauncher/expo-dev-launcher-umbrella.h:15:
#import "EXDevLauncher/EXDevLauncherController.h"
        ^
/Users/jonahmicahinguito/dev/rotaract-connect/ios/Pods/Headers/Private/expo-dev-launcher/EXDevLauncher/EXDevLauncherController.h:20:9: note: in file included from /Users/jonahmicahinguito/dev/rotaract-connect/ios/Pods/Headers/Private/expo-dev-launcher/EXDevLauncher/EXDevLauncherController.h:20:
#import <React-RCTAppDelegate/RCTAppDelegate.h>
        ^
/Users/jonahmicahinguito/dev/rotaract-connect/ios/Pods/Headers/Private/React-RCTAppDelegate/RCTAppDelegate.h:9:9: note: in file included from /Users/jonahmicahinguito/dev/rotaract-connect/ios/Pods/Headers/Private/React-RCTAppDelegate/RCTAppDelegate.h:9:
#import "RCTDefaultReactNativeFactoryDelegate.h"
        ^
/Users/jonahmicahinguito/dev/rotaract-connect/ios/Pods/Headers/Private/React-RCTAppDelegate/RCTDefaultReactNativeFactoryDelegate.h:9:9: note: in file included from /Users/jonahmicahinguito/dev/rotaract-connect/ios/Pods/Headers/Private/React-RCTAppDelegate/RCTDefaultReactNativeFactoryDelegate.h:9:
#import "RCTReactNativeFactory.h"
        ^
/Users/jonahmicahinguito/dev/rotaract-connect/ios/Pods/Headers/Private/React-RCTAppDelegate/RCTReactNativeFactory.h:15:9: note: in file included from /Users/jonahmicahinguito/dev/rotaract-connect/ios/Pods/Headers/Private/React-RCTAppDelegate/RCTReactNativeFactory.h:15:
#import "RCTUIConfiguratorProtocol.h"
        ^
/Users/jonahmicahinguito/dev/rotaract-connect/node_modules/expo-dev-launcher/ios/ReactDelegateHandler/ExpoDevLauncherReactDelegateHandler.swift:99:32: warning: 'bridge' is deprecated: The bridge is deprecated and will be removed when removing the legacy architecture.
      self.reactNativeFactory?.bridge = nil
                               ^

/Users/jonahmicahinguito/dev/rotaract-connect/ios/Pods/<module-includes>:1:9: In file included from <module-includes>:1:

/Users/jonahmicahinguito/dev/rotaract-connect/ios/Pods/Headers/Public/EXDevLauncher/expo-dev-launcher-umbrella.h:15:9: In file included from /Users/jonahmicahinguito/dev/rotaract-connect/ios/Pods/Headers/Public/EXDevLauncher/expo-dev-launcher-umbrella.h:15:

/Users/jonahmicahinguito/dev/rotaract-connect/ios/Pods/Headers/Private/expo-dev-launcher/EXDevLauncher/EXDevLauncherController.h:20:9: In file included from /Users/jonahmicahinguito/dev/rotaract-connect/ios/Pods/Headers/Private/expo-dev-launcher/EXDevLauncher/EXDevLauncherController.h:20:

/Users/jonahmicahinguito/dev/rotaract-connect/ios/Pods/Headers/Private/React-RCTAppDelegate/RCTAppDelegate.h:9:9: In file included from /Users/jonahmicahinguito/dev/rotaract-connect/ios/Pods/Headers/Private/React-RCTAppDelegate/RCTAppDelegate.h:9:

/Users/jonahmicahinguito/dev/rotaract-connect/ios/Pods/Headers/Private/React-RCTAppDelegate/RCTDefaultReactNativeFactoryDelegate.h:9:9: In file included from /Users/jonahmicahinguito/dev/rotaract-connect/ios/Pods/Headers/Private/React-RCTAppDelegate/RCTDefaultReactNativeFactoryDelegate.h:9:

/Users/jonahmicahinguito/dev/rotaract-connect/ios/Pods/Headers/Private/React-RCTAppDelegate/RCTReactNativeFactory.h:15:9: In file included from /Users/jonahmicahinguito/dev/rotaract-connect/ios/Pods/Headers/Private/React-RCTAppDelegate/RCTReactNativeFactory.h:15:

/Users/jonahmicahinguito/dev/rotaract-connect/node_modules/expo-dev-launcher/ios/ReactDelegateHandler/ExpoDevLauncherReactDelegateHandler.swift:99:32: 'bridge' is deprecated: The bridge is deprecated and will be removed when removing the legacy architecture.

SwiftEmitModule normal arm64 Emitting\ module\ for\ EXDevLauncher (in target 'expo-dev-launcher' from project 'Pods')

EmitSwiftModule normal arm64 (in target 'expo-dev-launcher' from project 'Pods')
    cd /Users/jonahmicahinguito/dev/rotaract-connect/ios/Pods
    

<module-includes>:1:9: note: in file included from <module-includes>:1:
#import "expo-dev-launcher-umbrella.h"
        ^
/Users/jonahmicahinguito/dev/rotaract-connect/ios/Pods/Headers/Public/EXDevLauncher/expo-dev-launcher-umbrella.h:15:9: note: in file included from /Users/jonahmicahinguito/dev/rotaract-connect/ios/Pods/Headers/Public/EXDevLauncher/expo-dev-launcher-umbrella.h:15:
#import "EXDevLauncher/EXDevLauncherController.h"
        ^
/Users/jonahmicahinguito/dev/rotaract-connect/ios/Pods/Headers/Private/expo-dev-launcher/EXDevLauncher/EXDevLauncherController.h:20:9: note: in file included from /Users/jonahmicahinguito/dev/rotaract-connect/ios/Pods/Headers/Private/expo-dev-launcher/EXDevLauncher/EXDevLauncherController.h:20:
#import <React-RCTAppDelegate/RCTAppDelegate.h>
        ^
/Users/jonahmicahinguito/dev/rotaract-connect/ios/Pods/Headers/Private/React-RCTAppDelegate/RCTAppDelegate.h:9:9: note: in file included from /Users/jonahmicahinguito/dev/rotaract-connect/ios/Pods/Headers/Private/React-RCTAppDelegate/RCTAppDelegate.h:9:
#import "RCTDefaultReactNativeFactoryDelegate.h"
        ^
/Users/jonahmicahinguito/dev/rotaract-connect/ios/Pods/Headers/Private/React-RCTAppDelegate/RCTDefaultReactNativeFactoryDelegate.h:9:9: note: in file included from /Users/jonahmicahinguito/dev/rotaract-connect/ios/Pods/Headers/Private/React-RCTAppDelegate/RCTDefaultReactNativeFactoryDelegate.h:9:
#import "RCTReactNativeFactory.h"
        ^
/Users/jonahmicahinguito/dev/rotaract-connect/ios/Pods/Headers/Private/React-RCTAppDelegate/RCTReactNativeFactory.h:15:9: note: in file included from /Users/jonahmicahinguito/dev/rotaract-connect/ios/Pods/Headers/Private/React-RCTAppDelegate/RCTReactNativeFactory.h:15:
#import "RCTUIConfiguratorProtocol.h"
        ^
/Users/jonahmicahinguito/dev/rotaract-connect/ios/Pods/Headers/Private/React-RCTAppDelegate/RCTUIConfiguratorProtocol.h:40:28: warning: 'RCTRootView' is deprecated: This API will be removed along with the legacy architecture.
- (void)customizeRootView:(RCTRootView *)rootView;
                           ^
/Users/jonahmicahinguito/dev/rotaract-connect/ios/Pods/Headers/Public/React-Core/React/RCTRootView.h:52:1: note: 'RCTRootView' has been explicitly marked deprecated here
__deprecated_msg("This API will be removed along with the legacy architecture.") @interface RCTRootView : UIView
^
/Applications/Xcode.app/Contents/Developer/Platforms/iPhoneOS.platform/Developer/SDKs/iPhoneOS26.5.sdk/usr/include/sys/cdefs.h:227:48: note: expanded from macro '__deprecated_msg'
        #define __deprecated_msg(_msg) __attribute__((__deprecated__(_msg)))
                                                      ^
/Users/jonahmicahinguito/dev/rotaract-connect/node_modules/expo-dev-launcher/ios/DevLauncherNetworkInterceptor.swift:12:15: warning: stored property 'metroConnection' of 'Sendable'-conforming class 'DevLauncherNetworkInterceptor' has non-Sendable type 'RCTReconnectingWebSocket'; this is an error in the Swift 6 language mode
  private let metroConnection: RCTReconnectingWebSocket
              ^
/Users/jonahmicahinguito/dev/rotaract-connect/ios/Pods/Headers/Public/React-Core/React/RCTReconnectingWebSocket.h:21:12: note: class 'RCTReconnectingWebSocket' does not conform to the 'Sendable' protocol
@interface RCTReconnectingWebSocket : NSObject
           ^
/Users/jonahmicahinguito/dev/rotaract-connect/node_modules/expo-dev-launcher/ios/DevLauncherNetworkInterceptor.swift:4:1: warning: add '@preconcurrency' to suppress 'Sendable'-related warnings from module 'React'
import React
^
@preconcurrency 

/Users/jonahmicahinguito/dev/rotaract-connect/ios/Pods/<module-includes>:1:9: In file included from <module-includes>:1:

/Users/jonahmicahinguito/dev/rotaract-connect/ios/Pods/Headers/Public/EXDevLauncher/expo-dev-launcher-umbrella.h:15:9: In file included from /Users/jonahmicahinguito/dev/rotaract-connect/ios/Pods/Headers/Public/EXDevLauncher/expo-dev-launcher-umbrella.h:15:

/Users/jonahmicahinguito/dev/rotaract-connect/ios/Pods/Headers/Private/expo-dev-launcher/EXDevLauncher/EXDevLauncherController.h:20:9: In file included from /Users/jonahmicahinguito/dev/rotaract-connect/ios/Pods/Headers/Private/expo-dev-launcher/EXDevLauncher/EXDevLauncherController.h:20:

/Users/jonahmicahinguito/dev/rotaract-connect/ios/Pods/Headers/Private/React-RCTAppDelegate/RCTAppDelegate.h:9:9: In file included from /Users/jonahmicahinguito/dev/rotaract-connect/ios/Pods/Headers/Private/React-RCTAppDelegate/RCTAppDelegate.h:9:

/Users/jonahmicahinguito/dev/rotaract-connect/ios/Pods/Headers/Private/React-RCTAppDelegate/RCTDefaultReactNativeFactoryDelegate.h:9:9: In file included from /Users/jonahmicahinguito/dev/rotaract-connect/ios/Pods/Headers/Private/React-RCTAppDelegate/RCTDefaultReactNativeFactoryDelegate.h:9:

/Users/jonahmicahinguito/dev/rotaract-connect/ios/Pods/Headers/Private/React-RCTAppDelegate/RCTReactNativeFactory.h:15:9: In file included from /Users/jonahmicahinguito/dev/rotaract-connect/ios/Pods/Headers/Private/React-RCTAppDelegate/RCTReactNativeFactory.h:15:

/Users/jonahmicahinguito/dev/rotaract-connect/ios/Pods/Headers/Private/React-RCTAppDelegate/RCTUIConfiguratorProtocol.h:40:28: 'RCTRootView' is deprecated: This API will be removed along with the legacy architecture.

/Users/jonahmicahinguito/dev/rotaract-connect/node_modules/expo-dev-launcher/ios/DevLauncherNetworkInterceptor.swift:12:15: Stored property 'metroConnection' of 'Sendable'-conforming class 'DevLauncherNetworkInterceptor' has non-Sendable type 'RCTReconnectingWebSocket'; this is an error in the Swift 6 language mode

/Users/jonahmicahinguito/dev/rotaract-connect/node_modules/expo-dev-launcher/ios/DevLauncherNetworkInterceptor.swift:4:1: Add '@preconcurrency' to suppress 'Sendable'-related warnings from module 'React'

CompileC /Users/jonahmicahinguito/Library/Developer/Xcode/DerivedData/rotaractconnect-cjwcbdlngckcsaantafkjnfzfbdk/Build/Intermediates.noindex/Pods.build/Debug-iphoneos/expo-dev-launcher.build/Objects-normal/arm64/RCTPackagerConnection+EXDevLauncherPackagerConnectionInterceptor.o /Users/jonahmicahinguito/dev/rotaract-connect/node_modules/expo-dev-launcher/ios/Unsafe/RCTPackagerConnection+EXDevLauncherPackagerConnectionInterceptor.m normal arm64 objective-c++ com.apple.compilers.llvm.clang.1_0.compiler (in target 'expo-dev-launcher' from project 'Pods')
    cd /Users/jonahmicahinguito/dev/rotaract-connect/ios/Pods
    
    Using response file: /Users/jonahmicahinguito/Library/Developer/Xcode/DerivedData/rotaractconnect-cjwcbdlngckcsaantafkjnfzfbdk/Build/Intermediates.noindex/Pods.build/Debug-iphoneos/expo-dev-launcher.build/Objects-normal/arm64/af3fcb34312c57c0f52879cdce924b91-common-args.resp
    
    /Applications/Xcode.app/Contents/Developer/Toolchains/XcodeDefault.xctoolchain/usr/bin/clang -x objective-c++ -ivfsstatcache /Users/jonahmicahinguito/Library/Developer/Xcode/DerivedData/SDKStatCaches.noindex/iphoneos26.5-23F81a-32daed1954a7d5dd0789fcaf2a9bb78b.sdkstatcache -target arm64-apple-ios16.4 -fmessage-length\=0 -fdiagnostics-show-note-include-stack -fmacro-backtrace-limit\=0 -fno-color-diagnostics -fmodules-prune-interval\=86400 -fmodules-prune-after\=345600 -fbuild-session-file\=/Users/jonahmicahinguito/Library/Developer/Xcode/DerivedData/ModuleCache.noindex/Session.modulevalidation -fmodules-validate-once-per-build-session -Wnon-modular-include-in-framework-module -Werror\=non-modular-include-in-framework-module -Wno-trigraphs -Wno-missing-field-initializers -Wno-missing-prototypes -Werror\=return-type -Wdocumentation -Wunreachable-code -Wno-implicit-atomic-properties -Werror\=deprecated-objc-isa-usage -Wno-objc-interface-ivars -Werror\=objc-root-class -Wno-arc-repeated-use-of-weak -Wimplicit-retain-self -Wno-non-virtual-dtor -Wno-overloaded-virtual -Wno-exit-time-destructors -Wduplicate-method-match -Wno-missing-braces -Wparentheses -Wswitch -Wunused-function -Wno-unused-label -Wno-unused-parameter -Wunused-variable -Wunused-value -Wempty-body -Wuninitialized -Wconditional-uninitialized -Wno-unknown-pragmas -Wno-shadow -Wno-four-char-constants -Wno-conversion -Wconstant-conversion -Wint-conversion -Wbool-conversion -Wenum-conversion -Wno-float-conversion -Wnon-literal-null-conversion -Wobjc-literal-conversion -Wshorten-64-to-32 -Wno-newline-eof -Wno-selector -Wno-strict-selector-match -Wundeclared-selector -Wdeprecated-implementations -Wno-c++11-extensions -Wno-implicit-fallthrough -isysroot /Applications/Xcode.app/Contents/Developer/Platforms/iPhoneOS.platform/Developer/SDKs/iPhoneOS26.5.sdk -fstrict-aliasing -Wprotocol -Wdeprecated-declarations -Winvalid-offsetof -Wno-sign-conversion -Winfinite-recursion -Wmove -Wcomma -Wblock-capture-autoreleasing -Wstrict-prototypes -Wrange-loop-analysis -Wno-semicolon-before-method-body -Wunguarded-availability -index-store-path /Users/jonahmicahinguito/Library/Developer/Xcode/DerivedData/rotaractconnect-cjwcbdlngckcsaantafkjnfzfbdk/Index.noindex/DataStore @/Users/jonahmicahinguito/Library/Developer/Xcode/DerivedData/rotaractconnect-cjwcbdlngckcsaantafkjnfzfbdk/Build/Intermediates.noindex/Pods.build/Debug-iphoneos/expo-dev-launcher.build/Objects-normal/arm64/af3fcb34312c57c0f52879cdce924b91-common-args.resp -DRCT_NEW_ARCH_ENABLED\=1 -x objective-c++ -std\=c++20 -fno-objc-arc -include /Users/jonahmicahinguito/dev/rotaract-connect/ios/Pods/Target\ Support\ Files/expo-dev-launcher/expo-dev-launcher-prefix.pch -MMD -MT dependencies -MF /Users/jonahmicahinguito/Library/Developer/Xcode/DerivedData/rotaractconnect-cjwcbdlngckcsaantafkjnfzfbdk/Build/Intermediates.noindex/Pods.build/Debug-iphoneos/expo-dev-launcher.build/Objects-normal/arm64/RCTPackagerConnection+EXDevLauncherPackagerConnectionInterceptor.d --serialize-diagnostics /Users/jonahmicahinguito/Library/Developer/Xcode/DerivedData/rotaractconnect-cjwcbdlngckcsaantafkjnfzfbdk/Build/Intermediates.noindex/Pods.build/Debug-iphoneos/expo-dev-launcher.build/Objects-normal/arm64/RCTPackagerConnection+EXDevLauncherPackagerConnectionInterceptor.dia -c /Users/jonahmicahinguito/dev/rotaract-connect/node_modules/expo-dev-launcher/ios/Unsafe/RCTPackagerConnection+EXDevLauncherPackagerConnectionInterceptor.m -o /Users/jonahmicahinguito/Library/Developer/Xcode/DerivedData/rotaractconnect-cjwcbdlngckcsaantafkjnfzfbdk/Build/Intermediates.noindex/Pods.build/Debug-iphoneos/expo-dev-launcher.build/Objects-normal/arm64/RCTPackagerConnection+EXDevLauncherPackagerConnectionInterceptor.o -index-unit-output-path /Pods.build/Debug-iphoneos/expo-dev-launcher.build/Objects-normal/arm64/RCTPackagerConnection+EXDevLauncherPackagerConnectionInterceptor.o

In file included from /Users/jonahmicahinguito/dev/rotaract-connect/node_modules/expo-dev-launcher/ios/Unsafe/RCTPackagerConnection+EXDevLauncherPackagerConnectionInterceptor.m:7:
In file included from /Users/jonahmicahinguito/dev/rotaract-connect/ios/Pods/Headers/Private/expo-dev-launcher/EXDevLauncher/RCTPackagerConnection+EXDevLauncherPackagerConnectionInterceptor.h:3:
In file included from /Users/jonahmicahinguito/dev/rotaract-connect/ios/Pods/Headers/Public/React-Core/React/RCTPackagerConnection.h:10:
/Users/jonahmicahinguito/dev/rotaract-connect/ios/Pods/Headers/Public/React-Core/React/RCTBundleManager.h:77:1: warning: no 'assign', 'retain', or 'copy' attribute is specified - 'assign' is assumed [-Wobjc-property-no-attribute]
   77 | @property (nonatomic, nullable) NSURL *bundleURL;
      | ^
/Users/jonahmicahinguito/dev/rotaract-connect/ios/Pods/Headers/Public/React-Core/React/RCTBundleManager.h:77:1: warning: default property attribute 'assign' not appropriate for object [-Wobjc-property-no-attribute]
/Users/jonahmicahinguito/dev/rotaract-connect/ios/Pods/Headers/Public/React-Core/React/RCTBundleManager.h:78:1: warning: no 'assign', 'retain', or 'copy' attribute is specified - 'assign' is assumed [-Wobjc-property-no-attribute]
   78 | @property (nonatomic, nonnull) RCTBundleConfiguration *bundleConfig;
      | ^
/Users/jonahmicahinguito/dev/rotaract-connect/ios/Pods/Headers/Public/React-Core/React/RCTBundleManager.h:78:1: warning: default property attribute 'assign' not appropriate for object [-Wobjc-property-no-attribute]
In file included from /Users/jonahmicahinguito/dev/rotaract-connect/node_modules/expo-dev-launcher/ios/Unsafe/RCTPackagerConnection+EXDevLauncherPackagerConnectionInterceptor.m:8:
In file included from /Users/jonahmicahinguito/dev/rotaract-connect/ios/Pods/Headers/Private/expo-dev-launcher/EXDevLauncher/EXDevLauncherController.h:20:
In file included from /Users/jonahmicahinguito/dev/rotaract-connect/ios/Pods/Headers/Private/React-RCTAppDelegate/RCTAppDelegate.h:9:
In file included from /Users/jonahmicahinguito/dev/rotaract-connect/ios/Pods/Headers/Private/React-RCTAppDelegate/RCTDefaultReactNativeFactoryDelegate.h:9:
In file included from /Users/jonahmicahinguito/dev/rotaract-connect/ios/Pods/Headers/Private/React-RCTAppDelegate/RCTReactNativeFactory.h:15:
/Users/jonahmicahinguito/dev/rotaract-connect/ios/Pods/Headers/Private/React-RCTAppDelegate/RCTUIConfiguratorProtocol.h:40:28: warning: 'RCTRootView' is deprecated: This API will be removed along with the legacy architecture. [-Wdeprecated-declarations]
   40 | - (void)customizeRootView:(RCTRootView *)rootView;
      |                            ^
In file included from /Users/jonahmicahinguito/dev/rotaract-connect/node_modules/expo-dev-launcher/ios/Unsafe/RCTPackagerConnection+EXDevLauncherPackagerConnectionInterceptor.m:8:
In file included from /Users/jonahmicahinguito/dev/rotaract-connect/ios/Pods/Headers/Private/expo-dev-launcher/EXDevLauncher/EXDevLauncherController.h:20:
In file included from /Users/jonahmicahinguito/dev/rotaract-connect/ios/Pods/Headers/Private/React-RCTAppDelegate/RCTAppDelegate.h:9:
In file included from /Users/jonahmicahinguito/dev/rotaract-connect/ios/Pods/Headers/Private/React-RCTAppDelegate/RCTDefaultReactNativeFactoryDelegate.h:9:
In file included from /Users/jonahmicahinguito/dev/rotaract-connect/ios/Pods/Headers/Private/React-RCTAppDelegate/RCTReactNativeFactory.h:14:
In file included from /Users/jonahmicahinguito/dev/rotaract-connect/ios/Pods/Headers/Private/React-RCTAppDelegate/RCTRootViewFactory.h:9:
/Users/jonahmicahinguito/dev/rotaract-connect/ios/Pods/Headers/Public/React-Core/React/RCTRootView.h:52:1: note: 'RCTRootView' has been explicitly marked deprecated here
   52 | __deprecated_msg("This API will be removed along with the legacy architecture.") @interface RCTRootView : UIView
      | ^
In file included from <built-in>:1:
In file included from /Users/jonahmicahinguito/dev/rotaract-connect/ios/Pods/Target Support Files/expo-dev-launcher/expo-dev-launcher-prefix.pch:2:
In file included from /Applications/Xcode.app/Contents/Developer/Platforms/iPhoneOS.platform/Developer/SDKs/iPhoneOS26.5.sdk/System/Library/Frameworks/UIKit.framework/Headers/UIKit.h:8:
In file included from /Applications/Xcode.app/Contents/Developer/Platforms/iPhoneOS.platform/Developer/SDKs/iPhoneOS26.5.sdk/System/Library/Frameworks/Foundation.framework/Headers/Foundation.h:6:
In file included from /Applications/Xcode.app/Contents/Developer/Platforms/iPhoneOS.platform/Developer/SDKs/iPhoneOS26.5.sdk/System/Library/Frameworks/CoreFoundation.framework/Headers/CoreFoundation.h:18:
In file included from /Applications/Xcode.app/Contents/Developer/Platforms/iPhoneOS.platform/Developer/SDKs/iPhoneOS26.5.sdk/usr/include/sys/types.h:75:
/Applications/Xcode.app/Contents/Developer/Platforms/iPhoneOS.platform/Developer/SDKs/iPhoneOS26.5.sdk/usr/include/sys/cdefs.h:227:48: note: expanded from macro '__deprecated_msg'
  227 |         #define __deprecated_msg(_msg) __attribute__((__deprecated__(_msg)))
      |                                                       ^
In file included from /Users/jonahmicahinguito/dev/rotaract-connect/node_modules/expo-dev-launcher/ios/Unsafe/RCTPackagerConnection+EXDevLauncherPackagerConnectionInterceptor.m:8:
In file included from /Users/jonahmicahinguito/dev/rotaract-connect/ios/Pods/Headers/Private/expo-dev-launcher/EXDevLauncher/EXDevLauncherController.h:20:
In file included from /Users/jonahmicahinguito/dev/rotaract-connect/ios/Pods/Headers/Private/React-RCTAppDelegate/RCTAppDelegate.h:9:
In file included from /Users/jonahmicahinguito/dev/rotaract-connect/ios/Pods/Headers/Private/React-RCTAppDelegate/RCTDefaultReactNativeFactoryDelegate.h:9:
/Users/jonahmicahinguito/dev/rotaract-connect/ios/Pods/Headers/Private/React-RCTAppDelegate/RCTReactNativeFactory.h:111:1: warning: no 'assign', 'retain', or 'copy' attribute is specified - 'assign' is assumed [-Wobjc-property-no-attribute]
  111 | @property (nonatomic, nullable) RCTBridge *bridge
      | ^
/Users/jonahmicahinguito/dev/rotaract-connect/ios/Pods/Headers/Private/React-RCTAppDelegate/RCTReactNativeFactory.h:111:1: warning: default property attribute 'assign' not appropriate for object [-Wobjc-property-no-attribute]
/Users/jonahmicahinguito/dev/rotaract-connect/ios/Pods/Headers/Private/React-RCTAppDelegate/RCTReactNativeFactory.h:115:1: warning: no 'assign', 'retain', or 'copy' attribute is specified - 'assign' is assumed [-Wobjc-property-no-attribute]
  115 | @property (nonatomic, nullable) RCTSurfacePresenterBridgeAdapter *bridgeAdapter __attribute__((
      | ^
/Users/jonahmicahinguito/dev/rotaract-connect/ios/Pods/Headers/Private/React-RCTAppDelegate/RCTReactNativeFactory.h:115:1: warning: default property attribute 'assign' not appropriate for object [-Wobjc-property-no-attribute]
/Users/jonahmicahinguito/dev/rotaract-connect/ios/Pods/Headers/Private/React-RCTAppDelegate/RCTReactNativeFactory.h:123:1: warning: no 'assign', 'retain', or 'copy' attribute is specified - 'assign' is assumed [-Wobjc-property-no-attribute]
  123 | @property (nonatomic, nullable) RCTDevMenuConfiguration *devMenuConfiguration;
      | ^
/Users/jonahmicahinguito/dev/rotaract-connect/ios/Pods/Headers/Private/React-RCTAppDelegate/RCTReactNativeFactory.h:123:1: warning: default property attribute 'assign' not appropriate for object [-Wobjc-property-no-attribute]
In file included from /Users/jonahmicahinguito/dev/rotaract-connect/node_modules/expo-dev-launcher/ios/Unsafe/RCTPackagerConnection+EXDevLauncherPackagerConnectionInterceptor.m:8:
In file included from /Users/jonahmicahinguito/dev/rotaract-connect/ios/Pods/Headers/Private/expo-dev-launcher/EXDevLauncher/EXDevLauncherController.h:20:
/Users/jonahmicahinguito/dev/rotaract-connect/ios/Pods/Headers/Private/React-RCTAppDelegate/RCTAppDelegate.h:69:1: warning: no 'assign', 'retain', or 'copy' attribute is specified - 'assign' is assumed [-Wobjc-property-no-attribute]
   69 | @property (nonatomic, nullable) RCTBridge *bridge
      | ^
/Users/jonahmicahinguito/dev/rotaract-connect/ios/Pods/Headers/Private/React-RCTAppDelegate/RCTAppDelegate.h:69:1: warning: default property attribute 'assign' not appropriate for object [-Wobjc-property-no-attribute]
/Users/jonahmicahinguito/dev/rotaract-connect/ios/Pods/Headers/Private/React-RCTAppDelegate/RCTAppDelegate.h:78:1: warning: no 'assign', 'retain', or 'copy' attribute is specified - 'assign' is assumed [-Wobjc-property-no-attribute]
   78 | @property (nonatomic, nullable) RCTSurfacePresenterBridgeAdapter *bridgeAdapter __attribute__((
      | ^
/Users/jonahmicahinguito/dev/rotaract-connect/ios/Pods/Headers/Private/React-RCTAppDelegate/RCTAppDelegate.h:78:1: warning: default property attribute 'assign' not appropriate for object [-Wobjc-property-no-attribute]
15 warnings generated.

/Users/jonahmicahinguito/dev/rotaract-connect/ios/Pods/Headers/Public/React-Core/React/RCTBundleManager.h:77:1: No 'assign', 'retain', or 'copy' attribute is specified - 'assign' is assumed

/Users/jonahmicahinguito/dev/rotaract-connect/ios/Pods/Headers/Public/React-Core/React/RCTBundleManager.h:77:1: Default property attribute 'assign' not appropriate for object

/Users/jonahmicahinguito/dev/rotaract-connect/ios/Pods/Headers/Public/React-Core/React/RCTBundleManager.h:78:1: No 'assign', 'retain', or 'copy' attribute is specified - 'assign' is assumed

/Users/jonahmicahinguito/dev/rotaract-connect/ios/Pods/Headers/Public/React-Core/React/RCTBundleManager.h:78:1: Default property attribute 'assign' not appropriate for object

/Users/jonahmicahinguito/dev/rotaract-connect/ios/Pods/Headers/Private/React-RCTAppDelegate/RCTUIConfiguratorProtocol.h:40:28: 'RCTRootView' is deprecated: This API will be removed along with the legacy architecture.

/Users/jonahmicahinguito/dev/rotaract-connect/ios/Pods/Headers/Private/React-RCTAppDelegate/RCTReactNativeFactory.h:111:1: No 'assign', 'retain', or 'copy' attribute is specified - 'assign' is assumed

/Users/jonahmicahinguito/dev/rotaract-connect/ios/Pods/Headers/Private/React-RCTAppDelegate/RCTReactNativeFactory.h:111:1: Default property attribute 'assign' not appropriate for object

/Users/jonahmicahinguito/dev/rotaract-connect/ios/Pods/Headers/Private/React-RCTAppDelegate/RCTReactNativeFactory.h:115:1: No 'assign', 'retain', or 'copy' attribute is specified - 'assign' is assumed

/Users/jonahmicahinguito/dev/rotaract-connect/ios/Pods/Headers/Private/React-RCTAppDelegate/RCTReactNativeFactory.h:115:1: Default property attribute 'assign' not appropriate for object

/Users/jonahmicahinguito/dev/rotaract-connect/ios/Pods/Headers/Private/React-RCTAppDelegate/RCTReactNativeFactory.h:123:1: No 'assign', 'retain', or 'copy' attribute is specified - 'assign' is assumed

/Users/jonahmicahinguito/dev/rotaract-connect/ios/Pods/Headers/Private/React-RCTAppDelegate/RCTReactNativeFactory.h:123:1: Default property attribute 'assign' not appropriate for object

/Users/jonahmicahinguito/dev/rotaract-connect/ios/Pods/Headers/Private/React-RCTAppDelegate/RCTAppDelegate.h:69:1: No 'assign', 'retain', or 'copy' attribute is specified - 'assign' is assumed

/Users/jonahmicahinguito/dev/rotaract-connect/ios/Pods/Headers/Private/React-RCTAppDelegate/RCTAppDelegate.h:69:1: Default property attribute 'assign' not appropriate for object

/Users/jonahmicahinguito/dev/rotaract-connect/ios/Pods/Headers/Private/React-RCTAppDelegate/RCTAppDelegate.h:78:1: No 'assign', 'retain', or 'copy' attribute is specified - 'assign' is assumed

/Users/jonahmicahinguito/dev/rotaract-connect/ios/Pods/Headers/Private/React-RCTAppDelegate/RCTAppDelegate.h:78:1: Default property attribute 'assign' not appropriate for object

CompileC /Users/jonahmicahinguito/Library/Developer/Xcode/DerivedData/rotaractconnect-cjwcbdlngckcsaantafkjnfzfbdk/Build/Intermediates.noindex/Pods.build/Debug-iphoneos/expo-dev-launcher.build/Objects-normal/arm64/EXDevLauncherEarlySetup.o /Users/jonahmicahinguito/dev/rotaract-connect/node_modules/expo-dev-launcher/ios/ReactNative/EXDevLauncherEarlySetup.m normal arm64 objective-c com.apple.compilers.llvm.clang.1_0.compiler (in target 'expo-dev-launcher' from project 'Pods')
    cd /Users/jonahmicahinguito/dev/rotaract-connect/ios/Pods
    
    Using response file: /Users/jonahmicahinguito/Library/Developer/Xcode/DerivedData/rotaractconnect-cjwcbdlngckcsaantafkjnfzfbdk/Build/Intermediates.noindex/Pods.build/Debug-iphoneos/expo-dev-launcher.build/Objects-normal/arm64/e6072d4f65d7061329687fe24e3d63a7-common-args.resp
    
    /Applications/Xcode.app/Contents/Developer/Toolchains/XcodeDefault.xctoolchain/usr/bin/clang -x objective-c -ivfsstatcache /Users/jonahmicahinguito/Library/Developer/Xcode/DerivedData/SDKStatCaches.noindex/iphoneos26.5-23F81a-32daed1954a7d5dd0789fcaf2a9bb78b.sdkstatcache -target arm64-apple-ios16.4 -fmessage-length\=0 -fdiagnostics-show-note-include-stack -fmacro-backtrace-limit\=0 -fno-color-diagnostics -fmodules-prune-interval\=86400 -fmodules-prune-after\=345600 -fbuild-session-file\=/Users/jonahmicahinguito/Library/Developer/Xcode/DerivedData/ModuleCache.noindex/Session.modulevalidation -fmodules-validate-once-per-build-session -Wnon-modular-include-in-framework-module -Werror\=non-modular-include-in-framework-module -Wno-trigraphs -Wno-missing-field-initializers -Wno-missing-prototypes -Werror\=return-type -Wdocumentation -Wunreachable-code -Wno-implicit-atomic-properties -Werror\=deprecated-objc-isa-usage -Wno-objc-interface-ivars -Werror\=objc-root-class -Wno-arc-repeated-use-of-weak -Wimplicit-retain-self -Wduplicate-method-match -Wno-missing-braces -Wparentheses -Wswitch -Wunused-function -Wno-unused-label -Wno-unused-parameter -Wunused-variable -Wunused-value -Wempty-body -Wuninitialized -Wconditional-uninitialized -Wno-unknown-pragmas -Wno-shadow -Wno-four-char-constants -Wno-conversion -Wconstant-conversion -Wint-conversion -Wbool-conversion -Wenum-conversion -Wno-float-conversion -Wnon-literal-null-conversion -Wobjc-literal-conversion -Wshorten-64-to-32 -Wpointer-sign -Wno-newline-eof -Wno-selector -Wno-strict-selector-match -Wundeclared-selector -Wdeprecated-implementations -Wno-implicit-fallthrough -isysroot /Applications/Xcode.app/Contents/Developer/Platforms/iPhoneOS.platform/Developer/SDKs/iPhoneOS26.5.sdk -fstrict-aliasing -Wprotocol -Wdeprecated-declarations -Wno-sign-conversion -Winfinite-recursion -Wcomma -Wblock-capture-autoreleasing -Wstrict-prototypes -Wno-semicolon-before-method-body -Wunguarded-availability -index-store-path /Users/jonahmicahinguito/Library/Developer/Xcode/DerivedData/rotaractconnect-cjwcbdlngckcsaantafkjnfzfbdk/Index.noindex/DataStore @/Users/jonahmicahinguito/Library/Developer/Xcode/DerivedData/rotaractconnect-cjwcbdlngckcsaantafkjnfzfbdk/Build/Intermediates.noindex/Pods.build/Debug-iphoneos/expo-dev-launcher.build/Objects-normal/arm64/e6072d4f65d7061329687fe24e3d63a7-common-args.resp -DRCT_NEW_ARCH_ENABLED\=1 -include /Users/jonahmicahinguito/dev/rotaract-connect/ios/Pods/Target\ Support\ Files/expo-dev-launcher/expo-dev-launcher-prefix.pch -MMD -MT dependencies -MF /Users/jonahmicahinguito/Library/Developer/Xcode/DerivedData/rotaractconnect-cjwcbdlngckcsaantafkjnfzfbdk/Build/Intermediates.noindex/Pods.build/Debug-iphoneos/expo-dev-launcher.build/Objects-normal/arm64/EXDevLauncherEarlySetup.d --serialize-diagnostics /Users/jonahmicahinguito/Library/Developer/Xcode/DerivedData/rotaractconnect-cjwcbdlngckcsaantafkjnfzfbdk/Build/Intermediates.noindex/Pods.build/Debug-iphoneos/expo-dev-launcher.build/Objects-normal/arm64/EXDevLauncherEarlySetup.dia -c /Users/jonahmicahinguito/dev/rotaract-connect/node_modules/expo-dev-launcher/ios/ReactNative/EXDevLauncherEarlySetup.m -o /Users/jonahmicahinguito/Library/Developer/Xcode/DerivedData/rotaractconnect-cjwcbdlngckcsaantafkjnfzfbdk/Build/Intermediates.noindex/Pods.build/Debug-iphoneos/expo-dev-launcher.build/Objects-normal/arm64/EXDevLauncherEarlySetup.o -index-unit-output-path /Pods.build/Debug-iphoneos/expo-dev-launcher.build/Objects-normal/arm64/EXDevLauncherEarlySetup.o

/Users/jonahmicahinguito/dev/rotaract-connect/node_modules/expo-dev-launcher/ios/ReactNative/EXDevLauncherEarlySetup.m:19:21: warning: undeclared selector 'guessPackagerHost' [-Wundeclared-selector]
   19 |     SEL original = @selector(guessPackagerHost);
      |                     ^
1 warning generated.

/Users/jonahmicahinguito/dev/rotaract-connect/node_modules/expo-dev-launcher/ios/ReactNative/EXDevLauncherEarlySetup.m:19:21: Undeclared selector 'guessPackagerHost'

CompileC /Users/jonahmicahinguito/Library/Developer/Xcode/DerivedData/rotaractconnect-cjwcbdlngckcsaantafkjnfzfbdk/Build/Intermediates.noindex/Pods.build/Debug-iphoneos/expo-dev-launcher.build/Objects-normal/arm64/EXDevLauncherRedBox.o /Users/jonahmicahinguito/dev/rotaract-connect/node_modules/expo-dev-launcher/ios/Errors/EXDevLauncherRedBox.m normal arm64 objective-c com.apple.compilers.llvm.clang.1_0.compiler (in target 'expo-dev-launcher' from project 'Pods')
    cd /Users/jonahmicahinguito/dev/rotaract-connect/ios/Pods
    
    Using response file: /Users/jonahmicahinguito/Library/Developer/Xcode/DerivedData/rotaractconnect-cjwcbdlngckcsaantafkjnfzfbdk/Build/Intermediates.noindex/Pods.build/Debug-iphoneos/expo-dev-launcher.build/Objects-normal/arm64/e6072d4f65d7061329687fe24e3d63a7-common-args.resp
    
    /Applications/Xcode.app/Contents/Developer/Toolchains/XcodeDefault.xctoolchain/usr/bin/clang -x objective-c -ivfsstatcache /Users/jonahmicahinguito/Library/Developer/Xcode/DerivedData/SDKStatCaches.noindex/iphoneos26.5-23F81a-32daed1954a7d5dd0789fcaf2a9bb78b.sdkstatcache -target arm64-apple-ios16.4 -fmessage-length\=0 -fdiagnostics-show-note-include-stack -fmacro-backtrace-limit\=0 -fno-color-diagnostics -fmodules-prune-interval\=86400 -fmodules-prune-after\=345600 -fbuild-session-file\=/Users/jonahmicahinguito/Library/Developer/Xcode/DerivedData/ModuleCache.noindex/Session.modulevalidation -fmodules-validate-once-per-build-session -Wnon-modular-include-in-framework-module -Werror\=non-modular-include-in-framework-module -Wno-trigraphs -Wno-missing-field-initializers -Wno-missing-prototypes -Werror\=return-type -Wdocumentation -Wunreachable-code -Wno-implicit-atomic-properties -Werror\=deprecated-objc-isa-usage -Wno-objc-interface-ivars -Werror\=objc-root-class -Wno-arc-repeated-use-of-weak -Wimplicit-retain-self -Wduplicate-method-match -Wno-missing-braces -Wparentheses -Wswitch -Wunused-function -Wno-unused-label -Wno-unused-parameter -Wunused-variable -Wunused-value -Wempty-body -Wuninitialized -Wconditional-uninitialized -Wno-unknown-pragmas -Wno-shadow -Wno-four-char-constants -Wno-conversion -Wconstant-conversion -Wint-conversion -Wbool-conversion -Wenum-conversion -Wno-float-conversion -Wnon-literal-null-conversion -Wobjc-literal-conversion -Wshorten-64-to-32 -Wpointer-sign -Wno-newline-eof -Wno-selector -Wno-strict-selector-match -Wundeclared-selector -Wdeprecated-implementations -Wno-implicit-fallthrough -isysroot /Applications/Xcode.app/Contents/Developer/Platforms/iPhoneOS.platform/Developer/SDKs/iPhoneOS26.5.sdk -fstrict-aliasing -Wprotocol -Wdeprecated-declarations -Wno-sign-conversion -Winfinite-recursion -Wcomma -Wblock-capture-autoreleasing -Wstrict-prototypes -Wno-semicolon-before-method-body -Wunguarded-availability -index-store-path /Users/jonahmicahinguito/Library/Developer/Xcode/DerivedData/rotaractconnect-cjwcbdlngckcsaantafkjnfzfbdk/Index.noindex/DataStore @/Users/jonahmicahinguito/Library/Developer/Xcode/DerivedData/rotaractconnect-cjwcbdlngckcsaantafkjnfzfbdk/Build/Intermediates.noindex/Pods.build/Debug-iphoneos/expo-dev-launcher.build/Objects-normal/arm64/e6072d4f65d7061329687fe24e3d63a7-common-args.resp -DRCT_NEW_ARCH_ENABLED\=1 -include /Users/jonahmicahinguito/dev/rotaract-connect/ios/Pods/Target\ Support\ Files/expo-dev-launcher/expo-dev-launcher-prefix.pch -MMD -MT dependencies -MF /Users/jonahmicahinguito/Library/Developer/Xcode/DerivedData/rotaractconnect-cjwcbdlngckcsaantafkjnfzfbdk/Build/Intermediates.noindex/Pods.build/Debug-iphoneos/expo-dev-launcher.build/Objects-normal/arm64/EXDevLauncherRedBox.d --serialize-diagnostics /Users/jonahmicahinguito/Library/Developer/Xcode/DerivedData/rotaractconnect-cjwcbdlngckcsaantafkjnfzfbdk/Build/Intermediates.noindex/Pods.build/Debug-iphoneos/expo-dev-launcher.build/Objects-normal/arm64/EXDevLauncherRedBox.dia -c /Users/jonahmicahinguito/dev/rotaract-connect/node_modules/expo-dev-launcher/ios/Errors/EXDevLauncherRedBox.m -o /Users/jonahmicahinguito/Library/Developer/Xcode/DerivedData/rotaractconnect-cjwcbdlngckcsaantafkjnfzfbdk/Build/Intermediates.noindex/Pods.build/Debug-iphoneos/expo-dev-launcher.build/Objects-normal/arm64/EXDevLauncherRedBox.o -index-unit-output-path /Pods.build/Debug-iphoneos/expo-dev-launcher.build/Objects-normal/arm64/EXDevLauncherRedBox.o

In file included from /Users/jonahmicahinguito/dev/rotaract-connect/node_modules/expo-dev-launcher/ios/Errors/EXDevLauncherRedBox.m:6:
In file included from /Users/jonahmicahinguito/dev/rotaract-connect/ios/Pods/Headers/Private/expo-dev-launcher/EXDevLauncher/EXDevLauncherController.h:20:
In file included from /Users/jonahmicahinguito/dev/rotaract-connect/ios/Pods/Headers/Private/React-RCTAppDelegate/RCTAppDelegate.h:9:
In file included from /Users/jonahmicahinguito/dev/rotaract-connect/ios/Pods/Headers/Private/React-RCTAppDelegate/RCTDefaultReactNativeFactoryDelegate.h:9:
In file included from /Users/jonahmicahinguito/dev/rotaract-connect/ios/Pods/Headers/Private/React-RCTAppDelegate/RCTReactNativeFactory.h:15:
/Users/jonahmicahinguito/dev/rotaract-connect/ios/Pods/Headers/Private/React-RCTAppDelegate/RCTUIConfiguratorProtocol.h:40:28: warning: 'RCTRootView' is deprecated: This API will be removed along with the legacy architecture. [-Wdeprecated-declarations]
   40 | - (void)customizeRootView:(RCTRootView *)rootView;
      |                            ^
In file included from /Users/jonahmicahinguito/dev/rotaract-connect/node_modules/expo-dev-launcher/ios/Errors/EXDevLauncherRedBox.m:6:
In file included from /Users/jonahmicahinguito/dev/rotaract-connect/ios/Pods/Headers/Private/expo-dev-launcher/EXDevLauncher/EXDevLauncherController.h:20:
In file included from /Users/jonahmicahinguito/dev/rotaract-connect/ios/Pods/Headers/Private/React-RCTAppDelegate/RCTAppDelegate.h:9:
In file included from /Users/jonahmicahinguito/dev/rotaract-connect/ios/Pods/Headers/Private/React-RCTAppDelegate/RCTDefaultReactNativeFactoryDelegate.h:9:
In file included from /Users/jonahmicahinguito/dev/rotaract-connect/ios/Pods/Headers/Private/React-RCTAppDelegate/RCTReactNativeFactory.h:14:
In file included from /Users/jonahmicahinguito/dev/rotaract-connect/ios/Pods/Headers/Private/React-RCTAppDelegate/RCTRootViewFactory.h:9:
/Users/jonahmicahinguito/dev/rotaract-connect/ios/Pods/Headers/Public/React-Core/React/RCTRootView.h:52:1: note: 'RCTRootView' has been explicitly marked deprecated here
   52 | __deprecated_msg("This API will be removed along with the legacy architecture.") @interface RCTRootView : UIView
      | ^
In module 'Foundation' imported from /Users/jonahmicahinguito/dev/rotaract-connect/ios/Pods/Headers/Public/React-Core/React/RCTAssert.h:8:
In module 'CoreFoundation' imported from /Applications/Xcode.app/Contents/Developer/Platforms/iPhoneOS.platform/Developer/SDKs/iPhoneOS.sdk/System/Library/Frameworks/Foundation.framework/Headers/Foundation.h:6:
In module '_DarwinFoundation1' imported from /Applications/Xcode.app/Contents/Developer/Platforms/iPhoneOS.platform/Developer/SDKs/iPhoneOS.sdk/System/Library/Frameworks/CoreFoundation.framework/Headers/CoreFoundation.h:14:
/Applications/Xcode.app/Contents/Developer/Platforms/iPhoneOS.platform/Developer/SDKs/iPhoneOS26.5.sdk/usr/include/sys/cdefs.h:227:48: note: expanded from macro '__deprecated_msg'
  227 |         #define __deprecated_msg(_msg) __attribute__((__deprecated__(_msg)))
      |                                                       ^
1 warning generated.

/Users/jonahmicahinguito/dev/rotaract-connect/ios/Pods/Headers/Private/React-RCTAppDelegate/RCTUIConfiguratorProtocol.h:40:28: 'RCTRootView' is deprecated: This API will be removed along with the legacy architecture.

CompileC /Users/jonahmicahinguito/Library/Developer/Xcode/DerivedData/rotaractconnect-cjwcbdlngckcsaantafkjnfzfbdk/Build/Intermediates.noindex/Pods.build/Debug-iphoneos/expo-dev-launcher.build/Objects-normal/arm64/EXDevLauncherManifestParser.o /Users/jonahmicahinguito/dev/rotaract-connect/node_modules/expo-dev-launcher/ios/Manifest/EXDevLauncherManifestParser.m normal arm64 objective-c com.apple.compilers.llvm.clang.1_0.compiler (in target 'expo-dev-launcher' from project 'Pods')
    cd /Users/jonahmicahinguito/dev/rotaract-connect/ios/Pods
    
    Using response file: /Users/jonahmicahinguito/Library/Developer/Xcode/DerivedData/rotaractconnect-cjwcbdlngckcsaantafkjnfzfbdk/Build/Intermediates.noindex/Pods.build/Debug-iphoneos/expo-dev-launcher.build/Objects-normal/arm64/e6072d4f65d7061329687fe24e3d63a7-common-args.resp
    
    /Applications/Xcode.app/Contents/Developer/Toolchains/XcodeDefault.xctoolchain/usr/bin/clang -x objective-c -ivfsstatcache /Users/jonahmicahinguito/Library/Developer/Xcode/DerivedData/SDKStatCaches.noindex/iphoneos26.5-23F81a-32daed1954a7d5dd0789fcaf2a9bb78b.sdkstatcache -target arm64-apple-ios16.4 -fmessage-length\=0 -fdiagnostics-show-note-include-stack -fmacro-backtrace-limit\=0 -fno-color-diagnostics -fmodules-prune-interval\=86400 -fmodules-prune-after\=345600 -fbuild-session-file\=/Users/jonahmicahinguito/Library/Developer/Xcode/DerivedData/ModuleCache.noindex/Session.modulevalidation -fmodules-validate-once-per-build-session -Wnon-modular-include-in-framework-module -Werror\=non-modular-include-in-framework-module -Wno-trigraphs -Wno-missing-field-initializers -Wno-missing-prototypes -Werror\=return-type -Wdocumentation -Wunreachable-code -Wno-implicit-atomic-properties -Werror\=deprecated-objc-isa-usage -Wno-objc-interface-ivars -Werror\=objc-root-class -Wno-arc-repeated-use-of-weak -Wimplicit-retain-self -Wduplicate-method-match -Wno-missing-braces -Wparentheses -Wswitch -Wunused-function -Wno-unused-label -Wno-unused-parameter -Wunused-variable -Wunused-value -Wempty-body -Wuninitialized -Wconditional-uninitialized -Wno-unknown-pragmas -Wno-shadow -Wno-four-char-constants -Wno-conversion -Wconstant-conversion -Wint-conversion -Wbool-conversion -Wenum-conversion -Wno-float-conversion -Wnon-literal-null-conversion -Wobjc-literal-conversion -Wshorten-64-to-32 -Wpointer-sign -Wno-newline-eof -Wno-selector -Wno-strict-selector-match -Wundeclared-selector -Wdeprecated-implementations -Wno-implicit-fallthrough -isysroot /Applications/Xcode.app/Contents/Developer/Platforms/iPhoneOS.platform/Developer/SDKs/iPhoneOS26.5.sdk -fstrict-aliasing -Wprotocol -Wdeprecated-declarations -Wno-sign-conversion -Winfinite-recursion -Wcomma -Wblock-capture-autoreleasing -Wstrict-prototypes -Wno-semicolon-before-method-body -Wunguarded-availability -index-store-path /Users/jonahmicahinguito/Library/Developer/Xcode/DerivedData/rotaractconnect-cjwcbdlngckcsaantafkjnfzfbdk/Index.noindex/DataStore @/Users/jonahmicahinguito/Library/Developer/Xcode/DerivedData/rotaractconnect-cjwcbdlngckcsaantafkjnfzfbdk/Build/Intermediates.noindex/Pods.build/Debug-iphoneos/expo-dev-launcher.build/Objects-normal/arm64/e6072d4f65d7061329687fe24e3d63a7-common-args.resp -DRCT_NEW_ARCH_ENABLED\=1 -include /Users/jonahmicahinguito/dev/rotaract-connect/ios/Pods/Target\ Support\ Files/expo-dev-launcher/expo-dev-launcher-prefix.pch -MMD -MT dependencies -MF /Users/jonahmicahinguito/Library/Developer/Xcode/DerivedData/rotaractconnect-cjwcbdlngckcsaantafkjnfzfbdk/Build/Intermediates.noindex/Pods.build/Debug-iphoneos/expo-dev-launcher.build/Objects-normal/arm64/EXDevLauncherManifestParser.d --serialize-diagnostics /Users/jonahmicahinguito/Library/Developer/Xcode/DerivedData/rotaractconnect-cjwcbdlngckcsaantafkjnfzfbdk/Build/Intermediates.noindex/Pods.build/Debug-iphoneos/expo-dev-launcher.build/Objects-normal/arm64/EXDevLauncherManifestParser.dia -c /Users/jonahmicahinguito/dev/rotaract-connect/node_modules/expo-dev-launcher/ios/Manifest/EXDevLauncherManifestParser.m -o /Users/jonahmicahinguito/Library/Developer/Xcode/DerivedData/rotaractconnect-cjwcbdlngckcsaantafkjnfzfbdk/Build/Intermediates.noindex/Pods.build/Debug-iphoneos/expo-dev-launcher.build/Objects-normal/arm64/EXDevLauncherManifestParser.o -index-unit-output-path /Pods.build/Debug-iphoneos/expo-dev-launcher.build/Objects-normal/arm64/EXDevLauncherManifestParser.o

In file included from /Users/jonahmicahinguito/dev/rotaract-connect/node_modules/expo-dev-launcher/ios/Manifest/EXDevLauncherManifestParser.m:4:
In file included from /Users/jonahmicahinguito/dev/rotaract-connect/ios/Pods/Headers/Private/expo-dev-launcher/EXDevLauncher/EXDevLauncherController.h:20:
In file included from /Users/jonahmicahinguito/dev/rotaract-connect/ios/Pods/Headers/Private/React-RCTAppDelegate/RCTAppDelegate.h:9:
In file included from /Users/jonahmicahinguito/dev/rotaract-connect/ios/Pods/Headers/Private/React-RCTAppDelegate/RCTDefaultReactNativeFactoryDelegate.h:9:
In file included from /Users/jonahmicahinguito/dev/rotaract-connect/ios/Pods/Headers/Private/React-RCTAppDelegate/RCTReactNativeFactory.h:15:
/Users/jonahmicahinguito/dev/rotaract-connect/ios/Pods/Headers/Private/React-RCTAppDelegate/RCTUIConfiguratorProtocol.h:40:28: warning: 'RCTRootView' is deprecated: This API will be removed along with the legacy architecture. [-Wdeprecated-declarations]
   40 | - (void)customizeRootView:(RCTRootView *)rootView;
      |                            ^
In file included from /Users/jonahmicahinguito/dev/rotaract-connect/node_modules/expo-dev-launcher/ios/Manifest/EXDevLauncherManifestParser.m:4:
In file included from /Users/jonahmicahinguito/dev/rotaract-connect/ios/Pods/Headers/Private/expo-dev-launcher/EXDevLauncher/EXDevLauncherController.h:20:
In file included from /Users/jonahmicahinguito/dev/rotaract-connect/ios/Pods/Headers/Private/React-RCTAppDelegate/RCTAppDelegate.h:9:
In file included from /Users/jonahmicahinguito/dev/rotaract-connect/ios/Pods/Headers/Private/React-RCTAppDelegate/RCTDefaultReactNativeFactoryDelegate.h:9:
In file included from /Users/jonahmicahinguito/dev/rotaract-connect/ios/Pods/Headers/Private/React-RCTAppDelegate/RCTReactNativeFactory.h:14:
In file included from /Users/jonahmicahinguito/dev/rotaract-connect/ios/Pods/Headers/Private/React-RCTAppDelegate/RCTRootViewFactory.h:9:
/Users/jonahmicahinguito/dev/rotaract-connect/ios/Pods/Headers/Public/React-Core/React/RCTRootView.h:52:1: note: 'RCTRootView' has been explicitly marked deprecated here
   52 | __deprecated_msg("This API will be removed along with the legacy architecture.") @interface RCTRootView : UIView
      | ^
In module 'Foundation' imported from /Users/jonahmicahinguito/dev/rotaract-connect/ios/Pods/Headers/Public/React-Core/React/RCTBridgeModule.h:8:
In module 'CoreFoundation' imported from /Applications/Xcode.app/Contents/Developer/Platforms/iPhoneOS.platform/Developer/SDKs/iPhoneOS.sdk/System/Library/Frameworks/Foundation.framework/Headers/Foundation.h:6:
In module '_DarwinFoundation1' imported from /Applications/Xcode.app/Contents/Developer/Platforms/iPhoneOS.platform/Developer/SDKs/iPhoneOS.sdk/System/Library/Frameworks/CoreFoundation.framework/Headers/CoreFoundation.h:14:
/Applications/Xcode.app/Contents/Developer/Platforms/iPhoneOS.platform/Developer/SDKs/iPhoneOS26.5.sdk/usr/include/sys/cdefs.h:227:48: note: expanded from macro '__deprecated_msg'
  227 |         #define __deprecated_msg(_msg) __attribute__((__deprecated__(_msg)))
      |                                                       ^
1 warning generated.

/Users/jonahmicahinguito/dev/rotaract-connect/ios/Pods/Headers/Private/React-RCTAppDelegate/RCTUIConfiguratorProtocol.h:40:28: 'RCTRootView' is deprecated: This API will be removed along with the legacy architecture.

CompileC /Users/jonahmicahinguito/Library/Developer/Xcode/DerivedData/rotaractconnect-cjwcbdlngckcsaantafkjnfzfbdk/Build/Intermediates.noindex/Pods.build/Debug-iphoneos/expo-dev-launcher.build/Objects-normal/arm64/EXDevLauncherController.o /Users/jonahmicahinguito/dev/rotaract-connect/node_modules/expo-dev-launcher/ios/EXDevLauncherController.m normal arm64 objective-c com.apple.compilers.llvm.clang.1_0.compiler (in target 'expo-dev-launcher' from project 'Pods')
    cd /Users/jonahmicahinguito/dev/rotaract-connect/ios/Pods
    
    Using response file: /Users/jonahmicahinguito/Library/Developer/Xcode/DerivedData/rotaractconnect-cjwcbdlngckcsaantafkjnfzfbdk/Build/Intermediates.noindex/Pods.build/Debug-iphoneos/expo-dev-launcher.build/Objects-normal/arm64/e6072d4f65d7061329687fe24e3d63a7-common-args.resp
    
    /Applications/Xcode.app/Contents/Developer/Toolchains/XcodeDefault.xctoolchain/usr/bin/clang -x objective-c -ivfsstatcache /Users/jonahmicahinguito/Library/Developer/Xcode/DerivedData/SDKStatCaches.noindex/iphoneos26.5-23F81a-32daed1954a7d5dd0789fcaf2a9bb78b.sdkstatcache -target arm64-apple-ios16.4 -fmessage-length\=0 -fdiagnostics-show-note-include-stack -fmacro-backtrace-limit\=0 -fno-color-diagnostics -fmodules-prune-interval\=86400 -fmodules-prune-after\=345600 -fbuild-session-file\=/Users/jonahmicahinguito/Library/Developer/Xcode/DerivedData/ModuleCache.noindex/Session.modulevalidation -fmodules-validate-once-per-build-session -Wnon-modular-include-in-framework-module -Werror\=non-modular-include-in-framework-module -Wno-trigraphs -Wno-missing-field-initializers -Wno-missing-prototypes -Werror\=return-type -Wdocumentation -Wunreachable-code -Wno-implicit-atomic-properties -Werror\=deprecated-objc-isa-usage -Wno-objc-interface-ivars -Werror\=objc-root-class -Wno-arc-repeated-use-of-weak -Wimplicit-retain-self -Wduplicate-method-match -Wno-missing-braces -Wparentheses -Wswitch -Wunused-function -Wno-unused-label -Wno-unused-parameter -Wunused-variable -Wunused-value -Wempty-body -Wuninitialized -Wconditional-uninitialized -Wno-unknown-pragmas -Wno-shadow -Wno-four-char-constants -Wno-conversion -Wconstant-conversion -Wint-conversion -Wbool-conversion -Wenum-conversion -Wno-float-conversion -Wnon-literal-null-conversion -Wobjc-literal-conversion -Wshorten-64-to-32 -Wpointer-sign -Wno-newline-eof -Wno-selector -Wno-strict-selector-match -Wundeclared-selector -Wdeprecated-implementations -Wno-implicit-fallthrough -isysroot /Applications/Xcode.app/Contents/Developer/Platforms/iPhoneOS.platform/Developer/SDKs/iPhoneOS26.5.sdk -fstrict-aliasing -Wprotocol -Wdeprecated-declarations -Wno-sign-conversion -Winfinite-recursion -Wcomma -Wblock-capture-autoreleasing -Wstrict-prototypes -Wno-semicolon-before-method-body -Wunguarded-availability -index-store-path /Users/jonahmicahinguito/Library/Developer/Xcode/DerivedData/rotaractconnect-cjwcbdlngckcsaantafkjnfzfbdk/Index.noindex/DataStore @/Users/jonahmicahinguito/Library/Developer/Xcode/DerivedData/rotaractconnect-cjwcbdlngckcsaantafkjnfzfbdk/Build/Intermediates.noindex/Pods.build/Debug-iphoneos/expo-dev-launcher.build/Objects-normal/arm64/e6072d4f65d7061329687fe24e3d63a7-common-args.resp -DRCT_NEW_ARCH_ENABLED\=1 -include /Users/jonahmicahinguito/dev/rotaract-connect/ios/Pods/Target\ Support\ Files/expo-dev-launcher/expo-dev-launcher-prefix.pch -MMD -MT dependencies -MF /Users/jonahmicahinguito/Library/Developer/Xcode/DerivedData/rotaractconnect-cjwcbdlngckcsaantafkjnfzfbdk/Build/Intermediates.noindex/Pods.build/Debug-iphoneos/expo-dev-launcher.build/Objects-normal/arm64/EXDevLauncherController.d --serialize-diagnostics /Users/jonahmicahinguito/Library/Developer/Xcode/DerivedData/rotaractconnect-cjwcbdlngckcsaantafkjnfzfbdk/Build/Intermediates.noindex/Pods.build/Debug-iphoneos/expo-dev-launcher.build/Objects-normal/arm64/EXDevLauncherController.dia -c /Users/jonahmicahinguito/dev/rotaract-connect/node_modules/expo-dev-launcher/ios/EXDevLauncherController.m -o /Users/jonahmicahinguito/Library/Developer/Xcode/DerivedData/rotaractconnect-cjwcbdlngckcsaantafkjnfzfbdk/Build/Intermediates.noindex/Pods.build/Debug-iphoneos/expo-dev-launcher.build/Objects-normal/arm64/EXDevLauncherController.o -index-unit-output-path /Pods.build/Debug-iphoneos/expo-dev-launcher.build/Objects-normal/arm64/EXDevLauncherController.o

In file included from /Users/jonahmicahinguito/dev/rotaract-connect/node_modules/expo-dev-launcher/ios/EXDevLauncherController.m:11:
In file included from /Users/jonahmicahinguito/dev/rotaract-connect/ios/Pods/Headers/Private/expo-dev-launcher/EXDevLauncher/EXDevLauncherController.h:20:
In file included from /Users/jonahmicahinguito/dev/rotaract-connect/ios/Pods/Headers/Private/React-RCTAppDelegate/RCTAppDelegate.h:9:
In file included from /Users/jonahmicahinguito/dev/rotaract-connect/ios/Pods/Headers/Private/React-RCTAppDelegate/RCTDefaultReactNativeFactoryDelegate.h:9:
In file included from /Users/jonahmicahinguito/dev/rotaract-connect/ios/Pods/Headers/Private/React-RCTAppDelegate/RCTReactNativeFactory.h:15:
/Users/jonahmicahinguito/dev/rotaract-connect/ios/Pods/Headers/Private/React-RCTAppDelegate/RCTUIConfiguratorProtocol.h:40:28: warning: 'RCTRootView' is deprecated: This API will be removed along with the legacy architecture. [-Wdeprecated-declarations]
   40 | - (void)customizeRootView:(RCTRootView *)rootView;
      |                            ^
In file included from /Users/jonahmicahinguito/dev/rotaract-connect/node_modules/expo-dev-launcher/ios/EXDevLauncherController.m:2:
/Users/jonahmicahinguito/dev/rotaract-connect/ios/Pods/Headers/Public/React-Core/React/RCTRootView.h:52:1: note: 'RCTRootView' has been explicitly marked deprecated here
   52 | __deprecated_msg("This API will be removed along with the legacy architecture.") @interface RCTRootView : UIView
      | ^
In module 'Foundation' imported from /Users/jonahmicahinguito/dev/rotaract-connect/ios/Pods/Headers/Public/React-Core/React/RCTBundleURLProvider.h:8:
In module 'CoreFoundation' imported from /Applications/Xcode.app/Contents/Developer/Platforms/iPhoneOS.platform/Developer/SDKs/iPhoneOS.sdk/System/Library/Frameworks/Foundation.framework/Headers/Foundation.h:6:
In module '_DarwinFoundation1' imported from /Applications/Xcode.app/Contents/Developer/Platforms/iPhoneOS.platform/Developer/SDKs/iPhoneOS.sdk/System/Library/Frameworks/CoreFoundation.framework/Headers/CoreFoundation.h:14:
/Applications/Xcode.app/Contents/Developer/Platforms/iPhoneOS.platform/Developer/SDKs/iPhoneOS26.5.sdk/usr/include/sys/cdefs.h:227:48: note: expanded from macro '__deprecated_msg'
  227 |         #define __deprecated_msg(_msg) __attribute__((__deprecated__(_msg)))
      |                                                       ^
/Users/jonahmicahinguito/dev/rotaract-connect/node_modules/expo-dev-launcher/ios/EXDevLauncherController.m:178:60: warning: 'windows' is deprecated: first deprecated in iOS 15.0 - Use UIWindowScene.windows on a relevant window scene instead [-Wdeprecated-declarations]
  178 |   for (UIWindow *window in UIApplication.sharedApplication.windows) {
      |                                                            ^
In module 'UIKit' imported from /Users/jonahmicahinguito/dev/rotaract-connect/ios/Pods/Target Support Files/expo-dev-launcher/expo-dev-launcher-prefix.pch:2:
/Applications/Xcode.app/Contents/Developer/Platforms/iPhoneOS.platform/Developer/SDKs/iPhoneOS26.5.sdk/System/Library/Frameworks/UIKit.framework/Headers/UIApplication.h:109:62: note: 'windows' has been explicitly marked deprecated here
  109 | @property(nonatomic,readonly) NSArray<__kindof UIWindow *>  *windows API_DEPRECATED("Use UIWindowScene.windows on a relevant window scene instead", ios(2.0, 15.0), visionos(1.0, 1.0)) API_UNAVAILABLE(watchos);
      |                                                              ^
/Users/jonahmicahinguito/dev/rotaract-connect/node_modules/expo-dev-launcher/ios/EXDevLauncherController.m:725:13: warning: unused variable 'formattedDate' [-Wunused-variable]
  725 |   NSString *formattedDate = [formatter stringFromDate:expiration];
      |             ^~~~~~~~~~~~~
3 warnings generated.

/Users/jonahmicahinguito/dev/rotaract-connect/ios/Pods/Headers/Private/React-RCTAppDelegate/RCTUIConfiguratorProtocol.h:40:28: 'RCTRootView' is deprecated: This API will be removed along with the legacy architecture.

/Users/jonahmicahinguito/dev/rotaract-connect/node_modules/expo-dev-launcher/ios/EXDevLauncherController.m:178:60: 'windows' is deprecated: first deprecated in iOS 15.0 - Use UIWindowScene.windows on a relevant window scene instead

/Users/jonahmicahinguito/dev/rotaract-connect/node_modules/expo-dev-launcher/ios/EXDevLauncherController.m:725:13: Unused variable 'formattedDate'

CompileC /Users/jonahmicahinguito/Library/Developer/Xcode/DerivedData/rotaractconnect-cjwcbdlngckcsaantafkjnfzfbdk/Build/Intermediates.noindex/Pods.build/Debug-iphoneos/expo-dev-launcher.build/Objects-normal/arm64/EXDevLauncher.o /Users/jonahmicahinguito/dev/rotaract-connect/node_modules/expo-dev-launcher/ios/EXDevLauncher.m normal arm64 objective-c com.apple.compilers.llvm.clang.1_0.compiler (in target 'expo-dev-launcher' from project 'Pods')
    cd /Users/jonahmicahinguito/dev/rotaract-connect/ios/Pods
    
    Using response file: /Users/jonahmicahinguito/Library/Developer/Xcode/DerivedData/rotaractconnect-cjwcbdlngckcsaantafkjnfzfbdk/Build/Intermediates.noindex/Pods.build/Debug-iphoneos/expo-dev-launcher.build/Objects-normal/arm64/e6072d4f65d7061329687fe24e3d63a7-common-args.resp
    
    /Applications/Xcode.app/Contents/Developer/Toolchains/XcodeDefault.xctoolchain/usr/bin/clang -x objective-c -ivfsstatcache /Users/jonahmicahinguito/Library/Developer/Xcode/DerivedData/SDKStatCaches.noindex/iphoneos26.5-23F81a-32daed1954a7d5dd0789fcaf2a9bb78b.sdkstatcache -target arm64-apple-ios16.4 -fmessage-length\=0 -fdiagnostics-show-note-include-stack -fmacro-backtrace-limit\=0 -fno-color-diagnostics -fmodules-prune-interval\=86400 -fmodules-prune-after\=345600 -fbuild-session-file\=/Users/jonahmicahinguito/Library/Developer/Xcode/DerivedData/ModuleCache.noindex/Session.modulevalidation -fmodules-validate-once-per-build-session -Wnon-modular-include-in-framework-module -Werror\=non-modular-include-in-framework-module -Wno-trigraphs -Wno-missing-field-initializers -Wno-missing-prototypes -Werror\=return-type -Wdocumentation -Wunreachable-code -Wno-implicit-atomic-properties -Werror\=deprecated-objc-isa-usage -Wno-objc-interface-ivars -Werror\=objc-root-class -Wno-arc-repeated-use-of-weak -Wimplicit-retain-self -Wduplicate-method-match -Wno-missing-braces -Wparentheses -Wswitch -Wunused-function -Wno-unused-label -Wno-unused-parameter -Wunused-variable -Wunused-value -Wempty-body -Wuninitialized -Wconditional-uninitialized -Wno-unknown-pragmas -Wno-shadow -Wno-four-char-constants -Wno-conversion -Wconstant-conversion -Wint-conversion -Wbool-conversion -Wenum-conversion -Wno-float-conversion -Wnon-literal-null-conversion -Wobjc-literal-conversion -Wshorten-64-to-32 -Wpointer-sign -Wno-newline-eof -Wno-selector -Wno-strict-selector-match -Wundeclared-selector -Wdeprecated-implementations -Wno-implicit-fallthrough -isysroot /Applications/Xcode.app/Contents/Developer/Platforms/iPhoneOS.platform/Developer/SDKs/iPhoneOS26.5.sdk -fstrict-aliasing -Wprotocol -Wdeprecated-declarations -Wno-sign-conversion -Winfinite-recursion -Wcomma -Wblock-capture-autoreleasing -Wstrict-prototypes -Wno-semicolon-before-method-body -Wunguarded-availability -index-store-path /Users/jonahmicahinguito/Library/Developer/Xcode/DerivedData/rotaractconnect-cjwcbdlngckcsaantafkjnfzfbdk/Index.noindex/DataStore @/Users/jonahmicahinguito/Library/Developer/Xcode/DerivedData/rotaractconnect-cjwcbdlngckcsaantafkjnfzfbdk/Build/Intermediates.noindex/Pods.build/Debug-iphoneos/expo-dev-launcher.build/Objects-normal/arm64/e6072d4f65d7061329687fe24e3d63a7-common-args.resp -DRCT_NEW_ARCH_ENABLED\=1 -include /Users/jonahmicahinguito/dev/rotaract-connect/ios/Pods/Target\ Support\ Files/expo-dev-launcher/expo-dev-launcher-prefix.pch -MMD -MT dependencies -MF /Users/jonahmicahinguito/Library/Developer/Xcode/DerivedData/rotaractconnect-cjwcbdlngckcsaantafkjnfzfbdk/Build/Intermediates.noindex/Pods.build/Debug-iphoneos/expo-dev-launcher.build/Objects-normal/arm64/EXDevLauncher.d --serialize-diagnostics /Users/jonahmicahinguito/Library/Developer/Xcode/DerivedData/rotaractconnect-cjwcbdlngckcsaantafkjnfzfbdk/Build/Intermediates.noindex/Pods.build/Debug-iphoneos/expo-dev-launcher.build/Objects-normal/arm64/EXDevLauncher.dia -c /Users/jonahmicahinguito/dev/rotaract-connect/node_modules/expo-dev-launcher/ios/EXDevLauncher.m -o /Users/jonahmicahinguito/Library/Developer/Xcode/DerivedData/rotaractconnect-cjwcbdlngckcsaantafkjnfzfbdk/Build/Intermediates.noindex/Pods.build/Debug-iphoneos/expo-dev-launcher.build/Objects-normal/arm64/EXDevLauncher.o -index-unit-output-path /Pods.build/Debug-iphoneos/expo-dev-launcher.build/Objects-normal/arm64/EXDevLauncher.o

In file included from /Users/jonahmicahinguito/dev/rotaract-connect/node_modules/expo-dev-launcher/ios/EXDevLauncher.m:4:
In file included from /Users/jonahmicahinguito/dev/rotaract-connect/ios/Pods/Headers/Private/expo-dev-launcher/EXDevLauncher/EXDevLauncherController.h:20:
In file included from /Users/jonahmicahinguito/dev/rotaract-connect/ios/Pods/Headers/Private/React-RCTAppDelegate/RCTAppDelegate.h:9:
In file included from /Users/jonahmicahinguito/dev/rotaract-connect/ios/Pods/Headers/Private/React-RCTAppDelegate/RCTDefaultReactNativeFactoryDelegate.h:9:
In file included from /Users/jonahmicahinguito/dev/rotaract-connect/ios/Pods/Headers/Private/React-RCTAppDelegate/RCTReactNativeFactory.h:15:
/Users/jonahmicahinguito/dev/rotaract-connect/ios/Pods/Headers/Private/React-RCTAppDelegate/RCTUIConfiguratorProtocol.h:40:28: warning: 'RCTRootView' is deprecated: This API will be removed along with the legacy architecture. [-Wdeprecated-declarations]
   40 | - (void)customizeRootView:(RCTRootView *)rootView;
      |                            ^
In file included from /Users/jonahmicahinguito/dev/rotaract-connect/node_modules/expo-dev-launcher/ios/EXDevLauncher.m:4:
In file included from /Users/jonahmicahinguito/dev/rotaract-connect/ios/Pods/Headers/Private/expo-dev-launcher/EXDevLauncher/EXDevLauncherController.h:20:
In file included from /Users/jonahmicahinguito/dev/rotaract-connect/ios/Pods/Headers/Private/React-RCTAppDelegate/RCTAppDelegate.h:9:
In file included from /Users/jonahmicahinguito/dev/rotaract-connect/ios/Pods/Headers/Private/React-RCTAppDelegate/RCTDefaultReactNativeFactoryDelegate.h:9:
In file included from /Users/jonahmicahinguito/dev/rotaract-connect/ios/Pods/Headers/Private/React-RCTAppDelegate/RCTReactNativeFactory.h:14:
In file included from /Users/jonahmicahinguito/dev/rotaract-connect/ios/Pods/Headers/Private/React-RCTAppDelegate/RCTRootViewFactory.h:9:
/Users/jonahmicahinguito/dev/rotaract-connect/ios/Pods/Headers/Public/React-Core/React/RCTRootView.h:52:1: note: 'RCTRootView' has been explicitly marked deprecated here
   52 | __deprecated_msg("This API will be removed along with the legacy architecture.") @interface RCTRootView : UIView
      | ^
In module 'Foundation' imported from /Users/jonahmicahinguito/dev/rotaract-connect/ios/Pods/Headers/Public/React-Core/React/RCTBridgeModule.h:8:
In module 'CoreFoundation' imported from /Applications/Xcode.app/Contents/Developer/Platforms/iPhoneOS.platform/Developer/SDKs/iPhoneOS.sdk/System/Library/Frameworks/Foundation.framework/Headers/Foundation.h:6:
In module '_DarwinFoundation1' imported from /Applications/Xcode.app/Contents/Developer/Platforms/iPhoneOS.platform/Developer/SDKs/iPhoneOS.sdk/System/Library/Frameworks/CoreFoundation.framework/Headers/CoreFoundation.h:14:
/Applications/Xcode.app/Contents/Developer/Platforms/iPhoneOS.platform/Developer/SDKs/iPhoneOS26.5.sdk/usr/include/sys/cdefs.h:227:48: note: expanded from macro '__deprecated_msg'
  227 |         #define __deprecated_msg(_msg) __attribute__((__deprecated__(_msg)))
      |                                                       ^
1 warning generated.

/Users/jonahmicahinguito/dev/rotaract-connect/ios/Pods/Headers/Private/React-RCTAppDelegate/RCTUIConfiguratorProtocol.h:40:28: 'RCTRootView' is deprecated: This API will be removed along with the legacy architecture.


Build target SocketRocket of project Pods with configuration Debug

CompileC /Users/jonahmicahinguito/Library/Developer/Xcode/DerivedData/rotaractconnect-cjwcbdlngckcsaantafkjnfzfbdk/Build/Intermediates.noindex/Pods.build/Debug-iphoneos/SocketRocket.build/Objects-normal/arm64/SRURLUtilities.o /Users/jonahmicahinguito/dev/rotaract-connect/ios/Pods/SocketRocket/SocketRocket/Internal/Utilities/SRURLUtilities.m normal arm64 objective-c com.apple.compilers.llvm.clang.1_0.compiler (in target 'SocketRocket' from project 'Pods')
    cd /Users/jonahmicahinguito/dev/rotaract-connect/ios/Pods
    
    Using response file: /Users/jonahmicahinguito/Library/Developer/Xcode/DerivedData/rotaractconnect-cjwcbdlngckcsaantafkjnfzfbdk/Build/Intermediates.noindex/Pods.build/Debug-iphoneos/SocketRocket.build/Objects-normal/arm64/e6072d4f65d7061329687fe24e3d63a7-common-args.resp
    
    /Applications/Xcode.app/Contents/Developer/Toolchains/XcodeDefault.xctoolchain/usr/bin/clang -x objective-c -ivfsstatcache /Users/jonahmicahinguito/Library/Developer/Xcode/DerivedData/SDKStatCaches.noindex/iphoneos26.5-23F81a-32daed1954a7d5dd0789fcaf2a9bb78b.sdkstatcache -target arm64-apple-ios15.1 -fmessage-length\=0 -fdiagnostics-show-note-include-stack -fmacro-backtrace-limit\=0 -fno-color-diagnostics -fmodules-prune-interval\=86400 -fmodules-prune-after\=345600 -fbuild-session-file\=/Users/jonahmicahinguito/Library/Developer/Xcode/DerivedData/ModuleCache.noindex/Session.modulevalidation -fmodules-validate-once-per-build-session -Wnon-modular-include-in-framework-module -Werror\=non-modular-include-in-framework-module -Wno-trigraphs -Wno-missing-field-initializers -Wno-missing-prototypes -Werror\=return-type -Wdocumentation -Wunreachable-code -Wno-implicit-atomic-properties -Werror\=deprecated-objc-isa-usage -Wno-objc-interface-ivars -Werror\=objc-root-class -Wno-arc-repeated-use-of-weak -Wimplicit-retain-self -Wduplicate-method-match -Wno-missing-braces -Wparentheses -Wswitch -Wunused-function -Wno-unused-label -Wno-unused-parameter -Wunused-variable -Wunused-value -Wempty-body -Wuninitialized -Wconditional-uninitialized -Wno-unknown-pragmas -Wno-shadow -Wno-four-char-constants -Wno-conversion -Wconstant-conversion -Wint-conversion -Wbool-conversion -Wenum-conversion -Wno-float-conversion -Wnon-literal-null-conversion -Wobjc-literal-conversion -Wshorten-64-to-32 -Wpointer-sign -Wno-newline-eof -Wno-selector -Wno-strict-selector-match -Wundeclared-selector -Wdeprecated-implementations -Wno-implicit-fallthrough -isysroot /Applications/Xcode.app/Contents/Developer/Platforms/iPhoneOS.platform/Developer/SDKs/iPhoneOS26.5.sdk -fstrict-aliasing -Wprotocol -Wdeprecated-declarations -Wno-sign-conversion -Winfinite-recursion -Wcomma -Wblock-capture-autoreleasing -Wstrict-prototypes -Wno-semicolon-before-method-body -Wunguarded-availability -index-store-path /Users/jonahmicahinguito/Library/Developer/Xcode/DerivedData/rotaractconnect-cjwcbdlngckcsaantafkjnfzfbdk/Index.noindex/DataStore @/Users/jonahmicahinguito/Library/Developer/Xcode/DerivedData/rotaractconnect-cjwcbdlngckcsaantafkjnfzfbdk/Build/Intermediates.noindex/Pods.build/Debug-iphoneos/SocketRocket.build/Objects-normal/arm64/e6072d4f65d7061329687fe24e3d63a7-common-args.resp -include /Users/jonahmicahinguito/dev/rotaract-connect/ios/Pods/Target\ Support\ Files/SocketRocket/SocketRocket-prefix.pch -MMD -MT dependencies -MF /Users/jonahmicahinguito/Library/Developer/Xcode/DerivedData/rotaractconnect-cjwcbdlngckcsaantafkjnfzfbdk/Build/Intermediates.noindex/Pods.build/Debug-iphoneos/SocketRocket.build/Objects-normal/arm64/SRURLUtilities.d --serialize-diagnostics /Users/jonahmicahinguito/Library/Developer/Xcode/DerivedData/rotaractconnect-cjwcbdlngckcsaantafkjnfzfbdk/Build/Intermediates.noindex/Pods.build/Debug-iphoneos/SocketRocket.build/Objects-normal/arm64/SRURLUtilities.dia -c /Users/jonahmicahinguito/dev/rotaract-connect/ios/Pods/SocketRocket/SocketRocket/Internal/Utilities/SRURLUtilities.m -o /Users/jonahmicahinguito/Library/Developer/Xcode/DerivedData/rotaractconnect-cjwcbdlngckcsaantafkjnfzfbdk/Build/Intermediates.noindex/Pods.build/Debug-iphoneos/SocketRocket.build/Objects-normal/arm64/SRURLUtilities.o -index-unit-output-path /Pods.build/Debug-iphoneos/SocketRocket.build/Objects-normal/arm64/SRURLUtilities.o

/Users/jonahmicahinguito/dev/rotaract-connect/ios/Pods/SocketRocket/SocketRocket/Internal/Utilities/SRURLUtilities.m:63:14: warning: 'NSURLNetworkServiceTypeVoIP' is deprecated: first deprecated in iOS 13.0 - Use PushKit for VoIP control purposes [-Wdeprecated-declarations]
   63 |         case NSURLNetworkServiceTypeVoIP:
      |              ^
In module 'Foundation' imported from /Users/jonahmicahinguito/dev/rotaract-connect/ios/Pods/SocketRocket/SocketRocket/Internal/Utilities/SRURLUtilities.h:10:
/Applications/Xcode.app/Contents/Developer/Platforms/iPhoneOS.platform/Developer/SDKs/iPhoneOS26.5.sdk/System/Library/Frameworks/Foundation.framework/Headers/NSURLRequest.h:144:5: note: 'NSURLNetworkServiceTypeVoIP' has been explicitly marked deprecated here
  144 |     NSURLNetworkServiceTypeVoIP API_DEPRECATED("Use PushKit for VoIP control purposes", macos(10.7,10.15), ios(4.0,13.0), watchos(2.0,6.0), tvos(9.0,13.0)) = 1,        // Voice over IP control traffic
      |     ^
1 warning generated.

/Users/jonahmicahinguito/dev/rotaract-connect/ios/Pods/SocketRocket/SocketRocket/Internal/Utilities/SRURLUtilities.m:63:14: 'NSURLNetworkServiceTypeVoIP' is deprecated: first deprecated in iOS 13.0 - Use PushKit for VoIP control purposes

CompileC /Users/jonahmicahinguito/Library/Developer/Xcode/DerivedData/rotaractconnect-cjwcbdlngckcsaantafkjnfzfbdk/Build/Intermediates.noindex/Pods.build/Debug-iphoneos/SocketRocket.build/Objects-normal/arm64/SRPinningSecurityPolicy.o /Users/jonahmicahinguito/dev/rotaract-connect/ios/Pods/SocketRocket/SocketRocket/Internal/Security/SRPinningSecurityPolicy.m normal arm64 objective-c com.apple.compilers.llvm.clang.1_0.compiler (in target 'SocketRocket' from project 'Pods')
    cd /Users/jonahmicahinguito/dev/rotaract-connect/ios/Pods
    
    Using response file: /Users/jonahmicahinguito/Library/Developer/Xcode/DerivedData/rotaractconnect-cjwcbdlngckcsaantafkjnfzfbdk/Build/Intermediates.noindex/Pods.build/Debug-iphoneos/SocketRocket.build/Objects-normal/arm64/e6072d4f65d7061329687fe24e3d63a7-common-args.resp
    
    /Applications/Xcode.app/Contents/Developer/Toolchains/XcodeDefault.xctoolchain/usr/bin/clang -x objective-c -ivfsstatcache /Users/jonahmicahinguito/Library/Developer/Xcode/DerivedData/SDKStatCaches.noindex/iphoneos26.5-23F81a-32daed1954a7d5dd0789fcaf2a9bb78b.sdkstatcache -target arm64-apple-ios15.1 -fmessage-length\=0 -fdiagnostics-show-note-include-stack -fmacro-backtrace-limit\=0 -fno-color-diagnostics -fmodules-prune-interval\=86400 -fmodules-prune-after\=345600 -fbuild-session-file\=/Users/jonahmicahinguito/Library/Developer/Xcode/DerivedData/ModuleCache.noindex/Session.modulevalidation -fmodules-validate-once-per-build-session -Wnon-modular-include-in-framework-module -Werror\=non-modular-include-in-framework-module -Wno-trigraphs -Wno-missing-field-initializers -Wno-missing-prototypes -Werror\=return-type -Wdocumentation -Wunreachable-code -Wno-implicit-atomic-properties -Werror\=deprecated-objc-isa-usage -Wno-objc-interface-ivars -Werror\=objc-root-class -Wno-arc-repeated-use-of-weak -Wimplicit-retain-self -Wduplicate-method-match -Wno-missing-braces -Wparentheses -Wswitch -Wunused-function -Wno-unused-label -Wno-unused-parameter -Wunused-variable -Wunused-value -Wempty-body -Wuninitialized -Wconditional-uninitialized -Wno-unknown-pragmas -Wno-shadow -Wno-four-char-constants -Wno-conversion -Wconstant-conversion -Wint-conversion -Wbool-conversion -Wenum-conversion -Wno-float-conversion -Wnon-literal-null-conversion -Wobjc-literal-conversion -Wshorten-64-to-32 -Wpointer-sign -Wno-newline-eof -Wno-selector -Wno-strict-selector-match -Wundeclared-selector -Wdeprecated-implementations -Wno-implicit-fallthrough -isysroot /Applications/Xcode.app/Contents/Developer/Platforms/iPhoneOS.platform/Developer/SDKs/iPhoneOS26.5.sdk -fstrict-aliasing -Wprotocol -Wdeprecated-declarations -Wno-sign-conversion -Winfinite-recursion -Wcomma -Wblock-capture-autoreleasing -Wstrict-prototypes -Wno-semicolon-before-method-body -Wunguarded-availability -index-store-path /Users/jonahmicahinguito/Library/Developer/Xcode/DerivedData/rotaractconnect-cjwcbdlngckcsaantafkjnfzfbdk/Index.noindex/DataStore @/Users/jonahmicahinguito/Library/Developer/Xcode/DerivedData/rotaractconnect-cjwcbdlngckcsaantafkjnfzfbdk/Build/Intermediates.noindex/Pods.build/Debug-iphoneos/SocketRocket.build/Objects-normal/arm64/e6072d4f65d7061329687fe24e3d63a7-common-args.resp -include /Users/jonahmicahinguito/dev/rotaract-connect/ios/Pods/Target\ Support\ Files/SocketRocket/SocketRocket-prefix.pch -MMD -MT dependencies -MF /Users/jonahmicahinguito/Library/Developer/Xcode/DerivedData/rotaractconnect-cjwcbdlngckcsaantafkjnfzfbdk/Build/Intermediates.noindex/Pods.build/Debug-iphoneos/SocketRocket.build/Objects-normal/arm64/SRPinningSecurityPolicy.d --serialize-diagnostics /Users/jonahmicahinguito/Library/Developer/Xcode/DerivedData/rotaractconnect-cjwcbdlngckcsaantafkjnfzfbdk/Build/Intermediates.noindex/Pods.build/Debug-iphoneos/SocketRocket.build/Objects-normal/arm64/SRPinningSecurityPolicy.dia -c /Users/jonahmicahinguito/dev/rotaract-connect/ios/Pods/SocketRocket/SocketRocket/Internal/Security/SRPinningSecurityPolicy.m -o /Users/jonahmicahinguito/Library/Developer/Xcode/DerivedData/rotaractconnect-cjwcbdlngckcsaantafkjnfzfbdk/Build/Intermediates.noindex/Pods.build/Debug-iphoneos/SocketRocket.build/Objects-normal/arm64/SRPinningSecurityPolicy.o -index-unit-output-path /Pods.build/Debug-iphoneos/SocketRocket.build/Objects-normal/arm64/SRPinningSecurityPolicy.o

/Users/jonahmicahinguito/dev/rotaract-connect/ios/Pods/SocketRocket/SocketRocket/Internal/Security/SRPinningSecurityPolicy.m:54:34: warning: 'SecTrustGetCertificateAtIndex' is deprecated: first deprecated in iOS 15.0 [-Wdeprecated-declarations]
   54 |         SecCertificateRef cert = SecTrustGetCertificateAtIndex(serverTrust, i);
      |                                  ^~~~~~~~~~~~~~~~~~~~~~~~~~~~~
      |                                  SecTrustCopyCertificateChain
In module 'Security' imported from /Users/jonahmicahinguito/dev/rotaract-connect/ios/Pods/SocketRocket/SocketRocket/SRSecurityPolicy.h:11:
/Applications/Xcode.app/Contents/Developer/Platforms/iPhoneOS.platform/Developer/SDKs/iPhoneOS26.5.sdk/System/Library/Frameworks/Security.framework/Headers/SecTrust.h:536:19: note: 'SecTrustGetCertificateAtIndex' has been explicitly marked deprecated here
  536 | SecCertificateRef SecTrustGetCertificateAtIndex(SecTrustRef trust, CFIndex ix)
      |                   ^
1 warning generated.

/Users/jonahmicahinguito/dev/rotaract-connect/ios/Pods/SocketRocket/SocketRocket/Internal/Security/SRPinningSecurityPolicy.m:54:34: 'SecTrustGetCertificateAtIndex' is deprecated: first deprecated in iOS 15.0


Build target ReactCodegen of project Pods with configuration Debug

Libtool /Users/jonahmicahinguito/Library/Developer/Xcode/DerivedData/rotaractconnect-cjwcbdlngckcsaantafkjnfzfbdk/Build/Products/Debug-iphoneos/ReactCodegen/libReactCodegen.a normal (in target 'ReactCodegen' from project 'Pods')
    cd /Users/jonahmicahinguito/dev/rotaract-connect/ios/Pods
    /Applications/Xcode.app/Contents/Developer/Toolchains/XcodeDefault.xctoolchain/usr/bin/libtool -static -arch_only arm64 -D -syslibroot /Applications/Xcode.app/Contents/Developer/Platforms/iPhoneOS.platform/Developer/SDKs/iPhoneOS26.5.sdk -L/Users/jonahmicahinguito/Library/Developer/Xcode/DerivedData/rotaractconnect-cjwcbdlngckcsaantafkjnfzfbdk/Build/Products/Debug-iphoneos/ReactCodegen -filelist /Users/jonahmicahinguito/Library/Developer/Xcode/DerivedData/rotaractconnect-cjwcbdlngckcsaantafkjnfzfbdk/Build/Intermediates.noindex/Pods.build/Debug-iphoneos/ReactCodegen.build/Objects-normal/arm64/ReactCodegen.LinkFileList -dependency_info /Users/jonahmicahinguito/Library/Developer/Xcode/DerivedData/rotaractconnect-cjwcbdlngckcsaantafkjnfzfbdk/Build/Intermediates.noindex/Pods.build/Debug-iphoneos/ReactCodegen.build/Objects-normal/arm64/ReactCodegen_libtool_dependency_info.dat -o /Users/jonahmicahinguito/Library/Developer/Xcode/DerivedData/rotaractconnect-cjwcbdlngckcsaantafkjnfzfbdk/Build/Products/Debug-iphoneos/ReactCodegen/libReactCodegen.a

libtool: warning: 'EventEmitters-ebb0d30144fc0b585f236fa7433e9516.o' has no symbols
libtool: warning: 'States-e8c4c0541c716581e448c792b4f554ad.o' has no symbols
libtool: warning: 'States-52977a29264c2a91c9ff0c5b0c119423.o' has no symbols
libtool: warning: 'States-5b603cc1bcfeee65764b856d729bea6c.o' has no symbols
libtool: warning: 'States-36709340a2bd195d0b7173cbc19e962d.o' has no symbols

'EventEmitters-ebb0d30144fc0b585f236fa7433e9516.o' has no symbols

'States-e8c4c0541c716581e448c792b4f554ad.o' has no symbols

'States-52977a29264c2a91c9ff0c5b0c119423.o' has no symbols

'States-5b603cc1bcfeee65764b856d729bea6c.o' has no symbols

'States-36709340a2bd195d0b7173cbc19e962d.o' has no symbols


Build target React-viewtransitionnativemodule of project Pods with configuration Debug

CompileC /Users/jonahmicahinguito/Library/Developer/Xcode/DerivedData/rotaractconnect-cjwcbdlngckcsaantafkjnfzfbdk/Build/Intermediates.noindex/Pods.build/Debug-iphoneos/React-viewtransitionnativemodule.build/Objects-normal/arm64/NativeViewTransition.o /Users/jonahmicahinguito/dev/rotaract-connect/node_modules/react-native/ReactCommon/react/nativemodule/viewtransition/NativeViewTransition.cpp normal arm64 c++ com.apple.compilers.llvm.clang.1_0.compiler (in target 'React-viewtransitionnativemodule' from project 'Pods')
    cd /Users/jonahmicahinguito/dev/rotaract-connect/ios/Pods
    
    Using response file: /Users/jonahmicahinguito/Library/Developer/Xcode/DerivedData/rotaractconnect-cjwcbdlngckcsaantafkjnfzfbdk/Build/Intermediates.noindex/Pods.build/Debug-iphoneos/React-viewtransitionnativemodule.build/Objects-normal/arm64/82b82416624d2658e5098eb0a28c15c5-common-args.resp
    
    /Applications/Xcode.app/Contents/Developer/Toolchains/XcodeDefault.xctoolchain/usr/bin/clang -x c++ -ivfsstatcache /Users/jonahmicahinguito/Library/Developer/Xcode/DerivedData/SDKStatCaches.noindex/iphoneos26.5-23F81a-32daed1954a7d5dd0789fcaf2a9bb78b.sdkstatcache -target arm64-apple-ios15.1 -fmessage-length\=0 -fdiagnostics-show-note-include-stack -fmacro-backtrace-limit\=0 -fno-color-diagnostics -fmodules-prune-interval\=86400 -fmodules-prune-after\=345600 -fbuild-session-file\=/Users/jonahmicahinguito/Library/Developer/Xcode/DerivedData/ModuleCache.noindex/Session.modulevalidation -fmodules-validate-once-per-build-session -Wnon-modular-include-in-framework-module -Werror\=non-modular-include-in-framework-module -Wno-trigraphs -Wno-missing-field-initializers -Wno-missing-prototypes -Werror\=return-type -Wdocumentation -Wunreachable-code -Werror\=deprecated-objc-isa-usage -Werror\=objc-root-class -Wno-non-virtual-dtor -Wno-overloaded-virtual -Wno-exit-time-destructors -Wno-missing-braces -Wparentheses -Wswitch -Wunused-function -Wno-unused-label -Wno-unused-parameter -Wunused-variable -Wunused-value -Wempty-body -Wuninitialized -Wconditional-uninitialized -Wno-unknown-pragmas -Wno-shadow -Wno-four-char-constants -Wno-conversion -Wconstant-conversion -Wint-conversion -Wbool-conversion -Wenum-conversion -Wno-float-conversion -Wnon-literal-null-conversion -Wobjc-literal-conversion -Wshorten-64-to-32 -Wno-newline-eof -Wno-c++11-extensions -Wno-implicit-fallthrough -isysroot /Applications/Xcode.app/Contents/Developer/Platforms/iPhoneOS.platform/Developer/SDKs/iPhoneOS26.5.sdk -fstrict-aliasing -Wdeprecated-declarations -Winvalid-offsetof -Wno-sign-conversion -Winfinite-recursion -Wmove -Wcomma -Wblock-capture-autoreleasing -Wstrict-prototypes -Wrange-loop-analysis -Wno-semicolon-before-method-body -Wunguarded-availability -index-store-path /Users/jonahmicahinguito/Library/Developer/Xcode/DerivedData/rotaractconnect-cjwcbdlngckcsaantafkjnfzfbdk/Index.noindex/DataStore @/Users/jonahmicahinguito/Library/Developer/Xcode/DerivedData/rotaractconnect-cjwcbdlngckcsaantafkjnfzfbdk/Build/Intermediates.noindex/Pods.build/Debug-iphoneos/React-viewtransitionnativemodule.build/Objects-normal/arm64/82b82416624d2658e5098eb0a28c15c5-common-args.resp -include /Users/jonahmicahinguito/dev/rotaract-connect/ios/Pods/Target\ Support\ Files/React-viewtransitionnativemodule/React-viewtransitionnativemodule-prefix.pch -MMD -MT dependencies -MF /Users/jonahmicahinguito/Library/Developer/Xcode/DerivedData/rotaractconnect-cjwcbdlngckcsaantafkjnfzfbdk/Build/Intermediates.noindex/Pods.build/Debug-iphoneos/React-viewtransitionnativemodule.build/Objects-normal/arm64/NativeViewTransition.d --serialize-diagnostics /Users/jonahmicahinguito/Library/Developer/Xcode/DerivedData/rotaractconnect-cjwcbdlngckcsaantafkjnfzfbdk/Build/Intermediates.noindex/Pods.build/Debug-iphoneos/React-viewtransitionnativemodule.build/Objects-normal/arm64/NativeViewTransition.dia -c /Users/jonahmicahinguito/dev/rotaract-connect/node_modules/react-native/ReactCommon/react/nativemodule/viewtransition/NativeViewTransition.cpp -o /Users/jonahmicahinguito/Library/Developer/Xcode/DerivedData/rotaractconnect-cjwcbdlngckcsaantafkjnfzfbdk/Build/Intermediates.noindex/Pods.build/Debug-iphoneos/React-viewtransitionnativemodule.build/Objects-normal/arm64/NativeViewTransition.o -index-unit-output-path /Pods.build/Debug-iphoneos/React-viewtransitionnativemodule.build/Objects-normal/arm64/NativeViewTransition.o

In file included from /Users/jonahmicahinguito/dev/rotaract-connect/node_modules/react-native/ReactCommon/react/nativemodule/viewtransition/NativeViewTransition.cpp:10:
In file included from /Users/jonahmicahinguito/dev/rotaract-connect/ios/Pods/Headers/Public/React-Fabric/react/renderer/uimanager/UIManagerBinding.h:12:
In file included from /Users/jonahmicahinguito/dev/rotaract-connect/ios/Pods/Headers/Public/React-Fabric/react/renderer/uimanager/PointerEventsProcessor.h:13:
In file included from /Users/jonahmicahinguito/dev/rotaract-connect/ios/Pods/Headers/Public/React-Fabric/react/renderer/uimanager/PointerHoverTracker.h:17:
In file included from /Users/jonahmicahinguito/dev/rotaract-connect/ios/Pods/Headers/Public/React-Fabric/react/renderer/uimanager/UIManager.h:23:
In file included from /Users/jonahmicahinguito/dev/rotaract-connect/ios/Pods/Headers/Public/React-Fabric/react/renderer/mounting/ShadowTree.h:18:
In file included from /Users/jonahmicahinguito/dev/rotaract-connect/ios/Pods/Headers/Public/React-Fabric/react/renderer/mounting/MountingCoordinator.h:15:
In file included from /Users/jonahmicahinguito/dev/rotaract-connect/ios/Pods/Headers/Public/React-Fabric/react/renderer/mounting/Differentiator.h:11:
/Users/jonahmicahinguito/dev/rotaract-connect/ios/Pods/Headers/Public/React-Fabric/react/renderer/mounting/ShadowViewMutation.h:46:7: warning: declaration is marked with '@deprecated' command but does not have a deprecation attribute [-Wdocumentation-deprecated-sync]
   46 |    * @deprecated Pass parentTag instead of parentShadowView.
      |      ~^~~~~~~~~~~~~~~~~~~~~~~~~~~~~~~~~~~~~~~~~~~~~~~~~~~~~~
/Users/jonahmicahinguito/dev/rotaract-connect/ios/Pods/Headers/Public/React-Fabric/react/renderer/mounting/ShadowViewMutation.h:48:3: note: add a deprecation attribute to the declaration to silence this warning
   48 |   static ShadowViewMutation InsertMutation(const ShadowView &parentShadowView, ShadowView childShadowView, int index)
      |   ^
      |   FMT_DEPRECATED 
/Users/jonahmicahinguito/dev/rotaract-connect/ios/Pods/Headers/Public/React-Fabric/react/renderer/mounting/ShadowViewMutation.h:60:7: warning: declaration is marked with '@deprecated' command but does not have a deprecation attribute [-Wdocumentation-deprecated-sync]
   60 |    * @deprecated Pass parentTag instead of parentShadowView.
      |      ~^~~~~~~~~~~~~~~~~~~~~~~~~~~~~~~~~~~~~~~~~~~~~~~~~~~~~~
/Users/jonahmicahinguito/dev/rotaract-connect/ios/Pods/Headers/Public/React-Fabric/react/renderer/mounting/ShadowViewMutation.h:62:3: note: add a deprecation attribute to the declaration to silence this warning
   62 |   static ShadowViewMutation RemoveMutation(const ShadowView &parentShadowView, ShadowView childShadowView, int index)
      |   ^
      |   FMT_DEPRECATED 
/Users/jonahmicahinguito/dev/rotaract-connect/ios/Pods/Headers/Public/React-Fabric/react/renderer/mounting/ShadowViewMutation.h:74:7: warning: declaration is marked with '@deprecated' command but does not have a deprecation attribute [-Wdocumentation-deprecated-sync]
   74 |    * @deprecated Pass parentTag instead of parentShadowView.
      |      ~^~~~~~~~~~~~~~~~~~~~~~~~~~~~~~~~~~~~~~~~~~~~~~~~~~~~~~
/Users/jonahmicahinguito/dev/rotaract-connect/ios/Pods/Headers/Public/React-Fabric/react/renderer/mounting/ShadowViewMutation.h:76:3: note: add a deprecation attribute to the declaration to silence this warning
   76 |   static ShadowViewMutation
      |   ^
      |   FMT_DEPRECATED 
3 warnings generated.

/Users/jonahmicahinguito/dev/rotaract-connect/ios/Pods/Headers/Public/React-Fabric/react/renderer/mounting/ShadowViewMutation.h:46:7: Declaration is marked with '@deprecated' command but does not have a deprecation attribute

/Users/jonahmicahinguito/dev/rotaract-connect/ios/Pods/Headers/Public/React-Fabric/react/renderer/mounting/ShadowViewMutation.h:60:7: Declaration is marked with '@deprecated' command but does not have a deprecation attribute

/Users/jonahmicahinguito/dev/rotaract-connect/ios/Pods/Headers/Public/React-Fabric/react/renderer/mounting/ShadowViewMutation.h:74:7: Declaration is marked with '@deprecated' command but does not have a deprecation attribute


Build target React-renderercss of project Pods with configuration Debug

Libtool /Users/jonahmicahinguito/Library/Developer/Xcode/DerivedData/rotaractconnect-cjwcbdlngckcsaantafkjnfzfbdk/Build/Products/Debug-iphoneos/React-renderercss/libReact-renderercss.a normal (in target 'React-renderercss' from project 'Pods')
    cd /Users/jonahmicahinguito/dev/rotaract-connect/ios/Pods
    /Applications/Xcode.app/Contents/Developer/Toolchains/XcodeDefault.xctoolchain/usr/bin/libtool -static -arch_only arm64 -D -syslibroot /Applications/Xcode.app/Contents/Developer/Platforms/iPhoneOS.platform/Developer/SDKs/iPhoneOS26.5.sdk -L/Users/jonahmicahinguito/Library/Developer/Xcode/DerivedData/rotaractconnect-cjwcbdlngckcsaantafkjnfzfbdk/Build/Products/Debug-iphoneos/React-renderercss -filelist /Users/jonahmicahinguito/Library/Developer/Xcode/DerivedData/rotaractconnect-cjwcbdlngckcsaantafkjnfzfbdk/Build/Intermediates.noindex/Pods.build/Debug-iphoneos/React-renderercss.build/Objects-normal/arm64/React-renderercss.LinkFileList -dependency_info /Users/jonahmicahinguito/Library/Developer/Xcode/DerivedData/rotaractconnect-cjwcbdlngckcsaantafkjnfzfbdk/Build/Intermediates.noindex/Pods.build/Debug-iphoneos/React-renderercss.build/Objects-normal/arm64/React-renderercss_libtool_dependency_info.dat -o /Users/jonahmicahinguito/Library/Developer/Xcode/DerivedData/rotaractconnect-cjwcbdlngckcsaantafkjnfzfbdk/Build/Products/Debug-iphoneos/React-renderercss/libReact-renderercss.a

libtool: warning: 'CSSDummy.o' has no symbols

'CSSDummy.o' has no symbols


Build target React-rendererconsistency of project Pods with configuration Debug

Libtool /Users/jonahmicahinguito/Library/Developer/Xcode/DerivedData/rotaractconnect-cjwcbdlngckcsaantafkjnfzfbdk/Build/Products/Debug-iphoneos/React-rendererconsistency/libReact-rendererconsistency.a normal (in target 'React-rendererconsistency' from project 'Pods')
    cd /Users/jonahmicahinguito/dev/rotaract-connect/ios/Pods
    /Applications/Xcode.app/Contents/Developer/Toolchains/XcodeDefault.xctoolchain/usr/bin/libtool -static -arch_only arm64 -D -syslibroot /Applications/Xcode.app/Contents/Developer/Platforms/iPhoneOS.platform/Developer/SDKs/iPhoneOS26.5.sdk -L/Users/jonahmicahinguito/Library/Developer/Xcode/DerivedData/rotaractconnect-cjwcbdlngckcsaantafkjnfzfbdk/Build/Products/Debug-iphoneos/React-rendererconsistency -filelist /Users/jonahmicahinguito/Library/Developer/Xcode/DerivedData/rotaractconnect-cjwcbdlngckcsaantafkjnfzfbdk/Build/Intermediates.noindex/Pods.build/Debug-iphoneos/React-rendererconsistency.build/Objects-normal/arm64/React-rendererconsistency.LinkFileList -dependency_info /Users/jonahmicahinguito/Library/Developer/Xcode/DerivedData/rotaractconnect-cjwcbdlngckcsaantafkjnfzfbdk/Build/Intermediates.noindex/Pods.build/Debug-iphoneos/React-rendererconsistency.build/Objects-normal/arm64/React-rendererconsistency_libtool_dependency_info.dat -o /Users/jonahmicahinguito/Library/Developer/Xcode/DerivedData/rotaractconnect-cjwcbdlngckcsaantafkjnfzfbdk/Build/Products/Debug-iphoneos/React-rendererconsistency/libReact-rendererconsistency.a

libtool: warning: 'ShadowTreeRevisionConsistencyManager.o' has no symbols

'ShadowTreeRevisionConsistencyManager.o' has no symbols


Build target React-perflogger of project Pods with configuration Debug

CompileC /Users/jonahmicahinguito/Library/Developer/Xcode/DerivedData/rotaractconnect-cjwcbdlngckcsaantafkjnfzfbdk/Build/Intermediates.noindex/Pods.build/Debug-iphoneos/React-perflogger.build/Objects-normal/arm64/FuseboxTracer.o /Users/jonahmicahinguito/dev/rotaract-connect/node_modules/react-native/ReactCommon/reactperflogger/fusebox/FuseboxTracer.cpp normal arm64 c++ com.apple.compilers.llvm.clang.1_0.compiler (in target 'React-perflogger' from project 'Pods')
    cd /Users/jonahmicahinguito/dev/rotaract-connect/ios/Pods
    
    Using response file: /Users/jonahmicahinguito/Library/Developer/Xcode/DerivedData/rotaractconnect-cjwcbdlngckcsaantafkjnfzfbdk/Build/Intermediates.noindex/Pods.build/Debug-iphoneos/React-perflogger.build/Objects-normal/arm64/82b82416624d2658e5098eb0a28c15c5-common-args.resp
    
    /Applications/Xcode.app/Contents/Developer/Toolchains/XcodeDefault.xctoolchain/usr/bin/clang -x c++ -ivfsstatcache /Users/jonahmicahinguito/Library/Developer/Xcode/DerivedData/SDKStatCaches.noindex/iphoneos26.5-23F81a-32daed1954a7d5dd0789fcaf2a9bb78b.sdkstatcache -target arm64-apple-ios15.1 -fmessage-length\=0 -fdiagnostics-show-note-include-stack -fmacro-backtrace-limit\=0 -fno-color-diagnostics -fmodules-prune-interval\=86400 -fmodules-prune-after\=345600 -fbuild-session-file\=/Users/jonahmicahinguito/Library/Developer/Xcode/DerivedData/ModuleCache.noindex/Session.modulevalidation -fmodules-validate-once-per-build-session -Wnon-modular-include-in-framework-module -Werror\=non-modular-include-in-framework-module -Wno-trigraphs -Wno-missing-field-initializers -Wno-missing-prototypes -Werror\=return-type -Wdocumentation -Wunreachable-code -Werror\=deprecated-objc-isa-usage -Werror\=objc-root-class -Wno-non-virtual-dtor -Wno-overloaded-virtual -Wno-exit-time-destructors -Wno-missing-braces -Wparentheses -Wswitch -Wunused-function -Wno-unused-label -Wno-unused-parameter -Wunused-variable -Wunused-value -Wempty-body -Wuninitialized -Wconditional-uninitialized -Wno-unknown-pragmas -Wno-shadow -Wno-four-char-constants -Wno-conversion -Wconstant-conversion -Wint-conversion -Wbool-conversion -Wenum-conversion -Wno-float-conversion -Wnon-literal-null-conversion -Wobjc-literal-conversion -Wshorten-64-to-32 -Wno-newline-eof -Wno-c++11-extensions -Wno-implicit-fallthrough -isysroot /Applications/Xcode.app/Contents/Developer/Platforms/iPhoneOS.platform/Developer/SDKs/iPhoneOS26.5.sdk -fstrict-aliasing -Wdeprecated-declarations -Winvalid-offsetof -Wno-sign-conversion -Winfinite-recursion -Wmove -Wcomma -Wblock-capture-autoreleasing -Wstrict-prototypes -Wrange-loop-analysis -Wno-semicolon-before-method-body -Wunguarded-availability -index-store-path /Users/jonahmicahinguito/Library/Developer/Xcode/DerivedData/rotaractconnect-cjwcbdlngckcsaantafkjnfzfbdk/Index.noindex/DataStore @/Users/jonahmicahinguito/Library/Developer/Xcode/DerivedData/rotaractconnect-cjwcbdlngckcsaantafkjnfzfbdk/Build/Intermediates.noindex/Pods.build/Debug-iphoneos/React-perflogger.build/Objects-normal/arm64/82b82416624d2658e5098eb0a28c15c5-common-args.resp -include /Users/jonahmicahinguito/dev/rotaract-connect/ios/Pods/Target\ Support\ Files/React-perflogger/React-perflogger-prefix.pch -MMD -MT dependencies -MF /Users/jonahmicahinguito/Library/Developer/Xcode/DerivedData/rotaractconnect-cjwcbdlngckcsaantafkjnfzfbdk/Build/Intermediates.noindex/Pods.build/Debug-iphoneos/React-perflogger.build/Objects-normal/arm64/FuseboxTracer.d --serialize-diagnostics /Users/jonahmicahinguito/Library/Developer/Xcode/DerivedData/rotaractconnect-cjwcbdlngckcsaantafkjnfzfbdk/Build/Intermediates.noindex/Pods.build/Debug-iphoneos/React-perflogger.build/Objects-normal/arm64/FuseboxTracer.dia -c /Users/jonahmicahinguito/dev/rotaract-connect/node_modules/react-native/ReactCommon/reactperflogger/fusebox/FuseboxTracer.cpp -o /Users/jonahmicahinguito/Library/Developer/Xcode/DerivedData/rotaractconnect-cjwcbdlngckcsaantafkjnfzfbdk/Build/Intermediates.noindex/Pods.build/Debug-iphoneos/React-perflogger.build/Objects-normal/arm64/FuseboxTracer.o -index-unit-output-path /Pods.build/Debug-iphoneos/React-perflogger.build/Objects-normal/arm64/FuseboxTracer.o

In file included from /Users/jonahmicahinguito/dev/rotaract-connect/node_modules/react-native/ReactCommon/reactperflogger/fusebox/FuseboxTracer.cpp:13:
/Users/jonahmicahinguito/dev/rotaract-connect/node_modules/react-native/ReactCommon/reactperflogger/fusebox/FuseboxTracer.h:26:5: warning: declaration is marked with '@deprecated' command but does not have a deprecation attribute [-Wdocumentation-deprecated-sync]
   26 |  * @deprecated Replaced by jsinspector_modern::PerformanceTracer and will be
      |    ~^~~~~~~~~~~~~~~~~~~~~~~~~~~~~~~~~~~~~~~~~~~~~~~~~~~~~~~~~~~~~~~~~~~~~~~~
   27 |  * removed when we delete FuseboxPerfettoDataSource.
      |  ~~~~~~~~~~~~~~~~~~~~~~~~~~~~~~~~~~~~~~~~~~~~~~~~~~~
1 warning generated.

/Users/jonahmicahinguito/dev/rotaract-connect/node_modules/react-native/ReactCommon/reactperflogger/fusebox/FuseboxTracer.h:26:5: Declaration is marked with '@deprecated' command but does not have a deprecation attribute

Libtool /Users/jonahmicahinguito/Library/Developer/Xcode/DerivedData/rotaractconnect-cjwcbdlngckcsaantafkjnfzfbdk/Build/Products/Debug-iphoneos/React-perflogger/libReact-perflogger.a normal (in target 'React-perflogger' from project 'Pods')
    cd /Users/jonahmicahinguito/dev/rotaract-connect/ios/Pods
    /Applications/Xcode.app/Contents/Developer/Toolchains/XcodeDefault.xctoolchain/usr/bin/libtool -static -arch_only arm64 -D -syslibroot /Applications/Xcode.app/Contents/Developer/Platforms/iPhoneOS.platform/Developer/SDKs/iPhoneOS26.5.sdk -L/Users/jonahmicahinguito/Library/Developer/Xcode/DerivedData/rotaractconnect-cjwcbdlngckcsaantafkjnfzfbdk/Build/Products/Debug-iphoneos/React-perflogger -filelist /Users/jonahmicahinguito/Library/Developer/Xcode/DerivedData/rotaractconnect-cjwcbdlngckcsaantafkjnfzfbdk/Build/Intermediates.noindex/Pods.build/Debug-iphoneos/React-perflogger.build/Objects-normal/arm64/React-perflogger.LinkFileList -dependency_info /Users/jonahmicahinguito/Library/Developer/Xcode/DerivedData/rotaractconnect-cjwcbdlngckcsaantafkjnfzfbdk/Build/Intermediates.noindex/Pods.build/Debug-iphoneos/React-perflogger.build/Objects-normal/arm64/React-perflogger_libtool_dependency_info.dat -o /Users/jonahmicahinguito/Library/Developer/Xcode/DerivedData/rotaractconnect-cjwcbdlngckcsaantafkjnfzfbdk/Build/Products/Debug-iphoneos/React-perflogger/libReact-perflogger.a

libtool: warning: 'FuseboxPerfettoDataSource.o' has no symbols
libtool: warning: 'HermesPerfettoDataSource.o' has no symbols
libtool: warning: 'ReactPerfetto.o' has no symbols
libtool: warning: 'ReactPerfettoCategories.o' has no symbols

'FuseboxPerfettoDataSource.o' has no symbols

'HermesPerfettoDataSource.o' has no symbols

'ReactPerfetto.o' has no symbols

'ReactPerfettoCategories.o' has no symbols


Build target React-oscompat of project Pods with configuration Debug

Libtool /Users/jonahmicahinguito/Library/Developer/Xcode/DerivedData/rotaractconnect-cjwcbdlngckcsaantafkjnfzfbdk/Build/Products/Debug-iphoneos/React-oscompat/libReact-oscompat.a normal (in target 'React-oscompat' from project 'Pods')
    cd /Users/jonahmicahinguito/dev/rotaract-connect/ios/Pods
    /Applications/Xcode.app/Contents/Developer/Toolchains/XcodeDefault.xctoolchain/usr/bin/libtool -static -arch_only arm64 -D -syslibroot /Applications/Xcode.app/Contents/Developer/Platforms/iPhoneOS.platform/Developer/SDKs/iPhoneOS26.5.sdk -L/Users/jonahmicahinguito/Library/Developer/Xcode/DerivedData/rotaractconnect-cjwcbdlngckcsaantafkjnfzfbdk/Build/Products/Debug-iphoneos/React-oscompat -filelist /Users/jonahmicahinguito/Library/Developer/Xcode/DerivedData/rotaractconnect-cjwcbdlngckcsaantafkjnfzfbdk/Build/Intermediates.noindex/Pods.build/Debug-iphoneos/React-oscompat.build/Objects-normal/arm64/React-oscompat.LinkFileList -dependency_info /Users/jonahmicahinguito/Library/Developer/Xcode/DerivedData/rotaractconnect-cjwcbdlngckcsaantafkjnfzfbdk/Build/Intermediates.noindex/Pods.build/Debug-iphoneos/React-oscompat.build/Objects-normal/arm64/React-oscompat_libtool_dependency_info.dat -o /Users/jonahmicahinguito/Library/Developer/Xcode/DerivedData/rotaractconnect-cjwcbdlngckcsaantafkjnfzfbdk/Build/Products/Debug-iphoneos/React-oscompat/libReact-oscompat.a

libtool: warning: 'OSCompatWindows.o' has no symbols

'OSCompatWindows.o' has no symbols


Build target React-mutationobservernativemodule of project Pods with configuration Debug

CompileC /Users/jonahmicahinguito/Library/Developer/Xcode/DerivedData/rotaractconnect-cjwcbdlngckcsaantafkjnfzfbdk/Build/Intermediates.noindex/Pods.build/Debug-iphoneos/React-mutationobservernativemodule.build/Objects-normal/arm64/NativeMutationObserver.o /Users/jonahmicahinguito/dev/rotaract-connect/node_modules/react-native/ReactCommon/react/nativemodule/mutationobserver/NativeMutationObserver.cpp normal arm64 c++ com.apple.compilers.llvm.clang.1_0.compiler (in target 'React-mutationobservernativemodule' from project 'Pods')
    cd /Users/jonahmicahinguito/dev/rotaract-connect/ios/Pods
    
    Using response file: /Users/jonahmicahinguito/Library/Developer/Xcode/DerivedData/rotaractconnect-cjwcbdlngckcsaantafkjnfzfbdk/Build/Intermediates.noindex/Pods.build/Debug-iphoneos/React-mutationobservernativemodule.build/Objects-normal/arm64/82b82416624d2658e5098eb0a28c15c5-common-args.resp
    
    /Applications/Xcode.app/Contents/Developer/Toolchains/XcodeDefault.xctoolchain/usr/bin/clang -x c++ -ivfsstatcache /Users/jonahmicahinguito/Library/Developer/Xcode/DerivedData/SDKStatCaches.noindex/iphoneos26.5-23F81a-32daed1954a7d5dd0789fcaf2a9bb78b.sdkstatcache -target arm64-apple-ios15.1 -fmessage-length\=0 -fdiagnostics-show-note-include-stack -fmacro-backtrace-limit\=0 -fno-color-diagnostics -fmodules-prune-interval\=86400 -fmodules-prune-after\=345600 -fbuild-session-file\=/Users/jonahmicahinguito/Library/Developer/Xcode/DerivedData/ModuleCache.noindex/Session.modulevalidation -fmodules-validate-once-per-build-session -Wnon-modular-include-in-framework-module -Werror\=non-modular-include-in-framework-module -Wno-trigraphs -Wno-missing-field-initializers -Wno-missing-prototypes -Werror\=return-type -Wdocumentation -Wunreachable-code -Werror\=deprecated-objc-isa-usage -Werror\=objc-root-class -Wno-non-virtual-dtor -Wno-overloaded-virtual -Wno-exit-time-destructors -Wno-missing-braces -Wparentheses -Wswitch -Wunused-function -Wno-unused-label -Wno-unused-parameter -Wunused-variable -Wunused-value -Wempty-body -Wuninitialized -Wconditional-uninitialized -Wno-unknown-pragmas -Wno-shadow -Wno-four-char-constants -Wno-conversion -Wconstant-conversion -Wint-conversion -Wbool-conversion -Wenum-conversion -Wno-float-conversion -Wnon-literal-null-conversion -Wobjc-literal-conversion -Wshorten-64-to-32 -Wno-newline-eof -Wno-c++11-extensions -Wno-implicit-fallthrough -isysroot /Applications/Xcode.app/Contents/Developer/Platforms/iPhoneOS.platform/Developer/SDKs/iPhoneOS26.5.sdk -fstrict-aliasing -Wdeprecated-declarations -Winvalid-offsetof -Wno-sign-conversion -Winfinite-recursion -Wmove -Wcomma -Wblock-capture-autoreleasing -Wstrict-prototypes -Wrange-loop-analysis -Wno-semicolon-before-method-body -Wunguarded-availability -index-store-path /Users/jonahmicahinguito/Library/Developer/Xcode/DerivedData/rotaractconnect-cjwcbdlngckcsaantafkjnfzfbdk/Index.noindex/DataStore @/Users/jonahmicahinguito/Library/Developer/Xcode/DerivedData/rotaractconnect-cjwcbdlngckcsaantafkjnfzfbdk/Build/Intermediates.noindex/Pods.build/Debug-iphoneos/React-mutationobservernativemodule.build/Objects-normal/arm64/82b82416624d2658e5098eb0a28c15c5-common-args.resp -include /Users/jonahmicahinguito/dev/rotaract-connect/ios/Pods/Target\ Support\ Files/React-mutationobservernativemodule/React-mutationobservernativemodule-prefix.pch -MMD -MT dependencies -MF /Users/jonahmicahinguito/Library/Developer/Xcode/DerivedData/rotaractconnect-cjwcbdlngckcsaantafkjnfzfbdk/Build/Intermediates.noindex/Pods.build/Debug-iphoneos/React-mutationobservernativemodule.build/Objects-normal/arm64/NativeMutationObserver.d --serialize-diagnostics /Users/jonahmicahinguito/Library/Developer/Xcode/DerivedData/rotaractconnect-cjwcbdlngckcsaantafkjnfzfbdk/Build/Intermediates.noindex/Pods.build/Debug-iphoneos/React-mutationobservernativemodule.build/Objects-normal/arm64/NativeMutationObserver.dia -c /Users/jonahmicahinguito/dev/rotaract-connect/node_modules/react-native/ReactCommon/react/nativemodule/mutationobserver/NativeMutationObserver.cpp -o /Users/jonahmicahinguito/Library/Developer/Xcode/DerivedData/rotaractconnect-cjwcbdlngckcsaantafkjnfzfbdk/Build/Intermediates.noindex/Pods.build/Debug-iphoneos/React-mutationobservernativemodule.build/Objects-normal/arm64/NativeMutationObserver.o -index-unit-output-path /Pods.build/Debug-iphoneos/React-mutationobservernativemodule.build/Objects-normal/arm64/NativeMutationObserver.o

In file included from /Users/jonahmicahinguito/dev/rotaract-connect/node_modules/react-native/ReactCommon/react/nativemodule/mutationobserver/NativeMutationObserver.cpp:8:
In file included from /Users/jonahmicahinguito/dev/rotaract-connect/node_modules/react-native/ReactCommon/react/nativemodule/mutationobserver/NativeMutationObserver.h:16:
In file included from /Users/jonahmicahinguito/dev/rotaract-connect/ios/Pods/Headers/Public/React-Fabric/react/renderer/observers/mutation/MutationObserverManager.h:11:
In file included from /Users/jonahmicahinguito/dev/rotaract-connect/ios/Pods/Headers/Public/React-Fabric/react/renderer/mounting/ShadowTree.h:18:
In file included from /Users/jonahmicahinguito/dev/rotaract-connect/ios/Pods/Headers/Public/React-Fabric/react/renderer/mounting/MountingCoordinator.h:15:
In file included from /Users/jonahmicahinguito/dev/rotaract-connect/ios/Pods/Headers/Public/React-Fabric/react/renderer/mounting/Differentiator.h:11:
/Users/jonahmicahinguito/dev/rotaract-connect/ios/Pods/Headers/Public/React-Fabric/react/renderer/mounting/ShadowViewMutation.h:46:7: warning: declaration is marked with '@deprecated' command but does not have a deprecation attribute [-Wdocumentation-deprecated-sync]
   46 |    * @deprecated Pass parentTag instead of parentShadowView.
      |      ~^~~~~~~~~~~~~~~~~~~~~~~~~~~~~~~~~~~~~~~~~~~~~~~~~~~~~~
/Users/jonahmicahinguito/dev/rotaract-connect/ios/Pods/Headers/Public/React-Fabric/react/renderer/mounting/ShadowViewMutation.h:48:3: note: add a deprecation attribute to the declaration to silence this warning
   48 |   static ShadowViewMutation InsertMutation(const ShadowView &parentShadowView, ShadowView childShadowView, int index)
      |   ^
      |   FMT_DEPRECATED 
/Users/jonahmicahinguito/dev/rotaract-connect/ios/Pods/Headers/Public/React-Fabric/react/renderer/mounting/ShadowViewMutation.h:60:7: warning: declaration is marked with '@deprecated' command but does not have a deprecation attribute [-Wdocumentation-deprecated-sync]
   60 |    * @deprecated Pass parentTag instead of parentShadowView.
      |      ~^~~~~~~~~~~~~~~~~~~~~~~~~~~~~~~~~~~~~~~~~~~~~~~~~~~~~~
/Users/jonahmicahinguito/dev/rotaract-connect/ios/Pods/Headers/Public/React-Fabric/react/renderer/mounting/ShadowViewMutation.h:62:3: note: add a deprecation attribute to the declaration to silence this warning
   62 |   static ShadowViewMutation RemoveMutation(const ShadowView &parentShadowView, ShadowView childShadowView, int index)
      |   ^
      |   FMT_DEPRECATED 
/Users/jonahmicahinguito/dev/rotaract-connect/ios/Pods/Headers/Public/React-Fabric/react/renderer/mounting/ShadowViewMutation.h:74:7: warning: declaration is marked with '@deprecated' command but does not have a deprecation attribute [-Wdocumentation-deprecated-sync]
   74 |    * @deprecated Pass parentTag instead of parentShadowView.
      |      ~^~~~~~~~~~~~~~~~~~~~~~~~~~~~~~~~~~~~~~~~~~~~~~~~~~~~~~
/Users/jonahmicahinguito/dev/rotaract-connect/ios/Pods/Headers/Public/React-Fabric/react/renderer/mounting/ShadowViewMutation.h:76:3: note: add a deprecation attribute to the declaration to silence this warning
   76 |   static ShadowViewMutation
      |   ^
      |   FMT_DEPRECATED 
3 warnings generated.

/Users/jonahmicahinguito/dev/rotaract-connect/ios/Pods/Headers/Public/React-Fabric/react/renderer/mounting/ShadowViewMutation.h:46:7: Declaration is marked with '@deprecated' command but does not have a deprecation attribute

/Users/jonahmicahinguito/dev/rotaract-connect/ios/Pods/Headers/Public/React-Fabric/react/renderer/mounting/ShadowViewMutation.h:60:7: Declaration is marked with '@deprecated' command but does not have a deprecation attribute

/Users/jonahmicahinguito/dev/rotaract-connect/ios/Pods/Headers/Public/React-Fabric/react/renderer/mounting/ShadowViewMutation.h:74:7: Declaration is marked with '@deprecated' command but does not have a deprecation attribute


Build target React-jsinspector of project Pods with configuration Debug

CompileC /Users/jonahmicahinguito/Library/Developer/Xcode/DerivedData/rotaractconnect-cjwcbdlngckcsaantafkjnfzfbdk/Build/Intermediates.noindex/Pods.build/Debug-iphoneos/React-jsinspector.build/Objects-normal/arm64/RuntimeTargetConsole.o /Users/jonahmicahinguito/dev/rotaract-connect/node_modules/react-native/ReactCommon/jsinspector-modern/RuntimeTargetConsole.cpp normal arm64 c++ com.apple.compilers.llvm.clang.1_0.compiler (in target 'React-jsinspector' from project 'Pods')
    cd /Users/jonahmicahinguito/dev/rotaract-connect/ios/Pods
    
    Using response file: /Users/jonahmicahinguito/Library/Developer/Xcode/DerivedData/rotaractconnect-cjwcbdlngckcsaantafkjnfzfbdk/Build/Intermediates.noindex/Pods.build/Debug-iphoneos/React-jsinspector.build/Objects-normal/arm64/82b82416624d2658e5098eb0a28c15c5-common-args.resp
    
    /Applications/Xcode.app/Contents/Developer/Toolchains/XcodeDefault.xctoolchain/usr/bin/clang -x c++ -ivfsstatcache /Users/jonahmicahinguito/Library/Developer/Xcode/DerivedData/SDKStatCaches.noindex/iphoneos26.5-23F81a-32daed1954a7d5dd0789fcaf2a9bb78b.sdkstatcache -target arm64-apple-ios15.1 -fmessage-length\=0 -fdiagnostics-show-note-include-stack -fmacro-backtrace-limit\=0 -fno-color-diagnostics -fmodules-prune-interval\=86400 -fmodules-prune-after\=345600 -fbuild-session-file\=/Users/jonahmicahinguito/Library/Developer/Xcode/DerivedData/ModuleCache.noindex/Session.modulevalidation -fmodules-validate-once-per-build-session -Wnon-modular-include-in-framework-module -Werror\=non-modular-include-in-framework-module -Wno-trigraphs -Wno-missing-field-initializers -Wno-missing-prototypes -Werror\=return-type -Wdocumentation -Wunreachable-code -Werror\=deprecated-objc-isa-usage -Werror\=objc-root-class -Wno-non-virtual-dtor -Wno-overloaded-virtual -Wno-exit-time-destructors -Wno-missing-braces -Wparentheses -Wswitch -Wunused-function -Wno-unused-label -Wno-unused-parameter -Wunused-variable -Wunused-value -Wempty-body -Wuninitialized -Wconditional-uninitialized -Wno-unknown-pragmas -Wno-shadow -Wno-four-char-constants -Wno-conversion -Wconstant-conversion -Wint-conversion -Wbool-conversion -Wenum-conversion -Wno-float-conversion -Wnon-literal-null-conversion -Wobjc-literal-conversion -Wshorten-64-to-32 -Wno-newline-eof -Wno-c++11-extensions -Wno-implicit-fallthrough -isysroot /Applications/Xcode.app/Contents/Developer/Platforms/iPhoneOS.platform/Developer/SDKs/iPhoneOS26.5.sdk -fstrict-aliasing -Wdeprecated-declarations -Winvalid-offsetof -Wno-sign-conversion -Winfinite-recursion -Wmove -Wcomma -Wblock-capture-autoreleasing -Wstrict-prototypes -Wrange-loop-analysis -Wno-semicolon-before-method-body -Wunguarded-availability -index-store-path /Users/jonahmicahinguito/Library/Developer/Xcode/DerivedData/rotaractconnect-cjwcbdlngckcsaantafkjnfzfbdk/Index.noindex/DataStore @/Users/jonahmicahinguito/Library/Developer/Xcode/DerivedData/rotaractconnect-cjwcbdlngckcsaantafkjnfzfbdk/Build/Intermediates.noindex/Pods.build/Debug-iphoneos/React-jsinspector.build/Objects-normal/arm64/82b82416624d2658e5098eb0a28c15c5-common-args.resp -include /Users/jonahmicahinguito/dev/rotaract-connect/ios/Pods/Target\ Support\ Files/React-jsinspector/React-jsinspector-prefix.pch -MMD -MT dependencies -MF /Users/jonahmicahinguito/Library/Developer/Xcode/DerivedData/rotaractconnect-cjwcbdlngckcsaantafkjnfzfbdk/Build/Intermediates.noindex/Pods.build/Debug-iphoneos/React-jsinspector.build/Objects-normal/arm64/RuntimeTargetConsole.d --serialize-diagnostics /Users/jonahmicahinguito/Library/Developer/Xcode/DerivedData/rotaractconnect-cjwcbdlngckcsaantafkjnfzfbdk/Build/Intermediates.noindex/Pods.build/Debug-iphoneos/React-jsinspector.build/Objects-normal/arm64/RuntimeTargetConsole.dia -c /Users/jonahmicahinguito/dev/rotaract-connect/node_modules/react-native/ReactCommon/jsinspector-modern/RuntimeTargetConsole.cpp -o /Users/jonahmicahinguito/Library/Developer/Xcode/DerivedData/rotaractconnect-cjwcbdlngckcsaantafkjnfzfbdk/Build/Intermediates.noindex/Pods.build/Debug-iphoneos/React-jsinspector.build/Objects-normal/arm64/RuntimeTargetConsole.o -index-unit-output-path /Pods.build/Debug-iphoneos/React-jsinspector.build/Objects-normal/arm64/RuntimeTargetConsole.o

In file included from /Users/jonahmicahinguito/dev/rotaract-connect/node_modules/react-native/ReactCommon/jsinspector-modern/RuntimeTargetConsole.cpp:8:
/Users/jonahmicahinguito/dev/rotaract-connect/node_modules/react-native/ReactCommon/jsinspector-modern/ConsoleTask.h:21:13: warning: parameter 'runtimeTargetDelegate' not found in the function declaration [-Wdocumentation]
   21 |    * \param runtimeTargetDelegate The delegate to the corresponding runtime.
      |             ^~~~~~~~~~~~~~~~~~~~~
1 warning generated.

/Users/jonahmicahinguito/dev/rotaract-connect/node_modules/react-native/ReactCommon/jsinspector-modern/ConsoleTask.h:21:13: Parameter 'runtimeTargetDelegate' not found in the function declaration

CompileC /Users/jonahmicahinguito/Library/Developer/Xcode/DerivedData/rotaractconnect-cjwcbdlngckcsaantafkjnfzfbdk/Build/Intermediates.noindex/Pods.build/Debug-iphoneos/React-jsinspector.build/Objects-normal/arm64/ConsoleTask.o /Users/jonahmicahinguito/dev/rotaract-connect/node_modules/react-native/ReactCommon/jsinspector-modern/ConsoleTask.cpp normal arm64 c++ com.apple.compilers.llvm.clang.1_0.compiler (in target 'React-jsinspector' from project 'Pods')
    cd /Users/jonahmicahinguito/dev/rotaract-connect/ios/Pods
    
    Using response file: /Users/jonahmicahinguito/Library/Developer/Xcode/DerivedData/rotaractconnect-cjwcbdlngckcsaantafkjnfzfbdk/Build/Intermediates.noindex/Pods.build/Debug-iphoneos/React-jsinspector.build/Objects-normal/arm64/82b82416624d2658e5098eb0a28c15c5-common-args.resp
    
    /Applications/Xcode.app/Contents/Developer/Toolchains/XcodeDefault.xctoolchain/usr/bin/clang -x c++ -ivfsstatcache /Users/jonahmicahinguito/Library/Developer/Xcode/DerivedData/SDKStatCaches.noindex/iphoneos26.5-23F81a-32daed1954a7d5dd0789fcaf2a9bb78b.sdkstatcache -target arm64-apple-ios15.1 -fmessage-length\=0 -fdiagnostics-show-note-include-stack -fmacro-backtrace-limit\=0 -fno-color-diagnostics -fmodules-prune-interval\=86400 -fmodules-prune-after\=345600 -fbuild-session-file\=/Users/jonahmicahinguito/Library/Developer/Xcode/DerivedData/ModuleCache.noindex/Session.modulevalidation -fmodules-validate-once-per-build-session -Wnon-modular-include-in-framework-module -Werror\=non-modular-include-in-framework-module -Wno-trigraphs -Wno-missing-field-initializers -Wno-missing-prototypes -Werror\=return-type -Wdocumentation -Wunreachable-code -Werror\=deprecated-objc-isa-usage -Werror\=objc-root-class -Wno-non-virtual-dtor -Wno-overloaded-virtual -Wno-exit-time-destructors -Wno-missing-braces -Wparentheses -Wswitch -Wunused-function -Wno-unused-label -Wno-unused-parameter -Wunused-variable -Wunused-value -Wempty-body -Wuninitialized -Wconditional-uninitialized -Wno-unknown-pragmas -Wno-shadow -Wno-four-char-constants -Wno-conversion -Wconstant-conversion -Wint-conversion -Wbool-conversion -Wenum-conversion -Wno-float-conversion -Wnon-literal-null-conversion -Wobjc-literal-conversion -Wshorten-64-to-32 -Wno-newline-eof -Wno-c++11-extensions -Wno-implicit-fallthrough -isysroot /Applications/Xcode.app/Contents/Developer/Platforms/iPhoneOS.platform/Developer/SDKs/iPhoneOS26.5.sdk -fstrict-aliasing -Wdeprecated-declarations -Winvalid-offsetof -Wno-sign-conversion -Winfinite-recursion -Wmove -Wcomma -Wblock-capture-autoreleasing -Wstrict-prototypes -Wrange-loop-analysis -Wno-semicolon-before-method-body -Wunguarded-availability -index-store-path /Users/jonahmicahinguito/Library/Developer/Xcode/DerivedData/rotaractconnect-cjwcbdlngckcsaantafkjnfzfbdk/Index.noindex/DataStore @/Users/jonahmicahinguito/Library/Developer/Xcode/DerivedData/rotaractconnect-cjwcbdlngckcsaantafkjnfzfbdk/Build/Intermediates.noindex/Pods.build/Debug-iphoneos/React-jsinspector.build/Objects-normal/arm64/82b82416624d2658e5098eb0a28c15c5-common-args.resp -include /Users/jonahmicahinguito/dev/rotaract-connect/ios/Pods/Target\ Support\ Files/React-jsinspector/React-jsinspector-prefix.pch -MMD -MT dependencies -MF /Users/jonahmicahinguito/Library/Developer/Xcode/DerivedData/rotaractconnect-cjwcbdlngckcsaantafkjnfzfbdk/Build/Intermediates.noindex/Pods.build/Debug-iphoneos/React-jsinspector.build/Objects-normal/arm64/ConsoleTask.d --serialize-diagnostics /Users/jonahmicahinguito/Library/Developer/Xcode/DerivedData/rotaractconnect-cjwcbdlngckcsaantafkjnfzfbdk/Build/Intermediates.noindex/Pods.build/Debug-iphoneos/React-jsinspector.build/Objects-normal/arm64/ConsoleTask.dia -c /Users/jonahmicahinguito/dev/rotaract-connect/node_modules/react-native/ReactCommon/jsinspector-modern/ConsoleTask.cpp -o /Users/jonahmicahinguito/Library/Developer/Xcode/DerivedData/rotaractconnect-cjwcbdlngckcsaantafkjnfzfbdk/Build/Intermediates.noindex/Pods.build/Debug-iphoneos/React-jsinspector.build/Objects-normal/arm64/ConsoleTask.o -index-unit-output-path /Pods.build/Debug-iphoneos/React-jsinspector.build/Objects-normal/arm64/ConsoleTask.o

In file included from /Users/jonahmicahinguito/dev/rotaract-connect/node_modules/react-native/ReactCommon/jsinspector-modern/ConsoleTask.cpp:8:
/Users/jonahmicahinguito/dev/rotaract-connect/node_modules/react-native/ReactCommon/jsinspector-modern/ConsoleTask.h:21:13: warning: parameter 'runtimeTargetDelegate' not found in the function declaration [-Wdocumentation]
   21 |    * \param runtimeTargetDelegate The delegate to the corresponding runtime.
      |             ^~~~~~~~~~~~~~~~~~~~~
1 warning generated.

/Users/jonahmicahinguito/dev/rotaract-connect/node_modules/react-native/ReactCommon/jsinspector-modern/ConsoleTask.h:21:13: Parameter 'runtimeTargetDelegate' not found in the function declaration


Build target React-jsiexecutor of project Pods with configuration Debug

Libtool /Users/jonahmicahinguito/Library/Developer/Xcode/DerivedData/rotaractconnect-cjwcbdlngckcsaantafkjnfzfbdk/Build/Products/Debug-iphoneos/React-jsiexecutor/libReact-jsiexecutor.a normal (in target 'React-jsiexecutor' from project 'Pods')
    cd /Users/jonahmicahinguito/dev/rotaract-connect/ios/Pods
    /Applications/Xcode.app/Contents/Developer/Toolchains/XcodeDefault.xctoolchain/usr/bin/libtool -static -arch_only arm64 -D -syslibroot /Applications/Xcode.app/Contents/Developer/Platforms/iPhoneOS.platform/Developer/SDKs/iPhoneOS26.5.sdk -L/Users/jonahmicahinguito/Library/Developer/Xcode/DerivedData/rotaractconnect-cjwcbdlngckcsaantafkjnfzfbdk/Build/Products/Debug-iphoneos/React-jsiexecutor -filelist /Users/jonahmicahinguito/Library/Developer/Xcode/DerivedData/rotaractconnect-cjwcbdlngckcsaantafkjnfzfbdk/Build/Intermediates.noindex/Pods.build/Debug-iphoneos/React-jsiexecutor.build/Objects-normal/arm64/React-jsiexecutor.LinkFileList -dependency_info /Users/jonahmicahinguito/Library/Developer/Xcode/DerivedData/rotaractconnect-cjwcbdlngckcsaantafkjnfzfbdk/Build/Intermediates.noindex/Pods.build/Debug-iphoneos/React-jsiexecutor.build/Objects-normal/arm64/React-jsiexecutor_libtool_dependency_info.dat -o /Users/jonahmicahinguito/Library/Developer/Xcode/DerivedData/rotaractconnect-cjwcbdlngckcsaantafkjnfzfbdk/Build/Products/Debug-iphoneos/React-jsiexecutor/libReact-jsiexecutor.a

libtool: warning: 'JSINativeModules.o' has no symbols

'JSINativeModules.o' has no symbols


Build target React-intersectionobservernativemodule of project Pods with configuration Debug

CompileC /Users/jonahmicahinguito/Library/Developer/Xcode/DerivedData/rotaractconnect-cjwcbdlngckcsaantafkjnfzfbdk/Build/Intermediates.noindex/Pods.build/Debug-iphoneos/React-intersectionobservernativemodule.build/Objects-normal/arm64/NativeIntersectionObserver.o /Users/jonahmicahinguito/dev/rotaract-connect/node_modules/react-native/ReactCommon/react/nativemodule/intersectionobserver/NativeIntersectionObserver.cpp normal arm64 c++ com.apple.compilers.llvm.clang.1_0.compiler (in target 'React-intersectionobservernativemodule' from project 'Pods')
    cd /Users/jonahmicahinguito/dev/rotaract-connect/ios/Pods
    
    Using response file: /Users/jonahmicahinguito/Library/Developer/Xcode/DerivedData/rotaractconnect-cjwcbdlngckcsaantafkjnfzfbdk/Build/Intermediates.noindex/Pods.build/Debug-iphoneos/React-intersectionobservernativemodule.build/Objects-normal/arm64/82b82416624d2658e5098eb0a28c15c5-common-args.resp
    
    /Applications/Xcode.app/Contents/Developer/Toolchains/XcodeDefault.xctoolchain/usr/bin/clang -x c++ -ivfsstatcache /Users/jonahmicahinguito/Library/Developer/Xcode/DerivedData/SDKStatCaches.noindex/iphoneos26.5-23F81a-32daed1954a7d5dd0789fcaf2a9bb78b.sdkstatcache -target arm64-apple-ios15.1 -fmessage-length\=0 -fdiagnostics-show-note-include-stack -fmacro-backtrace-limit\=0 -fno-color-diagnostics -fmodules-prune-interval\=86400 -fmodules-prune-after\=345600 -fbuild-session-file\=/Users/jonahmicahinguito/Library/Developer/Xcode/DerivedData/ModuleCache.noindex/Session.modulevalidation -fmodules-validate-once-per-build-session -Wnon-modular-include-in-framework-module -Werror\=non-modular-include-in-framework-module -Wno-trigraphs -Wno-missing-field-initializers -Wno-missing-prototypes -Werror\=return-type -Wdocumentation -Wunreachable-code -Werror\=deprecated-objc-isa-usage -Werror\=objc-root-class -Wno-non-virtual-dtor -Wno-overloaded-virtual -Wno-exit-time-destructors -Wno-missing-braces -Wparentheses -Wswitch -Wunused-function -Wno-unused-label -Wno-unused-parameter -Wunused-variable -Wunused-value -Wempty-body -Wuninitialized -Wconditional-uninitialized -Wno-unknown-pragmas -Wno-shadow -Wno-four-char-constants -Wno-conversion -Wconstant-conversion -Wint-conversion -Wbool-conversion -Wenum-conversion -Wno-float-conversion -Wnon-literal-null-conversion -Wobjc-literal-conversion -Wshorten-64-to-32 -Wno-newline-eof -Wno-c++11-extensions -Wno-implicit-fallthrough -isysroot /Applications/Xcode.app/Contents/Developer/Platforms/iPhoneOS.platform/Developer/SDKs/iPhoneOS26.5.sdk -fstrict-aliasing -Wdeprecated-declarations -Winvalid-offsetof -Wno-sign-conversion -Winfinite-recursion -Wmove -Wcomma -Wblock-capture-autoreleasing -Wstrict-prototypes -Wrange-loop-analysis -Wno-semicolon-before-method-body -Wunguarded-availability -index-store-path /Users/jonahmicahinguito/Library/Developer/Xcode/DerivedData/rotaractconnect-cjwcbdlngckcsaantafkjnfzfbdk/Index.noindex/DataStore @/Users/jonahmicahinguito/Library/Developer/Xcode/DerivedData/rotaractconnect-cjwcbdlngckcsaantafkjnfzfbdk/Build/Intermediates.noindex/Pods.build/Debug-iphoneos/React-intersectionobservernativemodule.build/Objects-normal/arm64/82b82416624d2658e5098eb0a28c15c5-common-args.resp -include /Users/jonahmicahinguito/dev/rotaract-connect/ios/Pods/Target\ Support\ Files/React-intersectionobservernativemodule/React-intersectionobservernativemodule-prefix.pch -MMD -MT dependencies -MF /Users/jonahmicahinguito/Library/Developer/Xcode/DerivedData/rotaractconnect-cjwcbdlngckcsaantafkjnfzfbdk/Build/Intermediates.noindex/Pods.build/Debug-iphoneos/React-intersectionobservernativemodule.build/Objects-normal/arm64/NativeIntersectionObserver.d --serialize-diagnostics /Users/jonahmicahinguito/Library/Developer/Xcode/DerivedData/rotaractconnect-cjwcbdlngckcsaantafkjnfzfbdk/Build/Intermediates.noindex/Pods.build/Debug-iphoneos/React-intersectionobservernativemodule.build/Objects-normal/arm64/NativeIntersectionObserver.dia -c /Users/jonahmicahinguito/dev/rotaract-connect/node_modules/react-native/ReactCommon/react/nativemodule/intersectionobserver/NativeIntersectionObserver.cpp -o /Users/jonahmicahinguito/Library/Developer/Xcode/DerivedData/rotaractconnect-cjwcbdlngckcsaantafkjnfzfbdk/Build/Intermediates.noindex/Pods.build/Debug-iphoneos/React-intersectionobservernativemodule.build/Objects-normal/arm64/NativeIntersectionObserver.o -index-unit-output-path /Pods.build/Debug-iphoneos/React-intersectionobservernativemodule.build/Objects-normal/arm64/NativeIntersectionObserver.o

In file included from /Users/jonahmicahinguito/dev/rotaract-connect/node_modules/react-native/ReactCommon/react/nativemodule/intersectionobserver/NativeIntersectionObserver.cpp:8:
In file included from /Users/jonahmicahinguito/dev/rotaract-connect/node_modules/react-native/ReactCommon/react/nativemodule/intersectionobserver/NativeIntersectionObserver.h:16:
In file included from /Users/jonahmicahinguito/dev/rotaract-connect/ios/Pods/Headers/Public/React-Fabric/react/renderer/observers/intersection/IntersectionObserverManager.h:14:
In file included from /Users/jonahmicahinguito/dev/rotaract-connect/ios/Pods/Headers/Public/React-Fabric/react/renderer/uimanager/UIManager.h:23:
In file included from /Users/jonahmicahinguito/dev/rotaract-connect/ios/Pods/Headers/Public/React-Fabric/react/renderer/mounting/ShadowTree.h:18:
In file included from /Users/jonahmicahinguito/dev/rotaract-connect/ios/Pods/Headers/Public/React-Fabric/react/renderer/mounting/MountingCoordinator.h:15:
In file included from /Users/jonahmicahinguito/dev/rotaract-connect/ios/Pods/Headers/Public/React-Fabric/react/renderer/mounting/Differentiator.h:11:
/Users/jonahmicahinguito/dev/rotaract-connect/ios/Pods/Headers/Public/React-Fabric/react/renderer/mounting/ShadowViewMutation.h:46:7: warning: declaration is marked with '@deprecated' command but does not have a deprecation attribute [-Wdocumentation-deprecated-sync]
   46 |    * @deprecated Pass parentTag instead of parentShadowView.
      |      ~^~~~~~~~~~~~~~~~~~~~~~~~~~~~~~~~~~~~~~~~~~~~~~~~~~~~~~
/Users/jonahmicahinguito/dev/rotaract-connect/ios/Pods/Headers/Public/React-Fabric/react/renderer/mounting/ShadowViewMutation.h:48:3: note: add a deprecation attribute to the declaration to silence this warning
   48 |   static ShadowViewMutation InsertMutation(const ShadowView &parentShadowView, ShadowView childShadowView, int index)
      |   ^
      |   FMT_DEPRECATED 
/Users/jonahmicahinguito/dev/rotaract-connect/ios/Pods/Headers/Public/React-Fabric/react/renderer/mounting/ShadowViewMutation.h:60:7: warning: declaration is marked with '@deprecated' command but does not have a deprecation attribute [-Wdocumentation-deprecated-sync]
   60 |    * @deprecated Pass parentTag instead of parentShadowView.
      |      ~^~~~~~~~~~~~~~~~~~~~~~~~~~~~~~~~~~~~~~~~~~~~~~~~~~~~~~
/Users/jonahmicahinguito/dev/rotaract-connect/ios/Pods/Headers/Public/React-Fabric/react/renderer/mounting/ShadowViewMutation.h:62:3: note: add a deprecation attribute to the declaration to silence this warning
   62 |   static ShadowViewMutation RemoveMutation(const ShadowView &parentShadowView, ShadowView childShadowView, int index)
      |   ^
      |   FMT_DEPRECATED 
/Users/jonahmicahinguito/dev/rotaract-connect/ios/Pods/Headers/Public/React-Fabric/react/renderer/mounting/ShadowViewMutation.h:74:7: warning: declaration is marked with '@deprecated' command but does not have a deprecation attribute [-Wdocumentation-deprecated-sync]
   74 |    * @deprecated Pass parentTag instead of parentShadowView.
      |      ~^~~~~~~~~~~~~~~~~~~~~~~~~~~~~~~~~~~~~~~~~~~~~~~~~~~~~~
/Users/jonahmicahinguito/dev/rotaract-connect/ios/Pods/Headers/Public/React-Fabric/react/renderer/mounting/ShadowViewMutation.h:76:3: note: add a deprecation attribute to the declaration to silence this warning
   76 |   static ShadowViewMutation
      |   ^
      |   FMT_DEPRECATED 
3 warnings generated.

/Users/jonahmicahinguito/dev/rotaract-connect/ios/Pods/Headers/Public/React-Fabric/react/renderer/mounting/ShadowViewMutation.h:46:7: Declaration is marked with '@deprecated' command but does not have a deprecation attribute

/Users/jonahmicahinguito/dev/rotaract-connect/ios/Pods/Headers/Public/React-Fabric/react/renderer/mounting/ShadowViewMutation.h:60:7: Declaration is marked with '@deprecated' command but does not have a deprecation attribute

/Users/jonahmicahinguito/dev/rotaract-connect/ios/Pods/Headers/Public/React-Fabric/react/renderer/mounting/ShadowViewMutation.h:74:7: Declaration is marked with '@deprecated' command but does not have a deprecation attribute


Build target React-hermes of project Pods with configuration Debug

CompileC /Users/jonahmicahinguito/Library/Developer/Xcode/DerivedData/rotaractconnect-cjwcbdlngckcsaantafkjnfzfbdk/Build/Intermediates.noindex/Pods.build/Debug-iphoneos/React-hermes.build/Objects-normal/arm64/HermesRuntimeTargetDelegate.o /Users/jonahmicahinguito/dev/rotaract-connect/node_modules/react-native/ReactCommon/hermes/inspector-modern/chrome/HermesRuntimeTargetDelegate.cpp normal arm64 c++ com.apple.compilers.llvm.clang.1_0.compiler (in target 'React-hermes' from project 'Pods')
    cd /Users/jonahmicahinguito/dev/rotaract-connect/ios/Pods
    
    Using response file: /Users/jonahmicahinguito/Library/Developer/Xcode/DerivedData/rotaractconnect-cjwcbdlngckcsaantafkjnfzfbdk/Build/Intermediates.noindex/Pods.build/Debug-iphoneos/React-hermes.build/Objects-normal/arm64/82b82416624d2658e5098eb0a28c15c5-common-args.resp
    
    /Applications/Xcode.app/Contents/Developer/Toolchains/XcodeDefault.xctoolchain/usr/bin/clang -x c++ -ivfsstatcache /Users/jonahmicahinguito/Library/Developer/Xcode/DerivedData/SDKStatCaches.noindex/iphoneos26.5-23F81a-32daed1954a7d5dd0789fcaf2a9bb78b.sdkstatcache -target arm64-apple-ios15.1 -fmessage-length\=0 -fdiagnostics-show-note-include-stack -fmacro-backtrace-limit\=0 -fno-color-diagnostics -fmodules-prune-interval\=86400 -fmodules-prune-after\=345600 -fbuild-session-file\=/Users/jonahmicahinguito/Library/Developer/Xcode/DerivedData/ModuleCache.noindex/Session.modulevalidation -fmodules-validate-once-per-build-session -Wnon-modular-include-in-framework-module -Werror\=non-modular-include-in-framework-module -Wno-trigraphs -Wno-missing-field-initializers -Wno-missing-prototypes -Werror\=return-type -Wdocumentation -Wunreachable-code -Werror\=deprecated-objc-isa-usage -Werror\=objc-root-class -Wno-non-virtual-dtor -Wno-overloaded-virtual -Wno-exit-time-destructors -Wno-missing-braces -Wparentheses -Wswitch -Wunused-function -Wno-unused-label -Wno-unused-parameter -Wunused-variable -Wunused-value -Wempty-body -Wuninitialized -Wconditional-uninitialized -Wno-unknown-pragmas -Wno-shadow -Wno-four-char-constants -Wno-conversion -Wconstant-conversion -Wint-conversion -Wbool-conversion -Wenum-conversion -Wno-float-conversion -Wnon-literal-null-conversion -Wobjc-literal-conversion -Wshorten-64-to-32 -Wno-newline-eof -Wno-c++11-extensions -Wno-implicit-fallthrough -isysroot /Applications/Xcode.app/Contents/Developer/Platforms/iPhoneOS.platform/Developer/SDKs/iPhoneOS26.5.sdk -fstrict-aliasing -Wdeprecated-declarations -Winvalid-offsetof -Wno-sign-conversion -Winfinite-recursion -Wmove -Wcomma -Wblock-capture-autoreleasing -Wstrict-prototypes -Wrange-loop-analysis -Wno-semicolon-before-method-body -Wunguarded-availability -index-store-path /Users/jonahmicahinguito/Library/Developer/Xcode/DerivedData/rotaractconnect-cjwcbdlngckcsaantafkjnfzfbdk/Index.noindex/DataStore @/Users/jonahmicahinguito/Library/Developer/Xcode/DerivedData/rotaractconnect-cjwcbdlngckcsaantafkjnfzfbdk/Build/Intermediates.noindex/Pods.build/Debug-iphoneos/React-hermes.build/Objects-normal/arm64/82b82416624d2658e5098eb0a28c15c5-common-args.resp -include /Users/jonahmicahinguito/dev/rotaract-connect/ios/Pods/Target\ Support\ Files/React-hermes/React-hermes-prefix.pch -MMD -MT dependencies -MF /Users/jonahmicahinguito/Library/Developer/Xcode/DerivedData/rotaractconnect-cjwcbdlngckcsaantafkjnfzfbdk/Build/Intermediates.noindex/Pods.build/Debug-iphoneos/React-hermes.build/Objects-normal/arm64/HermesRuntimeTargetDelegate.d --serialize-diagnostics /Users/jonahmicahinguito/Library/Developer/Xcode/DerivedData/rotaractconnect-cjwcbdlngckcsaantafkjnfzfbdk/Build/Intermediates.noindex/Pods.build/Debug-iphoneos/React-hermes.build/Objects-normal/arm64/HermesRuntimeTargetDelegate.dia -c /Users/jonahmicahinguito/dev/rotaract-connect/node_modules/react-native/ReactCommon/hermes/inspector-modern/chrome/HermesRuntimeTargetDelegate.cpp -o /Users/jonahmicahinguito/Library/Developer/Xcode/DerivedData/rotaractconnect-cjwcbdlngckcsaantafkjnfzfbdk/Build/Intermediates.noindex/Pods.build/Debug-iphoneos/React-hermes.build/Objects-normal/arm64/HermesRuntimeTargetDelegate.o -index-unit-output-path /Pods.build/Debug-iphoneos/React-hermes.build/Objects-normal/arm64/HermesRuntimeTargetDelegate.o

In file included from /Users/jonahmicahinguito/dev/rotaract-connect/node_modules/react-native/ReactCommon/hermes/inspector-modern/chrome/HermesRuntimeTargetDelegate.cpp:12:
In file included from /Users/jonahmicahinguito/dev/rotaract-connect/node_modules/react-native/ReactCommon/hermes/inspector-modern/chrome/HermesRuntimeTargetDelegate.h:17:
In file included from /Users/jonahmicahinguito/dev/rotaract-connect/ios/Pods/Headers/Public/hermes-engine/hermes/cdp/CDPDebugAPI.h:11:
In file included from /Users/jonahmicahinguito/dev/rotaract-connect/ios/Pods/Headers/Public/hermes-engine/hermes/AsyncDebuggerAPI.h:19:
In file included from /Users/jonahmicahinguito/dev/rotaract-connect/ios/Pods/Headers/Public/hermes-engine/hermes/DebuggerAPI.h:18:
/Users/jonahmicahinguito/dev/rotaract-connect/ios/Pods/Headers/Public/hermes-engine/hermes/Public/DebuggerTypes.h:74:20: warning: implicit conversion loses integer precision: 'size_type' (aka 'unsigned long') to 'uint32_t' (aka 'unsigned int') [-Wshorten-64-to-32]
   74 |     return frames_.size();
      |     ~~~~~~ ~~~~~~~~^~~~~~
/Users/jonahmicahinguito/dev/rotaract-connect/ios/Pods/Headers/Public/hermes-engine/hermes/Public/DebuggerTypes.h:160:35: warning: implicit conversion loses integer precision: 'size_type' (aka 'unsigned long') to 'ScopeDepth' (aka 'unsigned int') [-Wshorten-64-to-32]
  160 |     return variableCountsByScope_.size();
      |     ~~~~~~ ~~~~~~~~~~~~~~~~~~~~~~~^~~~~~
2 warnings generated.

/Users/jonahmicahinguito/dev/rotaract-connect/ios/Pods/Headers/Public/hermes-engine/hermes/Public/DebuggerTypes.h:74:20: Implicit conversion loses integer precision: 'size_type' (aka 'unsigned long') to 'uint32_t' (aka 'unsigned int')

/Users/jonahmicahinguito/dev/rotaract-connect/ios/Pods/Headers/Public/hermes-engine/hermes/Public/DebuggerTypes.h:160:35: Implicit conversion loses integer precision: 'size_type' (aka 'unsigned long') to 'ScopeDepth' (aka 'unsigned int')

CompileC /Users/jonahmicahinguito/Library/Developer/Xcode/DerivedData/rotaractconnect-cjwcbdlngckcsaantafkjnfzfbdk/Build/Intermediates.noindex/Pods.build/Debug-iphoneos/React-hermes.build/Objects-normal/arm64/HermesRuntimeAgentDelegate.o /Users/jonahmicahinguito/dev/rotaract-connect/node_modules/react-native/ReactCommon/hermes/inspector-modern/chrome/HermesRuntimeAgentDelegate.cpp normal arm64 c++ com.apple.compilers.llvm.clang.1_0.compiler (in target 'React-hermes' from project 'Pods')
    cd /Users/jonahmicahinguito/dev/rotaract-connect/ios/Pods
    
    Using response file: /Users/jonahmicahinguito/Library/Developer/Xcode/DerivedData/rotaractconnect-cjwcbdlngckcsaantafkjnfzfbdk/Build/Intermediates.noindex/Pods.build/Debug-iphoneos/React-hermes.build/Objects-normal/arm64/82b82416624d2658e5098eb0a28c15c5-common-args.resp
    
    /Applications/Xcode.app/Contents/Developer/Toolchains/XcodeDefault.xctoolchain/usr/bin/clang -x c++ -ivfsstatcache /Users/jonahmicahinguito/Library/Developer/Xcode/DerivedData/SDKStatCaches.noindex/iphoneos26.5-23F81a-32daed1954a7d5dd0789fcaf2a9bb78b.sdkstatcache -target arm64-apple-ios15.1 -fmessage-length\=0 -fdiagnostics-show-note-include-stack -fmacro-backtrace-limit\=0 -fno-color-diagnostics -fmodules-prune-interval\=86400 -fmodules-prune-after\=345600 -fbuild-session-file\=/Users/jonahmicahinguito/Library/Developer/Xcode/DerivedData/ModuleCache.noindex/Session.modulevalidation -fmodules-validate-once-per-build-session -Wnon-modular-include-in-framework-module -Werror\=non-modular-include-in-framework-module -Wno-trigraphs -Wno-missing-field-initializers -Wno-missing-prototypes -Werror\=return-type -Wdocumentation -Wunreachable-code -Werror\=deprecated-objc-isa-usage -Werror\=objc-root-class -Wno-non-virtual-dtor -Wno-overloaded-virtual -Wno-exit-time-destructors -Wno-missing-braces -Wparentheses -Wswitch -Wunused-function -Wno-unused-label -Wno-unused-parameter -Wunused-variable -Wunused-value -Wempty-body -Wuninitialized -Wconditional-uninitialized -Wno-unknown-pragmas -Wno-shadow -Wno-four-char-constants -Wno-conversion -Wconstant-conversion -Wint-conversion -Wbool-conversion -Wenum-conversion -Wno-float-conversion -Wnon-literal-null-conversion -Wobjc-literal-conversion -Wshorten-64-to-32 -Wno-newline-eof -Wno-c++11-extensions -Wno-implicit-fallthrough -isysroot /Applications/Xcode.app/Contents/Developer/Platforms/iPhoneOS.platform/Developer/SDKs/iPhoneOS26.5.sdk -fstrict-aliasing -Wdeprecated-declarations -Winvalid-offsetof -Wno-sign-conversion -Winfinite-recursion -Wmove -Wcomma -Wblock-capture-autoreleasing -Wstrict-prototypes -Wrange-loop-analysis -Wno-semicolon-before-method-body -Wunguarded-availability -index-store-path /Users/jonahmicahinguito/Library/Developer/Xcode/DerivedData/rotaractconnect-cjwcbdlngckcsaantafkjnfzfbdk/Index.noindex/DataStore @/Users/jonahmicahinguito/Library/Developer/Xcode/DerivedData/rotaractconnect-cjwcbdlngckcsaantafkjnfzfbdk/Build/Intermediates.noindex/Pods.build/Debug-iphoneos/React-hermes.build/Objects-normal/arm64/82b82416624d2658e5098eb0a28c15c5-common-args.resp -include /Users/jonahmicahinguito/dev/rotaract-connect/ios/Pods/Target\ Support\ Files/React-hermes/React-hermes-prefix.pch -MMD -MT dependencies -MF /Users/jonahmicahinguito/Library/Developer/Xcode/DerivedData/rotaractconnect-cjwcbdlngckcsaantafkjnfzfbdk/Build/Intermediates.noindex/Pods.build/Debug-iphoneos/React-hermes.build/Objects-normal/arm64/HermesRuntimeAgentDelegate.d --serialize-diagnostics /Users/jonahmicahinguito/Library/Developer/Xcode/DerivedData/rotaractconnect-cjwcbdlngckcsaantafkjnfzfbdk/Build/Intermediates.noindex/Pods.build/Debug-iphoneos/React-hermes.build/Objects-normal/arm64/HermesRuntimeAgentDelegate.dia -c /Users/jonahmicahinguito/dev/rotaract-connect/node_modules/react-native/ReactCommon/hermes/inspector-modern/chrome/HermesRuntimeAgentDelegate.cpp -o /Users/jonahmicahinguito/Library/Developer/Xcode/DerivedData/rotaractconnect-cjwcbdlngckcsaantafkjnfzfbdk/Build/Intermediates.noindex/Pods.build/Debug-iphoneos/React-hermes.build/Objects-normal/arm64/HermesRuntimeAgentDelegate.o -index-unit-output-path /Pods.build/Debug-iphoneos/React-hermes.build/Objects-normal/arm64/HermesRuntimeAgentDelegate.o

In file included from /Users/jonahmicahinguito/dev/rotaract-connect/node_modules/react-native/ReactCommon/hermes/inspector-modern/chrome/HermesRuntimeAgentDelegate.cpp:10:
In file included from /Users/jonahmicahinguito/dev/rotaract-connect/node_modules/react-native/ReactCommon/hermes/inspector-modern/chrome/HermesRuntimeAgentDelegate.h:12:
In file included from /Users/jonahmicahinguito/dev/rotaract-connect/node_modules/react-native/ReactCommon/hermes/inspector-modern/chrome/HermesRuntimeTargetDelegate.h:17:
In file included from /Users/jonahmicahinguito/dev/rotaract-connect/ios/Pods/Headers/Public/hermes-engine/hermes/cdp/CDPDebugAPI.h:11:
In file included from /Users/jonahmicahinguito/dev/rotaract-connect/ios/Pods/Headers/Public/hermes-engine/hermes/AsyncDebuggerAPI.h:19:
In file included from /Users/jonahmicahinguito/dev/rotaract-connect/ios/Pods/Headers/Public/hermes-engine/hermes/DebuggerAPI.h:18:
/Users/jonahmicahinguito/dev/rotaract-connect/ios/Pods/Headers/Public/hermes-engine/hermes/Public/DebuggerTypes.h:74:20: warning: implicit conversion loses integer precision: 'size_type' (aka 'unsigned long') to 'uint32_t' (aka 'unsigned int') [-Wshorten-64-to-32]
   74 |     return frames_.size();
      |     ~~~~~~ ~~~~~~~~^~~~~~
/Users/jonahmicahinguito/dev/rotaract-connect/ios/Pods/Headers/Public/hermes-engine/hermes/Public/DebuggerTypes.h:160:35: warning: implicit conversion loses integer precision: 'size_type' (aka 'unsigned long') to 'ScopeDepth' (aka 'unsigned int') [-Wshorten-64-to-32]
  160 |     return variableCountsByScope_.size();
      |     ~~~~~~ ~~~~~~~~~~~~~~~~~~~~~~~^~~~~~
2 warnings generated.

/Users/jonahmicahinguito/dev/rotaract-connect/ios/Pods/Headers/Public/hermes-engine/hermes/Public/DebuggerTypes.h:74:20: Implicit conversion loses integer precision: 'size_type' (aka 'unsigned long') to 'uint32_t' (aka 'unsigned int')

/Users/jonahmicahinguito/dev/rotaract-connect/ios/Pods/Headers/Public/hermes-engine/hermes/Public/DebuggerTypes.h:160:35: Implicit conversion loses integer precision: 'size_type' (aka 'unsigned long') to 'ScopeDepth' (aka 'unsigned int')

CompileC /Users/jonahmicahinguito/Library/Developer/Xcode/DerivedData/rotaractconnect-cjwcbdlngckcsaantafkjnfzfbdk/Build/Intermediates.noindex/Pods.build/Debug-iphoneos/React-hermes.build/Objects-normal/arm64/HermesExecutorFactory.o /Users/jonahmicahinguito/dev/rotaract-connect/node_modules/react-native/ReactCommon/hermes/executor/HermesExecutorFactory.cpp normal arm64 c++ com.apple.compilers.llvm.clang.1_0.compiler (in target 'React-hermes' from project 'Pods')
    cd /Users/jonahmicahinguito/dev/rotaract-connect/ios/Pods
    
    Using response file: /Users/jonahmicahinguito/Library/Developer/Xcode/DerivedData/rotaractconnect-cjwcbdlngckcsaantafkjnfzfbdk/Build/Intermediates.noindex/Pods.build/Debug-iphoneos/React-hermes.build/Objects-normal/arm64/82b82416624d2658e5098eb0a28c15c5-common-args.resp
    
    /Applications/Xcode.app/Contents/Developer/Toolchains/XcodeDefault.xctoolchain/usr/bin/clang -x c++ -ivfsstatcache /Users/jonahmicahinguito/Library/Developer/Xcode/DerivedData/SDKStatCaches.noindex/iphoneos26.5-23F81a-32daed1954a7d5dd0789fcaf2a9bb78b.sdkstatcache -target arm64-apple-ios15.1 -fmessage-length\=0 -fdiagnostics-show-note-include-stack -fmacro-backtrace-limit\=0 -fno-color-diagnostics -fmodules-prune-interval\=86400 -fmodules-prune-after\=345600 -fbuild-session-file\=/Users/jonahmicahinguito/Library/Developer/Xcode/DerivedData/ModuleCache.noindex/Session.modulevalidation -fmodules-validate-once-per-build-session -Wnon-modular-include-in-framework-module -Werror\=non-modular-include-in-framework-module -Wno-trigraphs -Wno-missing-field-initializers -Wno-missing-prototypes -Werror\=return-type -Wdocumentation -Wunreachable-code -Werror\=deprecated-objc-isa-usage -Werror\=objc-root-class -Wno-non-virtual-dtor -Wno-overloaded-virtual -Wno-exit-time-destructors -Wno-missing-braces -Wparentheses -Wswitch -Wunused-function -Wno-unused-label -Wno-unused-parameter -Wunused-variable -Wunused-value -Wempty-body -Wuninitialized -Wconditional-uninitialized -Wno-unknown-pragmas -Wno-shadow -Wno-four-char-constants -Wno-conversion -Wconstant-conversion -Wint-conversion -Wbool-conversion -Wenum-conversion -Wno-float-conversion -Wnon-literal-null-conversion -Wobjc-literal-conversion -Wshorten-64-to-32 -Wno-newline-eof -Wno-c++11-extensions -Wno-implicit-fallthrough -isysroot /Applications/Xcode.app/Contents/Developer/Platforms/iPhoneOS.platform/Developer/SDKs/iPhoneOS26.5.sdk -fstrict-aliasing -Wdeprecated-declarations -Winvalid-offsetof -Wno-sign-conversion -Winfinite-recursion -Wmove -Wcomma -Wblock-capture-autoreleasing -Wstrict-prototypes -Wrange-loop-analysis -Wno-semicolon-before-method-body -Wunguarded-availability -index-store-path /Users/jonahmicahinguito/Library/Developer/Xcode/DerivedData/rotaractconnect-cjwcbdlngckcsaantafkjnfzfbdk/Index.noindex/DataStore @/Users/jonahmicahinguito/Library/Developer/Xcode/DerivedData/rotaractconnect-cjwcbdlngckcsaantafkjnfzfbdk/Build/Intermediates.noindex/Pods.build/Debug-iphoneos/React-hermes.build/Objects-normal/arm64/82b82416624d2658e5098eb0a28c15c5-common-args.resp -include /Users/jonahmicahinguito/dev/rotaract-connect/ios/Pods/Target\ Support\ Files/React-hermes/React-hermes-prefix.pch -MMD -MT dependencies -MF /Users/jonahmicahinguito/Library/Developer/Xcode/DerivedData/rotaractconnect-cjwcbdlngckcsaantafkjnfzfbdk/Build/Intermediates.noindex/Pods.build/Debug-iphoneos/React-hermes.build/Objects-normal/arm64/HermesExecutorFactory.d --serialize-diagnostics /Users/jonahmicahinguito/Library/Developer/Xcode/DerivedData/rotaractconnect-cjwcbdlngckcsaantafkjnfzfbdk/Build/Intermediates.noindex/Pods.build/Debug-iphoneos/React-hermes.build/Objects-normal/arm64/HermesExecutorFactory.dia -c /Users/jonahmicahinguito/dev/rotaract-connect/node_modules/react-native/ReactCommon/hermes/executor/HermesExecutorFactory.cpp -o /Users/jonahmicahinguito/Library/Developer/Xcode/DerivedData/rotaractconnect-cjwcbdlngckcsaantafkjnfzfbdk/Build/Intermediates.noindex/Pods.build/Debug-iphoneos/React-hermes.build/Objects-normal/arm64/HermesExecutorFactory.o -index-unit-output-path /Pods.build/Debug-iphoneos/React-hermes.build/Objects-normal/arm64/HermesExecutorFactory.o

In file included from /Users/jonahmicahinguito/dev/rotaract-connect/node_modules/react-native/ReactCommon/hermes/executor/HermesExecutorFactory.cpp:18:
In file included from /Users/jonahmicahinguito/dev/rotaract-connect/node_modules/react-native/ReactCommon/hermes/inspector-modern/chrome/HermesRuntimeTargetDelegate.h:17:
In file included from /Users/jonahmicahinguito/dev/rotaract-connect/ios/Pods/Headers/Public/hermes-engine/hermes/cdp/CDPDebugAPI.h:11:
In file included from /Users/jonahmicahinguito/dev/rotaract-connect/ios/Pods/Headers/Public/hermes-engine/hermes/AsyncDebuggerAPI.h:19:
In file included from /Users/jonahmicahinguito/dev/rotaract-connect/ios/Pods/Headers/Public/hermes-engine/hermes/DebuggerAPI.h:18:
/Users/jonahmicahinguito/dev/rotaract-connect/ios/Pods/Headers/Public/hermes-engine/hermes/Public/DebuggerTypes.h:74:20: warning: implicit conversion loses integer precision: 'size_type' (aka 'unsigned long') to 'uint32_t' (aka 'unsigned int') [-Wshorten-64-to-32]
   74 |     return frames_.size();
      |     ~~~~~~ ~~~~~~~~^~~~~~
/Users/jonahmicahinguito/dev/rotaract-connect/ios/Pods/Headers/Public/hermes-engine/hermes/Public/DebuggerTypes.h:160:35: warning: implicit conversion loses integer precision: 'size_type' (aka 'unsigned long') to 'ScopeDepth' (aka 'unsigned int') [-Wshorten-64-to-32]
  160 |     return variableCountsByScope_.size();
      |     ~~~~~~ ~~~~~~~~~~~~~~~~~~~~~~~^~~~~~
2 warnings generated.

/Users/jonahmicahinguito/dev/rotaract-connect/ios/Pods/Headers/Public/hermes-engine/hermes/Public/DebuggerTypes.h:74:20: Implicit conversion loses integer precision: 'size_type' (aka 'unsigned long') to 'uint32_t' (aka 'unsigned int')

/Users/jonahmicahinguito/dev/rotaract-connect/ios/Pods/Headers/Public/hermes-engine/hermes/Public/DebuggerTypes.h:160:35: Implicit conversion loses integer precision: 'size_type' (aka 'unsigned long') to 'ScopeDepth' (aka 'unsigned int')

Libtool /Users/jonahmicahinguito/Library/Developer/Xcode/DerivedData/rotaractconnect-cjwcbdlngckcsaantafkjnfzfbdk/Build/Products/Debug-iphoneos/React-hermes/libReact-hermes.a normal (in target 'React-hermes' from project 'Pods')
    cd /Users/jonahmicahinguito/dev/rotaract-connect/ios/Pods
    /Applications/Xcode.app/Contents/Developer/Toolchains/XcodeDefault.xctoolchain/usr/bin/libtool -static -arch_only arm64 -D -syslibroot /Applications/Xcode.app/Contents/Developer/Platforms/iPhoneOS.platform/Developer/SDKs/iPhoneOS26.5.sdk -L/Users/jonahmicahinguito/Library/Developer/Xcode/DerivedData/rotaractconnect-cjwcbdlngckcsaantafkjnfzfbdk/Build/Products/Debug-iphoneos/React-hermes -filelist /Users/jonahmicahinguito/Library/Developer/Xcode/DerivedData/rotaractconnect-cjwcbdlngckcsaantafkjnfzfbdk/Build/Intermediates.noindex/Pods.build/Debug-iphoneos/React-hermes.build/Objects-normal/arm64/React-hermes.LinkFileList -dependency_info /Users/jonahmicahinguito/Library/Developer/Xcode/DerivedData/rotaractconnect-cjwcbdlngckcsaantafkjnfzfbdk/Build/Intermediates.noindex/Pods.build/Debug-iphoneos/React-hermes.build/Objects-normal/arm64/React-hermes_libtool_dependency_info.dat -o /Users/jonahmicahinguito/Library/Developer/Xcode/DerivedData/rotaractconnect-cjwcbdlngckcsaantafkjnfzfbdk/Build/Products/Debug-iphoneos/React-hermes/libReact-hermes.a

libtool: warning: 'ConnectionDemux.o' has no symbols

'ConnectionDemux.o' has no symbols


Build target React-domnativemodule of project Pods with configuration Debug

CompileC /Users/jonahmicahinguito/Library/Developer/Xcode/DerivedData/rotaractconnect-cjwcbdlngckcsaantafkjnfzfbdk/Build/Intermediates.noindex/Pods.build/Debug-iphoneos/React-domnativemodule.build/Objects-normal/arm64/NativeDOM.o /Users/jonahmicahinguito/dev/rotaract-connect/node_modules/react-native/ReactCommon/react/nativemodule/dom/NativeDOM.cpp normal arm64 c++ com.apple.compilers.llvm.clang.1_0.compiler (in target 'React-domnativemodule' from project 'Pods')
    cd /Users/jonahmicahinguito/dev/rotaract-connect/ios/Pods
    
    Using response file: /Users/jonahmicahinguito/Library/Developer/Xcode/DerivedData/rotaractconnect-cjwcbdlngckcsaantafkjnfzfbdk/Build/Intermediates.noindex/Pods.build/Debug-iphoneos/React-domnativemodule.build/Objects-normal/arm64/82b82416624d2658e5098eb0a28c15c5-common-args.resp
    
    /Applications/Xcode.app/Contents/Developer/Toolchains/XcodeDefault.xctoolchain/usr/bin/clang -x c++ -ivfsstatcache /Users/jonahmicahinguito/Library/Developer/Xcode/DerivedData/SDKStatCaches.noindex/iphoneos26.5-23F81a-32daed1954a7d5dd0789fcaf2a9bb78b.sdkstatcache -target arm64-apple-ios15.1 -fmessage-length\=0 -fdiagnostics-show-note-include-stack -fmacro-backtrace-limit\=0 -fno-color-diagnostics -fmodules-prune-interval\=86400 -fmodules-prune-after\=345600 -fbuild-session-file\=/Users/jonahmicahinguito/Library/Developer/Xcode/DerivedData/ModuleCache.noindex/Session.modulevalidation -fmodules-validate-once-per-build-session -Wnon-modular-include-in-framework-module -Werror\=non-modular-include-in-framework-module -Wno-trigraphs -Wno-missing-field-initializers -Wno-missing-prototypes -Werror\=return-type -Wdocumentation -Wunreachable-code -Werror\=deprecated-objc-isa-usage -Werror\=objc-root-class -Wno-non-virtual-dtor -Wno-overloaded-virtual -Wno-exit-time-destructors -Wno-missing-braces -Wparentheses -Wswitch -Wunused-function -Wno-unused-label -Wno-unused-parameter -Wunused-variable -Wunused-value -Wempty-body -Wuninitialized -Wconditional-uninitialized -Wno-unknown-pragmas -Wno-shadow -Wno-four-char-constants -Wno-conversion -Wconstant-conversion -Wint-conversion -Wbool-conversion -Wenum-conversion -Wno-float-conversion -Wnon-literal-null-conversion -Wobjc-literal-conversion -Wshorten-64-to-32 -Wno-newline-eof -Wno-c++11-extensions -Wno-implicit-fallthrough -isysroot /Applications/Xcode.app/Contents/Developer/Platforms/iPhoneOS.platform/Developer/SDKs/iPhoneOS26.5.sdk -fstrict-aliasing -Wdeprecated-declarations -Winvalid-offsetof -Wno-sign-conversion -Winfinite-recursion -Wmove -Wcomma -Wblock-capture-autoreleasing -Wstrict-prototypes -Wrange-loop-analysis -Wno-semicolon-before-method-body -Wunguarded-availability -index-store-path /Users/jonahmicahinguito/Library/Developer/Xcode/DerivedData/rotaractconnect-cjwcbdlngckcsaantafkjnfzfbdk/Index.noindex/DataStore @/Users/jonahmicahinguito/Library/Developer/Xcode/DerivedData/rotaractconnect-cjwcbdlngckcsaantafkjnfzfbdk/Build/Intermediates.noindex/Pods.build/Debug-iphoneos/React-domnativemodule.build/Objects-normal/arm64/82b82416624d2658e5098eb0a28c15c5-common-args.resp -include /Users/jonahmicahinguito/dev/rotaract-connect/ios/Pods/Target\ Support\ Files/React-domnativemodule/React-domnativemodule-prefix.pch -MMD -MT dependencies -MF /Users/jonahmicahinguito/Library/Developer/Xcode/DerivedData/rotaractconnect-cjwcbdlngckcsaantafkjnfzfbdk/Build/Intermediates.noindex/Pods.build/Debug-iphoneos/React-domnativemodule.build/Objects-normal/arm64/NativeDOM.d --serialize-diagnostics /Users/jonahmicahinguito/Library/Developer/Xcode/DerivedData/rotaractconnect-cjwcbdlngckcsaantafkjnfzfbdk/Build/Intermediates.noindex/Pods.build/Debug-iphoneos/React-domnativemodule.build/Objects-normal/arm64/NativeDOM.dia -c /Users/jonahmicahinguito/dev/rotaract-connect/node_modules/react-native/ReactCommon/react/nativemodule/dom/NativeDOM.cpp -o /Users/jonahmicahinguito/Library/Developer/Xcode/DerivedData/rotaractconnect-cjwcbdlngckcsaantafkjnfzfbdk/Build/Intermediates.noindex/Pods.build/Debug-iphoneos/React-domnativemodule.build/Objects-normal/arm64/NativeDOM.o -index-unit-output-path /Pods.build/Debug-iphoneos/React-domnativemodule.build/Objects-normal/arm64/NativeDOM.o

In file included from /Users/jonahmicahinguito/dev/rotaract-connect/node_modules/react-native/ReactCommon/react/nativemodule/dom/NativeDOM.cpp:12:
In file included from /Users/jonahmicahinguito/dev/rotaract-connect/ios/Pods/Headers/Public/React-Fabric/react/renderer/uimanager/PointerEventsProcessor.h:13:
In file included from /Users/jonahmicahinguito/dev/rotaract-connect/ios/Pods/Headers/Public/React-Fabric/react/renderer/uimanager/PointerHoverTracker.h:17:
In file included from /Users/jonahmicahinguito/dev/rotaract-connect/ios/Pods/Headers/Public/React-Fabric/react/renderer/uimanager/UIManager.h:23:
In file included from /Users/jonahmicahinguito/dev/rotaract-connect/ios/Pods/Headers/Public/React-Fabric/react/renderer/mounting/ShadowTree.h:18:
In file included from /Users/jonahmicahinguito/dev/rotaract-connect/ios/Pods/Headers/Public/React-Fabric/react/renderer/mounting/MountingCoordinator.h:15:
In file included from /Users/jonahmicahinguito/dev/rotaract-connect/ios/Pods/Headers/Public/React-Fabric/react/renderer/mounting/Differentiator.h:11:
/Users/jonahmicahinguito/dev/rotaract-connect/ios/Pods/Headers/Public/React-Fabric/react/renderer/mounting/ShadowViewMutation.h:46:7: warning: declaration is marked with '@deprecated' command but does not have a deprecation attribute [-Wdocumentation-deprecated-sync]
   46 |    * @deprecated Pass parentTag instead of parentShadowView.
      |      ~^~~~~~~~~~~~~~~~~~~~~~~~~~~~~~~~~~~~~~~~~~~~~~~~~~~~~~
/Users/jonahmicahinguito/dev/rotaract-connect/ios/Pods/Headers/Public/React-Fabric/react/renderer/mounting/ShadowViewMutation.h:48:3: note: add a deprecation attribute to the declaration to silence this warning
   48 |   static ShadowViewMutation InsertMutation(const ShadowView &parentShadowView, ShadowView childShadowView, int index)
      |   ^
      |   FMT_DEPRECATED 
/Users/jonahmicahinguito/dev/rotaract-connect/ios/Pods/Headers/Public/React-Fabric/react/renderer/mounting/ShadowViewMutation.h:60:7: warning: declaration is marked with '@deprecated' command but does not have a deprecation attribute [-Wdocumentation-deprecated-sync]
   60 |    * @deprecated Pass parentTag instead of parentShadowView.
      |      ~^~~~~~~~~~~~~~~~~~~~~~~~~~~~~~~~~~~~~~~~~~~~~~~~~~~~~~
/Users/jonahmicahinguito/dev/rotaract-connect/ios/Pods/Headers/Public/React-Fabric/react/renderer/mounting/ShadowViewMutation.h:62:3: note: add a deprecation attribute to the declaration to silence this warning
   62 |   static ShadowViewMutation RemoveMutation(const ShadowView &parentShadowView, ShadowView childShadowView, int index)
      |   ^
      |   FMT_DEPRECATED 
/Users/jonahmicahinguito/dev/rotaract-connect/ios/Pods/Headers/Public/React-Fabric/react/renderer/mounting/ShadowViewMutation.h:74:7: warning: declaration is marked with '@deprecated' command but does not have a deprecation attribute [-Wdocumentation-deprecated-sync]
   74 |    * @deprecated Pass parentTag instead of parentShadowView.
      |      ~^~~~~~~~~~~~~~~~~~~~~~~~~~~~~~~~~~~~~~~~~~~~~~~~~~~~~~
/Users/jonahmicahinguito/dev/rotaract-connect/ios/Pods/Headers/Public/React-Fabric/react/renderer/mounting/ShadowViewMutation.h:76:3: note: add a deprecation attribute to the declaration to silence this warning
   76 |   static ShadowViewMutation
      |   ^
      |   FMT_DEPRECATED 
3 warnings generated.

/Users/jonahmicahinguito/dev/rotaract-connect/ios/Pods/Headers/Public/React-Fabric/react/renderer/mounting/ShadowViewMutation.h:46:7: Declaration is marked with '@deprecated' command but does not have a deprecation attribute

/Users/jonahmicahinguito/dev/rotaract-connect/ios/Pods/Headers/Public/React-Fabric/react/renderer/mounting/ShadowViewMutation.h:60:7: Declaration is marked with '@deprecated' command but does not have a deprecation attribute

/Users/jonahmicahinguito/dev/rotaract-connect/ios/Pods/Headers/Public/React-Fabric/react/renderer/mounting/ShadowViewMutation.h:74:7: Declaration is marked with '@deprecated' command but does not have a deprecation attribute


Build target React-defaultsnativemodule of project Pods with configuration Debug

CompileC /Users/jonahmicahinguito/Library/Developer/Xcode/DerivedData/rotaractconnect-cjwcbdlngckcsaantafkjnfzfbdk/Build/Intermediates.noindex/Pods.build/Debug-iphoneos/React-defaultsnativemodule.build/Objects-normal/arm64/DefaultTurboModules.o /Users/jonahmicahinguito/dev/rotaract-connect/node_modules/react-native/ReactCommon/react/nativemodule/defaults/DefaultTurboModules.cpp normal arm64 c++ com.apple.compilers.llvm.clang.1_0.compiler (in target 'React-defaultsnativemodule' from project 'Pods')
    cd /Users/jonahmicahinguito/dev/rotaract-connect/ios/Pods
    
    Using response file: /Users/jonahmicahinguito/Library/Developer/Xcode/DerivedData/rotaractconnect-cjwcbdlngckcsaantafkjnfzfbdk/Build/Intermediates.noindex/Pods.build/Debug-iphoneos/React-defaultsnativemodule.build/Objects-normal/arm64/82b82416624d2658e5098eb0a28c15c5-common-args.resp
    
    /Applications/Xcode.app/Contents/Developer/Toolchains/XcodeDefault.xctoolchain/usr/bin/clang -x c++ -ivfsstatcache /Users/jonahmicahinguito/Library/Developer/Xcode/DerivedData/SDKStatCaches.noindex/iphoneos26.5-23F81a-32daed1954a7d5dd0789fcaf2a9bb78b.sdkstatcache -target arm64-apple-ios15.1 -fmessage-length\=0 -fdiagnostics-show-note-include-stack -fmacro-backtrace-limit\=0 -fno-color-diagnostics -fmodules-prune-interval\=86400 -fmodules-prune-after\=345600 -fbuild-session-file\=/Users/jonahmicahinguito/Library/Developer/Xcode/DerivedData/ModuleCache.noindex/Session.modulevalidation -fmodules-validate-once-per-build-session -Wnon-modular-include-in-framework-module -Werror\=non-modular-include-in-framework-module -Wno-trigraphs -Wno-missing-field-initializers -Wno-missing-prototypes -Werror\=return-type -Wdocumentation -Wunreachable-code -Werror\=deprecated-objc-isa-usage -Werror\=objc-root-class -Wno-non-virtual-dtor -Wno-overloaded-virtual -Wno-exit-time-destructors -Wno-missing-braces -Wparentheses -Wswitch -Wunused-function -Wno-unused-label -Wno-unused-parameter -Wunused-variable -Wunused-value -Wempty-body -Wuninitialized -Wconditional-uninitialized -Wno-unknown-pragmas -Wno-shadow -Wno-four-char-constants -Wno-conversion -Wconstant-conversion -Wint-conversion -Wbool-conversion -Wenum-conversion -Wno-float-conversion -Wnon-literal-null-conversion -Wobjc-literal-conversion -Wshorten-64-to-32 -Wno-newline-eof -Wno-c++11-extensions -Wno-implicit-fallthrough -isysroot /Applications/Xcode.app/Contents/Developer/Platforms/iPhoneOS.platform/Developer/SDKs/iPhoneOS26.5.sdk -fstrict-aliasing -Wdeprecated-declarations -Winvalid-offsetof -Wno-sign-conversion -Winfinite-recursion -Wmove -Wcomma -Wblock-capture-autoreleasing -Wstrict-prototypes -Wrange-loop-analysis -Wno-semicolon-before-method-body -Wunguarded-availability -index-store-path /Users/jonahmicahinguito/Library/Developer/Xcode/DerivedData/rotaractconnect-cjwcbdlngckcsaantafkjnfzfbdk/Index.noindex/DataStore @/Users/jonahmicahinguito/Library/Developer/Xcode/DerivedData/rotaractconnect-cjwcbdlngckcsaantafkjnfzfbdk/Build/Intermediates.noindex/Pods.build/Debug-iphoneos/React-defaultsnativemodule.build/Objects-normal/arm64/82b82416624d2658e5098eb0a28c15c5-common-args.resp -include /Users/jonahmicahinguito/dev/rotaract-connect/ios/Pods/Target\ Support\ Files/React-defaultsnativemodule/React-defaultsnativemodule-prefix.pch -MMD -MT dependencies -MF /Users/jonahmicahinguito/Library/Developer/Xcode/DerivedData/rotaractconnect-cjwcbdlngckcsaantafkjnfzfbdk/Build/Intermediates.noindex/Pods.build/Debug-iphoneos/React-defaultsnativemodule.build/Objects-normal/arm64/DefaultTurboModules.d --serialize-diagnostics /Users/jonahmicahinguito/Library/Developer/Xcode/DerivedData/rotaractconnect-cjwcbdlngckcsaantafkjnfzfbdk/Build/Intermediates.noindex/Pods.build/Debug-iphoneos/React-defaultsnativemodule.build/Objects-normal/arm64/DefaultTurboModules.dia -c /Users/jonahmicahinguito/dev/rotaract-connect/node_modules/react-native/ReactCommon/react/nativemodule/defaults/DefaultTurboModules.cpp -o /Users/jonahmicahinguito/Library/Developer/Xcode/DerivedData/rotaractconnect-cjwcbdlngckcsaantafkjnfzfbdk/Build/Intermediates.noindex/Pods.build/Debug-iphoneos/React-defaultsnativemodule.build/Objects-normal/arm64/DefaultTurboModules.o -index-unit-output-path /Pods.build/Debug-iphoneos/React-defaultsnativemodule.build/Objects-normal/arm64/DefaultTurboModules.o

In file included from /Users/jonahmicahinguito/dev/rotaract-connect/node_modules/react-native/ReactCommon/react/nativemodule/defaults/DefaultTurboModules.cpp:13:
In file included from /Users/jonahmicahinguito/dev/rotaract-connect/ios/Pods/Headers/Public/React-intersectionobservernativemodule/react/nativemodule/intersectionobserver/NativeIntersectionObserver.h:16:
In file included from /Users/jonahmicahinguito/dev/rotaract-connect/ios/Pods/Headers/Public/React-Fabric/react/renderer/observers/intersection/IntersectionObserverManager.h:14:
In file included from /Users/jonahmicahinguito/dev/rotaract-connect/ios/Pods/Headers/Public/React-Fabric/react/renderer/uimanager/UIManager.h:23:
In file included from /Users/jonahmicahinguito/dev/rotaract-connect/ios/Pods/Headers/Public/React-Fabric/react/renderer/mounting/ShadowTree.h:18:
In file included from /Users/jonahmicahinguito/dev/rotaract-connect/ios/Pods/Headers/Public/React-Fabric/react/renderer/mounting/MountingCoordinator.h:15:
In file included from /Users/jonahmicahinguito/dev/rotaract-connect/ios/Pods/Headers/Public/React-Fabric/react/renderer/mounting/Differentiator.h:11:
/Users/jonahmicahinguito/dev/rotaract-connect/ios/Pods/Headers/Public/React-Fabric/react/renderer/mounting/ShadowViewMutation.h:46:7: warning: declaration is marked with '@deprecated' command but does not have a deprecation attribute [-Wdocumentation-deprecated-sync]
   46 |    * @deprecated Pass parentTag instead of parentShadowView.
      |      ~^~~~~~~~~~~~~~~~~~~~~~~~~~~~~~~~~~~~~~~~~~~~~~~~~~~~~~
/Users/jonahmicahinguito/dev/rotaract-connect/ios/Pods/Headers/Public/React-Fabric/react/renderer/mounting/ShadowViewMutation.h:48:3: note: add a deprecation attribute to the declaration to silence this warning
   48 |   static ShadowViewMutation InsertMutation(const ShadowView &parentShadowView, ShadowView childShadowView, int index)
      |   ^
      |   FMT_DEPRECATED 
/Users/jonahmicahinguito/dev/rotaract-connect/ios/Pods/Headers/Public/React-Fabric/react/renderer/mounting/ShadowViewMutation.h:60:7: warning: declaration is marked with '@deprecated' command but does not have a deprecation attribute [-Wdocumentation-deprecated-sync]
   60 |    * @deprecated Pass parentTag instead of parentShadowView.
      |      ~^~~~~~~~~~~~~~~~~~~~~~~~~~~~~~~~~~~~~~~~~~~~~~~~~~~~~~
/Users/jonahmicahinguito/dev/rotaract-connect/ios/Pods/Headers/Public/React-Fabric/react/renderer/mounting/ShadowViewMutation.h:62:3: note: add a deprecation attribute to the declaration to silence this warning
   62 |   static ShadowViewMutation RemoveMutation(const ShadowView &parentShadowView, ShadowView childShadowView, int index)
      |   ^
      |   FMT_DEPRECATED 
/Users/jonahmicahinguito/dev/rotaract-connect/ios/Pods/Headers/Public/React-Fabric/react/renderer/mounting/ShadowViewMutation.h:74:7: warning: declaration is marked with '@deprecated' command but does not have a deprecation attribute [-Wdocumentation-deprecated-sync]
   74 |    * @deprecated Pass parentTag instead of parentShadowView.
      |      ~^~~~~~~~~~~~~~~~~~~~~~~~~~~~~~~~~~~~~~~~~~~~~~~~~~~~~~
/Users/jonahmicahinguito/dev/rotaract-connect/ios/Pods/Headers/Public/React-Fabric/react/renderer/mounting/ShadowViewMutation.h:76:3: note: add a deprecation attribute to the declaration to silence this warning
   76 |   static ShadowViewMutation
      |   ^
      |   FMT_DEPRECATED 
In file included from /Users/jonahmicahinguito/dev/rotaract-connect/node_modules/react-native/ReactCommon/react/nativemodule/defaults/DefaultTurboModules.cpp:18:
In file included from /Users/jonahmicahinguito/dev/rotaract-connect/ios/Pods/Headers/Public/React-Fabric/react/renderer/animated/AnimatedModule.h:18:
In file included from /Users/jonahmicahinguito/dev/rotaract-connect/ios/Pods/Headers/Public/React-Fabric/react/renderer/animated/NativeAnimatedNodesManagerProvider.h:10:
/Users/jonahmicahinguito/dev/rotaract-connect/ios/Pods/Headers/Public/React-Fabric/react/renderer/animated/MergedValueDispatcher.h:32:13: warning: parameter 'latestValueFunction' not found in the function declaration [-Wdocumentation]
   32 |    * @param latestValueFunction - function that will be called on the target
      |             ^~~~~~~~~~~~~~~~~~~
/Users/jonahmicahinguito/dev/rotaract-connect/ios/Pods/Headers/Public/React-Fabric/react/renderer/animated/MergedValueDispatcher.h:32:13: note: did you mean 'mergedValueFunction'?
   32 |    * @param latestValueFunction - function that will be called on the target
      |             ^~~~~~~~~~~~~~~~~~~
      |             mergedValueFunction
4 warnings generated.

/Users/jonahmicahinguito/dev/rotaract-connect/ios/Pods/Headers/Public/React-Fabric/react/renderer/mounting/ShadowViewMutation.h:46:7: Declaration is marked with '@deprecated' command but does not have a deprecation attribute

/Users/jonahmicahinguito/dev/rotaract-connect/ios/Pods/Headers/Public/React-Fabric/react/renderer/mounting/ShadowViewMutation.h:60:7: Declaration is marked with '@deprecated' command but does not have a deprecation attribute

/Users/jonahmicahinguito/dev/rotaract-connect/ios/Pods/Headers/Public/React-Fabric/react/renderer/mounting/ShadowViewMutation.h:74:7: Declaration is marked with '@deprecated' command but does not have a deprecation attribute

/Users/jonahmicahinguito/dev/rotaract-connect/ios/Pods/Headers/Public/React-Fabric/react/renderer/animated/MergedValueDispatcher.h:32:13: Parameter 'latestValueFunction' not found in the function declaration


Build target React-debug of project Pods with configuration Debug

Libtool /Users/jonahmicahinguito/Library/Developer/Xcode/DerivedData/rotaractconnect-cjwcbdlngckcsaantafkjnfzfbdk/Build/Products/Debug-iphoneos/React-debug/libReact-debug.a normal (in target 'React-debug' from project 'Pods')
    cd /Users/jonahmicahinguito/dev/rotaract-connect/ios/Pods
    /Applications/Xcode.app/Contents/Developer/Toolchains/XcodeDefault.xctoolchain/usr/bin/libtool -static -arch_only arm64 -D -syslibroot /Applications/Xcode.app/Contents/Developer/Platforms/iPhoneOS.platform/Developer/SDKs/iPhoneOS26.5.sdk -L/Users/jonahmicahinguito/Library/Developer/Xcode/DerivedData/rotaractconnect-cjwcbdlngckcsaantafkjnfzfbdk/Build/Products/Debug-iphoneos/React-debug -filelist /Users/jonahmicahinguito/Library/Developer/Xcode/DerivedData/rotaractconnect-cjwcbdlngckcsaantafkjnfzfbdk/Build/Intermediates.noindex/Pods.build/Debug-iphoneos/React-debug.build/Objects-normal/arm64/React-debug.LinkFileList -dependency_info /Users/jonahmicahinguito/Library/Developer/Xcode/DerivedData/rotaractconnect-cjwcbdlngckcsaantafkjnfzfbdk/Build/Intermediates.noindex/Pods.build/Debug-iphoneos/React-debug.build/Objects-normal/arm64/React-debug_libtool_dependency_info.dat -o /Users/jonahmicahinguito/Library/Developer/Xcode/DerivedData/rotaractconnect-cjwcbdlngckcsaantafkjnfzfbdk/Build/Products/Debug-iphoneos/React-debug/libReact-debug.a

libtool: warning: 'react_native_assert.o' has no symbols

'react_native_assert.o' has no symbols


Build target React-cxxreact of project Pods with configuration Debug

Libtool /Users/jonahmicahinguito/Library/Developer/Xcode/DerivedData/rotaractconnect-cjwcbdlngckcsaantafkjnfzfbdk/Build/Products/Debug-iphoneos/React-cxxreact/libReact-cxxreact.a normal (in target 'React-cxxreact' from project 'Pods')
    cd /Users/jonahmicahinguito/dev/rotaract-connect/ios/Pods
    /Applications/Xcode.app/Contents/Developer/Toolchains/XcodeDefault.xctoolchain/usr/bin/libtool -static -arch_only arm64 -D -syslibroot /Applications/Xcode.app/Contents/Developer/Platforms/iPhoneOS.platform/Developer/SDKs/iPhoneOS26.5.sdk -L/Users/jonahmicahinguito/Library/Developer/Xcode/DerivedData/rotaractconnect-cjwcbdlngckcsaantafkjnfzfbdk/Build/Products/Debug-iphoneos/React-cxxreact -filelist /Users/jonahmicahinguito/Library/Developer/Xcode/DerivedData/rotaractconnect-cjwcbdlngckcsaantafkjnfzfbdk/Build/Intermediates.noindex/Pods.build/Debug-iphoneos/React-cxxreact.build/Objects-normal/arm64/React-cxxreact.LinkFileList -dependency_info /Users/jonahmicahinguito/Library/Developer/Xcode/DerivedData/rotaractconnect-cjwcbdlngckcsaantafkjnfzfbdk/Build/Intermediates.noindex/Pods.build/Debug-iphoneos/React-cxxreact.build/Objects-normal/arm64/React-cxxreact_libtool_dependency_info.dat -o /Users/jonahmicahinguito/Library/Developer/Xcode/DerivedData/rotaractconnect-cjwcbdlngckcsaantafkjnfzfbdk/Build/Products/Debug-iphoneos/React-cxxreact/libReact-cxxreact.a

libtool: warning: 'CxxNativeModule.o' has no symbols
libtool: warning: 'Instance.o' has no symbols
libtool: warning: 'JSIndexedRAMBundle.o' has no symbols
libtool: warning: 'MethodCall.o' has no symbols
libtool: warning: 'ModuleRegistry.o' has no symbols
libtool: warning: 'NativeToJsBridge.o' has no symbols
libtool: warning: 'RAMBundleRegistry.o' has no symbols

'CxxNativeModule.o' has no symbols

'Instance.o' has no symbols

'JSIndexedRAMBundle.o' has no symbols

'MethodCall.o' has no symbols

'ModuleRegistry.o' has no symbols

'NativeToJsBridge.o' has no symbols

'RAMBundleRegistry.o' has no symbols


Build target React-RuntimeHermes of project Pods with configuration Debug

CompileC /Users/jonahmicahinguito/Library/Developer/Xcode/DerivedData/rotaractconnect-cjwcbdlngckcsaantafkjnfzfbdk/Build/Intermediates.noindex/Pods.build/Debug-iphoneos/React-RuntimeHermes.build/Objects-normal/arm64/HermesInstance.o /Users/jonahmicahinguito/dev/rotaract-connect/node_modules/react-native/ReactCommon/react/runtime/hermes/HermesInstance.cpp normal arm64 c++ com.apple.compilers.llvm.clang.1_0.compiler (in target 'React-RuntimeHermes' from project 'Pods')
    cd /Users/jonahmicahinguito/dev/rotaract-connect/ios/Pods
    
    Using response file: /Users/jonahmicahinguito/Library/Developer/Xcode/DerivedData/rotaractconnect-cjwcbdlngckcsaantafkjnfzfbdk/Build/Intermediates.noindex/Pods.build/Debug-iphoneos/React-RuntimeHermes.build/Objects-normal/arm64/82b82416624d2658e5098eb0a28c15c5-common-args.resp
    
    /Applications/Xcode.app/Contents/Developer/Toolchains/XcodeDefault.xctoolchain/usr/bin/clang -x c++ -ivfsstatcache /Users/jonahmicahinguito/Library/Developer/Xcode/DerivedData/SDKStatCaches.noindex/iphoneos26.5-23F81a-32daed1954a7d5dd0789fcaf2a9bb78b.sdkstatcache -target arm64-apple-ios15.1 -fmessage-length\=0 -fdiagnostics-show-note-include-stack -fmacro-backtrace-limit\=0 -fno-color-diagnostics -fmodules-prune-interval\=86400 -fmodules-prune-after\=345600 -fbuild-session-file\=/Users/jonahmicahinguito/Library/Developer/Xcode/DerivedData/ModuleCache.noindex/Session.modulevalidation -fmodules-validate-once-per-build-session -Wnon-modular-include-in-framework-module -Werror\=non-modular-include-in-framework-module -Wno-trigraphs -Wno-missing-field-initializers -Wno-missing-prototypes -Werror\=return-type -Wdocumentation -Wunreachable-code -Werror\=deprecated-objc-isa-usage -Werror\=objc-root-class -Wno-non-virtual-dtor -Wno-overloaded-virtual -Wno-exit-time-destructors -Wno-missing-braces -Wparentheses -Wswitch -Wunused-function -Wno-unused-label -Wno-unused-parameter -Wunused-variable -Wunused-value -Wempty-body -Wuninitialized -Wconditional-uninitialized -Wno-unknown-pragmas -Wno-shadow -Wno-four-char-constants -Wno-conversion -Wconstant-conversion -Wint-conversion -Wbool-conversion -Wenum-conversion -Wno-float-conversion -Wnon-literal-null-conversion -Wobjc-literal-conversion -Wshorten-64-to-32 -Wno-newline-eof -Wno-c++11-extensions -Wno-implicit-fallthrough -isysroot /Applications/Xcode.app/Contents/Developer/Platforms/iPhoneOS.platform/Developer/SDKs/iPhoneOS26.5.sdk -fstrict-aliasing -Wdeprecated-declarations -Winvalid-offsetof -Wno-sign-conversion -Winfinite-recursion -Wmove -Wcomma -Wblock-capture-autoreleasing -Wstrict-prototypes -Wrange-loop-analysis -Wno-semicolon-before-method-body -Wunguarded-availability -index-store-path /Users/jonahmicahinguito/Library/Developer/Xcode/DerivedData/rotaractconnect-cjwcbdlngckcsaantafkjnfzfbdk/Index.noindex/DataStore @/Users/jonahmicahinguito/Library/Developer/Xcode/DerivedData/rotaractconnect-cjwcbdlngckcsaantafkjnfzfbdk/Build/Intermediates.noindex/Pods.build/Debug-iphoneos/React-RuntimeHermes.build/Objects-normal/arm64/82b82416624d2658e5098eb0a28c15c5-common-args.resp -include /Users/jonahmicahinguito/dev/rotaract-connect/ios/Pods/Target\ Support\ Files/React-RuntimeHermes/React-RuntimeHermes-prefix.pch -MMD -MT dependencies -MF /Users/jonahmicahinguito/Library/Developer/Xcode/DerivedData/rotaractconnect-cjwcbdlngckcsaantafkjnfzfbdk/Build/Intermediates.noindex/Pods.build/Debug-iphoneos/React-RuntimeHermes.build/Objects-normal/arm64/HermesInstance.d --serialize-diagnostics /Users/jonahmicahinguito/Library/Developer/Xcode/DerivedData/rotaractconnect-cjwcbdlngckcsaantafkjnfzfbdk/Build/Intermediates.noindex/Pods.build/Debug-iphoneos/React-RuntimeHermes.build/Objects-normal/arm64/HermesInstance.dia -c /Users/jonahmicahinguito/dev/rotaract-connect/node_modules/react-native/ReactCommon/react/runtime/hermes/HermesInstance.cpp -o /Users/jonahmicahinguito/Library/Developer/Xcode/DerivedData/rotaractconnect-cjwcbdlngckcsaantafkjnfzfbdk/Build/Intermediates.noindex/Pods.build/Debug-iphoneos/React-RuntimeHermes.build/Objects-normal/arm64/HermesInstance.o -index-unit-output-path /Pods.build/Debug-iphoneos/React-RuntimeHermes.build/Objects-normal/arm64/HermesInstance.o

In file included from /Users/jonahmicahinguito/dev/rotaract-connect/node_modules/react-native/ReactCommon/react/runtime/hermes/HermesInstance.cpp:10:
In file included from /Users/jonahmicahinguito/dev/rotaract-connect/node_modules/react-native/ReactCommon/hermes/inspector-modern/chrome/HermesRuntimeTargetDelegate.h:17:
In file included from /Users/jonahmicahinguito/dev/rotaract-connect/ios/Pods/Headers/Public/hermes-engine/hermes/cdp/CDPDebugAPI.h:11:
In file included from /Users/jonahmicahinguito/dev/rotaract-connect/ios/Pods/Headers/Public/hermes-engine/hermes/AsyncDebuggerAPI.h:19:
In file included from /Users/jonahmicahinguito/dev/rotaract-connect/ios/Pods/Headers/Public/hermes-engine/hermes/DebuggerAPI.h:18:
/Users/jonahmicahinguito/dev/rotaract-connect/ios/Pods/Headers/Public/hermes-engine/hermes/Public/DebuggerTypes.h:74:20: warning: implicit conversion loses integer precision: 'size_type' (aka 'unsigned long') to 'uint32_t' (aka 'unsigned int') [-Wshorten-64-to-32]
   74 |     return frames_.size();
      |     ~~~~~~ ~~~~~~~~^~~~~~
/Users/jonahmicahinguito/dev/rotaract-connect/ios/Pods/Headers/Public/hermes-engine/hermes/Public/DebuggerTypes.h:160:35: warning: implicit conversion loses integer precision: 'size_type' (aka 'unsigned long') to 'ScopeDepth' (aka 'unsigned int') [-Wshorten-64-to-32]
  160 |     return variableCountsByScope_.size();
      |     ~~~~~~ ~~~~~~~~~~~~~~~~~~~~~~~^~~~~~
2 warnings generated.

/Users/jonahmicahinguito/dev/rotaract-connect/ios/Pods/Headers/Public/hermes-engine/hermes/Public/DebuggerTypes.h:74:20: Implicit conversion loses integer precision: 'size_type' (aka 'unsigned long') to 'uint32_t' (aka 'unsigned int')

/Users/jonahmicahinguito/dev/rotaract-connect/ios/Pods/Headers/Public/hermes-engine/hermes/Public/DebuggerTypes.h:160:35: Implicit conversion loses integer precision: 'size_type' (aka 'unsigned long') to 'ScopeDepth' (aka 'unsigned int')


Build target React-RuntimeApple of project Pods with configuration Debug

CompileC /Users/jonahmicahinguito/Library/Developer/Xcode/DerivedData/rotaractconnect-cjwcbdlngckcsaantafkjnfzfbdk/Build/Intermediates.noindex/Pods.build/Debug-iphoneos/React-RuntimeApple.build/Objects-normal/arm64/RCTJSThreadManager.o /Users/jonahmicahinguito/dev/rotaract-connect/node_modules/react-native/ReactCommon/react/runtime/platform/ios/ReactCommon/RCTJSThreadManager.mm normal arm64 objective-c++ com.apple.compilers.llvm.clang.1_0.compiler (in target 'React-RuntimeApple' from project 'Pods')
    cd /Users/jonahmicahinguito/dev/rotaract-connect/ios/Pods
    
    Using response file: /Users/jonahmicahinguito/Library/Developer/Xcode/DerivedData/rotaractconnect-cjwcbdlngckcsaantafkjnfzfbdk/Build/Intermediates.noindex/Pods.build/Debug-iphoneos/React-RuntimeApple.build/Objects-normal/arm64/af3fcb34312c57c0f52879cdce924b91-common-args.resp
    
    /Applications/Xcode.app/Contents/Developer/Toolchains/XcodeDefault.xctoolchain/usr/bin/clang -x objective-c++ -ivfsstatcache /Users/jonahmicahinguito/Library/Developer/Xcode/DerivedData/SDKStatCaches.noindex/iphoneos26.5-23F81a-32daed1954a7d5dd0789fcaf2a9bb78b.sdkstatcache -target arm64-apple-ios15.1 -fmessage-length\=0 -fdiagnostics-show-note-include-stack -fmacro-backtrace-limit\=0 -fno-color-diagnostics -fmodules-prune-interval\=86400 -fmodules-prune-after\=345600 -fbuild-session-file\=/Users/jonahmicahinguito/Library/Developer/Xcode/DerivedData/ModuleCache.noindex/Session.modulevalidation -fmodules-validate-once-per-build-session -Wnon-modular-include-in-framework-module -Werror\=non-modular-include-in-framework-module -Wno-trigraphs -Wno-missing-field-initializers -Wno-missing-prototypes -Werror\=return-type -Wdocumentation -Wunreachable-code -Wno-implicit-atomic-properties -Werror\=deprecated-objc-isa-usage -Wno-objc-interface-ivars -Werror\=objc-root-class -Wno-arc-repeated-use-of-weak -Wimplicit-retain-self -Wno-non-virtual-dtor -Wno-overloaded-virtual -Wno-exit-time-destructors -Wduplicate-method-match -Wno-missing-braces -Wparentheses -Wswitch -Wunused-function -Wno-unused-label -Wno-unused-parameter -Wunused-variable -Wunused-value -Wempty-body -Wuninitialized -Wconditional-uninitialized -Wno-unknown-pragmas -Wno-shadow -Wno-four-char-constants -Wno-conversion -Wconstant-conversion -Wint-conversion -Wbool-conversion -Wenum-conversion -Wno-float-conversion -Wnon-literal-null-conversion -Wobjc-literal-conversion -Wshorten-64-to-32 -Wno-newline-eof -Wno-selector -Wno-strict-selector-match -Wundeclared-selector -Wdeprecated-implementations -Wno-c++11-extensions -Wno-implicit-fallthrough -isysroot /Applications/Xcode.app/Contents/Developer/Platforms/iPhoneOS.platform/Developer/SDKs/iPhoneOS26.5.sdk -fstrict-aliasing -Wprotocol -Wdeprecated-declarations -Winvalid-offsetof -Wno-sign-conversion -Winfinite-recursion -Wmove -Wcomma -Wblock-capture-autoreleasing -Wstrict-prototypes -Wrange-loop-analysis -Wno-semicolon-before-method-body -Wunguarded-availability -index-store-path /Users/jonahmicahinguito/Library/Developer/Xcode/DerivedData/rotaractconnect-cjwcbdlngckcsaantafkjnfzfbdk/Index.noindex/DataStore @/Users/jonahmicahinguito/Library/Developer/Xcode/DerivedData/rotaractconnect-cjwcbdlngckcsaantafkjnfzfbdk/Build/Intermediates.noindex/Pods.build/Debug-iphoneos/React-RuntimeApple.build/Objects-normal/arm64/af3fcb34312c57c0f52879cdce924b91-common-args.resp -include /Users/jonahmicahinguito/dev/rotaract-connect/ios/Pods/Target\ Support\ Files/React-RuntimeApple/React-RuntimeApple-prefix.pch -MMD -MT dependencies -MF /Users/jonahmicahinguito/Library/Developer/Xcode/DerivedData/rotaractconnect-cjwcbdlngckcsaantafkjnfzfbdk/Build/Intermediates.noindex/Pods.build/Debug-iphoneos/React-RuntimeApple.build/Objects-normal/arm64/RCTJSThreadManager.d --serialize-diagnostics /Users/jonahmicahinguito/Library/Developer/Xcode/DerivedData/rotaractconnect-cjwcbdlngckcsaantafkjnfzfbdk/Build/Intermediates.noindex/Pods.build/Debug-iphoneos/React-RuntimeApple.build/Objects-normal/arm64/RCTJSThreadManager.dia -c /Users/jonahmicahinguito/dev/rotaract-connect/node_modules/react-native/ReactCommon/react/runtime/platform/ios/ReactCommon/RCTJSThreadManager.mm -o /Users/jonahmicahinguito/Library/Developer/Xcode/DerivedData/rotaractconnect-cjwcbdlngckcsaantafkjnfzfbdk/Build/Intermediates.noindex/Pods.build/Debug-iphoneos/React-RuntimeApple.build/Objects-normal/arm64/RCTJSThreadManager.o -index-unit-output-path /Pods.build/Debug-iphoneos/React-RuntimeApple.build/Objects-normal/arm64/RCTJSThreadManager.o

In file included from /Users/jonahmicahinguito/dev/rotaract-connect/node_modules/react-native/ReactCommon/react/runtime/platform/ios/ReactCommon/RCTJSThreadManager.mm:8:
In file included from /Users/jonahmicahinguito/dev/rotaract-connect/node_modules/react-native/ReactCommon/react/runtime/platform/ios/ReactCommon/RCTJSThreadManager.h:10:
/Users/jonahmicahinguito/dev/rotaract-connect/ios/Pods/Headers/Private/React-Core/React/RCTMessageThread.h:21:40: warning: 'RCTJavaScriptCompleteBlock' is deprecated: This api will be removed along with the bridge. [-Wdeprecated-declarations]
   21 |   RCTMessageThread(NSRunLoop *runLoop, RCTJavaScriptCompleteBlock errorBlock);
      |                                        ^
In file included from /Users/jonahmicahinguito/dev/rotaract-connect/node_modules/react-native/ReactCommon/react/runtime/platform/ios/ReactCommon/RCTJSThreadManager.mm:8:
In file included from /Users/jonahmicahinguito/dev/rotaract-connect/node_modules/react-native/ReactCommon/react/runtime/platform/ios/ReactCommon/RCTJSThreadManager.h:10:
In file included from /Users/jonahmicahinguito/dev/rotaract-connect/ios/Pods/Headers/Private/React-Core/React/RCTMessageThread.h:13:
/Users/jonahmicahinguito/dev/rotaract-connect/ios/Pods/Headers/Public/React-Core/React/RCTJavaScriptExecutor.h:14:5: note: 'RCTJavaScriptCompleteBlock' has been explicitly marked deprecated here
   14 |     __deprecated_msg("This api will be removed along with the bridge.");
      |     ^
In file included from <built-in>:1:
In file included from /Users/jonahmicahinguito/dev/rotaract-connect/ios/Pods/Target Support Files/React-RuntimeApple/React-RuntimeApple-prefix.pch:2:
In file included from /Applications/Xcode.app/Contents/Developer/Platforms/iPhoneOS.platform/Developer/SDKs/iPhoneOS26.5.sdk/System/Library/Frameworks/UIKit.framework/Headers/UIKit.h:8:
In file included from /Applications/Xcode.app/Contents/Developer/Platforms/iPhoneOS.platform/Developer/SDKs/iPhoneOS26.5.sdk/System/Library/Frameworks/Foundation.framework/Headers/Foundation.h:6:
In file included from /Applications/Xcode.app/Contents/Developer/Platforms/iPhoneOS.platform/Developer/SDKs/iPhoneOS26.5.sdk/System/Library/Frameworks/CoreFoundation.framework/Headers/CoreFoundation.h:18:
In file included from /Applications/Xcode.app/Contents/Developer/Platforms/iPhoneOS.platform/Developer/SDKs/iPhoneOS26.5.sdk/usr/include/sys/types.h:75:
/Applications/Xcode.app/Contents/Developer/Platforms/iPhoneOS.platform/Developer/SDKs/iPhoneOS26.5.sdk/usr/include/sys/cdefs.h:227:48: note: expanded from macro '__deprecated_msg'
  227 |         #define __deprecated_msg(_msg) __attribute__((__deprecated__(_msg)))
      |                                                       ^
In file included from /Users/jonahmicahinguito/dev/rotaract-connect/node_modules/react-native/ReactCommon/react/runtime/platform/ios/ReactCommon/RCTJSThreadManager.mm:8:
In file included from /Users/jonahmicahinguito/dev/rotaract-connect/node_modules/react-native/ReactCommon/react/runtime/platform/ios/ReactCommon/RCTJSThreadManager.h:10:
/Users/jonahmicahinguito/dev/rotaract-connect/ios/Pods/Headers/Private/React-Core/React/RCTMessageThread.h:34:3: warning: 'RCTJavaScriptCompleteBlock' is deprecated: This api will be removed along with the bridge. [-Wdeprecated-declarations]
   34 |   RCTJavaScriptCompleteBlock m_errorBlock;
      |   ^
In file included from /Users/jonahmicahinguito/dev/rotaract-connect/node_modules/react-native/ReactCommon/react/runtime/platform/ios/ReactCommon/RCTJSThreadManager.mm:8:
In file included from /Users/jonahmicahinguito/dev/rotaract-connect/node_modules/react-native/ReactCommon/react/runtime/platform/ios/ReactCommon/RCTJSThreadManager.h:10:
In file included from /Users/jonahmicahinguito/dev/rotaract-connect/ios/Pods/Headers/Private/React-Core/React/RCTMessageThread.h:13:
/Users/jonahmicahinguito/dev/rotaract-connect/ios/Pods/Headers/Public/React-Core/React/RCTJavaScriptExecutor.h:14:5: note: 'RCTJavaScriptCompleteBlock' has been explicitly marked deprecated here
   14 |     __deprecated_msg("This api will be removed along with the bridge.");
      |     ^
In file included from <built-in>:1:
In file included from /Users/jonahmicahinguito/dev/rotaract-connect/ios/Pods/Target Support Files/React-RuntimeApple/React-RuntimeApple-prefix.pch:2:
In file included from /Applications/Xcode.app/Contents/Developer/Platforms/iPhoneOS.platform/Developer/SDKs/iPhoneOS26.5.sdk/System/Library/Frameworks/UIKit.framework/Headers/UIKit.h:8:
In file included from /Applications/Xcode.app/Contents/Developer/Platforms/iPhoneOS.platform/Developer/SDKs/iPhoneOS26.5.sdk/System/Library/Frameworks/Foundation.framework/Headers/Foundation.h:6:
In file included from /Applications/Xcode.app/Contents/Developer/Platforms/iPhoneOS.platform/Developer/SDKs/iPhoneOS26.5.sdk/System/Library/Frameworks/CoreFoundation.framework/Headers/CoreFoundation.h:18:
In file included from /Applications/Xcode.app/Contents/Developer/Platforms/iPhoneOS.platform/Developer/SDKs/iPhoneOS26.5.sdk/usr/include/sys/types.h:75:
/Applications/Xcode.app/Contents/Developer/Platforms/iPhoneOS.platform/Developer/SDKs/iPhoneOS26.5.sdk/usr/include/sys/cdefs.h:227:48: note: expanded from macro '__deprecated_msg'
  227 |         #define __deprecated_msg(_msg) __attribute__((__deprecated__(_msg)))
      |                                                       ^
2 warnings generated.

/Users/jonahmicahinguito/dev/rotaract-connect/ios/Pods/Headers/Private/React-Core/React/RCTMessageThread.h:21:40: 'RCTJavaScriptCompleteBlock' is deprecated: This api will be removed along with the bridge.

/Users/jonahmicahinguito/dev/rotaract-connect/ios/Pods/Headers/Private/React-Core/React/RCTMessageThread.h:34:3: 'RCTJavaScriptCompleteBlock' is deprecated: This api will be removed along with the bridge.

CompileC /Users/jonahmicahinguito/Library/Developer/Xcode/DerivedData/rotaractconnect-cjwcbdlngckcsaantafkjnfzfbdk/Build/Intermediates.noindex/Pods.build/Debug-iphoneos/React-RuntimeApple.build/Objects-normal/arm64/RCTInstance.o /Users/jonahmicahinguito/dev/rotaract-connect/node_modules/react-native/ReactCommon/react/runtime/platform/ios/ReactCommon/RCTInstance.mm normal arm64 objective-c++ com.apple.compilers.llvm.clang.1_0.compiler (in target 'React-RuntimeApple' from project 'Pods')
    cd /Users/jonahmicahinguito/dev/rotaract-connect/ios/Pods
    
    Using response file: /Users/jonahmicahinguito/Library/Developer/Xcode/DerivedData/rotaractconnect-cjwcbdlngckcsaantafkjnfzfbdk/Build/Intermediates.noindex/Pods.build/Debug-iphoneos/React-RuntimeApple.build/Objects-normal/arm64/af3fcb34312c57c0f52879cdce924b91-common-args.resp
    
    /Applications/Xcode.app/Contents/Developer/Toolchains/XcodeDefault.xctoolchain/usr/bin/clang -x objective-c++ -ivfsstatcache /Users/jonahmicahinguito/Library/Developer/Xcode/DerivedData/SDKStatCaches.noindex/iphoneos26.5-23F81a-32daed1954a7d5dd0789fcaf2a9bb78b.sdkstatcache -target arm64-apple-ios15.1 -fmessage-length\=0 -fdiagnostics-show-note-include-stack -fmacro-backtrace-limit\=0 -fno-color-diagnostics -fmodules-prune-interval\=86400 -fmodules-prune-after\=345600 -fbuild-session-file\=/Users/jonahmicahinguito/Library/Developer/Xcode/DerivedData/ModuleCache.noindex/Session.modulevalidation -fmodules-validate-once-per-build-session -Wnon-modular-include-in-framework-module -Werror\=non-modular-include-in-framework-module -Wno-trigraphs -Wno-missing-field-initializers -Wno-missing-prototypes -Werror\=return-type -Wdocumentation -Wunreachable-code -Wno-implicit-atomic-properties -Werror\=deprecated-objc-isa-usage -Wno-objc-interface-ivars -Werror\=objc-root-class -Wno-arc-repeated-use-of-weak -Wimplicit-retain-self -Wno-non-virtual-dtor -Wno-overloaded-virtual -Wno-exit-time-destructors -Wduplicate-method-match -Wno-missing-braces -Wparentheses -Wswitch -Wunused-function -Wno-unused-label -Wno-unused-parameter -Wunused-variable -Wunused-value -Wempty-body -Wuninitialized -Wconditional-uninitialized -Wno-unknown-pragmas -Wno-shadow -Wno-four-char-constants -Wno-conversion -Wconstant-conversion -Wint-conversion -Wbool-conversion -Wenum-conversion -Wno-float-conversion -Wnon-literal-null-conversion -Wobjc-literal-conversion -Wshorten-64-to-32 -Wno-newline-eof -Wno-selector -Wno-strict-selector-match -Wundeclared-selector -Wdeprecated-implementations -Wno-c++11-extensions -Wno-implicit-fallthrough -isysroot /Applications/Xcode.app/Contents/Developer/Platforms/iPhoneOS.platform/Developer/SDKs/iPhoneOS26.5.sdk -fstrict-aliasing -Wprotocol -Wdeprecated-declarations -Winvalid-offsetof -Wno-sign-conversion -Winfinite-recursion -Wmove -Wcomma -Wblock-capture-autoreleasing -Wstrict-prototypes -Wrange-loop-analysis -Wno-semicolon-before-method-body -Wunguarded-availability -index-store-path /Users/jonahmicahinguito/Library/Developer/Xcode/DerivedData/rotaractconnect-cjwcbdlngckcsaantafkjnfzfbdk/Index.noindex/DataStore @/Users/jonahmicahinguito/Library/Developer/Xcode/DerivedData/rotaractconnect-cjwcbdlngckcsaantafkjnfzfbdk/Build/Intermediates.noindex/Pods.build/Debug-iphoneos/React-RuntimeApple.build/Objects-normal/arm64/af3fcb34312c57c0f52879cdce924b91-common-args.resp -include /Users/jonahmicahinguito/dev/rotaract-connect/ios/Pods/Target\ Support\ Files/React-RuntimeApple/React-RuntimeApple-prefix.pch -MMD -MT dependencies -MF /Users/jonahmicahinguito/Library/Developer/Xcode/DerivedData/rotaractconnect-cjwcbdlngckcsaantafkjnfzfbdk/Build/Intermediates.noindex/Pods.build/Debug-iphoneos/React-RuntimeApple.build/Objects-normal/arm64/RCTInstance.d --serialize-diagnostics /Users/jonahmicahinguito/Library/Developer/Xcode/DerivedData/rotaractconnect-cjwcbdlngckcsaantafkjnfzfbdk/Build/Intermediates.noindex/Pods.build/Debug-iphoneos/React-RuntimeApple.build/Objects-normal/arm64/RCTInstance.dia -c /Users/jonahmicahinguito/dev/rotaract-connect/node_modules/react-native/ReactCommon/react/runtime/platform/ios/ReactCommon/RCTInstance.mm -o /Users/jonahmicahinguito/Library/Developer/Xcode/DerivedData/rotaractconnect-cjwcbdlngckcsaantafkjnfzfbdk/Build/Intermediates.noindex/Pods.build/Debug-iphoneos/React-RuntimeApple.build/Objects-normal/arm64/RCTInstance.o -index-unit-output-path /Pods.build/Debug-iphoneos/React-RuntimeApple.build/Objects-normal/arm64/RCTInstance.o

In file included from /Users/jonahmicahinguito/dev/rotaract-connect/node_modules/react-native/ReactCommon/react/runtime/platform/ios/ReactCommon/RCTInstance.mm:12:
In file included from /Users/jonahmicahinguito/dev/rotaract-connect/ios/Pods/Headers/Public/React-RCTFBReactNativeSpec/FBReactNativeSpec/FBReactNativeSpec.h:24:
/Users/jonahmicahinguito/dev/rotaract-connect/ios/Pods/Headers/Public/RCTTypeSafety/RCTTypeSafety/RCTConvertHelpers.h:27:24: warning: use of GNU ?: conditional expression extension, omitting middle operand [-Wgnu-conditional-omitted-operand]
   27 |     array[i] = object ?: (id)kCFNull;
      |                        ^
In file included from /Users/jonahmicahinguito/dev/rotaract-connect/node_modules/react-native/ReactCommon/react/runtime/platform/ios/ReactCommon/RCTInstance.mm:50:
In file included from /Users/jonahmicahinguito/dev/rotaract-connect/node_modules/react-native/ReactCommon/react/runtime/platform/ios/ReactCommon/RCTJSThreadManager.h:10:
/Users/jonahmicahinguito/dev/rotaract-connect/ios/Pods/Headers/Private/React-Core/React/RCTMessageThread.h:21:40: warning: 'RCTJavaScriptCompleteBlock' is deprecated: This api will be removed along with the bridge. [-Wdeprecated-declarations]
   21 |   RCTMessageThread(NSRunLoop *runLoop, RCTJavaScriptCompleteBlock errorBlock);
      |                                        ^
In file included from /Users/jonahmicahinguito/dev/rotaract-connect/node_modules/react-native/ReactCommon/react/runtime/platform/ios/ReactCommon/RCTInstance.mm:50:
In file included from /Users/jonahmicahinguito/dev/rotaract-connect/node_modules/react-native/ReactCommon/react/runtime/platform/ios/ReactCommon/RCTJSThreadManager.h:10:
In file included from /Users/jonahmicahinguito/dev/rotaract-connect/ios/Pods/Headers/Private/React-Core/React/RCTMessageThread.h:13:
/Users/jonahmicahinguito/dev/rotaract-connect/ios/Pods/Headers/Public/React-Core/React/RCTJavaScriptExecutor.h:14:5: note: 'RCTJavaScriptCompleteBlock' has been explicitly marked deprecated here
   14 |     __deprecated_msg("This api will be removed along with the bridge.");
      |     ^
In file included from <built-in>:1:
In file included from /Users/jonahmicahinguito/dev/rotaract-connect/ios/Pods/Target Support Files/React-RuntimeApple/React-RuntimeApple-prefix.pch:2:
In file included from /Applications/Xcode.app/Contents/Developer/Platforms/iPhoneOS.platform/Developer/SDKs/iPhoneOS26.5.sdk/System/Library/Frameworks/UIKit.framework/Headers/UIKit.h:8:
In file included from /Applications/Xcode.app/Contents/Developer/Platforms/iPhoneOS.platform/Developer/SDKs/iPhoneOS26.5.sdk/System/Library/Frameworks/Foundation.framework/Headers/Foundation.h:6:
In file included from /Applications/Xcode.app/Contents/Developer/Platforms/iPhoneOS.platform/Developer/SDKs/iPhoneOS26.5.sdk/System/Library/Frameworks/CoreFoundation.framework/Headers/CoreFoundation.h:18:
In file included from /Applications/Xcode.app/Contents/Developer/Platforms/iPhoneOS.platform/Developer/SDKs/iPhoneOS26.5.sdk/usr/include/sys/types.h:75:
/Applications/Xcode.app/Contents/Developer/Platforms/iPhoneOS.platform/Developer/SDKs/iPhoneOS26.5.sdk/usr/include/sys/cdefs.h:227:48: note: expanded from macro '__deprecated_msg'
  227 |         #define __deprecated_msg(_msg) __attribute__((__deprecated__(_msg)))
      |                                                       ^
In file included from /Users/jonahmicahinguito/dev/rotaract-connect/node_modules/react-native/ReactCommon/react/runtime/platform/ios/ReactCommon/RCTInstance.mm:50:
In file included from /Users/jonahmicahinguito/dev/rotaract-connect/node_modules/react-native/ReactCommon/react/runtime/platform/ios/ReactCommon/RCTJSThreadManager.h:10:
/Users/jonahmicahinguito/dev/rotaract-connect/ios/Pods/Headers/Private/React-Core/React/RCTMessageThread.h:34:3: warning: 'RCTJavaScriptCompleteBlock' is deprecated: This api will be removed along with the bridge. [-Wdeprecated-declarations]
   34 |   RCTJavaScriptCompleteBlock m_errorBlock;
      |   ^
In file included from /Users/jonahmicahinguito/dev/rotaract-connect/node_modules/react-native/ReactCommon/react/runtime/platform/ios/ReactCommon/RCTInstance.mm:50:
In file included from /Users/jonahmicahinguito/dev/rotaract-connect/node_modules/react-native/ReactCommon/react/runtime/platform/ios/ReactCommon/RCTJSThreadManager.h:10:
In file included from /Users/jonahmicahinguito/dev/rotaract-connect/ios/Pods/Headers/Private/React-Core/React/RCTMessageThread.h:13:
/Users/jonahmicahinguito/dev/rotaract-connect/ios/Pods/Headers/Public/React-Core/React/RCTJavaScriptExecutor.h:14:5: note: 'RCTJavaScriptCompleteBlock' has been explicitly marked deprecated here
   14 |     __deprecated_msg("This api will be removed along with the bridge.");
      |     ^
In file included from <built-in>:1:
In file included from /Users/jonahmicahinguito/dev/rotaract-connect/ios/Pods/Target Support Files/React-RuntimeApple/React-RuntimeApple-prefix.pch:2:
In file included from /Applications/Xcode.app/Contents/Developer/Platforms/iPhoneOS.platform/Developer/SDKs/iPhoneOS26.5.sdk/System/Library/Frameworks/UIKit.framework/Headers/UIKit.h:8:
In file included from /Applications/Xcode.app/Contents/Developer/Platforms/iPhoneOS.platform/Developer/SDKs/iPhoneOS26.5.sdk/System/Library/Frameworks/Foundation.framework/Headers/Foundation.h:6:
In file included from /Applications/Xcode.app/Contents/Developer/Platforms/iPhoneOS.platform/Developer/SDKs/iPhoneOS26.5.sdk/System/Library/Frameworks/CoreFoundation.framework/Headers/CoreFoundation.h:18:
In file included from /Applications/Xcode.app/Contents/Developer/Platforms/iPhoneOS.platform/Developer/SDKs/iPhoneOS26.5.sdk/usr/include/sys/types.h:75:
/Applications/Xcode.app/Contents/Developer/Platforms/iPhoneOS.platform/Developer/SDKs/iPhoneOS26.5.sdk/usr/include/sys/cdefs.h:227:48: note: expanded from macro '__deprecated_msg'
  227 |         #define __deprecated_msg(_msg) __attribute__((__deprecated__(_msg)))
      |                                                       ^
/Users/jonahmicahinguito/dev/rotaract-connect/node_modules/react-native/ReactCommon/react/runtime/platform/ios/ReactCommon/RCTInstance.mm:285:1: warning: implementing deprecated method [-Wdeprecated-implementations]
  285 | - (NSArray<id<RCTBridgeModule>> *)extraModulesForBridge:(RCTBridge *)bridge
      | ^
In file included from /Users/jonahmicahinguito/dev/rotaract-connect/node_modules/react-native/ReactCommon/react/runtime/platform/ios/ReactCommon/RCTInstance.mm:37:
/Users/jonahmicahinguito/dev/rotaract-connect/ios/Pods/Headers/Public/React-NativeModulesApple/ReactCommon/RCTTurboModuleManager.h:61:1: note: method 'extraModulesForBridge:' declared here
   61 | - (NSArray<id<RCTBridgeModule>> *)extraModulesForBridge:(RCTBridge *)bridge
      | ^
/Users/jonahmicahinguito/dev/rotaract-connect/node_modules/react-native/ReactCommon/react/runtime/platform/ios/ReactCommon/RCTInstance.mm:288:29: warning: 'extraModulesForBridge:' is deprecated: Please make all native modules returned from this method TurboModule-compatible. [-Wdeprecated-declarations]
  288 |     return [_appTMMDelegate extraModulesForBridge:nil];
      |                             ^
In file included from /Users/jonahmicahinguito/dev/rotaract-connect/node_modules/react-native/ReactCommon/react/runtime/platform/ios/ReactCommon/RCTInstance.mm:37:
/Users/jonahmicahinguito/dev/rotaract-connect/ios/Pods/Headers/Public/React-NativeModulesApple/ReactCommon/RCTTurboModuleManager.h:62:18: note: 'extraModulesForBridge:' has been explicitly marked deprecated here
   62 |     __attribute((deprecated("Please make all native modules returned from this method TurboModule-compatible.")));
      |                  ^
/Users/jonahmicahinguito/dev/rotaract-connect/node_modules/react-native/ReactCommon/react/runtime/platform/ios/ReactCommon/RCTInstance.mm:658:19: warning: 'instance:didReceiveJSErrorStack:message:originalMessage:name:componentStack:exceptionId:isFatal:extraData:' is deprecated [-Wdeprecated-declarations]
  658 |   if (![_delegate instance:self
      |                   ^
In file included from /Users/jonahmicahinguito/dev/rotaract-connect/node_modules/react-native/ReactCommon/react/runtime/platform/ios/ReactCommon/RCTInstance.mm:8:
/Users/jonahmicahinguito/dev/rotaract-connect/node_modules/react-native/ReactCommon/react/runtime/platform/ios/ReactCommon/RCTInstance.h:59:85: note: 'instance:didReceiveJSErrorStack:message:originalMessage:name:componentStack:exceptionId:isFatal:extraData:' has been explicitly marked deprecated here
   59 |                  extraData:(NSDictionary<NSString *, id> *)extraData __attribute__((deprecated));
      |                                                                                     ^
6 warnings generated.

/Users/jonahmicahinguito/dev/rotaract-connect/ios/Pods/Headers/Public/RCTTypeSafety/RCTTypeSafety/RCTConvertHelpers.h:27:24: Use of GNU ?: conditional expression extension, omitting middle operand

/Users/jonahmicahinguito/dev/rotaract-connect/ios/Pods/Headers/Private/React-Core/React/RCTMessageThread.h:21:40: 'RCTJavaScriptCompleteBlock' is deprecated: This api will be removed along with the bridge.

/Users/jonahmicahinguito/dev/rotaract-connect/ios/Pods/Headers/Private/React-Core/React/RCTMessageThread.h:34:3: 'RCTJavaScriptCompleteBlock' is deprecated: This api will be removed along with the bridge.

/Users/jonahmicahinguito/dev/rotaract-connect/node_modules/react-native/ReactCommon/react/runtime/platform/ios/ReactCommon/RCTInstance.mm:285:1: Implementing deprecated method

/Users/jonahmicahinguito/dev/rotaract-connect/node_modules/react-native/ReactCommon/react/runtime/platform/ios/ReactCommon/RCTInstance.mm:288:29: 'extraModulesForBridge:' is deprecated: Please make all native modules returned from this method TurboModule-compatible.

/Users/jonahmicahinguito/dev/rotaract-connect/node_modules/react-native/ReactCommon/react/runtime/platform/ios/ReactCommon/RCTInstance.mm:658:19: 'instance:didReceiveJSErrorStack:message:originalMessage:name:componentStack:exceptionId:isFatal:extraData:' is deprecated

CompileC /Users/jonahmicahinguito/Library/Developer/Xcode/DerivedData/rotaractconnect-cjwcbdlngckcsaantafkjnfzfbdk/Build/Intermediates.noindex/Pods.build/Debug-iphoneos/React-RuntimeApple.build/Objects-normal/arm64/RCTHost.o /Users/jonahmicahinguito/dev/rotaract-connect/node_modules/react-native/ReactCommon/react/runtime/platform/ios/ReactCommon/RCTHost.mm normal arm64 objective-c++ com.apple.compilers.llvm.clang.1_0.compiler (in target 'React-RuntimeApple' from project 'Pods')
    cd /Users/jonahmicahinguito/dev/rotaract-connect/ios/Pods
    
    Using response file: /Users/jonahmicahinguito/Library/Developer/Xcode/DerivedData/rotaractconnect-cjwcbdlngckcsaantafkjnfzfbdk/Build/Intermediates.noindex/Pods.build/Debug-iphoneos/React-RuntimeApple.build/Objects-normal/arm64/af3fcb34312c57c0f52879cdce924b91-common-args.resp
    
    /Applications/Xcode.app/Contents/Developer/Toolchains/XcodeDefault.xctoolchain/usr/bin/clang -x objective-c++ -ivfsstatcache /Users/jonahmicahinguito/Library/Developer/Xcode/DerivedData/SDKStatCaches.noindex/iphoneos26.5-23F81a-32daed1954a7d5dd0789fcaf2a9bb78b.sdkstatcache -target arm64-apple-ios15.1 -fmessage-length\=0 -fdiagnostics-show-note-include-stack -fmacro-backtrace-limit\=0 -fno-color-diagnostics -fmodules-prune-interval\=86400 -fmodules-prune-after\=345600 -fbuild-session-file\=/Users/jonahmicahinguito/Library/Developer/Xcode/DerivedData/ModuleCache.noindex/Session.modulevalidation -fmodules-validate-once-per-build-session -Wnon-modular-include-in-framework-module -Werror\=non-modular-include-in-framework-module -Wno-trigraphs -Wno-missing-field-initializers -Wno-missing-prototypes -Werror\=return-type -Wdocumentation -Wunreachable-code -Wno-implicit-atomic-properties -Werror\=deprecated-objc-isa-usage -Wno-objc-interface-ivars -Werror\=objc-root-class -Wno-arc-repeated-use-of-weak -Wimplicit-retain-self -Wno-non-virtual-dtor -Wno-overloaded-virtual -Wno-exit-time-destructors -Wduplicate-method-match -Wno-missing-braces -Wparentheses -Wswitch -Wunused-function -Wno-unused-label -Wno-unused-parameter -Wunused-variable -Wunused-value -Wempty-body -Wuninitialized -Wconditional-uninitialized -Wno-unknown-pragmas -Wno-shadow -Wno-four-char-constants -Wno-conversion -Wconstant-conversion -Wint-conversion -Wbool-conversion -Wenum-conversion -Wno-float-conversion -Wnon-literal-null-conversion -Wobjc-literal-conversion -Wshorten-64-to-32 -Wno-newline-eof -Wno-selector -Wno-strict-selector-match -Wundeclared-selector -Wdeprecated-implementations -Wno-c++11-extensions -Wno-implicit-fallthrough -isysroot /Applications/Xcode.app/Contents/Developer/Platforms/iPhoneOS.platform/Developer/SDKs/iPhoneOS26.5.sdk -fstrict-aliasing -Wprotocol -Wdeprecated-declarations -Winvalid-offsetof -Wno-sign-conversion -Winfinite-recursion -Wmove -Wcomma -Wblock-capture-autoreleasing -Wstrict-prototypes -Wrange-loop-analysis -Wno-semicolon-before-method-body -Wunguarded-availability -index-store-path /Users/jonahmicahinguito/Library/Developer/Xcode/DerivedData/rotaractconnect-cjwcbdlngckcsaantafkjnfzfbdk/Index.noindex/DataStore @/Users/jonahmicahinguito/Library/Developer/Xcode/DerivedData/rotaractconnect-cjwcbdlngckcsaantafkjnfzfbdk/Build/Intermediates.noindex/Pods.build/Debug-iphoneos/React-RuntimeApple.build/Objects-normal/arm64/af3fcb34312c57c0f52879cdce924b91-common-args.resp -include /Users/jonahmicahinguito/dev/rotaract-connect/ios/Pods/Target\ Support\ Files/React-RuntimeApple/React-RuntimeApple-prefix.pch -MMD -MT dependencies -MF /Users/jonahmicahinguito/Library/Developer/Xcode/DerivedData/rotaractconnect-cjwcbdlngckcsaantafkjnfzfbdk/Build/Intermediates.noindex/Pods.build/Debug-iphoneos/React-RuntimeApple.build/Objects-normal/arm64/RCTHost.d --serialize-diagnostics /Users/jonahmicahinguito/Library/Developer/Xcode/DerivedData/rotaractconnect-cjwcbdlngckcsaantafkjnfzfbdk/Build/Intermediates.noindex/Pods.build/Debug-iphoneos/React-RuntimeApple.build/Objects-normal/arm64/RCTHost.dia -c /Users/jonahmicahinguito/dev/rotaract-connect/node_modules/react-native/ReactCommon/react/runtime/platform/ios/ReactCommon/RCTHost.mm -o /Users/jonahmicahinguito/Library/Developer/Xcode/DerivedData/rotaractconnect-cjwcbdlngckcsaantafkjnfzfbdk/Build/Intermediates.noindex/Pods.build/Debug-iphoneos/React-RuntimeApple.build/Objects-normal/arm64/RCTHost.o -index-unit-output-path /Pods.build/Debug-iphoneos/React-RuntimeApple.build/Objects-normal/arm64/RCTHost.o

/Users/jonahmicahinguito/dev/rotaract-connect/node_modules/react-native/ReactCommon/react/runtime/platform/ios/ReactCommon/RCTHost.mm:496:1: warning: implementing deprecated method [-Wdeprecated-implementations]
  496 | - (BOOL)instance:(RCTInstance *)instance
      | ^
In file included from /Users/jonahmicahinguito/dev/rotaract-connect/node_modules/react-native/ReactCommon/react/runtime/platform/ios/ReactCommon/RCTHost.mm:8:
In file included from /Users/jonahmicahinguito/dev/rotaract-connect/node_modules/react-native/ReactCommon/react/runtime/platform/ios/ReactCommon/RCTHost.h:14:
/Users/jonahmicahinguito/dev/rotaract-connect/node_modules/react-native/ReactCommon/react/runtime/platform/ios/ReactCommon/RCTInstance.h:51:1: note: method 'instance:didReceiveJSErrorStack:message:originalMessage:name:componentStack:exceptionId:isFatal:extraData:' declared here
   51 | - (BOOL)instance:(RCTInstance *)instance
      | ^
/Users/jonahmicahinguito/dev/rotaract-connect/node_modules/react-native/ReactCommon/react/runtime/platform/ios/ReactCommon/RCTHost.mm:512:18: warning: 'host:didReceiveJSErrorStack:message:originalMessage:name:componentStack:exceptionId:isFatal:extraData:' is deprecated [-Wdeprecated-declarations]
  512 |   [_hostDelegate host:self
      |                  ^
In file included from /Users/jonahmicahinguito/dev/rotaract-connect/node_modules/react-native/ReactCommon/react/runtime/platform/ios/ReactCommon/RCTHost.mm:8:
/Users/jonahmicahinguito/dev/rotaract-connect/node_modules/react-native/ReactCommon/react/runtime/platform/ios/ReactCommon/RCTHost.h:51:85: note: 'host:didReceiveJSErrorStack:message:originalMessage:name:componentStack:exceptionId:isFatal:extraData:' has been explicitly marked deprecated here
   51 |                  extraData:(NSDictionary<NSString *, id> *)extraData __attribute__((deprecated));
      |                                                                                     ^
2 warnings generated.

/Users/jonahmicahinguito/dev/rotaract-connect/node_modules/react-native/ReactCommon/react/runtime/platform/ios/ReactCommon/RCTHost.mm:496:1: Implementing deprecated method

/Users/jonahmicahinguito/dev/rotaract-connect/node_modules/react-native/ReactCommon/react/runtime/platform/ios/ReactCommon/RCTHost.mm:512:18: 'host:didReceiveJSErrorStack:message:originalMessage:name:componentStack:exceptionId:isFatal:extraData:' is deprecated


Build target React-RCTText of project Pods with configuration Debug

Libtool /Users/jonahmicahinguito/Library/Developer/Xcode/DerivedData/rotaractconnect-cjwcbdlngckcsaantafkjnfzfbdk/Build/Products/Debug-iphoneos/React-RCTText/libReact-RCTText.a normal (in target 'React-RCTText' from project 'Pods')
    cd /Users/jonahmicahinguito/dev/rotaract-connect/ios/Pods
    /Applications/Xcode.app/Contents/Developer/Toolchains/XcodeDefault.xctoolchain/usr/bin/libtool -static -arch_only arm64 -D -syslibroot /Applications/Xcode.app/Contents/Developer/Platforms/iPhoneOS.platform/Developer/SDKs/iPhoneOS26.5.sdk -L/Users/jonahmicahinguito/Library/Developer/Xcode/DerivedData/rotaractconnect-cjwcbdlngckcsaantafkjnfzfbdk/Build/Products/Debug-iphoneos/React-RCTText -filelist /Users/jonahmicahinguito/Library/Developer/Xcode/DerivedData/rotaractconnect-cjwcbdlngckcsaantafkjnfzfbdk/Build/Intermediates.noindex/Pods.build/Debug-iphoneos/React-RCTText.build/Objects-normal/arm64/React-RCTText.LinkFileList -dependency_info /Users/jonahmicahinguito/Library/Developer/Xcode/DerivedData/rotaractconnect-cjwcbdlngckcsaantafkjnfzfbdk/Build/Intermediates.noindex/Pods.build/Debug-iphoneos/React-RCTText.build/Objects-normal/arm64/React-RCTText_libtool_dependency_info.dat -o /Users/jonahmicahinguito/Library/Developer/Xcode/DerivedData/rotaractconnect-cjwcbdlngckcsaantafkjnfzfbdk/Build/Products/Debug-iphoneos/React-RCTText/libReact-RCTText.a

libtool: warning: 'RCTBaseTextInputShadowView.o' has no symbols
libtool: warning: 'RCTBaseTextInputView.o' has no symbols
libtool: warning: 'RCTBaseTextInputViewManager.o' has no symbols
libtool: warning: 'RCTBaseTextShadowView.o' has no symbols
libtool: warning: 'RCTBaseTextViewManager.o' has no symbols
libtool: warning: 'RCTInputAccessoryShadowView.o' has no symbols
libtool: warning: 'RCTInputAccessoryView.o' has no symbols
libtool: warning: 'RCTInputAccessoryViewContent.o' has no symbols
libtool: warning: 'RCTInputAccessoryViewManager.o' has no symbols
libtool: warning: 'RCTMultilineTextInputView.o' has no symbols
libtool: warning: 'RCTMultilineTextInputViewManager.o' has no symbols
libtool: warning: 'RCTRawTextShadowView.o' has no symbols
libtool: warning: 'RCTRawTextViewManager.o' has no symbols
libtool: warning: 'RCTSinglelineTextInputView.o' has no symbols
libtool: warning: 'RCTSinglelineTextInputViewManager.o' has no symbols
libtool: warning: 'RCTTextAttributes.o' has no symbols
libtool: warning: 'RCTTextShadowView.o' has no symbols
libtool: warning: 'RCTTextView.o' has no symbols
libtool: warning: 'RCTTextViewManager.o' has no symbols
libtool: warning: 'RCTVirtualTextShadowView.o' has no symbols
libtool: warning: 'RCTVirtualTextView.o' has no symbols
libtool: warning: 'RCTVirtualTextViewManager.o' has no symbols

'RCTBaseTextInputShadowView.o' has no symbols

'RCTBaseTextInputView.o' has no symbols

'RCTBaseTextInputViewManager.o' has no symbols

'RCTBaseTextShadowView.o' has no symbols

'RCTBaseTextViewManager.o' has no symbols

'RCTInputAccessoryShadowView.o' has no symbols

'RCTInputAccessoryView.o' has no symbols

'RCTInputAccessoryViewContent.o' has no symbols

'RCTInputAccessoryViewManager.o' has no symbols

'RCTMultilineTextInputView.o' has no symbols

'RCTMultilineTextInputViewManager.o' has no symbols

'RCTRawTextShadowView.o' has no symbols

'RCTRawTextViewManager.o' has no symbols

'RCTSinglelineTextInputView.o' has no symbols

'RCTSinglelineTextInputViewManager.o' has no symbols

'RCTTextAttributes.o' has no symbols

'RCTTextShadowView.o' has no symbols

'RCTTextView.o' has no symbols

'RCTTextViewManager.o' has no symbols

'RCTVirtualTextShadowView.o' has no symbols

'RCTVirtualTextView.o' has no symbols

'RCTVirtualTextViewManager.o' has no symbols


Build target React-RCTNetwork of project Pods with configuration Debug

CompileC /Users/jonahmicahinguito/Library/Developer/Xcode/DerivedData/rotaractconnect-cjwcbdlngckcsaantafkjnfzfbdk/Build/Intermediates.noindex/Pods.build/Debug-iphoneos/React-RCTNetwork.build/Objects-normal/arm64/RCTNetworking.o /Users/jonahmicahinguito/dev/rotaract-connect/node_modules/react-native/Libraries/Network/RCTNetworking.mm normal arm64 objective-c++ com.apple.compilers.llvm.clang.1_0.compiler (in target 'React-RCTNetwork' from project 'Pods')
    cd /Users/jonahmicahinguito/dev/rotaract-connect/ios/Pods
    
    Using response file: /Users/jonahmicahinguito/Library/Developer/Xcode/DerivedData/rotaractconnect-cjwcbdlngckcsaantafkjnfzfbdk/Build/Intermediates.noindex/Pods.build/Debug-iphoneos/React-RCTNetwork.build/Objects-normal/arm64/af3fcb34312c57c0f52879cdce924b91-common-args.resp
    
    /Applications/Xcode.app/Contents/Developer/Toolchains/XcodeDefault.xctoolchain/usr/bin/clang -x objective-c++ -ivfsstatcache /Users/jonahmicahinguito/Library/Developer/Xcode/DerivedData/SDKStatCaches.noindex/iphoneos26.5-23F81a-32daed1954a7d5dd0789fcaf2a9bb78b.sdkstatcache -target arm64-apple-ios15.1 -fmessage-length\=0 -fdiagnostics-show-note-include-stack -fmacro-backtrace-limit\=0 -fno-color-diagnostics -fmodules-prune-interval\=86400 -fmodules-prune-after\=345600 -fbuild-session-file\=/Users/jonahmicahinguito/Library/Developer/Xcode/DerivedData/ModuleCache.noindex/Session.modulevalidation -fmodules-validate-once-per-build-session -Wnon-modular-include-in-framework-module -Werror\=non-modular-include-in-framework-module -Wno-trigraphs -Wno-missing-field-initializers -Wno-missing-prototypes -Werror\=return-type -Wdocumentation -Wunreachable-code -Wno-implicit-atomic-properties -Werror\=deprecated-objc-isa-usage -Wno-objc-interface-ivars -Werror\=objc-root-class -Wno-arc-repeated-use-of-weak -Wimplicit-retain-self -Wno-non-virtual-dtor -Wno-overloaded-virtual -Wno-exit-time-destructors -Wduplicate-method-match -Wno-missing-braces -Wparentheses -Wswitch -Wunused-function -Wno-unused-label -Wno-unused-parameter -Wunused-variable -Wunused-value -Wempty-body -Wuninitialized -Wconditional-uninitialized -Wno-unknown-pragmas -Wno-shadow -Wno-four-char-constants -Wno-conversion -Wconstant-conversion -Wint-conversion -Wbool-conversion -Wenum-conversion -Wno-float-conversion -Wnon-literal-null-conversion -Wobjc-literal-conversion -Wshorten-64-to-32 -Wno-newline-eof -Wno-selector -Wno-strict-selector-match -Wundeclared-selector -Wdeprecated-implementations -Wno-c++11-extensions -Wno-implicit-fallthrough -isysroot /Applications/Xcode.app/Contents/Developer/Platforms/iPhoneOS.platform/Developer/SDKs/iPhoneOS26.5.sdk -fstrict-aliasing -Wprotocol -Wdeprecated-declarations -Winvalid-offsetof -Wno-sign-conversion -Winfinite-recursion -Wmove -Wcomma -Wblock-capture-autoreleasing -Wstrict-prototypes -Wrange-loop-analysis -Wno-semicolon-before-method-body -Wunguarded-availability -index-store-path /Users/jonahmicahinguito/Library/Developer/Xcode/DerivedData/rotaractconnect-cjwcbdlngckcsaantafkjnfzfbdk/Index.noindex/DataStore @/Users/jonahmicahinguito/Library/Developer/Xcode/DerivedData/rotaractconnect-cjwcbdlngckcsaantafkjnfzfbdk/Build/Intermediates.noindex/Pods.build/Debug-iphoneos/React-RCTNetwork.build/Objects-normal/arm64/af3fcb34312c57c0f52879cdce924b91-common-args.resp -Wno-nullability-completeness -include /Users/jonahmicahinguito/dev/rotaract-connect/ios/Pods/Target\ Support\ Files/React-RCTNetwork/React-RCTNetwork-prefix.pch -MMD -MT dependencies -MF /Users/jonahmicahinguito/Library/Developer/Xcode/DerivedData/rotaractconnect-cjwcbdlngckcsaantafkjnfzfbdk/Build/Intermediates.noindex/Pods.build/Debug-iphoneos/React-RCTNetwork.build/Objects-normal/arm64/RCTNetworking.d --serialize-diagnostics /Users/jonahmicahinguito/Library/Developer/Xcode/DerivedData/rotaractconnect-cjwcbdlngckcsaantafkjnfzfbdk/Build/Intermediates.noindex/Pods.build/Debug-iphoneos/React-RCTNetwork.build/Objects-normal/arm64/RCTNetworking.dia -c /Users/jonahmicahinguito/dev/rotaract-connect/node_modules/react-native/Libraries/Network/RCTNetworking.mm -o /Users/jonahmicahinguito/Library/Developer/Xcode/DerivedData/rotaractconnect-cjwcbdlngckcsaantafkjnfzfbdk/Build/Intermediates.noindex/Pods.build/Debug-iphoneos/React-RCTNetwork.build/Objects-normal/arm64/RCTNetworking.o -index-unit-output-path /Pods.build/Debug-iphoneos/React-RCTNetwork.build/Objects-normal/arm64/RCTNetworking.o

/Users/jonahmicahinguito/dev/rotaract-connect/node_modules/react-native/Libraries/Network/RCTNetworking.mm:626:56: warning: implicit conversion loses integer precision: 'NSInteger' (aka 'long') to 'int' [-Wshorten-64-to-32]
  624 |       [RCTInspectorNetworkReporter reportResponseStart:task.devToolsRequestId
      |       ~
  625 |                                               response:response
  626 |                                             statusCode:status
      |                                                        ^~~~~~
/Users/jonahmicahinguito/dev/rotaract-connect/node_modules/react-native/Libraries/Network/RCTNetworking.mm:707:97: warning: implicit conversion loses integer precision: 'NSUInteger' (aka 'unsigned long') to 'int' [-Wshorten-64-to-32]
  707 |         [RCTInspectorNetworkReporter reportResponseEnd:task.devToolsRequestId encodedDataLength:data.length];
      |         ~                                                                                       ^~~~~~~~~~~
/Users/jonahmicahinguito/dev/rotaract-connect/node_modules/react-native/Libraries/Network/RCTNetworking.mm:729:55: warning: implicit conversion loses integer precision: 'long long' to 'int' [-Wshorten-64-to-32]
  727 |       [RCTInspectorNetworkReporter reportRequestStart:task.devToolsRequestId
      |       ~
  728 |                                               request:request
  729 |                                     encodedDataLength:task.response.expectedContentLength];
      |                                                       ^~~~~~~~~~~~~~~~~~~~~~~~~~~~~~~~~~~
3 warnings generated.

/Users/jonahmicahinguito/dev/rotaract-connect/node_modules/react-native/Libraries/Network/RCTNetworking.mm:626:56: Implicit conversion loses integer precision: 'NSInteger' (aka 'long') to 'int'

/Users/jonahmicahinguito/dev/rotaract-connect/node_modules/react-native/Libraries/Network/RCTNetworking.mm:707:97: Implicit conversion loses integer precision: 'NSUInteger' (aka 'unsigned long') to 'int'

/Users/jonahmicahinguito/dev/rotaract-connect/node_modules/react-native/Libraries/Network/RCTNetworking.mm:729:55: Implicit conversion loses integer precision: 'long long' to 'int'

CompileC /Users/jonahmicahinguito/Library/Developer/Xcode/DerivedData/rotaractconnect-cjwcbdlngckcsaantafkjnfzfbdk/Build/Intermediates.noindex/Pods.build/Debug-iphoneos/React-RCTNetwork.build/Objects-normal/arm64/RCTNetworkTask.o /Users/jonahmicahinguito/dev/rotaract-connect/node_modules/react-native/Libraries/Network/RCTNetworkTask.mm normal arm64 objective-c++ com.apple.compilers.llvm.clang.1_0.compiler (in target 'React-RCTNetwork' from project 'Pods')
    cd /Users/jonahmicahinguito/dev/rotaract-connect/ios/Pods
    
    Using response file: /Users/jonahmicahinguito/Library/Developer/Xcode/DerivedData/rotaractconnect-cjwcbdlngckcsaantafkjnfzfbdk/Build/Intermediates.noindex/Pods.build/Debug-iphoneos/React-RCTNetwork.build/Objects-normal/arm64/af3fcb34312c57c0f52879cdce924b91-common-args.resp
    
    /Applications/Xcode.app/Contents/Developer/Toolchains/XcodeDefault.xctoolchain/usr/bin/clang -x objective-c++ -ivfsstatcache /Users/jonahmicahinguito/Library/Developer/Xcode/DerivedData/SDKStatCaches.noindex/iphoneos26.5-23F81a-32daed1954a7d5dd0789fcaf2a9bb78b.sdkstatcache -target arm64-apple-ios15.1 -fmessage-length\=0 -fdiagnostics-show-note-include-stack -fmacro-backtrace-limit\=0 -fno-color-diagnostics -fmodules-prune-interval\=86400 -fmodules-prune-after\=345600 -fbuild-session-file\=/Users/jonahmicahinguito/Library/Developer/Xcode/DerivedData/ModuleCache.noindex/Session.modulevalidation -fmodules-validate-once-per-build-session -Wnon-modular-include-in-framework-module -Werror\=non-modular-include-in-framework-module -Wno-trigraphs -Wno-missing-field-initializers -Wno-missing-prototypes -Werror\=return-type -Wdocumentation -Wunreachable-code -Wno-implicit-atomic-properties -Werror\=deprecated-objc-isa-usage -Wno-objc-interface-ivars -Werror\=objc-root-class -Wno-arc-repeated-use-of-weak -Wimplicit-retain-self -Wno-non-virtual-dtor -Wno-overloaded-virtual -Wno-exit-time-destructors -Wduplicate-method-match -Wno-missing-braces -Wparentheses -Wswitch -Wunused-function -Wno-unused-label -Wno-unused-parameter -Wunused-variable -Wunused-value -Wempty-body -Wuninitialized -Wconditional-uninitialized -Wno-unknown-pragmas -Wno-shadow -Wno-four-char-constants -Wno-conversion -Wconstant-conversion -Wint-conversion -Wbool-conversion -Wenum-conversion -Wno-float-conversion -Wnon-literal-null-conversion -Wobjc-literal-conversion -Wshorten-64-to-32 -Wno-newline-eof -Wno-selector -Wno-strict-selector-match -Wundeclared-selector -Wdeprecated-implementations -Wno-c++11-extensions -Wno-implicit-fallthrough -isysroot /Applications/Xcode.app/Contents/Developer/Platforms/iPhoneOS.platform/Developer/SDKs/iPhoneOS26.5.sdk -fstrict-aliasing -Wprotocol -Wdeprecated-declarations -Winvalid-offsetof -Wno-sign-conversion -Winfinite-recursion -Wmove -Wcomma -Wblock-capture-autoreleasing -Wstrict-prototypes -Wrange-loop-analysis -Wno-semicolon-before-method-body -Wunguarded-availability -index-store-path /Users/jonahmicahinguito/Library/Developer/Xcode/DerivedData/rotaractconnect-cjwcbdlngckcsaantafkjnfzfbdk/Index.noindex/DataStore @/Users/jonahmicahinguito/Library/Developer/Xcode/DerivedData/rotaractconnect-cjwcbdlngckcsaantafkjnfzfbdk/Build/Intermediates.noindex/Pods.build/Debug-iphoneos/React-RCTNetwork.build/Objects-normal/arm64/af3fcb34312c57c0f52879cdce924b91-common-args.resp -Wno-nullability-completeness -include /Users/jonahmicahinguito/dev/rotaract-connect/ios/Pods/Target\ Support\ Files/React-RCTNetwork/React-RCTNetwork-prefix.pch -MMD -MT dependencies -MF /Users/jonahmicahinguito/Library/Developer/Xcode/DerivedData/rotaractconnect-cjwcbdlngckcsaantafkjnfzfbdk/Build/Intermediates.noindex/Pods.build/Debug-iphoneos/React-RCTNetwork.build/Objects-normal/arm64/RCTNetworkTask.d --serialize-diagnostics /Users/jonahmicahinguito/Library/Developer/Xcode/DerivedData/rotaractconnect-cjwcbdlngckcsaantafkjnfzfbdk/Build/Intermediates.noindex/Pods.build/Debug-iphoneos/React-RCTNetwork.build/Objects-normal/arm64/RCTNetworkTask.dia -c /Users/jonahmicahinguito/dev/rotaract-connect/node_modules/react-native/Libraries/Network/RCTNetworkTask.mm -o /Users/jonahmicahinguito/Library/Developer/Xcode/DerivedData/rotaractconnect-cjwcbdlngckcsaantafkjnfzfbdk/Build/Intermediates.noindex/Pods.build/Debug-iphoneos/React-RCTNetwork.build/Objects-normal/arm64/RCTNetworkTask.o -index-unit-output-path /Pods.build/Debug-iphoneos/React-RCTNetwork.build/Objects-normal/arm64/RCTNetworkTask.o

/Users/jonahmicahinguito/dev/rotaract-connect/node_modules/react-native/Libraries/Network/RCTNetworkTask.mm:30:16: warning: designated initializer should only invoke a designated initializer on 'super' [-Wobjc-designated-initializers]
   30 |   self = [self initWithDevToolsRequestId:nil request:request handler:handler callbackQueue:callbackQueue];
      |                ^
In file included from /Users/jonahmicahinguito/dev/rotaract-connect/node_modules/react-native/Libraries/Network/RCTNetworkTask.mm:12:
/Users/jonahmicahinguito/dev/rotaract-connect/ios/Pods/Headers/Public/React-Core/React/RCTNetworkTask.h:41:1: note: method marked as designated initializer of the class here
   41 | - (instancetype)initWithRequest:(NSURLRequest *)request
      | ^
/Users/jonahmicahinguito/dev/rotaract-connect/node_modules/react-native/Libraries/Network/RCTNetworkTask.mm:43:22: warning: convenience initializer should not invoke an initializer on 'super' [-Wobjc-designated-initializers]
   43 |   if ((self = [super init])) {
      |                      ^
/Users/jonahmicahinguito/dev/rotaract-connect/node_modules/react-native/Libraries/Network/RCTNetworkTask.mm:34:1: warning: convenience initializer missing a 'self' call to another initializer [-Wobjc-designated-initializers]
   34 | - (instancetype)initWithDevToolsRequestId:(NSString *)devToolsRequestId
      | ^
3 warnings generated.

/Users/jonahmicahinguito/dev/rotaract-connect/node_modules/react-native/Libraries/Network/RCTNetworkTask.mm:30:16: Designated initializer should only invoke a designated initializer on 'super'

/Users/jonahmicahinguito/dev/rotaract-connect/node_modules/react-native/Libraries/Network/RCTNetworkTask.mm:43:22: Convenience initializer should not invoke an initializer on 'super'

/Users/jonahmicahinguito/dev/rotaract-connect/node_modules/react-native/Libraries/Network/RCTNetworkTask.mm:34:1: Convenience initializer missing a 'self' call to another initializer

CompileC /Users/jonahmicahinguito/Library/Developer/Xcode/DerivedData/rotaractconnect-cjwcbdlngckcsaantafkjnfzfbdk/Build/Intermediates.noindex/Pods.build/Debug-iphoneos/React-RCTNetwork.build/Objects-normal/arm64/RCTInspectorNetworkReporter.o /Users/jonahmicahinguito/dev/rotaract-connect/node_modules/react-native/Libraries/Network/RCTInspectorNetworkReporter.mm normal arm64 objective-c++ com.apple.compilers.llvm.clang.1_0.compiler (in target 'React-RCTNetwork' from project 'Pods')
    cd /Users/jonahmicahinguito/dev/rotaract-connect/ios/Pods
    
    Using response file: /Users/jonahmicahinguito/Library/Developer/Xcode/DerivedData/rotaractconnect-cjwcbdlngckcsaantafkjnfzfbdk/Build/Intermediates.noindex/Pods.build/Debug-iphoneos/React-RCTNetwork.build/Objects-normal/arm64/af3fcb34312c57c0f52879cdce924b91-common-args.resp
    
    /Applications/Xcode.app/Contents/Developer/Toolchains/XcodeDefault.xctoolchain/usr/bin/clang -x objective-c++ -ivfsstatcache /Users/jonahmicahinguito/Library/Developer/Xcode/DerivedData/SDKStatCaches.noindex/iphoneos26.5-23F81a-32daed1954a7d5dd0789fcaf2a9bb78b.sdkstatcache -target arm64-apple-ios15.1 -fmessage-length\=0 -fdiagnostics-show-note-include-stack -fmacro-backtrace-limit\=0 -fno-color-diagnostics -fmodules-prune-interval\=86400 -fmodules-prune-after\=345600 -fbuild-session-file\=/Users/jonahmicahinguito/Library/Developer/Xcode/DerivedData/ModuleCache.noindex/Session.modulevalidation -fmodules-validate-once-per-build-session -Wnon-modular-include-in-framework-module -Werror\=non-modular-include-in-framework-module -Wno-trigraphs -Wno-missing-field-initializers -Wno-missing-prototypes -Werror\=return-type -Wdocumentation -Wunreachable-code -Wno-implicit-atomic-properties -Werror\=deprecated-objc-isa-usage -Wno-objc-interface-ivars -Werror\=objc-root-class -Wno-arc-repeated-use-of-weak -Wimplicit-retain-self -Wno-non-virtual-dtor -Wno-overloaded-virtual -Wno-exit-time-destructors -Wduplicate-method-match -Wno-missing-braces -Wparentheses -Wswitch -Wunused-function -Wno-unused-label -Wno-unused-parameter -Wunused-variable -Wunused-value -Wempty-body -Wuninitialized -Wconditional-uninitialized -Wno-unknown-pragmas -Wno-shadow -Wno-four-char-constants -Wno-conversion -Wconstant-conversion -Wint-conversion -Wbool-conversion -Wenum-conversion -Wno-float-conversion -Wnon-literal-null-conversion -Wobjc-literal-conversion -Wshorten-64-to-32 -Wno-newline-eof -Wno-selector -Wno-strict-selector-match -Wundeclared-selector -Wdeprecated-implementations -Wno-c++11-extensions -Wno-implicit-fallthrough -isysroot /Applications/Xcode.app/Contents/Developer/Platforms/iPhoneOS.platform/Developer/SDKs/iPhoneOS26.5.sdk -fstrict-aliasing -Wprotocol -Wdeprecated-declarations -Winvalid-offsetof -Wno-sign-conversion -Winfinite-recursion -Wmove -Wcomma -Wblock-capture-autoreleasing -Wstrict-prototypes -Wrange-loop-analysis -Wno-semicolon-before-method-body -Wunguarded-availability -index-store-path /Users/jonahmicahinguito/Library/Developer/Xcode/DerivedData/rotaractconnect-cjwcbdlngckcsaantafkjnfzfbdk/Index.noindex/DataStore @/Users/jonahmicahinguito/Library/Developer/Xcode/DerivedData/rotaractconnect-cjwcbdlngckcsaantafkjnfzfbdk/Build/Intermediates.noindex/Pods.build/Debug-iphoneos/React-RCTNetwork.build/Objects-normal/arm64/af3fcb34312c57c0f52879cdce924b91-common-args.resp -Wno-nullability-completeness -include /Users/jonahmicahinguito/dev/rotaract-connect/ios/Pods/Target\ Support\ Files/React-RCTNetwork/React-RCTNetwork-prefix.pch -MMD -MT dependencies -MF /Users/jonahmicahinguito/Library/Developer/Xcode/DerivedData/rotaractconnect-cjwcbdlngckcsaantafkjnfzfbdk/Build/Intermediates.noindex/Pods.build/Debug-iphoneos/React-RCTNetwork.build/Objects-normal/arm64/RCTInspectorNetworkReporter.d --serialize-diagnostics /Users/jonahmicahinguito/Library/Developer/Xcode/DerivedData/rotaractconnect-cjwcbdlngckcsaantafkjnfzfbdk/Build/Intermediates.noindex/Pods.build/Debug-iphoneos/React-RCTNetwork.build/Objects-normal/arm64/RCTInspectorNetworkReporter.dia -c /Users/jonahmicahinguito/dev/rotaract-connect/node_modules/react-native/Libraries/Network/RCTInspectorNetworkReporter.mm -o /Users/jonahmicahinguito/Library/Developer/Xcode/DerivedData/rotaractconnect-cjwcbdlngckcsaantafkjnfzfbdk/Build/Intermediates.noindex/Pods.build/Debug-iphoneos/React-RCTNetwork.build/Objects-normal/arm64/RCTInspectorNetworkReporter.o -index-unit-output-path /Pods.build/Debug-iphoneos/React-RCTNetwork.build/Objects-normal/arm64/RCTInspectorNetworkReporter.o

/Users/jonahmicahinguito/dev/rotaract-connect/node_modules/react-native/Libraries/Network/RCTInspectorNetworkReporter.mm:124:43: warning: implicit conversion loses integer precision: 'long long' to 'int' [-Wshorten-64-to-32]
  123 |   NetworkReporter::getInstance().reportResponseStart(
      |                                  ~~~~~~~~~~~~~~~~~~~
  124 |       requestId.UTF8String, responseInfo, response.expectedContentLength);
      |                                           ^~~~~~~~~~~~~~~~~~~~~~~~~~~~~~
1 warning generated.

/Users/jonahmicahinguito/dev/rotaract-connect/node_modules/react-native/Libraries/Network/RCTInspectorNetworkReporter.mm:124:43: Implicit conversion loses integer precision: 'long long' to 'int'

CompileC /Users/jonahmicahinguito/Library/Developer/Xcode/DerivedData/rotaractconnect-cjwcbdlngckcsaantafkjnfzfbdk/Build/Intermediates.noindex/Pods.build/Debug-iphoneos/React-RCTNetwork.build/Objects-normal/arm64/RCTFileRequestHandler.o /Users/jonahmicahinguito/dev/rotaract-connect/node_modules/react-native/Libraries/Network/RCTFileRequestHandler.mm normal arm64 objective-c++ com.apple.compilers.llvm.clang.1_0.compiler (in target 'React-RCTNetwork' from project 'Pods')
    cd /Users/jonahmicahinguito/dev/rotaract-connect/ios/Pods
    
    Using response file: /Users/jonahmicahinguito/Library/Developer/Xcode/DerivedData/rotaractconnect-cjwcbdlngckcsaantafkjnfzfbdk/Build/Intermediates.noindex/Pods.build/Debug-iphoneos/React-RCTNetwork.build/Objects-normal/arm64/af3fcb34312c57c0f52879cdce924b91-common-args.resp
    
    /Applications/Xcode.app/Contents/Developer/Toolchains/XcodeDefault.xctoolchain/usr/bin/clang -x objective-c++ -ivfsstatcache /Users/jonahmicahinguito/Library/Developer/Xcode/DerivedData/SDKStatCaches.noindex/iphoneos26.5-23F81a-32daed1954a7d5dd0789fcaf2a9bb78b.sdkstatcache -target arm64-apple-ios15.1 -fmessage-length\=0 -fdiagnostics-show-note-include-stack -fmacro-backtrace-limit\=0 -fno-color-diagnostics -fmodules-prune-interval\=86400 -fmodules-prune-after\=345600 -fbuild-session-file\=/Users/jonahmicahinguito/Library/Developer/Xcode/DerivedData/ModuleCache.noindex/Session.modulevalidation -fmodules-validate-once-per-build-session -Wnon-modular-include-in-framework-module -Werror\=non-modular-include-in-framework-module -Wno-trigraphs -Wno-missing-field-initializers -Wno-missing-prototypes -Werror\=return-type -Wdocumentation -Wunreachable-code -Wno-implicit-atomic-properties -Werror\=deprecated-objc-isa-usage -Wno-objc-interface-ivars -Werror\=objc-root-class -Wno-arc-repeated-use-of-weak -Wimplicit-retain-self -Wno-non-virtual-dtor -Wno-overloaded-virtual -Wno-exit-time-destructors -Wduplicate-method-match -Wno-missing-braces -Wparentheses -Wswitch -Wunused-function -Wno-unused-label -Wno-unused-parameter -Wunused-variable -Wunused-value -Wempty-body -Wuninitialized -Wconditional-uninitialized -Wno-unknown-pragmas -Wno-shadow -Wno-four-char-constants -Wno-conversion -Wconstant-conversion -Wint-conversion -Wbool-conversion -Wenum-conversion -Wno-float-conversion -Wnon-literal-null-conversion -Wobjc-literal-conversion -Wshorten-64-to-32 -Wno-newline-eof -Wno-selector -Wno-strict-selector-match -Wundeclared-selector -Wdeprecated-implementations -Wno-c++11-extensions -Wno-implicit-fallthrough -isysroot /Applications/Xcode.app/Contents/Developer/Platforms/iPhoneOS.platform/Developer/SDKs/iPhoneOS26.5.sdk -fstrict-aliasing -Wprotocol -Wdeprecated-declarations -Winvalid-offsetof -Wno-sign-conversion -Winfinite-recursion -Wmove -Wcomma -Wblock-capture-autoreleasing -Wstrict-prototypes -Wrange-loop-analysis -Wno-semicolon-before-method-body -Wunguarded-availability -index-store-path /Users/jonahmicahinguito/Library/Developer/Xcode/DerivedData/rotaractconnect-cjwcbdlngckcsaantafkjnfzfbdk/Index.noindex/DataStore @/Users/jonahmicahinguito/Library/Developer/Xcode/DerivedData/rotaractconnect-cjwcbdlngckcsaantafkjnfzfbdk/Build/Intermediates.noindex/Pods.build/Debug-iphoneos/React-RCTNetwork.build/Objects-normal/arm64/af3fcb34312c57c0f52879cdce924b91-common-args.resp -Wno-nullability-completeness -include /Users/jonahmicahinguito/dev/rotaract-connect/ios/Pods/Target\ Support\ Files/React-RCTNetwork/React-RCTNetwork-prefix.pch -MMD -MT dependencies -MF /Users/jonahmicahinguito/Library/Developer/Xcode/DerivedData/rotaractconnect-cjwcbdlngckcsaantafkjnfzfbdk/Build/Intermediates.noindex/Pods.build/Debug-iphoneos/React-RCTNetwork.build/Objects-normal/arm64/RCTFileRequestHandler.d --serialize-diagnostics /Users/jonahmicahinguito/Library/Developer/Xcode/DerivedData/rotaractconnect-cjwcbdlngckcsaantafkjnfzfbdk/Build/Intermediates.noindex/Pods.build/Debug-iphoneos/React-RCTNetwork.build/Objects-normal/arm64/RCTFileRequestHandler.dia -c /Users/jonahmicahinguito/dev/rotaract-connect/node_modules/react-native/Libraries/Network/RCTFileRequestHandler.mm -o /Users/jonahmicahinguito/Library/Developer/Xcode/DerivedData/rotaractconnect-cjwcbdlngckcsaantafkjnfzfbdk/Build/Intermediates.noindex/Pods.build/Debug-iphoneos/React-RCTNetwork.build/Objects-normal/arm64/RCTFileRequestHandler.o -index-unit-output-path /Pods.build/Debug-iphoneos/React-RCTNetwork.build/Objects-normal/arm64/RCTFileRequestHandler.o

/Users/jonahmicahinguito/dev/rotaract-connect/node_modules/react-native/Libraries/Network/RCTFileRequestHandler.mm:75:9: warning: 'kUTTagClassFilenameExtension' is deprecated: first deprecated in iOS 15.0 - Use UTTagClassFilenameExtension instead. [-Wdeprecated-declarations]
   75 |         kUTTagClassFilenameExtension, (__bridge CFStringRef)fileExtension, NULL);
      |         ^
In file included from /Users/jonahmicahinguito/dev/rotaract-connect/node_modules/react-native/Libraries/Network/RCTFileRequestHandler.mm:12:
In file included from /Applications/Xcode.app/Contents/Developer/Platforms/iPhoneOS.platform/Developer/SDKs/iPhoneOS26.5.sdk/System/Library/Frameworks/MobileCoreServices.framework/Headers/MobileCoreServices.h:9:
In file included from /Applications/Xcode.app/Contents/Developer/Platforms/iPhoneOS.platform/Developer/SDKs/iPhoneOS26.5.sdk/System/Library/Frameworks/CoreServices.framework/Headers/CoreServices.h:10:
/Applications/Xcode.app/Contents/Developer/Platforms/iPhoneOS.platform/Developer/SDKs/iPhoneOS26.5.sdk/System/Library/Frameworks/CoreServices.framework/Headers/UTType.h:258:26: note: 'kUTTagClassFilenameExtension' has been explicitly marked deprecated here
  258 | extern const CFStringRef kUTTagClassFilenameExtension                API_DEPRECATED("Use UTTagClassFilenameExtension instead.", ios(3.0, 15.0), macos(10.3, 12.0), tvos(9.0, 15.0), watchos(1.0, 8.0));
      |                          ^
/Users/jonahmicahinguito/dev/rotaract-connect/node_modules/react-native/Libraries/Network/RCTFileRequestHandler.mm:74:51: warning: 'UTTypeCreatePreferredIdentifierForTag' is deprecated: first deprecated in iOS 15.0 - Use the UTType class instead. [-Wdeprecated-declarations]
   74 |     NSString *UTI = (__bridge_transfer NSString *)UTTypeCreatePreferredIdentifierForTag(
      |                                                   ^
In file included from /Users/jonahmicahinguito/dev/rotaract-connect/node_modules/react-native/Libraries/Network/RCTFileRequestHandler.mm:12:
In file included from /Applications/Xcode.app/Contents/Developer/Platforms/iPhoneOS.platform/Developer/SDKs/iPhoneOS26.5.sdk/System/Library/Frameworks/MobileCoreServices.framework/Headers/MobileCoreServices.h:9:
In file included from /Applications/Xcode.app/Contents/Developer/Platforms/iPhoneOS.platform/Developer/SDKs/iPhoneOS26.5.sdk/System/Library/Frameworks/CoreServices.framework/Headers/CoreServices.h:10:
/Applications/Xcode.app/Contents/Developer/Platforms/iPhoneOS.platform/Developer/SDKs/iPhoneOS26.5.sdk/System/Library/Frameworks/CoreServices.framework/Headers/UTType.h:317:1: note: 'UTTypeCreatePreferredIdentifierForTag' has been explicitly marked deprecated here
  317 | UTTypeCreatePreferredIdentifierForTag(
      | ^
/Users/jonahmicahinguito/dev/rotaract-connect/node_modules/react-native/Libraries/Network/RCTFileRequestHandler.mm:77:98: warning: 'kUTTagClassMIMEType' is deprecated: first deprecated in iOS 15.0 - Use UTTagClassMIMEType instead. [-Wdeprecated-declarations]
   77 |         (__bridge_transfer NSString *)UTTypeCopyPreferredTagWithClass((__bridge CFStringRef)UTI, kUTTagClassMIMEType);
      |                                                                                                  ^
In file included from /Users/jonahmicahinguito/dev/rotaract-connect/node_modules/react-native/Libraries/Network/RCTFileRequestHandler.mm:12:
In file included from /Applications/Xcode.app/Contents/Developer/Platforms/iPhoneOS.platform/Developer/SDKs/iPhoneOS26.5.sdk/System/Library/Frameworks/MobileCoreServices.framework/Headers/MobileCoreServices.h:9:
In file included from /Applications/Xcode.app/Contents/Developer/Platforms/iPhoneOS.platform/Developer/SDKs/iPhoneOS26.5.sdk/System/Library/Frameworks/CoreServices.framework/Headers/CoreServices.h:10:
/Applications/Xcode.app/Contents/Developer/Platforms/iPhoneOS.platform/Developer/SDKs/iPhoneOS26.5.sdk/System/Library/Frameworks/CoreServices.framework/Headers/UTType.h:262:26: note: 'kUTTagClassMIMEType' has been explicitly marked deprecated here
  262 | extern const CFStringRef kUTTagClassMIMEType                         API_DEPRECATED("Use UTTagClassMIMEType instead.", ios(3.0, 15.0), macos(10.3, 12.0), tvos(9.0, 15.0), watchos(1.0, 8.0));
      |                          ^
/Users/jonahmicahinguito/dev/rotaract-connect/node_modules/react-native/Libraries/Network/RCTFileRequestHandler.mm:77:39: warning: 'UTTypeCopyPreferredTagWithClass' is deprecated: first deprecated in iOS 15.0 - Use the UTType class instead. [-Wdeprecated-declarations]
   77 |         (__bridge_transfer NSString *)UTTypeCopyPreferredTagWithClass((__bridge CFStringRef)UTI, kUTTagClassMIMEType);
      |                                       ^
In file included from /Users/jonahmicahinguito/dev/rotaract-connect/node_modules/react-native/Libraries/Network/RCTFileRequestHandler.mm:12:
In file included from /Applications/Xcode.app/Contents/Developer/Platforms/iPhoneOS.platform/Developer/SDKs/iPhoneOS26.5.sdk/System/Library/Frameworks/MobileCoreServices.framework/Headers/MobileCoreServices.h:9:
In file included from /Applications/Xcode.app/Contents/Developer/Platforms/iPhoneOS.platform/Developer/SDKs/iPhoneOS26.5.sdk/System/Library/Frameworks/CoreServices.framework/Headers/CoreServices.h:10:
/Applications/Xcode.app/Contents/Developer/Platforms/iPhoneOS.platform/Developer/SDKs/iPhoneOS26.5.sdk/System/Library/Frameworks/CoreServices.framework/Headers/UTType.h:395:1: note: 'UTTypeCopyPreferredTagWithClass' has been explicitly marked deprecated here
  395 | UTTypeCopyPreferredTagWithClass(
      | ^
4 warnings generated.

/Users/jonahmicahinguito/dev/rotaract-connect/node_modules/react-native/Libraries/Network/RCTFileRequestHandler.mm:75:9: 'kUTTagClassFilenameExtension' is deprecated: first deprecated in iOS 15.0 - Use UTTagClassFilenameExtension instead.

/Users/jonahmicahinguito/dev/rotaract-connect/node_modules/react-native/Libraries/Network/RCTFileRequestHandler.mm:74:51: 'UTTypeCreatePreferredIdentifierForTag' is deprecated: first deprecated in iOS 15.0 - Use the UTType class instead.

/Users/jonahmicahinguito/dev/rotaract-connect/node_modules/react-native/Libraries/Network/RCTFileRequestHandler.mm:77:98: 'kUTTagClassMIMEType' is deprecated: first deprecated in iOS 15.0 - Use UTTagClassMIMEType instead.

/Users/jonahmicahinguito/dev/rotaract-connect/node_modules/react-native/Libraries/Network/RCTFileRequestHandler.mm:77:39: 'UTTypeCopyPreferredTagWithClass' is deprecated: first deprecated in iOS 15.0 - Use the UTType class instead.


Build target React-RCTImage of project Pods with configuration Debug

CompileC /Users/jonahmicahinguito/Library/Developer/Xcode/DerivedData/rotaractconnect-cjwcbdlngckcsaantafkjnfzfbdk/Build/Intermediates.noindex/Pods.build/Debug-iphoneos/React-RCTImage.build/Objects-normal/arm64/RCTLocalAssetImageLoader.o /Users/jonahmicahinguito/dev/rotaract-connect/node_modules/react-native/Libraries/Image/RCTLocalAssetImageLoader.mm normal arm64 objective-c++ com.apple.compilers.llvm.clang.1_0.compiler (in target 'React-RCTImage' from project 'Pods')
    cd /Users/jonahmicahinguito/dev/rotaract-connect/ios/Pods
    
    Using response file: /Users/jonahmicahinguito/Library/Developer/Xcode/DerivedData/rotaractconnect-cjwcbdlngckcsaantafkjnfzfbdk/Build/Intermediates.noindex/Pods.build/Debug-iphoneos/React-RCTImage.build/Objects-normal/arm64/af3fcb34312c57c0f52879cdce924b91-common-args.resp
    
    /Applications/Xcode.app/Contents/Developer/Toolchains/XcodeDefault.xctoolchain/usr/bin/clang -x objective-c++ -ivfsstatcache /Users/jonahmicahinguito/Library/Developer/Xcode/DerivedData/SDKStatCaches.noindex/iphoneos26.5-23F81a-32daed1954a7d5dd0789fcaf2a9bb78b.sdkstatcache -target arm64-apple-ios15.1 -fmessage-length\=0 -fdiagnostics-show-note-include-stack -fmacro-backtrace-limit\=0 -fno-color-diagnostics -fmodules-prune-interval\=86400 -fmodules-prune-after\=345600 -fbuild-session-file\=/Users/jonahmicahinguito/Library/Developer/Xcode/DerivedData/ModuleCache.noindex/Session.modulevalidation -fmodules-validate-once-per-build-session -Wnon-modular-include-in-framework-module -Werror\=non-modular-include-in-framework-module -Wno-trigraphs -Wno-missing-field-initializers -Wno-missing-prototypes -Werror\=return-type -Wdocumentation -Wunreachable-code -Wno-implicit-atomic-properties -Werror\=deprecated-objc-isa-usage -Wno-objc-interface-ivars -Werror\=objc-root-class -Wno-arc-repeated-use-of-weak -Wimplicit-retain-self -Wno-non-virtual-dtor -Wno-overloaded-virtual -Wno-exit-time-destructors -Wduplicate-method-match -Wno-missing-braces -Wparentheses -Wswitch -Wunused-function -Wno-unused-label -Wno-unused-parameter -Wunused-variable -Wunused-value -Wempty-body -Wuninitialized -Wconditional-uninitialized -Wno-unknown-pragmas -Wno-shadow -Wno-four-char-constants -Wno-conversion -Wconstant-conversion -Wint-conversion -Wbool-conversion -Wenum-conversion -Wno-float-conversion -Wnon-literal-null-conversion -Wobjc-literal-conversion -Wshorten-64-to-32 -Wno-newline-eof -Wno-selector -Wno-strict-selector-match -Wundeclared-selector -Wdeprecated-implementations -Wno-c++11-extensions -Wno-implicit-fallthrough -isysroot /Applications/Xcode.app/Contents/Developer/Platforms/iPhoneOS.platform/Developer/SDKs/iPhoneOS26.5.sdk -fstrict-aliasing -Wprotocol -Wdeprecated-declarations -Winvalid-offsetof -Wno-sign-conversion -Winfinite-recursion -Wmove -Wcomma -Wblock-capture-autoreleasing -Wstrict-prototypes -Wrange-loop-analysis -Wno-semicolon-before-method-body -Wunguarded-availability -index-store-path /Users/jonahmicahinguito/Library/Developer/Xcode/DerivedData/rotaractconnect-cjwcbdlngckcsaantafkjnfzfbdk/Index.noindex/DataStore @/Users/jonahmicahinguito/Library/Developer/Xcode/DerivedData/rotaractconnect-cjwcbdlngckcsaantafkjnfzfbdk/Build/Intermediates.noindex/Pods.build/Debug-iphoneos/React-RCTImage.build/Objects-normal/arm64/af3fcb34312c57c0f52879cdce924b91-common-args.resp -Wno-nullability-completeness -include /Users/jonahmicahinguito/dev/rotaract-connect/ios/Pods/Target\ Support\ Files/React-RCTImage/React-RCTImage-prefix.pch -MMD -MT dependencies -MF /Users/jonahmicahinguito/Library/Developer/Xcode/DerivedData/rotaractconnect-cjwcbdlngckcsaantafkjnfzfbdk/Build/Intermediates.noindex/Pods.build/Debug-iphoneos/React-RCTImage.build/Objects-normal/arm64/RCTLocalAssetImageLoader.d --serialize-diagnostics /Users/jonahmicahinguito/Library/Developer/Xcode/DerivedData/rotaractconnect-cjwcbdlngckcsaantafkjnfzfbdk/Build/Intermediates.noindex/Pods.build/Debug-iphoneos/React-RCTImage.build/Objects-normal/arm64/RCTLocalAssetImageLoader.dia -c /Users/jonahmicahinguito/dev/rotaract-connect/node_modules/react-native/Libraries/Image/RCTLocalAssetImageLoader.mm -o /Users/jonahmicahinguito/Library/Developer/Xcode/DerivedData/rotaractconnect-cjwcbdlngckcsaantafkjnfzfbdk/Build/Intermediates.noindex/Pods.build/Debug-iphoneos/React-RCTImage.build/Objects-normal/arm64/RCTLocalAssetImageLoader.o -index-unit-output-path /Pods.build/Debug-iphoneos/React-RCTImage.build/Objects-normal/arm64/RCTLocalAssetImageLoader.o

/Users/jonahmicahinguito/dev/rotaract-connect/node_modules/react-native/Libraries/Image/RCTLocalAssetImageLoader.mm:21:17: warning: implementing deprecated class [-Wdeprecated-implementations]
   21 | @implementation RCTLocalAssetImageLoader
      |                 ^
In file included from /Users/jonahmicahinguito/dev/rotaract-connect/node_modules/react-native/Libraries/Image/RCTLocalAssetImageLoader.mm:8:
/Users/jonahmicahinguito/dev/rotaract-connect/ios/Pods/Headers/Public/React-Core/React/RCTLocalAssetImageLoader.h:10:70: note: class declared here
   10 | __deprecated_msg("Use RCTBundleAssetImageLoader instead") @interface RCTLocalAssetImageLoader
      |                                                                      ^
/Users/jonahmicahinguito/dev/rotaract-connect/node_modules/react-native/Libraries/Image/RCTLocalAssetImageLoader.mm:82:10: warning: 'RCTLocalAssetImageLoader' is deprecated: Use RCTBundleAssetImageLoader instead [-Wdeprecated-declarations]
   82 |   return RCTLocalAssetImageLoader.class;
      |          ^
In file included from /Users/jonahmicahinguito/dev/rotaract-connect/node_modules/react-native/Libraries/Image/RCTLocalAssetImageLoader.mm:8:
/Users/jonahmicahinguito/dev/rotaract-connect/ios/Pods/Headers/Public/React-Core/React/RCTLocalAssetImageLoader.h:10:1: note: 'RCTLocalAssetImageLoader' has been explicitly marked deprecated here
   10 | __deprecated_msg("Use RCTBundleAssetImageLoader instead") @interface RCTLocalAssetImageLoader
      | ^
In file included from <built-in>:1:
In file included from /Users/jonahmicahinguito/dev/rotaract-connect/ios/Pods/Target Support Files/React-RCTImage/React-RCTImage-prefix.pch:2:
In file included from /Applications/Xcode.app/Contents/Developer/Platforms/iPhoneOS.platform/Developer/SDKs/iPhoneOS26.5.sdk/System/Library/Frameworks/UIKit.framework/Headers/UIKit.h:8:
In file included from /Applications/Xcode.app/Contents/Developer/Platforms/iPhoneOS.platform/Developer/SDKs/iPhoneOS26.5.sdk/System/Library/Frameworks/Foundation.framework/Headers/Foundation.h:6:
In file included from /Applications/Xcode.app/Contents/Developer/Platforms/iPhoneOS.platform/Developer/SDKs/iPhoneOS26.5.sdk/System/Library/Frameworks/CoreFoundation.framework/Headers/CoreFoundation.h:18:
In file included from /Applications/Xcode.app/Contents/Developer/Platforms/iPhoneOS.platform/Developer/SDKs/iPhoneOS26.5.sdk/usr/include/sys/types.h:75:
/Applications/Xcode.app/Contents/Developer/Platforms/iPhoneOS.platform/Developer/SDKs/iPhoneOS26.5.sdk/usr/include/sys/cdefs.h:227:48: note: expanded from macro '__deprecated_msg'
  227 |         #define __deprecated_msg(_msg) __attribute__((__deprecated__(_msg)))
      |                                                       ^
2 warnings generated.

/Users/jonahmicahinguito/dev/rotaract-connect/node_modules/react-native/Libraries/Image/RCTLocalAssetImageLoader.mm:21:17: Implementing deprecated class

/Users/jonahmicahinguito/dev/rotaract-connect/node_modules/react-native/Libraries/Image/RCTLocalAssetImageLoader.mm:82:10: 'RCTLocalAssetImageLoader' is deprecated: Use RCTBundleAssetImageLoader instead

CompileC /Users/jonahmicahinguito/Library/Developer/Xcode/DerivedData/rotaractconnect-cjwcbdlngckcsaantafkjnfzfbdk/Build/Intermediates.noindex/Pods.build/Debug-iphoneos/React-RCTImage.build/Objects-normal/arm64/RCTImageUtils.o /Users/jonahmicahinguito/dev/rotaract-connect/node_modules/react-native/Libraries/Image/RCTImageUtils.mm normal arm64 objective-c++ com.apple.compilers.llvm.clang.1_0.compiler (in target 'React-RCTImage' from project 'Pods')
    cd /Users/jonahmicahinguito/dev/rotaract-connect/ios/Pods
    
    Using response file: /Users/jonahmicahinguito/Library/Developer/Xcode/DerivedData/rotaractconnect-cjwcbdlngckcsaantafkjnfzfbdk/Build/Intermediates.noindex/Pods.build/Debug-iphoneos/React-RCTImage.build/Objects-normal/arm64/af3fcb34312c57c0f52879cdce924b91-common-args.resp
    
    /Applications/Xcode.app/Contents/Developer/Toolchains/XcodeDefault.xctoolchain/usr/bin/clang -x objective-c++ -ivfsstatcache /Users/jonahmicahinguito/Library/Developer/Xcode/DerivedData/SDKStatCaches.noindex/iphoneos26.5-23F81a-32daed1954a7d5dd0789fcaf2a9bb78b.sdkstatcache -target arm64-apple-ios15.1 -fmessage-length\=0 -fdiagnostics-show-note-include-stack -fmacro-backtrace-limit\=0 -fno-color-diagnostics -fmodules-prune-interval\=86400 -fmodules-prune-after\=345600 -fbuild-session-file\=/Users/jonahmicahinguito/Library/Developer/Xcode/DerivedData/ModuleCache.noindex/Session.modulevalidation -fmodules-validate-once-per-build-session -Wnon-modular-include-in-framework-module -Werror\=non-modular-include-in-framework-module -Wno-trigraphs -Wno-missing-field-initializers -Wno-missing-prototypes -Werror\=return-type -Wdocumentation -Wunreachable-code -Wno-implicit-atomic-properties -Werror\=deprecated-objc-isa-usage -Wno-objc-interface-ivars -Werror\=objc-root-class -Wno-arc-repeated-use-of-weak -Wimplicit-retain-self -Wno-non-virtual-dtor -Wno-overloaded-virtual -Wno-exit-time-destructors -Wduplicate-method-match -Wno-missing-braces -Wparentheses -Wswitch -Wunused-function -Wno-unused-label -Wno-unused-parameter -Wunused-variable -Wunused-value -Wempty-body -Wuninitialized -Wconditional-uninitialized -Wno-unknown-pragmas -Wno-shadow -Wno-four-char-constants -Wno-conversion -Wconstant-conversion -Wint-conversion -Wbool-conversion -Wenum-conversion -Wno-float-conversion -Wnon-literal-null-conversion -Wobjc-literal-conversion -Wshorten-64-to-32 -Wno-newline-eof -Wno-selector -Wno-strict-selector-match -Wundeclared-selector -Wdeprecated-implementations -Wno-c++11-extensions -Wno-implicit-fallthrough -isysroot /Applications/Xcode.app/Contents/Developer/Platforms/iPhoneOS.platform/Developer/SDKs/iPhoneOS26.5.sdk -fstrict-aliasing -Wprotocol -Wdeprecated-declarations -Winvalid-offsetof -Wno-sign-conversion -Winfinite-recursion -Wmove -Wcomma -Wblock-capture-autoreleasing -Wstrict-prototypes -Wrange-loop-analysis -Wno-semicolon-before-method-body -Wunguarded-availability -index-store-path /Users/jonahmicahinguito/Library/Developer/Xcode/DerivedData/rotaractconnect-cjwcbdlngckcsaantafkjnfzfbdk/Index.noindex/DataStore @/Users/jonahmicahinguito/Library/Developer/Xcode/DerivedData/rotaractconnect-cjwcbdlngckcsaantafkjnfzfbdk/Build/Intermediates.noindex/Pods.build/Debug-iphoneos/React-RCTImage.build/Objects-normal/arm64/af3fcb34312c57c0f52879cdce924b91-common-args.resp -Wno-nullability-completeness -include /Users/jonahmicahinguito/dev/rotaract-connect/ios/Pods/Target\ Support\ Files/React-RCTImage/React-RCTImage-prefix.pch -MMD -MT dependencies -MF /Users/jonahmicahinguito/Library/Developer/Xcode/DerivedData/rotaractconnect-cjwcbdlngckcsaantafkjnfzfbdk/Build/Intermediates.noindex/Pods.build/Debug-iphoneos/React-RCTImage.build/Objects-normal/arm64/RCTImageUtils.d --serialize-diagnostics /Users/jonahmicahinguito/Library/Developer/Xcode/DerivedData/rotaractconnect-cjwcbdlngckcsaantafkjnfzfbdk/Build/Intermediates.noindex/Pods.build/Debug-iphoneos/React-RCTImage.build/Objects-normal/arm64/RCTImageUtils.dia -c /Users/jonahmicahinguito/dev/rotaract-connect/node_modules/react-native/Libraries/Image/RCTImageUtils.mm -o /Users/jonahmicahinguito/Library/Developer/Xcode/DerivedData/rotaractconnect-cjwcbdlngckcsaantafkjnfzfbdk/Build/Intermediates.noindex/Pods.build/Debug-iphoneos/React-RCTImage.build/Objects-normal/arm64/RCTImageUtils.o -index-unit-output-path /Pods.build/Debug-iphoneos/React-RCTImage.build/Objects-normal/arm64/RCTImageUtils.o

/Users/jonahmicahinguito/dev/rotaract-connect/node_modules/react-native/Libraries/Image/RCTImageUtils.mm:389:63: warning: 'kUTTypePNG' is deprecated: first deprecated in iOS 15.0 - Use UTTypePNG or UTType.png (swift) instead. [-Wdeprecated-declarations]
  389 |     destination = CGImageDestinationCreateWithData(imageData, kUTTypePNG, 1, NULL);
      |                                                               ^
In file included from /Users/jonahmicahinguito/dev/rotaract-connect/node_modules/react-native/Libraries/Image/RCTImageUtils.mm:13:
In file included from /Applications/Xcode.app/Contents/Developer/Platforms/iPhoneOS.platform/Developer/SDKs/iPhoneOS26.5.sdk/System/Library/Frameworks/MobileCoreServices.framework/Headers/UTCoreTypes.h:16:
/Applications/Xcode.app/Contents/Developer/Platforms/iPhoneOS.platform/Developer/SDKs/iPhoneOS26.5.sdk/System/Library/Frameworks/CoreServices.framework/Headers/UTCoreTypes.h:730:26: note: 'kUTTypePNG' has been explicitly marked deprecated here
  730 | extern const CFStringRef kUTTypePNG                                  API_DEPRECATED("Use UTTypePNG or UTType.png (swift) instead.", ios(3.0, 15.0), macos(10.4, 12.0), tvos(9.0, 15.0), watchos(1.0, 8.0));
      |                          ^
/Users/jonahmicahinguito/dev/rotaract-connect/node_modules/react-native/Libraries/Image/RCTImageUtils.mm:392:63: warning: 'kUTTypeJPEG' is deprecated: first deprecated in iOS 15.0 - Use UTTypeJPEG or UTType.jpeg (swift) instead. [-Wdeprecated-declarations]
  392 |     destination = CGImageDestinationCreateWithData(imageData, kUTTypeJPEG, 1, NULL);
      |                                                               ^
In file included from /Users/jonahmicahinguito/dev/rotaract-connect/node_modules/react-native/Libraries/Image/RCTImageUtils.mm:13:
In file included from /Applications/Xcode.app/Contents/Developer/Platforms/iPhoneOS.platform/Developer/SDKs/iPhoneOS26.5.sdk/System/Library/Frameworks/MobileCoreServices.framework/Headers/UTCoreTypes.h:16:
/Applications/Xcode.app/Contents/Developer/Platforms/iPhoneOS.platform/Developer/SDKs/iPhoneOS26.5.sdk/System/Library/Frameworks/CoreServices.framework/Headers/UTCoreTypes.h:726:26: note: 'kUTTypeJPEG' has been explicitly marked deprecated here
  726 | extern const CFStringRef kUTTypeJPEG                                 API_DEPRECATED("Use UTTypeJPEG or UTType.jpeg (swift) instead.", ios(3.0, 15.0), macos(10.4, 12.0), tvos(9.0, 15.0), watchos(1.0, 8.0));
      |                          ^
2 warnings generated.

/Users/jonahmicahinguito/dev/rotaract-connect/node_modules/react-native/Libraries/Image/RCTImageUtils.mm:389:63: 'kUTTypePNG' is deprecated: first deprecated in iOS 15.0 - Use UTTypePNG or UTType.png (swift) instead.

/Users/jonahmicahinguito/dev/rotaract-connect/node_modules/react-native/Libraries/Image/RCTImageUtils.mm:392:63: 'kUTTypeJPEG' is deprecated: first deprecated in iOS 15.0 - Use UTTypeJPEG or UTType.jpeg (swift) instead.

CompileC /Users/jonahmicahinguito/Library/Developer/Xcode/DerivedData/rotaractconnect-cjwcbdlngckcsaantafkjnfzfbdk/Build/Intermediates.noindex/Pods.build/Debug-iphoneos/React-RCTImage.build/Objects-normal/arm64/RCTImageStoreManager.o /Users/jonahmicahinguito/dev/rotaract-connect/node_modules/react-native/Libraries/Image/RCTImageStoreManager.mm normal arm64 objective-c++ com.apple.compilers.llvm.clang.1_0.compiler (in target 'React-RCTImage' from project 'Pods')
    cd /Users/jonahmicahinguito/dev/rotaract-connect/ios/Pods
    
    Using response file: /Users/jonahmicahinguito/Library/Developer/Xcode/DerivedData/rotaractconnect-cjwcbdlngckcsaantafkjnfzfbdk/Build/Intermediates.noindex/Pods.build/Debug-iphoneos/React-RCTImage.build/Objects-normal/arm64/af3fcb34312c57c0f52879cdce924b91-common-args.resp
    
    /Applications/Xcode.app/Contents/Developer/Toolchains/XcodeDefault.xctoolchain/usr/bin/clang -x objective-c++ -ivfsstatcache /Users/jonahmicahinguito/Library/Developer/Xcode/DerivedData/SDKStatCaches.noindex/iphoneos26.5-23F81a-32daed1954a7d5dd0789fcaf2a9bb78b.sdkstatcache -target arm64-apple-ios15.1 -fmessage-length\=0 -fdiagnostics-show-note-include-stack -fmacro-backtrace-limit\=0 -fno-color-diagnostics -fmodules-prune-interval\=86400 -fmodules-prune-after\=345600 -fbuild-session-file\=/Users/jonahmicahinguito/Library/Developer/Xcode/DerivedData/ModuleCache.noindex/Session.modulevalidation -fmodules-validate-once-per-build-session -Wnon-modular-include-in-framework-module -Werror\=non-modular-include-in-framework-module -Wno-trigraphs -Wno-missing-field-initializers -Wno-missing-prototypes -Werror\=return-type -Wdocumentation -Wunreachable-code -Wno-implicit-atomic-properties -Werror\=deprecated-objc-isa-usage -Wno-objc-interface-ivars -Werror\=objc-root-class -Wno-arc-repeated-use-of-weak -Wimplicit-retain-self -Wno-non-virtual-dtor -Wno-overloaded-virtual -Wno-exit-time-destructors -Wduplicate-method-match -Wno-missing-braces -Wparentheses -Wswitch -Wunused-function -Wno-unused-label -Wno-unused-parameter -Wunused-variable -Wunused-value -Wempty-body -Wuninitialized -Wconditional-uninitialized -Wno-unknown-pragmas -Wno-shadow -Wno-four-char-constants -Wno-conversion -Wconstant-conversion -Wint-conversion -Wbool-conversion -Wenum-conversion -Wno-float-conversion -Wnon-literal-null-conversion -Wobjc-literal-conversion -Wshorten-64-to-32 -Wno-newline-eof -Wno-selector -Wno-strict-selector-match -Wundeclared-selector -Wdeprecated-implementations -Wno-c++11-extensions -Wno-implicit-fallthrough -isysroot /Applications/Xcode.app/Contents/Developer/Platforms/iPhoneOS.platform/Developer/SDKs/iPhoneOS26.5.sdk -fstrict-aliasing -Wprotocol -Wdeprecated-declarations -Winvalid-offsetof -Wno-sign-conversion -Winfinite-recursion -Wmove -Wcomma -Wblock-capture-autoreleasing -Wstrict-prototypes -Wrange-loop-analysis -Wno-semicolon-before-method-body -Wunguarded-availability -index-store-path /Users/jonahmicahinguito/Library/Developer/Xcode/DerivedData/rotaractconnect-cjwcbdlngckcsaantafkjnfzfbdk/Index.noindex/DataStore @/Users/jonahmicahinguito/Library/Developer/Xcode/DerivedData/rotaractconnect-cjwcbdlngckcsaantafkjnfzfbdk/Build/Intermediates.noindex/Pods.build/Debug-iphoneos/React-RCTImage.build/Objects-normal/arm64/af3fcb34312c57c0f52879cdce924b91-common-args.resp -Wno-nullability-completeness -include /Users/jonahmicahinguito/dev/rotaract-connect/ios/Pods/Target\ Support\ Files/React-RCTImage/React-RCTImage-prefix.pch -MMD -MT dependencies -MF /Users/jonahmicahinguito/Library/Developer/Xcode/DerivedData/rotaractconnect-cjwcbdlngckcsaantafkjnfzfbdk/Build/Intermediates.noindex/Pods.build/Debug-iphoneos/React-RCTImage.build/Objects-normal/arm64/RCTImageStoreManager.d --serialize-diagnostics /Users/jonahmicahinguito/Library/Developer/Xcode/DerivedData/rotaractconnect-cjwcbdlngckcsaantafkjnfzfbdk/Build/Intermediates.noindex/Pods.build/Debug-iphoneos/React-RCTImage.build/Objects-normal/arm64/RCTImageStoreManager.dia -c /Users/jonahmicahinguito/dev/rotaract-connect/node_modules/react-native/Libraries/Image/RCTImageStoreManager.mm -o /Users/jonahmicahinguito/Library/Developer/Xcode/DerivedData/rotaractconnect-cjwcbdlngckcsaantafkjnfzfbdk/Build/Intermediates.noindex/Pods.build/Debug-iphoneos/React-RCTImage.build/Objects-normal/arm64/RCTImageStoreManager.o -index-unit-output-path /Pods.build/Debug-iphoneos/React-RCTImage.build/Objects-normal/arm64/RCTImageStoreManager.o

/Users/jonahmicahinguito/dev/rotaract-connect/node_modules/react-native/Libraries/Image/RCTImageStoreManager.mm:181:93: warning: 'kUTTagClassMIMEType' is deprecated: first deprecated in iOS 15.0 - Use UTTagClassMIMEType instead. [-Wdeprecated-declarations]
  181 |     NSString *MIMEType = (__bridge_transfer NSString *)UTTypeCopyPreferredTagWithClass(UTI, kUTTagClassMIMEType);
      |                                                                                             ^
In file included from /Users/jonahmicahinguito/dev/rotaract-connect/node_modules/react-native/Libraries/Image/RCTImageStoreManager.mm:15:
In file included from /Applications/Xcode.app/Contents/Developer/Platforms/iPhoneOS.platform/Developer/SDKs/iPhoneOS26.5.sdk/System/Library/Frameworks/MobileCoreServices.framework/Headers/UTType.h:16:
/Applications/Xcode.app/Contents/Developer/Platforms/iPhoneOS.platform/Developer/SDKs/iPhoneOS26.5.sdk/System/Library/Frameworks/CoreServices.framework/Headers/UTType.h:262:26: note: 'kUTTagClassMIMEType' has been explicitly marked deprecated here
  262 | extern const CFStringRef kUTTagClassMIMEType                         API_DEPRECATED("Use UTTagClassMIMEType instead.", ios(3.0, 15.0), macos(10.3, 12.0), tvos(9.0, 15.0), watchos(1.0, 8.0));
      |                          ^
/Users/jonahmicahinguito/dev/rotaract-connect/node_modules/react-native/Libraries/Image/RCTImageStoreManager.mm:181:56: warning: 'UTTypeCopyPreferredTagWithClass' is deprecated: first deprecated in iOS 15.0 - Use the UTType class instead. [-Wdeprecated-declarations]
  181 |     NSString *MIMEType = (__bridge_transfer NSString *)UTTypeCopyPreferredTagWithClass(UTI, kUTTagClassMIMEType);
      |                                                        ^
In file included from /Users/jonahmicahinguito/dev/rotaract-connect/node_modules/react-native/Libraries/Image/RCTImageStoreManager.mm:15:
In file included from /Applications/Xcode.app/Contents/Developer/Platforms/iPhoneOS.platform/Developer/SDKs/iPhoneOS26.5.sdk/System/Library/Frameworks/MobileCoreServices.framework/Headers/UTType.h:16:
/Applications/Xcode.app/Contents/Developer/Platforms/iPhoneOS.platform/Developer/SDKs/iPhoneOS26.5.sdk/System/Library/Frameworks/CoreServices.framework/Headers/UTType.h:395:1: note: 'UTTypeCopyPreferredTagWithClass' has been explicitly marked deprecated here
  395 | UTTypeCopyPreferredTagWithClass(
      | ^
2 warnings generated.

/Users/jonahmicahinguito/dev/rotaract-connect/node_modules/react-native/Libraries/Image/RCTImageStoreManager.mm:181:93: 'kUTTagClassMIMEType' is deprecated: first deprecated in iOS 15.0 - Use UTTagClassMIMEType instead.

/Users/jonahmicahinguito/dev/rotaract-connect/node_modules/react-native/Libraries/Image/RCTImageStoreManager.mm:181:56: 'UTTypeCopyPreferredTagWithClass' is deprecated: first deprecated in iOS 15.0 - Use the UTType class instead.

CompileC /Users/jonahmicahinguito/Library/Developer/Xcode/DerivedData/rotaractconnect-cjwcbdlngckcsaantafkjnfzfbdk/Build/Intermediates.noindex/Pods.build/Debug-iphoneos/React-RCTImage.build/Objects-normal/arm64/RCTImageLoader.o /Users/jonahmicahinguito/dev/rotaract-connect/node_modules/react-native/Libraries/Image/RCTImageLoader.mm normal arm64 objective-c++ com.apple.compilers.llvm.clang.1_0.compiler (in target 'React-RCTImage' from project 'Pods')
    cd /Users/jonahmicahinguito/dev/rotaract-connect/ios/Pods
    
    Using response file: /Users/jonahmicahinguito/Library/Developer/Xcode/DerivedData/rotaractconnect-cjwcbdlngckcsaantafkjnfzfbdk/Build/Intermediates.noindex/Pods.build/Debug-iphoneos/React-RCTImage.build/Objects-normal/arm64/af3fcb34312c57c0f52879cdce924b91-common-args.resp
    
    /Applications/Xcode.app/Contents/Developer/Toolchains/XcodeDefault.xctoolchain/usr/bin/clang -x objective-c++ -ivfsstatcache /Users/jonahmicahinguito/Library/Developer/Xcode/DerivedData/SDKStatCaches.noindex/iphoneos26.5-23F81a-32daed1954a7d5dd0789fcaf2a9bb78b.sdkstatcache -target arm64-apple-ios15.1 -fmessage-length\=0 -fdiagnostics-show-note-include-stack -fmacro-backtrace-limit\=0 -fno-color-diagnostics -fmodules-prune-interval\=86400 -fmodules-prune-after\=345600 -fbuild-session-file\=/Users/jonahmicahinguito/Library/Developer/Xcode/DerivedData/ModuleCache.noindex/Session.modulevalidation -fmodules-validate-once-per-build-session -Wnon-modular-include-in-framework-module -Werror\=non-modular-include-in-framework-module -Wno-trigraphs -Wno-missing-field-initializers -Wno-missing-prototypes -Werror\=return-type -Wdocumentation -Wunreachable-code -Wno-implicit-atomic-properties -Werror\=deprecated-objc-isa-usage -Wno-objc-interface-ivars -Werror\=objc-root-class -Wno-arc-repeated-use-of-weak -Wimplicit-retain-self -Wno-non-virtual-dtor -Wno-overloaded-virtual -Wno-exit-time-destructors -Wduplicate-method-match -Wno-missing-braces -Wparentheses -Wswitch -Wunused-function -Wno-unused-label -Wno-unused-parameter -Wunused-variable -Wunused-value -Wempty-body -Wuninitialized -Wconditional-uninitialized -Wno-unknown-pragmas -Wno-shadow -Wno-four-char-constants -Wno-conversion -Wconstant-conversion -Wint-conversion -Wbool-conversion -Wenum-conversion -Wno-float-conversion -Wnon-literal-null-conversion -Wobjc-literal-conversion -Wshorten-64-to-32 -Wno-newline-eof -Wno-selector -Wno-strict-selector-match -Wundeclared-selector -Wdeprecated-implementations -Wno-c++11-extensions -Wno-implicit-fallthrough -isysroot /Applications/Xcode.app/Contents/Developer/Platforms/iPhoneOS.platform/Developer/SDKs/iPhoneOS26.5.sdk -fstrict-aliasing -Wprotocol -Wdeprecated-declarations -Winvalid-offsetof -Wno-sign-conversion -Winfinite-recursion -Wmove -Wcomma -Wblock-capture-autoreleasing -Wstrict-prototypes -Wrange-loop-analysis -Wno-semicolon-before-method-body -Wunguarded-availability -index-store-path /Users/jonahmicahinguito/Library/Developer/Xcode/DerivedData/rotaractconnect-cjwcbdlngckcsaantafkjnfzfbdk/Index.noindex/DataStore @/Users/jonahmicahinguito/Library/Developer/Xcode/DerivedData/rotaractconnect-cjwcbdlngckcsaantafkjnfzfbdk/Build/Intermediates.noindex/Pods.build/Debug-iphoneos/React-RCTImage.build/Objects-normal/arm64/af3fcb34312c57c0f52879cdce924b91-common-args.resp -Wno-nullability-completeness -include /Users/jonahmicahinguito/dev/rotaract-connect/ios/Pods/Target\ Support\ Files/React-RCTImage/React-RCTImage-prefix.pch -MMD -MT dependencies -MF /Users/jonahmicahinguito/Library/Developer/Xcode/DerivedData/rotaractconnect-cjwcbdlngckcsaantafkjnfzfbdk/Build/Intermediates.noindex/Pods.build/Debug-iphoneos/React-RCTImage.build/Objects-normal/arm64/RCTImageLoader.d --serialize-diagnostics /Users/jonahmicahinguito/Library/Developer/Xcode/DerivedData/rotaractconnect-cjwcbdlngckcsaantafkjnfzfbdk/Build/Intermediates.noindex/Pods.build/Debug-iphoneos/React-RCTImage.build/Objects-normal/arm64/RCTImageLoader.dia -c /Users/jonahmicahinguito/dev/rotaract-connect/node_modules/react-native/Libraries/Image/RCTImageLoader.mm -o /Users/jonahmicahinguito/Library/Developer/Xcode/DerivedData/rotaractconnect-cjwcbdlngckcsaantafkjnfzfbdk/Build/Intermediates.noindex/Pods.build/Debug-iphoneos/React-RCTImage.build/Objects-normal/arm64/RCTImageLoader.o -index-unit-output-path /Pods.build/Debug-iphoneos/React-RCTImage.build/Objects-normal/arm64/RCTImageLoader.o

/Users/jonahmicahinguito/dev/rotaract-connect/node_modules/react-native/Libraries/Image/RCTImageLoader.mm:41:58: warning: implicit conversion loses integer precision: 'NSInteger' (aka 'long') to 'int' [-Wshorten-64-to-32]
   41 |   _userInfo[@"httpStatusCode"] = [NSNumber numberWithInt:response.statusCode];
      |                                  ~                       ^~~~~~~~~~~~~~~~~~~
/Users/jonahmicahinguito/dev/rotaract-connect/node_modules/react-native/Libraries/Image/RCTImageLoader.mm:1273:53: warning: null passed to a callee that requires a non-null argument [-Wnonnull]
 1273 |   [self prefetchImageWithMetadata:uri queryRootName:nil rootTag:0 resolve:resolve reject:reject];
      |                                                     ^~~
In file included from <built-in>:1:
In file included from /Users/jonahmicahinguito/dev/rotaract-connect/ios/Pods/Target Support Files/React-RCTImage/React-RCTImage-prefix.pch:2:
In file included from /Applications/Xcode.app/Contents/Developer/Platforms/iPhoneOS.platform/Developer/SDKs/iPhoneOS26.5.sdk/System/Library/Frameworks/UIKit.framework/Headers/UIKit.h:8:
In file included from /Applications/Xcode.app/Contents/Developer/Platforms/iPhoneOS.platform/Developer/SDKs/iPhoneOS26.5.sdk/System/Library/Frameworks/Foundation.framework/Headers/Foundation.h:6:
In file included from /Applications/Xcode.app/Contents/Developer/Platforms/iPhoneOS.platform/Developer/SDKs/iPhoneOS26.5.sdk/System/Library/Frameworks/CoreFoundation.framework/Headers/CoreFoundation.h:54:
In file included from /Applications/Xcode.app/Contents/Developer/Platforms/iPhoneOS.platform/Developer/SDKs/iPhoneOS26.5.sdk/System/Library/Frameworks/CoreFoundation.framework/Headers/CFBase.h:80:
/Applications/Xcode.app/Contents/Developer/Platforms/iPhoneOS.platform/Developer/SDKs/iPhoneOS26.5.sdk/usr/include/MacTypes.h:94:19: note: expanded from macro 'nil'
   94 |       #define nil nullptr
      |                   ^~~~~~~
/Users/jonahmicahinguito/dev/rotaract-connect/node_modules/react-native/Libraries/Image/RCTImageLoader.mm:1289:50: warning: ISO C++ requires field designators to be specified in declaration order; field 'queryRootName' will be initialized after field 'surfaceId' [-Wreorder-init-list]
 1289 |                                     .surfaceId = (int)rootTag,
      |                                     ~~~~~~~~~~~~~^~~~~~~~~~~~
/Users/jonahmicahinguito/dev/rotaract-connect/node_modules/react-native/Libraries/Image/RCTImageLoader.mm:1288:54: note: previous initialization for field 'queryRootName' is here
 1288 |                                     .queryRootName = queryRootName ? [queryRootName UTF8String] : "",
      |                                                      ^~~~~~~~~~~~~~~~~~~~~~~~~~~~~~~~~~~~~~~~~~~~~~~
3 warnings generated.

/Users/jonahmicahinguito/dev/rotaract-connect/node_modules/react-native/Libraries/Image/RCTImageLoader.mm:41:58: Implicit conversion loses integer precision: 'NSInteger' (aka 'long') to 'int'

/Users/jonahmicahinguito/dev/rotaract-connect/node_modules/react-native/Libraries/Image/RCTImageLoader.mm:1273:53: Null passed to a callee that requires a non-null argument

/Users/jonahmicahinguito/dev/rotaract-connect/node_modules/react-native/Libraries/Image/RCTImageLoader.mm:1289:50: ISO C++ requires field designators to be specified in declaration order; field 'queryRootName' will be initialized after field 'surfaceId'

Libtool /Users/jonahmicahinguito/Library/Developer/Xcode/DerivedData/rotaractconnect-cjwcbdlngckcsaantafkjnfzfbdk/Build/Products/Debug-iphoneos/React-RCTImage/libReact-RCTImage.a normal (in target 'React-RCTImage' from project 'Pods')
    cd /Users/jonahmicahinguito/dev/rotaract-connect/ios/Pods
    /Applications/Xcode.app/Contents/Developer/Toolchains/XcodeDefault.xctoolchain/usr/bin/libtool -static -arch_only arm64 -D -syslibroot /Applications/Xcode.app/Contents/Developer/Platforms/iPhoneOS.platform/Developer/SDKs/iPhoneOS26.5.sdk -L/Users/jonahmicahinguito/Library/Developer/Xcode/DerivedData/rotaractconnect-cjwcbdlngckcsaantafkjnfzfbdk/Build/Products/Debug-iphoneos/React-RCTImage -filelist /Users/jonahmicahinguito/Library/Developer/Xcode/DerivedData/rotaractconnect-cjwcbdlngckcsaantafkjnfzfbdk/Build/Intermediates.noindex/Pods.build/Debug-iphoneos/React-RCTImage.build/Objects-normal/arm64/React-RCTImage.LinkFileList -dependency_info /Users/jonahmicahinguito/Library/Developer/Xcode/DerivedData/rotaractconnect-cjwcbdlngckcsaantafkjnfzfbdk/Build/Intermediates.noindex/Pods.build/Debug-iphoneos/React-RCTImage.build/Objects-normal/arm64/React-RCTImage_libtool_dependency_info.dat -o /Users/jonahmicahinguito/Library/Developer/Xcode/DerivedData/rotaractconnect-cjwcbdlngckcsaantafkjnfzfbdk/Build/Products/Debug-iphoneos/React-RCTImage/libReact-RCTImage.a

libtool: warning: 'RCTImageShadowView.o' has no symbols
libtool: warning: 'RCTImageView.o' has no symbols
libtool: warning: 'RCTImageViewManager.o' has no symbols

'RCTImageShadowView.o' has no symbols

'RCTImageView.o' has no symbols

'RCTImageViewManager.o' has no symbols


Build target React-RCTFabric of project Pods with configuration Debug

CompileC /Users/jonahmicahinguito/Library/Developer/Xcode/DerivedData/rotaractconnect-cjwcbdlngckcsaantafkjnfzfbdk/Build/Intermediates.noindex/Pods.build/Debug-iphoneos/React-RCTFabric.build/Objects-normal/arm64/RCTVirtualViewContainerState.o /Users/jonahmicahinguito/dev/rotaract-connect/node_modules/react-native/React/Fabric/Mounting/ComponentViews/ScrollView/RCTVirtualViewContainerState.mm normal arm64 objective-c++ com.apple.compilers.llvm.clang.1_0.compiler (in target 'React-RCTFabric' from project 'Pods')
    cd /Users/jonahmicahinguito/dev/rotaract-connect/ios/Pods
    
    Using response file: /Users/jonahmicahinguito/Library/Developer/Xcode/DerivedData/rotaractconnect-cjwcbdlngckcsaantafkjnfzfbdk/Build/Intermediates.noindex/Pods.build/Debug-iphoneos/React-RCTFabric.build/Objects-normal/arm64/af3fcb34312c57c0f52879cdce924b91-common-args.resp
    
    /Applications/Xcode.app/Contents/Developer/Toolchains/XcodeDefault.xctoolchain/usr/bin/clang -x objective-c++ -ivfsstatcache /Users/jonahmicahinguito/Library/Developer/Xcode/DerivedData/SDKStatCaches.noindex/iphoneos26.5-23F81a-32daed1954a7d5dd0789fcaf2a9bb78b.sdkstatcache -target arm64-apple-ios15.1 -fmessage-length\=0 -fdiagnostics-show-note-include-stack -fmacro-backtrace-limit\=0 -fno-color-diagnostics -fmodules-prune-interval\=86400 -fmodules-prune-after\=345600 -fbuild-session-file\=/Users/jonahmicahinguito/Library/Developer/Xcode/DerivedData/ModuleCache.noindex/Session.modulevalidation -fmodules-validate-once-per-build-session -Wnon-modular-include-in-framework-module -Werror\=non-modular-include-in-framework-module -Wno-trigraphs -Wno-missing-field-initializers -Wno-missing-prototypes -Werror\=return-type -Wdocumentation -Wunreachable-code -Wno-implicit-atomic-properties -Werror\=deprecated-objc-isa-usage -Wno-objc-interface-ivars -Werror\=objc-root-class -Wno-arc-repeated-use-of-weak -Wimplicit-retain-self -Wno-non-virtual-dtor -Wno-overloaded-virtual -Wno-exit-time-destructors -Wduplicate-method-match -Wno-missing-braces -Wparentheses -Wswitch -Wunused-function -Wno-unused-label -Wno-unused-parameter -Wunused-variable -Wunused-value -Wempty-body -Wuninitialized -Wconditional-uninitialized -Wno-unknown-pragmas -Wno-shadow -Wno-four-char-constants -Wno-conversion -Wconstant-conversion -Wint-conversion -Wbool-conversion -Wenum-conversion -Wno-float-conversion -Wnon-literal-null-conversion -Wobjc-literal-conversion -Wshorten-64-to-32 -Wno-newline-eof -Wno-selector -Wno-strict-selector-match -Wundeclared-selector -Wdeprecated-implementations -Wno-c++11-extensions -Wno-implicit-fallthrough -isysroot /Applications/Xcode.app/Contents/Developer/Platforms/iPhoneOS.platform/Developer/SDKs/iPhoneOS26.5.sdk -fstrict-aliasing -Wprotocol -Wdeprecated-declarations -Winvalid-offsetof -Wno-sign-conversion -Winfinite-recursion -Wmove -Wcomma -Wblock-capture-autoreleasing -Wstrict-prototypes -Wrange-loop-analysis -Wno-semicolon-before-method-body -Wunguarded-availability -index-store-path /Users/jonahmicahinguito/Library/Developer/Xcode/DerivedData/rotaractconnect-cjwcbdlngckcsaantafkjnfzfbdk/Index.noindex/DataStore @/Users/jonahmicahinguito/Library/Developer/Xcode/DerivedData/rotaractconnect-cjwcbdlngckcsaantafkjnfzfbdk/Build/Intermediates.noindex/Pods.build/Debug-iphoneos/React-RCTFabric.build/Objects-normal/arm64/af3fcb34312c57c0f52879cdce924b91-common-args.resp -DRCT_NEW_ARCH_ENABLED\=1 -include /Users/jonahmicahinguito/dev/rotaract-connect/ios/Pods/Target\ Support\ Files/React-RCTFabric/React-RCTFabric-prefix.pch -MMD -MT dependencies -MF /Users/jonahmicahinguito/Library/Developer/Xcode/DerivedData/rotaractconnect-cjwcbdlngckcsaantafkjnfzfbdk/Build/Intermediates.noindex/Pods.build/Debug-iphoneos/React-RCTFabric.build/Objects-normal/arm64/RCTVirtualViewContainerState.d --serialize-diagnostics /Users/jonahmicahinguito/Library/Developer/Xcode/DerivedData/rotaractconnect-cjwcbdlngckcsaantafkjnfzfbdk/Build/Intermediates.noindex/Pods.build/Debug-iphoneos/React-RCTFabric.build/Objects-normal/arm64/RCTVirtualViewContainerState.dia -c /Users/jonahmicahinguito/dev/rotaract-connect/node_modules/react-native/React/Fabric/Mounting/ComponentViews/ScrollView/RCTVirtualViewContainerState.mm -o /Users/jonahmicahinguito/Library/Developer/Xcode/DerivedData/rotaractconnect-cjwcbdlngckcsaantafkjnfzfbdk/Build/Intermediates.noindex/Pods.build/Debug-iphoneos/React-RCTFabric.build/Objects-normal/arm64/RCTVirtualViewContainerState.o -index-unit-output-path /Pods.build/Debug-iphoneos/React-RCTFabric.build/Objects-normal/arm64/RCTVirtualViewContainerState.o

In file included from /Users/jonahmicahinguito/dev/rotaract-connect/node_modules/react-native/React/Fabric/Mounting/ComponentViews/ScrollView/RCTVirtualViewContainerState.mm:9:
In file included from /Users/jonahmicahinguito/dev/rotaract-connect/ios/Pods/Headers/Private/React-RCTFabric/React/RCTScrollViewComponentView.h:12:
In file included from /Users/jonahmicahinguito/dev/rotaract-connect/ios/Pods/Headers/Private/React-RCTFabric/React/RCTMountingTransactionObserving.h:10:
In file included from /Users/jonahmicahinguito/dev/rotaract-connect/ios/Pods/Headers/Public/React-Fabric/react/renderer/mounting/MountingTransaction.h:10:
/Users/jonahmicahinguito/dev/rotaract-connect/ios/Pods/Headers/Public/React-Fabric/react/renderer/mounting/ShadowViewMutation.h:46:7: warning: declaration is marked with '@deprecated' command but does not have a deprecation attribute [-Wdocumentation-deprecated-sync]
   46 |    * @deprecated Pass parentTag instead of parentShadowView.
      |      ~^~~~~~~~~~~~~~~~~~~~~~~~~~~~~~~~~~~~~~~~~~~~~~~~~~~~~~
/Users/jonahmicahinguito/dev/rotaract-connect/ios/Pods/Headers/Public/React-Fabric/react/renderer/mounting/ShadowViewMutation.h:48:3: note: add a deprecation attribute to the declaration to silence this warning
   48 |   static ShadowViewMutation InsertMutation(const ShadowView &parentShadowView, ShadowView childShadowView, int index)
      |   ^
      |   FMT_DEPRECATED 
/Users/jonahmicahinguito/dev/rotaract-connect/ios/Pods/Headers/Public/React-Fabric/react/renderer/mounting/ShadowViewMutation.h:60:7: warning: declaration is marked with '@deprecated' command but does not have a deprecation attribute [-Wdocumentation-deprecated-sync]
   60 |    * @deprecated Pass parentTag instead of parentShadowView.
      |      ~^~~~~~~~~~~~~~~~~~~~~~~~~~~~~~~~~~~~~~~~~~~~~~~~~~~~~~
/Users/jonahmicahinguito/dev/rotaract-connect/ios/Pods/Headers/Public/React-Fabric/react/renderer/mounting/ShadowViewMutation.h:62:3: note: add a deprecation attribute to the declaration to silence this warning
   62 |   static ShadowViewMutation RemoveMutation(const ShadowView &parentShadowView, ShadowView childShadowView, int index)
      |   ^
      |   FMT_DEPRECATED 
/Users/jonahmicahinguito/dev/rotaract-connect/ios/Pods/Headers/Public/React-Fabric/react/renderer/mounting/ShadowViewMutation.h:74:7: warning: declaration is marked with '@deprecated' command but does not have a deprecation attribute [-Wdocumentation-deprecated-sync]
   74 |    * @deprecated Pass parentTag instead of parentShadowView.
      |      ~^~~~~~~~~~~~~~~~~~~~~~~~~~~~~~~~~~~~~~~~~~~~~~~~~~~~~~
/Users/jonahmicahinguito/dev/rotaract-connect/ios/Pods/Headers/Public/React-Fabric/react/renderer/mounting/ShadowViewMutation.h:76:3: note: add a deprecation attribute to the declaration to silence this warning
   76 |   static ShadowViewMutation
      |   ^
      |   FMT_DEPRECATED 
3 warnings generated.

/Users/jonahmicahinguito/dev/rotaract-connect/ios/Pods/Headers/Public/React-Fabric/react/renderer/mounting/ShadowViewMutation.h:46:7: Declaration is marked with '@deprecated' command but does not have a deprecation attribute

/Users/jonahmicahinguito/dev/rotaract-connect/ios/Pods/Headers/Public/React-Fabric/react/renderer/mounting/ShadowViewMutation.h:60:7: Declaration is marked with '@deprecated' command but does not have a deprecation attribute

/Users/jonahmicahinguito/dev/rotaract-connect/ios/Pods/Headers/Public/React-Fabric/react/renderer/mounting/ShadowViewMutation.h:74:7: Declaration is marked with '@deprecated' command but does not have a deprecation attribute

CompileC /Users/jonahmicahinguito/Library/Developer/Xcode/DerivedData/rotaractconnect-cjwcbdlngckcsaantafkjnfzfbdk/Build/Intermediates.noindex/Pods.build/Debug-iphoneos/React-RCTFabric.build/Objects-normal/arm64/RCTVirtualViewComponentView.o /Users/jonahmicahinguito/dev/rotaract-connect/node_modules/react-native/React/Fabric/Mounting/ComponentViews/VirtualView/RCTVirtualViewComponentView.mm normal arm64 objective-c++ com.apple.compilers.llvm.clang.1_0.compiler (in target 'React-RCTFabric' from project 'Pods')
    cd /Users/jonahmicahinguito/dev/rotaract-connect/ios/Pods
    
    Using response file: /Users/jonahmicahinguito/Library/Developer/Xcode/DerivedData/rotaractconnect-cjwcbdlngckcsaantafkjnfzfbdk/Build/Intermediates.noindex/Pods.build/Debug-iphoneos/React-RCTFabric.build/Objects-normal/arm64/af3fcb34312c57c0f52879cdce924b91-common-args.resp
    
    /Applications/Xcode.app/Contents/Developer/Toolchains/XcodeDefault.xctoolchain/usr/bin/clang -x objective-c++ -ivfsstatcache /Users/jonahmicahinguito/Library/Developer/Xcode/DerivedData/SDKStatCaches.noindex/iphoneos26.5-23F81a-32daed1954a7d5dd0789fcaf2a9bb78b.sdkstatcache -target arm64-apple-ios15.1 -fmessage-length\=0 -fdiagnostics-show-note-include-stack -fmacro-backtrace-limit\=0 -fno-color-diagnostics -fmodules-prune-interval\=86400 -fmodules-prune-after\=345600 -fbuild-session-file\=/Users/jonahmicahinguito/Library/Developer/Xcode/DerivedData/ModuleCache.noindex/Session.modulevalidation -fmodules-validate-once-per-build-session -Wnon-modular-include-in-framework-module -Werror\=non-modular-include-in-framework-module -Wno-trigraphs -Wno-missing-field-initializers -Wno-missing-prototypes -Werror\=return-type -Wdocumentation -Wunreachable-code -Wno-implicit-atomic-properties -Werror\=deprecated-objc-isa-usage -Wno-objc-interface-ivars -Werror\=objc-root-class -Wno-arc-repeated-use-of-weak -Wimplicit-retain-self -Wno-non-virtual-dtor -Wno-overloaded-virtual -Wno-exit-time-destructors -Wduplicate-method-match -Wno-missing-braces -Wparentheses -Wswitch -Wunused-function -Wno-unused-label -Wno-unused-parameter -Wunused-variable -Wunused-value -Wempty-body -Wuninitialized -Wconditional-uninitialized -Wno-unknown-pragmas -Wno-shadow -Wno-four-char-constants -Wno-conversion -Wconstant-conversion -Wint-conversion -Wbool-conversion -Wenum-conversion -Wno-float-conversion -Wnon-literal-null-conversion -Wobjc-literal-conversion -Wshorten-64-to-32 -Wno-newline-eof -Wno-selector -Wno-strict-selector-match -Wundeclared-selector -Wdeprecated-implementations -Wno-c++11-extensions -Wno-implicit-fallthrough -isysroot /Applications/Xcode.app/Contents/Developer/Platforms/iPhoneOS.platform/Developer/SDKs/iPhoneOS26.5.sdk -fstrict-aliasing -Wprotocol -Wdeprecated-declarations -Winvalid-offsetof -Wno-sign-conversion -Winfinite-recursion -Wmove -Wcomma -Wblock-capture-autoreleasing -Wstrict-prototypes -Wrange-loop-analysis -Wno-semicolon-before-method-body -Wunguarded-availability -index-store-path /Users/jonahmicahinguito/Library/Developer/Xcode/DerivedData/rotaractconnect-cjwcbdlngckcsaantafkjnfzfbdk/Index.noindex/DataStore @/Users/jonahmicahinguito/Library/Developer/Xcode/DerivedData/rotaractconnect-cjwcbdlngckcsaantafkjnfzfbdk/Build/Intermediates.noindex/Pods.build/Debug-iphoneos/React-RCTFabric.build/Objects-normal/arm64/af3fcb34312c57c0f52879cdce924b91-common-args.resp -DRCT_NEW_ARCH_ENABLED\=1 -include /Users/jonahmicahinguito/dev/rotaract-connect/ios/Pods/Target\ Support\ Files/React-RCTFabric/React-RCTFabric-prefix.pch -MMD -MT dependencies -MF /Users/jonahmicahinguito/Library/Developer/Xcode/DerivedData/rotaractconnect-cjwcbdlngckcsaantafkjnfzfbdk/Build/Intermediates.noindex/Pods.build/Debug-iphoneos/React-RCTFabric.build/Objects-normal/arm64/RCTVirtualViewComponentView.d --serialize-diagnostics /Users/jonahmicahinguito/Library/Developer/Xcode/DerivedData/rotaractconnect-cjwcbdlngckcsaantafkjnfzfbdk/Build/Intermediates.noindex/Pods.build/Debug-iphoneos/React-RCTFabric.build/Objects-normal/arm64/RCTVirtualViewComponentView.dia -c /Users/jonahmicahinguito/dev/rotaract-connect/node_modules/react-native/React/Fabric/Mounting/ComponentViews/VirtualView/RCTVirtualViewComponentView.mm -o /Users/jonahmicahinguito/Library/Developer/Xcode/DerivedData/rotaractconnect-cjwcbdlngckcsaantafkjnfzfbdk/Build/Intermediates.noindex/Pods.build/Debug-iphoneos/React-RCTFabric.build/Objects-normal/arm64/RCTVirtualViewComponentView.o -index-unit-output-path /Pods.build/Debug-iphoneos/React-RCTFabric.build/Objects-normal/arm64/RCTVirtualViewComponentView.o

In file included from /Users/jonahmicahinguito/dev/rotaract-connect/node_modules/react-native/React/Fabric/Mounting/ComponentViews/VirtualView/RCTVirtualViewComponentView.mm:12:
In file included from /Users/jonahmicahinguito/dev/rotaract-connect/ios/Pods/Headers/Private/React-RCTFabric/React/RCTScrollViewComponentView.h:12:
In file included from /Users/jonahmicahinguito/dev/rotaract-connect/ios/Pods/Headers/Private/React-RCTFabric/React/RCTMountingTransactionObserving.h:10:
In file included from /Users/jonahmicahinguito/dev/rotaract-connect/ios/Pods/Headers/Public/React-Fabric/react/renderer/mounting/MountingTransaction.h:10:
/Users/jonahmicahinguito/dev/rotaract-connect/ios/Pods/Headers/Public/React-Fabric/react/renderer/mounting/ShadowViewMutation.h:46:7: warning: declaration is marked with '@deprecated' command but does not have a deprecation attribute [-Wdocumentation-deprecated-sync]
   46 |    * @deprecated Pass parentTag instead of parentShadowView.
      |      ~^~~~~~~~~~~~~~~~~~~~~~~~~~~~~~~~~~~~~~~~~~~~~~~~~~~~~~
/Users/jonahmicahinguito/dev/rotaract-connect/ios/Pods/Headers/Public/React-Fabric/react/renderer/mounting/ShadowViewMutation.h:48:3: note: add a deprecation attribute to the declaration to silence this warning
   48 |   static ShadowViewMutation InsertMutation(const ShadowView &parentShadowView, ShadowView childShadowView, int index)
      |   ^
      |   FMT_DEPRECATED 
/Users/jonahmicahinguito/dev/rotaract-connect/ios/Pods/Headers/Public/React-Fabric/react/renderer/mounting/ShadowViewMutation.h:60:7: warning: declaration is marked with '@deprecated' command but does not have a deprecation attribute [-Wdocumentation-deprecated-sync]
   60 |    * @deprecated Pass parentTag instead of parentShadowView.
      |      ~^~~~~~~~~~~~~~~~~~~~~~~~~~~~~~~~~~~~~~~~~~~~~~~~~~~~~~
/Users/jonahmicahinguito/dev/rotaract-connect/ios/Pods/Headers/Public/React-Fabric/react/renderer/mounting/ShadowViewMutation.h:62:3: note: add a deprecation attribute to the declaration to silence this warning
   62 |   static ShadowViewMutation RemoveMutation(const ShadowView &parentShadowView, ShadowView childShadowView, int index)
      |   ^
      |   FMT_DEPRECATED 
/Users/jonahmicahinguito/dev/rotaract-connect/ios/Pods/Headers/Public/React-Fabric/react/renderer/mounting/ShadowViewMutation.h:74:7: warning: declaration is marked with '@deprecated' command but does not have a deprecation attribute [-Wdocumentation-deprecated-sync]
   74 |    * @deprecated Pass parentTag instead of parentShadowView.
      |      ~^~~~~~~~~~~~~~~~~~~~~~~~~~~~~~~~~~~~~~~~~~~~~~~~~~~~~~
/Users/jonahmicahinguito/dev/rotaract-connect/ios/Pods/Headers/Public/React-Fabric/react/renderer/mounting/ShadowViewMutation.h:76:3: note: add a deprecation attribute to the declaration to silence this warning
   76 |   static ShadowViewMutation
      |   ^
      |   FMT_DEPRECATED 
3 warnings generated.

/Users/jonahmicahinguito/dev/rotaract-connect/ios/Pods/Headers/Public/React-Fabric/react/renderer/mounting/ShadowViewMutation.h:46:7: Declaration is marked with '@deprecated' command but does not have a deprecation attribute

/Users/jonahmicahinguito/dev/rotaract-connect/ios/Pods/Headers/Public/React-Fabric/react/renderer/mounting/ShadowViewMutation.h:60:7: Declaration is marked with '@deprecated' command but does not have a deprecation attribute

/Users/jonahmicahinguito/dev/rotaract-connect/ios/Pods/Headers/Public/React-Fabric/react/renderer/mounting/ShadowViewMutation.h:74:7: Declaration is marked with '@deprecated' command but does not have a deprecation attribute

CompileC /Users/jonahmicahinguito/Library/Developer/Xcode/DerivedData/rotaractconnect-cjwcbdlngckcsaantafkjnfzfbdk/Build/Intermediates.noindex/Pods.build/Debug-iphoneos/React-RCTFabric.build/Objects-normal/arm64/RCTTextInputComponentView.o /Users/jonahmicahinguito/dev/rotaract-connect/node_modules/react-native/React/Fabric/Mounting/ComponentViews/TextInput/RCTTextInputComponentView.mm normal arm64 objective-c++ com.apple.compilers.llvm.clang.1_0.compiler (in target 'React-RCTFabric' from project 'Pods')
    cd /Users/jonahmicahinguito/dev/rotaract-connect/ios/Pods
    
    Using response file: /Users/jonahmicahinguito/Library/Developer/Xcode/DerivedData/rotaractconnect-cjwcbdlngckcsaantafkjnfzfbdk/Build/Intermediates.noindex/Pods.build/Debug-iphoneos/React-RCTFabric.build/Objects-normal/arm64/af3fcb34312c57c0f52879cdce924b91-common-args.resp
    
    /Applications/Xcode.app/Contents/Developer/Toolchains/XcodeDefault.xctoolchain/usr/bin/clang -x objective-c++ -ivfsstatcache /Users/jonahmicahinguito/Library/Developer/Xcode/DerivedData/SDKStatCaches.noindex/iphoneos26.5-23F81a-32daed1954a7d5dd0789fcaf2a9bb78b.sdkstatcache -target arm64-apple-ios15.1 -fmessage-length\=0 -fdiagnostics-show-note-include-stack -fmacro-backtrace-limit\=0 -fno-color-diagnostics -fmodules-prune-interval\=86400 -fmodules-prune-after\=345600 -fbuild-session-file\=/Users/jonahmicahinguito/Library/Developer/Xcode/DerivedData/ModuleCache.noindex/Session.modulevalidation -fmodules-validate-once-per-build-session -Wnon-modular-include-in-framework-module -Werror\=non-modular-include-in-framework-module -Wno-trigraphs -Wno-missing-field-initializers -Wno-missing-prototypes -Werror\=return-type -Wdocumentation -Wunreachable-code -Wno-implicit-atomic-properties -Werror\=deprecated-objc-isa-usage -Wno-objc-interface-ivars -Werror\=objc-root-class -Wno-arc-repeated-use-of-weak -Wimplicit-retain-self -Wno-non-virtual-dtor -Wno-overloaded-virtual -Wno-exit-time-destructors -Wduplicate-method-match -Wno-missing-braces -Wparentheses -Wswitch -Wunused-function -Wno-unused-label -Wno-unused-parameter -Wunused-variable -Wunused-value -Wempty-body -Wuninitialized -Wconditional-uninitialized -Wno-unknown-pragmas -Wno-shadow -Wno-four-char-constants -Wno-conversion -Wconstant-conversion -Wint-conversion -Wbool-conversion -Wenum-conversion -Wno-float-conversion -Wnon-literal-null-conversion -Wobjc-literal-conversion -Wshorten-64-to-32 -Wno-newline-eof -Wno-selector -Wno-strict-selector-match -Wundeclared-selector -Wdeprecated-implementations -Wno-c++11-extensions -Wno-implicit-fallthrough -isysroot /Applications/Xcode.app/Contents/Developer/Platforms/iPhoneOS.platform/Developer/SDKs/iPhoneOS26.5.sdk -fstrict-aliasing -Wprotocol -Wdeprecated-declarations -Winvalid-offsetof -Wno-sign-conversion -Winfinite-recursion -Wmove -Wcomma -Wblock-capture-autoreleasing -Wstrict-prototypes -Wrange-loop-analysis -Wno-semicolon-before-method-body -Wunguarded-availability -index-store-path /Users/jonahmicahinguito/Library/Developer/Xcode/DerivedData/rotaractconnect-cjwcbdlngckcsaantafkjnfzfbdk/Index.noindex/DataStore @/Users/jonahmicahinguito/Library/Developer/Xcode/DerivedData/rotaractconnect-cjwcbdlngckcsaantafkjnfzfbdk/Build/Intermediates.noindex/Pods.build/Debug-iphoneos/React-RCTFabric.build/Objects-normal/arm64/af3fcb34312c57c0f52879cdce924b91-common-args.resp -DRCT_NEW_ARCH_ENABLED\=1 -include /Users/jonahmicahinguito/dev/rotaract-connect/ios/Pods/Target\ Support\ Files/React-RCTFabric/React-RCTFabric-prefix.pch -MMD -MT dependencies -MF /Users/jonahmicahinguito/Library/Developer/Xcode/DerivedData/rotaractconnect-cjwcbdlngckcsaantafkjnfzfbdk/Build/Intermediates.noindex/Pods.build/Debug-iphoneos/React-RCTFabric.build/Objects-normal/arm64/RCTTextInputComponentView.d --serialize-diagnostics /Users/jonahmicahinguito/Library/Developer/Xcode/DerivedData/rotaractconnect-cjwcbdlngckcsaantafkjnfzfbdk/Build/Intermediates.noindex/Pods.build/Debug-iphoneos/React-RCTFabric.build/Objects-normal/arm64/RCTTextInputComponentView.dia -c /Users/jonahmicahinguito/dev/rotaract-connect/node_modules/react-native/React/Fabric/Mounting/ComponentViews/TextInput/RCTTextInputComponentView.mm -o /Users/jonahmicahinguito/Library/Developer/Xcode/DerivedData/rotaractconnect-cjwcbdlngckcsaantafkjnfzfbdk/Build/Intermediates.noindex/Pods.build/Debug-iphoneos/React-RCTFabric.build/Objects-normal/arm64/RCTTextInputComponentView.o -index-unit-output-path /Pods.build/Debug-iphoneos/React-RCTFabric.build/Objects-normal/arm64/RCTTextInputComponentView.o

In file included from /Users/jonahmicahinguito/dev/rotaract-connect/node_modules/react-native/React/Fabric/Mounting/ComponentViews/TextInput/RCTTextInputComponentView.mm:16:
In file included from /Users/jonahmicahinguito/dev/rotaract-connect/ios/Pods/Headers/Private/React-RCTFabric/React/RCTScrollViewComponentView.h:12:
In file included from /Users/jonahmicahinguito/dev/rotaract-connect/ios/Pods/Headers/Private/React-RCTFabric/React/RCTMountingTransactionObserving.h:10:
In file included from /Users/jonahmicahinguito/dev/rotaract-connect/ios/Pods/Headers/Public/React-Fabric/react/renderer/mounting/MountingTransaction.h:10:
/Users/jonahmicahinguito/dev/rotaract-connect/ios/Pods/Headers/Public/React-Fabric/react/renderer/mounting/ShadowViewMutation.h:46:7: warning: declaration is marked with '@deprecated' command but does not have a deprecation attribute [-Wdocumentation-deprecated-sync]
   46 |    * @deprecated Pass parentTag instead of parentShadowView.
      |      ~^~~~~~~~~~~~~~~~~~~~~~~~~~~~~~~~~~~~~~~~~~~~~~~~~~~~~~
/Users/jonahmicahinguito/dev/rotaract-connect/ios/Pods/Headers/Public/React-Fabric/react/renderer/mounting/ShadowViewMutation.h:48:3: note: add a deprecation attribute to the declaration to silence this warning
   48 |   static ShadowViewMutation InsertMutation(const ShadowView &parentShadowView, ShadowView childShadowView, int index)
      |   ^
      |   FMT_DEPRECATED 
/Users/jonahmicahinguito/dev/rotaract-connect/ios/Pods/Headers/Public/React-Fabric/react/renderer/mounting/ShadowViewMutation.h:60:7: warning: declaration is marked with '@deprecated' command but does not have a deprecation attribute [-Wdocumentation-deprecated-sync]
   60 |    * @deprecated Pass parentTag instead of parentShadowView.
      |      ~^~~~~~~~~~~~~~~~~~~~~~~~~~~~~~~~~~~~~~~~~~~~~~~~~~~~~~
/Users/jonahmicahinguito/dev/rotaract-connect/ios/Pods/Headers/Public/React-Fabric/react/renderer/mounting/ShadowViewMutation.h:62:3: note: add a deprecation attribute to the declaration to silence this warning
   62 |   static ShadowViewMutation RemoveMutation(const ShadowView &parentShadowView, ShadowView childShadowView, int index)
      |   ^
      |   FMT_DEPRECATED 
/Users/jonahmicahinguito/dev/rotaract-connect/ios/Pods/Headers/Public/React-Fabric/react/renderer/mounting/ShadowViewMutation.h:74:7: warning: declaration is marked with '@deprecated' command but does not have a deprecation attribute [-Wdocumentation-deprecated-sync]
   74 |    * @deprecated Pass parentTag instead of parentShadowView.
      |      ~^~~~~~~~~~~~~~~~~~~~~~~~~~~~~~~~~~~~~~~~~~~~~~~~~~~~~~
/Users/jonahmicahinguito/dev/rotaract-connect/ios/Pods/Headers/Public/React-Fabric/react/renderer/mounting/ShadowViewMutation.h:76:3: note: add a deprecation attribute to the declaration to silence this warning
   76 |   static ShadowViewMutation
      |   ^
      |   FMT_DEPRECATED 
3 warnings generated.

/Users/jonahmicahinguito/dev/rotaract-connect/ios/Pods/Headers/Public/React-Fabric/react/renderer/mounting/ShadowViewMutation.h:46:7: Declaration is marked with '@deprecated' command but does not have a deprecation attribute

/Users/jonahmicahinguito/dev/rotaract-connect/ios/Pods/Headers/Public/React-Fabric/react/renderer/mounting/ShadowViewMutation.h:60:7: Declaration is marked with '@deprecated' command but does not have a deprecation attribute

/Users/jonahmicahinguito/dev/rotaract-connect/ios/Pods/Headers/Public/React-Fabric/react/renderer/mounting/ShadowViewMutation.h:74:7: Declaration is marked with '@deprecated' command but does not have a deprecation attribute

CompileC /Users/jonahmicahinguito/Library/Developer/Xcode/DerivedData/rotaractconnect-cjwcbdlngckcsaantafkjnfzfbdk/Build/Intermediates.noindex/Pods.build/Debug-iphoneos/React-RCTFabric.build/Objects-normal/arm64/RCTSurfacePresenter.o /Users/jonahmicahinguito/dev/rotaract-connect/node_modules/react-native/React/Fabric/RCTSurfacePresenter.mm normal arm64 objective-c++ com.apple.compilers.llvm.clang.1_0.compiler (in target 'React-RCTFabric' from project 'Pods')
    cd /Users/jonahmicahinguito/dev/rotaract-connect/ios/Pods
    
    Using response file: /Users/jonahmicahinguito/Library/Developer/Xcode/DerivedData/rotaractconnect-cjwcbdlngckcsaantafkjnfzfbdk/Build/Intermediates.noindex/Pods.build/Debug-iphoneos/React-RCTFabric.build/Objects-normal/arm64/af3fcb34312c57c0f52879cdce924b91-common-args.resp
    
    /Applications/Xcode.app/Contents/Developer/Toolchains/XcodeDefault.xctoolchain/usr/bin/clang -x objective-c++ -ivfsstatcache /Users/jonahmicahinguito/Library/Developer/Xcode/DerivedData/SDKStatCaches.noindex/iphoneos26.5-23F81a-32daed1954a7d5dd0789fcaf2a9bb78b.sdkstatcache -target arm64-apple-ios15.1 -fmessage-length\=0 -fdiagnostics-show-note-include-stack -fmacro-backtrace-limit\=0 -fno-color-diagnostics -fmodules-prune-interval\=86400 -fmodules-prune-after\=345600 -fbuild-session-file\=/Users/jonahmicahinguito/Library/Developer/Xcode/DerivedData/ModuleCache.noindex/Session.modulevalidation -fmodules-validate-once-per-build-session -Wnon-modular-include-in-framework-module -Werror\=non-modular-include-in-framework-module -Wno-trigraphs -Wno-missing-field-initializers -Wno-missing-prototypes -Werror\=return-type -Wdocumentation -Wunreachable-code -Wno-implicit-atomic-properties -Werror\=deprecated-objc-isa-usage -Wno-objc-interface-ivars -Werror\=objc-root-class -Wno-arc-repeated-use-of-weak -Wimplicit-retain-self -Wno-non-virtual-dtor -Wno-overloaded-virtual -Wno-exit-time-destructors -Wduplicate-method-match -Wno-missing-braces -Wparentheses -Wswitch -Wunused-function -Wno-unused-label -Wno-unused-parameter -Wunused-variable -Wunused-value -Wempty-body -Wuninitialized -Wconditional-uninitialized -Wno-unknown-pragmas -Wno-shadow -Wno-four-char-constants -Wno-conversion -Wconstant-conversion -Wint-conversion -Wbool-conversion -Wenum-conversion -Wno-float-conversion -Wnon-literal-null-conversion -Wobjc-literal-conversion -Wshorten-64-to-32 -Wno-newline-eof -Wno-selector -Wno-strict-selector-match -Wundeclared-selector -Wdeprecated-implementations -Wno-c++11-extensions -Wno-implicit-fallthrough -isysroot /Applications/Xcode.app/Contents/Developer/Platforms/iPhoneOS.platform/Developer/SDKs/iPhoneOS26.5.sdk -fstrict-aliasing -Wprotocol -Wdeprecated-declarations -Winvalid-offsetof -Wno-sign-conversion -Winfinite-recursion -Wmove -Wcomma -Wblock-capture-autoreleasing -Wstrict-prototypes -Wrange-loop-analysis -Wno-semicolon-before-method-body -Wunguarded-availability -index-store-path /Users/jonahmicahinguito/Library/Developer/Xcode/DerivedData/rotaractconnect-cjwcbdlngckcsaantafkjnfzfbdk/Index.noindex/DataStore @/Users/jonahmicahinguito/Library/Developer/Xcode/DerivedData/rotaractconnect-cjwcbdlngckcsaantafkjnfzfbdk/Build/Intermediates.noindex/Pods.build/Debug-iphoneos/React-RCTFabric.build/Objects-normal/arm64/af3fcb34312c57c0f52879cdce924b91-common-args.resp -DRCT_NEW_ARCH_ENABLED\=1 -include /Users/jonahmicahinguito/dev/rotaract-connect/ios/Pods/Target\ Support\ Files/React-RCTFabric/React-RCTFabric-prefix.pch -MMD -MT dependencies -MF /Users/jonahmicahinguito/Library/Developer/Xcode/DerivedData/rotaractconnect-cjwcbdlngckcsaantafkjnfzfbdk/Build/Intermediates.noindex/Pods.build/Debug-iphoneos/React-RCTFabric.build/Objects-normal/arm64/RCTSurfacePresenter.d --serialize-diagnostics /Users/jonahmicahinguito/Library/Developer/Xcode/DerivedData/rotaractconnect-cjwcbdlngckcsaantafkjnfzfbdk/Build/Intermediates.noindex/Pods.build/Debug-iphoneos/React-RCTFabric.build/Objects-normal/arm64/RCTSurfacePresenter.dia -c /Users/jonahmicahinguito/dev/rotaract-connect/node_modules/react-native/React/Fabric/RCTSurfacePresenter.mm -o /Users/jonahmicahinguito/Library/Developer/Xcode/DerivedData/rotaractconnect-cjwcbdlngckcsaantafkjnfzfbdk/Build/Intermediates.noindex/Pods.build/Debug-iphoneos/React-RCTFabric.build/Objects-normal/arm64/RCTSurfacePresenter.o -index-unit-output-path /Pods.build/Debug-iphoneos/React-RCTFabric.build/Objects-normal/arm64/RCTSurfacePresenter.o

In file included from /Users/jonahmicahinguito/dev/rotaract-connect/node_modules/react-native/React/Fabric/RCTSurfacePresenter.mm:20:
In file included from /Users/jonahmicahinguito/dev/rotaract-connect/ios/Pods/Headers/Private/React-RCTFabric/React/RCTMountingManager.h:15:
In file included from /Users/jonahmicahinguito/dev/rotaract-connect/ios/Pods/Headers/Public/React-Fabric/react/renderer/mounting/MountingCoordinator.h:15:
In file included from /Users/jonahmicahinguito/dev/rotaract-connect/ios/Pods/Headers/Public/React-Fabric/react/renderer/mounting/Differentiator.h:11:
/Users/jonahmicahinguito/dev/rotaract-connect/ios/Pods/Headers/Public/React-Fabric/react/renderer/mounting/ShadowViewMutation.h:46:7: warning: declaration is marked with '@deprecated' command but does not have a deprecation attribute [-Wdocumentation-deprecated-sync]
   46 |    * @deprecated Pass parentTag instead of parentShadowView.
      |      ~^~~~~~~~~~~~~~~~~~~~~~~~~~~~~~~~~~~~~~~~~~~~~~~~~~~~~~
/Users/jonahmicahinguito/dev/rotaract-connect/ios/Pods/Headers/Public/React-Fabric/react/renderer/mounting/ShadowViewMutation.h:48:3: note: add a deprecation attribute to the declaration to silence this warning
   48 |   static ShadowViewMutation InsertMutation(const ShadowView &parentShadowView, ShadowView childShadowView, int index)
      |   ^
      |   FMT_DEPRECATED 
/Users/jonahmicahinguito/dev/rotaract-connect/ios/Pods/Headers/Public/React-Fabric/react/renderer/mounting/ShadowViewMutation.h:60:7: warning: declaration is marked with '@deprecated' command but does not have a deprecation attribute [-Wdocumentation-deprecated-sync]
   60 |    * @deprecated Pass parentTag instead of parentShadowView.
      |      ~^~~~~~~~~~~~~~~~~~~~~~~~~~~~~~~~~~~~~~~~~~~~~~~~~~~~~~
/Users/jonahmicahinguito/dev/rotaract-connect/ios/Pods/Headers/Public/React-Fabric/react/renderer/mounting/ShadowViewMutation.h:62:3: note: add a deprecation attribute to the declaration to silence this warning
   62 |   static ShadowViewMutation RemoveMutation(const ShadowView &parentShadowView, ShadowView childShadowView, int index)
      |   ^
      |   FMT_DEPRECATED 
/Users/jonahmicahinguito/dev/rotaract-connect/ios/Pods/Headers/Public/React-Fabric/react/renderer/mounting/ShadowViewMutation.h:74:7: warning: declaration is marked with '@deprecated' command but does not have a deprecation attribute [-Wdocumentation-deprecated-sync]
   74 |    * @deprecated Pass parentTag instead of parentShadowView.
      |      ~^~~~~~~~~~~~~~~~~~~~~~~~~~~~~~~~~~~~~~~~~~~~~~~~~~~~~~
/Users/jonahmicahinguito/dev/rotaract-connect/ios/Pods/Headers/Public/React-Fabric/react/renderer/mounting/ShadowViewMutation.h:76:3: note: add a deprecation attribute to the declaration to silence this warning
   76 |   static ShadowViewMutation
      |   ^
      |   FMT_DEPRECATED 
/Users/jonahmicahinguito/dev/rotaract-connect/node_modules/react-native/React/Fabric/RCTSurfacePresenter.mm:147:72: warning: implicit conversion loses integer precision: 'NSInteger' (aka 'long') to 'facebook::react::Tag' (aka 'int') [-Wshorten-64-to-32]
  147 |       [_mountingManager.componentViewRegistry findComponentViewWithTag:tag];
      |       ~                                                                ^~~
/Users/jonahmicahinguito/dev/rotaract-connect/node_modules/react-native/React/Fabric/RCTSurfacePresenter.mm:165:72: warning: implicit conversion loses integer precision: 'ReactTag' (aka 'long') to 'facebook::react::Tag' (aka 'int') [-Wshorten-64-to-32]
  165 |       [_mountingManager.componentViewRegistry findComponentViewWithTag:tag];
      |       ~                                                                ^~~
/Users/jonahmicahinguito/dev/rotaract-connect/node_modules/react-native/React/Fabric/RCTSurfacePresenter.mm:402:30: warning: implicit conversion loses integer precision: 'const ReactTag' (aka 'const long') to 'facebook::react::SurfaceId' (aka 'int') [-Wshorten-64-to-32]
  402 |       [scheduler reportMount:rootTag];
      |       ~                      ^~~~~~~
6 warnings generated.

/Users/jonahmicahinguito/dev/rotaract-connect/ios/Pods/Headers/Public/React-Fabric/react/renderer/mounting/ShadowViewMutation.h:46:7: Declaration is marked with '@deprecated' command but does not have a deprecation attribute

/Users/jonahmicahinguito/dev/rotaract-connect/ios/Pods/Headers/Public/React-Fabric/react/renderer/mounting/ShadowViewMutation.h:60:7: Declaration is marked with '@deprecated' command but does not have a deprecation attribute

/Users/jonahmicahinguito/dev/rotaract-connect/ios/Pods/Headers/Public/React-Fabric/react/renderer/mounting/ShadowViewMutation.h:74:7: Declaration is marked with '@deprecated' command but does not have a deprecation attribute

/Users/jonahmicahinguito/dev/rotaract-connect/node_modules/react-native/React/Fabric/RCTSurfacePresenter.mm:147:72: Implicit conversion loses integer precision: 'NSInteger' (aka 'long') to 'facebook::react::Tag' (aka 'int')

/Users/jonahmicahinguito/dev/rotaract-connect/node_modules/react-native/React/Fabric/RCTSurfacePresenter.mm:165:72: Implicit conversion loses integer precision: 'ReactTag' (aka 'long') to 'facebook::react::Tag' (aka 'int')

/Users/jonahmicahinguito/dev/rotaract-connect/node_modules/react-native/React/Fabric/RCTSurfacePresenter.mm:402:30: Implicit conversion loses integer precision: 'const ReactTag' (aka 'const long') to 'facebook::react::SurfaceId' (aka 'int')

CompileC /Users/jonahmicahinguito/Library/Developer/Xcode/DerivedData/rotaractconnect-cjwcbdlngckcsaantafkjnfzfbdk/Build/Intermediates.noindex/Pods.build/Debug-iphoneos/React-RCTFabric.build/Objects-normal/arm64/RCTSurfacePointerHandler.o /Users/jonahmicahinguito/dev/rotaract-connect/node_modules/react-native/React/Fabric/RCTSurfacePointerHandler.mm normal arm64 objective-c++ com.apple.compilers.llvm.clang.1_0.compiler (in target 'React-RCTFabric' from project 'Pods')
    cd /Users/jonahmicahinguito/dev/rotaract-connect/ios/Pods
    
    Using response file: /Users/jonahmicahinguito/Library/Developer/Xcode/DerivedData/rotaractconnect-cjwcbdlngckcsaantafkjnfzfbdk/Build/Intermediates.noindex/Pods.build/Debug-iphoneos/React-RCTFabric.build/Objects-normal/arm64/af3fcb34312c57c0f52879cdce924b91-common-args.resp
    
    /Applications/Xcode.app/Contents/Developer/Toolchains/XcodeDefault.xctoolchain/usr/bin/clang -x objective-c++ -ivfsstatcache /Users/jonahmicahinguito/Library/Developer/Xcode/DerivedData/SDKStatCaches.noindex/iphoneos26.5-23F81a-32daed1954a7d5dd0789fcaf2a9bb78b.sdkstatcache -target arm64-apple-ios15.1 -fmessage-length\=0 -fdiagnostics-show-note-include-stack -fmacro-backtrace-limit\=0 -fno-color-diagnostics -fmodules-prune-interval\=86400 -fmodules-prune-after\=345600 -fbuild-session-file\=/Users/jonahmicahinguito/Library/Developer/Xcode/DerivedData/ModuleCache.noindex/Session.modulevalidation -fmodules-validate-once-per-build-session -Wnon-modular-include-in-framework-module -Werror\=non-modular-include-in-framework-module -Wno-trigraphs -Wno-missing-field-initializers -Wno-missing-prototypes -Werror\=return-type -Wdocumentation -Wunreachable-code -Wno-implicit-atomic-properties -Werror\=deprecated-objc-isa-usage -Wno-objc-interface-ivars -Werror\=objc-root-class -Wno-arc-repeated-use-of-weak -Wimplicit-retain-self -Wno-non-virtual-dtor -Wno-overloaded-virtual -Wno-exit-time-destructors -Wduplicate-method-match -Wno-missing-braces -Wparentheses -Wswitch -Wunused-function -Wno-unused-label -Wno-unused-parameter -Wunused-variable -Wunused-value -Wempty-body -Wuninitialized -Wconditional-uninitialized -Wno-unknown-pragmas -Wno-shadow -Wno-four-char-constants -Wno-conversion -Wconstant-conversion -Wint-conversion -Wbool-conversion -Wenum-conversion -Wno-float-conversion -Wnon-literal-null-conversion -Wobjc-literal-conversion -Wshorten-64-to-32 -Wno-newline-eof -Wno-selector -Wno-strict-selector-match -Wundeclared-selector -Wdeprecated-implementations -Wno-c++11-extensions -Wno-implicit-fallthrough -isysroot /Applications/Xcode.app/Contents/Developer/Platforms/iPhoneOS.platform/Developer/SDKs/iPhoneOS26.5.sdk -fstrict-aliasing -Wprotocol -Wdeprecated-declarations -Winvalid-offsetof -Wno-sign-conversion -Winfinite-recursion -Wmove -Wcomma -Wblock-capture-autoreleasing -Wstrict-prototypes -Wrange-loop-analysis -Wno-semicolon-before-method-body -Wunguarded-availability -index-store-path /Users/jonahmicahinguito/Library/Developer/Xcode/DerivedData/rotaractconnect-cjwcbdlngckcsaantafkjnfzfbdk/Index.noindex/DataStore @/Users/jonahmicahinguito/Library/Developer/Xcode/DerivedData/rotaractconnect-cjwcbdlngckcsaantafkjnfzfbdk/Build/Intermediates.noindex/Pods.build/Debug-iphoneos/React-RCTFabric.build/Objects-normal/arm64/af3fcb34312c57c0f52879cdce924b91-common-args.resp -DRCT_NEW_ARCH_ENABLED\=1 -include /Users/jonahmicahinguito/dev/rotaract-connect/ios/Pods/Target\ Support\ Files/React-RCTFabric/React-RCTFabric-prefix.pch -MMD -MT dependencies -MF /Users/jonahmicahinguito/Library/Developer/Xcode/DerivedData/rotaractconnect-cjwcbdlngckcsaantafkjnfzfbdk/Build/Intermediates.noindex/Pods.build/Debug-iphoneos/React-RCTFabric.build/Objects-normal/arm64/RCTSurfacePointerHandler.d --serialize-diagnostics /Users/jonahmicahinguito/Library/Developer/Xcode/DerivedData/rotaractconnect-cjwcbdlngckcsaantafkjnfzfbdk/Build/Intermediates.noindex/Pods.build/Debug-iphoneos/React-RCTFabric.build/Objects-normal/arm64/RCTSurfacePointerHandler.dia -c /Users/jonahmicahinguito/dev/rotaract-connect/node_modules/react-native/React/Fabric/RCTSurfacePointerHandler.mm -o /Users/jonahmicahinguito/Library/Developer/Xcode/DerivedData/rotaractconnect-cjwcbdlngckcsaantafkjnfzfbdk/Build/Intermediates.noindex/Pods.build/Debug-iphoneos/React-RCTFabric.build/Objects-normal/arm64/RCTSurfacePointerHandler.o -index-unit-output-path /Pods.build/Debug-iphoneos/React-RCTFabric.build/Objects-normal/arm64/RCTSurfacePointerHandler.o

/Users/jonahmicahinguito/dev/rotaract-connect/node_modules/react-native/React/Fabric/RCTSurfacePointerHandler.mm:286:35: warning: implicit conversion loses integer precision: 'NSInteger' (aka 'long') to 'int' [-Wshorten-64-to-32]
  286 |   event.pointerId = activePointer.identifier;
      |                   ~ ~~~~~~~~~~~~~~^~~~~~~~~~
/Users/jonahmicahinguito/dev/rotaract-connect/node_modules/react-native/React/Fabric/RCTSurfacePointerHandler.mm:331:32: warning: implicit conversion loses integer precision: 'NSInteger' (aka 'long') to 'int' [-Wshorten-64-to-32]
  331 |   event.button = activePointer.button;
      |                ~ ~~~~~~~~~~~~~~^~~~~~
/Users/jonahmicahinguito/dev/rotaract-connect/node_modules/react-native/React/Fabric/RCTSurfacePointerHandler.mm:332:19: warning: implicit conversion loses integer precision: 'NSInteger' (aka 'long') to 'int' [-Wshorten-64-to-32]
  332 |   event.buttons = ButtonMaskToButtons(activePointer.buttonMask);
      |                 ~ ^~~~~~~~~~~~~~~~~~~~~~~~~~~~~~~~~~~~~~~~~~~~~
/Users/jonahmicahinguito/dev/rotaract-connect/node_modules/react-native/React/Fabric/RCTSurfacePointerHandler.mm:353:21: warning: implicit conversion loses integer precision: 'NSInteger' (aka 'long') to 'int' [-Wshorten-64-to-32]
  353 |   event.pointerId = pointerId;
      |                   ~ ^~~~~~~~~
/Users/jonahmicahinguito/dev/rotaract-connect/node_modules/react-native/React/Fabric/RCTSurfacePointerHandler.mm:596:58: warning: implicit conversion loses integer precision: 'NSInteger' (aka 'long') to 'int' [-Wshorten-64-to-32]
  596 |         _identifierPool.enqueue(activePointer.identifier - kTouchIdentifierPoolOffset);
      |                         ~~~~~~~ ~~~~~~~~~~~~~~~~~~~~~~~~~^~~~~~~~~~~~~~~~~~~~~~~~~~~~
5 warnings generated.

/Users/jonahmicahinguito/dev/rotaract-connect/node_modules/react-native/React/Fabric/RCTSurfacePointerHandler.mm:286:35: Implicit conversion loses integer precision: 'NSInteger' (aka 'long') to 'int'

/Users/jonahmicahinguito/dev/rotaract-connect/node_modules/react-native/React/Fabric/RCTSurfacePointerHandler.mm:331:32: Implicit conversion loses integer precision: 'NSInteger' (aka 'long') to 'int'

/Users/jonahmicahinguito/dev/rotaract-connect/node_modules/react-native/React/Fabric/RCTSurfacePointerHandler.mm:332:19: Implicit conversion loses integer precision: 'NSInteger' (aka 'long') to 'int'

/Users/jonahmicahinguito/dev/rotaract-connect/node_modules/react-native/React/Fabric/RCTSurfacePointerHandler.mm:353:21: Implicit conversion loses integer precision: 'NSInteger' (aka 'long') to 'int'

/Users/jonahmicahinguito/dev/rotaract-connect/node_modules/react-native/React/Fabric/RCTSurfacePointerHandler.mm:596:58: Implicit conversion loses integer precision: 'NSInteger' (aka 'long') to 'int'

CompileC /Users/jonahmicahinguito/Library/Developer/Xcode/DerivedData/rotaractconnect-cjwcbdlngckcsaantafkjnfzfbdk/Build/Intermediates.noindex/Pods.build/Debug-iphoneos/React-RCTFabric.build/Objects-normal/arm64/RCTScrollViewComponentView.o /Users/jonahmicahinguito/dev/rotaract-connect/node_modules/react-native/React/Fabric/Mounting/ComponentViews/ScrollView/RCTScrollViewComponentView.mm normal arm64 objective-c++ com.apple.compilers.llvm.clang.1_0.compiler (in target 'React-RCTFabric' from project 'Pods')
    cd /Users/jonahmicahinguito/dev/rotaract-connect/ios/Pods
    
    Using response file: /Users/jonahmicahinguito/Library/Developer/Xcode/DerivedData/rotaractconnect-cjwcbdlngckcsaantafkjnfzfbdk/Build/Intermediates.noindex/Pods.build/Debug-iphoneos/React-RCTFabric.build/Objects-normal/arm64/af3fcb34312c57c0f52879cdce924b91-common-args.resp
    
    /Applications/Xcode.app/Contents/Developer/Toolchains/XcodeDefault.xctoolchain/usr/bin/clang -x objective-c++ -ivfsstatcache /Users/jonahmicahinguito/Library/Developer/Xcode/DerivedData/SDKStatCaches.noindex/iphoneos26.5-23F81a-32daed1954a7d5dd0789fcaf2a9bb78b.sdkstatcache -target arm64-apple-ios15.1 -fmessage-length\=0 -fdiagnostics-show-note-include-stack -fmacro-backtrace-limit\=0 -fno-color-diagnostics -fmodules-prune-interval\=86400 -fmodules-prune-after\=345600 -fbuild-session-file\=/Users/jonahmicahinguito/Library/Developer/Xcode/DerivedData/ModuleCache.noindex/Session.modulevalidation -fmodules-validate-once-per-build-session -Wnon-modular-include-in-framework-module -Werror\=non-modular-include-in-framework-module -Wno-trigraphs -Wno-missing-field-initializers -Wno-missing-prototypes -Werror\=return-type -Wdocumentation -Wunreachable-code -Wno-implicit-atomic-properties -Werror\=deprecated-objc-isa-usage -Wno-objc-interface-ivars -Werror\=objc-root-class -Wno-arc-repeated-use-of-weak -Wimplicit-retain-self -Wno-non-virtual-dtor -Wno-overloaded-virtual -Wno-exit-time-destructors -Wduplicate-method-match -Wno-missing-braces -Wparentheses -Wswitch -Wunused-function -Wno-unused-label -Wno-unused-parameter -Wunused-variable -Wunused-value -Wempty-body -Wuninitialized -Wconditional-uninitialized -Wno-unknown-pragmas -Wno-shadow -Wno-four-char-constants -Wno-conversion -Wconstant-conversion -Wint-conversion -Wbool-conversion -Wenum-conversion -Wno-float-conversion -Wnon-literal-null-conversion -Wobjc-literal-conversion -Wshorten-64-to-32 -Wno-newline-eof -Wno-selector -Wno-strict-selector-match -Wundeclared-selector -Wdeprecated-implementations -Wno-c++11-extensions -Wno-implicit-fallthrough -isysroot /Applications/Xcode.app/Contents/Developer/Platforms/iPhoneOS.platform/Developer/SDKs/iPhoneOS26.5.sdk -fstrict-aliasing -Wprotocol -Wdeprecated-declarations -Winvalid-offsetof -Wno-sign-conversion -Winfinite-recursion -Wmove -Wcomma -Wblock-capture-autoreleasing -Wstrict-prototypes -Wrange-loop-analysis -Wno-semicolon-before-method-body -Wunguarded-availability -index-store-path /Users/jonahmicahinguito/Library/Developer/Xcode/DerivedData/rotaractconnect-cjwcbdlngckcsaantafkjnfzfbdk/Index.noindex/DataStore @/Users/jonahmicahinguito/Library/Developer/Xcode/DerivedData/rotaractconnect-cjwcbdlngckcsaantafkjnfzfbdk/Build/Intermediates.noindex/Pods.build/Debug-iphoneos/React-RCTFabric.build/Objects-normal/arm64/af3fcb34312c57c0f52879cdce924b91-common-args.resp -DRCT_NEW_ARCH_ENABLED\=1 -include /Users/jonahmicahinguito/dev/rotaract-connect/ios/Pods/Target\ Support\ Files/React-RCTFabric/React-RCTFabric-prefix.pch -MMD -MT dependencies -MF /Users/jonahmicahinguito/Library/Developer/Xcode/DerivedData/rotaractconnect-cjwcbdlngckcsaantafkjnfzfbdk/Build/Intermediates.noindex/Pods.build/Debug-iphoneos/React-RCTFabric.build/Objects-normal/arm64/RCTScrollViewComponentView.d --serialize-diagnostics /Users/jonahmicahinguito/Library/Developer/Xcode/DerivedData/rotaractconnect-cjwcbdlngckcsaantafkjnfzfbdk/Build/Intermediates.noindex/Pods.build/Debug-iphoneos/React-RCTFabric.build/Objects-normal/arm64/RCTScrollViewComponentView.dia -c /Users/jonahmicahinguito/dev/rotaract-connect/node_modules/react-native/React/Fabric/Mounting/ComponentViews/ScrollView/RCTScrollViewComponentView.mm -o /Users/jonahmicahinguito/Library/Developer/Xcode/DerivedData/rotaractconnect-cjwcbdlngckcsaantafkjnfzfbdk/Build/Intermediates.noindex/Pods.build/Debug-iphoneos/React-RCTFabric.build/Objects-normal/arm64/RCTScrollViewComponentView.o -index-unit-output-path /Pods.build/Debug-iphoneos/React-RCTFabric.build/Objects-normal/arm64/RCTScrollViewComponentView.o

In file included from /Users/jonahmicahinguito/dev/rotaract-connect/node_modules/react-native/React/Fabric/Mounting/ComponentViews/ScrollView/RCTScrollViewComponentView.mm:8:
In file included from /Users/jonahmicahinguito/dev/rotaract-connect/node_modules/react-native/React/Fabric/Mounting/ComponentViews/ScrollView/RCTScrollViewComponentView.h:12:
In file included from /Users/jonahmicahinguito/dev/rotaract-connect/ios/Pods/Headers/Private/React-RCTFabric/React/RCTMountingTransactionObserving.h:10:
In file included from /Users/jonahmicahinguito/dev/rotaract-connect/ios/Pods/Headers/Public/React-Fabric/react/renderer/mounting/MountingTransaction.h:10:
/Users/jonahmicahinguito/dev/rotaract-connect/ios/Pods/Headers/Public/React-Fabric/react/renderer/mounting/ShadowViewMutation.h:46:7: warning: declaration is marked with '@deprecated' command but does not have a deprecation attribute [-Wdocumentation-deprecated-sync]
   46 |    * @deprecated Pass parentTag instead of parentShadowView.
      |      ~^~~~~~~~~~~~~~~~~~~~~~~~~~~~~~~~~~~~~~~~~~~~~~~~~~~~~~
/Users/jonahmicahinguito/dev/rotaract-connect/ios/Pods/Headers/Public/React-Fabric/react/renderer/mounting/ShadowViewMutation.h:48:3: note: add a deprecation attribute to the declaration to silence this warning
   48 |   static ShadowViewMutation InsertMutation(const ShadowView &parentShadowView, ShadowView childShadowView, int index)
      |   ^
      |   FMT_DEPRECATED 
/Users/jonahmicahinguito/dev/rotaract-connect/ios/Pods/Headers/Public/React-Fabric/react/renderer/mounting/ShadowViewMutation.h:60:7: warning: declaration is marked with '@deprecated' command but does not have a deprecation attribute [-Wdocumentation-deprecated-sync]
   60 |    * @deprecated Pass parentTag instead of parentShadowView.
      |      ~^~~~~~~~~~~~~~~~~~~~~~~~~~~~~~~~~~~~~~~~~~~~~~~~~~~~~~
/Users/jonahmicahinguito/dev/rotaract-connect/ios/Pods/Headers/Public/React-Fabric/react/renderer/mounting/ShadowViewMutation.h:62:3: note: add a deprecation attribute to the declaration to silence this warning
   62 |   static ShadowViewMutation RemoveMutation(const ShadowView &parentShadowView, ShadowView childShadowView, int index)
      |   ^
      |   FMT_DEPRECATED 
/Users/jonahmicahinguito/dev/rotaract-connect/ios/Pods/Headers/Public/React-Fabric/react/renderer/mounting/ShadowViewMutation.h:74:7: warning: declaration is marked with '@deprecated' command but does not have a deprecation attribute [-Wdocumentation-deprecated-sync]
   74 |    * @deprecated Pass parentTag instead of parentShadowView.
      |      ~^~~~~~~~~~~~~~~~~~~~~~~~~~~~~~~~~~~~~~~~~~~~~~~~~~~~~~
/Users/jonahmicahinguito/dev/rotaract-connect/ios/Pods/Headers/Public/React-Fabric/react/renderer/mounting/ShadowViewMutation.h:76:3: note: add a deprecation attribute to the declaration to silence this warning
   76 |   static ShadowViewMutation
      |   ^
      |   FMT_DEPRECATED 
/Users/jonahmicahinguito/dev/rotaract-connect/node_modules/react-native/React/Fabric/Mounting/ComponentViews/ScrollView/RCTScrollViewComponentView.mm:73:99: warning: implicit conversion loses integer precision: 'NSInteger' (aka 'long') to 'int' [-Wshorten-64-to-32]
   73 |                                                                  reactTag:[NSNumber numberWithInt:tag]
      |                                                                           ~                       ^~~
4 warnings generated.

/Users/jonahmicahinguito/dev/rotaract-connect/ios/Pods/Headers/Public/React-Fabric/react/renderer/mounting/ShadowViewMutation.h:46:7: Declaration is marked with '@deprecated' command but does not have a deprecation attribute

/Users/jonahmicahinguito/dev/rotaract-connect/ios/Pods/Headers/Public/React-Fabric/react/renderer/mounting/ShadowViewMutation.h:60:7: Declaration is marked with '@deprecated' command but does not have a deprecation attribute

/Users/jonahmicahinguito/dev/rotaract-connect/ios/Pods/Headers/Public/React-Fabric/react/renderer/mounting/ShadowViewMutation.h:74:7: Declaration is marked with '@deprecated' command but does not have a deprecation attribute

/Users/jonahmicahinguito/dev/rotaract-connect/node_modules/react-native/React/Fabric/Mounting/ComponentViews/ScrollView/RCTScrollViewComponentView.mm:73:99: Implicit conversion loses integer precision: 'NSInteger' (aka 'long') to 'int'

CompileC /Users/jonahmicahinguito/Library/Developer/Xcode/DerivedData/rotaractconnect-cjwcbdlngckcsaantafkjnfzfbdk/Build/Intermediates.noindex/Pods.build/Debug-iphoneos/React-RCTFabric.build/Objects-normal/arm64/RCTScheduler.o /Users/jonahmicahinguito/dev/rotaract-connect/node_modules/react-native/React/Fabric/RCTScheduler.mm normal arm64 objective-c++ com.apple.compilers.llvm.clang.1_0.compiler (in target 'React-RCTFabric' from project 'Pods')
    cd /Users/jonahmicahinguito/dev/rotaract-connect/ios/Pods
    
    Using response file: /Users/jonahmicahinguito/Library/Developer/Xcode/DerivedData/rotaractconnect-cjwcbdlngckcsaantafkjnfzfbdk/Build/Intermediates.noindex/Pods.build/Debug-iphoneos/React-RCTFabric.build/Objects-normal/arm64/af3fcb34312c57c0f52879cdce924b91-common-args.resp
    
    /Applications/Xcode.app/Contents/Developer/Toolchains/XcodeDefault.xctoolchain/usr/bin/clang -x objective-c++ -ivfsstatcache /Users/jonahmicahinguito/Library/Developer/Xcode/DerivedData/SDKStatCaches.noindex/iphoneos26.5-23F81a-32daed1954a7d5dd0789fcaf2a9bb78b.sdkstatcache -target arm64-apple-ios15.1 -fmessage-length\=0 -fdiagnostics-show-note-include-stack -fmacro-backtrace-limit\=0 -fno-color-diagnostics -fmodules-prune-interval\=86400 -fmodules-prune-after\=345600 -fbuild-session-file\=/Users/jonahmicahinguito/Library/Developer/Xcode/DerivedData/ModuleCache.noindex/Session.modulevalidation -fmodules-validate-once-per-build-session -Wnon-modular-include-in-framework-module -Werror\=non-modular-include-in-framework-module -Wno-trigraphs -Wno-missing-field-initializers -Wno-missing-prototypes -Werror\=return-type -Wdocumentation -Wunreachable-code -Wno-implicit-atomic-properties -Werror\=deprecated-objc-isa-usage -Wno-objc-interface-ivars -Werror\=objc-root-class -Wno-arc-repeated-use-of-weak -Wimplicit-retain-self -Wno-non-virtual-dtor -Wno-overloaded-virtual -Wno-exit-time-destructors -Wduplicate-method-match -Wno-missing-braces -Wparentheses -Wswitch -Wunused-function -Wno-unused-label -Wno-unused-parameter -Wunused-variable -Wunused-value -Wempty-body -Wuninitialized -Wconditional-uninitialized -Wno-unknown-pragmas -Wno-shadow -Wno-four-char-constants -Wno-conversion -Wconstant-conversion -Wint-conversion -Wbool-conversion -Wenum-conversion -Wno-float-conversion -Wnon-literal-null-conversion -Wobjc-literal-conversion -Wshorten-64-to-32 -Wno-newline-eof -Wno-selector -Wno-strict-selector-match -Wundeclared-selector -Wdeprecated-implementations -Wno-c++11-extensions -Wno-implicit-fallthrough -isysroot /Applications/Xcode.app/Contents/Developer/Platforms/iPhoneOS.platform/Developer/SDKs/iPhoneOS26.5.sdk -fstrict-aliasing -Wprotocol -Wdeprecated-declarations -Winvalid-offsetof -Wno-sign-conversion -Winfinite-recursion -Wmove -Wcomma -Wblock-capture-autoreleasing -Wstrict-prototypes -Wrange-loop-analysis -Wno-semicolon-before-method-body -Wunguarded-availability -index-store-path /Users/jonahmicahinguito/Library/Developer/Xcode/DerivedData/rotaractconnect-cjwcbdlngckcsaantafkjnfzfbdk/Index.noindex/DataStore @/Users/jonahmicahinguito/Library/Developer/Xcode/DerivedData/rotaractconnect-cjwcbdlngckcsaantafkjnfzfbdk/Build/Intermediates.noindex/Pods.build/Debug-iphoneos/React-RCTFabric.build/Objects-normal/arm64/af3fcb34312c57c0f52879cdce924b91-common-args.resp -DRCT_NEW_ARCH_ENABLED\=1 -include /Users/jonahmicahinguito/dev/rotaract-connect/ios/Pods/Target\ Support\ Files/React-RCTFabric/React-RCTFabric-prefix.pch -MMD -MT dependencies -MF /Users/jonahmicahinguito/Library/Developer/Xcode/DerivedData/rotaractconnect-cjwcbdlngckcsaantafkjnfzfbdk/Build/Intermediates.noindex/Pods.build/Debug-iphoneos/React-RCTFabric.build/Objects-normal/arm64/RCTScheduler.d --serialize-diagnostics /Users/jonahmicahinguito/Library/Developer/Xcode/DerivedData/rotaractconnect-cjwcbdlngckcsaantafkjnfzfbdk/Build/Intermediates.noindex/Pods.build/Debug-iphoneos/React-RCTFabric.build/Objects-normal/arm64/RCTScheduler.dia -c /Users/jonahmicahinguito/dev/rotaract-connect/node_modules/react-native/React/Fabric/RCTScheduler.mm -o /Users/jonahmicahinguito/Library/Developer/Xcode/DerivedData/rotaractconnect-cjwcbdlngckcsaantafkjnfzfbdk/Build/Intermediates.noindex/Pods.build/Debug-iphoneos/React-RCTFabric.build/Objects-normal/arm64/RCTScheduler.o -index-unit-output-path /Pods.build/Debug-iphoneos/React-RCTFabric.build/Objects-normal/arm64/RCTScheduler.o

In file included from /Users/jonahmicahinguito/dev/rotaract-connect/node_modules/react-native/React/Fabric/RCTScheduler.mm:8:
In file included from /Users/jonahmicahinguito/dev/rotaract-connect/node_modules/react-native/React/Fabric/RCTScheduler.h:16:
In file included from /Users/jonahmicahinguito/dev/rotaract-connect/ios/Pods/Headers/Public/React-Fabric/react/renderer/mounting/MountingCoordinator.h:15:
In file included from /Users/jonahmicahinguito/dev/rotaract-connect/ios/Pods/Headers/Public/React-Fabric/react/renderer/mounting/Differentiator.h:11:
/Users/jonahmicahinguito/dev/rotaract-connect/ios/Pods/Headers/Public/React-Fabric/react/renderer/mounting/ShadowViewMutation.h:46:7: warning: declaration is marked with '@deprecated' command but does not have a deprecation attribute [-Wdocumentation-deprecated-sync]
   46 |    * @deprecated Pass parentTag instead of parentShadowView.
      |      ~^~~~~~~~~~~~~~~~~~~~~~~~~~~~~~~~~~~~~~~~~~~~~~~~~~~~~~
/Users/jonahmicahinguito/dev/rotaract-connect/ios/Pods/Headers/Public/React-Fabric/react/renderer/mounting/ShadowViewMutation.h:48:3: note: add a deprecation attribute to the declaration to silence this warning
   48 |   static ShadowViewMutation InsertMutation(const ShadowView &parentShadowView, ShadowView childShadowView, int index)
      |   ^
      |   FMT_DEPRECATED 
/Users/jonahmicahinguito/dev/rotaract-connect/ios/Pods/Headers/Public/React-Fabric/react/renderer/mounting/ShadowViewMutation.h:60:7: warning: declaration is marked with '@deprecated' command but does not have a deprecation attribute [-Wdocumentation-deprecated-sync]
   60 |    * @deprecated Pass parentTag instead of parentShadowView.
      |      ~^~~~~~~~~~~~~~~~~~~~~~~~~~~~~~~~~~~~~~~~~~~~~~~~~~~~~~
/Users/jonahmicahinguito/dev/rotaract-connect/ios/Pods/Headers/Public/React-Fabric/react/renderer/mounting/ShadowViewMutation.h:62:3: note: add a deprecation attribute to the declaration to silence this warning
   62 |   static ShadowViewMutation RemoveMutation(const ShadowView &parentShadowView, ShadowView childShadowView, int index)
      |   ^
      |   FMT_DEPRECATED 
/Users/jonahmicahinguito/dev/rotaract-connect/ios/Pods/Headers/Public/React-Fabric/react/renderer/mounting/ShadowViewMutation.h:74:7: warning: declaration is marked with '@deprecated' command but does not have a deprecation attribute [-Wdocumentation-deprecated-sync]
   74 |    * @deprecated Pass parentTag instead of parentShadowView.
      |      ~^~~~~~~~~~~~~~~~~~~~~~~~~~~~~~~~~~~~~~~~~~~~~~~~~~~~~~
/Users/jonahmicahinguito/dev/rotaract-connect/ios/Pods/Headers/Public/React-Fabric/react/renderer/mounting/ShadowViewMutation.h:76:3: note: add a deprecation attribute to the declaration to silence this warning
   76 |   static ShadowViewMutation
      |   ^
      |   FMT_DEPRECATED 
3 warnings generated.

/Users/jonahmicahinguito/dev/rotaract-connect/ios/Pods/Headers/Public/React-Fabric/react/renderer/mounting/ShadowViewMutation.h:46:7: Declaration is marked with '@deprecated' command but does not have a deprecation attribute

/Users/jonahmicahinguito/dev/rotaract-connect/ios/Pods/Headers/Public/React-Fabric/react/renderer/mounting/ShadowViewMutation.h:60:7: Declaration is marked with '@deprecated' command but does not have a deprecation attribute

/Users/jonahmicahinguito/dev/rotaract-connect/ios/Pods/Headers/Public/React-Fabric/react/renderer/mounting/ShadowViewMutation.h:74:7: Declaration is marked with '@deprecated' command but does not have a deprecation attribute

CompileC /Users/jonahmicahinguito/Library/Developer/Xcode/DerivedData/rotaractconnect-cjwcbdlngckcsaantafkjnfzfbdk/Build/Intermediates.noindex/Pods.build/Debug-iphoneos/React-RCTFabric.build/Objects-normal/arm64/RCTPullToRefreshViewComponentView.o /Users/jonahmicahinguito/dev/rotaract-connect/node_modules/react-native/React/Fabric/Mounting/ComponentViews/ScrollView/RCTPullToRefreshViewComponentView.mm normal arm64 objective-c++ com.apple.compilers.llvm.clang.1_0.compiler (in target 'React-RCTFabric' from project 'Pods')
    cd /Users/jonahmicahinguito/dev/rotaract-connect/ios/Pods
    
    Using response file: /Users/jonahmicahinguito/Library/Developer/Xcode/DerivedData/rotaractconnect-cjwcbdlngckcsaantafkjnfzfbdk/Build/Intermediates.noindex/Pods.build/Debug-iphoneos/React-RCTFabric.build/Objects-normal/arm64/af3fcb34312c57c0f52879cdce924b91-common-args.resp
    
    /Applications/Xcode.app/Contents/Developer/Toolchains/XcodeDefault.xctoolchain/usr/bin/clang -x objective-c++ -ivfsstatcache /Users/jonahmicahinguito/Library/Developer/Xcode/DerivedData/SDKStatCaches.noindex/iphoneos26.5-23F81a-32daed1954a7d5dd0789fcaf2a9bb78b.sdkstatcache -target arm64-apple-ios15.1 -fmessage-length\=0 -fdiagnostics-show-note-include-stack -fmacro-backtrace-limit\=0 -fno-color-diagnostics -fmodules-prune-interval\=86400 -fmodules-prune-after\=345600 -fbuild-session-file\=/Users/jonahmicahinguito/Library/Developer/Xcode/DerivedData/ModuleCache.noindex/Session.modulevalidation -fmodules-validate-once-per-build-session -Wnon-modular-include-in-framework-module -Werror\=non-modular-include-in-framework-module -Wno-trigraphs -Wno-missing-field-initializers -Wno-missing-prototypes -Werror\=return-type -Wdocumentation -Wunreachable-code -Wno-implicit-atomic-properties -Werror\=deprecated-objc-isa-usage -Wno-objc-interface-ivars -Werror\=objc-root-class -Wno-arc-repeated-use-of-weak -Wimplicit-retain-self -Wno-non-virtual-dtor -Wno-overloaded-virtual -Wno-exit-time-destructors -Wduplicate-method-match -Wno-missing-braces -Wparentheses -Wswitch -Wunused-function -Wno-unused-label -Wno-unused-parameter -Wunused-variable -Wunused-value -Wempty-body -Wuninitialized -Wconditional-uninitialized -Wno-unknown-pragmas -Wno-shadow -Wno-four-char-constants -Wno-conversion -Wconstant-conversion -Wint-conversion -Wbool-conversion -Wenum-conversion -Wno-float-conversion -Wnon-literal-null-conversion -Wobjc-literal-conversion -Wshorten-64-to-32 -Wno-newline-eof -Wno-selector -Wno-strict-selector-match -Wundeclared-selector -Wdeprecated-implementations -Wno-c++11-extensions -Wno-implicit-fallthrough -isysroot /Applications/Xcode.app/Contents/Developer/Platforms/iPhoneOS.platform/Developer/SDKs/iPhoneOS26.5.sdk -fstrict-aliasing -Wprotocol -Wdeprecated-declarations -Winvalid-offsetof -Wno-sign-conversion -Winfinite-recursion -Wmove -Wcomma -Wblock-capture-autoreleasing -Wstrict-prototypes -Wrange-loop-analysis -Wno-semicolon-before-method-body -Wunguarded-availability -index-store-path /Users/jonahmicahinguito/Library/Developer/Xcode/DerivedData/rotaractconnect-cjwcbdlngckcsaantafkjnfzfbdk/Index.noindex/DataStore @/Users/jonahmicahinguito/Library/Developer/Xcode/DerivedData/rotaractconnect-cjwcbdlngckcsaantafkjnfzfbdk/Build/Intermediates.noindex/Pods.build/Debug-iphoneos/React-RCTFabric.build/Objects-normal/arm64/af3fcb34312c57c0f52879cdce924b91-common-args.resp -DRCT_NEW_ARCH_ENABLED\=1 -include /Users/jonahmicahinguito/dev/rotaract-connect/ios/Pods/Target\ Support\ Files/React-RCTFabric/React-RCTFabric-prefix.pch -MMD -MT dependencies -MF /Users/jonahmicahinguito/Library/Developer/Xcode/DerivedData/rotaractconnect-cjwcbdlngckcsaantafkjnfzfbdk/Build/Intermediates.noindex/Pods.build/Debug-iphoneos/React-RCTFabric.build/Objects-normal/arm64/RCTPullToRefreshViewComponentView.d --serialize-diagnostics /Users/jonahmicahinguito/Library/Developer/Xcode/DerivedData/rotaractconnect-cjwcbdlngckcsaantafkjnfzfbdk/Build/Intermediates.noindex/Pods.build/Debug-iphoneos/React-RCTFabric.build/Objects-normal/arm64/RCTPullToRefreshViewComponentView.dia -c /Users/jonahmicahinguito/dev/rotaract-connect/node_modules/react-native/React/Fabric/Mounting/ComponentViews/ScrollView/RCTPullToRefreshViewComponentView.mm -o /Users/jonahmicahinguito/Library/Developer/Xcode/DerivedData/rotaractconnect-cjwcbdlngckcsaantafkjnfzfbdk/Build/Intermediates.noindex/Pods.build/Debug-iphoneos/React-RCTFabric.build/Objects-normal/arm64/RCTPullToRefreshViewComponentView.o -index-unit-output-path /Pods.build/Debug-iphoneos/React-RCTFabric.build/Objects-normal/arm64/RCTPullToRefreshViewComponentView.o

In file included from /Users/jonahmicahinguito/dev/rotaract-connect/node_modules/react-native/React/Fabric/Mounting/ComponentViews/ScrollView/RCTPullToRefreshViewComponentView.mm:17:
In file included from /Users/jonahmicahinguito/dev/rotaract-connect/ios/Pods/Headers/Private/React-RCTFabric/React/RCTScrollViewComponentView.h:12:
In file included from /Users/jonahmicahinguito/dev/rotaract-connect/ios/Pods/Headers/Private/React-RCTFabric/React/RCTMountingTransactionObserving.h:10:
In file included from /Users/jonahmicahinguito/dev/rotaract-connect/ios/Pods/Headers/Public/React-Fabric/react/renderer/mounting/MountingTransaction.h:10:
/Users/jonahmicahinguito/dev/rotaract-connect/ios/Pods/Headers/Public/React-Fabric/react/renderer/mounting/ShadowViewMutation.h:46:7: warning: declaration is marked with '@deprecated' command but does not have a deprecation attribute [-Wdocumentation-deprecated-sync]
   46 |    * @deprecated Pass parentTag instead of parentShadowView.
      |      ~^~~~~~~~~~~~~~~~~~~~~~~~~~~~~~~~~~~~~~~~~~~~~~~~~~~~~~
/Users/jonahmicahinguito/dev/rotaract-connect/ios/Pods/Headers/Public/React-Fabric/react/renderer/mounting/ShadowViewMutation.h:48:3: note: add a deprecation attribute to the declaration to silence this warning
   48 |   static ShadowViewMutation InsertMutation(const ShadowView &parentShadowView, ShadowView childShadowView, int index)
      |   ^
      |   FMT_DEPRECATED 
/Users/jonahmicahinguito/dev/rotaract-connect/ios/Pods/Headers/Public/React-Fabric/react/renderer/mounting/ShadowViewMutation.h:60:7: warning: declaration is marked with '@deprecated' command but does not have a deprecation attribute [-Wdocumentation-deprecated-sync]
   60 |    * @deprecated Pass parentTag instead of parentShadowView.
      |      ~^~~~~~~~~~~~~~~~~~~~~~~~~~~~~~~~~~~~~~~~~~~~~~~~~~~~~~
/Users/jonahmicahinguito/dev/rotaract-connect/ios/Pods/Headers/Public/React-Fabric/react/renderer/mounting/ShadowViewMutation.h:62:3: note: add a deprecation attribute to the declaration to silence this warning
   62 |   static ShadowViewMutation RemoveMutation(const ShadowView &parentShadowView, ShadowView childShadowView, int index)
      |   ^
      |   FMT_DEPRECATED 
/Users/jonahmicahinguito/dev/rotaract-connect/ios/Pods/Headers/Public/React-Fabric/react/renderer/mounting/ShadowViewMutation.h:74:7: warning: declaration is marked with '@deprecated' command but does not have a deprecation attribute [-Wdocumentation-deprecated-sync]
   74 |    * @deprecated Pass parentTag instead of parentShadowView.
      |      ~^~~~~~~~~~~~~~~~~~~~~~~~~~~~~~~~~~~~~~~~~~~~~~~~~~~~~~
/Users/jonahmicahinguito/dev/rotaract-connect/ios/Pods/Headers/Public/React-Fabric/react/renderer/mounting/ShadowViewMutation.h:76:3: note: add a deprecation attribute to the declaration to silence this warning
   76 |   static ShadowViewMutation
      |   ^
      |   FMT_DEPRECATED 
3 warnings generated.

/Users/jonahmicahinguito/dev/rotaract-connect/ios/Pods/Headers/Public/React-Fabric/react/renderer/mounting/ShadowViewMutation.h:46:7: Declaration is marked with '@deprecated' command but does not have a deprecation attribute

/Users/jonahmicahinguito/dev/rotaract-connect/ios/Pods/Headers/Public/React-Fabric/react/renderer/mounting/ShadowViewMutation.h:60:7: Declaration is marked with '@deprecated' command but does not have a deprecation attribute

/Users/jonahmicahinguito/dev/rotaract-connect/ios/Pods/Headers/Public/React-Fabric/react/renderer/mounting/ShadowViewMutation.h:74:7: Declaration is marked with '@deprecated' command but does not have a deprecation attribute

CompileC /Users/jonahmicahinguito/Library/Developer/Xcode/DerivedData/rotaractconnect-cjwcbdlngckcsaantafkjnfzfbdk/Build/Intermediates.noindex/Pods.build/Debug-iphoneos/React-RCTFabric.build/Objects-normal/arm64/RCTParagraphComponentView.o /Users/jonahmicahinguito/dev/rotaract-connect/node_modules/react-native/React/Fabric/Mounting/ComponentViews/Text/RCTParagraphComponentView.mm normal arm64 objective-c++ com.apple.compilers.llvm.clang.1_0.compiler (in target 'React-RCTFabric' from project 'Pods')
    cd /Users/jonahmicahinguito/dev/rotaract-connect/ios/Pods
    
    Using response file: /Users/jonahmicahinguito/Library/Developer/Xcode/DerivedData/rotaractconnect-cjwcbdlngckcsaantafkjnfzfbdk/Build/Intermediates.noindex/Pods.build/Debug-iphoneos/React-RCTFabric.build/Objects-normal/arm64/af3fcb34312c57c0f52879cdce924b91-common-args.resp
    
    /Applications/Xcode.app/Contents/Developer/Toolchains/XcodeDefault.xctoolchain/usr/bin/clang -x objective-c++ -ivfsstatcache /Users/jonahmicahinguito/Library/Developer/Xcode/DerivedData/SDKStatCaches.noindex/iphoneos26.5-23F81a-32daed1954a7d5dd0789fcaf2a9bb78b.sdkstatcache -target arm64-apple-ios15.1 -fmessage-length\=0 -fdiagnostics-show-note-include-stack -fmacro-backtrace-limit\=0 -fno-color-diagnostics -fmodules-prune-interval\=86400 -fmodules-prune-after\=345600 -fbuild-session-file\=/Users/jonahmicahinguito/Library/Developer/Xcode/DerivedData/ModuleCache.noindex/Session.modulevalidation -fmodules-validate-once-per-build-session -Wnon-modular-include-in-framework-module -Werror\=non-modular-include-in-framework-module -Wno-trigraphs -Wno-missing-field-initializers -Wno-missing-prototypes -Werror\=return-type -Wdocumentation -Wunreachable-code -Wno-implicit-atomic-properties -Werror\=deprecated-objc-isa-usage -Wno-objc-interface-ivars -Werror\=objc-root-class -Wno-arc-repeated-use-of-weak -Wimplicit-retain-self -Wno-non-virtual-dtor -Wno-overloaded-virtual -Wno-exit-time-destructors -Wduplicate-method-match -Wno-missing-braces -Wparentheses -Wswitch -Wunused-function -Wno-unused-label -Wno-unused-parameter -Wunused-variable -Wunused-value -Wempty-body -Wuninitialized -Wconditional-uninitialized -Wno-unknown-pragmas -Wno-shadow -Wno-four-char-constants -Wno-conversion -Wconstant-conversion -Wint-conversion -Wbool-conversion -Wenum-conversion -Wno-float-conversion -Wnon-literal-null-conversion -Wobjc-literal-conversion -Wshorten-64-to-32 -Wno-newline-eof -Wno-selector -Wno-strict-selector-match -Wundeclared-selector -Wdeprecated-implementations -Wno-c++11-extensions -Wno-implicit-fallthrough -isysroot /Applications/Xcode.app/Contents/Developer/Platforms/iPhoneOS.platform/Developer/SDKs/iPhoneOS26.5.sdk -fstrict-aliasing -Wprotocol -Wdeprecated-declarations -Winvalid-offsetof -Wno-sign-conversion -Winfinite-recursion -Wmove -Wcomma -Wblock-capture-autoreleasing -Wstrict-prototypes -Wrange-loop-analysis -Wno-semicolon-before-method-body -Wunguarded-availability -index-store-path /Users/jonahmicahinguito/Library/Developer/Xcode/DerivedData/rotaractconnect-cjwcbdlngckcsaantafkjnfzfbdk/Index.noindex/DataStore @/Users/jonahmicahinguito/Library/Developer/Xcode/DerivedData/rotaractconnect-cjwcbdlngckcsaantafkjnfzfbdk/Build/Intermediates.noindex/Pods.build/Debug-iphoneos/React-RCTFabric.build/Objects-normal/arm64/af3fcb34312c57c0f52879cdce924b91-common-args.resp -DRCT_NEW_ARCH_ENABLED\=1 -include /Users/jonahmicahinguito/dev/rotaract-connect/ios/Pods/Target\ Support\ Files/React-RCTFabric/React-RCTFabric-prefix.pch -MMD -MT dependencies -MF /Users/jonahmicahinguito/Library/Developer/Xcode/DerivedData/rotaractconnect-cjwcbdlngckcsaantafkjnfzfbdk/Build/Intermediates.noindex/Pods.build/Debug-iphoneos/React-RCTFabric.build/Objects-normal/arm64/RCTParagraphComponentView.d --serialize-diagnostics /Users/jonahmicahinguito/Library/Developer/Xcode/DerivedData/rotaractconnect-cjwcbdlngckcsaantafkjnfzfbdk/Build/Intermediates.noindex/Pods.build/Debug-iphoneos/React-RCTFabric.build/Objects-normal/arm64/RCTParagraphComponentView.dia -c /Users/jonahmicahinguito/dev/rotaract-connect/node_modules/react-native/React/Fabric/Mounting/ComponentViews/Text/RCTParagraphComponentView.mm -o /Users/jonahmicahinguito/Library/Developer/Xcode/DerivedData/rotaractconnect-cjwcbdlngckcsaantafkjnfzfbdk/Build/Intermediates.noindex/Pods.build/Debug-iphoneos/React-RCTFabric.build/Objects-normal/arm64/RCTParagraphComponentView.o -index-unit-output-path /Pods.build/Debug-iphoneos/React-RCTFabric.build/Objects-normal/arm64/RCTParagraphComponentView.o

/Users/jonahmicahinguito/dev/rotaract-connect/node_modules/react-native/React/Fabric/Mounting/ComponentViews/Text/RCTParagraphComponentView.mm:358:36: warning: 'kUTTypeFlatRTFD' is deprecated: first deprecated in iOS 15.0 - Use UTTypeFlatRTFD or UTType.flatRTFD (swift) instead. [-Wdeprecated-declarations]
  358 |     [item setObject:rtf forKey:(id)kUTTypeFlatRTFD];
      |                                    ^
In file included from /Users/jonahmicahinguito/dev/rotaract-connect/node_modules/react-native/React/Fabric/Mounting/ComponentViews/Text/RCTParagraphComponentView.mm:11:
In file included from /Applications/Xcode.app/Contents/Developer/Platforms/iPhoneOS.platform/Developer/SDKs/iPhoneOS26.5.sdk/System/Library/Frameworks/MobileCoreServices.framework/Headers/UTCoreTypes.h:16:
/Applications/Xcode.app/Contents/Developer/Platforms/iPhoneOS.platform/Developer/SDKs/iPhoneOS26.5.sdk/System/Library/Frameworks/CoreServices.framework/Headers/UTCoreTypes.h:606:26: note: 'kUTTypeFlatRTFD' has been explicitly marked deprecated here
  606 | extern const CFStringRef kUTTypeFlatRTFD                             API_DEPRECATED("Use UTTypeFlatRTFD or UTType.flatRTFD (swift) instead.", ios(3.0, 15.0), macos(10.4, 12.0), tvos(9.0, 15.0), watchos(1.0, 8.0));
      |                          ^
/Users/jonahmicahinguito/dev/rotaract-connect/node_modules/react-native/React/Fabric/Mounting/ComponentViews/Text/RCTParagraphComponentView.mm:361:52: warning: 'kUTTypeUTF8PlainText' is deprecated: first deprecated in iOS 15.0 - Use UTTypeUTF8PlainText or UTType.utf8PlainText (swift) instead. [-Wdeprecated-declarations]
  361 |   [item setObject:attributedText.string forKey:(id)kUTTypeUTF8PlainText];
      |                                                    ^
In file included from /Users/jonahmicahinguito/dev/rotaract-connect/node_modules/react-native/React/Fabric/Mounting/ComponentViews/Text/RCTParagraphComponentView.mm:11:
In file included from /Applications/Xcode.app/Contents/Developer/Platforms/iPhoneOS.platform/Developer/SDKs/iPhoneOS26.5.sdk/System/Library/Frameworks/MobileCoreServices.framework/Headers/UTCoreTypes.h:16:
/Applications/Xcode.app/Contents/Developer/Platforms/iPhoneOS.platform/Developer/SDKs/iPhoneOS26.5.sdk/System/Library/Frameworks/CoreServices.framework/Headers/UTCoreTypes.h:303:26: note: 'kUTTypeUTF8PlainText' has been explicitly marked deprecated here
  303 | extern const CFStringRef kUTTypeUTF8PlainText                        API_DEPRECATED("Use UTTypeUTF8PlainText or UTType.utf8PlainText (swift) instead.", ios(3.0, 15.0), macos(10.4, 12.0), tvos(9.0, 15.0), watchos(1.0, 8.0));
      |                          ^
2 warnings generated.

/Users/jonahmicahinguito/dev/rotaract-connect/node_modules/react-native/React/Fabric/Mounting/ComponentViews/Text/RCTParagraphComponentView.mm:358:36: 'kUTTypeFlatRTFD' is deprecated: first deprecated in iOS 15.0 - Use UTTypeFlatRTFD or UTType.flatRTFD (swift) instead.

/Users/jonahmicahinguito/dev/rotaract-connect/node_modules/react-native/React/Fabric/Mounting/ComponentViews/Text/RCTParagraphComponentView.mm:361:52: 'kUTTypeUTF8PlainText' is deprecated: first deprecated in iOS 15.0 - Use UTTypeUTF8PlainText or UTType.utf8PlainText (swift) instead.

CompileC /Users/jonahmicahinguito/Library/Developer/Xcode/DerivedData/rotaractconnect-cjwcbdlngckcsaantafkjnfzfbdk/Build/Intermediates.noindex/Pods.build/Debug-iphoneos/React-RCTFabric.build/Objects-normal/arm64/RCTMountingTransactionObserverCoordinator.o /Users/jonahmicahinguito/dev/rotaract-connect/node_modules/react-native/React/Fabric/Mounting/RCTMountingTransactionObserverCoordinator.mm normal arm64 objective-c++ com.apple.compilers.llvm.clang.1_0.compiler (in target 'React-RCTFabric' from project 'Pods')
    cd /Users/jonahmicahinguito/dev/rotaract-connect/ios/Pods
    
    Using response file: /Users/jonahmicahinguito/Library/Developer/Xcode/DerivedData/rotaractconnect-cjwcbdlngckcsaantafkjnfzfbdk/Build/Intermediates.noindex/Pods.build/Debug-iphoneos/React-RCTFabric.build/Objects-normal/arm64/af3fcb34312c57c0f52879cdce924b91-common-args.resp
    
    /Applications/Xcode.app/Contents/Developer/Toolchains/XcodeDefault.xctoolchain/usr/bin/clang -x objective-c++ -ivfsstatcache /Users/jonahmicahinguito/Library/Developer/Xcode/DerivedData/SDKStatCaches.noindex/iphoneos26.5-23F81a-32daed1954a7d5dd0789fcaf2a9bb78b.sdkstatcache -target arm64-apple-ios15.1 -fmessage-length\=0 -fdiagnostics-show-note-include-stack -fmacro-backtrace-limit\=0 -fno-color-diagnostics -fmodules-prune-interval\=86400 -fmodules-prune-after\=345600 -fbuild-session-file\=/Users/jonahmicahinguito/Library/Developer/Xcode/DerivedData/ModuleCache.noindex/Session.modulevalidation -fmodules-validate-once-per-build-session -Wnon-modular-include-in-framework-module -Werror\=non-modular-include-in-framework-module -Wno-trigraphs -Wno-missing-field-initializers -Wno-missing-prototypes -Werror\=return-type -Wdocumentation -Wunreachable-code -Wno-implicit-atomic-properties -Werror\=deprecated-objc-isa-usage -Wno-objc-interface-ivars -Werror\=objc-root-class -Wno-arc-repeated-use-of-weak -Wimplicit-retain-self -Wno-non-virtual-dtor -Wno-overloaded-virtual -Wno-exit-time-destructors -Wduplicate-method-match -Wno-missing-braces -Wparentheses -Wswitch -Wunused-function -Wno-unused-label -Wno-unused-parameter -Wunused-variable -Wunused-value -Wempty-body -Wuninitialized -Wconditional-uninitialized -Wno-unknown-pragmas -Wno-shadow -Wno-four-char-constants -Wno-conversion -Wconstant-conversion -Wint-conversion -Wbool-conversion -Wenum-conversion -Wno-float-conversion -Wnon-literal-null-conversion -Wobjc-literal-conversion -Wshorten-64-to-32 -Wno-newline-eof -Wno-selector -Wno-strict-selector-match -Wundeclared-selector -Wdeprecated-implementations -Wno-c++11-extensions -Wno-implicit-fallthrough -isysroot /Applications/Xcode.app/Contents/Developer/Platforms/iPhoneOS.platform/Developer/SDKs/iPhoneOS26.5.sdk -fstrict-aliasing -Wprotocol -Wdeprecated-declarations -Winvalid-offsetof -Wno-sign-conversion -Winfinite-recursion -Wmove -Wcomma -Wblock-capture-autoreleasing -Wstrict-prototypes -Wrange-loop-analysis -Wno-semicolon-before-method-body -Wunguarded-availability -index-store-path /Users/jonahmicahinguito/Library/Developer/Xcode/DerivedData/rotaractconnect-cjwcbdlngckcsaantafkjnfzfbdk/Index.noindex/DataStore @/Users/jonahmicahinguito/Library/Developer/Xcode/DerivedData/rotaractconnect-cjwcbdlngckcsaantafkjnfzfbdk/Build/Intermediates.noindex/Pods.build/Debug-iphoneos/React-RCTFabric.build/Objects-normal/arm64/af3fcb34312c57c0f52879cdce924b91-common-args.resp -DRCT_NEW_ARCH_ENABLED\=1 -include /Users/jonahmicahinguito/dev/rotaract-connect/ios/Pods/Target\ Support\ Files/React-RCTFabric/React-RCTFabric-prefix.pch -MMD -MT dependencies -MF /Users/jonahmicahinguito/Library/Developer/Xcode/DerivedData/rotaractconnect-cjwcbdlngckcsaantafkjnfzfbdk/Build/Intermediates.noindex/Pods.build/Debug-iphoneos/React-RCTFabric.build/Objects-normal/arm64/RCTMountingTransactionObserverCoordinator.d --serialize-diagnostics /Users/jonahmicahinguito/Library/Developer/Xcode/DerivedData/rotaractconnect-cjwcbdlngckcsaantafkjnfzfbdk/Build/Intermediates.noindex/Pods.build/Debug-iphoneos/React-RCTFabric.build/Objects-normal/arm64/RCTMountingTransactionObserverCoordinator.dia -c /Users/jonahmicahinguito/dev/rotaract-connect/node_modules/react-native/React/Fabric/Mounting/RCTMountingTransactionObserverCoordinator.mm -o /Users/jonahmicahinguito/Library/Developer/Xcode/DerivedData/rotaractconnect-cjwcbdlngckcsaantafkjnfzfbdk/Build/Intermediates.noindex/Pods.build/Debug-iphoneos/React-RCTFabric.build/Objects-normal/arm64/RCTMountingTransactionObserverCoordinator.o -index-unit-output-path /Pods.build/Debug-iphoneos/React-RCTFabric.build/Objects-normal/arm64/RCTMountingTransactionObserverCoordinator.o

In file included from /Users/jonahmicahinguito/dev/rotaract-connect/node_modules/react-native/React/Fabric/Mounting/RCTMountingTransactionObserverCoordinator.mm:8:
In file included from /Users/jonahmicahinguito/dev/rotaract-connect/node_modules/react-native/React/Fabric/Mounting/RCTMountingTransactionObserverCoordinator.h:14:
In file included from /Users/jonahmicahinguito/dev/rotaract-connect/ios/Pods/Headers/Public/React-Fabric/react/renderer/mounting/MountingTransaction.h:10:
/Users/jonahmicahinguito/dev/rotaract-connect/ios/Pods/Headers/Public/React-Fabric/react/renderer/mounting/ShadowViewMutation.h:46:7: warning: declaration is marked with '@deprecated' command but does not have a deprecation attribute [-Wdocumentation-deprecated-sync]
   46 |    * @deprecated Pass parentTag instead of parentShadowView.
      |      ~^~~~~~~~~~~~~~~~~~~~~~~~~~~~~~~~~~~~~~~~~~~~~~~~~~~~~~
/Users/jonahmicahinguito/dev/rotaract-connect/ios/Pods/Headers/Public/React-Fabric/react/renderer/mounting/ShadowViewMutation.h:48:3: note: add a deprecation attribute to the declaration to silence this warning
   48 |   static ShadowViewMutation InsertMutation(const ShadowView &parentShadowView, ShadowView childShadowView, int index)
      |   ^
      |   FMT_DEPRECATED 
/Users/jonahmicahinguito/dev/rotaract-connect/ios/Pods/Headers/Public/React-Fabric/react/renderer/mounting/ShadowViewMutation.h:60:7: warning: declaration is marked with '@deprecated' command but does not have a deprecation attribute [-Wdocumentation-deprecated-sync]
   60 |    * @deprecated Pass parentTag instead of parentShadowView.
      |      ~^~~~~~~~~~~~~~~~~~~~~~~~~~~~~~~~~~~~~~~~~~~~~~~~~~~~~~
/Users/jonahmicahinguito/dev/rotaract-connect/ios/Pods/Headers/Public/React-Fabric/react/renderer/mounting/ShadowViewMutation.h:62:3: note: add a deprecation attribute to the declaration to silence this warning
   62 |   static ShadowViewMutation RemoveMutation(const ShadowView &parentShadowView, ShadowView childShadowView, int index)
      |   ^
      |   FMT_DEPRECATED 
/Users/jonahmicahinguito/dev/rotaract-connect/ios/Pods/Headers/Public/React-Fabric/react/renderer/mounting/ShadowViewMutation.h:74:7: warning: declaration is marked with '@deprecated' command but does not have a deprecation attribute [-Wdocumentation-deprecated-sync]
   74 |    * @deprecated Pass parentTag instead of parentShadowView.
      |      ~^~~~~~~~~~~~~~~~~~~~~~~~~~~~~~~~~~~~~~~~~~~~~~~~~~~~~~
/Users/jonahmicahinguito/dev/rotaract-connect/ios/Pods/Headers/Public/React-Fabric/react/renderer/mounting/ShadowViewMutation.h:76:3: note: add a deprecation attribute to the declaration to silence this warning
   76 |   static ShadowViewMutation
      |   ^
      |   FMT_DEPRECATED 
3 warnings generated.

/Users/jonahmicahinguito/dev/rotaract-connect/ios/Pods/Headers/Public/React-Fabric/react/renderer/mounting/ShadowViewMutation.h:46:7: Declaration is marked with '@deprecated' command but does not have a deprecation attribute

/Users/jonahmicahinguito/dev/rotaract-connect/ios/Pods/Headers/Public/React-Fabric/react/renderer/mounting/ShadowViewMutation.h:60:7: Declaration is marked with '@deprecated' command but does not have a deprecation attribute

/Users/jonahmicahinguito/dev/rotaract-connect/ios/Pods/Headers/Public/React-Fabric/react/renderer/mounting/ShadowViewMutation.h:74:7: Declaration is marked with '@deprecated' command but does not have a deprecation attribute

CompileC /Users/jonahmicahinguito/Library/Developer/Xcode/DerivedData/rotaractconnect-cjwcbdlngckcsaantafkjnfzfbdk/Build/Intermediates.noindex/Pods.build/Debug-iphoneos/React-RCTFabric.build/Objects-normal/arm64/RCTMountingManager.o /Users/jonahmicahinguito/dev/rotaract-connect/node_modules/react-native/React/Fabric/Mounting/RCTMountingManager.mm normal arm64 objective-c++ com.apple.compilers.llvm.clang.1_0.compiler (in target 'React-RCTFabric' from project 'Pods')
    cd /Users/jonahmicahinguito/dev/rotaract-connect/ios/Pods
    
    Using response file: /Users/jonahmicahinguito/Library/Developer/Xcode/DerivedData/rotaractconnect-cjwcbdlngckcsaantafkjnfzfbdk/Build/Intermediates.noindex/Pods.build/Debug-iphoneos/React-RCTFabric.build/Objects-normal/arm64/af3fcb34312c57c0f52879cdce924b91-common-args.resp
    
    /Applications/Xcode.app/Contents/Developer/Toolchains/XcodeDefault.xctoolchain/usr/bin/clang -x objective-c++ -ivfsstatcache /Users/jonahmicahinguito/Library/Developer/Xcode/DerivedData/SDKStatCaches.noindex/iphoneos26.5-23F81a-32daed1954a7d5dd0789fcaf2a9bb78b.sdkstatcache -target arm64-apple-ios15.1 -fmessage-length\=0 -fdiagnostics-show-note-include-stack -fmacro-backtrace-limit\=0 -fno-color-diagnostics -fmodules-prune-interval\=86400 -fmodules-prune-after\=345600 -fbuild-session-file\=/Users/jonahmicahinguito/Library/Developer/Xcode/DerivedData/ModuleCache.noindex/Session.modulevalidation -fmodules-validate-once-per-build-session -Wnon-modular-include-in-framework-module -Werror\=non-modular-include-in-framework-module -Wno-trigraphs -Wno-missing-field-initializers -Wno-missing-prototypes -Werror\=return-type -Wdocumentation -Wunreachable-code -Wno-implicit-atomic-properties -Werror\=deprecated-objc-isa-usage -Wno-objc-interface-ivars -Werror\=objc-root-class -Wno-arc-repeated-use-of-weak -Wimplicit-retain-self -Wno-non-virtual-dtor -Wno-overloaded-virtual -Wno-exit-time-destructors -Wduplicate-method-match -Wno-missing-braces -Wparentheses -Wswitch -Wunused-function -Wno-unused-label -Wno-unused-parameter -Wunused-variable -Wunused-value -Wempty-body -Wuninitialized -Wconditional-uninitialized -Wno-unknown-pragmas -Wno-shadow -Wno-four-char-constants -Wno-conversion -Wconstant-conversion -Wint-conversion -Wbool-conversion -Wenum-conversion -Wno-float-conversion -Wnon-literal-null-conversion -Wobjc-literal-conversion -Wshorten-64-to-32 -Wno-newline-eof -Wno-selector -Wno-strict-selector-match -Wundeclared-selector -Wdeprecated-implementations -Wno-c++11-extensions -Wno-implicit-fallthrough -isysroot /Applications/Xcode.app/Contents/Developer/Platforms/iPhoneOS.platform/Developer/SDKs/iPhoneOS26.5.sdk -fstrict-aliasing -Wprotocol -Wdeprecated-declarations -Winvalid-offsetof -Wno-sign-conversion -Winfinite-recursion -Wmove -Wcomma -Wblock-capture-autoreleasing -Wstrict-prototypes -Wrange-loop-analysis -Wno-semicolon-before-method-body -Wunguarded-availability -index-store-path /Users/jonahmicahinguito/Library/Developer/Xcode/DerivedData/rotaractconnect-cjwcbdlngckcsaantafkjnfzfbdk/Index.noindex/DataStore @/Users/jonahmicahinguito/Library/Developer/Xcode/DerivedData/rotaractconnect-cjwcbdlngckcsaantafkjnfzfbdk/Build/Intermediates.noindex/Pods.build/Debug-iphoneos/React-RCTFabric.build/Objects-normal/arm64/af3fcb34312c57c0f52879cdce924b91-common-args.resp -DRCT_NEW_ARCH_ENABLED\=1 -include /Users/jonahmicahinguito/dev/rotaract-connect/ios/Pods/Target\ Support\ Files/React-RCTFabric/React-RCTFabric-prefix.pch -MMD -MT dependencies -MF /Users/jonahmicahinguito/Library/Developer/Xcode/DerivedData/rotaractconnect-cjwcbdlngckcsaantafkjnfzfbdk/Build/Intermediates.noindex/Pods.build/Debug-iphoneos/React-RCTFabric.build/Objects-normal/arm64/RCTMountingManager.d --serialize-diagnostics /Users/jonahmicahinguito/Library/Developer/Xcode/DerivedData/rotaractconnect-cjwcbdlngckcsaantafkjnfzfbdk/Build/Intermediates.noindex/Pods.build/Debug-iphoneos/React-RCTFabric.build/Objects-normal/arm64/RCTMountingManager.dia -c /Users/jonahmicahinguito/dev/rotaract-connect/node_modules/react-native/React/Fabric/Mounting/RCTMountingManager.mm -o /Users/jonahmicahinguito/Library/Developer/Xcode/DerivedData/rotaractconnect-cjwcbdlngckcsaantafkjnfzfbdk/Build/Intermediates.noindex/Pods.build/Debug-iphoneos/React-RCTFabric.build/Objects-normal/arm64/RCTMountingManager.o -index-unit-output-path /Pods.build/Debug-iphoneos/React-RCTFabric.build/Objects-normal/arm64/RCTMountingManager.o

In file included from /Users/jonahmicahinguito/dev/rotaract-connect/node_modules/react-native/React/Fabric/Mounting/RCTMountingManager.mm:8:
In file included from /Users/jonahmicahinguito/dev/rotaract-connect/node_modules/react-native/React/Fabric/Mounting/RCTMountingManager.h:15:
In file included from /Users/jonahmicahinguito/dev/rotaract-connect/ios/Pods/Headers/Public/React-Fabric/react/renderer/mounting/MountingCoordinator.h:15:
In file included from /Users/jonahmicahinguito/dev/rotaract-connect/ios/Pods/Headers/Public/React-Fabric/react/renderer/mounting/Differentiator.h:11:
/Users/jonahmicahinguito/dev/rotaract-connect/ios/Pods/Headers/Public/React-Fabric/react/renderer/mounting/ShadowViewMutation.h:46:7: warning: declaration is marked with '@deprecated' command but does not have a deprecation attribute [-Wdocumentation-deprecated-sync]
   46 |    * @deprecated Pass parentTag instead of parentShadowView.
      |      ~^~~~~~~~~~~~~~~~~~~~~~~~~~~~~~~~~~~~~~~~~~~~~~~~~~~~~~
/Users/jonahmicahinguito/dev/rotaract-connect/ios/Pods/Headers/Public/React-Fabric/react/renderer/mounting/ShadowViewMutation.h:48:3: note: add a deprecation attribute to the declaration to silence this warning
   48 |   static ShadowViewMutation InsertMutation(const ShadowView &parentShadowView, ShadowView childShadowView, int index)
      |   ^
      |   FMT_DEPRECATED 
/Users/jonahmicahinguito/dev/rotaract-connect/ios/Pods/Headers/Public/React-Fabric/react/renderer/mounting/ShadowViewMutation.h:60:7: warning: declaration is marked with '@deprecated' command but does not have a deprecation attribute [-Wdocumentation-deprecated-sync]
   60 |    * @deprecated Pass parentTag instead of parentShadowView.
      |      ~^~~~~~~~~~~~~~~~~~~~~~~~~~~~~~~~~~~~~~~~~~~~~~~~~~~~~~
/Users/jonahmicahinguito/dev/rotaract-connect/ios/Pods/Headers/Public/React-Fabric/react/renderer/mounting/ShadowViewMutation.h:62:3: note: add a deprecation attribute to the declaration to silence this warning
   62 |   static ShadowViewMutation RemoveMutation(const ShadowView &parentShadowView, ShadowView childShadowView, int index)
      |   ^
      |   FMT_DEPRECATED 
/Users/jonahmicahinguito/dev/rotaract-connect/ios/Pods/Headers/Public/React-Fabric/react/renderer/mounting/ShadowViewMutation.h:74:7: warning: declaration is marked with '@deprecated' command but does not have a deprecation attribute [-Wdocumentation-deprecated-sync]
   74 |    * @deprecated Pass parentTag instead of parentShadowView.
      |      ~^~~~~~~~~~~~~~~~~~~~~~~~~~~~~~~~~~~~~~~~~~~~~~~~~~~~~~
/Users/jonahmicahinguito/dev/rotaract-connect/ios/Pods/Headers/Public/React-Fabric/react/renderer/mounting/ShadowViewMutation.h:76:3: note: add a deprecation attribute to the declaration to silence this warning
   76 |   static ShadowViewMutation
      |   ^
      |   FMT_DEPRECATED 
/Users/jonahmicahinguito/dev/rotaract-connect/node_modules/react-native/React/Fabric/Mounting/RCTMountingManager.mm:35:14: warning: implicit conversion loses integer precision: 'NSInteger' (aka 'long') to 'SurfaceId' (aka 'int') [-Wshorten-64-to-32]
   35 |       return view.tag;
      |       ~~~~~~ ^~~~~~~~
/Users/jonahmicahinguito/dev/rotaract-connect/node_modules/react-native/React/Fabric/Mounting/RCTMountingManager.mm:280:110: warning: implicit conversion loses integer precision: 'const ReactTag' (aka 'const long') to 'facebook::react::Tag' (aka 'int') [-Wshorten-64-to-32]
  280 |     UIView<RCTComponentViewProtocol> *componentView = [self->_componentViewRegistry findComponentViewWithTag:reactTag];
      |                                                       ~                                                      ^~~~~~~~
/Users/jonahmicahinguito/dev/rotaract-connect/node_modules/react-native/React/Fabric/Mounting/RCTMountingManager.mm:293:102: warning: implicit conversion loses integer precision: 'ReactTag' (aka 'long') to 'facebook::react::Tag' (aka 'int') [-Wshorten-64-to-32]
  293 |   UIView<RCTComponentViewProtocol> *componentView = [_componentViewRegistry findComponentViewWithTag:reactTag];
      |                                                     ~                                                ^~~~~~~~
/Users/jonahmicahinguito/dev/rotaract-connect/node_modules/react-native/React/Fabric/Mounting/RCTMountingManager.mm:338:102: warning: implicit conversion loses integer precision: 'ReactTag' (aka 'long') to 'facebook::react::Tag' (aka 'int') [-Wshorten-64-to-32]
  338 |   UIView<RCTComponentViewProtocol> *componentView = [_componentViewRegistry findComponentViewWithTag:reactTag];
      |                                                     ~                                                ^~~~~~~~
/Users/jonahmicahinguito/dev/rotaract-connect/node_modules/react-native/React/Fabric/Mounting/RCTMountingManager.mm:345:104: warning: implicit conversion loses integer precision: 'ReactTag' (aka 'long') to 'facebook::react::Tag' (aka 'int') [-Wshorten-64-to-32]
  345 |     UIView<RCTComponentViewProtocol> *componentView = [_componentViewRegistry findComponentViewWithTag:reactTag];
      |                                                       ~                                                ^~~~~~~~
8 warnings generated.

/Users/jonahmicahinguito/dev/rotaract-connect/ios/Pods/Headers/Public/React-Fabric/react/renderer/mounting/ShadowViewMutation.h:46:7: Declaration is marked with '@deprecated' command but does not have a deprecation attribute

/Users/jonahmicahinguito/dev/rotaract-connect/ios/Pods/Headers/Public/React-Fabric/react/renderer/mounting/ShadowViewMutation.h:60:7: Declaration is marked with '@deprecated' command but does not have a deprecation attribute

/Users/jonahmicahinguito/dev/rotaract-connect/ios/Pods/Headers/Public/React-Fabric/react/renderer/mounting/ShadowViewMutation.h:74:7: Declaration is marked with '@deprecated' command but does not have a deprecation attribute

/Users/jonahmicahinguito/dev/rotaract-connect/node_modules/react-native/React/Fabric/Mounting/RCTMountingManager.mm:35:14: Implicit conversion loses integer precision: 'NSInteger' (aka 'long') to 'SurfaceId' (aka 'int')

/Users/jonahmicahinguito/dev/rotaract-connect/node_modules/react-native/React/Fabric/Mounting/RCTMountingManager.mm:280:110: Implicit conversion loses integer precision: 'const ReactTag' (aka 'const long') to 'facebook::react::Tag' (aka 'int')

/Users/jonahmicahinguito/dev/rotaract-connect/node_modules/react-native/React/Fabric/Mounting/RCTMountingManager.mm:293:102: Implicit conversion loses integer precision: 'ReactTag' (aka 'long') to 'facebook::react::Tag' (aka 'int')

/Users/jonahmicahinguito/dev/rotaract-connect/node_modules/react-native/React/Fabric/Mounting/RCTMountingManager.mm:338:102: Implicit conversion loses integer precision: 'ReactTag' (aka 'long') to 'facebook::react::Tag' (aka 'int')

/Users/jonahmicahinguito/dev/rotaract-connect/node_modules/react-native/React/Fabric/Mounting/RCTMountingManager.mm:345:104: Implicit conversion loses integer precision: 'ReactTag' (aka 'long') to 'facebook::react::Tag' (aka 'int')

CompileC /Users/jonahmicahinguito/Library/Developer/Xcode/DerivedData/rotaractconnect-cjwcbdlngckcsaantafkjnfzfbdk/Build/Intermediates.noindex/Pods.build/Debug-iphoneos/React-RCTFabric.build/Objects-normal/arm64/RCTFabricSurface.o /Users/jonahmicahinguito/dev/rotaract-connect/node_modules/react-native/React/Fabric/Surface/RCTFabricSurface.mm normal arm64 objective-c++ com.apple.compilers.llvm.clang.1_0.compiler (in target 'React-RCTFabric' from project 'Pods')
    cd /Users/jonahmicahinguito/dev/rotaract-connect/ios/Pods
    
    Using response file: /Users/jonahmicahinguito/Library/Developer/Xcode/DerivedData/rotaractconnect-cjwcbdlngckcsaantafkjnfzfbdk/Build/Intermediates.noindex/Pods.build/Debug-iphoneos/React-RCTFabric.build/Objects-normal/arm64/af3fcb34312c57c0f52879cdce924b91-common-args.resp
    
    /Applications/Xcode.app/Contents/Developer/Toolchains/XcodeDefault.xctoolchain/usr/bin/clang -x objective-c++ -ivfsstatcache /Users/jonahmicahinguito/Library/Developer/Xcode/DerivedData/SDKStatCaches.noindex/iphoneos26.5-23F81a-32daed1954a7d5dd0789fcaf2a9bb78b.sdkstatcache -target arm64-apple-ios15.1 -fmessage-length\=0 -fdiagnostics-show-note-include-stack -fmacro-backtrace-limit\=0 -fno-color-diagnostics -fmodules-prune-interval\=86400 -fmodules-prune-after\=345600 -fbuild-session-file\=/Users/jonahmicahinguito/Library/Developer/Xcode/DerivedData/ModuleCache.noindex/Session.modulevalidation -fmodules-validate-once-per-build-session -Wnon-modular-include-in-framework-module -Werror\=non-modular-include-in-framework-module -Wno-trigraphs -Wno-missing-field-initializers -Wno-missing-prototypes -Werror\=return-type -Wdocumentation -Wunreachable-code -Wno-implicit-atomic-properties -Werror\=deprecated-objc-isa-usage -Wno-objc-interface-ivars -Werror\=objc-root-class -Wno-arc-repeated-use-of-weak -Wimplicit-retain-self -Wno-non-virtual-dtor -Wno-overloaded-virtual -Wno-exit-time-destructors -Wduplicate-method-match -Wno-missing-braces -Wparentheses -Wswitch -Wunused-function -Wno-unused-label -Wno-unused-parameter -Wunused-variable -Wunused-value -Wempty-body -Wuninitialized -Wconditional-uninitialized -Wno-unknown-pragmas -Wno-shadow -Wno-four-char-constants -Wno-conversion -Wconstant-conversion -Wint-conversion -Wbool-conversion -Wenum-conversion -Wno-float-conversion -Wnon-literal-null-conversion -Wobjc-literal-conversion -Wshorten-64-to-32 -Wno-newline-eof -Wno-selector -Wno-strict-selector-match -Wundeclared-selector -Wdeprecated-implementations -Wno-c++11-extensions -Wno-implicit-fallthrough -isysroot /Applications/Xcode.app/Contents/Developer/Platforms/iPhoneOS.platform/Developer/SDKs/iPhoneOS26.5.sdk -fstrict-aliasing -Wprotocol -Wdeprecated-declarations -Winvalid-offsetof -Wno-sign-conversion -Winfinite-recursion -Wmove -Wcomma -Wblock-capture-autoreleasing -Wstrict-prototypes -Wrange-loop-analysis -Wno-semicolon-before-method-body -Wunguarded-availability -index-store-path /Users/jonahmicahinguito/Library/Developer/Xcode/DerivedData/rotaractconnect-cjwcbdlngckcsaantafkjnfzfbdk/Index.noindex/DataStore @/Users/jonahmicahinguito/Library/Developer/Xcode/DerivedData/rotaractconnect-cjwcbdlngckcsaantafkjnfzfbdk/Build/Intermediates.noindex/Pods.build/Debug-iphoneos/React-RCTFabric.build/Objects-normal/arm64/af3fcb34312c57c0f52879cdce924b91-common-args.resp -DRCT_NEW_ARCH_ENABLED\=1 -include /Users/jonahmicahinguito/dev/rotaract-connect/ios/Pods/Target\ Support\ Files/React-RCTFabric/React-RCTFabric-prefix.pch -MMD -MT dependencies -MF /Users/jonahmicahinguito/Library/Developer/Xcode/DerivedData/rotaractconnect-cjwcbdlngckcsaantafkjnfzfbdk/Build/Intermediates.noindex/Pods.build/Debug-iphoneos/React-RCTFabric.build/Objects-normal/arm64/RCTFabricSurface.d --serialize-diagnostics /Users/jonahmicahinguito/Library/Developer/Xcode/DerivedData/rotaractconnect-cjwcbdlngckcsaantafkjnfzfbdk/Build/Intermediates.noindex/Pods.build/Debug-iphoneos/React-RCTFabric.build/Objects-normal/arm64/RCTFabricSurface.dia -c /Users/jonahmicahinguito/dev/rotaract-connect/node_modules/react-native/React/Fabric/Surface/RCTFabricSurface.mm -o /Users/jonahmicahinguito/Library/Developer/Xcode/DerivedData/rotaractconnect-cjwcbdlngckcsaantafkjnfzfbdk/Build/Intermediates.noindex/Pods.build/Debug-iphoneos/React-RCTFabric.build/Objects-normal/arm64/RCTFabricSurface.o -index-unit-output-path /Pods.build/Debug-iphoneos/React-RCTFabric.build/Objects-normal/arm64/RCTFabricSurface.o

In file included from /Users/jonahmicahinguito/dev/rotaract-connect/node_modules/react-native/React/Fabric/Surface/RCTFabricSurface.mm:16:
In file included from /Users/jonahmicahinguito/dev/rotaract-connect/ios/Pods/Headers/Private/React-RCTFabric/React/RCTMountingManager.h:15:
In file included from /Users/jonahmicahinguito/dev/rotaract-connect/ios/Pods/Headers/Public/React-Fabric/react/renderer/mounting/MountingCoordinator.h:15:
In file included from /Users/jonahmicahinguito/dev/rotaract-connect/ios/Pods/Headers/Public/React-Fabric/react/renderer/mounting/Differentiator.h:11:
/Users/jonahmicahinguito/dev/rotaract-connect/ios/Pods/Headers/Public/React-Fabric/react/renderer/mounting/ShadowViewMutation.h:46:7: warning: declaration is marked with '@deprecated' command but does not have a deprecation attribute [-Wdocumentation-deprecated-sync]
   46 |    * @deprecated Pass parentTag instead of parentShadowView.
      |      ~^~~~~~~~~~~~~~~~~~~~~~~~~~~~~~~~~~~~~~~~~~~~~~~~~~~~~~
/Users/jonahmicahinguito/dev/rotaract-connect/ios/Pods/Headers/Public/React-Fabric/react/renderer/mounting/ShadowViewMutation.h:48:3: note: add a deprecation attribute to the declaration to silence this warning
   48 |   static ShadowViewMutation InsertMutation(const ShadowView &parentShadowView, ShadowView childShadowView, int index)
      |   ^
      |   FMT_DEPRECATED 
/Users/jonahmicahinguito/dev/rotaract-connect/ios/Pods/Headers/Public/React-Fabric/react/renderer/mounting/ShadowViewMutation.h:60:7: warning: declaration is marked with '@deprecated' command but does not have a deprecation attribute [-Wdocumentation-deprecated-sync]
   60 |    * @deprecated Pass parentTag instead of parentShadowView.
      |      ~^~~~~~~~~~~~~~~~~~~~~~~~~~~~~~~~~~~~~~~~~~~~~~~~~~~~~~
/Users/jonahmicahinguito/dev/rotaract-connect/ios/Pods/Headers/Public/React-Fabric/react/renderer/mounting/ShadowViewMutation.h:62:3: note: add a deprecation attribute to the declaration to silence this warning
   62 |   static ShadowViewMutation RemoveMutation(const ShadowView &parentShadowView, ShadowView childShadowView, int index)
      |   ^
      |   FMT_DEPRECATED 
/Users/jonahmicahinguito/dev/rotaract-connect/ios/Pods/Headers/Public/React-Fabric/react/renderer/mounting/ShadowViewMutation.h:74:7: warning: declaration is marked with '@deprecated' command but does not have a deprecation attribute [-Wdocumentation-deprecated-sync]
   74 |    * @deprecated Pass parentTag instead of parentShadowView.
      |      ~^~~~~~~~~~~~~~~~~~~~~~~~~~~~~~~~~~~~~~~~~~~~~~~~~~~~~~
/Users/jonahmicahinguito/dev/rotaract-connect/ios/Pods/Headers/Public/React-Fabric/react/renderer/mounting/ShadowViewMutation.h:76:3: note: add a deprecation attribute to the declaration to silence this warning
   76 |   static ShadowViewMutation
      |   ^
      |   FMT_DEPRECATED 
/Users/jonahmicahinguito/dev/rotaract-connect/node_modules/react-native/React/Fabric/Surface/RCTFabricSurface.mm:173:24: warning: 'RCTSurface' is deprecated: This API will be removed along with the legacy architecture. [-Wdeprecated-declarations]
  173 |     [delegate surface:(RCTSurface *)self didChangeStage:stage];
      |                        ^
In file included from /Users/jonahmicahinguito/dev/rotaract-connect/node_modules/react-native/React/Fabric/Surface/RCTFabricSurface.mm:17:
In file included from /Users/jonahmicahinguito/dev/rotaract-connect/ios/Pods/Headers/Public/React-Core/React/RCTSurfaceDelegate.h:10:
/Users/jonahmicahinguito/dev/rotaract-connect/ios/Pods/Headers/Public/React-Core/React/RCTSurface.h:37:1: note: 'RCTSurface' has been explicitly marked deprecated here
   37 | __deprecated_msg("This API will be removed along with the legacy architecture.") @interface RCTSurface
      | ^
In file included from <built-in>:1:
In file included from /Users/jonahmicahinguito/dev/rotaract-connect/ios/Pods/Target Support Files/React-RCTFabric/React-RCTFabric-prefix.pch:2:
In file included from /Applications/Xcode.app/Contents/Developer/Platforms/iPhoneOS.platform/Developer/SDKs/iPhoneOS26.5.sdk/System/Library/Frameworks/UIKit.framework/Headers/UIKit.h:8:
In file included from /Applications/Xcode.app/Contents/Developer/Platforms/iPhoneOS.platform/Developer/SDKs/iPhoneOS26.5.sdk/System/Library/Frameworks/Foundation.framework/Headers/Foundation.h:6:
In file included from /Applications/Xcode.app/Contents/Developer/Platforms/iPhoneOS.platform/Developer/SDKs/iPhoneOS26.5.sdk/System/Library/Frameworks/CoreFoundation.framework/Headers/CoreFoundation.h:18:
In file included from /Applications/Xcode.app/Contents/Developer/Platforms/iPhoneOS.platform/Developer/SDKs/iPhoneOS26.5.sdk/usr/include/sys/types.h:75:
/Applications/Xcode.app/Contents/Developer/Platforms/iPhoneOS.platform/Developer/SDKs/iPhoneOS26.5.sdk/usr/include/sys/cdefs.h:227:48: note: expanded from macro '__deprecated_msg'
  227 |         #define __deprecated_msg(_msg) __attribute__((__deprecated__(_msg)))
      |                                                       ^
4 warnings generated.

/Users/jonahmicahinguito/dev/rotaract-connect/ios/Pods/Headers/Public/React-Fabric/react/renderer/mounting/ShadowViewMutation.h:46:7: Declaration is marked with '@deprecated' command but does not have a deprecation attribute

/Users/jonahmicahinguito/dev/rotaract-connect/ios/Pods/Headers/Public/React-Fabric/react/renderer/mounting/ShadowViewMutation.h:60:7: Declaration is marked with '@deprecated' command but does not have a deprecation attribute

/Users/jonahmicahinguito/dev/rotaract-connect/ios/Pods/Headers/Public/React-Fabric/react/renderer/mounting/ShadowViewMutation.h:74:7: Declaration is marked with '@deprecated' command but does not have a deprecation attribute

/Users/jonahmicahinguito/dev/rotaract-connect/node_modules/react-native/React/Fabric/Surface/RCTFabricSurface.mm:173:24: 'RCTSurface' is deprecated: This API will be removed along with the legacy architecture.

CompileC /Users/jonahmicahinguito/Library/Developer/Xcode/DerivedData/rotaractconnect-cjwcbdlngckcsaantafkjnfzfbdk/Build/Intermediates.noindex/Pods.build/Debug-iphoneos/React-RCTFabric.build/Objects-normal/arm64/RCTComponentViewFactory.o /Users/jonahmicahinguito/dev/rotaract-connect/node_modules/react-native/React/Fabric/Mounting/RCTComponentViewFactory.mm normal arm64 objective-c++ com.apple.compilers.llvm.clang.1_0.compiler (in target 'React-RCTFabric' from project 'Pods')
    cd /Users/jonahmicahinguito/dev/rotaract-connect/ios/Pods
    
    Using response file: /Users/jonahmicahinguito/Library/Developer/Xcode/DerivedData/rotaractconnect-cjwcbdlngckcsaantafkjnfzfbdk/Build/Intermediates.noindex/Pods.build/Debug-iphoneos/React-RCTFabric.build/Objects-normal/arm64/af3fcb34312c57c0f52879cdce924b91-common-args.resp
    
    /Applications/Xcode.app/Contents/Developer/Toolchains/XcodeDefault.xctoolchain/usr/bin/clang -x objective-c++ -ivfsstatcache /Users/jonahmicahinguito/Library/Developer/Xcode/DerivedData/SDKStatCaches.noindex/iphoneos26.5-23F81a-32daed1954a7d5dd0789fcaf2a9bb78b.sdkstatcache -target arm64-apple-ios15.1 -fmessage-length\=0 -fdiagnostics-show-note-include-stack -fmacro-backtrace-limit\=0 -fno-color-diagnostics -fmodules-prune-interval\=86400 -fmodules-prune-after\=345600 -fbuild-session-file\=/Users/jonahmicahinguito/Library/Developer/Xcode/DerivedData/ModuleCache.noindex/Session.modulevalidation -fmodules-validate-once-per-build-session -Wnon-modular-include-in-framework-module -Werror\=non-modular-include-in-framework-module -Wno-trigraphs -Wno-missing-field-initializers -Wno-missing-prototypes -Werror\=return-type -Wdocumentation -Wunreachable-code -Wno-implicit-atomic-properties -Werror\=deprecated-objc-isa-usage -Wno-objc-interface-ivars -Werror\=objc-root-class -Wno-arc-repeated-use-of-weak -Wimplicit-retain-self -Wno-non-virtual-dtor -Wno-overloaded-virtual -Wno-exit-time-destructors -Wduplicate-method-match -Wno-missing-braces -Wparentheses -Wswitch -Wunused-function -Wno-unused-label -Wno-unused-parameter -Wunused-variable -Wunused-value -Wempty-body -Wuninitialized -Wconditional-uninitialized -Wno-unknown-pragmas -Wno-shadow -Wno-four-char-constants -Wno-conversion -Wconstant-conversion -Wint-conversion -Wbool-conversion -Wenum-conversion -Wno-float-conversion -Wnon-literal-null-conversion -Wobjc-literal-conversion -Wshorten-64-to-32 -Wno-newline-eof -Wno-selector -Wno-strict-selector-match -Wundeclared-selector -Wdeprecated-implementations -Wno-c++11-extensions -Wno-implicit-fallthrough -isysroot /Applications/Xcode.app/Contents/Developer/Platforms/iPhoneOS.platform/Developer/SDKs/iPhoneOS26.5.sdk -fstrict-aliasing -Wprotocol -Wdeprecated-declarations -Winvalid-offsetof -Wno-sign-conversion -Winfinite-recursion -Wmove -Wcomma -Wblock-capture-autoreleasing -Wstrict-prototypes -Wrange-loop-analysis -Wno-semicolon-before-method-body -Wunguarded-availability -index-store-path /Users/jonahmicahinguito/Library/Developer/Xcode/DerivedData/rotaractconnect-cjwcbdlngckcsaantafkjnfzfbdk/Index.noindex/DataStore @/Users/jonahmicahinguito/Library/Developer/Xcode/DerivedData/rotaractconnect-cjwcbdlngckcsaantafkjnfzfbdk/Build/Intermediates.noindex/Pods.build/Debug-iphoneos/React-RCTFabric.build/Objects-normal/arm64/af3fcb34312c57c0f52879cdce924b91-common-args.resp -DRCT_NEW_ARCH_ENABLED\=1 -include /Users/jonahmicahinguito/dev/rotaract-connect/ios/Pods/Target\ Support\ Files/React-RCTFabric/React-RCTFabric-prefix.pch -MMD -MT dependencies -MF /Users/jonahmicahinguito/Library/Developer/Xcode/DerivedData/rotaractconnect-cjwcbdlngckcsaantafkjnfzfbdk/Build/Intermediates.noindex/Pods.build/Debug-iphoneos/React-RCTFabric.build/Objects-normal/arm64/RCTComponentViewFactory.d --serialize-diagnostics /Users/jonahmicahinguito/Library/Developer/Xcode/DerivedData/rotaractconnect-cjwcbdlngckcsaantafkjnfzfbdk/Build/Intermediates.noindex/Pods.build/Debug-iphoneos/React-RCTFabric.build/Objects-normal/arm64/RCTComponentViewFactory.dia -c /Users/jonahmicahinguito/dev/rotaract-connect/node_modules/react-native/React/Fabric/Mounting/RCTComponentViewFactory.mm -o /Users/jonahmicahinguito/Library/Developer/Xcode/DerivedData/rotaractconnect-cjwcbdlngckcsaantafkjnfzfbdk/Build/Intermediates.noindex/Pods.build/Debug-iphoneos/React-RCTFabric.build/Objects-normal/arm64/RCTComponentViewFactory.o -index-unit-output-path /Pods.build/Debug-iphoneos/React-RCTFabric.build/Objects-normal/arm64/RCTComponentViewFactory.o

In file included from /Users/jonahmicahinguito/dev/rotaract-connect/node_modules/react-native/React/Fabric/Mounting/RCTComponentViewFactory.mm:36:
In file included from /Users/jonahmicahinguito/dev/rotaract-connect/ios/Pods/Headers/Private/React-RCTFabric/React/RCTMountingTransactionObserving.h:10:
In file included from /Users/jonahmicahinguito/dev/rotaract-connect/ios/Pods/Headers/Public/React-Fabric/react/renderer/mounting/MountingTransaction.h:10:
/Users/jonahmicahinguito/dev/rotaract-connect/ios/Pods/Headers/Public/React-Fabric/react/renderer/mounting/ShadowViewMutation.h:46:7: warning: declaration is marked with '@deprecated' command but does not have a deprecation attribute [-Wdocumentation-deprecated-sync]
   46 |    * @deprecated Pass parentTag instead of parentShadowView.
      |      ~^~~~~~~~~~~~~~~~~~~~~~~~~~~~~~~~~~~~~~~~~~~~~~~~~~~~~~
/Users/jonahmicahinguito/dev/rotaract-connect/ios/Pods/Headers/Public/React-Fabric/react/renderer/mounting/ShadowViewMutation.h:48:3: note: add a deprecation attribute to the declaration to silence this warning
   48 |   static ShadowViewMutation InsertMutation(const ShadowView &parentShadowView, ShadowView childShadowView, int index)
      |   ^
      |   FMT_DEPRECATED 
/Users/jonahmicahinguito/dev/rotaract-connect/ios/Pods/Headers/Public/React-Fabric/react/renderer/mounting/ShadowViewMutation.h:60:7: warning: declaration is marked with '@deprecated' command but does not have a deprecation attribute [-Wdocumentation-deprecated-sync]
   60 |    * @deprecated Pass parentTag instead of parentShadowView.
      |      ~^~~~~~~~~~~~~~~~~~~~~~~~~~~~~~~~~~~~~~~~~~~~~~~~~~~~~~
/Users/jonahmicahinguito/dev/rotaract-connect/ios/Pods/Headers/Public/React-Fabric/react/renderer/mounting/ShadowViewMutation.h:62:3: note: add a deprecation attribute to the declaration to silence this warning
   62 |   static ShadowViewMutation RemoveMutation(const ShadowView &parentShadowView, ShadowView childShadowView, int index)
      |   ^
      |   FMT_DEPRECATED 
/Users/jonahmicahinguito/dev/rotaract-connect/ios/Pods/Headers/Public/React-Fabric/react/renderer/mounting/ShadowViewMutation.h:74:7: warning: declaration is marked with '@deprecated' command but does not have a deprecation attribute [-Wdocumentation-deprecated-sync]
   74 |    * @deprecated Pass parentTag instead of parentShadowView.
      |      ~^~~~~~~~~~~~~~~~~~~~~~~~~~~~~~~~~~~~~~~~~~~~~~~~~~~~~~
/Users/jonahmicahinguito/dev/rotaract-connect/ios/Pods/Headers/Public/React-Fabric/react/renderer/mounting/ShadowViewMutation.h:76:3: note: add a deprecation attribute to the declaration to silence this warning
   76 |   static ShadowViewMutation
      |   ^
      |   FMT_DEPRECATED 
3 warnings generated.

/Users/jonahmicahinguito/dev/rotaract-connect/ios/Pods/Headers/Public/React-Fabric/react/renderer/mounting/ShadowViewMutation.h:46:7: Declaration is marked with '@deprecated' command but does not have a deprecation attribute

/Users/jonahmicahinguito/dev/rotaract-connect/ios/Pods/Headers/Public/React-Fabric/react/renderer/mounting/ShadowViewMutation.h:60:7: Declaration is marked with '@deprecated' command but does not have a deprecation attribute

/Users/jonahmicahinguito/dev/rotaract-connect/ios/Pods/Headers/Public/React-Fabric/react/renderer/mounting/ShadowViewMutation.h:74:7: Declaration is marked with '@deprecated' command but does not have a deprecation attribute


Build target React-RCTFBReactNativeSpec of project Pods with configuration Debug
note: Run script build phase '[CP-User] [RN]Check FBReactNativeSpec' will be run during every build because the option to run the script phase "Based on dependency analysis" is unchecked. (in target 'React-RCTFBReactNativeSpec' from project 'Pods')


Run script build phase '[CP-User] [RN]Check FBReactNativeSpec' will be run during every build because the option to run the script phase "Based on dependency analysis" is unchecked.

Libtool /Users/jonahmicahinguito/Library/Developer/Xcode/DerivedData/rotaractconnect-cjwcbdlngckcsaantafkjnfzfbdk/Build/Products/Debug-iphoneos/React-RCTFBReactNativeSpec/libReact-RCTFBReactNativeSpec.a normal (in target 'React-RCTFBReactNativeSpec' from project 'Pods')
    cd /Users/jonahmicahinguito/dev/rotaract-connect/ios/Pods
    /Applications/Xcode.app/Contents/Developer/Toolchains/XcodeDefault.xctoolchain/usr/bin/libtool -static -arch_only arm64 -D -syslibroot /Applications/Xcode.app/Contents/Developer/Platforms/iPhoneOS.platform/Developer/SDKs/iPhoneOS26.5.sdk -L/Users/jonahmicahinguito/Library/Developer/Xcode/DerivedData/rotaractconnect-cjwcbdlngckcsaantafkjnfzfbdk/Build/Products/Debug-iphoneos/React-RCTFBReactNativeSpec -filelist /Users/jonahmicahinguito/Library/Developer/Xcode/DerivedData/rotaractconnect-cjwcbdlngckcsaantafkjnfzfbdk/Build/Intermediates.noindex/Pods.build/Debug-iphoneos/React-RCTFBReactNativeSpec.build/Objects-normal/arm64/React-RCTFBReactNativeSpec.LinkFileList -dependency_info /Users/jonahmicahinguito/Library/Developer/Xcode/DerivedData/rotaractconnect-cjwcbdlngckcsaantafkjnfzfbdk/Build/Intermediates.noindex/Pods.build/Debug-iphoneos/React-RCTFBReactNativeSpec.build/Objects-normal/arm64/React-RCTFBReactNativeSpec_libtool_dependency_info.dat -o /Users/jonahmicahinguito/Library/Developer/Xcode/DerivedData/rotaractconnect-cjwcbdlngckcsaantafkjnfzfbdk/Build/Products/Debug-iphoneos/React-RCTFBReactNativeSpec/libReact-RCTFBReactNativeSpec.a

libtool: warning: 'States.o' has no symbols

'States.o' has no symbols


Build target React-RCTAppDelegate of project Pods with configuration Debug

CompileC /Users/jonahmicahinguito/Library/Developer/Xcode/DerivedData/rotaractconnect-cjwcbdlngckcsaantafkjnfzfbdk/Build/Intermediates.noindex/Pods.build/Debug-iphoneos/React-RCTAppDelegate.build/Objects-normal/arm64/RCTRootViewFactory.o /Users/jonahmicahinguito/dev/rotaract-connect/node_modules/react-native/Libraries/AppDelegate/RCTRootViewFactory.mm normal arm64 objective-c++ com.apple.compilers.llvm.clang.1_0.compiler (in target 'React-RCTAppDelegate' from project 'Pods')
    cd /Users/jonahmicahinguito/dev/rotaract-connect/ios/Pods
    
    Using response file: /Users/jonahmicahinguito/Library/Developer/Xcode/DerivedData/rotaractconnect-cjwcbdlngckcsaantafkjnfzfbdk/Build/Intermediates.noindex/Pods.build/Debug-iphoneos/React-RCTAppDelegate.build/Objects-normal/arm64/af3fcb34312c57c0f52879cdce924b91-common-args.resp
    
    /Applications/Xcode.app/Contents/Developer/Toolchains/XcodeDefault.xctoolchain/usr/bin/clang -x objective-c++ -ivfsstatcache /Users/jonahmicahinguito/Library/Developer/Xcode/DerivedData/SDKStatCaches.noindex/iphoneos26.5-23F81a-32daed1954a7d5dd0789fcaf2a9bb78b.sdkstatcache -target arm64-apple-ios15.1 -fmessage-length\=0 -fdiagnostics-show-note-include-stack -fmacro-backtrace-limit\=0 -fno-color-diagnostics -fmodules-prune-interval\=86400 -fmodules-prune-after\=345600 -fbuild-session-file\=/Users/jonahmicahinguito/Library/Developer/Xcode/DerivedData/ModuleCache.noindex/Session.modulevalidation -fmodules-validate-once-per-build-session -Wnon-modular-include-in-framework-module -Werror\=non-modular-include-in-framework-module -Wno-trigraphs -Wno-missing-field-initializers -Wno-missing-prototypes -Werror\=return-type -Wdocumentation -Wunreachable-code -Wno-implicit-atomic-properties -Werror\=deprecated-objc-isa-usage -Wno-objc-interface-ivars -Werror\=objc-root-class -Wno-arc-repeated-use-of-weak -Wimplicit-retain-self -Wno-non-virtual-dtor -Wno-overloaded-virtual -Wno-exit-time-destructors -Wduplicate-method-match -Wno-missing-braces -Wparentheses -Wswitch -Wunused-function -Wno-unused-label -Wno-unused-parameter -Wunused-variable -Wunused-value -Wempty-body -Wuninitialized -Wconditional-uninitialized -Wno-unknown-pragmas -Wno-shadow -Wno-four-char-constants -Wno-conversion -Wconstant-conversion -Wint-conversion -Wbool-conversion -Wenum-conversion -Wno-float-conversion -Wnon-literal-null-conversion -Wobjc-literal-conversion -Wshorten-64-to-32 -Wno-newline-eof -Wno-selector -Wno-strict-selector-match -Wundeclared-selector -Wdeprecated-implementations -Wno-c++11-extensions -Wno-implicit-fallthrough -isysroot /Applications/Xcode.app/Contents/Developer/Platforms/iPhoneOS.platform/Developer/SDKs/iPhoneOS26.5.sdk -fstrict-aliasing -Wprotocol -Wdeprecated-declarations -Winvalid-offsetof -Wno-sign-conversion -Winfinite-recursion -Wmove -Wcomma -Wblock-capture-autoreleasing -Wstrict-prototypes -Wrange-loop-analysis -Wno-semicolon-before-method-body -Wunguarded-availability -index-store-path /Users/jonahmicahinguito/Library/Developer/Xcode/DerivedData/rotaractconnect-cjwcbdlngckcsaantafkjnfzfbdk/Index.noindex/DataStore @/Users/jonahmicahinguito/Library/Developer/Xcode/DerivedData/rotaractconnect-cjwcbdlngckcsaantafkjnfzfbdk/Build/Intermediates.noindex/Pods.build/Debug-iphoneos/React-RCTAppDelegate.build/Objects-normal/arm64/af3fcb34312c57c0f52879cdce924b91-common-args.resp -DRCT_NEW_ARCH_ENABLED\=1-DUSE_HERMES\=1 -include /Users/jonahmicahinguito/dev/rotaract-connect/ios/Pods/Target\ Support\ Files/React-RCTAppDelegate/React-RCTAppDelegate-prefix.pch -MMD -MT dependencies -MF /Users/jonahmicahinguito/Library/Developer/Xcode/DerivedData/rotaractconnect-cjwcbdlngckcsaantafkjnfzfbdk/Build/Intermediates.noindex/Pods.build/Debug-iphoneos/React-RCTAppDelegate.build/Objects-normal/arm64/RCTRootViewFactory.d --serialize-diagnostics /Users/jonahmicahinguito/Library/Developer/Xcode/DerivedData/rotaractconnect-cjwcbdlngckcsaantafkjnfzfbdk/Build/Intermediates.noindex/Pods.build/Debug-iphoneos/React-RCTAppDelegate.build/Objects-normal/arm64/RCTRootViewFactory.dia -c /Users/jonahmicahinguito/dev/rotaract-connect/node_modules/react-native/Libraries/AppDelegate/RCTRootViewFactory.mm -o /Users/jonahmicahinguito/Library/Developer/Xcode/DerivedData/rotaractconnect-cjwcbdlngckcsaantafkjnfzfbdk/Build/Intermediates.noindex/Pods.build/Debug-iphoneos/React-RCTAppDelegate.build/Objects-normal/arm64/RCTRootViewFactory.o -index-unit-output-path /Pods.build/Debug-iphoneos/React-RCTAppDelegate.build/Objects-normal/arm64/RCTRootViewFactory.o

In file included from /Users/jonahmicahinguito/dev/rotaract-connect/node_modules/react-native/Libraries/AppDelegate/RCTRootViewFactory.mm:16:
In file included from /Users/jonahmicahinguito/dev/rotaract-connect/node_modules/react-native/Libraries/AppDelegate/RCTAppDelegate.h:9:
In file included from /Users/jonahmicahinguito/dev/rotaract-connect/node_modules/react-native/Libraries/AppDelegate/RCTDefaultReactNativeFactoryDelegate.h:9:
In file included from /Users/jonahmicahinguito/dev/rotaract-connect/node_modules/react-native/Libraries/AppDelegate/RCTReactNativeFactory.h:15:
/Users/jonahmicahinguito/dev/rotaract-connect/node_modules/react-native/Libraries/AppDelegate/RCTUIConfiguratorProtocol.h:40:28: warning: 'RCTRootView' is deprecated: This API will be removed along with the legacy architecture. [-Wdeprecated-declarations]
   40 | - (void)customizeRootView:(RCTRootView *)rootView;
      |                            ^
In file included from /Users/jonahmicahinguito/dev/rotaract-connect/node_modules/react-native/Libraries/AppDelegate/RCTRootViewFactory.mm:8:
In file included from /Users/jonahmicahinguito/dev/rotaract-connect/node_modules/react-native/Libraries/AppDelegate/RCTRootViewFactory.h:9:
/Users/jonahmicahinguito/dev/rotaract-connect/ios/Pods/Headers/Public/React-Core/React/RCTRootView.h:52:1: note: 'RCTRootView' has been explicitly marked deprecated here
   52 | __deprecated_msg("This API will be removed along with the legacy architecture.") @interface RCTRootView : UIView
      | ^
In file included from <built-in>:1:
In file included from /Users/jonahmicahinguito/dev/rotaract-connect/ios/Pods/Target Support Files/React-RCTAppDelegate/React-RCTAppDelegate-prefix.pch:2:
In file included from /Applications/Xcode.app/Contents/Developer/Platforms/iPhoneOS.platform/Developer/SDKs/iPhoneOS26.5.sdk/System/Library/Frameworks/UIKit.framework/Headers/UIKit.h:8:
In file included from /Applications/Xcode.app/Contents/Developer/Platforms/iPhoneOS.platform/Developer/SDKs/iPhoneOS26.5.sdk/System/Library/Frameworks/Foundation.framework/Headers/Foundation.h:6:
In file included from /Applications/Xcode.app/Contents/Developer/Platforms/iPhoneOS.platform/Developer/SDKs/iPhoneOS26.5.sdk/System/Library/Frameworks/CoreFoundation.framework/Headers/CoreFoundation.h:18:
In file included from /Applications/Xcode.app/Contents/Developer/Platforms/iPhoneOS.platform/Developer/SDKs/iPhoneOS26.5.sdk/usr/include/sys/types.h:75:
/Applications/Xcode.app/Contents/Developer/Platforms/iPhoneOS.platform/Developer/SDKs/iPhoneOS26.5.sdk/usr/include/sys/cdefs.h:227:48: note: expanded from macro '__deprecated_msg'
  227 |         #define __deprecated_msg(_msg) __attribute__((__deprecated__(_msg)))
      |                                                       ^
In file included from /Users/jonahmicahinguito/dev/rotaract-connect/node_modules/react-native/Libraries/AppDelegate/RCTRootViewFactory.mm:17:
/Users/jonahmicahinguito/dev/rotaract-connect/node_modules/react-native/Libraries/AppDelegate/RCTAppSetupUtils.h:36:34: warning: 'JSExecutorFactory' is deprecated: This API will be removed along with the legacy architecture. [-Wdeprecated-declarations]
   36 | std::unique_ptr<facebook::react::JSExecutorFactory> RCTAppSetupDefaultJsExecutorFactory(
      |                                  ^
In file included from /Users/jonahmicahinguito/dev/rotaract-connect/node_modules/react-native/Libraries/AppDelegate/RCTRootViewFactory.mm:17:
In file included from /Users/jonahmicahinguito/dev/rotaract-connect/node_modules/react-native/Libraries/AppDelegate/RCTAppSetupUtils.h:17:
In file included from /Users/jonahmicahinguito/dev/rotaract-connect/ios/Pods/Headers/Public/React-hermes/reacthermes/HermesExecutorFactory.h:11:
In file included from /Users/jonahmicahinguito/dev/rotaract-connect/ios/Pods/Headers/Public/React-jsiexecutor/jsireact/JSIExecutor.h:11:
/Users/jonahmicahinguito/dev/rotaract-connect/ios/Pods/Headers/Public/React-cxxreact/cxxreact/JSExecutor.h:48:9: note: 'JSExecutorFactory' has been explicitly marked deprecated here
   48 | class [[deprecated("This API will be removed along with the legacy architecture.")]] JSExecutorFactory {
      |         ^
/Users/jonahmicahinguito/dev/rotaract-connect/node_modules/react-native/Libraries/AppDelegate/RCTRootViewFactory.mm:46:16: warning: designated initializer should only invoke a designated initializer on 'super' [-Wobjc-designated-initializers]
   46 |   return [self initWithBundleURLBlock:bundleURLBlock];
      |                ^
In file included from /Users/jonahmicahinguito/dev/rotaract-connect/node_modules/react-native/Libraries/AppDelegate/RCTRootViewFactory.mm:8:
/Users/jonahmicahinguito/dev/rotaract-connect/node_modules/react-native/Libraries/AppDelegate/RCTRootViewFactory.h:77:1: note: method marked as designated initializer of the class here
   77 | - (instancetype)initWithBundleURLBlock:(RCTBundleURLBlock)bundleURLBlock
      | ^
/Users/jonahmicahinguito/dev/rotaract-connect/node_modules/react-native/Libraries/AppDelegate/RCTRootViewFactory.mm:64:21: warning: convenience initializer should not invoke an initializer on 'super' [-Wobjc-designated-initializers]
   64 |   if (self = [super init]) {
      |                     ^
/Users/jonahmicahinguito/dev/rotaract-connect/node_modules/react-native/Libraries/AppDelegate/RCTRootViewFactory.mm:59:1: warning: convenience initializer missing a 'self' call to another initializer [-Wobjc-designated-initializers]
   59 | - (instancetype)initWithBundleURLBlock:(RCTBundleURLBlock)bundleURLBlock
      | ^
/Users/jonahmicahinguito/dev/rotaract-connect/node_modules/react-native/Libraries/AppDelegate/RCTRootViewFactory.mm:75:21: warning: convenience initializer should not invoke an initializer on 'super' [-Wobjc-designated-initializers]
   75 |   if (self = [super init]) {
      |                     ^
/Users/jonahmicahinguito/dev/rotaract-connect/node_modules/react-native/Libraries/AppDelegate/RCTRootViewFactory.mm:73:1: warning: convenience initializer missing a 'self' call to another initializer [-Wobjc-designated-initializers]
   73 | - (instancetype)initWithBundleURLBlock:(RCTBundleURLBlock)bundleURLBlock
      | ^
/Users/jonahmicahinguito/dev/rotaract-connect/node_modules/react-native/Libraries/AppDelegate/RCTRootViewFactory.mm:37:17: warning: method override for the designated initializer of the superclass '-init' not found [-Wobjc-designated-initializers]
   37 | @implementation RCTRootViewFactoryConfiguration
      |                 ^
In file included from <built-in>:1:
In file included from /Users/jonahmicahinguito/dev/rotaract-connect/ios/Pods/Target Support Files/React-RCTAppDelegate/React-RCTAppDelegate-prefix.pch:2:
In file included from /Applications/Xcode.app/Contents/Developer/Platforms/iPhoneOS.platform/Developer/SDKs/iPhoneOS26.5.sdk/System/Library/Frameworks/UIKit.framework/Headers/UIKit.h:8:
In file included from /Applications/Xcode.app/Contents/Developer/Platforms/iPhoneOS.platform/Developer/SDKs/iPhoneOS26.5.sdk/System/Library/Frameworks/Foundation.framework/Headers/Foundation.h:6:
In file included from /Applications/Xcode.app/Contents/Developer/Platforms/iPhoneOS.platform/Developer/SDKs/iPhoneOS26.5.sdk/System/Library/Frameworks/CoreFoundation.framework/Headers/CoreFoundation.h:76:
In file included from /Applications/Xcode.app/Contents/Developer/Platforms/iPhoneOS.platform/Developer/SDKs/iPhoneOS26.5.sdk/System/Library/Frameworks/CoreFoundation.framework/Headers/CFPropertyList.h:18:
In file included from /Applications/Xcode.app/Contents/Developer/Platforms/iPhoneOS.platform/Developer/SDKs/iPhoneOS26.5.sdk/System/Library/Frameworks/CoreFoundation.framework/Headers/CFStream.h:20:
In file included from /Applications/Xcode.app/Contents/Developer/Platforms/iPhoneOS.platform/Developer/SDKs/iPhoneOS26.5.sdk/usr/include/dispatch/dispatch.h:63:
In file included from /Applications/Xcode.app/Contents/Developer/Platforms/iPhoneOS.platform/Developer/SDKs/iPhoneOS26.5.sdk/usr/include/os/object.h:114:
/Applications/Xcode.app/Contents/Developer/Platforms/iPhoneOS.platform/Developer/SDKs/iPhoneOS26.5.sdk/usr/include/objc/NSObject.h:66:1: note: method marked as designated initializer of the class here
   66 | - (instancetype)init
      | ^
/Users/jonahmicahinguito/dev/rotaract-connect/node_modules/react-native/Libraries/AppDelegate/RCTRootViewFactory.mm:223:37: warning: 'JSExecutorFactory' is deprecated: This API will be removed along with the legacy architecture. [-Wdeprecated-declarations]
  223 | - (std::unique_ptr<facebook::react::JSExecutorFactory>)jsExecutorFactoryForBridge:(RCTBridge *)bridge
      |                                     ^
In file included from /Users/jonahmicahinguito/dev/rotaract-connect/node_modules/react-native/Libraries/AppDelegate/RCTRootViewFactory.mm:17:
In file included from /Users/jonahmicahinguito/dev/rotaract-connect/node_modules/react-native/Libraries/AppDelegate/RCTAppSetupUtils.h:17:
In file included from /Users/jonahmicahinguito/dev/rotaract-connect/ios/Pods/Headers/Public/React-hermes/reacthermes/HermesExecutorFactory.h:11:
In file included from /Users/jonahmicahinguito/dev/rotaract-connect/ios/Pods/Headers/Public/React-jsiexecutor/jsireact/JSIExecutor.h:11:
/Users/jonahmicahinguito/dev/rotaract-connect/ios/Pods/Headers/Public/React-cxxreact/cxxreact/JSExecutor.h:48:9: note: 'JSExecutorFactory' has been explicitly marked deprecated here
   48 | class [[deprecated("This API will be removed along with the legacy architecture.")]] JSExecutorFactory {
      |         ^
/Users/jonahmicahinguito/dev/rotaract-connect/node_modules/react-native/Libraries/AppDelegate/RCTRootViewFactory.mm:206:29: warning: 'initWithDelegate:launchOptions:' is deprecated: This API will be removed along with the legacy architecture. [-Wdeprecated-declarations]
  206 |   return [[RCTBridge alloc] initWithDelegate:delegate launchOptions:launchOptions];
      |                             ^
In file included from /Users/jonahmicahinguito/dev/rotaract-connect/node_modules/react-native/Libraries/AppDelegate/RCTRootViewFactory.mm:8:
In file included from /Users/jonahmicahinguito/dev/rotaract-connect/node_modules/react-native/Libraries/AppDelegate/RCTRootViewFactory.h:8:
/Users/jonahmicahinguito/dev/rotaract-connect/ios/Pods/Headers/Public/React-Core/React/RCTBridge.h:108:5: note: 'initWithDelegate:launchOptions:' has been explicitly marked deprecated here
  108 |     __deprecated_msg("This API will be removed along with the legacy architecture.");
      |     ^
In file included from <built-in>:1:
In file included from /Users/jonahmicahinguito/dev/rotaract-connect/ios/Pods/Target Support Files/React-RCTAppDelegate/React-RCTAppDelegate-prefix.pch:2:
In file included from /Applications/Xcode.app/Contents/Developer/Platforms/iPhoneOS.platform/Developer/SDKs/iPhoneOS26.5.sdk/System/Library/Frameworks/UIKit.framework/Headers/UIKit.h:8:
In file included from /Applications/Xcode.app/Contents/Developer/Platforms/iPhoneOS.platform/Developer/SDKs/iPhoneOS26.5.sdk/System/Library/Frameworks/Foundation.framework/Headers/Foundation.h:6:
In file included from /Applications/Xcode.app/Contents/Developer/Platforms/iPhoneOS.platform/Developer/SDKs/iPhoneOS26.5.sdk/System/Library/Frameworks/CoreFoundation.framework/Headers/CoreFoundation.h:18:
In file included from /Applications/Xcode.app/Contents/Developer/Platforms/iPhoneOS.platform/Developer/SDKs/iPhoneOS26.5.sdk/usr/include/sys/types.h:75:
/Applications/Xcode.app/Contents/Developer/Platforms/iPhoneOS.platform/Developer/SDKs/iPhoneOS26.5.sdk/usr/include/sys/cdefs.h:227:48: note: expanded from macro '__deprecated_msg'
  227 |         #define __deprecated_msg(_msg) __attribute__((__deprecated__(_msg)))
      |                                                       ^
/Users/jonahmicahinguito/dev/rotaract-connect/node_modules/react-native/Libraries/AppDelegate/RCTRootViewFactory.mm:213:22: warning: 'RCTAppSetupDefaultRootView' is deprecated: RCTAppSetupDefaultRootView(RCTBridge *, NSString *, NSDictionary *, BOOL) is deprecated and it's signature will change when we remove the legacy arch [-Wdeprecated-declarations]
  213 |   UIView *rootView = RCTAppSetupDefaultRootView(bridge, moduleName, initProps, YES);
      |                      ^
In file included from /Users/jonahmicahinguito/dev/rotaract-connect/node_modules/react-native/Libraries/AppDelegate/RCTRootViewFactory.mm:17:
/Users/jonahmicahinguito/dev/rotaract-connect/node_modules/react-native/Libraries/AppDelegate/RCTAppSetupUtils.h:56:20: note: 'RCTAppSetupDefaultRootView' has been explicitly marked deprecated here
   56 |     __attribute__((deprecated(
      |                    ^
11 warnings generated.

/Users/jonahmicahinguito/dev/rotaract-connect/node_modules/react-native/Libraries/AppDelegate/RCTUIConfiguratorProtocol.h:40:28: 'RCTRootView' is deprecated: This API will be removed along with the legacy architecture.

/Users/jonahmicahinguito/dev/rotaract-connect/node_modules/react-native/Libraries/AppDelegate/RCTAppSetupUtils.h:36:34: 'JSExecutorFactory' is deprecated: This API will be removed along with the legacy architecture.

/Users/jonahmicahinguito/dev/rotaract-connect/node_modules/react-native/Libraries/AppDelegate/RCTRootViewFactory.mm:46:16: Designated initializer should only invoke a designated initializer on 'super'

/Users/jonahmicahinguito/dev/rotaract-connect/node_modules/react-native/Libraries/AppDelegate/RCTRootViewFactory.mm:64:21: Convenience initializer should not invoke an initializer on 'super'

/Users/jonahmicahinguito/dev/rotaract-connect/node_modules/react-native/Libraries/AppDelegate/RCTRootViewFactory.mm:59:1: Convenience initializer missing a 'self' call to another initializer

/Users/jonahmicahinguito/dev/rotaract-connect/node_modules/react-native/Libraries/AppDelegate/RCTRootViewFactory.mm:75:21: Convenience initializer should not invoke an initializer on 'super'

/Users/jonahmicahinguito/dev/rotaract-connect/node_modules/react-native/Libraries/AppDelegate/RCTRootViewFactory.mm:73:1: Convenience initializer missing a 'self' call to another initializer

/Users/jonahmicahinguito/dev/rotaract-connect/node_modules/react-native/Libraries/AppDelegate/RCTRootViewFactory.mm:37:17: Method override for the designated initializer of the superclass '-init' not found

/Users/jonahmicahinguito/dev/rotaract-connect/node_modules/react-native/Libraries/AppDelegate/RCTRootViewFactory.mm:223:37: 'JSExecutorFactory' is deprecated: This API will be removed along with the legacy architecture.

/Users/jonahmicahinguito/dev/rotaract-connect/node_modules/react-native/Libraries/AppDelegate/RCTRootViewFactory.mm:206:29: 'initWithDelegate:launchOptions:' is deprecated: This API will be removed along with the legacy architecture.

/Users/jonahmicahinguito/dev/rotaract-connect/node_modules/react-native/Libraries/AppDelegate/RCTRootViewFactory.mm:213:22: 'RCTAppSetupDefaultRootView' is deprecated: RCTAppSetupDefaultRootView(RCTBridge *, NSString *, NSDictionary *, BOOL) is deprecated and it's signature will change when we remove the legacy arch

CompileC /Users/jonahmicahinguito/Library/Developer/Xcode/DerivedData/rotaractconnect-cjwcbdlngckcsaantafkjnfzfbdk/Build/Intermediates.noindex/Pods.build/Debug-iphoneos/React-RCTAppDelegate.build/Objects-normal/arm64/RCTReactNativeFactory.o /Users/jonahmicahinguito/dev/rotaract-connect/node_modules/react-native/Libraries/AppDelegate/RCTReactNativeFactory.mm normal arm64 objective-c++ com.apple.compilers.llvm.clang.1_0.compiler (in target 'React-RCTAppDelegate' from project 'Pods')
    cd /Users/jonahmicahinguito/dev/rotaract-connect/ios/Pods
    
    Using response file: /Users/jonahmicahinguito/Library/Developer/Xcode/DerivedData/rotaractconnect-cjwcbdlngckcsaantafkjnfzfbdk/Build/Intermediates.noindex/Pods.build/Debug-iphoneos/React-RCTAppDelegate.build/Objects-normal/arm64/af3fcb34312c57c0f52879cdce924b91-common-args.resp
    
    /Applications/Xcode.app/Contents/Developer/Toolchains/XcodeDefault.xctoolchain/usr/bin/clang -x objective-c++ -ivfsstatcache /Users/jonahmicahinguito/Library/Developer/Xcode/DerivedData/SDKStatCaches.noindex/iphoneos26.5-23F81a-32daed1954a7d5dd0789fcaf2a9bb78b.sdkstatcache -target arm64-apple-ios15.1 -fmessage-length\=0 -fdiagnostics-show-note-include-stack -fmacro-backtrace-limit\=0 -fno-color-diagnostics -fmodules-prune-interval\=86400 -fmodules-prune-after\=345600 -fbuild-session-file\=/Users/jonahmicahinguito/Library/Developer/Xcode/DerivedData/ModuleCache.noindex/Session.modulevalidation -fmodules-validate-once-per-build-session -Wnon-modular-include-in-framework-module -Werror\=non-modular-include-in-framework-module -Wno-trigraphs -Wno-missing-field-initializers -Wno-missing-prototypes -Werror\=return-type -Wdocumentation -Wunreachable-code -Wno-implicit-atomic-properties -Werror\=deprecated-objc-isa-usage -Wno-objc-interface-ivars -Werror\=objc-root-class -Wno-arc-repeated-use-of-weak -Wimplicit-retain-self -Wno-non-virtual-dtor -Wno-overloaded-virtual -Wno-exit-time-destructors -Wduplicate-method-match -Wno-missing-braces -Wparentheses -Wswitch -Wunused-function -Wno-unused-label -Wno-unused-parameter -Wunused-variable -Wunused-value -Wempty-body -Wuninitialized -Wconditional-uninitialized -Wno-unknown-pragmas -Wno-shadow -Wno-four-char-constants -Wno-conversion -Wconstant-conversion -Wint-conversion -Wbool-conversion -Wenum-conversion -Wno-float-conversion -Wnon-literal-null-conversion -Wobjc-literal-conversion -Wshorten-64-to-32 -Wno-newline-eof -Wno-selector -Wno-strict-selector-match -Wundeclared-selector -Wdeprecated-implementations -Wno-c++11-extensions -Wno-implicit-fallthrough -isysroot /Applications/Xcode.app/Contents/Developer/Platforms/iPhoneOS.platform/Developer/SDKs/iPhoneOS26.5.sdk -fstrict-aliasing -Wprotocol -Wdeprecated-declarations -Winvalid-offsetof -Wno-sign-conversion -Winfinite-recursion -Wmove -Wcomma -Wblock-capture-autoreleasing -Wstrict-prototypes -Wrange-loop-analysis -Wno-semicolon-before-method-body -Wunguarded-availability -index-store-path /Users/jonahmicahinguito/Library/Developer/Xcode/DerivedData/rotaractconnect-cjwcbdlngckcsaantafkjnfzfbdk/Index.noindex/DataStore @/Users/jonahmicahinguito/Library/Developer/Xcode/DerivedData/rotaractconnect-cjwcbdlngckcsaantafkjnfzfbdk/Build/Intermediates.noindex/Pods.build/Debug-iphoneos/React-RCTAppDelegate.build/Objects-normal/arm64/af3fcb34312c57c0f52879cdce924b91-common-args.resp -DRCT_NEW_ARCH_ENABLED\=1-DUSE_HERMES\=1 -include /Users/jonahmicahinguito/dev/rotaract-connect/ios/Pods/Target\ Support\ Files/React-RCTAppDelegate/React-RCTAppDelegate-prefix.pch -MMD -MT dependencies -MF /Users/jonahmicahinguito/Library/Developer/Xcode/DerivedData/rotaractconnect-cjwcbdlngckcsaantafkjnfzfbdk/Build/Intermediates.noindex/Pods.build/Debug-iphoneos/React-RCTAppDelegate.build/Objects-normal/arm64/RCTReactNativeFactory.d --serialize-diagnostics /Users/jonahmicahinguito/Library/Developer/Xcode/DerivedData/rotaractconnect-cjwcbdlngckcsaantafkjnfzfbdk/Build/Intermediates.noindex/Pods.build/Debug-iphoneos/React-RCTAppDelegate.build/Objects-normal/arm64/RCTReactNativeFactory.dia -c /Users/jonahmicahinguito/dev/rotaract-connect/node_modules/react-native/Libraries/AppDelegate/RCTReactNativeFactory.mm -o /Users/jonahmicahinguito/Library/Developer/Xcode/DerivedData/rotaractconnect-cjwcbdlngckcsaantafkjnfzfbdk/Build/Intermediates.noindex/Pods.build/Debug-iphoneos/React-RCTAppDelegate.build/Objects-normal/arm64/RCTReactNativeFactory.o -index-unit-output-path /Pods.build/Debug-iphoneos/React-RCTAppDelegate.build/Objects-normal/arm64/RCTReactNativeFactory.o

In file included from /Users/jonahmicahinguito/dev/rotaract-connect/node_modules/react-native/Libraries/AppDelegate/RCTReactNativeFactory.mm:8:
In file included from /Users/jonahmicahinguito/dev/rotaract-connect/node_modules/react-native/Libraries/AppDelegate/RCTReactNativeFactory.h:15:
/Users/jonahmicahinguito/dev/rotaract-connect/node_modules/react-native/Libraries/AppDelegate/RCTUIConfiguratorProtocol.h:40:28: warning: 'RCTRootView' is deprecated: This API will be removed along with the legacy architecture. [-Wdeprecated-declarations]
   40 | - (void)customizeRootView:(RCTRootView *)rootView;
      |                            ^
In file included from /Users/jonahmicahinguito/dev/rotaract-connect/node_modules/react-native/Libraries/AppDelegate/RCTReactNativeFactory.mm:8:
In file included from /Users/jonahmicahinguito/dev/rotaract-connect/node_modules/react-native/Libraries/AppDelegate/RCTReactNativeFactory.h:14:
In file included from /Users/jonahmicahinguito/dev/rotaract-connect/node_modules/react-native/Libraries/AppDelegate/RCTRootViewFactory.h:9:
/Users/jonahmicahinguito/dev/rotaract-connect/ios/Pods/Headers/Public/React-Core/React/RCTRootView.h:52:1: note: 'RCTRootView' has been explicitly marked deprecated here
   52 | __deprecated_msg("This API will be removed along with the legacy architecture.") @interface RCTRootView : UIView
      | ^
In file included from <built-in>:1:
In file included from /Users/jonahmicahinguito/dev/rotaract-connect/ios/Pods/Target Support Files/React-RCTAppDelegate/React-RCTAppDelegate-prefix.pch:2:
In file included from /Applications/Xcode.app/Contents/Developer/Platforms/iPhoneOS.platform/Developer/SDKs/iPhoneOS26.5.sdk/System/Library/Frameworks/UIKit.framework/Headers/UIKit.h:8:
In file included from /Applications/Xcode.app/Contents/Developer/Platforms/iPhoneOS.platform/Developer/SDKs/iPhoneOS26.5.sdk/System/Library/Frameworks/Foundation.framework/Headers/Foundation.h:6:
In file included from /Applications/Xcode.app/Contents/Developer/Platforms/iPhoneOS.platform/Developer/SDKs/iPhoneOS26.5.sdk/System/Library/Frameworks/CoreFoundation.framework/Headers/CoreFoundation.h:18:
In file included from /Applications/Xcode.app/Contents/Developer/Platforms/iPhoneOS.platform/Developer/SDKs/iPhoneOS26.5.sdk/usr/include/sys/types.h:75:
/Applications/Xcode.app/Contents/Developer/Platforms/iPhoneOS.platform/Developer/SDKs/iPhoneOS26.5.sdk/usr/include/sys/cdefs.h:227:48: note: expanded from macro '__deprecated_msg'
  227 |         #define __deprecated_msg(_msg) __attribute__((__deprecated__(_msg)))
      |                                                       ^
In file included from /Users/jonahmicahinguito/dev/rotaract-connect/node_modules/react-native/Libraries/AppDelegate/RCTReactNativeFactory.mm:23:
/Users/jonahmicahinguito/dev/rotaract-connect/node_modules/react-native/Libraries/AppDelegate/RCTAppSetupUtils.h:36:34: warning: 'JSExecutorFactory' is deprecated: This API will be removed along with the legacy architecture. [-Wdeprecated-declarations]
   36 | std::unique_ptr<facebook::react::JSExecutorFactory> RCTAppSetupDefaultJsExecutorFactory(
      |                                  ^
In file included from /Users/jonahmicahinguito/dev/rotaract-connect/node_modules/react-native/Libraries/AppDelegate/RCTReactNativeFactory.mm:23:
In file included from /Users/jonahmicahinguito/dev/rotaract-connect/node_modules/react-native/Libraries/AppDelegate/RCTAppSetupUtils.h:17:
In file included from /Users/jonahmicahinguito/dev/rotaract-connect/ios/Pods/Headers/Public/React-hermes/reacthermes/HermesExecutorFactory.h:11:
In file included from /Users/jonahmicahinguito/dev/rotaract-connect/ios/Pods/Headers/Public/React-jsiexecutor/jsireact/JSIExecutor.h:11:
/Users/jonahmicahinguito/dev/rotaract-connect/ios/Pods/Headers/Public/React-cxxreact/cxxreact/JSExecutor.h:48:9: note: 'JSExecutorFactory' has been explicitly marked deprecated here
   48 | class [[deprecated("This API will be removed along with the legacy architecture.")]] JSExecutorFactory {
      |         ^
/Users/jonahmicahinguito/dev/rotaract-connect/node_modules/react-native/Libraries/AppDelegate/RCTReactNativeFactory.mm:209:1: warning: implementing deprecated method [-Wdeprecated-implementations]
  209 | - (NSArray<id<RCTBridgeModule>> *)extraModulesForBridge:(RCTBridge *)bridge
      | ^
In file included from /Users/jonahmicahinguito/dev/rotaract-connect/node_modules/react-native/Libraries/AppDelegate/RCTReactNativeFactory.mm:8:
In file included from /Users/jonahmicahinguito/dev/rotaract-connect/node_modules/react-native/Libraries/AppDelegate/RCTReactNativeFactory.h:20:
/Users/jonahmicahinguito/dev/rotaract-connect/ios/Pods/Headers/Public/React-NativeModulesApple/ReactCommon/RCTTurboModuleManager.h:61:1: note: method 'extraModulesForBridge:' declared here
   61 | - (NSArray<id<RCTBridgeModule>> *)extraModulesForBridge:(RCTBridge *)bridge
      | ^
/Users/jonahmicahinguito/dev/rotaract-connect/node_modules/react-native/Libraries/AppDelegate/RCTReactNativeFactory.mm:212:23: warning: 'extraModulesForBridge:' is deprecated: Please make all native modules returned from this method TurboModule-compatible. [-Wdeprecated-declarations]
  212 |     return [_delegate extraModulesForBridge:bridge];
      |                       ^
In file included from /Users/jonahmicahinguito/dev/rotaract-connect/node_modules/react-native/Libraries/AppDelegate/RCTReactNativeFactory.mm:8:
In file included from /Users/jonahmicahinguito/dev/rotaract-connect/node_modules/react-native/Libraries/AppDelegate/RCTReactNativeFactory.h:20:
/Users/jonahmicahinguito/dev/rotaract-connect/ios/Pods/Headers/Public/React-NativeModulesApple/ReactCommon/RCTTurboModuleManager.h:62:18: note: 'extraModulesForBridge:' has been explicitly marked deprecated here
   62 |     __attribute((deprecated("Please make all native modules returned from this method TurboModule-compatible.")));
      |                  ^
/Users/jonahmicahinguito/dev/rotaract-connect/node_modules/react-native/Libraries/AppDelegate/RCTReactNativeFactory.mm:258:48: warning: 'initWithBundleURLBlock:newArchEnabled:turboModuleEnabled:bridgelessEnabled:' is deprecated [-Wdeprecated-declarations]
  258 |       [[RCTRootViewFactoryConfiguration alloc] initWithBundleURLBlock:bundleUrlBlock
      |                                                ^
In file included from /Users/jonahmicahinguito/dev/rotaract-connect/node_modules/react-native/Libraries/AppDelegate/RCTReactNativeFactory.mm:8:
In file included from /Users/jonahmicahinguito/dev/rotaract-connect/node_modules/react-native/Libraries/AppDelegate/RCTReactNativeFactory.h:14:
/Users/jonahmicahinguito/dev/rotaract-connect/node_modules/react-native/Libraries/AppDelegate/RCTRootViewFactory.h:70:64: note: 'initWithBundleURLBlock:newArchEnabled:turboModuleEnabled:bridgelessEnabled:' has been explicitly marked deprecated here
   70 |                      bridgelessEnabled:(BOOL)bridgelessEnabled __deprecated;
      |                                                                ^
In file included from <built-in>:1:
In file included from /Users/jonahmicahinguito/dev/rotaract-connect/ios/Pods/Target Support Files/React-RCTAppDelegate/React-RCTAppDelegate-prefix.pch:2:
In file included from /Applications/Xcode.app/Contents/Developer/Platforms/iPhoneOS.platform/Developer/SDKs/iPhoneOS26.5.sdk/System/Library/Frameworks/UIKit.framework/Headers/UIKit.h:8:
In file included from /Applications/Xcode.app/Contents/Developer/Platforms/iPhoneOS.platform/Developer/SDKs/iPhoneOS26.5.sdk/System/Library/Frameworks/Foundation.framework/Headers/Foundation.h:6:
In file included from /Applications/Xcode.app/Contents/Developer/Platforms/iPhoneOS.platform/Developer/SDKs/iPhoneOS26.5.sdk/System/Library/Frameworks/CoreFoundation.framework/Headers/CoreFoundation.h:18:
In file included from /Applications/Xcode.app/Contents/Developer/Platforms/iPhoneOS.platform/Developer/SDKs/iPhoneOS26.5.sdk/usr/include/sys/types.h:75:
/Applications/Xcode.app/Contents/Developer/Platforms/iPhoneOS.platform/Developer/SDKs/iPhoneOS26.5.sdk/usr/include/sys/cdefs.h:223:40: note: expanded from macro '__deprecated'
  223 | #define __deprecated    __attribute__((__deprecated__))
      |                                        ^
/Users/jonahmicahinguito/dev/rotaract-connect/node_modules/react-native/Libraries/AppDelegate/RCTReactNativeFactory.mm:264:31: warning: 'createRootViewWithBridge:moduleName:initProps:' is deprecated: createRootViewWithBridge:moduleName:initProps is deprecated and will be removed when removing the legacy architecture. [-Wdeprecated-declarations]
  264 |     return [weakSelf.delegate createRootViewWithBridge:bridge moduleName:moduleName initProps:initProps];
      |                               ^
In file included from /Users/jonahmicahinguito/dev/rotaract-connect/node_modules/react-native/Libraries/AppDelegate/RCTReactNativeFactory.mm:8:
/Users/jonahmicahinguito/dev/rotaract-connect/node_modules/react-native/Libraries/AppDelegate/RCTReactNativeFactory.h:81:20: note: 'createRootViewWithBridge:moduleName:initProps:' has been explicitly marked deprecated here
   81 |     __attribute__((deprecated(
      |                    ^
/Users/jonahmicahinguito/dev/rotaract-connect/node_modules/react-native/Libraries/AppDelegate/RCTReactNativeFactory.mm:268:31: warning: 'createBridgeWithDelegate:launchOptions:' is deprecated: createBridgeWithDelegate:launchOptions: is deprecated and will be removed when removing the legacy architecture. [-Wdeprecated-declarations]
  268 |     return [weakSelf.delegate createBridgeWithDelegate:delegate launchOptions:launchOptions];
      |                               ^
In file included from /Users/jonahmicahinguito/dev/rotaract-connect/node_modules/react-native/Libraries/AppDelegate/RCTReactNativeFactory.mm:8:
/Users/jonahmicahinguito/dev/rotaract-connect/node_modules/react-native/Libraries/AppDelegate/RCTReactNativeFactory.h:63:20: note: 'createBridgeWithDelegate:launchOptions:' has been explicitly marked deprecated here
   63 |     __attribute__((deprecated(
      |                    ^
/Users/jonahmicahinguito/dev/rotaract-connect/node_modules/react-native/Libraries/AppDelegate/RCTReactNativeFactory.mm:272:43: warning: 'RCTRootView' is deprecated: This API will be removed along with the legacy architecture. [-Wdeprecated-declarations]
  272 |     [weakSelf.delegate customizeRootView:(RCTRootView *)rootView];
      |                                           ^
In file included from /Users/jonahmicahinguito/dev/rotaract-connect/node_modules/react-native/Libraries/AppDelegate/RCTReactNativeFactory.mm:8:
In file included from /Users/jonahmicahinguito/dev/rotaract-connect/node_modules/react-native/Libraries/AppDelegate/RCTReactNativeFactory.h:14:
In file included from /Users/jonahmicahinguito/dev/rotaract-connect/node_modules/react-native/Libraries/AppDelegate/RCTRootViewFactory.h:9:
/Users/jonahmicahinguito/dev/rotaract-connect/ios/Pods/Headers/Public/React-Core/React/RCTRootView.h:52:1: note: 'RCTRootView' has been explicitly marked deprecated here
   52 | __deprecated_msg("This API will be removed along with the legacy architecture.") @interface RCTRootView : UIView
      | ^
In file included from <built-in>:1:
In file included from /Users/jonahmicahinguito/dev/rotaract-connect/ios/Pods/Target Support Files/React-RCTAppDelegate/React-RCTAppDelegate-prefix.pch:2:
In file included from /Applications/Xcode.app/Contents/Developer/Platforms/iPhoneOS.platform/Developer/SDKs/iPhoneOS26.5.sdk/System/Library/Frameworks/UIKit.framework/Headers/UIKit.h:8:
In file included from /Applications/Xcode.app/Contents/Developer/Platforms/iPhoneOS.platform/Developer/SDKs/iPhoneOS26.5.sdk/System/Library/Frameworks/Foundation.framework/Headers/Foundation.h:6:
In file included from /Applications/Xcode.app/Contents/Developer/Platforms/iPhoneOS.platform/Developer/SDKs/iPhoneOS26.5.sdk/System/Library/Frameworks/CoreFoundation.framework/Headers/CoreFoundation.h:18:
In file included from /Applications/Xcode.app/Contents/Developer/Platforms/iPhoneOS.platform/Developer/SDKs/iPhoneOS26.5.sdk/usr/include/sys/types.h:75:
/Applications/Xcode.app/Contents/Developer/Platforms/iPhoneOS.platform/Developer/SDKs/iPhoneOS26.5.sdk/usr/include/sys/cdefs.h:227:48: note: expanded from macro '__deprecated_msg'
  227 |         #define __deprecated_msg(_msg) __attribute__((__deprecated__(_msg)))
      |                                                       ^
/Users/jonahmicahinguito/dev/rotaract-connect/node_modules/react-native/Libraries/AppDelegate/RCTReactNativeFactory.mm:288:33: warning: 'extraModulesForBridge:' is deprecated: Please make all native modules returned from this method TurboModule-compatible. [-Wdeprecated-declarations]
  288 |       return [weakSelf.delegate extraModulesForBridge:bridge];
      |                                 ^
In file included from /Users/jonahmicahinguito/dev/rotaract-connect/node_modules/react-native/Libraries/AppDelegate/RCTReactNativeFactory.mm:8:
In file included from /Users/jonahmicahinguito/dev/rotaract-connect/node_modules/react-native/Libraries/AppDelegate/RCTReactNativeFactory.h:20:
/Users/jonahmicahinguito/dev/rotaract-connect/ios/Pods/Headers/Public/React-NativeModulesApple/ReactCommon/RCTTurboModuleManager.h:62:18: note: 'extraModulesForBridge:' has been explicitly marked deprecated here
   62 |     __attribute((deprecated("Please make all native modules returned from this method TurboModule-compatible.")));
      |                  ^
9 warnings generated.

/Users/jonahmicahinguito/dev/rotaract-connect/node_modules/react-native/Libraries/AppDelegate/RCTUIConfiguratorProtocol.h:40:28: 'RCTRootView' is deprecated: This API will be removed along with the legacy architecture.

/Users/jonahmicahinguito/dev/rotaract-connect/node_modules/react-native/Libraries/AppDelegate/RCTAppSetupUtils.h:36:34: 'JSExecutorFactory' is deprecated: This API will be removed along with the legacy architecture.

/Users/jonahmicahinguito/dev/rotaract-connect/node_modules/react-native/Libraries/AppDelegate/RCTReactNativeFactory.mm:209:1: Implementing deprecated method

/Users/jonahmicahinguito/dev/rotaract-connect/node_modules/react-native/Libraries/AppDelegate/RCTReactNativeFactory.mm:212:23: 'extraModulesForBridge:' is deprecated: Please make all native modules returned from this method TurboModule-compatible.

/Users/jonahmicahinguito/dev/rotaract-connect/node_modules/react-native/Libraries/AppDelegate/RCTReactNativeFactory.mm:258:48: 'initWithBundleURLBlock:newArchEnabled:turboModuleEnabled:bridgelessEnabled:' is deprecated

/Users/jonahmicahinguito/dev/rotaract-connect/node_modules/react-native/Libraries/AppDelegate/RCTReactNativeFactory.mm:264:31: 'createRootViewWithBridge:moduleName:initProps:' is deprecated: createRootViewWithBridge:moduleName:initProps is deprecated and will be removed when removing the legacy architecture.

/Users/jonahmicahinguito/dev/rotaract-connect/node_modules/react-native/Libraries/AppDelegate/RCTReactNativeFactory.mm:268:31: 'createBridgeWithDelegate:launchOptions:' is deprecated: createBridgeWithDelegate:launchOptions: is deprecated and will be removed when removing the legacy architecture.

/Users/jonahmicahinguito/dev/rotaract-connect/node_modules/react-native/Libraries/AppDelegate/RCTReactNativeFactory.mm:272:43: 'RCTRootView' is deprecated: This API will be removed along with the legacy architecture.

/Users/jonahmicahinguito/dev/rotaract-connect/node_modules/react-native/Libraries/AppDelegate/RCTReactNativeFactory.mm:288:33: 'extraModulesForBridge:' is deprecated: Please make all native modules returned from this method TurboModule-compatible.

CompileC /Users/jonahmicahinguito/Library/Developer/Xcode/DerivedData/rotaractconnect-cjwcbdlngckcsaantafkjnfzfbdk/Build/Intermediates.noindex/Pods.build/Debug-iphoneos/React-RCTAppDelegate.build/Objects-normal/arm64/RCTDefaultReactNativeFactoryDelegate.o /Users/jonahmicahinguito/dev/rotaract-connect/node_modules/react-native/Libraries/AppDelegate/RCTDefaultReactNativeFactoryDelegate.mm normal arm64 objective-c++ com.apple.compilers.llvm.clang.1_0.compiler (in target 'React-RCTAppDelegate' from project 'Pods')
    cd /Users/jonahmicahinguito/dev/rotaract-connect/ios/Pods
    
    Using response file: /Users/jonahmicahinguito/Library/Developer/Xcode/DerivedData/rotaractconnect-cjwcbdlngckcsaantafkjnfzfbdk/Build/Intermediates.noindex/Pods.build/Debug-iphoneos/React-RCTAppDelegate.build/Objects-normal/arm64/af3fcb34312c57c0f52879cdce924b91-common-args.resp
    
    /Applications/Xcode.app/Contents/Developer/Toolchains/XcodeDefault.xctoolchain/usr/bin/clang -x objective-c++ -ivfsstatcache /Users/jonahmicahinguito/Library/Developer/Xcode/DerivedData/SDKStatCaches.noindex/iphoneos26.5-23F81a-32daed1954a7d5dd0789fcaf2a9bb78b.sdkstatcache -target arm64-apple-ios15.1 -fmessage-length\=0 -fdiagnostics-show-note-include-stack -fmacro-backtrace-limit\=0 -fno-color-diagnostics -fmodules-prune-interval\=86400 -fmodules-prune-after\=345600 -fbuild-session-file\=/Users/jonahmicahinguito/Library/Developer/Xcode/DerivedData/ModuleCache.noindex/Session.modulevalidation -fmodules-validate-once-per-build-session -Wnon-modular-include-in-framework-module -Werror\=non-modular-include-in-framework-module -Wno-trigraphs -Wno-missing-field-initializers -Wno-missing-prototypes -Werror\=return-type -Wdocumentation -Wunreachable-code -Wno-implicit-atomic-properties -Werror\=deprecated-objc-isa-usage -Wno-objc-interface-ivars -Werror\=objc-root-class -Wno-arc-repeated-use-of-weak -Wimplicit-retain-self -Wno-non-virtual-dtor -Wno-overloaded-virtual -Wno-exit-time-destructors -Wduplicate-method-match -Wno-missing-braces -Wparentheses -Wswitch -Wunused-function -Wno-unused-label -Wno-unused-parameter -Wunused-variable -Wunused-value -Wempty-body -Wuninitialized -Wconditional-uninitialized -Wno-unknown-pragmas -Wno-shadow -Wno-four-char-constants -Wno-conversion -Wconstant-conversion -Wint-conversion -Wbool-conversion -Wenum-conversion -Wno-float-conversion -Wnon-literal-null-conversion -Wobjc-literal-conversion -Wshorten-64-to-32 -Wno-newline-eof -Wno-selector -Wno-strict-selector-match -Wundeclared-selector -Wdeprecated-implementations -Wno-c++11-extensions -Wno-implicit-fallthrough -isysroot /Applications/Xcode.app/Contents/Developer/Platforms/iPhoneOS.platform/Developer/SDKs/iPhoneOS26.5.sdk -fstrict-aliasing -Wprotocol -Wdeprecated-declarations -Winvalid-offsetof -Wno-sign-conversion -Winfinite-recursion -Wmove -Wcomma -Wblock-capture-autoreleasing -Wstrict-prototypes -Wrange-loop-analysis -Wno-semicolon-before-method-body -Wunguarded-availability -index-store-path /Users/jonahmicahinguito/Library/Developer/Xcode/DerivedData/rotaractconnect-cjwcbdlngckcsaantafkjnfzfbdk/Index.noindex/DataStore @/Users/jonahmicahinguito/Library/Developer/Xcode/DerivedData/rotaractconnect-cjwcbdlngckcsaantafkjnfzfbdk/Build/Intermediates.noindex/Pods.build/Debug-iphoneos/React-RCTAppDelegate.build/Objects-normal/arm64/af3fcb34312c57c0f52879cdce924b91-common-args.resp -DRCT_NEW_ARCH_ENABLED\=1-DUSE_HERMES\=1 -include /Users/jonahmicahinguito/dev/rotaract-connect/ios/Pods/Target\ Support\ Files/React-RCTAppDelegate/React-RCTAppDelegate-prefix.pch -MMD -MT dependencies -MF /Users/jonahmicahinguito/Library/Developer/Xcode/DerivedData/rotaractconnect-cjwcbdlngckcsaantafkjnfzfbdk/Build/Intermediates.noindex/Pods.build/Debug-iphoneos/React-RCTAppDelegate.build/Objects-normal/arm64/RCTDefaultReactNativeFactoryDelegate.d --serialize-diagnostics /Users/jonahmicahinguito/Library/Developer/Xcode/DerivedData/rotaractconnect-cjwcbdlngckcsaantafkjnfzfbdk/Build/Intermediates.noindex/Pods.build/Debug-iphoneos/React-RCTAppDelegate.build/Objects-normal/arm64/RCTDefaultReactNativeFactoryDelegate.dia -c /Users/jonahmicahinguito/dev/rotaract-connect/node_modules/react-native/Libraries/AppDelegate/RCTDefaultReactNativeFactoryDelegate.mm -o /Users/jonahmicahinguito/Library/Developer/Xcode/DerivedData/rotaractconnect-cjwcbdlngckcsaantafkjnfzfbdk/Build/Intermediates.noindex/Pods.build/Debug-iphoneos/React-RCTAppDelegate.build/Objects-normal/arm64/RCTDefaultReactNativeFactoryDelegate.o -index-unit-output-path /Pods.build/Debug-iphoneos/React-RCTAppDelegate.build/Objects-normal/arm64/RCTDefaultReactNativeFactoryDelegate.o

In file included from /Users/jonahmicahinguito/dev/rotaract-connect/node_modules/react-native/Libraries/AppDelegate/RCTDefaultReactNativeFactoryDelegate.mm:8:
In file included from /Users/jonahmicahinguito/dev/rotaract-connect/node_modules/react-native/Libraries/AppDelegate/RCTDefaultReactNativeFactoryDelegate.h:9:
In file included from /Users/jonahmicahinguito/dev/rotaract-connect/node_modules/react-native/Libraries/AppDelegate/RCTReactNativeFactory.h:15:
/Users/jonahmicahinguito/dev/rotaract-connect/node_modules/react-native/Libraries/AppDelegate/RCTUIConfiguratorProtocol.h:40:28: warning: 'RCTRootView' is deprecated: This API will be removed along with the legacy architecture. [-Wdeprecated-declarations]
   40 | - (void)customizeRootView:(RCTRootView *)rootView;
      |                            ^
In file included from /Users/jonahmicahinguito/dev/rotaract-connect/node_modules/react-native/Libraries/AppDelegate/RCTDefaultReactNativeFactoryDelegate.mm:8:
In file included from /Users/jonahmicahinguito/dev/rotaract-connect/node_modules/react-native/Libraries/AppDelegate/RCTDefaultReactNativeFactoryDelegate.h:9:
In file included from /Users/jonahmicahinguito/dev/rotaract-connect/node_modules/react-native/Libraries/AppDelegate/RCTReactNativeFactory.h:14:
In file included from /Users/jonahmicahinguito/dev/rotaract-connect/node_modules/react-native/Libraries/AppDelegate/RCTRootViewFactory.h:9:
/Users/jonahmicahinguito/dev/rotaract-connect/ios/Pods/Headers/Public/React-Core/React/RCTRootView.h:52:1: note: 'RCTRootView' has been explicitly marked deprecated here
   52 | __deprecated_msg("This API will be removed along with the legacy architecture.") @interface RCTRootView : UIView
      | ^
In file included from <built-in>:1:
In file included from /Users/jonahmicahinguito/dev/rotaract-connect/ios/Pods/Target Support Files/React-RCTAppDelegate/React-RCTAppDelegate-prefix.pch:2:
In file included from /Applications/Xcode.app/Contents/Developer/Platforms/iPhoneOS.platform/Developer/SDKs/iPhoneOS26.5.sdk/System/Library/Frameworks/UIKit.framework/Headers/UIKit.h:8:
In file included from /Applications/Xcode.app/Contents/Developer/Platforms/iPhoneOS.platform/Developer/SDKs/iPhoneOS26.5.sdk/System/Library/Frameworks/Foundation.framework/Headers/Foundation.h:6:
In file included from /Applications/Xcode.app/Contents/Developer/Platforms/iPhoneOS.platform/Developer/SDKs/iPhoneOS26.5.sdk/System/Library/Frameworks/CoreFoundation.framework/Headers/CoreFoundation.h:18:
In file included from /Applications/Xcode.app/Contents/Developer/Platforms/iPhoneOS.platform/Developer/SDKs/iPhoneOS26.5.sdk/usr/include/sys/types.h:75:
/Applications/Xcode.app/Contents/Developer/Platforms/iPhoneOS.platform/Developer/SDKs/iPhoneOS26.5.sdk/usr/include/sys/cdefs.h:227:48: note: expanded from macro '__deprecated_msg'
  227 |         #define __deprecated_msg(_msg) __attribute__((__deprecated__(_msg)))
      |                                                       ^
In file included from /Users/jonahmicahinguito/dev/rotaract-connect/node_modules/react-native/Libraries/AppDelegate/RCTDefaultReactNativeFactoryDelegate.mm:10:
/Users/jonahmicahinguito/dev/rotaract-connect/node_modules/react-native/Libraries/AppDelegate/RCTAppSetupUtils.h:36:34: warning: 'JSExecutorFactory' is deprecated: This API will be removed along with the legacy architecture. [-Wdeprecated-declarations]
   36 | std::unique_ptr<facebook::react::JSExecutorFactory> RCTAppSetupDefaultJsExecutorFactory(
      |                                  ^
In file included from /Users/jonahmicahinguito/dev/rotaract-connect/node_modules/react-native/Libraries/AppDelegate/RCTDefaultReactNativeFactoryDelegate.mm:10:
In file included from /Users/jonahmicahinguito/dev/rotaract-connect/node_modules/react-native/Libraries/AppDelegate/RCTAppSetupUtils.h:17:
In file included from /Users/jonahmicahinguito/dev/rotaract-connect/ios/Pods/Headers/Public/React-hermes/reacthermes/HermesExecutorFactory.h:11:
In file included from /Users/jonahmicahinguito/dev/rotaract-connect/ios/Pods/Headers/Public/React-jsiexecutor/jsireact/JSIExecutor.h:11:
/Users/jonahmicahinguito/dev/rotaract-connect/ios/Pods/Headers/Public/React-cxxreact/cxxreact/JSExecutor.h:48:9: note: 'JSExecutorFactory' has been explicitly marked deprecated here
   48 | class [[deprecated("This API will be removed along with the legacy architecture.")]] JSExecutorFactory {
      |         ^
/Users/jonahmicahinguito/dev/rotaract-connect/node_modules/react-native/Libraries/AppDelegate/RCTDefaultReactNativeFactoryDelegate.mm:55:28: warning: 'RCTRootView' is deprecated: This API will be removed along with the legacy architecture. [-Wdeprecated-declarations]
   55 | - (void)customizeRootView:(RCTRootView *)rootView
      |                            ^
In file included from /Users/jonahmicahinguito/dev/rotaract-connect/node_modules/react-native/Libraries/AppDelegate/RCTDefaultReactNativeFactoryDelegate.mm:8:
In file included from /Users/jonahmicahinguito/dev/rotaract-connect/node_modules/react-native/Libraries/AppDelegate/RCTDefaultReactNativeFactoryDelegate.h:9:
In file included from /Users/jonahmicahinguito/dev/rotaract-connect/node_modules/react-native/Libraries/AppDelegate/RCTReactNativeFactory.h:14:
In file included from /Users/jonahmicahinguito/dev/rotaract-connect/node_modules/react-native/Libraries/AppDelegate/RCTRootViewFactory.h:9:
/Users/jonahmicahinguito/dev/rotaract-connect/ios/Pods/Headers/Public/React-Core/React/RCTRootView.h:52:1: note: 'RCTRootView' has been explicitly marked deprecated here
   52 | __deprecated_msg("This API will be removed along with the legacy architecture.") @interface RCTRootView : UIView
      | ^
In file included from <built-in>:1:
In file included from /Users/jonahmicahinguito/dev/rotaract-connect/ios/Pods/Target Support Files/React-RCTAppDelegate/React-RCTAppDelegate-prefix.pch:2:
In file included from /Applications/Xcode.app/Contents/Developer/Platforms/iPhoneOS.platform/Developer/SDKs/iPhoneOS26.5.sdk/System/Library/Frameworks/UIKit.framework/Headers/UIKit.h:8:
In file included from /Applications/Xcode.app/Contents/Developer/Platforms/iPhoneOS.platform/Developer/SDKs/iPhoneOS26.5.sdk/System/Library/Frameworks/Foundation.framework/Headers/Foundation.h:6:
In file included from /Applications/Xcode.app/Contents/Developer/Platforms/iPhoneOS.platform/Developer/SDKs/iPhoneOS26.5.sdk/System/Library/Frameworks/CoreFoundation.framework/Headers/CoreFoundation.h:18:
In file included from /Applications/Xcode.app/Contents/Developer/Platforms/iPhoneOS.platform/Developer/SDKs/iPhoneOS26.5.sdk/usr/include/sys/types.h:75:
/Applications/Xcode.app/Contents/Developer/Platforms/iPhoneOS.platform/Developer/SDKs/iPhoneOS26.5.sdk/usr/include/sys/cdefs.h:227:48: note: expanded from macro '__deprecated_msg'
  227 |         #define __deprecated_msg(_msg) __attribute__((__deprecated__(_msg)))
      |                                                       ^
/Users/jonahmicahinguito/dev/rotaract-connect/node_modules/react-native/Libraries/AppDelegate/RCTDefaultReactNativeFactoryDelegate.mm:34:1: warning: implementing deprecated method [-Wdeprecated-implementations]
   34 | - (RCTBridge *)createBridgeWithDelegate:(id<RCTBridgeDelegate>)delegate launchOptions:(NSDictionary *)launchOptions
      | ^
In file included from /Users/jonahmicahinguito/dev/rotaract-connect/node_modules/react-native/Libraries/AppDelegate/RCTDefaultReactNativeFactoryDelegate.mm:8:
In file included from /Users/jonahmicahinguito/dev/rotaract-connect/node_modules/react-native/Libraries/AppDelegate/RCTDefaultReactNativeFactoryDelegate.h:9:
/Users/jonahmicahinguito/dev/rotaract-connect/node_modules/react-native/Libraries/AppDelegate/RCTReactNativeFactory.h:61:1: note: method 'createBridgeWithDelegate:launchOptions:' declared here
   61 | - (RCTBridge *)createBridgeWithDelegate:(id<RCTBridgeDelegate>)delegate
      | ^
/Users/jonahmicahinguito/dev/rotaract-connect/node_modules/react-native/Libraries/AppDelegate/RCTDefaultReactNativeFactoryDelegate.mm:36:29: warning: 'initWithDelegate:launchOptions:' is deprecated: This API will be removed along with the legacy architecture. [-Wdeprecated-declarations]
   36 |   return [[RCTBridge alloc] initWithDelegate:delegate launchOptions:launchOptions];
      |                             ^
In file included from /Users/jonahmicahinguito/dev/rotaract-connect/node_modules/react-native/Libraries/AppDelegate/RCTDefaultReactNativeFactoryDelegate.mm:8:
In file included from /Users/jonahmicahinguito/dev/rotaract-connect/node_modules/react-native/Libraries/AppDelegate/RCTDefaultReactNativeFactoryDelegate.h:9:
In file included from /Users/jonahmicahinguito/dev/rotaract-connect/node_modules/react-native/Libraries/AppDelegate/RCTReactNativeFactory.h:14:
In file included from /Users/jonahmicahinguito/dev/rotaract-connect/node_modules/react-native/Libraries/AppDelegate/RCTRootViewFactory.h:8:
/Users/jonahmicahinguito/dev/rotaract-connect/ios/Pods/Headers/Public/React-Core/React/RCTBridge.h:108:5: note: 'initWithDelegate:launchOptions:' has been explicitly marked deprecated here
  108 |     __deprecated_msg("This API will be removed along with the legacy architecture.");
      |     ^
In file included from <built-in>:1:
In file included from /Users/jonahmicahinguito/dev/rotaract-connect/ios/Pods/Target Support Files/React-RCTAppDelegate/React-RCTAppDelegate-prefix.pch:2:
In file included from /Applications/Xcode.app/Contents/Developer/Platforms/iPhoneOS.platform/Developer/SDKs/iPhoneOS26.5.sdk/System/Library/Frameworks/UIKit.framework/Headers/UIKit.h:8:
In file included from /Applications/Xcode.app/Contents/Developer/Platforms/iPhoneOS.platform/Developer/SDKs/iPhoneOS26.5.sdk/System/Library/Frameworks/Foundation.framework/Headers/Foundation.h:6:
In file included from /Applications/Xcode.app/Contents/Developer/Platforms/iPhoneOS.platform/Developer/SDKs/iPhoneOS26.5.sdk/System/Library/Frameworks/CoreFoundation.framework/Headers/CoreFoundation.h:18:
In file included from /Applications/Xcode.app/Contents/Developer/Platforms/iPhoneOS.platform/Developer/SDKs/iPhoneOS26.5.sdk/usr/include/sys/types.h:75:
/Applications/Xcode.app/Contents/Developer/Platforms/iPhoneOS.platform/Developer/SDKs/iPhoneOS26.5.sdk/usr/include/sys/cdefs.h:227:48: note: expanded from macro '__deprecated_msg'
  227 |         #define __deprecated_msg(_msg) __attribute__((__deprecated__(_msg)))
      |                                                       ^
/Users/jonahmicahinguito/dev/rotaract-connect/node_modules/react-native/Libraries/AppDelegate/RCTDefaultReactNativeFactoryDelegate.mm:60:1: warning: implementing deprecated method [-Wdeprecated-implementations]
   60 | - (UIView *)createRootViewWithBridge:(RCTBridge *)bridge
      | ^
In file included from /Users/jonahmicahinguito/dev/rotaract-connect/node_modules/react-native/Libraries/AppDelegate/RCTDefaultReactNativeFactoryDelegate.mm:8:
In file included from /Users/jonahmicahinguito/dev/rotaract-connect/node_modules/react-native/Libraries/AppDelegate/RCTDefaultReactNativeFactoryDelegate.h:9:
/Users/jonahmicahinguito/dev/rotaract-connect/node_modules/react-native/Libraries/AppDelegate/RCTReactNativeFactory.h:78:1: note: method 'createRootViewWithBridge:moduleName:initProps:' declared here
   78 | - (UIView *)createRootViewWithBridge:(RCTBridge *)bridge
      | ^
/Users/jonahmicahinguito/dev/rotaract-connect/node_modules/react-native/Libraries/AppDelegate/RCTDefaultReactNativeFactoryDelegate.mm:64:22: warning: 'RCTAppSetupDefaultRootView' is deprecated: RCTAppSetupDefaultRootView(RCTBridge *, NSString *, NSDictionary *, BOOL) is deprecated and it's signature will change when we remove the legacy arch [-Wdeprecated-declarations]
   64 |   UIView *rootView = RCTAppSetupDefaultRootView(bridge, moduleName, initProps, YES);
      |                      ^
In file included from /Users/jonahmicahinguito/dev/rotaract-connect/node_modules/react-native/Libraries/AppDelegate/RCTDefaultReactNativeFactoryDelegate.mm:10:
/Users/jonahmicahinguito/dev/rotaract-connect/node_modules/react-native/Libraries/AppDelegate/RCTAppSetupUtils.h:56:20: note: 'RCTAppSetupDefaultRootView' has been explicitly marked deprecated here
   56 |     __attribute__((deprecated(
      |                    ^
/Users/jonahmicahinguito/dev/rotaract-connect/node_modules/react-native/Libraries/AppDelegate/RCTDefaultReactNativeFactoryDelegate.mm:117:1: warning: implementing deprecated method [-Wdeprecated-implementations]
  117 | - (BOOL)newArchEnabled
      | ^
In file included from /Users/jonahmicahinguito/dev/rotaract-connect/node_modules/react-native/Libraries/AppDelegate/RCTDefaultReactNativeFactoryDelegate.mm:8:
In file included from /Users/jonahmicahinguito/dev/rotaract-connect/node_modules/react-native/Libraries/AppDelegate/RCTDefaultReactNativeFactoryDelegate.h:9:
In file included from /Users/jonahmicahinguito/dev/rotaract-connect/node_modules/react-native/Libraries/AppDelegate/RCTReactNativeFactory.h:11:
/Users/jonahmicahinguito/dev/rotaract-connect/node_modules/react-native/Libraries/AppDelegate/RCTArchConfiguratorProtocol.h:35:1: note: method 'newArchEnabled' declared here
   35 | - (BOOL)newArchEnabled __attribute__((deprecated("This will be removed in a future version of React Native")));
      | ^
/Users/jonahmicahinguito/dev/rotaract-connect/node_modules/react-native/Libraries/AppDelegate/RCTDefaultReactNativeFactoryDelegate.mm:122:1: warning: implementing deprecated method [-Wdeprecated-implementations]
  122 | - (BOOL)bridgelessEnabled
      | ^
In file included from /Users/jonahmicahinguito/dev/rotaract-connect/node_modules/react-native/Libraries/AppDelegate/RCTDefaultReactNativeFactoryDelegate.mm:8:
In file included from /Users/jonahmicahinguito/dev/rotaract-connect/node_modules/react-native/Libraries/AppDelegate/RCTDefaultReactNativeFactoryDelegate.h:9:
In file included from /Users/jonahmicahinguito/dev/rotaract-connect/node_modules/react-native/Libraries/AppDelegate/RCTReactNativeFactory.h:11:
/Users/jonahmicahinguito/dev/rotaract-connect/node_modules/react-native/Libraries/AppDelegate/RCTArchConfiguratorProtocol.h:30:1: note: method 'bridgelessEnabled' declared here
   30 | - (BOOL)bridgelessEnabled __attribute__((deprecated("This will be removed in a future version of React Native")));
      | ^
/Users/jonahmicahinguito/dev/rotaract-connect/node_modules/react-native/Libraries/AppDelegate/RCTDefaultReactNativeFactoryDelegate.mm:127:1: warning: implementing deprecated method [-Wdeprecated-implementations]
  127 | - (BOOL)fabricEnabled
      | ^
In file included from /Users/jonahmicahinguito/dev/rotaract-connect/node_modules/react-native/Libraries/AppDelegate/RCTDefaultReactNativeFactoryDelegate.mm:8:
In file included from /Users/jonahmicahinguito/dev/rotaract-connect/node_modules/react-native/Libraries/AppDelegate/RCTDefaultReactNativeFactoryDelegate.h:9:
In file included from /Users/jonahmicahinguito/dev/rotaract-connect/node_modules/react-native/Libraries/AppDelegate/RCTReactNativeFactory.h:11:
/Users/jonahmicahinguito/dev/rotaract-connect/node_modules/react-native/Libraries/AppDelegate/RCTArchConfiguratorProtocol.h:25:1: note: method 'fabricEnabled' declared here
   25 | - (BOOL)fabricEnabled __attribute__((deprecated("This will be removed in a future version of React Native")));
      | ^
/Users/jonahmicahinguito/dev/rotaract-connect/node_modules/react-native/Libraries/AppDelegate/RCTDefaultReactNativeFactoryDelegate.mm:132:1: warning: implementing deprecated method [-Wdeprecated-implementations]
  132 | - (BOOL)turboModuleEnabled
      | ^
In file included from /Users/jonahmicahinguito/dev/rotaract-connect/node_modules/react-native/Libraries/AppDelegate/RCTDefaultReactNativeFactoryDelegate.mm:8:
In file included from /Users/jonahmicahinguito/dev/rotaract-connect/node_modules/react-native/Libraries/AppDelegate/RCTDefaultReactNativeFactoryDelegate.h:9:
In file included from /Users/jonahmicahinguito/dev/rotaract-connect/node_modules/react-native/Libraries/AppDelegate/RCTReactNativeFactory.h:11:
/Users/jonahmicahinguito/dev/rotaract-connect/node_modules/react-native/Libraries/AppDelegate/RCTArchConfiguratorProtocol.h:20:1: note: method 'turboModuleEnabled' declared here
   20 | - (BOOL)turboModuleEnabled __attribute__((deprecated("This will be removed in a future version of React Native")));
      | ^
11 warnings generated.

/Users/jonahmicahinguito/dev/rotaract-connect/node_modules/react-native/Libraries/AppDelegate/RCTUIConfiguratorProtocol.h:40:28: 'RCTRootView' is deprecated: This API will be removed along with the legacy architecture.

/Users/jonahmicahinguito/dev/rotaract-connect/node_modules/react-native/Libraries/AppDelegate/RCTAppSetupUtils.h:36:34: 'JSExecutorFactory' is deprecated: This API will be removed along with the legacy architecture.

/Users/jonahmicahinguito/dev/rotaract-connect/node_modules/react-native/Libraries/AppDelegate/RCTDefaultReactNativeFactoryDelegate.mm:55:28: 'RCTRootView' is deprecated: This API will be removed along with the legacy architecture.

/Users/jonahmicahinguito/dev/rotaract-connect/node_modules/react-native/Libraries/AppDelegate/RCTDefaultReactNativeFactoryDelegate.mm:34:1: Implementing deprecated method

/Users/jonahmicahinguito/dev/rotaract-connect/node_modules/react-native/Libraries/AppDelegate/RCTDefaultReactNativeFactoryDelegate.mm:36:29: 'initWithDelegate:launchOptions:' is deprecated: This API will be removed along with the legacy architecture.

/Users/jonahmicahinguito/dev/rotaract-connect/node_modules/react-native/Libraries/AppDelegate/RCTDefaultReactNativeFactoryDelegate.mm:60:1: Implementing deprecated method

/Users/jonahmicahinguito/dev/rotaract-connect/node_modules/react-native/Libraries/AppDelegate/RCTDefaultReactNativeFactoryDelegate.mm:64:22: 'RCTAppSetupDefaultRootView' is deprecated: RCTAppSetupDefaultRootView(RCTBridge *, NSString *, NSDictionary *, BOOL) is deprecated and it's signature will change when we remove the legacy arch

/Users/jonahmicahinguito/dev/rotaract-connect/node_modules/react-native/Libraries/AppDelegate/RCTDefaultReactNativeFactoryDelegate.mm:117:1: Implementing deprecated method

/Users/jonahmicahinguito/dev/rotaract-connect/node_modules/react-native/Libraries/AppDelegate/RCTDefaultReactNativeFactoryDelegate.mm:122:1: Implementing deprecated method

/Users/jonahmicahinguito/dev/rotaract-connect/node_modules/react-native/Libraries/AppDelegate/RCTDefaultReactNativeFactoryDelegate.mm:127:1: Implementing deprecated method

/Users/jonahmicahinguito/dev/rotaract-connect/node_modules/react-native/Libraries/AppDelegate/RCTDefaultReactNativeFactoryDelegate.mm:132:1: Implementing deprecated method

CompileC /Users/jonahmicahinguito/Library/Developer/Xcode/DerivedData/rotaractconnect-cjwcbdlngckcsaantafkjnfzfbdk/Build/Intermediates.noindex/Pods.build/Debug-iphoneos/React-RCTAppDelegate.build/Objects-normal/arm64/RCTAppSetupUtils.o /Users/jonahmicahinguito/dev/rotaract-connect/node_modules/react-native/Libraries/AppDelegate/RCTAppSetupUtils.mm normal arm64 objective-c++ com.apple.compilers.llvm.clang.1_0.compiler (in target 'React-RCTAppDelegate' from project 'Pods')
    cd /Users/jonahmicahinguito/dev/rotaract-connect/ios/Pods
    
    Using response file: /Users/jonahmicahinguito/Library/Developer/Xcode/DerivedData/rotaractconnect-cjwcbdlngckcsaantafkjnfzfbdk/Build/Intermediates.noindex/Pods.build/Debug-iphoneos/React-RCTAppDelegate.build/Objects-normal/arm64/af3fcb34312c57c0f52879cdce924b91-common-args.resp
    
    /Applications/Xcode.app/Contents/Developer/Toolchains/XcodeDefault.xctoolchain/usr/bin/clang -x objective-c++ -ivfsstatcache /Users/jonahmicahinguito/Library/Developer/Xcode/DerivedData/SDKStatCaches.noindex/iphoneos26.5-23F81a-32daed1954a7d5dd0789fcaf2a9bb78b.sdkstatcache -target arm64-apple-ios15.1 -fmessage-length\=0 -fdiagnostics-show-note-include-stack -fmacro-backtrace-limit\=0 -fno-color-diagnostics -fmodules-prune-interval\=86400 -fmodules-prune-after\=345600 -fbuild-session-file\=/Users/jonahmicahinguito/Library/Developer/Xcode/DerivedData/ModuleCache.noindex/Session.modulevalidation -fmodules-validate-once-per-build-session -Wnon-modular-include-in-framework-module -Werror\=non-modular-include-in-framework-module -Wno-trigraphs -Wno-missing-field-initializers -Wno-missing-prototypes -Werror\=return-type -Wdocumentation -Wunreachable-code -Wno-implicit-atomic-properties -Werror\=deprecated-objc-isa-usage -Wno-objc-interface-ivars -Werror\=objc-root-class -Wno-arc-repeated-use-of-weak -Wimplicit-retain-self -Wno-non-virtual-dtor -Wno-overloaded-virtual -Wno-exit-time-destructors -Wduplicate-method-match -Wno-missing-braces -Wparentheses -Wswitch -Wunused-function -Wno-unused-label -Wno-unused-parameter -Wunused-variable -Wunused-value -Wempty-body -Wuninitialized -Wconditional-uninitialized -Wno-unknown-pragmas -Wno-shadow -Wno-four-char-constants -Wno-conversion -Wconstant-conversion -Wint-conversion -Wbool-conversion -Wenum-conversion -Wno-float-conversion -Wnon-literal-null-conversion -Wobjc-literal-conversion -Wshorten-64-to-32 -Wno-newline-eof -Wno-selector -Wno-strict-selector-match -Wundeclared-selector -Wdeprecated-implementations -Wno-c++11-extensions -Wno-implicit-fallthrough -isysroot /Applications/Xcode.app/Contents/Developer/Platforms/iPhoneOS.platform/Developer/SDKs/iPhoneOS26.5.sdk -fstrict-aliasing -Wprotocol -Wdeprecated-declarations -Winvalid-offsetof -Wno-sign-conversion -Winfinite-recursion -Wmove -Wcomma -Wblock-capture-autoreleasing -Wstrict-prototypes -Wrange-loop-analysis -Wno-semicolon-before-method-body -Wunguarded-availability -index-store-path /Users/jonahmicahinguito/Library/Developer/Xcode/DerivedData/rotaractconnect-cjwcbdlngckcsaantafkjnfzfbdk/Index.noindex/DataStore @/Users/jonahmicahinguito/Library/Developer/Xcode/DerivedData/rotaractconnect-cjwcbdlngckcsaantafkjnfzfbdk/Build/Intermediates.noindex/Pods.build/Debug-iphoneos/React-RCTAppDelegate.build/Objects-normal/arm64/af3fcb34312c57c0f52879cdce924b91-common-args.resp -DRCT_NEW_ARCH_ENABLED\=1-DUSE_HERMES\=1 -include /Users/jonahmicahinguito/dev/rotaract-connect/ios/Pods/Target\ Support\ Files/React-RCTAppDelegate/React-RCTAppDelegate-prefix.pch -MMD -MT dependencies -MF /Users/jonahmicahinguito/Library/Developer/Xcode/DerivedData/rotaractconnect-cjwcbdlngckcsaantafkjnfzfbdk/Build/Intermediates.noindex/Pods.build/Debug-iphoneos/React-RCTAppDelegate.build/Objects-normal/arm64/RCTAppSetupUtils.d --serialize-diagnostics /Users/jonahmicahinguito/Library/Developer/Xcode/DerivedData/rotaractconnect-cjwcbdlngckcsaantafkjnfzfbdk/Build/Intermediates.noindex/Pods.build/Debug-iphoneos/React-RCTAppDelegate.build/Objects-normal/arm64/RCTAppSetupUtils.dia -c /Users/jonahmicahinguito/dev/rotaract-connect/node_modules/react-native/Libraries/AppDelegate/RCTAppSetupUtils.mm -o /Users/jonahmicahinguito/Library/Developer/Xcode/DerivedData/rotaractconnect-cjwcbdlngckcsaantafkjnfzfbdk/Build/Intermediates.noindex/Pods.build/Debug-iphoneos/React-RCTAppDelegate.build/Objects-normal/arm64/RCTAppSetupUtils.o -index-unit-output-path /Pods.build/Debug-iphoneos/React-RCTAppDelegate.build/Objects-normal/arm64/RCTAppSetupUtils.o

In file included from /Users/jonahmicahinguito/dev/rotaract-connect/node_modules/react-native/Libraries/AppDelegate/RCTAppSetupUtils.mm:8:
/Users/jonahmicahinguito/dev/rotaract-connect/node_modules/react-native/Libraries/AppDelegate/RCTAppSetupUtils.h:36:34: warning: 'JSExecutorFactory' is deprecated: This API will be removed along with the legacy architecture. [-Wdeprecated-declarations]
   36 | std::unique_ptr<facebook::react::JSExecutorFactory> RCTAppSetupDefaultJsExecutorFactory(
      |                                  ^
In file included from /Users/jonahmicahinguito/dev/rotaract-connect/node_modules/react-native/Libraries/AppDelegate/RCTAppSetupUtils.mm:8:
In file included from /Users/jonahmicahinguito/dev/rotaract-connect/node_modules/react-native/Libraries/AppDelegate/RCTAppSetupUtils.h:17:
In file included from /Users/jonahmicahinguito/dev/rotaract-connect/ios/Pods/Headers/Public/React-hermes/reacthermes/HermesExecutorFactory.h:11:
In file included from /Users/jonahmicahinguito/dev/rotaract-connect/ios/Pods/Headers/Public/React-jsiexecutor/jsireact/JSIExecutor.h:11:
/Users/jonahmicahinguito/dev/rotaract-connect/ios/Pods/Headers/Public/React-cxxreact/cxxreact/JSExecutor.h:48:9: note: 'JSExecutorFactory' has been explicitly marked deprecated here
   48 | class [[deprecated("This API will be removed along with the legacy architecture.")]] JSExecutorFactory {
      |         ^
In file included from /Users/jonahmicahinguito/dev/rotaract-connect/node_modules/react-native/Libraries/AppDelegate/RCTAppSetupUtils.mm:19:
/Users/jonahmicahinguito/dev/rotaract-connect/ios/Pods/Headers/Public/React-Core/React/RCTHTTPRequestHandler.h:11:35: warning: pointer is missing a nullability type specifier (_Nonnull, _Nullable, or _Null_unspecified) [-Wnullability-completeness]
   11 | typedef NSURLSessionConfiguration * (^NSURLSessionConfigurationProvider)(void);
      |                                   ^
/Users/jonahmicahinguito/dev/rotaract-connect/ios/Pods/Headers/Public/React-Core/React/RCTHTTPRequestHandler.h:11:35: note: insert '_Nullable' if the pointer may be null
   11 | typedef NSURLSessionConfiguration * (^NSURLSessionConfigurationProvider)(void);
      |                                   ^
      |                                     _Nullable
/Users/jonahmicahinguito/dev/rotaract-connect/ios/Pods/Headers/Public/React-Core/React/RCTHTTPRequestHandler.h:11:35: note: insert '_Nonnull' if the pointer should never be null
   11 | typedef NSURLSessionConfiguration * (^NSURLSessionConfigurationProvider)(void);
      |                                   ^
      |                                     _Nonnull
/Users/jonahmicahinguito/dev/rotaract-connect/ios/Pods/Headers/Public/React-Core/React/RCTHTTPRequestHandler.h:24:52: warning: block pointer is missing a nullability type specifier (_Nonnull, _Nullable, or _Null_unspecified) [-Wnullability-completeness]
   24 | RCT_EXTERN void RCTSetCustomHTTPRequestInterceptor(RCTHTTPRequestInterceptor /*interceptor*/);
      |                                                    ^
/Users/jonahmicahinguito/dev/rotaract-connect/ios/Pods/Headers/Public/React-Core/React/RCTHTTPRequestHandler.h:24:52: note: insert '_Nullable' if the block pointer may be null
   24 | RCT_EXTERN void RCTSetCustomHTTPRequestInterceptor(RCTHTTPRequestInterceptor /*interceptor*/);
      |                                                    ^
      |                                                                              _Nullable
/Users/jonahmicahinguito/dev/rotaract-connect/ios/Pods/Headers/Public/React-Core/React/RCTHTTPRequestHandler.h:24:52: note: insert '_Nonnull' if the block pointer should never be null
   24 | RCT_EXTERN void RCTSetCustomHTTPRequestInterceptor(RCTHTTPRequestInterceptor /*interceptor*/);
      |                                                    ^
      |                                                                              _Nonnull
/Users/jonahmicahinguito/dev/rotaract-connect/node_modules/react-native/Libraries/AppDelegate/RCTAppSetupUtils.mm:118:34: warning: 'JSExecutorFactory' is deprecated: This API will be removed along with the legacy architecture. [-Wdeprecated-declarations]
  118 | std::unique_ptr<facebook::react::JSExecutorFactory> RCTAppSetupDefaultJsExecutorFactory(
      |                                  ^
In file included from /Users/jonahmicahinguito/dev/rotaract-connect/node_modules/react-native/Libraries/AppDelegate/RCTAppSetupUtils.mm:8:
In file included from /Users/jonahmicahinguito/dev/rotaract-connect/node_modules/react-native/Libraries/AppDelegate/RCTAppSetupUtils.h:17:
In file included from /Users/jonahmicahinguito/dev/rotaract-connect/ios/Pods/Headers/Public/React-hermes/reacthermes/HermesExecutorFactory.h:11:
In file included from /Users/jonahmicahinguito/dev/rotaract-connect/ios/Pods/Headers/Public/React-jsiexecutor/jsireact/JSIExecutor.h:11:
/Users/jonahmicahinguito/dev/rotaract-connect/ios/Pods/Headers/Public/React-cxxreact/cxxreact/JSExecutor.h:48:9: note: 'JSExecutorFactory' has been explicitly marked deprecated here
   48 | class [[deprecated("This API will be removed along with the legacy architecture.")]] JSExecutorFactory {
      |         ^
4 warnings generated.

/Users/jonahmicahinguito/dev/rotaract-connect/node_modules/react-native/Libraries/AppDelegate/RCTAppSetupUtils.h:36:34: 'JSExecutorFactory' is deprecated: This API will be removed along with the legacy architecture.

/Users/jonahmicahinguito/dev/rotaract-connect/ios/Pods/Headers/Public/React-Core/React/RCTHTTPRequestHandler.h:11:35: Pointer is missing a nullability type specifier (_Nonnull, _Nullable, or _Null_unspecified)

/Users/jonahmicahinguito/dev/rotaract-connect/ios/Pods/Headers/Public/React-Core/React/RCTHTTPRequestHandler.h:24:52: Block pointer is missing a nullability type specifier (_Nonnull, _Nullable, or _Null_unspecified)

/Users/jonahmicahinguito/dev/rotaract-connect/node_modules/react-native/Libraries/AppDelegate/RCTAppSetupUtils.mm:118:34: 'JSExecutorFactory' is deprecated: This API will be removed along with the legacy architecture.

CompileC /Users/jonahmicahinguito/Library/Developer/Xcode/DerivedData/rotaractconnect-cjwcbdlngckcsaantafkjnfzfbdk/Build/Intermediates.noindex/Pods.build/Debug-iphoneos/React-RCTAppDelegate.build/Objects-normal/arm64/RCTAppDelegate.o /Users/jonahmicahinguito/dev/rotaract-connect/node_modules/react-native/Libraries/AppDelegate/RCTAppDelegate.mm normal arm64 objective-c++ com.apple.compilers.llvm.clang.1_0.compiler (in target 'React-RCTAppDelegate' from project 'Pods')
    cd /Users/jonahmicahinguito/dev/rotaract-connect/ios/Pods
    
    Using response file: /Users/jonahmicahinguito/Library/Developer/Xcode/DerivedData/rotaractconnect-cjwcbdlngckcsaantafkjnfzfbdk/Build/Intermediates.noindex/Pods.build/Debug-iphoneos/React-RCTAppDelegate.build/Objects-normal/arm64/af3fcb34312c57c0f52879cdce924b91-common-args.resp
    
    /Applications/Xcode.app/Contents/Developer/Toolchains/XcodeDefault.xctoolchain/usr/bin/clang -x objective-c++ -ivfsstatcache /Users/jonahmicahinguito/Library/Developer/Xcode/DerivedData/SDKStatCaches.noindex/iphoneos26.5-23F81a-32daed1954a7d5dd0789fcaf2a9bb78b.sdkstatcache -target arm64-apple-ios15.1 -fmessage-length\=0 -fdiagnostics-show-note-include-stack -fmacro-backtrace-limit\=0 -fno-color-diagnostics -fmodules-prune-interval\=86400 -fmodules-prune-after\=345600 -fbuild-session-file\=/Users/jonahmicahinguito/Library/Developer/Xcode/DerivedData/ModuleCache.noindex/Session.modulevalidation -fmodules-validate-once-per-build-session -Wnon-modular-include-in-framework-module -Werror\=non-modular-include-in-framework-module -Wno-trigraphs -Wno-missing-field-initializers -Wno-missing-prototypes -Werror\=return-type -Wdocumentation -Wunreachable-code -Wno-implicit-atomic-properties -Werror\=deprecated-objc-isa-usage -Wno-objc-interface-ivars -Werror\=objc-root-class -Wno-arc-repeated-use-of-weak -Wimplicit-retain-self -Wno-non-virtual-dtor -Wno-overloaded-virtual -Wno-exit-time-destructors -Wduplicate-method-match -Wno-missing-braces -Wparentheses -Wswitch -Wunused-function -Wno-unused-label -Wno-unused-parameter -Wunused-variable -Wunused-value -Wempty-body -Wuninitialized -Wconditional-uninitialized -Wno-unknown-pragmas -Wno-shadow -Wno-four-char-constants -Wno-conversion -Wconstant-conversion -Wint-conversion -Wbool-conversion -Wenum-conversion -Wno-float-conversion -Wnon-literal-null-conversion -Wobjc-literal-conversion -Wshorten-64-to-32 -Wno-newline-eof -Wno-selector -Wno-strict-selector-match -Wundeclared-selector -Wdeprecated-implementations -Wno-c++11-extensions -Wno-implicit-fallthrough -isysroot /Applications/Xcode.app/Contents/Developer/Platforms/iPhoneOS.platform/Developer/SDKs/iPhoneOS26.5.sdk -fstrict-aliasing -Wprotocol -Wdeprecated-declarations -Winvalid-offsetof -Wno-sign-conversion -Winfinite-recursion -Wmove -Wcomma -Wblock-capture-autoreleasing -Wstrict-prototypes -Wrange-loop-analysis -Wno-semicolon-before-method-body -Wunguarded-availability -index-store-path /Users/jonahmicahinguito/Library/Developer/Xcode/DerivedData/rotaractconnect-cjwcbdlngckcsaantafkjnfzfbdk/Index.noindex/DataStore @/Users/jonahmicahinguito/Library/Developer/Xcode/DerivedData/rotaractconnect-cjwcbdlngckcsaantafkjnfzfbdk/Build/Intermediates.noindex/Pods.build/Debug-iphoneos/React-RCTAppDelegate.build/Objects-normal/arm64/af3fcb34312c57c0f52879cdce924b91-common-args.resp -DRCT_NEW_ARCH_ENABLED\=1-DUSE_HERMES\=1 -include /Users/jonahmicahinguito/dev/rotaract-connect/ios/Pods/Target\ Support\ Files/React-RCTAppDelegate/React-RCTAppDelegate-prefix.pch -MMD -MT dependencies -MF /Users/jonahmicahinguito/Library/Developer/Xcode/DerivedData/rotaractconnect-cjwcbdlngckcsaantafkjnfzfbdk/Build/Intermediates.noindex/Pods.build/Debug-iphoneos/React-RCTAppDelegate.build/Objects-normal/arm64/RCTAppDelegate.d --serialize-diagnostics /Users/jonahmicahinguito/Library/Developer/Xcode/DerivedData/rotaractconnect-cjwcbdlngckcsaantafkjnfzfbdk/Build/Intermediates.noindex/Pods.build/Debug-iphoneos/React-RCTAppDelegate.build/Objects-normal/arm64/RCTAppDelegate.dia -c /Users/jonahmicahinguito/dev/rotaract-connect/node_modules/react-native/Libraries/AppDelegate/RCTAppDelegate.mm -o /Users/jonahmicahinguito/Library/Developer/Xcode/DerivedData/rotaractconnect-cjwcbdlngckcsaantafkjnfzfbdk/Build/Intermediates.noindex/Pods.build/Debug-iphoneos/React-RCTAppDelegate.build/Objects-normal/arm64/RCTAppDelegate.o -index-unit-output-path /Pods.build/Debug-iphoneos/React-RCTAppDelegate.build/Objects-normal/arm64/RCTAppDelegate.o

In file included from /Users/jonahmicahinguito/dev/rotaract-connect/node_modules/react-native/Libraries/AppDelegate/RCTAppDelegate.mm:8:
In file included from /Users/jonahmicahinguito/dev/rotaract-connect/node_modules/react-native/Libraries/AppDelegate/RCTAppDelegate.h:9:
In file included from /Users/jonahmicahinguito/dev/rotaract-connect/node_modules/react-native/Libraries/AppDelegate/RCTDefaultReactNativeFactoryDelegate.h:9:
In file included from /Users/jonahmicahinguito/dev/rotaract-connect/node_modules/react-native/Libraries/AppDelegate/RCTReactNativeFactory.h:15:
/Users/jonahmicahinguito/dev/rotaract-connect/node_modules/react-native/Libraries/AppDelegate/RCTUIConfiguratorProtocol.h:40:28: warning: 'RCTRootView' is deprecated: This API will be removed along with the legacy architecture. [-Wdeprecated-declarations]
   40 | - (void)customizeRootView:(RCTRootView *)rootView;
      |                            ^
In file included from /Users/jonahmicahinguito/dev/rotaract-connect/node_modules/react-native/Libraries/AppDelegate/RCTAppDelegate.mm:8:
In file included from /Users/jonahmicahinguito/dev/rotaract-connect/node_modules/react-native/Libraries/AppDelegate/RCTAppDelegate.h:9:
In file included from /Users/jonahmicahinguito/dev/rotaract-connect/node_modules/react-native/Libraries/AppDelegate/RCTDefaultReactNativeFactoryDelegate.h:9:
In file included from /Users/jonahmicahinguito/dev/rotaract-connect/node_modules/react-native/Libraries/AppDelegate/RCTReactNativeFactory.h:14:
In file included from /Users/jonahmicahinguito/dev/rotaract-connect/node_modules/react-native/Libraries/AppDelegate/RCTRootViewFactory.h:9:
/Users/jonahmicahinguito/dev/rotaract-connect/ios/Pods/Headers/Public/React-Core/React/RCTRootView.h:52:1: note: 'RCTRootView' has been explicitly marked deprecated here
   52 | __deprecated_msg("This API will be removed along with the legacy architecture.") @interface RCTRootView : UIView
      | ^
In file included from <built-in>:1:
In file included from /Users/jonahmicahinguito/dev/rotaract-connect/ios/Pods/Target Support Files/React-RCTAppDelegate/React-RCTAppDelegate-prefix.pch:2:
In file included from /Applications/Xcode.app/Contents/Developer/Platforms/iPhoneOS.platform/Developer/SDKs/iPhoneOS26.5.sdk/System/Library/Frameworks/UIKit.framework/Headers/UIKit.h:8:
In file included from /Applications/Xcode.app/Contents/Developer/Platforms/iPhoneOS.platform/Developer/SDKs/iPhoneOS26.5.sdk/System/Library/Frameworks/Foundation.framework/Headers/Foundation.h:6:
In file included from /Applications/Xcode.app/Contents/Developer/Platforms/iPhoneOS.platform/Developer/SDKs/iPhoneOS26.5.sdk/System/Library/Frameworks/CoreFoundation.framework/Headers/CoreFoundation.h:18:
In file included from /Applications/Xcode.app/Contents/Developer/Platforms/iPhoneOS.platform/Developer/SDKs/iPhoneOS26.5.sdk/usr/include/sys/types.h:75:
/Applications/Xcode.app/Contents/Developer/Platforms/iPhoneOS.platform/Developer/SDKs/iPhoneOS26.5.sdk/usr/include/sys/cdefs.h:227:48: note: expanded from macro '__deprecated_msg'
  227 |         #define __deprecated_msg(_msg) __attribute__((__deprecated__(_msg)))
      |                                                       ^
In file included from /Users/jonahmicahinguito/dev/rotaract-connect/node_modules/react-native/Libraries/AppDelegate/RCTAppDelegate.mm:17:
/Users/jonahmicahinguito/dev/rotaract-connect/node_modules/react-native/Libraries/AppDelegate/RCTAppSetupUtils.h:36:34: warning: 'JSExecutorFactory' is deprecated: This API will be removed along with the legacy architecture. [-Wdeprecated-declarations]
   36 | std::unique_ptr<facebook::react::JSExecutorFactory> RCTAppSetupDefaultJsExecutorFactory(
      |                                  ^
In file included from /Users/jonahmicahinguito/dev/rotaract-connect/node_modules/react-native/Libraries/AppDelegate/RCTAppDelegate.mm:17:
In file included from /Users/jonahmicahinguito/dev/rotaract-connect/node_modules/react-native/Libraries/AppDelegate/RCTAppSetupUtils.h:17:
In file included from /Users/jonahmicahinguito/dev/rotaract-connect/ios/Pods/Headers/Public/React-hermes/reacthermes/HermesExecutorFactory.h:11:
In file included from /Users/jonahmicahinguito/dev/rotaract-connect/ios/Pods/Headers/Public/React-jsiexecutor/jsireact/JSIExecutor.h:11:
/Users/jonahmicahinguito/dev/rotaract-connect/ios/Pods/Headers/Public/React-cxxreact/cxxreact/JSExecutor.h:48:9: note: 'JSExecutorFactory' has been explicitly marked deprecated here
   48 | class [[deprecated("This API will be removed along with the legacy architecture.")]] JSExecutorFactory {
      |         ^
/Users/jonahmicahinguito/dev/rotaract-connect/node_modules/react-native/Libraries/AppDelegate/RCTAppDelegate.mm:31:17: warning: implementing deprecated class [-Wdeprecated-implementations]
   31 | @implementation RCTAppDelegate
      |                 ^
In file included from /Users/jonahmicahinguito/dev/rotaract-connect/node_modules/react-native/Libraries/AppDelegate/RCTAppDelegate.mm:8:
/Users/jonahmicahinguito/dev/rotaract-connect/node_modules/react-native/Libraries/AppDelegate/RCTAppDelegate.h:64:12: note: class declared here
   64 | @interface RCTAppDelegate : RCTDefaultReactNativeFactoryDelegate<UIApplicationDelegate>
      |            ^
3 warnings generated.

/Users/jonahmicahinguito/dev/rotaract-connect/node_modules/react-native/Libraries/AppDelegate/RCTUIConfiguratorProtocol.h:40:28: 'RCTRootView' is deprecated: This API will be removed along with the legacy architecture.

/Users/jonahmicahinguito/dev/rotaract-connect/node_modules/react-native/Libraries/AppDelegate/RCTAppSetupUtils.h:36:34: 'JSExecutorFactory' is deprecated: This API will be removed along with the legacy architecture.

/Users/jonahmicahinguito/dev/rotaract-connect/node_modules/react-native/Libraries/AppDelegate/RCTAppDelegate.mm:31:17: Implementing deprecated class


Build target React-RCTAnimation of project Pods with configuration Debug

CompileC /Users/jonahmicahinguito/Library/Developer/Xcode/DerivedData/rotaractconnect-cjwcbdlngckcsaantafkjnfzfbdk/Build/Intermediates.noindex/Pods.build/Debug-iphoneos/React-RCTAnimation.build/Objects-normal/arm64/RCTNativeAnimatedTurboModule.o /Users/jonahmicahinguito/dev/rotaract-connect/node_modules/react-native/Libraries/NativeAnimation/RCTNativeAnimatedTurboModule.mm normal arm64 objective-c++ com.apple.compilers.llvm.clang.1_0.compiler (in target 'React-RCTAnimation' from project 'Pods')
    cd /Users/jonahmicahinguito/dev/rotaract-connect/ios/Pods
    
    Using response file: /Users/jonahmicahinguito/Library/Developer/Xcode/DerivedData/rotaractconnect-cjwcbdlngckcsaantafkjnfzfbdk/Build/Intermediates.noindex/Pods.build/Debug-iphoneos/React-RCTAnimation.build/Objects-normal/arm64/af3fcb34312c57c0f52879cdce924b91-common-args.resp
    
    /Applications/Xcode.app/Contents/Developer/Toolchains/XcodeDefault.xctoolchain/usr/bin/clang -x objective-c++ -ivfsstatcache /Users/jonahmicahinguito/Library/Developer/Xcode/DerivedData/SDKStatCaches.noindex/iphoneos26.5-23F81a-32daed1954a7d5dd0789fcaf2a9bb78b.sdkstatcache -target arm64-apple-ios15.1 -fmessage-length\=0 -fdiagnostics-show-note-include-stack -fmacro-backtrace-limit\=0 -fno-color-diagnostics -fmodules-prune-interval\=86400 -fmodules-prune-after\=345600 -fbuild-session-file\=/Users/jonahmicahinguito/Library/Developer/Xcode/DerivedData/ModuleCache.noindex/Session.modulevalidation -fmodules-validate-once-per-build-session -Wnon-modular-include-in-framework-module -Werror\=non-modular-include-in-framework-module -Wno-trigraphs -Wno-missing-field-initializers -Wno-missing-prototypes -Werror\=return-type -Wdocumentation -Wunreachable-code -Wno-implicit-atomic-properties -Werror\=deprecated-objc-isa-usage -Wno-objc-interface-ivars -Werror\=objc-root-class -Wno-arc-repeated-use-of-weak -Wimplicit-retain-self -Wno-non-virtual-dtor -Wno-overloaded-virtual -Wno-exit-time-destructors -Wduplicate-method-match -Wno-missing-braces -Wparentheses -Wswitch -Wunused-function -Wno-unused-label -Wno-unused-parameter -Wunused-variable -Wunused-value -Wempty-body -Wuninitialized -Wconditional-uninitialized -Wno-unknown-pragmas -Wno-shadow -Wno-four-char-constants -Wno-conversion -Wconstant-conversion -Wint-conversion -Wbool-conversion -Wenum-conversion -Wno-float-conversion -Wnon-literal-null-conversion -Wobjc-literal-conversion -Wshorten-64-to-32 -Wno-newline-eof -Wno-selector -Wno-strict-selector-match -Wundeclared-selector -Wdeprecated-implementations -Wno-c++11-extensions -Wno-implicit-fallthrough -isysroot /Applications/Xcode.app/Contents/Developer/Platforms/iPhoneOS.platform/Developer/SDKs/iPhoneOS26.5.sdk -fstrict-aliasing -Wprotocol -Wdeprecated-declarations -Winvalid-offsetof -Wno-sign-conversion -Winfinite-recursion -Wmove -Wcomma -Wblock-capture-autoreleasing -Wstrict-prototypes -Wrange-loop-analysis -Wno-semicolon-before-method-body -Wunguarded-availability -index-store-path /Users/jonahmicahinguito/Library/Developer/Xcode/DerivedData/rotaractconnect-cjwcbdlngckcsaantafkjnfzfbdk/Index.noindex/DataStore @/Users/jonahmicahinguito/Library/Developer/Xcode/DerivedData/rotaractconnect-cjwcbdlngckcsaantafkjnfzfbdk/Build/Intermediates.noindex/Pods.build/Debug-iphoneos/React-RCTAnimation.build/Objects-normal/arm64/af3fcb34312c57c0f52879cdce924b91-common-args.resp -Wno-nullability-completeness -include /Users/jonahmicahinguito/dev/rotaract-connect/ios/Pods/Target\ Support\ Files/React-RCTAnimation/React-RCTAnimation-prefix.pch -MMD -MT dependencies -MF /Users/jonahmicahinguito/Library/Developer/Xcode/DerivedData/rotaractconnect-cjwcbdlngckcsaantafkjnfzfbdk/Build/Intermediates.noindex/Pods.build/Debug-iphoneos/React-RCTAnimation.build/Objects-normal/arm64/RCTNativeAnimatedTurboModule.d --serialize-diagnostics /Users/jonahmicahinguito/Library/Developer/Xcode/DerivedData/rotaractconnect-cjwcbdlngckcsaantafkjnfzfbdk/Build/Intermediates.noindex/Pods.build/Debug-iphoneos/React-RCTAnimation.build/Objects-normal/arm64/RCTNativeAnimatedTurboModule.dia -c /Users/jonahmicahinguito/dev/rotaract-connect/node_modules/react-native/Libraries/NativeAnimation/RCTNativeAnimatedTurboModule.mm -o /Users/jonahmicahinguito/Library/Developer/Xcode/DerivedData/rotaractconnect-cjwcbdlngckcsaantafkjnfzfbdk/Build/Intermediates.noindex/Pods.build/Debug-iphoneos/React-RCTAnimation.build/Objects-normal/arm64/RCTNativeAnimatedTurboModule.o -index-unit-output-path /Pods.build/Debug-iphoneos/React-RCTAnimation.build/Objects-normal/arm64/RCTNativeAnimatedTurboModule.o

In file included from /Users/jonahmicahinguito/dev/rotaract-connect/node_modules/react-native/Libraries/NativeAnimation/RCTNativeAnimatedTurboModule.mm:8:
In file included from /Users/jonahmicahinguito/dev/rotaract-connect/ios/Pods/Headers/Public/React-RCTFBReactNativeSpec/FBReactNativeSpec/FBReactNativeSpec.h:24:
/Users/jonahmicahinguito/dev/rotaract-connect/ios/Pods/Headers/Public/RCTTypeSafety/RCTTypeSafety/RCTConvertHelpers.h:26:31: warning: implicit conversion loses integer precision: 'size_t' (aka 'unsigned long') to 'size_type' (aka 'int') [-Wshorten-64-to-32]
   26 |     id object = convertor(vec[i]);
      |                           ~~~ ^
/Users/jonahmicahinguito/dev/rotaract-connect/ios/Pods/Headers/Public/RCTTypeSafety/RCTTypeSafety/RCTConvertHelpers.h:34:10: note: in instantiation of function template specialization 'RCTConvertVecToArray<FB::LazyVector<NSString *, id>>' requested here
   34 |   return RCTConvertVecToArray(vec, ^id(typename ContainerT::value_type element) {
      |          ^
/Users/jonahmicahinguito/dev/rotaract-connect/node_modules/react-native/Libraries/NativeAnimation/RCTNativeAnimatedTurboModule.mm:217:42: note: in instantiation of function template specialization 'RCTConvertVecToArray<FB::LazyVector<NSString *, id>>' requested here
  217 |   eventMappingDict[@"nativeEventPath"] = RCTConvertVecToArray(eventMapping.nativeEventPath());
      |                                          ^
1 warning generated.

/Users/jonahmicahinguito/dev/rotaract-connect/ios/Pods/Headers/Public/RCTTypeSafety/RCTTypeSafety/RCTConvertHelpers.h:26:31: Implicit conversion loses integer precision: 'size_t' (aka 'unsigned long') to 'size_type' (aka 'int')

CompileC /Users/jonahmicahinguito/Library/Developer/Xcode/DerivedData/rotaractconnect-cjwcbdlngckcsaantafkjnfzfbdk/Build/Intermediates.noindex/Pods.build/Debug-iphoneos/React-RCTAnimation.build/Objects-normal/arm64/RCTNativeAnimatedModule.o /Users/jonahmicahinguito/dev/rotaract-connect/node_modules/react-native/Libraries/NativeAnimation/RCTNativeAnimatedModule.mm normal arm64 objective-c++ com.apple.compilers.llvm.clang.1_0.compiler (in target 'React-RCTAnimation' from project 'Pods')
    cd /Users/jonahmicahinguito/dev/rotaract-connect/ios/Pods
    
    Using response file: /Users/jonahmicahinguito/Library/Developer/Xcode/DerivedData/rotaractconnect-cjwcbdlngckcsaantafkjnfzfbdk/Build/Intermediates.noindex/Pods.build/Debug-iphoneos/React-RCTAnimation.build/Objects-normal/arm64/af3fcb34312c57c0f52879cdce924b91-common-args.resp
    
    /Applications/Xcode.app/Contents/Developer/Toolchains/XcodeDefault.xctoolchain/usr/bin/clang -x objective-c++ -ivfsstatcache /Users/jonahmicahinguito/Library/Developer/Xcode/DerivedData/SDKStatCaches.noindex/iphoneos26.5-23F81a-32daed1954a7d5dd0789fcaf2a9bb78b.sdkstatcache -target arm64-apple-ios15.1 -fmessage-length\=0 -fdiagnostics-show-note-include-stack -fmacro-backtrace-limit\=0 -fno-color-diagnostics -fmodules-prune-interval\=86400 -fmodules-prune-after\=345600 -fbuild-session-file\=/Users/jonahmicahinguito/Library/Developer/Xcode/DerivedData/ModuleCache.noindex/Session.modulevalidation -fmodules-validate-once-per-build-session -Wnon-modular-include-in-framework-module -Werror\=non-modular-include-in-framework-module -Wno-trigraphs -Wno-missing-field-initializers -Wno-missing-prototypes -Werror\=return-type -Wdocumentation -Wunreachable-code -Wno-implicit-atomic-properties -Werror\=deprecated-objc-isa-usage -Wno-objc-interface-ivars -Werror\=objc-root-class -Wno-arc-repeated-use-of-weak -Wimplicit-retain-self -Wno-non-virtual-dtor -Wno-overloaded-virtual -Wno-exit-time-destructors -Wduplicate-method-match -Wno-missing-braces -Wparentheses -Wswitch -Wunused-function -Wno-unused-label -Wno-unused-parameter -Wunused-variable -Wunused-value -Wempty-body -Wuninitialized -Wconditional-uninitialized -Wno-unknown-pragmas -Wno-shadow -Wno-four-char-constants -Wno-conversion -Wconstant-conversion -Wint-conversion -Wbool-conversion -Wenum-conversion -Wno-float-conversion -Wnon-literal-null-conversion -Wobjc-literal-conversion -Wshorten-64-to-32 -Wno-newline-eof -Wno-selector -Wno-strict-selector-match -Wundeclared-selector -Wdeprecated-implementations -Wno-c++11-extensions -Wno-implicit-fallthrough -isysroot /Applications/Xcode.app/Contents/Developer/Platforms/iPhoneOS.platform/Developer/SDKs/iPhoneOS26.5.sdk -fstrict-aliasing -Wprotocol -Wdeprecated-declarations -Winvalid-offsetof -Wno-sign-conversion -Winfinite-recursion -Wmove -Wcomma -Wblock-capture-autoreleasing -Wstrict-prototypes -Wrange-loop-analysis -Wno-semicolon-before-method-body -Wunguarded-availability -index-store-path /Users/jonahmicahinguito/Library/Developer/Xcode/DerivedData/rotaractconnect-cjwcbdlngckcsaantafkjnfzfbdk/Index.noindex/DataStore @/Users/jonahmicahinguito/Library/Developer/Xcode/DerivedData/rotaractconnect-cjwcbdlngckcsaantafkjnfzfbdk/Build/Intermediates.noindex/Pods.build/Debug-iphoneos/React-RCTAnimation.build/Objects-normal/arm64/af3fcb34312c57c0f52879cdce924b91-common-args.resp -Wno-nullability-completeness -include /Users/jonahmicahinguito/dev/rotaract-connect/ios/Pods/Target\ Support\ Files/React-RCTAnimation/React-RCTAnimation-prefix.pch -MMD -MT dependencies -MF /Users/jonahmicahinguito/Library/Developer/Xcode/DerivedData/rotaractconnect-cjwcbdlngckcsaantafkjnfzfbdk/Build/Intermediates.noindex/Pods.build/Debug-iphoneos/React-RCTAnimation.build/Objects-normal/arm64/RCTNativeAnimatedModule.d --serialize-diagnostics /Users/jonahmicahinguito/Library/Developer/Xcode/DerivedData/rotaractconnect-cjwcbdlngckcsaantafkjnfzfbdk/Build/Intermediates.noindex/Pods.build/Debug-iphoneos/React-RCTAnimation.build/Objects-normal/arm64/RCTNativeAnimatedModule.dia -c /Users/jonahmicahinguito/dev/rotaract-connect/node_modules/react-native/Libraries/NativeAnimation/RCTNativeAnimatedModule.mm -o /Users/jonahmicahinguito/Library/Developer/Xcode/DerivedData/rotaractconnect-cjwcbdlngckcsaantafkjnfzfbdk/Build/Intermediates.noindex/Pods.build/Debug-iphoneos/React-RCTAnimation.build/Objects-normal/arm64/RCTNativeAnimatedModule.o -index-unit-output-path /Pods.build/Debug-iphoneos/React-RCTAnimation.build/Objects-normal/arm64/RCTNativeAnimatedModule.o

In file included from /Users/jonahmicahinguito/dev/rotaract-connect/node_modules/react-native/Libraries/NativeAnimation/RCTNativeAnimatedModule.mm:8:
In file included from /Users/jonahmicahinguito/dev/rotaract-connect/ios/Pods/Headers/Public/React-RCTFBReactNativeSpec/FBReactNativeSpec/FBReactNativeSpec.h:24:
/Users/jonahmicahinguito/dev/rotaract-connect/ios/Pods/Headers/Public/RCTTypeSafety/RCTTypeSafety/RCTConvertHelpers.h:26:31: warning: implicit conversion loses integer precision: 'size_t' (aka 'unsigned long') to 'size_type' (aka 'int') [-Wshorten-64-to-32]
   26 |     id object = convertor(vec[i]);
      |                           ~~~ ^
/Users/jonahmicahinguito/dev/rotaract-connect/ios/Pods/Headers/Public/RCTTypeSafety/RCTTypeSafety/RCTConvertHelpers.h:34:10: note: in instantiation of function template specialization 'RCTConvertVecToArray<FB::LazyVector<NSString *, id>>' requested here
   34 |   return RCTConvertVecToArray(vec, ^id(typename ContainerT::value_type element) {
      |          ^
/Users/jonahmicahinguito/dev/rotaract-connect/node_modules/react-native/Libraries/NativeAnimation/RCTNativeAnimatedModule.mm:234:42: note: in instantiation of function template specialization 'RCTConvertVecToArray<FB::LazyVector<NSString *, id>>' requested here
  234 |   eventMappingDict[@"nativeEventPath"] = RCTConvertVecToArray(eventMapping.nativeEventPath());
      |                                          ^
1 warning generated.

/Users/jonahmicahinguito/dev/rotaract-connect/ios/Pods/Headers/Public/RCTTypeSafety/RCTTypeSafety/RCTConvertHelpers.h:26:31: Implicit conversion loses integer precision: 'size_t' (aka 'unsigned long') to 'size_type' (aka 'int')


Build target React-NativeModulesApple of project Pods with configuration Debug

CompileC /Users/jonahmicahinguito/Library/Developer/Xcode/DerivedData/rotaractconnect-cjwcbdlngckcsaantafkjnfzfbdk/Build/Intermediates.noindex/Pods.build/Debug-iphoneos/React-NativeModulesApple.build/Objects-normal/arm64/RCTTurboModuleManager.o /Users/jonahmicahinguito/dev/rotaract-connect/node_modules/react-native/ReactCommon/react/nativemodule/core/platform/ios/ReactCommon/RCTTurboModuleManager.mm normal arm64 objective-c++ com.apple.compilers.llvm.clang.1_0.compiler (in target 'React-NativeModulesApple' from project 'Pods')
    cd /Users/jonahmicahinguito/dev/rotaract-connect/ios/Pods
    
    Using response file: /Users/jonahmicahinguito/Library/Developer/Xcode/DerivedData/rotaractconnect-cjwcbdlngckcsaantafkjnfzfbdk/Build/Intermediates.noindex/Pods.build/Debug-iphoneos/React-NativeModulesApple.build/Objects-normal/arm64/af3fcb34312c57c0f52879cdce924b91-common-args.resp
    
    /Applications/Xcode.app/Contents/Developer/Toolchains/XcodeDefault.xctoolchain/usr/bin/clang -x objective-c++ -ivfsstatcache /Users/jonahmicahinguito/Library/Developer/Xcode/DerivedData/SDKStatCaches.noindex/iphoneos26.5-23F81a-32daed1954a7d5dd0789fcaf2a9bb78b.sdkstatcache -target arm64-apple-ios15.1 -fmessage-length\=0 -fdiagnostics-show-note-include-stack -fmacro-backtrace-limit\=0 -fno-color-diagnostics -fmodules-prune-interval\=86400 -fmodules-prune-after\=345600 -fbuild-session-file\=/Users/jonahmicahinguito/Library/Developer/Xcode/DerivedData/ModuleCache.noindex/Session.modulevalidation -fmodules-validate-once-per-build-session -Wnon-modular-include-in-framework-module -Werror\=non-modular-include-in-framework-module -Wno-trigraphs -Wno-missing-field-initializers -Wno-missing-prototypes -Werror\=return-type -Wdocumentation -Wunreachable-code -Wno-implicit-atomic-properties -Werror\=deprecated-objc-isa-usage -Wno-objc-interface-ivars -Werror\=objc-root-class -Wno-arc-repeated-use-of-weak -Wimplicit-retain-self -Wno-non-virtual-dtor -Wno-overloaded-virtual -Wno-exit-time-destructors -Wduplicate-method-match -Wno-missing-braces -Wparentheses -Wswitch -Wunused-function -Wno-unused-label -Wno-unused-parameter -Wunused-variable -Wunused-value -Wempty-body -Wuninitialized -Wconditional-uninitialized -Wno-unknown-pragmas -Wno-shadow -Wno-four-char-constants -Wno-conversion -Wconstant-conversion -Wint-conversion -Wbool-conversion -Wenum-conversion -Wno-float-conversion -Wnon-literal-null-conversion -Wobjc-literal-conversion -Wshorten-64-to-32 -Wno-newline-eof -Wno-selector -Wno-strict-selector-match -Wundeclared-selector -Wdeprecated-implementations -Wno-c++11-extensions -Wno-implicit-fallthrough -isysroot /Applications/Xcode.app/Contents/Developer/Platforms/iPhoneOS.platform/Developer/SDKs/iPhoneOS26.5.sdk -fstrict-aliasing -Wprotocol -Wdeprecated-declarations -Winvalid-offsetof -Wno-sign-conversion -Winfinite-recursion -Wmove -Wcomma -Wblock-capture-autoreleasing -Wstrict-prototypes -Wrange-loop-analysis -Wno-semicolon-before-method-body -Wunguarded-availability -index-store-path /Users/jonahmicahinguito/Library/Developer/Xcode/DerivedData/rotaractconnect-cjwcbdlngckcsaantafkjnfzfbdk/Index.noindex/DataStore @/Users/jonahmicahinguito/Library/Developer/Xcode/DerivedData/rotaractconnect-cjwcbdlngckcsaantafkjnfzfbdk/Build/Intermediates.noindex/Pods.build/Debug-iphoneos/React-NativeModulesApple.build/Objects-normal/arm64/af3fcb34312c57c0f52879cdce924b91-common-args.resp -include /Users/jonahmicahinguito/dev/rotaract-connect/ios/Pods/Target\ Support\ Files/React-NativeModulesApple/React-NativeModulesApple-prefix.pch -MMD -MT dependencies -MF /Users/jonahmicahinguito/Library/Developer/Xcode/DerivedData/rotaractconnect-cjwcbdlngckcsaantafkjnfzfbdk/Build/Intermediates.noindex/Pods.build/Debug-iphoneos/React-NativeModulesApple.build/Objects-normal/arm64/RCTTurboModuleManager.d --serialize-diagnostics /Users/jonahmicahinguito/Library/Developer/Xcode/DerivedData/rotaractconnect-cjwcbdlngckcsaantafkjnfzfbdk/Build/Intermediates.noindex/Pods.build/Debug-iphoneos/React-NativeModulesApple.build/Objects-normal/arm64/RCTTurboModuleManager.dia -c /Users/jonahmicahinguito/dev/rotaract-connect/node_modules/react-native/ReactCommon/react/nativemodule/core/platform/ios/ReactCommon/RCTTurboModuleManager.mm -o /Users/jonahmicahinguito/Library/Developer/Xcode/DerivedData/rotaractconnect-cjwcbdlngckcsaantafkjnfzfbdk/Build/Intermediates.noindex/Pods.build/Debug-iphoneos/React-NativeModulesApple.build/Objects-normal/arm64/RCTTurboModuleManager.o -index-unit-output-path /Pods.build/Debug-iphoneos/React-NativeModulesApple.build/Objects-normal/arm64/RCTTurboModuleManager.o

/Users/jonahmicahinguito/dev/rotaract-connect/node_modules/react-native/ReactCommon/react/nativemodule/core/platform/ios/ReactCommon/RCTTurboModuleManager.mm:243:55: warning: 'extraModulesForBridge:' is deprecated: Please make all native modules returned from this method TurboModule-compatible. [-Wdeprecated-declarations]
  243 |         for (id<RCTBridgeModule> module in [_delegate extraModulesForBridge:nil]) {
      |                                                       ^
In file included from /Users/jonahmicahinguito/dev/rotaract-connect/node_modules/react-native/ReactCommon/react/nativemodule/core/platform/ios/ReactCommon/RCTTurboModuleManager.mm:8:
/Users/jonahmicahinguito/dev/rotaract-connect/node_modules/react-native/ReactCommon/react/nativemodule/core/platform/ios/ReactCommon/RCTTurboModuleManager.h:62:18: note: 'extraModulesForBridge:' has been explicitly marked deprecated here
   62 |     __attribute((deprecated("Please make all native modules returned from this method TurboModule-compatible.")));
      |                  ^
/Users/jonahmicahinguito/dev/rotaract-connect/node_modules/react-native/ReactCommon/react/nativemodule/core/platform/ios/ReactCommon/RCTTurboModuleManager.mm:389:61: warning: '@protocol' command should not be used in a comment attached to a non-protocol declaration [-Wdocumentation]
  389 |    * Use respondsToSelector: below to infer conformance to @protocol(RCTTurboModule). Using conformsToProtocol: is
      |                                                            ~^~~~~~~~~~~~~~~~~~~~~~~~~~~~~~~~~~~~~~~~~~~~~~~~~~~~~~
/Users/jonahmicahinguito/dev/rotaract-connect/node_modules/react-native/ReactCommon/react/nativemodule/core/platform/ios/ReactCommon/RCTTurboModuleManager.mm:412:50: warning: 'installJSIBindingsWithRuntime:' is deprecated: Use 'installJSIBindingsWithRuntime:callInvoker:' instead [-Wdeprecated-declarations]
  412 |       [(id<RCTTurboModuleWithJSIBindings>)module installJSIBindingsWithRuntime:*runtime];
      |                                                  ^
In file included from /Users/jonahmicahinguito/dev/rotaract-connect/node_modules/react-native/ReactCommon/react/nativemodule/core/platform/ios/ReactCommon/RCTTurboModuleManager.mm:31:
/Users/jonahmicahinguito/dev/rotaract-connect/ios/Pods/Headers/Private/React-NativeModulesApple/ReactCommon/RCTTurboModuleWithJSIBindings.h:24:20: note: 'installJSIBindingsWithRuntime:' has been explicitly marked deprecated here
   24 |     __attribute__((deprecated("Use 'installJSIBindingsWithRuntime:callInvoker:' instead")));
      |                    ^
/Users/jonahmicahinguito/dev/rotaract-connect/node_modules/react-native/ReactCommon/react/nativemodule/core/platform/ios/ReactCommon/RCTTurboModuleManager.mm:789:50: warning: 'initWithModuleInstance:bridge:moduleRegistry:viewRegistry_DEPRECATED:bundleManager:callableJSModules:' is deprecated: This API will be removed along with the legacy architecture. [-Wdeprecated-declarations]
  789 |     RCTModuleData *data = [[RCTModuleData alloc] initWithModuleInstance:(id<RCTBridgeModule>)module
      |                                                  ^
In file included from /Users/jonahmicahinguito/dev/rotaract-connect/node_modules/react-native/ReactCommon/react/nativemodule/core/platform/ios/ReactCommon/RCTTurboModuleManager.mm:27:
/Users/jonahmicahinguito/dev/rotaract-connect/ios/Pods/Headers/Public/React-Core/React/RCTModuleData.h:46:5: note: 'initWithModuleInstance:bridge:moduleRegistry:viewRegistry_DEPRECATED:bundleManager:callableJSModules:' has been explicitly marked deprecated here
   46 |     __deprecated_msg("This API will be removed along with the legacy architecture.");
      |     ^
In file included from <built-in>:1:
In file included from /Users/jonahmicahinguito/dev/rotaract-connect/ios/Pods/Target Support Files/React-NativeModulesApple/React-NativeModulesApple-prefix.pch:2:
In file included from /Applications/Xcode.app/Contents/Developer/Platforms/iPhoneOS.platform/Developer/SDKs/iPhoneOS26.5.sdk/System/Library/Frameworks/UIKit.framework/Headers/UIKit.h:8:
In file included from /Applications/Xcode.app/Contents/Developer/Platforms/iPhoneOS.platform/Developer/SDKs/iPhoneOS26.5.sdk/System/Library/Frameworks/Foundation.framework/Headers/Foundation.h:6:
In file included from /Applications/Xcode.app/Contents/Developer/Platforms/iPhoneOS.platform/Developer/SDKs/iPhoneOS26.5.sdk/System/Library/Frameworks/CoreFoundation.framework/Headers/CoreFoundation.h:18:
In file included from /Applications/Xcode.app/Contents/Developer/Platforms/iPhoneOS.platform/Developer/SDKs/iPhoneOS26.5.sdk/usr/include/sys/types.h:75:
/Applications/Xcode.app/Contents/Developer/Platforms/iPhoneOS.platform/Developer/SDKs/iPhoneOS26.5.sdk/usr/include/sys/cdefs.h:227:48: note: expanded from macro '__deprecated_msg'
  227 |         #define __deprecated_msg(_msg) __attribute__((__deprecated__(_msg)))
      |                                                       ^
4 warnings generated.

/Users/jonahmicahinguito/dev/rotaract-connect/node_modules/react-native/ReactCommon/react/nativemodule/core/platform/ios/ReactCommon/RCTTurboModuleManager.mm:243:55: 'extraModulesForBridge:' is deprecated: Please make all native modules returned from this method TurboModule-compatible.

/Users/jonahmicahinguito/dev/rotaract-connect/node_modules/react-native/ReactCommon/react/nativemodule/core/platform/ios/ReactCommon/RCTTurboModuleManager.mm:389:61: '@protocol' command should not be used in a comment attached to a non-protocol declaration

/Users/jonahmicahinguito/dev/rotaract-connect/node_modules/react-native/ReactCommon/react/nativemodule/core/platform/ios/ReactCommon/RCTTurboModuleManager.mm:412:50: 'installJSIBindingsWithRuntime:' is deprecated: Use 'installJSIBindingsWithRuntime:callInvoker:' instead

/Users/jonahmicahinguito/dev/rotaract-connect/node_modules/react-native/ReactCommon/react/nativemodule/core/platform/ios/ReactCommon/RCTTurboModuleManager.mm:789:50: 'initWithModuleInstance:bridge:moduleRegistry:viewRegistry_DEPRECATED:bundleManager:callableJSModules:' is deprecated: This API will be removed along with the legacy architecture.


Build target React-Mapbuffer of project Pods with configuration Debug

CompileC /Users/jonahmicahinguito/Library/Developer/Xcode/DerivedData/rotaractconnect-cjwcbdlngckcsaantafkjnfzfbdk/Build/Intermediates.noindex/Pods.build/Debug-iphoneos/React-Mapbuffer.build/Objects-normal/arm64/MapBuffer.o /Users/jonahmicahinguito/dev/rotaract-connect/node_modules/react-native/ReactCommon/react/renderer/mapbuffer/MapBuffer.cpp normal arm64 c++ com.apple.compilers.llvm.clang.1_0.compiler (in target 'React-Mapbuffer' from project 'Pods')
    cd /Users/jonahmicahinguito/dev/rotaract-connect/ios/Pods
    
    Using response file: /Users/jonahmicahinguito/Library/Developer/Xcode/DerivedData/rotaractconnect-cjwcbdlngckcsaantafkjnfzfbdk/Build/Intermediates.noindex/Pods.build/Debug-iphoneos/React-Mapbuffer.build/Objects-normal/arm64/82b82416624d2658e5098eb0a28c15c5-common-args.resp
    
    /Applications/Xcode.app/Contents/Developer/Toolchains/XcodeDefault.xctoolchain/usr/bin/clang -x c++ -ivfsstatcache /Users/jonahmicahinguito/Library/Developer/Xcode/DerivedData/SDKStatCaches.noindex/iphoneos26.5-23F81a-32daed1954a7d5dd0789fcaf2a9bb78b.sdkstatcache -target arm64-apple-ios15.1 -fmessage-length\=0 -fdiagnostics-show-note-include-stack -fmacro-backtrace-limit\=0 -fno-color-diagnostics -fmodules-prune-interval\=86400 -fmodules-prune-after\=345600 -fbuild-session-file\=/Users/jonahmicahinguito/Library/Developer/Xcode/DerivedData/ModuleCache.noindex/Session.modulevalidation -fmodules-validate-once-per-build-session -Wnon-modular-include-in-framework-module -Werror\=non-modular-include-in-framework-module -Wno-trigraphs -Wno-missing-field-initializers -Wno-missing-prototypes -Werror\=return-type -Wdocumentation -Wunreachable-code -Werror\=deprecated-objc-isa-usage -Werror\=objc-root-class -Wno-non-virtual-dtor -Wno-overloaded-virtual -Wno-exit-time-destructors -Wno-missing-braces -Wparentheses -Wswitch -Wunused-function -Wno-unused-label -Wno-unused-parameter -Wunused-variable -Wunused-value -Wempty-body -Wuninitialized -Wconditional-uninitialized -Wno-unknown-pragmas -Wno-shadow -Wno-four-char-constants -Wno-conversion -Wconstant-conversion -Wint-conversion -Wbool-conversion -Wenum-conversion -Wno-float-conversion -Wnon-literal-null-conversion -Wobjc-literal-conversion -Wshorten-64-to-32 -Wno-newline-eof -Wno-c++11-extensions -Wno-implicit-fallthrough -isysroot /Applications/Xcode.app/Contents/Developer/Platforms/iPhoneOS.platform/Developer/SDKs/iPhoneOS26.5.sdk -fstrict-aliasing -Wdeprecated-declarations -Winvalid-offsetof -Wno-sign-conversion -Winfinite-recursion -Wmove -Wcomma -Wblock-capture-autoreleasing -Wstrict-prototypes -Wrange-loop-analysis -Wno-semicolon-before-method-body -Wunguarded-availability -index-store-path /Users/jonahmicahinguito/Library/Developer/Xcode/DerivedData/rotaractconnect-cjwcbdlngckcsaantafkjnfzfbdk/Index.noindex/DataStore @/Users/jonahmicahinguito/Library/Developer/Xcode/DerivedData/rotaractconnect-cjwcbdlngckcsaantafkjnfzfbdk/Build/Intermediates.noindex/Pods.build/Debug-iphoneos/React-Mapbuffer.build/Objects-normal/arm64/82b82416624d2658e5098eb0a28c15c5-common-args.resp -include /Users/jonahmicahinguito/dev/rotaract-connect/ios/Pods/Target\ Support\ Files/React-Mapbuffer/React-Mapbuffer-prefix.pch -MMD -MT dependencies -MF /Users/jonahmicahinguito/Library/Developer/Xcode/DerivedData/rotaractconnect-cjwcbdlngckcsaantafkjnfzfbdk/Build/Intermediates.noindex/Pods.build/Debug-iphoneos/React-Mapbuffer.build/Objects-normal/arm64/MapBuffer.d --serialize-diagnostics /Users/jonahmicahinguito/Library/Developer/Xcode/DerivedData/rotaractconnect-cjwcbdlngckcsaantafkjnfzfbdk/Build/Intermediates.noindex/Pods.build/Debug-iphoneos/React-Mapbuffer.build/Objects-normal/arm64/MapBuffer.dia -c /Users/jonahmicahinguito/dev/rotaract-connect/node_modules/react-native/ReactCommon/react/renderer/mapbuffer/MapBuffer.cpp -o /Users/jonahmicahinguito/Library/Developer/Xcode/DerivedData/rotaractconnect-cjwcbdlngckcsaantafkjnfzfbdk/Build/Intermediates.noindex/Pods.build/Debug-iphoneos/React-Mapbuffer.build/Objects-normal/arm64/MapBuffer.o -index-unit-output-path /Pods.build/Debug-iphoneos/React-Mapbuffer.build/Objects-normal/arm64/MapBuffer.o

/Users/jonahmicahinguito/dev/rotaract-connect/node_modules/react-native/ReactCommon/react/renderer/mapbuffer/MapBuffer.cpp:129:23: warning: implicit conversion loses integer precision: 'size_t' (aka 'unsigned long') to 'int32_t' (aka 'int') [-Wshorten-64-to-32]
  129 |     mapBufferLength = maxLength;
      |                     ~ ^~~~~~~~~
1 warning generated.

/Users/jonahmicahinguito/dev/rotaract-connect/node_modules/react-native/ReactCommon/react/renderer/mapbuffer/MapBuffer.cpp:129:23: Implicit conversion loses integer precision: 'size_t' (aka 'unsigned long') to 'int32_t' (aka 'int')


Build target React-FabricComponents of project Pods with configuration Debug

Libtool /Users/jonahmicahinguito/Library/Developer/Xcode/DerivedData/rotaractconnect-cjwcbdlngckcsaantafkjnfzfbdk/Build/Products/Debug-iphoneos/React-FabricComponents/libReact-FabricComponents.a normal (in target 'React-FabricComponents' from project 'Pods')
    cd /Users/jonahmicahinguito/dev/rotaract-connect/ios/Pods
    /Applications/Xcode.app/Contents/Developer/Toolchains/XcodeDefault.xctoolchain/usr/bin/libtool -static -arch_only arm64 -D -syslibroot /Applications/Xcode.app/Contents/Developer/Platforms/iPhoneOS.platform/Developer/SDKs/iPhoneOS26.5.sdk -L/Users/jonahmicahinguito/Library/Developer/Xcode/DerivedData/rotaractconnect-cjwcbdlngckcsaantafkjnfzfbdk/Build/Products/Debug-iphoneos/React-FabricComponents -filelist /Users/jonahmicahinguito/Library/Developer/Xcode/DerivedData/rotaractconnect-cjwcbdlngckcsaantafkjnfzfbdk/Build/Intermediates.noindex/Pods.build/Debug-iphoneos/React-FabricComponents.build/Objects-normal/arm64/React-FabricComponents.LinkFileList -dependency_info /Users/jonahmicahinguito/Library/Developer/Xcode/DerivedData/rotaractconnect-cjwcbdlngckcsaantafkjnfzfbdk/Build/Intermediates.noindex/Pods.build/Debug-iphoneos/React-FabricComponents.build/Objects-normal/arm64/React-FabricComponents_libtool_dependency_info.dat -o /Users/jonahmicahinguito/Library/Developer/Xcode/DerivedData/rotaractconnect-cjwcbdlngckcsaantafkjnfzfbdk/Build/Products/Debug-iphoneos/React-FabricComponents/libReact-FabricComponents.a

libtool: warning: 'SafeAreaViewState.o' has no symbols

'SafeAreaViewState.o' has no symbols


Build target React-Fabric of project Pods with configuration Debug

CompileC /Users/jonahmicahinguito/Library/Developer/Xcode/DerivedData/rotaractconnect-cjwcbdlngckcsaantafkjnfzfbdk/Build/Intermediates.noindex/Pods.build/Debug-iphoneos/React-Fabric.build/Objects-normal/arm64/utils.o /Users/jonahmicahinguito/dev/rotaract-connect/node_modules/react-native/ReactCommon/react/renderer/animations/utils.cpp normal arm64 c++ com.apple.compilers.llvm.clang.1_0.compiler (in target 'React-Fabric' from project 'Pods')
    cd /Users/jonahmicahinguito/dev/rotaract-connect/ios/Pods
    
    Using response file: /Users/jonahmicahinguito/Library/Developer/Xcode/DerivedData/rotaractconnect-cjwcbdlngckcsaantafkjnfzfbdk/Build/Intermediates.noindex/Pods.build/Debug-iphoneos/React-Fabric.build/Objects-normal/arm64/82b82416624d2658e5098eb0a28c15c5-common-args.resp
    
    /Applications/Xcode.app/Contents/Developer/Toolchains/XcodeDefault.xctoolchain/usr/bin/clang -x c++ -ivfsstatcache /Users/jonahmicahinguito/Library/Developer/Xcode/DerivedData/SDKStatCaches.noindex/iphoneos26.5-23F81a-32daed1954a7d5dd0789fcaf2a9bb78b.sdkstatcache -target arm64-apple-ios15.1 -fmessage-length\=0 -fdiagnostics-show-note-include-stack -fmacro-backtrace-limit\=0 -fno-color-diagnostics -fmodules-prune-interval\=86400 -fmodules-prune-after\=345600 -fbuild-session-file\=/Users/jonahmicahinguito/Library/Developer/Xcode/DerivedData/ModuleCache.noindex/Session.modulevalidation -fmodules-validate-once-per-build-session -Wnon-modular-include-in-framework-module -Werror\=non-modular-include-in-framework-module -Wno-trigraphs -Wno-missing-field-initializers -Wno-missing-prototypes -Werror\=return-type -Wdocumentation -Wunreachable-code -Werror\=deprecated-objc-isa-usage -Werror\=objc-root-class -Wno-non-virtual-dtor -Wno-overloaded-virtual -Wno-exit-time-destructors -Wno-missing-braces -Wparentheses -Wswitch -Wunused-function -Wno-unused-label -Wno-unused-parameter -Wunused-variable -Wunused-value -Wempty-body -Wuninitialized -Wconditional-uninitialized -Wno-unknown-pragmas -Wno-shadow -Wno-four-char-constants -Wno-conversion -Wconstant-conversion -Wint-conversion -Wbool-conversion -Wenum-conversion -Wno-float-conversion -Wnon-literal-null-conversion -Wobjc-literal-conversion -Wshorten-64-to-32 -Wno-newline-eof -Wno-c++11-extensions -Wno-implicit-fallthrough -isysroot /Applications/Xcode.app/Contents/Developer/Platforms/iPhoneOS.platform/Developer/SDKs/iPhoneOS26.5.sdk -fstrict-aliasing -Wdeprecated-declarations -Winvalid-offsetof -Wno-sign-conversion -Winfinite-recursion -Wmove -Wcomma -Wblock-capture-autoreleasing -Wstrict-prototypes -Wrange-loop-analysis -Wno-semicolon-before-method-body -Wunguarded-availability -index-store-path /Users/jonahmicahinguito/Library/Developer/Xcode/DerivedData/rotaractconnect-cjwcbdlngckcsaantafkjnfzfbdk/Index.noindex/DataStore @/Users/jonahmicahinguito/Library/Developer/Xcode/DerivedData/rotaractconnect-cjwcbdlngckcsaantafkjnfzfbdk/Build/Intermediates.noindex/Pods.build/Debug-iphoneos/React-Fabric.build/Objects-normal/arm64/82b82416624d2658e5098eb0a28c15c5-common-args.resp -include /Users/jonahmicahinguito/dev/rotaract-connect/ios/Pods/Target\ Support\ Files/React-Fabric/React-Fabric-prefix.pch -MMD -MT dependencies -MF /Users/jonahmicahinguito/Library/Developer/Xcode/DerivedData/rotaractconnect-cjwcbdlngckcsaantafkjnfzfbdk/Build/Intermediates.noindex/Pods.build/Debug-iphoneos/React-Fabric.build/Objects-normal/arm64/utils.d --serialize-diagnostics /Users/jonahmicahinguito/Library/Developer/Xcode/DerivedData/rotaractconnect-cjwcbdlngckcsaantafkjnfzfbdk/Build/Intermediates.noindex/Pods.build/Debug-iphoneos/React-Fabric.build/Objects-normal/arm64/utils.dia -c /Users/jonahmicahinguito/dev/rotaract-connect/node_modules/react-native/ReactCommon/react/renderer/animations/utils.cpp -o /Users/jonahmicahinguito/Library/Developer/Xcode/DerivedData/rotaractconnect-cjwcbdlngckcsaantafkjnfzfbdk/Build/Intermediates.noindex/Pods.build/Debug-iphoneos/React-Fabric.build/Objects-normal/arm64/utils.o -index-unit-output-path /Pods.build/Debug-iphoneos/React-Fabric.build/Objects-normal/arm64/utils.o

In file included from /Users/jonahmicahinguito/dev/rotaract-connect/node_modules/react-native/ReactCommon/react/renderer/animations/utils.cpp:8:
In file included from /Users/jonahmicahinguito/dev/rotaract-connect/node_modules/react-native/ReactCommon/react/renderer/animations/utils.h:10:
In file included from /Users/jonahmicahinguito/dev/rotaract-connect/ios/Pods/Headers/Private/React-Fabric/react/renderer/animations/primitives.h:14:
/Users/jonahmicahinguito/dev/rotaract-connect/ios/Pods/Headers/Private/React-Fabric/react/renderer/mounting/ShadowViewMutation.h:46:7: warning: declaration is marked with '@deprecated' command but does not have a deprecation attribute [-Wdocumentation-deprecated-sync]
   46 |    * @deprecated Pass parentTag instead of parentShadowView.
      |      ~^~~~~~~~~~~~~~~~~~~~~~~~~~~~~~~~~~~~~~~~~~~~~~~~~~~~~~
/Users/jonahmicahinguito/dev/rotaract-connect/ios/Pods/Headers/Private/React-Fabric/react/renderer/mounting/ShadowViewMutation.h:48:3: note: add a deprecation attribute to the declaration to silence this warning
   48 |   static ShadowViewMutation InsertMutation(const ShadowView &parentShadowView, ShadowView childShadowView, int index)
      |   ^
      |   FMT_DEPRECATED 
/Users/jonahmicahinguito/dev/rotaract-connect/ios/Pods/Headers/Private/React-Fabric/react/renderer/mounting/ShadowViewMutation.h:60:7: warning: declaration is marked with '@deprecated' command but does not have a deprecation attribute [-Wdocumentation-deprecated-sync]
   60 |    * @deprecated Pass parentTag instead of parentShadowView.
      |      ~^~~~~~~~~~~~~~~~~~~~~~~~~~~~~~~~~~~~~~~~~~~~~~~~~~~~~~
/Users/jonahmicahinguito/dev/rotaract-connect/ios/Pods/Headers/Private/React-Fabric/react/renderer/mounting/ShadowViewMutation.h:62:3: note: add a deprecation attribute to the declaration to silence this warning
   62 |   static ShadowViewMutation RemoveMutation(const ShadowView &parentShadowView, ShadowView childShadowView, int index)
      |   ^
      |   FMT_DEPRECATED 
/Users/jonahmicahinguito/dev/rotaract-connect/ios/Pods/Headers/Private/React-Fabric/react/renderer/mounting/ShadowViewMutation.h:74:7: warning: declaration is marked with '@deprecated' command but does not have a deprecation attribute [-Wdocumentation-deprecated-sync]
   74 |    * @deprecated Pass parentTag instead of parentShadowView.
      |      ~^~~~~~~~~~~~~~~~~~~~~~~~~~~~~~~~~~~~~~~~~~~~~~~~~~~~~~
/Users/jonahmicahinguito/dev/rotaract-connect/ios/Pods/Headers/Private/React-Fabric/react/renderer/mounting/ShadowViewMutation.h:76:3: note: add a deprecation attribute to the declaration to silence this warning
   76 |   static ShadowViewMutation
      |   ^
      |   FMT_DEPRECATED 
3 warnings generated.

/Users/jonahmicahinguito/dev/rotaract-connect/ios/Pods/Headers/Private/React-Fabric/react/renderer/mounting/ShadowViewMutation.h:46:7: Declaration is marked with '@deprecated' command but does not have a deprecation attribute

/Users/jonahmicahinguito/dev/rotaract-connect/ios/Pods/Headers/Private/React-Fabric/react/renderer/mounting/ShadowViewMutation.h:60:7: Declaration is marked with '@deprecated' command but does not have a deprecation attribute

/Users/jonahmicahinguito/dev/rotaract-connect/ios/Pods/Headers/Private/React-Fabric/react/renderer/mounting/ShadowViewMutation.h:74:7: Declaration is marked with '@deprecated' command but does not have a deprecation attribute

CompileC /Users/jonahmicahinguito/Library/Developer/Xcode/DerivedData/rotaractconnect-cjwcbdlngckcsaantafkjnfzfbdk/Build/Intermediates.noindex/Pods.build/Debug-iphoneos/React-Fabric.build/Objects-normal/arm64/updateMountedFlag.o /Users/jonahmicahinguito/dev/rotaract-connect/node_modules/react-native/ReactCommon/react/renderer/mounting/updateMountedFlag.cpp normal arm64 c++ com.apple.compilers.llvm.clang.1_0.compiler (in target 'React-Fabric' from project 'Pods')
    cd /Users/jonahmicahinguito/dev/rotaract-connect/ios/Pods
    
    Using response file: /Users/jonahmicahinguito/Library/Developer/Xcode/DerivedData/rotaractconnect-cjwcbdlngckcsaantafkjnfzfbdk/Build/Intermediates.noindex/Pods.build/Debug-iphoneos/React-Fabric.build/Objects-normal/arm64/82b82416624d2658e5098eb0a28c15c5-common-args.resp
    
    /Applications/Xcode.app/Contents/Developer/Toolchains/XcodeDefault.xctoolchain/usr/bin/clang -x c++ -ivfsstatcache /Users/jonahmicahinguito/Library/Developer/Xcode/DerivedData/SDKStatCaches.noindex/iphoneos26.5-23F81a-32daed1954a7d5dd0789fcaf2a9bb78b.sdkstatcache -target arm64-apple-ios15.1 -fmessage-length\=0 -fdiagnostics-show-note-include-stack -fmacro-backtrace-limit\=0 -fno-color-diagnostics -fmodules-prune-interval\=86400 -fmodules-prune-after\=345600 -fbuild-session-file\=/Users/jonahmicahinguito/Library/Developer/Xcode/DerivedData/ModuleCache.noindex/Session.modulevalidation -fmodules-validate-once-per-build-session -Wnon-modular-include-in-framework-module -Werror\=non-modular-include-in-framework-module -Wno-trigraphs -Wno-missing-field-initializers -Wno-missing-prototypes -Werror\=return-type -Wdocumentation -Wunreachable-code -Werror\=deprecated-objc-isa-usage -Werror\=objc-root-class -Wno-non-virtual-dtor -Wno-overloaded-virtual -Wno-exit-time-destructors -Wno-missing-braces -Wparentheses -Wswitch -Wunused-function -Wno-unused-label -Wno-unused-parameter -Wunused-variable -Wunused-value -Wempty-body -Wuninitialized -Wconditional-uninitialized -Wno-unknown-pragmas -Wno-shadow -Wno-four-char-constants -Wno-conversion -Wconstant-conversion -Wint-conversion -Wbool-conversion -Wenum-conversion -Wno-float-conversion -Wnon-literal-null-conversion -Wobjc-literal-conversion -Wshorten-64-to-32 -Wno-newline-eof -Wno-c++11-extensions -Wno-implicit-fallthrough -isysroot /Applications/Xcode.app/Contents/Developer/Platforms/iPhoneOS.platform/Developer/SDKs/iPhoneOS26.5.sdk -fstrict-aliasing -Wdeprecated-declarations -Winvalid-offsetof -Wno-sign-conversion -Winfinite-recursion -Wmove -Wcomma -Wblock-capture-autoreleasing -Wstrict-prototypes -Wrange-loop-analysis -Wno-semicolon-before-method-body -Wunguarded-availability -index-store-path /Users/jonahmicahinguito/Library/Developer/Xcode/DerivedData/rotaractconnect-cjwcbdlngckcsaantafkjnfzfbdk/Index.noindex/DataStore @/Users/jonahmicahinguito/Library/Developer/Xcode/DerivedData/rotaractconnect-cjwcbdlngckcsaantafkjnfzfbdk/Build/Intermediates.noindex/Pods.build/Debug-iphoneos/React-Fabric.build/Objects-normal/arm64/82b82416624d2658e5098eb0a28c15c5-common-args.resp -include /Users/jonahmicahinguito/dev/rotaract-connect/ios/Pods/Target\ Support\ Files/React-Fabric/React-Fabric-prefix.pch -MMD -MT dependencies -MF /Users/jonahmicahinguito/Library/Developer/Xcode/DerivedData/rotaractconnect-cjwcbdlngckcsaantafkjnfzfbdk/Build/Intermediates.noindex/Pods.build/Debug-iphoneos/React-Fabric.build/Objects-normal/arm64/updateMountedFlag.d --serialize-diagnostics /Users/jonahmicahinguito/Library/Developer/Xcode/DerivedData/rotaractconnect-cjwcbdlngckcsaantafkjnfzfbdk/Build/Intermediates.noindex/Pods.build/Debug-iphoneos/React-Fabric.build/Objects-normal/arm64/updateMountedFlag.dia -c /Users/jonahmicahinguito/dev/rotaract-connect/node_modules/react-native/ReactCommon/react/renderer/mounting/updateMountedFlag.cpp -o /Users/jonahmicahinguito/Library/Developer/Xcode/DerivedData/rotaractconnect-cjwcbdlngckcsaantafkjnfzfbdk/Build/Intermediates.noindex/Pods.build/Debug-iphoneos/React-Fabric.build/Objects-normal/arm64/updateMountedFlag.o -index-unit-output-path /Pods.build/Debug-iphoneos/React-Fabric.build/Objects-normal/arm64/updateMountedFlag.o

In file included from /Users/jonahmicahinguito/dev/rotaract-connect/node_modules/react-native/ReactCommon/react/renderer/mounting/updateMountedFlag.cpp:8:
In file included from /Users/jonahmicahinguito/dev/rotaract-connect/node_modules/react-native/ReactCommon/react/renderer/mounting/updateMountedFlag.h:11:
In file included from /Users/jonahmicahinguito/dev/rotaract-connect/ios/Pods/Headers/Private/React-Fabric/react/renderer/mounting/ShadowTree.h:18:
In file included from /Users/jonahmicahinguito/dev/rotaract-connect/ios/Pods/Headers/Private/React-Fabric/react/renderer/mounting/MountingCoordinator.h:15:
In file included from /Users/jonahmicahinguito/dev/rotaract-connect/ios/Pods/Headers/Private/React-Fabric/react/renderer/mounting/Differentiator.h:11:
/Users/jonahmicahinguito/dev/rotaract-connect/ios/Pods/Headers/Private/React-Fabric/react/renderer/mounting/ShadowViewMutation.h:46:7: warning: declaration is marked with '@deprecated' command but does not have a deprecation attribute [-Wdocumentation-deprecated-sync]
   46 |    * @deprecated Pass parentTag instead of parentShadowView.
      |      ~^~~~~~~~~~~~~~~~~~~~~~~~~~~~~~~~~~~~~~~~~~~~~~~~~~~~~~
/Users/jonahmicahinguito/dev/rotaract-connect/ios/Pods/Headers/Private/React-Fabric/react/renderer/mounting/ShadowViewMutation.h:48:3: note: add a deprecation attribute to the declaration to silence this warning
   48 |   static ShadowViewMutation InsertMutation(const ShadowView &parentShadowView, ShadowView childShadowView, int index)
      |   ^
      |   FMT_DEPRECATED 
/Users/jonahmicahinguito/dev/rotaract-connect/ios/Pods/Headers/Private/React-Fabric/react/renderer/mounting/ShadowViewMutation.h:60:7: warning: declaration is marked with '@deprecated' command but does not have a deprecation attribute [-Wdocumentation-deprecated-sync]
   60 |    * @deprecated Pass parentTag instead of parentShadowView.
      |      ~^~~~~~~~~~~~~~~~~~~~~~~~~~~~~~~~~~~~~~~~~~~~~~~~~~~~~~
/Users/jonahmicahinguito/dev/rotaract-connect/ios/Pods/Headers/Private/React-Fabric/react/renderer/mounting/ShadowViewMutation.h:62:3: note: add a deprecation attribute to the declaration to silence this warning
   62 |   static ShadowViewMutation RemoveMutation(const ShadowView &parentShadowView, ShadowView childShadowView, int index)
      |   ^
      |   FMT_DEPRECATED 
/Users/jonahmicahinguito/dev/rotaract-connect/ios/Pods/Headers/Private/React-Fabric/react/renderer/mounting/ShadowViewMutation.h:74:7: warning: declaration is marked with '@deprecated' command but does not have a deprecation attribute [-Wdocumentation-deprecated-sync]
   74 |    * @deprecated Pass parentTag instead of parentShadowView.
      |      ~^~~~~~~~~~~~~~~~~~~~~~~~~~~~~~~~~~~~~~~~~~~~~~~~~~~~~~
/Users/jonahmicahinguito/dev/rotaract-connect/ios/Pods/Headers/Private/React-Fabric/react/renderer/mounting/ShadowViewMutation.h:76:3: note: add a deprecation attribute to the declaration to silence this warning
   76 |   static ShadowViewMutation
      |   ^
      |   FMT_DEPRECATED 
3 warnings generated.

/Users/jonahmicahinguito/dev/rotaract-connect/ios/Pods/Headers/Private/React-Fabric/react/renderer/mounting/ShadowViewMutation.h:46:7: Declaration is marked with '@deprecated' command but does not have a deprecation attribute

/Users/jonahmicahinguito/dev/rotaract-connect/ios/Pods/Headers/Private/React-Fabric/react/renderer/mounting/ShadowViewMutation.h:60:7: Declaration is marked with '@deprecated' command but does not have a deprecation attribute

/Users/jonahmicahinguito/dev/rotaract-connect/ios/Pods/Headers/Private/React-Fabric/react/renderer/mounting/ShadowViewMutation.h:74:7: Declaration is marked with '@deprecated' command but does not have a deprecation attribute

CompileC /Users/jonahmicahinguito/Library/Developer/Xcode/DerivedData/rotaractconnect-cjwcbdlngckcsaantafkjnfzfbdk/Build/Intermediates.noindex/Pods.build/Debug-iphoneos/React-Fabric.build/Objects-normal/arm64/stubs.o /Users/jonahmicahinguito/dev/rotaract-connect/node_modules/react-native/ReactCommon/react/renderer/mounting/stubs/stubs.cpp normal arm64 c++ com.apple.compilers.llvm.clang.1_0.compiler (in target 'React-Fabric' from project 'Pods')
    cd /Users/jonahmicahinguito/dev/rotaract-connect/ios/Pods
    
    Using response file: /Users/jonahmicahinguito/Library/Developer/Xcode/DerivedData/rotaractconnect-cjwcbdlngckcsaantafkjnfzfbdk/Build/Intermediates.noindex/Pods.build/Debug-iphoneos/React-Fabric.build/Objects-normal/arm64/82b82416624d2658e5098eb0a28c15c5-common-args.resp
    
    /Applications/Xcode.app/Contents/Developer/Toolchains/XcodeDefault.xctoolchain/usr/bin/clang -x c++ -ivfsstatcache /Users/jonahmicahinguito/Library/Developer/Xcode/DerivedData/SDKStatCaches.noindex/iphoneos26.5-23F81a-32daed1954a7d5dd0789fcaf2a9bb78b.sdkstatcache -target arm64-apple-ios15.1 -fmessage-length\=0 -fdiagnostics-show-note-include-stack -fmacro-backtrace-limit\=0 -fno-color-diagnostics -fmodules-prune-interval\=86400 -fmodules-prune-after\=345600 -fbuild-session-file\=/Users/jonahmicahinguito/Library/Developer/Xcode/DerivedData/ModuleCache.noindex/Session.modulevalidation -fmodules-validate-once-per-build-session -Wnon-modular-include-in-framework-module -Werror\=non-modular-include-in-framework-module -Wno-trigraphs -Wno-missing-field-initializers -Wno-missing-prototypes -Werror\=return-type -Wdocumentation -Wunreachable-code -Werror\=deprecated-objc-isa-usage -Werror\=objc-root-class -Wno-non-virtual-dtor -Wno-overloaded-virtual -Wno-exit-time-destructors -Wno-missing-braces -Wparentheses -Wswitch -Wunused-function -Wno-unused-label -Wno-unused-parameter -Wunused-variable -Wunused-value -Wempty-body -Wuninitialized -Wconditional-uninitialized -Wno-unknown-pragmas -Wno-shadow -Wno-four-char-constants -Wno-conversion -Wconstant-conversion -Wint-conversion -Wbool-conversion -Wenum-conversion -Wno-float-conversion -Wnon-literal-null-conversion -Wobjc-literal-conversion -Wshorten-64-to-32 -Wno-newline-eof -Wno-c++11-extensions -Wno-implicit-fallthrough -isysroot /Applications/Xcode.app/Contents/Developer/Platforms/iPhoneOS.platform/Developer/SDKs/iPhoneOS26.5.sdk -fstrict-aliasing -Wdeprecated-declarations -Winvalid-offsetof -Wno-sign-conversion -Winfinite-recursion -Wmove -Wcomma -Wblock-capture-autoreleasing -Wstrict-prototypes -Wrange-loop-analysis -Wno-semicolon-before-method-body -Wunguarded-availability -index-store-path /Users/jonahmicahinguito/Library/Developer/Xcode/DerivedData/rotaractconnect-cjwcbdlngckcsaantafkjnfzfbdk/Index.noindex/DataStore @/Users/jonahmicahinguito/Library/Developer/Xcode/DerivedData/rotaractconnect-cjwcbdlngckcsaantafkjnfzfbdk/Build/Intermediates.noindex/Pods.build/Debug-iphoneos/React-Fabric.build/Objects-normal/arm64/82b82416624d2658e5098eb0a28c15c5-common-args.resp -include /Users/jonahmicahinguito/dev/rotaract-connect/ios/Pods/Target\ Support\ Files/React-Fabric/React-Fabric-prefix.pch -MMD -MT dependencies -MF /Users/jonahmicahinguito/Library/Developer/Xcode/DerivedData/rotaractconnect-cjwcbdlngckcsaantafkjnfzfbdk/Build/Intermediates.noindex/Pods.build/Debug-iphoneos/React-Fabric.build/Objects-normal/arm64/stubs.d --serialize-diagnostics /Users/jonahmicahinguito/Library/Developer/Xcode/DerivedData/rotaractconnect-cjwcbdlngckcsaantafkjnfzfbdk/Build/Intermediates.noindex/Pods.build/Debug-iphoneos/React-Fabric.build/Objects-normal/arm64/stubs.dia -c /Users/jonahmicahinguito/dev/rotaract-connect/node_modules/react-native/ReactCommon/react/renderer/mounting/stubs/stubs.cpp -o /Users/jonahmicahinguito/Library/Developer/Xcode/DerivedData/rotaractconnect-cjwcbdlngckcsaantafkjnfzfbdk/Build/Intermediates.noindex/Pods.build/Debug-iphoneos/React-Fabric.build/Objects-normal/arm64/stubs.o -index-unit-output-path /Pods.build/Debug-iphoneos/React-Fabric.build/Objects-normal/arm64/stubs.o

In file included from /Users/jonahmicahinguito/dev/rotaract-connect/node_modules/react-native/ReactCommon/react/renderer/mounting/stubs/stubs.cpp:8:
In file included from /Users/jonahmicahinguito/dev/rotaract-connect/node_modules/react-native/ReactCommon/react/renderer/mounting/stubs/stubs.h:12:
In file included from /Users/jonahmicahinguito/dev/rotaract-connect/node_modules/react-native/ReactCommon/react/renderer/mounting/stubs/StubViewTree.h:13:
/Users/jonahmicahinguito/dev/rotaract-connect/ios/Pods/Headers/Private/React-Fabric/react/renderer/mounting/ShadowViewMutation.h:46:7: warning: declaration is marked with '@deprecated' command but does not have a deprecation attribute [-Wdocumentation-deprecated-sync]
   46 |    * @deprecated Pass parentTag instead of parentShadowView.
      |      ~^~~~~~~~~~~~~~~~~~~~~~~~~~~~~~~~~~~~~~~~~~~~~~~~~~~~~~
/Users/jonahmicahinguito/dev/rotaract-connect/ios/Pods/Headers/Private/React-Fabric/react/renderer/mounting/ShadowViewMutation.h:48:3: note: add a deprecation attribute to the declaration to silence this warning
   48 |   static ShadowViewMutation InsertMutation(const ShadowView &parentShadowView, ShadowView childShadowView, int index)
      |   ^
      |   FMT_DEPRECATED 
/Users/jonahmicahinguito/dev/rotaract-connect/ios/Pods/Headers/Private/React-Fabric/react/renderer/mounting/ShadowViewMutation.h:60:7: warning: declaration is marked with '@deprecated' command but does not have a deprecation attribute [-Wdocumentation-deprecated-sync]
   60 |    * @deprecated Pass parentTag instead of parentShadowView.
      |      ~^~~~~~~~~~~~~~~~~~~~~~~~~~~~~~~~~~~~~~~~~~~~~~~~~~~~~~
/Users/jonahmicahinguito/dev/rotaract-connect/ios/Pods/Headers/Private/React-Fabric/react/renderer/mounting/ShadowViewMutation.h:62:3: note: add a deprecation attribute to the declaration to silence this warning
   62 |   static ShadowViewMutation RemoveMutation(const ShadowView &parentShadowView, ShadowView childShadowView, int index)
      |   ^
      |   FMT_DEPRECATED 
/Users/jonahmicahinguito/dev/rotaract-connect/ios/Pods/Headers/Private/React-Fabric/react/renderer/mounting/ShadowViewMutation.h:74:7: warning: declaration is marked with '@deprecated' command but does not have a deprecation attribute [-Wdocumentation-deprecated-sync]
   74 |    * @deprecated Pass parentTag instead of parentShadowView.
      |      ~^~~~~~~~~~~~~~~~~~~~~~~~~~~~~~~~~~~~~~~~~~~~~~~~~~~~~~
/Users/jonahmicahinguito/dev/rotaract-connect/ios/Pods/Headers/Private/React-Fabric/react/renderer/mounting/ShadowViewMutation.h:76:3: note: add a deprecation attribute to the declaration to silence this warning
   76 |   static ShadowViewMutation
      |   ^
      |   FMT_DEPRECATED 
3 warnings generated.

/Users/jonahmicahinguito/dev/rotaract-connect/ios/Pods/Headers/Private/React-Fabric/react/renderer/mounting/ShadowViewMutation.h:46:7: Declaration is marked with '@deprecated' command but does not have a deprecation attribute

/Users/jonahmicahinguito/dev/rotaract-connect/ios/Pods/Headers/Private/React-Fabric/react/renderer/mounting/ShadowViewMutation.h:60:7: Declaration is marked with '@deprecated' command but does not have a deprecation attribute

/Users/jonahmicahinguito/dev/rotaract-connect/ios/Pods/Headers/Private/React-Fabric/react/renderer/mounting/ShadowViewMutation.h:74:7: Declaration is marked with '@deprecated' command but does not have a deprecation attribute

CompileC /Users/jonahmicahinguito/Library/Developer/Xcode/DerivedData/rotaractconnect-cjwcbdlngckcsaantafkjnfzfbdk/Build/Intermediates.noindex/Pods.build/Debug-iphoneos/React-Fabric.build/Objects-normal/arm64/ViewTransitionModule.o /Users/jonahmicahinguito/dev/rotaract-connect/node_modules/react-native/ReactCommon/react/renderer/viewtransition/ViewTransitionModule.cpp normal arm64 c++ com.apple.compilers.llvm.clang.1_0.compiler (in target 'React-Fabric' from project 'Pods')
    cd /Users/jonahmicahinguito/dev/rotaract-connect/ios/Pods
    
    Using response file: /Users/jonahmicahinguito/Library/Developer/Xcode/DerivedData/rotaractconnect-cjwcbdlngckcsaantafkjnfzfbdk/Build/Intermediates.noindex/Pods.build/Debug-iphoneos/React-Fabric.build/Objects-normal/arm64/82b82416624d2658e5098eb0a28c15c5-common-args.resp
    
    /Applications/Xcode.app/Contents/Developer/Toolchains/XcodeDefault.xctoolchain/usr/bin/clang -x c++ -ivfsstatcache /Users/jonahmicahinguito/Library/Developer/Xcode/DerivedData/SDKStatCaches.noindex/iphoneos26.5-23F81a-32daed1954a7d5dd0789fcaf2a9bb78b.sdkstatcache -target arm64-apple-ios15.1 -fmessage-length\=0 -fdiagnostics-show-note-include-stack -fmacro-backtrace-limit\=0 -fno-color-diagnostics -fmodules-prune-interval\=86400 -fmodules-prune-after\=345600 -fbuild-session-file\=/Users/jonahmicahinguito/Library/Developer/Xcode/DerivedData/ModuleCache.noindex/Session.modulevalidation -fmodules-validate-once-per-build-session -Wnon-modular-include-in-framework-module -Werror\=non-modular-include-in-framework-module -Wno-trigraphs -Wno-missing-field-initializers -Wno-missing-prototypes -Werror\=return-type -Wdocumentation -Wunreachable-code -Werror\=deprecated-objc-isa-usage -Werror\=objc-root-class -Wno-non-virtual-dtor -Wno-overloaded-virtual -Wno-exit-time-destructors -Wno-missing-braces -Wparentheses -Wswitch -Wunused-function -Wno-unused-label -Wno-unused-parameter -Wunused-variable -Wunused-value -Wempty-body -Wuninitialized -Wconditional-uninitialized -Wno-unknown-pragmas -Wno-shadow -Wno-four-char-constants -Wno-conversion -Wconstant-conversion -Wint-conversion -Wbool-conversion -Wenum-conversion -Wno-float-conversion -Wnon-literal-null-conversion -Wobjc-literal-conversion -Wshorten-64-to-32 -Wno-newline-eof -Wno-c++11-extensions -Wno-implicit-fallthrough -isysroot /Applications/Xcode.app/Contents/Developer/Platforms/iPhoneOS.platform/Developer/SDKs/iPhoneOS26.5.sdk -fstrict-aliasing -Wdeprecated-declarations -Winvalid-offsetof -Wno-sign-conversion -Winfinite-recursion -Wmove -Wcomma -Wblock-capture-autoreleasing -Wstrict-prototypes -Wrange-loop-analysis -Wno-semicolon-before-method-body -Wunguarded-availability -index-store-path /Users/jonahmicahinguito/Library/Developer/Xcode/DerivedData/rotaractconnect-cjwcbdlngckcsaantafkjnfzfbdk/Index.noindex/DataStore @/Users/jonahmicahinguito/Library/Developer/Xcode/DerivedData/rotaractconnect-cjwcbdlngckcsaantafkjnfzfbdk/Build/Intermediates.noindex/Pods.build/Debug-iphoneos/React-Fabric.build/Objects-normal/arm64/82b82416624d2658e5098eb0a28c15c5-common-args.resp -include /Users/jonahmicahinguito/dev/rotaract-connect/ios/Pods/Target\ Support\ Files/React-Fabric/React-Fabric-prefix.pch -MMD -MT dependencies -MF /Users/jonahmicahinguito/Library/Developer/Xcode/DerivedData/rotaractconnect-cjwcbdlngckcsaantafkjnfzfbdk/Build/Intermediates.noindex/Pods.build/Debug-iphoneos/React-Fabric.build/Objects-normal/arm64/ViewTransitionModule.d --serialize-diagnostics /Users/jonahmicahinguito/Library/Developer/Xcode/DerivedData/rotaractconnect-cjwcbdlngckcsaantafkjnfzfbdk/Build/Intermediates.noindex/Pods.build/Debug-iphoneos/React-Fabric.build/Objects-normal/arm64/ViewTransitionModule.dia -c /Users/jonahmicahinguito/dev/rotaract-connect/node_modules/react-native/ReactCommon/react/renderer/viewtransition/ViewTransitionModule.cpp -o /Users/jonahmicahinguito/Library/Developer/Xcode/DerivedData/rotaractconnect-cjwcbdlngckcsaantafkjnfzfbdk/Build/Intermediates.noindex/Pods.build/Debug-iphoneos/React-Fabric.build/Objects-normal/arm64/ViewTransitionModule.o -index-unit-output-path /Pods.build/Debug-iphoneos/React-Fabric.build/Objects-normal/arm64/ViewTransitionModule.o

In file included from /Users/jonahmicahinguito/dev/rotaract-connect/node_modules/react-native/ReactCommon/react/renderer/viewtransition/ViewTransitionModule.cpp:8:
In file included from /Users/jonahmicahinguito/dev/rotaract-connect/node_modules/react-native/ReactCommon/react/renderer/viewtransition/ViewTransitionModule.h:15:
In file included from /Users/jonahmicahinguito/dev/rotaract-connect/ios/Pods/Headers/Private/React-Fabric/react/renderer/mounting/MountingOverrideDelegate.h:8:
In file included from /Users/jonahmicahinguito/dev/rotaract-connect/ios/Pods/Headers/Private/React-Fabric/react/renderer/mounting/MountingTransaction.h:10:
/Users/jonahmicahinguito/dev/rotaract-connect/ios/Pods/Headers/Private/React-Fabric/react/renderer/mounting/ShadowViewMutation.h:46:7: warning: declaration is marked with '@deprecated' command but does not have a deprecation attribute [-Wdocumentation-deprecated-sync]
   46 |    * @deprecated Pass parentTag instead of parentShadowView.
      |      ~^~~~~~~~~~~~~~~~~~~~~~~~~~~~~~~~~~~~~~~~~~~~~~~~~~~~~~
/Users/jonahmicahinguito/dev/rotaract-connect/ios/Pods/Headers/Private/React-Fabric/react/renderer/mounting/ShadowViewMutation.h:48:3: note: add a deprecation attribute to the declaration to silence this warning
   48 |   static ShadowViewMutation InsertMutation(const ShadowView &parentShadowView, ShadowView childShadowView, int index)
      |   ^
      |   FMT_DEPRECATED 
/Users/jonahmicahinguito/dev/rotaract-connect/ios/Pods/Headers/Private/React-Fabric/react/renderer/mounting/ShadowViewMutation.h:60:7: warning: declaration is marked with '@deprecated' command but does not have a deprecation attribute [-Wdocumentation-deprecated-sync]
   60 |    * @deprecated Pass parentTag instead of parentShadowView.
      |      ~^~~~~~~~~~~~~~~~~~~~~~~~~~~~~~~~~~~~~~~~~~~~~~~~~~~~~~
/Users/jonahmicahinguito/dev/rotaract-connect/ios/Pods/Headers/Private/React-Fabric/react/renderer/mounting/ShadowViewMutation.h:62:3: note: add a deprecation attribute to the declaration to silence this warning
   62 |   static ShadowViewMutation RemoveMutation(const ShadowView &parentShadowView, ShadowView childShadowView, int index)
      |   ^
      |   FMT_DEPRECATED 
/Users/jonahmicahinguito/dev/rotaract-connect/ios/Pods/Headers/Private/React-Fabric/react/renderer/mounting/ShadowViewMutation.h:74:7: warning: declaration is marked with '@deprecated' command but does not have a deprecation attribute [-Wdocumentation-deprecated-sync]
   74 |    * @deprecated Pass parentTag instead of parentShadowView.
      |      ~^~~~~~~~~~~~~~~~~~~~~~~~~~~~~~~~~~~~~~~~~~~~~~~~~~~~~~
/Users/jonahmicahinguito/dev/rotaract-connect/ios/Pods/Headers/Private/React-Fabric/react/renderer/mounting/ShadowViewMutation.h:76:3: note: add a deprecation attribute to the declaration to silence this warning
   76 |   static ShadowViewMutation
      |   ^
      |   FMT_DEPRECATED 
3 warnings generated.

/Users/jonahmicahinguito/dev/rotaract-connect/ios/Pods/Headers/Private/React-Fabric/react/renderer/mounting/ShadowViewMutation.h:46:7: Declaration is marked with '@deprecated' command but does not have a deprecation attribute

/Users/jonahmicahinguito/dev/rotaract-connect/ios/Pods/Headers/Private/React-Fabric/react/renderer/mounting/ShadowViewMutation.h:60:7: Declaration is marked with '@deprecated' command but does not have a deprecation attribute

/Users/jonahmicahinguito/dev/rotaract-connect/ios/Pods/Headers/Private/React-Fabric/react/renderer/mounting/ShadowViewMutation.h:74:7: Declaration is marked with '@deprecated' command but does not have a deprecation attribute

CompileC /Users/jonahmicahinguito/Library/Developer/Xcode/DerivedData/rotaractconnect-cjwcbdlngckcsaantafkjnfzfbdk/Build/Intermediates.noindex/Pods.build/Debug-iphoneos/React-Fabric.build/Objects-normal/arm64/ValueAnimatedNode.o /Users/jonahmicahinguito/dev/rotaract-connect/node_modules/react-native/ReactCommon/react/renderer/animated/nodes/ValueAnimatedNode.cpp normal arm64 c++ com.apple.compilers.llvm.clang.1_0.compiler (in target 'React-Fabric' from project 'Pods')
    cd /Users/jonahmicahinguito/dev/rotaract-connect/ios/Pods
    
    Using response file: /Users/jonahmicahinguito/Library/Developer/Xcode/DerivedData/rotaractconnect-cjwcbdlngckcsaantafkjnfzfbdk/Build/Intermediates.noindex/Pods.build/Debug-iphoneos/React-Fabric.build/Objects-normal/arm64/82b82416624d2658e5098eb0a28c15c5-common-args.resp
    
    /Applications/Xcode.app/Contents/Developer/Toolchains/XcodeDefault.xctoolchain/usr/bin/clang -x c++ -ivfsstatcache /Users/jonahmicahinguito/Library/Developer/Xcode/DerivedData/SDKStatCaches.noindex/iphoneos26.5-23F81a-32daed1954a7d5dd0789fcaf2a9bb78b.sdkstatcache -target arm64-apple-ios15.1 -fmessage-length\=0 -fdiagnostics-show-note-include-stack -fmacro-backtrace-limit\=0 -fno-color-diagnostics -fmodules-prune-interval\=86400 -fmodules-prune-after\=345600 -fbuild-session-file\=/Users/jonahmicahinguito/Library/Developer/Xcode/DerivedData/ModuleCache.noindex/Session.modulevalidation -fmodules-validate-once-per-build-session -Wnon-modular-include-in-framework-module -Werror\=non-modular-include-in-framework-module -Wno-trigraphs -Wno-missing-field-initializers -Wno-missing-prototypes -Werror\=return-type -Wdocumentation -Wunreachable-code -Werror\=deprecated-objc-isa-usage -Werror\=objc-root-class -Wno-non-virtual-dtor -Wno-overloaded-virtual -Wno-exit-time-destructors -Wno-missing-braces -Wparentheses -Wswitch -Wunused-function -Wno-unused-label -Wno-unused-parameter -Wunused-variable -Wunused-value -Wempty-body -Wuninitialized -Wconditional-uninitialized -Wno-unknown-pragmas -Wno-shadow -Wno-four-char-constants -Wno-conversion -Wconstant-conversion -Wint-conversion -Wbool-conversion -Wenum-conversion -Wno-float-conversion -Wnon-literal-null-conversion -Wobjc-literal-conversion -Wshorten-64-to-32 -Wno-newline-eof -Wno-c++11-extensions -Wno-implicit-fallthrough -isysroot /Applications/Xcode.app/Contents/Developer/Platforms/iPhoneOS.platform/Developer/SDKs/iPhoneOS26.5.sdk -fstrict-aliasing -Wdeprecated-declarations -Winvalid-offsetof -Wno-sign-conversion -Winfinite-recursion -Wmove -Wcomma -Wblock-capture-autoreleasing -Wstrict-prototypes -Wrange-loop-analysis -Wno-semicolon-before-method-body -Wunguarded-availability -index-store-path /Users/jonahmicahinguito/Library/Developer/Xcode/DerivedData/rotaractconnect-cjwcbdlngckcsaantafkjnfzfbdk/Index.noindex/DataStore @/Users/jonahmicahinguito/Library/Developer/Xcode/DerivedData/rotaractconnect-cjwcbdlngckcsaantafkjnfzfbdk/Build/Intermediates.noindex/Pods.build/Debug-iphoneos/React-Fabric.build/Objects-normal/arm64/82b82416624d2658e5098eb0a28c15c5-common-args.resp -include /Users/jonahmicahinguito/dev/rotaract-connect/ios/Pods/Target\ Support\ Files/React-Fabric/React-Fabric-prefix.pch -MMD -MT dependencies -MF /Users/jonahmicahinguito/Library/Developer/Xcode/DerivedData/rotaractconnect-cjwcbdlngckcsaantafkjnfzfbdk/Build/Intermediates.noindex/Pods.build/Debug-iphoneos/React-Fabric.build/Objects-normal/arm64/ValueAnimatedNode.d --serialize-diagnostics /Users/jonahmicahinguito/Library/Developer/Xcode/DerivedData/rotaractconnect-cjwcbdlngckcsaantafkjnfzfbdk/Build/Intermediates.noindex/Pods.build/Debug-iphoneos/React-Fabric.build/Objects-normal/arm64/ValueAnimatedNode.dia -c /Users/jonahmicahinguito/dev/rotaract-connect/node_modules/react-native/ReactCommon/react/renderer/animated/nodes/ValueAnimatedNode.cpp -o /Users/jonahmicahinguito/Library/Developer/Xcode/DerivedData/rotaractconnect-cjwcbdlngckcsaantafkjnfzfbdk/Build/Intermediates.noindex/Pods.build/Debug-iphoneos/React-Fabric.build/Objects-normal/arm64/ValueAnimatedNode.o -index-unit-output-path /Pods.build/Debug-iphoneos/React-Fabric.build/Objects-normal/arm64/ValueAnimatedNode.o

In file included from /Users/jonahmicahinguito/dev/rotaract-connect/node_modules/react-native/ReactCommon/react/renderer/animated/nodes/ValueAnimatedNode.cpp:15:
In file included from /Users/jonahmicahinguito/dev/rotaract-connect/ios/Pods/Headers/Private/React-Fabric/react/renderer/animated/NativeAnimatedNodesManager.h:21:
In file included from /Users/jonahmicahinguito/dev/rotaract-connect/ios/Pods/Headers/Private/React-Fabric/react/renderer/animationbackend/AnimationBackend.h:12:
In file included from /Users/jonahmicahinguito/dev/rotaract-connect/ios/Pods/Headers/Private/React-Fabric/react/renderer/uimanager/UIManager.h:23:
In file included from /Users/jonahmicahinguito/dev/rotaract-connect/ios/Pods/Headers/Private/React-Fabric/react/renderer/mounting/ShadowTree.h:18:
In file included from /Users/jonahmicahinguito/dev/rotaract-connect/ios/Pods/Headers/Private/React-Fabric/react/renderer/mounting/MountingCoordinator.h:15:
In file included from /Users/jonahmicahinguito/dev/rotaract-connect/ios/Pods/Headers/Private/React-Fabric/react/renderer/mounting/Differentiator.h:11:
/Users/jonahmicahinguito/dev/rotaract-connect/ios/Pods/Headers/Private/React-Fabric/react/renderer/mounting/ShadowViewMutation.h:46:7: warning: declaration is marked with '@deprecated' command but does not have a deprecation attribute [-Wdocumentation-deprecated-sync]
   46 |    * @deprecated Pass parentTag instead of parentShadowView.
      |      ~^~~~~~~~~~~~~~~~~~~~~~~~~~~~~~~~~~~~~~~~~~~~~~~~~~~~~~
/Users/jonahmicahinguito/dev/rotaract-connect/ios/Pods/Headers/Private/React-Fabric/react/renderer/mounting/ShadowViewMutation.h:48:3: note: add a deprecation attribute to the declaration to silence this warning
   48 |   static ShadowViewMutation InsertMutation(const ShadowView &parentShadowView, ShadowView childShadowView, int index)
      |   ^
      |   FMT_DEPRECATED 
/Users/jonahmicahinguito/dev/rotaract-connect/ios/Pods/Headers/Private/React-Fabric/react/renderer/mounting/ShadowViewMutation.h:60:7: warning: declaration is marked with '@deprecated' command but does not have a deprecation attribute [-Wdocumentation-deprecated-sync]
   60 |    * @deprecated Pass parentTag instead of parentShadowView.
      |      ~^~~~~~~~~~~~~~~~~~~~~~~~~~~~~~~~~~~~~~~~~~~~~~~~~~~~~~
/Users/jonahmicahinguito/dev/rotaract-connect/ios/Pods/Headers/Private/React-Fabric/react/renderer/mounting/ShadowViewMutation.h:62:3: note: add a deprecation attribute to the declaration to silence this warning
   62 |   static ShadowViewMutation RemoveMutation(const ShadowView &parentShadowView, ShadowView childShadowView, int index)
      |   ^
      |   FMT_DEPRECATED 
/Users/jonahmicahinguito/dev/rotaract-connect/ios/Pods/Headers/Private/React-Fabric/react/renderer/mounting/ShadowViewMutation.h:74:7: warning: declaration is marked with '@deprecated' command but does not have a deprecation attribute [-Wdocumentation-deprecated-sync]
   74 |    * @deprecated Pass parentTag instead of parentShadowView.
      |      ~^~~~~~~~~~~~~~~~~~~~~~~~~~~~~~~~~~~~~~~~~~~~~~~~~~~~~~
/Users/jonahmicahinguito/dev/rotaract-connect/ios/Pods/Headers/Private/React-Fabric/react/renderer/mounting/ShadowViewMutation.h:76:3: note: add a deprecation attribute to the declaration to silence this warning
   76 |   static ShadowViewMutation
      |   ^
      |   FMT_DEPRECATED 
3 warnings generated.

/Users/jonahmicahinguito/dev/rotaract-connect/ios/Pods/Headers/Private/React-Fabric/react/renderer/mounting/ShadowViewMutation.h:46:7: Declaration is marked with '@deprecated' command but does not have a deprecation attribute

/Users/jonahmicahinguito/dev/rotaract-connect/ios/Pods/Headers/Private/React-Fabric/react/renderer/mounting/ShadowViewMutation.h:60:7: Declaration is marked with '@deprecated' command but does not have a deprecation attribute

/Users/jonahmicahinguito/dev/rotaract-connect/ios/Pods/Headers/Private/React-Fabric/react/renderer/mounting/ShadowViewMutation.h:74:7: Declaration is marked with '@deprecated' command but does not have a deprecation attribute

CompileC /Users/jonahmicahinguito/Library/Developer/Xcode/DerivedData/rotaractconnect-cjwcbdlngckcsaantafkjnfzfbdk/Build/Intermediates.noindex/Pods.build/Debug-iphoneos/React-Fabric.build/Objects-normal/arm64/UIManagerUpdateShadowTree.o /Users/jonahmicahinguito/dev/rotaract-connect/node_modules/react-native/ReactCommon/react/renderer/uimanager/UIManagerUpdateShadowTree.cpp normal arm64 c++ com.apple.compilers.llvm.clang.1_0.compiler (in target 'React-Fabric' from project 'Pods')
    cd /Users/jonahmicahinguito/dev/rotaract-connect/ios/Pods
    
    Using response file: /Users/jonahmicahinguito/Library/Developer/Xcode/DerivedData/rotaractconnect-cjwcbdlngckcsaantafkjnfzfbdk/Build/Intermediates.noindex/Pods.build/Debug-iphoneos/React-Fabric.build/Objects-normal/arm64/82b82416624d2658e5098eb0a28c15c5-common-args.resp
    
    /Applications/Xcode.app/Contents/Developer/Toolchains/XcodeDefault.xctoolchain/usr/bin/clang -x c++ -ivfsstatcache /Users/jonahmicahinguito/Library/Developer/Xcode/DerivedData/SDKStatCaches.noindex/iphoneos26.5-23F81a-32daed1954a7d5dd0789fcaf2a9bb78b.sdkstatcache -target arm64-apple-ios15.1 -fmessage-length\=0 -fdiagnostics-show-note-include-stack -fmacro-backtrace-limit\=0 -fno-color-diagnostics -fmodules-prune-interval\=86400 -fmodules-prune-after\=345600 -fbuild-session-file\=/Users/jonahmicahinguito/Library/Developer/Xcode/DerivedData/ModuleCache.noindex/Session.modulevalidation -fmodules-validate-once-per-build-session -Wnon-modular-include-in-framework-module -Werror\=non-modular-include-in-framework-module -Wno-trigraphs -Wno-missing-field-initializers -Wno-missing-prototypes -Werror\=return-type -Wdocumentation -Wunreachable-code -Werror\=deprecated-objc-isa-usage -Werror\=objc-root-class -Wno-non-virtual-dtor -Wno-overloaded-virtual -Wno-exit-time-destructors -Wno-missing-braces -Wparentheses -Wswitch -Wunused-function -Wno-unused-label -Wno-unused-parameter -Wunused-variable -Wunused-value -Wempty-body -Wuninitialized -Wconditional-uninitialized -Wno-unknown-pragmas -Wno-shadow -Wno-four-char-constants -Wno-conversion -Wconstant-conversion -Wint-conversion -Wbool-conversion -Wenum-conversion -Wno-float-conversion -Wnon-literal-null-conversion -Wobjc-literal-conversion -Wshorten-64-to-32 -Wno-newline-eof -Wno-c++11-extensions -Wno-implicit-fallthrough -isysroot /Applications/Xcode.app/Contents/Developer/Platforms/iPhoneOS.platform/Developer/SDKs/iPhoneOS26.5.sdk -fstrict-aliasing -Wdeprecated-declarations -Winvalid-offsetof -Wno-sign-conversion -Winfinite-recursion -Wmove -Wcomma -Wblock-capture-autoreleasing -Wstrict-prototypes -Wrange-loop-analysis -Wno-semicolon-before-method-body -Wunguarded-availability -index-store-path /Users/jonahmicahinguito/Library/Developer/Xcode/DerivedData/rotaractconnect-cjwcbdlngckcsaantafkjnfzfbdk/Index.noindex/DataStore @/Users/jonahmicahinguito/Library/Developer/Xcode/DerivedData/rotaractconnect-cjwcbdlngckcsaantafkjnfzfbdk/Build/Intermediates.noindex/Pods.build/Debug-iphoneos/React-Fabric.build/Objects-normal/arm64/82b82416624d2658e5098eb0a28c15c5-common-args.resp -include /Users/jonahmicahinguito/dev/rotaract-connect/ios/Pods/Target\ Support\ Files/React-Fabric/React-Fabric-prefix.pch -MMD -MT dependencies -MF /Users/jonahmicahinguito/Library/Developer/Xcode/DerivedData/rotaractconnect-cjwcbdlngckcsaantafkjnfzfbdk/Build/Intermediates.noindex/Pods.build/Debug-iphoneos/React-Fabric.build/Objects-normal/arm64/UIManagerUpdateShadowTree.d --serialize-diagnostics /Users/jonahmicahinguito/Library/Developer/Xcode/DerivedData/rotaractconnect-cjwcbdlngckcsaantafkjnfzfbdk/Build/Intermediates.noindex/Pods.build/Debug-iphoneos/React-Fabric.build/Objects-normal/arm64/UIManagerUpdateShadowTree.dia -c /Users/jonahmicahinguito/dev/rotaract-connect/node_modules/react-native/ReactCommon/react/renderer/uimanager/UIManagerUpdateShadowTree.cpp -o /Users/jonahmicahinguito/Library/Developer/Xcode/DerivedData/rotaractconnect-cjwcbdlngckcsaantafkjnfzfbdk/Build/Intermediates.noindex/Pods.build/Debug-iphoneos/React-Fabric.build/Objects-normal/arm64/UIManagerUpdateShadowTree.o -index-unit-output-path /Pods.build/Debug-iphoneos/React-Fabric.build/Objects-normal/arm64/UIManagerUpdateShadowTree.o

In file included from /Users/jonahmicahinguito/dev/rotaract-connect/node_modules/react-native/ReactCommon/react/renderer/uimanager/UIManagerUpdateShadowTree.cpp:8:
In file included from /Users/jonahmicahinguito/dev/rotaract-connect/node_modules/react-native/ReactCommon/react/renderer/uimanager/UIManager.h:23:
In file included from /Users/jonahmicahinguito/dev/rotaract-connect/ios/Pods/Headers/Private/React-Fabric/react/renderer/mounting/ShadowTree.h:18:
In file included from /Users/jonahmicahinguito/dev/rotaract-connect/ios/Pods/Headers/Private/React-Fabric/react/renderer/mounting/MountingCoordinator.h:15:
In file included from /Users/jonahmicahinguito/dev/rotaract-connect/ios/Pods/Headers/Private/React-Fabric/react/renderer/mounting/Differentiator.h:11:
/Users/jonahmicahinguito/dev/rotaract-connect/ios/Pods/Headers/Private/React-Fabric/react/renderer/mounting/ShadowViewMutation.h:46:7: warning: declaration is marked with '@deprecated' command but does not have a deprecation attribute [-Wdocumentation-deprecated-sync]
   46 |    * @deprecated Pass parentTag instead of parentShadowView.
      |      ~^~~~~~~~~~~~~~~~~~~~~~~~~~~~~~~~~~~~~~~~~~~~~~~~~~~~~~
/Users/jonahmicahinguito/dev/rotaract-connect/ios/Pods/Headers/Private/React-Fabric/react/renderer/mounting/ShadowViewMutation.h:48:3: note: add a deprecation attribute to the declaration to silence this warning
   48 |   static ShadowViewMutation InsertMutation(const ShadowView &parentShadowView, ShadowView childShadowView, int index)
      |   ^
      |   FMT_DEPRECATED 
/Users/jonahmicahinguito/dev/rotaract-connect/ios/Pods/Headers/Private/React-Fabric/react/renderer/mounting/ShadowViewMutation.h:60:7: warning: declaration is marked with '@deprecated' command but does not have a deprecation attribute [-Wdocumentation-deprecated-sync]
   60 |    * @deprecated Pass parentTag instead of parentShadowView.
      |      ~^~~~~~~~~~~~~~~~~~~~~~~~~~~~~~~~~~~~~~~~~~~~~~~~~~~~~~
/Users/jonahmicahinguito/dev/rotaract-connect/ios/Pods/Headers/Private/React-Fabric/react/renderer/mounting/ShadowViewMutation.h:62:3: note: add a deprecation attribute to the declaration to silence this warning
   62 |   static ShadowViewMutation RemoveMutation(const ShadowView &parentShadowView, ShadowView childShadowView, int index)
      |   ^
      |   FMT_DEPRECATED 
/Users/jonahmicahinguito/dev/rotaract-connect/ios/Pods/Headers/Private/React-Fabric/react/renderer/mounting/ShadowViewMutation.h:74:7: warning: declaration is marked with '@deprecated' command but does not have a deprecation attribute [-Wdocumentation-deprecated-sync]
   74 |    * @deprecated Pass parentTag instead of parentShadowView.
      |      ~^~~~~~~~~~~~~~~~~~~~~~~~~~~~~~~~~~~~~~~~~~~~~~~~~~~~~~
/Users/jonahmicahinguito/dev/rotaract-connect/ios/Pods/Headers/Private/React-Fabric/react/renderer/mounting/ShadowViewMutation.h:76:3: note: add a deprecation attribute to the declaration to silence this warning
   76 |   static ShadowViewMutation
      |   ^
      |   FMT_DEPRECATED 
3 warnings generated.

/Users/jonahmicahinguito/dev/rotaract-connect/ios/Pods/Headers/Private/React-Fabric/react/renderer/mounting/ShadowViewMutation.h:46:7: Declaration is marked with '@deprecated' command but does not have a deprecation attribute

/Users/jonahmicahinguito/dev/rotaract-connect/ios/Pods/Headers/Private/React-Fabric/react/renderer/mounting/ShadowViewMutation.h:60:7: Declaration is marked with '@deprecated' command but does not have a deprecation attribute

/Users/jonahmicahinguito/dev/rotaract-connect/ios/Pods/Headers/Private/React-Fabric/react/renderer/mounting/ShadowViewMutation.h:74:7: Declaration is marked with '@deprecated' command but does not have a deprecation attribute

CompileC /Users/jonahmicahinguito/Library/Developer/Xcode/DerivedData/rotaractconnect-cjwcbdlngckcsaantafkjnfzfbdk/Build/Intermediates.noindex/Pods.build/Debug-iphoneos/React-Fabric.build/Objects-normal/arm64/UIManagerBinding.o /Users/jonahmicahinguito/dev/rotaract-connect/node_modules/react-native/ReactCommon/react/renderer/uimanager/UIManagerBinding.cpp normal arm64 c++ com.apple.compilers.llvm.clang.1_0.compiler (in target 'React-Fabric' from project 'Pods')
    cd /Users/jonahmicahinguito/dev/rotaract-connect/ios/Pods
    
    Using response file: /Users/jonahmicahinguito/Library/Developer/Xcode/DerivedData/rotaractconnect-cjwcbdlngckcsaantafkjnfzfbdk/Build/Intermediates.noindex/Pods.build/Debug-iphoneos/React-Fabric.build/Objects-normal/arm64/82b82416624d2658e5098eb0a28c15c5-common-args.resp
    
    /Applications/Xcode.app/Contents/Developer/Toolchains/XcodeDefault.xctoolchain/usr/bin/clang -x c++ -ivfsstatcache /Users/jonahmicahinguito/Library/Developer/Xcode/DerivedData/SDKStatCaches.noindex/iphoneos26.5-23F81a-32daed1954a7d5dd0789fcaf2a9bb78b.sdkstatcache -target arm64-apple-ios15.1 -fmessage-length\=0 -fdiagnostics-show-note-include-stack -fmacro-backtrace-limit\=0 -fno-color-diagnostics -fmodules-prune-interval\=86400 -fmodules-prune-after\=345600 -fbuild-session-file\=/Users/jonahmicahinguito/Library/Developer/Xcode/DerivedData/ModuleCache.noindex/Session.modulevalidation -fmodules-validate-once-per-build-session -Wnon-modular-include-in-framework-module -Werror\=non-modular-include-in-framework-module -Wno-trigraphs -Wno-missing-field-initializers -Wno-missing-prototypes -Werror\=return-type -Wdocumentation -Wunreachable-code -Werror\=deprecated-objc-isa-usage -Werror\=objc-root-class -Wno-non-virtual-dtor -Wno-overloaded-virtual -Wno-exit-time-destructors -Wno-missing-braces -Wparentheses -Wswitch -Wunused-function -Wno-unused-label -Wno-unused-parameter -Wunused-variable -Wunused-value -Wempty-body -Wuninitialized -Wconditional-uninitialized -Wno-unknown-pragmas -Wno-shadow -Wno-four-char-constants -Wno-conversion -Wconstant-conversion -Wint-conversion -Wbool-conversion -Wenum-conversion -Wno-float-conversion -Wnon-literal-null-conversion -Wobjc-literal-conversion -Wshorten-64-to-32 -Wno-newline-eof -Wno-c++11-extensions -Wno-implicit-fallthrough -isysroot /Applications/Xcode.app/Contents/Developer/Platforms/iPhoneOS.platform/Developer/SDKs/iPhoneOS26.5.sdk -fstrict-aliasing -Wdeprecated-declarations -Winvalid-offsetof -Wno-sign-conversion -Winfinite-recursion -Wmove -Wcomma -Wblock-capture-autoreleasing -Wstrict-prototypes -Wrange-loop-analysis -Wno-semicolon-before-method-body -Wunguarded-availability -index-store-path /Users/jonahmicahinguito/Library/Developer/Xcode/DerivedData/rotaractconnect-cjwcbdlngckcsaantafkjnfzfbdk/Index.noindex/DataStore @/Users/jonahmicahinguito/Library/Developer/Xcode/DerivedData/rotaractconnect-cjwcbdlngckcsaantafkjnfzfbdk/Build/Intermediates.noindex/Pods.build/Debug-iphoneos/React-Fabric.build/Objects-normal/arm64/82b82416624d2658e5098eb0a28c15c5-common-args.resp -include /Users/jonahmicahinguito/dev/rotaract-connect/ios/Pods/Target\ Support\ Files/React-Fabric/React-Fabric-prefix.pch -MMD -MT dependencies -MF /Users/jonahmicahinguito/Library/Developer/Xcode/DerivedData/rotaractconnect-cjwcbdlngckcsaantafkjnfzfbdk/Build/Intermediates.noindex/Pods.build/Debug-iphoneos/React-Fabric.build/Objects-normal/arm64/UIManagerBinding.d --serialize-diagnostics /Users/jonahmicahinguito/Library/Developer/Xcode/DerivedData/rotaractconnect-cjwcbdlngckcsaantafkjnfzfbdk/Build/Intermediates.noindex/Pods.build/Debug-iphoneos/React-Fabric.build/Objects-normal/arm64/UIManagerBinding.dia -c /Users/jonahmicahinguito/dev/rotaract-connect/node_modules/react-native/ReactCommon/react/renderer/uimanager/UIManagerBinding.cpp -o /Users/jonahmicahinguito/Library/Developer/Xcode/DerivedData/rotaractconnect-cjwcbdlngckcsaantafkjnfzfbdk/Build/Intermediates.noindex/Pods.build/Debug-iphoneos/React-Fabric.build/Objects-normal/arm64/UIManagerBinding.o -index-unit-output-path /Pods.build/Debug-iphoneos/React-Fabric.build/Objects-normal/arm64/UIManagerBinding.o

In file included from /Users/jonahmicahinguito/dev/rotaract-connect/node_modules/react-native/ReactCommon/react/renderer/uimanager/UIManagerBinding.cpp:8:
In file included from /Users/jonahmicahinguito/dev/rotaract-connect/node_modules/react-native/ReactCommon/react/renderer/uimanager/UIManagerBinding.h:12:
In file included from /Users/jonahmicahinguito/dev/rotaract-connect/ios/Pods/Headers/Private/React-Fabric/react/renderer/uimanager/PointerEventsProcessor.h:13:
In file included from /Users/jonahmicahinguito/dev/rotaract-connect/ios/Pods/Headers/Private/React-Fabric/react/renderer/uimanager/PointerHoverTracker.h:17:
In file included from /Users/jonahmicahinguito/dev/rotaract-connect/ios/Pods/Headers/Private/React-Fabric/react/renderer/uimanager/UIManager.h:23:
In file included from /Users/jonahmicahinguito/dev/rotaract-connect/ios/Pods/Headers/Private/React-Fabric/react/renderer/mounting/ShadowTree.h:18:
In file included from /Users/jonahmicahinguito/dev/rotaract-connect/ios/Pods/Headers/Private/React-Fabric/react/renderer/mounting/MountingCoordinator.h:15:
In file included from /Users/jonahmicahinguito/dev/rotaract-connect/ios/Pods/Headers/Private/React-Fabric/react/renderer/mounting/Differentiator.h:11:
/Users/jonahmicahinguito/dev/rotaract-connect/ios/Pods/Headers/Private/React-Fabric/react/renderer/mounting/ShadowViewMutation.h:46:7: warning: declaration is marked with '@deprecated' command but does not have a deprecation attribute [-Wdocumentation-deprecated-sync]
   46 |    * @deprecated Pass parentTag instead of parentShadowView.
      |      ~^~~~~~~~~~~~~~~~~~~~~~~~~~~~~~~~~~~~~~~~~~~~~~~~~~~~~~
/Users/jonahmicahinguito/dev/rotaract-connect/ios/Pods/Headers/Private/React-Fabric/react/renderer/mounting/ShadowViewMutation.h:48:3: note: add a deprecation attribute to the declaration to silence this warning
   48 |   static ShadowViewMutation InsertMutation(const ShadowView &parentShadowView, ShadowView childShadowView, int index)
      |   ^
      |   FMT_DEPRECATED 
/Users/jonahmicahinguito/dev/rotaract-connect/ios/Pods/Headers/Private/React-Fabric/react/renderer/mounting/ShadowViewMutation.h:60:7: warning: declaration is marked with '@deprecated' command but does not have a deprecation attribute [-Wdocumentation-deprecated-sync]
   60 |    * @deprecated Pass parentTag instead of parentShadowView.
      |      ~^~~~~~~~~~~~~~~~~~~~~~~~~~~~~~~~~~~~~~~~~~~~~~~~~~~~~~
/Users/jonahmicahinguito/dev/rotaract-connect/ios/Pods/Headers/Private/React-Fabric/react/renderer/mounting/ShadowViewMutation.h:62:3: note: add a deprecation attribute to the declaration to silence this warning
   62 |   static ShadowViewMutation RemoveMutation(const ShadowView &parentShadowView, ShadowView childShadowView, int index)
      |   ^
      |   FMT_DEPRECATED 
/Users/jonahmicahinguito/dev/rotaract-connect/ios/Pods/Headers/Private/React-Fabric/react/renderer/mounting/ShadowViewMutation.h:74:7: warning: declaration is marked with '@deprecated' command but does not have a deprecation attribute [-Wdocumentation-deprecated-sync]
   74 |    * @deprecated Pass parentTag instead of parentShadowView.
      |      ~^~~~~~~~~~~~~~~~~~~~~~~~~~~~~~~~~~~~~~~~~~~~~~~~~~~~~~
/Users/jonahmicahinguito/dev/rotaract-connect/ios/Pods/Headers/Private/React-Fabric/react/renderer/mounting/ShadowViewMutation.h:76:3: note: add a deprecation attribute to the declaration to silence this warning
   76 |   static ShadowViewMutation
      |   ^
      |   FMT_DEPRECATED 
3 warnings generated.

/Users/jonahmicahinguito/dev/rotaract-connect/ios/Pods/Headers/Private/React-Fabric/react/renderer/mounting/ShadowViewMutation.h:46:7: Declaration is marked with '@deprecated' command but does not have a deprecation attribute

/Users/jonahmicahinguito/dev/rotaract-connect/ios/Pods/Headers/Private/React-Fabric/react/renderer/mounting/ShadowViewMutation.h:60:7: Declaration is marked with '@deprecated' command but does not have a deprecation attribute

/Users/jonahmicahinguito/dev/rotaract-connect/ios/Pods/Headers/Private/React-Fabric/react/renderer/mounting/ShadowViewMutation.h:74:7: Declaration is marked with '@deprecated' command but does not have a deprecation attribute

CompileC /Users/jonahmicahinguito/Library/Developer/Xcode/DerivedData/rotaractconnect-cjwcbdlngckcsaantafkjnfzfbdk/Build/Intermediates.noindex/Pods.build/Debug-iphoneos/React-Fabric.build/Objects-normal/arm64/UIManager.o /Users/jonahmicahinguito/dev/rotaract-connect/node_modules/react-native/ReactCommon/react/renderer/uimanager/UIManager.cpp normal arm64 c++ com.apple.compilers.llvm.clang.1_0.compiler (in target 'React-Fabric' from project 'Pods')
    cd /Users/jonahmicahinguito/dev/rotaract-connect/ios/Pods
    
    Using response file: /Users/jonahmicahinguito/Library/Developer/Xcode/DerivedData/rotaractconnect-cjwcbdlngckcsaantafkjnfzfbdk/Build/Intermediates.noindex/Pods.build/Debug-iphoneos/React-Fabric.build/Objects-normal/arm64/82b82416624d2658e5098eb0a28c15c5-common-args.resp
    
    /Applications/Xcode.app/Contents/Developer/Toolchains/XcodeDefault.xctoolchain/usr/bin/clang -x c++ -ivfsstatcache /Users/jonahmicahinguito/Library/Developer/Xcode/DerivedData/SDKStatCaches.noindex/iphoneos26.5-23F81a-32daed1954a7d5dd0789fcaf2a9bb78b.sdkstatcache -target arm64-apple-ios15.1 -fmessage-length\=0 -fdiagnostics-show-note-include-stack -fmacro-backtrace-limit\=0 -fno-color-diagnostics -fmodules-prune-interval\=86400 -fmodules-prune-after\=345600 -fbuild-session-file\=/Users/jonahmicahinguito/Library/Developer/Xcode/DerivedData/ModuleCache.noindex/Session.modulevalidation -fmodules-validate-once-per-build-session -Wnon-modular-include-in-framework-module -Werror\=non-modular-include-in-framework-module -Wno-trigraphs -Wno-missing-field-initializers -Wno-missing-prototypes -Werror\=return-type -Wdocumentation -Wunreachable-code -Werror\=deprecated-objc-isa-usage -Werror\=objc-root-class -Wno-non-virtual-dtor -Wno-overloaded-virtual -Wno-exit-time-destructors -Wno-missing-braces -Wparentheses -Wswitch -Wunused-function -Wno-unused-label -Wno-unused-parameter -Wunused-variable -Wunused-value -Wempty-body -Wuninitialized -Wconditional-uninitialized -Wno-unknown-pragmas -Wno-shadow -Wno-four-char-constants -Wno-conversion -Wconstant-conversion -Wint-conversion -Wbool-conversion -Wenum-conversion -Wno-float-conversion -Wnon-literal-null-conversion -Wobjc-literal-conversion -Wshorten-64-to-32 -Wno-newline-eof -Wno-c++11-extensions -Wno-implicit-fallthrough -isysroot /Applications/Xcode.app/Contents/Developer/Platforms/iPhoneOS.platform/Developer/SDKs/iPhoneOS26.5.sdk -fstrict-aliasing -Wdeprecated-declarations -Winvalid-offsetof -Wno-sign-conversion -Winfinite-recursion -Wmove -Wcomma -Wblock-capture-autoreleasing -Wstrict-prototypes -Wrange-loop-analysis -Wno-semicolon-before-method-body -Wunguarded-availability -index-store-path /Users/jonahmicahinguito/Library/Developer/Xcode/DerivedData/rotaractconnect-cjwcbdlngckcsaantafkjnfzfbdk/Index.noindex/DataStore @/Users/jonahmicahinguito/Library/Developer/Xcode/DerivedData/rotaractconnect-cjwcbdlngckcsaantafkjnfzfbdk/Build/Intermediates.noindex/Pods.build/Debug-iphoneos/React-Fabric.build/Objects-normal/arm64/82b82416624d2658e5098eb0a28c15c5-common-args.resp -include /Users/jonahmicahinguito/dev/rotaract-connect/ios/Pods/Target\ Support\ Files/React-Fabric/React-Fabric-prefix.pch -MMD -MT dependencies -MF /Users/jonahmicahinguito/Library/Developer/Xcode/DerivedData/rotaractconnect-cjwcbdlngckcsaantafkjnfzfbdk/Build/Intermediates.noindex/Pods.build/Debug-iphoneos/React-Fabric.build/Objects-normal/arm64/UIManager.d --serialize-diagnostics /Users/jonahmicahinguito/Library/Developer/Xcode/DerivedData/rotaractconnect-cjwcbdlngckcsaantafkjnfzfbdk/Build/Intermediates.noindex/Pods.build/Debug-iphoneos/React-Fabric.build/Objects-normal/arm64/UIManager.dia -c /Users/jonahmicahinguito/dev/rotaract-connect/node_modules/react-native/ReactCommon/react/renderer/uimanager/UIManager.cpp -o /Users/jonahmicahinguito/Library/Developer/Xcode/DerivedData/rotaractconnect-cjwcbdlngckcsaantafkjnfzfbdk/Build/Intermediates.noindex/Pods.build/Debug-iphoneos/React-Fabric.build/Objects-normal/arm64/UIManager.o -index-unit-output-path /Pods.build/Debug-iphoneos/React-Fabric.build/Objects-normal/arm64/UIManager.o

In file included from /Users/jonahmicahinguito/dev/rotaract-connect/node_modules/react-native/ReactCommon/react/renderer/uimanager/UIManager.cpp:8:
In file included from /Users/jonahmicahinguito/dev/rotaract-connect/node_modules/react-native/ReactCommon/react/renderer/uimanager/UIManager.h:23:
In file included from /Users/jonahmicahinguito/dev/rotaract-connect/ios/Pods/Headers/Private/React-Fabric/react/renderer/mounting/ShadowTree.h:18:
In file included from /Users/jonahmicahinguito/dev/rotaract-connect/ios/Pods/Headers/Private/React-Fabric/react/renderer/mounting/MountingCoordinator.h:15:
In file included from /Users/jonahmicahinguito/dev/rotaract-connect/ios/Pods/Headers/Private/React-Fabric/react/renderer/mounting/Differentiator.h:11:
/Users/jonahmicahinguito/dev/rotaract-connect/ios/Pods/Headers/Private/React-Fabric/react/renderer/mounting/ShadowViewMutation.h:46:7: warning: declaration is marked with '@deprecated' command but does not have a deprecation attribute [-Wdocumentation-deprecated-sync]
   46 |    * @deprecated Pass parentTag instead of parentShadowView.
      |      ~^~~~~~~~~~~~~~~~~~~~~~~~~~~~~~~~~~~~~~~~~~~~~~~~~~~~~~
/Users/jonahmicahinguito/dev/rotaract-connect/ios/Pods/Headers/Private/React-Fabric/react/renderer/mounting/ShadowViewMutation.h:48:3: note: add a deprecation attribute to the declaration to silence this warning
   48 |   static ShadowViewMutation InsertMutation(const ShadowView &parentShadowView, ShadowView childShadowView, int index)
      |   ^
      |   FMT_DEPRECATED 
/Users/jonahmicahinguito/dev/rotaract-connect/ios/Pods/Headers/Private/React-Fabric/react/renderer/mounting/ShadowViewMutation.h:60:7: warning: declaration is marked with '@deprecated' command but does not have a deprecation attribute [-Wdocumentation-deprecated-sync]
   60 |    * @deprecated Pass parentTag instead of parentShadowView.
      |      ~^~~~~~~~~~~~~~~~~~~~~~~~~~~~~~~~~~~~~~~~~~~~~~~~~~~~~~
/Users/jonahmicahinguito/dev/rotaract-connect/ios/Pods/Headers/Private/React-Fabric/react/renderer/mounting/ShadowViewMutation.h:62:3: note: add a deprecation attribute to the declaration to silence this warning
   62 |   static ShadowViewMutation RemoveMutation(const ShadowView &parentShadowView, ShadowView childShadowView, int index)
      |   ^
      |   FMT_DEPRECATED 
/Users/jonahmicahinguito/dev/rotaract-connect/ios/Pods/Headers/Private/React-Fabric/react/renderer/mounting/ShadowViewMutation.h:74:7: warning: declaration is marked with '@deprecated' command but does not have a deprecation attribute [-Wdocumentation-deprecated-sync]
   74 |    * @deprecated Pass parentTag instead of parentShadowView.
      |      ~^~~~~~~~~~~~~~~~~~~~~~~~~~~~~~~~~~~~~~~~~~~~~~~~~~~~~~
/Users/jonahmicahinguito/dev/rotaract-connect/ios/Pods/Headers/Private/React-Fabric/react/renderer/mounting/ShadowViewMutation.h:76:3: note: add a deprecation attribute to the declaration to silence this warning
   76 |   static ShadowViewMutation
      |   ^
      |   FMT_DEPRECATED 
3 warnings generated.

/Users/jonahmicahinguito/dev/rotaract-connect/ios/Pods/Headers/Private/React-Fabric/react/renderer/mounting/ShadowViewMutation.h:46:7: Declaration is marked with '@deprecated' command but does not have a deprecation attribute

/Users/jonahmicahinguito/dev/rotaract-connect/ios/Pods/Headers/Private/React-Fabric/react/renderer/mounting/ShadowViewMutation.h:60:7: Declaration is marked with '@deprecated' command but does not have a deprecation attribute

/Users/jonahmicahinguito/dev/rotaract-connect/ios/Pods/Headers/Private/React-Fabric/react/renderer/mounting/ShadowViewMutation.h:74:7: Declaration is marked with '@deprecated' command but does not have a deprecation attribute

CompileC /Users/jonahmicahinguito/Library/Developer/Xcode/DerivedData/rotaractconnect-cjwcbdlngckcsaantafkjnfzfbdk/Build/Intermediates.noindex/Pods.build/Debug-iphoneos/React-Fabric.build/Objects-normal/arm64/TransformAnimatedNode.o /Users/jonahmicahinguito/dev/rotaract-connect/node_modules/react-native/ReactCommon/react/renderer/animated/nodes/TransformAnimatedNode.cpp normal arm64 c++ com.apple.compilers.llvm.clang.1_0.compiler (in target 'React-Fabric' from project 'Pods')
    cd /Users/jonahmicahinguito/dev/rotaract-connect/ios/Pods
    
    Using response file: /Users/jonahmicahinguito/Library/Developer/Xcode/DerivedData/rotaractconnect-cjwcbdlngckcsaantafkjnfzfbdk/Build/Intermediates.noindex/Pods.build/Debug-iphoneos/React-Fabric.build/Objects-normal/arm64/82b82416624d2658e5098eb0a28c15c5-common-args.resp
    
    /Applications/Xcode.app/Contents/Developer/Toolchains/XcodeDefault.xctoolchain/usr/bin/clang -x c++ -ivfsstatcache /Users/jonahmicahinguito/Library/Developer/Xcode/DerivedData/SDKStatCaches.noindex/iphoneos26.5-23F81a-32daed1954a7d5dd0789fcaf2a9bb78b.sdkstatcache -target arm64-apple-ios15.1 -fmessage-length\=0 -fdiagnostics-show-note-include-stack -fmacro-backtrace-limit\=0 -fno-color-diagnostics -fmodules-prune-interval\=86400 -fmodules-prune-after\=345600 -fbuild-session-file\=/Users/jonahmicahinguito/Library/Developer/Xcode/DerivedData/ModuleCache.noindex/Session.modulevalidation -fmodules-validate-once-per-build-session -Wnon-modular-include-in-framework-module -Werror\=non-modular-include-in-framework-module -Wno-trigraphs -Wno-missing-field-initializers -Wno-missing-prototypes -Werror\=return-type -Wdocumentation -Wunreachable-code -Werror\=deprecated-objc-isa-usage -Werror\=objc-root-class -Wno-non-virtual-dtor -Wno-overloaded-virtual -Wno-exit-time-destructors -Wno-missing-braces -Wparentheses -Wswitch -Wunused-function -Wno-unused-label -Wno-unused-parameter -Wunused-variable -Wunused-value -Wempty-body -Wuninitialized -Wconditional-uninitialized -Wno-unknown-pragmas -Wno-shadow -Wno-four-char-constants -Wno-conversion -Wconstant-conversion -Wint-conversion -Wbool-conversion -Wenum-conversion -Wno-float-conversion -Wnon-literal-null-conversion -Wobjc-literal-conversion -Wshorten-64-to-32 -Wno-newline-eof -Wno-c++11-extensions -Wno-implicit-fallthrough -isysroot /Applications/Xcode.app/Contents/Developer/Platforms/iPhoneOS.platform/Developer/SDKs/iPhoneOS26.5.sdk -fstrict-aliasing -Wdeprecated-declarations -Winvalid-offsetof -Wno-sign-conversion -Winfinite-recursion -Wmove -Wcomma -Wblock-capture-autoreleasing -Wstrict-prototypes -Wrange-loop-analysis -Wno-semicolon-before-method-body -Wunguarded-availability -index-store-path /Users/jonahmicahinguito/Library/Developer/Xcode/DerivedData/rotaractconnect-cjwcbdlngckcsaantafkjnfzfbdk/Index.noindex/DataStore @/Users/jonahmicahinguito/Library/Developer/Xcode/DerivedData/rotaractconnect-cjwcbdlngckcsaantafkjnfzfbdk/Build/Intermediates.noindex/Pods.build/Debug-iphoneos/React-Fabric.build/Objects-normal/arm64/82b82416624d2658e5098eb0a28c15c5-common-args.resp -include /Users/jonahmicahinguito/dev/rotaract-connect/ios/Pods/Target\ Support\ Files/React-Fabric/React-Fabric-prefix.pch -MMD -MT dependencies -MF /Users/jonahmicahinguito/Library/Developer/Xcode/DerivedData/rotaractconnect-cjwcbdlngckcsaantafkjnfzfbdk/Build/Intermediates.noindex/Pods.build/Debug-iphoneos/React-Fabric.build/Objects-normal/arm64/TransformAnimatedNode.d --serialize-diagnostics /Users/jonahmicahinguito/Library/Developer/Xcode/DerivedData/rotaractconnect-cjwcbdlngckcsaantafkjnfzfbdk/Build/Intermediates.noindex/Pods.build/Debug-iphoneos/React-Fabric.build/Objects-normal/arm64/TransformAnimatedNode.dia -c /Users/jonahmicahinguito/dev/rotaract-connect/node_modules/react-native/ReactCommon/react/renderer/animated/nodes/TransformAnimatedNode.cpp -o /Users/jonahmicahinguito/Library/Developer/Xcode/DerivedData/rotaractconnect-cjwcbdlngckcsaantafkjnfzfbdk/Build/Intermediates.noindex/Pods.build/Debug-iphoneos/React-Fabric.build/Objects-normal/arm64/TransformAnimatedNode.o -index-unit-output-path /Pods.build/Debug-iphoneos/React-Fabric.build/Objects-normal/arm64/TransformAnimatedNode.o

In file included from /Users/jonahmicahinguito/dev/rotaract-connect/node_modules/react-native/ReactCommon/react/renderer/animated/nodes/TransformAnimatedNode.cpp:15:
In file included from /Users/jonahmicahinguito/dev/rotaract-connect/ios/Pods/Headers/Private/React-Fabric/react/renderer/animated/NativeAnimatedNodesManager.h:21:
In file included from /Users/jonahmicahinguito/dev/rotaract-connect/ios/Pods/Headers/Private/React-Fabric/react/renderer/animationbackend/AnimationBackend.h:12:
In file included from /Users/jonahmicahinguito/dev/rotaract-connect/ios/Pods/Headers/Private/React-Fabric/react/renderer/uimanager/UIManager.h:23:
In file included from /Users/jonahmicahinguito/dev/rotaract-connect/ios/Pods/Headers/Private/React-Fabric/react/renderer/mounting/ShadowTree.h:18:
In file included from /Users/jonahmicahinguito/dev/rotaract-connect/ios/Pods/Headers/Private/React-Fabric/react/renderer/mounting/MountingCoordinator.h:15:
In file included from /Users/jonahmicahinguito/dev/rotaract-connect/ios/Pods/Headers/Private/React-Fabric/react/renderer/mounting/Differentiator.h:11:
/Users/jonahmicahinguito/dev/rotaract-connect/ios/Pods/Headers/Private/React-Fabric/react/renderer/mounting/ShadowViewMutation.h:46:7: warning: declaration is marked with '@deprecated' command but does not have a deprecation attribute [-Wdocumentation-deprecated-sync]
   46 |    * @deprecated Pass parentTag instead of parentShadowView.
      |      ~^~~~~~~~~~~~~~~~~~~~~~~~~~~~~~~~~~~~~~~~~~~~~~~~~~~~~~
/Users/jonahmicahinguito/dev/rotaract-connect/ios/Pods/Headers/Private/React-Fabric/react/renderer/mounting/ShadowViewMutation.h:48:3: note: add a deprecation attribute to the declaration to silence this warning
   48 |   static ShadowViewMutation InsertMutation(const ShadowView &parentShadowView, ShadowView childShadowView, int index)
      |   ^
      |   FMT_DEPRECATED 
/Users/jonahmicahinguito/dev/rotaract-connect/ios/Pods/Headers/Private/React-Fabric/react/renderer/mounting/ShadowViewMutation.h:60:7: warning: declaration is marked with '@deprecated' command but does not have a deprecation attribute [-Wdocumentation-deprecated-sync]
   60 |    * @deprecated Pass parentTag instead of parentShadowView.
      |      ~^~~~~~~~~~~~~~~~~~~~~~~~~~~~~~~~~~~~~~~~~~~~~~~~~~~~~~
/Users/jonahmicahinguito/dev/rotaract-connect/ios/Pods/Headers/Private/React-Fabric/react/renderer/mounting/ShadowViewMutation.h:62:3: note: add a deprecation attribute to the declaration to silence this warning
   62 |   static ShadowViewMutation RemoveMutation(const ShadowView &parentShadowView, ShadowView childShadowView, int index)
      |   ^
      |   FMT_DEPRECATED 
/Users/jonahmicahinguito/dev/rotaract-connect/ios/Pods/Headers/Private/React-Fabric/react/renderer/mounting/ShadowViewMutation.h:74:7: warning: declaration is marked with '@deprecated' command but does not have a deprecation attribute [-Wdocumentation-deprecated-sync]
   74 |    * @deprecated Pass parentTag instead of parentShadowView.
      |      ~^~~~~~~~~~~~~~~~~~~~~~~~~~~~~~~~~~~~~~~~~~~~~~~~~~~~~~
/Users/jonahmicahinguito/dev/rotaract-connect/ios/Pods/Headers/Private/React-Fabric/react/renderer/mounting/ShadowViewMutation.h:76:3: note: add a deprecation attribute to the declaration to silence this warning
   76 |   static ShadowViewMutation
      |   ^
      |   FMT_DEPRECATED 
3 warnings generated.

/Users/jonahmicahinguito/dev/rotaract-connect/ios/Pods/Headers/Private/React-Fabric/react/renderer/mounting/ShadowViewMutation.h:46:7: Declaration is marked with '@deprecated' command but does not have a deprecation attribute

/Users/jonahmicahinguito/dev/rotaract-connect/ios/Pods/Headers/Private/React-Fabric/react/renderer/mounting/ShadowViewMutation.h:60:7: Declaration is marked with '@deprecated' command but does not have a deprecation attribute

/Users/jonahmicahinguito/dev/rotaract-connect/ios/Pods/Headers/Private/React-Fabric/react/renderer/mounting/ShadowViewMutation.h:74:7: Declaration is marked with '@deprecated' command but does not have a deprecation attribute

CompileC /Users/jonahmicahinguito/Library/Developer/Xcode/DerivedData/rotaractconnect-cjwcbdlngckcsaantafkjnfzfbdk/Build/Intermediates.noindex/Pods.build/Debug-iphoneos/React-Fabric.build/Objects-normal/arm64/TrackingAnimatedNode.o /Users/jonahmicahinguito/dev/rotaract-connect/node_modules/react-native/ReactCommon/react/renderer/animated/nodes/TrackingAnimatedNode.cpp normal arm64 c++ com.apple.compilers.llvm.clang.1_0.compiler (in target 'React-Fabric' from project 'Pods')
    cd /Users/jonahmicahinguito/dev/rotaract-connect/ios/Pods
    
    Using response file: /Users/jonahmicahinguito/Library/Developer/Xcode/DerivedData/rotaractconnect-cjwcbdlngckcsaantafkjnfzfbdk/Build/Intermediates.noindex/Pods.build/Debug-iphoneos/React-Fabric.build/Objects-normal/arm64/82b82416624d2658e5098eb0a28c15c5-common-args.resp
    
    /Applications/Xcode.app/Contents/Developer/Toolchains/XcodeDefault.xctoolchain/usr/bin/clang -x c++ -ivfsstatcache /Users/jonahmicahinguito/Library/Developer/Xcode/DerivedData/SDKStatCaches.noindex/iphoneos26.5-23F81a-32daed1954a7d5dd0789fcaf2a9bb78b.sdkstatcache -target arm64-apple-ios15.1 -fmessage-length\=0 -fdiagnostics-show-note-include-stack -fmacro-backtrace-limit\=0 -fno-color-diagnostics -fmodules-prune-interval\=86400 -fmodules-prune-after\=345600 -fbuild-session-file\=/Users/jonahmicahinguito/Library/Developer/Xcode/DerivedData/ModuleCache.noindex/Session.modulevalidation -fmodules-validate-once-per-build-session -Wnon-modular-include-in-framework-module -Werror\=non-modular-include-in-framework-module -Wno-trigraphs -Wno-missing-field-initializers -Wno-missing-prototypes -Werror\=return-type -Wdocumentation -Wunreachable-code -Werror\=deprecated-objc-isa-usage -Werror\=objc-root-class -Wno-non-virtual-dtor -Wno-overloaded-virtual -Wno-exit-time-destructors -Wno-missing-braces -Wparentheses -Wswitch -Wunused-function -Wno-unused-label -Wno-unused-parameter -Wunused-variable -Wunused-value -Wempty-body -Wuninitialized -Wconditional-uninitialized -Wno-unknown-pragmas -Wno-shadow -Wno-four-char-constants -Wno-conversion -Wconstant-conversion -Wint-conversion -Wbool-conversion -Wenum-conversion -Wno-float-conversion -Wnon-literal-null-conversion -Wobjc-literal-conversion -Wshorten-64-to-32 -Wno-newline-eof -Wno-c++11-extensions -Wno-implicit-fallthrough -isysroot /Applications/Xcode.app/Contents/Developer/Platforms/iPhoneOS.platform/Developer/SDKs/iPhoneOS26.5.sdk -fstrict-aliasing -Wdeprecated-declarations -Winvalid-offsetof -Wno-sign-conversion -Winfinite-recursion -Wmove -Wcomma -Wblock-capture-autoreleasing -Wstrict-prototypes -Wrange-loop-analysis -Wno-semicolon-before-method-body -Wunguarded-availability -index-store-path /Users/jonahmicahinguito/Library/Developer/Xcode/DerivedData/rotaractconnect-cjwcbdlngckcsaantafkjnfzfbdk/Index.noindex/DataStore @/Users/jonahmicahinguito/Library/Developer/Xcode/DerivedData/rotaractconnect-cjwcbdlngckcsaantafkjnfzfbdk/Build/Intermediates.noindex/Pods.build/Debug-iphoneos/React-Fabric.build/Objects-normal/arm64/82b82416624d2658e5098eb0a28c15c5-common-args.resp -include /Users/jonahmicahinguito/dev/rotaract-connect/ios/Pods/Target\ Support\ Files/React-Fabric/React-Fabric-prefix.pch -MMD -MT dependencies -MF /Users/jonahmicahinguito/Library/Developer/Xcode/DerivedData/rotaractconnect-cjwcbdlngckcsaantafkjnfzfbdk/Build/Intermediates.noindex/Pods.build/Debug-iphoneos/React-Fabric.build/Objects-normal/arm64/TrackingAnimatedNode.d --serialize-diagnostics /Users/jonahmicahinguito/Library/Developer/Xcode/DerivedData/rotaractconnect-cjwcbdlngckcsaantafkjnfzfbdk/Build/Intermediates.noindex/Pods.build/Debug-iphoneos/React-Fabric.build/Objects-normal/arm64/TrackingAnimatedNode.dia -c /Users/jonahmicahinguito/dev/rotaract-connect/node_modules/react-native/ReactCommon/react/renderer/animated/nodes/TrackingAnimatedNode.cpp -o /Users/jonahmicahinguito/Library/Developer/Xcode/DerivedData/rotaractconnect-cjwcbdlngckcsaantafkjnfzfbdk/Build/Intermediates.noindex/Pods.build/Debug-iphoneos/React-Fabric.build/Objects-normal/arm64/TrackingAnimatedNode.o -index-unit-output-path /Pods.build/Debug-iphoneos/React-Fabric.build/Objects-normal/arm64/TrackingAnimatedNode.o

In file included from /Users/jonahmicahinguito/dev/rotaract-connect/node_modules/react-native/ReactCommon/react/renderer/animated/nodes/TrackingAnimatedNode.cpp:14:
In file included from /Users/jonahmicahinguito/dev/rotaract-connect/ios/Pods/Headers/Private/React-Fabric/react/renderer/animated/NativeAnimatedNodesManager.h:21:
In file included from /Users/jonahmicahinguito/dev/rotaract-connect/ios/Pods/Headers/Private/React-Fabric/react/renderer/animationbackend/AnimationBackend.h:12:
In file included from /Users/jonahmicahinguito/dev/rotaract-connect/ios/Pods/Headers/Private/React-Fabric/react/renderer/uimanager/UIManager.h:23:
In file included from /Users/jonahmicahinguito/dev/rotaract-connect/ios/Pods/Headers/Private/React-Fabric/react/renderer/mounting/ShadowTree.h:18:
In file included from /Users/jonahmicahinguito/dev/rotaract-connect/ios/Pods/Headers/Private/React-Fabric/react/renderer/mounting/MountingCoordinator.h:15:
In file included from /Users/jonahmicahinguito/dev/rotaract-connect/ios/Pods/Headers/Private/React-Fabric/react/renderer/mounting/Differentiator.h:11:
/Users/jonahmicahinguito/dev/rotaract-connect/ios/Pods/Headers/Private/React-Fabric/react/renderer/mounting/ShadowViewMutation.h:46:7: warning: declaration is marked with '@deprecated' command but does not have a deprecation attribute [-Wdocumentation-deprecated-sync]
   46 |    * @deprecated Pass parentTag instead of parentShadowView.
      |      ~^~~~~~~~~~~~~~~~~~~~~~~~~~~~~~~~~~~~~~~~~~~~~~~~~~~~~~
/Users/jonahmicahinguito/dev/rotaract-connect/ios/Pods/Headers/Private/React-Fabric/react/renderer/mounting/ShadowViewMutation.h:48:3: note: add a deprecation attribute to the declaration to silence this warning
   48 |   static ShadowViewMutation InsertMutation(const ShadowView &parentShadowView, ShadowView childShadowView, int index)
      |   ^
      |   FMT_DEPRECATED 
/Users/jonahmicahinguito/dev/rotaract-connect/ios/Pods/Headers/Private/React-Fabric/react/renderer/mounting/ShadowViewMutation.h:60:7: warning: declaration is marked with '@deprecated' command but does not have a deprecation attribute [-Wdocumentation-deprecated-sync]
   60 |    * @deprecated Pass parentTag instead of parentShadowView.
      |      ~^~~~~~~~~~~~~~~~~~~~~~~~~~~~~~~~~~~~~~~~~~~~~~~~~~~~~~
/Users/jonahmicahinguito/dev/rotaract-connect/ios/Pods/Headers/Private/React-Fabric/react/renderer/mounting/ShadowViewMutation.h:62:3: note: add a deprecation attribute to the declaration to silence this warning
   62 |   static ShadowViewMutation RemoveMutation(const ShadowView &parentShadowView, ShadowView childShadowView, int index)
      |   ^
      |   FMT_DEPRECATED 
/Users/jonahmicahinguito/dev/rotaract-connect/ios/Pods/Headers/Private/React-Fabric/react/renderer/mounting/ShadowViewMutation.h:74:7: warning: declaration is marked with '@deprecated' command but does not have a deprecation attribute [-Wdocumentation-deprecated-sync]
   74 |    * @deprecated Pass parentTag instead of parentShadowView.
      |      ~^~~~~~~~~~~~~~~~~~~~~~~~~~~~~~~~~~~~~~~~~~~~~~~~~~~~~~
/Users/jonahmicahinguito/dev/rotaract-connect/ios/Pods/Headers/Private/React-Fabric/react/renderer/mounting/ShadowViewMutation.h:76:3: note: add a deprecation attribute to the declaration to silence this warning
   76 |   static ShadowViewMutation
      |   ^
      |   FMT_DEPRECATED 
3 warnings generated.

/Users/jonahmicahinguito/dev/rotaract-connect/ios/Pods/Headers/Private/React-Fabric/react/renderer/mounting/ShadowViewMutation.h:46:7: Declaration is marked with '@deprecated' command but does not have a deprecation attribute

/Users/jonahmicahinguito/dev/rotaract-connect/ios/Pods/Headers/Private/React-Fabric/react/renderer/mounting/ShadowViewMutation.h:60:7: Declaration is marked with '@deprecated' command but does not have a deprecation attribute

/Users/jonahmicahinguito/dev/rotaract-connect/ios/Pods/Headers/Private/React-Fabric/react/renderer/mounting/ShadowViewMutation.h:74:7: Declaration is marked with '@deprecated' command but does not have a deprecation attribute

CompileC /Users/jonahmicahinguito/Library/Developer/Xcode/DerivedData/rotaractconnect-cjwcbdlngckcsaantafkjnfzfbdk/Build/Intermediates.noindex/Pods.build/Debug-iphoneos/React-Fabric.build/Objects-normal/arm64/TelemetryController.o /Users/jonahmicahinguito/dev/rotaract-connect/node_modules/react-native/ReactCommon/react/renderer/mounting/TelemetryController.cpp normal arm64 c++ com.apple.compilers.llvm.clang.1_0.compiler (in target 'React-Fabric' from project 'Pods')
    cd /Users/jonahmicahinguito/dev/rotaract-connect/ios/Pods
    
    Using response file: /Users/jonahmicahinguito/Library/Developer/Xcode/DerivedData/rotaractconnect-cjwcbdlngckcsaantafkjnfzfbdk/Build/Intermediates.noindex/Pods.build/Debug-iphoneos/React-Fabric.build/Objects-normal/arm64/82b82416624d2658e5098eb0a28c15c5-common-args.resp
    
    /Applications/Xcode.app/Contents/Developer/Toolchains/XcodeDefault.xctoolchain/usr/bin/clang -x c++ -ivfsstatcache /Users/jonahmicahinguito/Library/Developer/Xcode/DerivedData/SDKStatCaches.noindex/iphoneos26.5-23F81a-32daed1954a7d5dd0789fcaf2a9bb78b.sdkstatcache -target arm64-apple-ios15.1 -fmessage-length\=0 -fdiagnostics-show-note-include-stack -fmacro-backtrace-limit\=0 -fno-color-diagnostics -fmodules-prune-interval\=86400 -fmodules-prune-after\=345600 -fbuild-session-file\=/Users/jonahmicahinguito/Library/Developer/Xcode/DerivedData/ModuleCache.noindex/Session.modulevalidation -fmodules-validate-once-per-build-session -Wnon-modular-include-in-framework-module -Werror\=non-modular-include-in-framework-module -Wno-trigraphs -Wno-missing-field-initializers -Wno-missing-prototypes -Werror\=return-type -Wdocumentation -Wunreachable-code -Werror\=deprecated-objc-isa-usage -Werror\=objc-root-class -Wno-non-virtual-dtor -Wno-overloaded-virtual -Wno-exit-time-destructors -Wno-missing-braces -Wparentheses -Wswitch -Wunused-function -Wno-unused-label -Wno-unused-parameter -Wunused-variable -Wunused-value -Wempty-body -Wuninitialized -Wconditional-uninitialized -Wno-unknown-pragmas -Wno-shadow -Wno-four-char-constants -Wno-conversion -Wconstant-conversion -Wint-conversion -Wbool-conversion -Wenum-conversion -Wno-float-conversion -Wnon-literal-null-conversion -Wobjc-literal-conversion -Wshorten-64-to-32 -Wno-newline-eof -Wno-c++11-extensions -Wno-implicit-fallthrough -isysroot /Applications/Xcode.app/Contents/Developer/Platforms/iPhoneOS.platform/Developer/SDKs/iPhoneOS26.5.sdk -fstrict-aliasing -Wdeprecated-declarations -Winvalid-offsetof -Wno-sign-conversion -Winfinite-recursion -Wmove -Wcomma -Wblock-capture-autoreleasing -Wstrict-prototypes -Wrange-loop-analysis -Wno-semicolon-before-method-body -Wunguarded-availability -index-store-path /Users/jonahmicahinguito/Library/Developer/Xcode/DerivedData/rotaractconnect-cjwcbdlngckcsaantafkjnfzfbdk/Index.noindex/DataStore @/Users/jonahmicahinguito/Library/Developer/Xcode/DerivedData/rotaractconnect-cjwcbdlngckcsaantafkjnfzfbdk/Build/Intermediates.noindex/Pods.build/Debug-iphoneos/React-Fabric.build/Objects-normal/arm64/82b82416624d2658e5098eb0a28c15c5-common-args.resp -include /Users/jonahmicahinguito/dev/rotaract-connect/ios/Pods/Target\ Support\ Files/React-Fabric/React-Fabric-prefix.pch -MMD -MT dependencies -MF /Users/jonahmicahinguito/Library/Developer/Xcode/DerivedData/rotaractconnect-cjwcbdlngckcsaantafkjnfzfbdk/Build/Intermediates.noindex/Pods.build/Debug-iphoneos/React-Fabric.build/Objects-normal/arm64/TelemetryController.d --serialize-diagnostics /Users/jonahmicahinguito/Library/Developer/Xcode/DerivedData/rotaractconnect-cjwcbdlngckcsaantafkjnfzfbdk/Build/Intermediates.noindex/Pods.build/Debug-iphoneos/React-Fabric.build/Objects-normal/arm64/TelemetryController.dia -c /Users/jonahmicahinguito/dev/rotaract-connect/node_modules/react-native/ReactCommon/react/renderer/mounting/TelemetryController.cpp -o /Users/jonahmicahinguito/Library/Developer/Xcode/DerivedData/rotaractconnect-cjwcbdlngckcsaantafkjnfzfbdk/Build/Intermediates.noindex/Pods.build/Debug-iphoneos/React-Fabric.build/Objects-normal/arm64/TelemetryController.o -index-unit-output-path /Pods.build/Debug-iphoneos/React-Fabric.build/Objects-normal/arm64/TelemetryController.o

In file included from /Users/jonahmicahinguito/dev/rotaract-connect/node_modules/react-native/ReactCommon/react/renderer/mounting/TelemetryController.cpp:8:
In file included from /Users/jonahmicahinguito/dev/rotaract-connect/node_modules/react-native/ReactCommon/react/renderer/mounting/TelemetryController.h:13:
In file included from /Users/jonahmicahinguito/dev/rotaract-connect/ios/Pods/Headers/Private/React-Fabric/react/renderer/mounting/MountingTransaction.h:10:
/Users/jonahmicahinguito/dev/rotaract-connect/ios/Pods/Headers/Private/React-Fabric/react/renderer/mounting/ShadowViewMutation.h:46:7: warning: declaration is marked with '@deprecated' command but does not have a deprecation attribute [-Wdocumentation-deprecated-sync]
   46 |    * @deprecated Pass parentTag instead of parentShadowView.
      |      ~^~~~~~~~~~~~~~~~~~~~~~~~~~~~~~~~~~~~~~~~~~~~~~~~~~~~~~
/Users/jonahmicahinguito/dev/rotaract-connect/ios/Pods/Headers/Private/React-Fabric/react/renderer/mounting/ShadowViewMutation.h:48:3: note: add a deprecation attribute to the declaration to silence this warning
   48 |   static ShadowViewMutation InsertMutation(const ShadowView &parentShadowView, ShadowView childShadowView, int index)
      |   ^
      |   FMT_DEPRECATED 
/Users/jonahmicahinguito/dev/rotaract-connect/ios/Pods/Headers/Private/React-Fabric/react/renderer/mounting/ShadowViewMutation.h:60:7: warning: declaration is marked with '@deprecated' command but does not have a deprecation attribute [-Wdocumentation-deprecated-sync]
   60 |    * @deprecated Pass parentTag instead of parentShadowView.
      |      ~^~~~~~~~~~~~~~~~~~~~~~~~~~~~~~~~~~~~~~~~~~~~~~~~~~~~~~
/Users/jonahmicahinguito/dev/rotaract-connect/ios/Pods/Headers/Private/React-Fabric/react/renderer/mounting/ShadowViewMutation.h:62:3: note: add a deprecation attribute to the declaration to silence this warning
   62 |   static ShadowViewMutation RemoveMutation(const ShadowView &parentShadowView, ShadowView childShadowView, int index)
      |   ^
      |   FMT_DEPRECATED 
/Users/jonahmicahinguito/dev/rotaract-connect/ios/Pods/Headers/Private/React-Fabric/react/renderer/mounting/ShadowViewMutation.h:74:7: warning: declaration is marked with '@deprecated' command but does not have a deprecation attribute [-Wdocumentation-deprecated-sync]
   74 |    * @deprecated Pass parentTag instead of parentShadowView.
      |      ~^~~~~~~~~~~~~~~~~~~~~~~~~~~~~~~~~~~~~~~~~~~~~~~~~~~~~~
/Users/jonahmicahinguito/dev/rotaract-connect/ios/Pods/Headers/Private/React-Fabric/react/renderer/mounting/ShadowViewMutation.h:76:3: note: add a deprecation attribute to the declaration to silence this warning
   76 |   static ShadowViewMutation
      |   ^
      |   FMT_DEPRECATED 
3 warnings generated.

/Users/jonahmicahinguito/dev/rotaract-connect/ios/Pods/Headers/Private/React-Fabric/react/renderer/mounting/ShadowViewMutation.h:46:7: Declaration is marked with '@deprecated' command but does not have a deprecation attribute

/Users/jonahmicahinguito/dev/rotaract-connect/ios/Pods/Headers/Private/React-Fabric/react/renderer/mounting/ShadowViewMutation.h:60:7: Declaration is marked with '@deprecated' command but does not have a deprecation attribute

/Users/jonahmicahinguito/dev/rotaract-connect/ios/Pods/Headers/Private/React-Fabric/react/renderer/mounting/ShadowViewMutation.h:74:7: Declaration is marked with '@deprecated' command but does not have a deprecation attribute

CompileC /Users/jonahmicahinguito/Library/Developer/Xcode/DerivedData/rotaractconnect-cjwcbdlngckcsaantafkjnfzfbdk/Build/Intermediates.noindex/Pods.build/Debug-iphoneos/React-Fabric.build/Objects-normal/arm64/SurfaceManager.o /Users/jonahmicahinguito/dev/rotaract-connect/node_modules/react-native/ReactCommon/react/renderer/scheduler/SurfaceManager.cpp normal arm64 c++ com.apple.compilers.llvm.clang.1_0.compiler (in target 'React-Fabric' from project 'Pods')
    cd /Users/jonahmicahinguito/dev/rotaract-connect/ios/Pods
    
    Using response file: /Users/jonahmicahinguito/Library/Developer/Xcode/DerivedData/rotaractconnect-cjwcbdlngckcsaantafkjnfzfbdk/Build/Intermediates.noindex/Pods.build/Debug-iphoneos/React-Fabric.build/Objects-normal/arm64/82b82416624d2658e5098eb0a28c15c5-common-args.resp
    
    /Applications/Xcode.app/Contents/Developer/Toolchains/XcodeDefault.xctoolchain/usr/bin/clang -x c++ -ivfsstatcache /Users/jonahmicahinguito/Library/Developer/Xcode/DerivedData/SDKStatCaches.noindex/iphoneos26.5-23F81a-32daed1954a7d5dd0789fcaf2a9bb78b.sdkstatcache -target arm64-apple-ios15.1 -fmessage-length\=0 -fdiagnostics-show-note-include-stack -fmacro-backtrace-limit\=0 -fno-color-diagnostics -fmodules-prune-interval\=86400 -fmodules-prune-after\=345600 -fbuild-session-file\=/Users/jonahmicahinguito/Library/Developer/Xcode/DerivedData/ModuleCache.noindex/Session.modulevalidation -fmodules-validate-once-per-build-session -Wnon-modular-include-in-framework-module -Werror\=non-modular-include-in-framework-module -Wno-trigraphs -Wno-missing-field-initializers -Wno-missing-prototypes -Werror\=return-type -Wdocumentation -Wunreachable-code -Werror\=deprecated-objc-isa-usage -Werror\=objc-root-class -Wno-non-virtual-dtor -Wno-overloaded-virtual -Wno-exit-time-destructors -Wno-missing-braces -Wparentheses -Wswitch -Wunused-function -Wno-unused-label -Wno-unused-parameter -Wunused-variable -Wunused-value -Wempty-body -Wuninitialized -Wconditional-uninitialized -Wno-unknown-pragmas -Wno-shadow -Wno-four-char-constants -Wno-conversion -Wconstant-conversion -Wint-conversion -Wbool-conversion -Wenum-conversion -Wno-float-conversion -Wnon-literal-null-conversion -Wobjc-literal-conversion -Wshorten-64-to-32 -Wno-newline-eof -Wno-c++11-extensions -Wno-implicit-fallthrough -isysroot /Applications/Xcode.app/Contents/Developer/Platforms/iPhoneOS.platform/Developer/SDKs/iPhoneOS26.5.sdk -fstrict-aliasing -Wdeprecated-declarations -Winvalid-offsetof -Wno-sign-conversion -Winfinite-recursion -Wmove -Wcomma -Wblock-capture-autoreleasing -Wstrict-prototypes -Wrange-loop-analysis -Wno-semicolon-before-method-body -Wunguarded-availability -index-store-path /Users/jonahmicahinguito/Library/Developer/Xcode/DerivedData/rotaractconnect-cjwcbdlngckcsaantafkjnfzfbdk/Index.noindex/DataStore @/Users/jonahmicahinguito/Library/Developer/Xcode/DerivedData/rotaractconnect-cjwcbdlngckcsaantafkjnfzfbdk/Build/Intermediates.noindex/Pods.build/Debug-iphoneos/React-Fabric.build/Objects-normal/arm64/82b82416624d2658e5098eb0a28c15c5-common-args.resp -include /Users/jonahmicahinguito/dev/rotaract-connect/ios/Pods/Target\ Support\ Files/React-Fabric/React-Fabric-prefix.pch -MMD -MT dependencies -MF /Users/jonahmicahinguito/Library/Developer/Xcode/DerivedData/rotaractconnect-cjwcbdlngckcsaantafkjnfzfbdk/Build/Intermediates.noindex/Pods.build/Debug-iphoneos/React-Fabric.build/Objects-normal/arm64/SurfaceManager.d --serialize-diagnostics /Users/jonahmicahinguito/Library/Developer/Xcode/DerivedData/rotaractconnect-cjwcbdlngckcsaantafkjnfzfbdk/Build/Intermediates.noindex/Pods.build/Debug-iphoneos/React-Fabric.build/Objects-normal/arm64/SurfaceManager.dia -c /Users/jonahmicahinguito/dev/rotaract-connect/node_modules/react-native/ReactCommon/react/renderer/scheduler/SurfaceManager.cpp -o /Users/jonahmicahinguito/Library/Developer/Xcode/DerivedData/rotaractconnect-cjwcbdlngckcsaantafkjnfzfbdk/Build/Intermediates.noindex/Pods.build/Debug-iphoneos/React-Fabric.build/Objects-normal/arm64/SurfaceManager.o -index-unit-output-path /Pods.build/Debug-iphoneos/React-Fabric.build/Objects-normal/arm64/SurfaceManager.o

In file included from /Users/jonahmicahinguito/dev/rotaract-connect/node_modules/react-native/ReactCommon/react/renderer/scheduler/SurfaceManager.cpp:8:
In file included from /Users/jonahmicahinguito/dev/rotaract-connect/node_modules/react-native/ReactCommon/react/renderer/scheduler/SurfaceManager.h:16:
In file included from /Users/jonahmicahinguito/dev/rotaract-connect/ios/Pods/Headers/Private/React-Fabric/react/renderer/mounting/MountingCoordinator.h:15:
In file included from /Users/jonahmicahinguito/dev/rotaract-connect/ios/Pods/Headers/Private/React-Fabric/react/renderer/mounting/Differentiator.h:11:
/Users/jonahmicahinguito/dev/rotaract-connect/ios/Pods/Headers/Private/React-Fabric/react/renderer/mounting/ShadowViewMutation.h:46:7: warning: declaration is marked with '@deprecated' command but does not have a deprecation attribute [-Wdocumentation-deprecated-sync]
   46 |    * @deprecated Pass parentTag instead of parentShadowView.
      |      ~^~~~~~~~~~~~~~~~~~~~~~~~~~~~~~~~~~~~~~~~~~~~~~~~~~~~~~
/Users/jonahmicahinguito/dev/rotaract-connect/ios/Pods/Headers/Private/React-Fabric/react/renderer/mounting/ShadowViewMutation.h:48:3: note: add a deprecation attribute to the declaration to silence this warning
   48 |   static ShadowViewMutation InsertMutation(const ShadowView &parentShadowView, ShadowView childShadowView, int index)
      |   ^
      |   FMT_DEPRECATED 
/Users/jonahmicahinguito/dev/rotaract-connect/ios/Pods/Headers/Private/React-Fabric/react/renderer/mounting/ShadowViewMutation.h:60:7: warning: declaration is marked with '@deprecated' command but does not have a deprecation attribute [-Wdocumentation-deprecated-sync]
   60 |    * @deprecated Pass parentTag instead of parentShadowView.
      |      ~^~~~~~~~~~~~~~~~~~~~~~~~~~~~~~~~~~~~~~~~~~~~~~~~~~~~~~
/Users/jonahmicahinguito/dev/rotaract-connect/ios/Pods/Headers/Private/React-Fabric/react/renderer/mounting/ShadowViewMutation.h:62:3: note: add a deprecation attribute to the declaration to silence this warning
   62 |   static ShadowViewMutation RemoveMutation(const ShadowView &parentShadowView, ShadowView childShadowView, int index)
      |   ^
      |   FMT_DEPRECATED 
/Users/jonahmicahinguito/dev/rotaract-connect/ios/Pods/Headers/Private/React-Fabric/react/renderer/mounting/ShadowViewMutation.h:74:7: warning: declaration is marked with '@deprecated' command but does not have a deprecation attribute [-Wdocumentation-deprecated-sync]
   74 |    * @deprecated Pass parentTag instead of parentShadowView.
      |      ~^~~~~~~~~~~~~~~~~~~~~~~~~~~~~~~~~~~~~~~~~~~~~~~~~~~~~~
/Users/jonahmicahinguito/dev/rotaract-connect/ios/Pods/Headers/Private/React-Fabric/react/renderer/mounting/ShadowViewMutation.h:76:3: note: add a deprecation attribute to the declaration to silence this warning
   76 |   static ShadowViewMutation
      |   ^
      |   FMT_DEPRECATED 
3 warnings generated.

/Users/jonahmicahinguito/dev/rotaract-connect/ios/Pods/Headers/Private/React-Fabric/react/renderer/mounting/ShadowViewMutation.h:46:7: Declaration is marked with '@deprecated' command but does not have a deprecation attribute

/Users/jonahmicahinguito/dev/rotaract-connect/ios/Pods/Headers/Private/React-Fabric/react/renderer/mounting/ShadowViewMutation.h:60:7: Declaration is marked with '@deprecated' command but does not have a deprecation attribute

/Users/jonahmicahinguito/dev/rotaract-connect/ios/Pods/Headers/Private/React-Fabric/react/renderer/mounting/ShadowViewMutation.h:74:7: Declaration is marked with '@deprecated' command but does not have a deprecation attribute

CompileC /Users/jonahmicahinguito/Library/Developer/Xcode/DerivedData/rotaractconnect-cjwcbdlngckcsaantafkjnfzfbdk/Build/Intermediates.noindex/Pods.build/Debug-iphoneos/React-Fabric.build/Objects-normal/arm64/SurfaceHandler.o /Users/jonahmicahinguito/dev/rotaract-connect/node_modules/react-native/ReactCommon/react/renderer/scheduler/SurfaceHandler.cpp normal arm64 c++ com.apple.compilers.llvm.clang.1_0.compiler (in target 'React-Fabric' from project 'Pods')
    cd /Users/jonahmicahinguito/dev/rotaract-connect/ios/Pods
    
    Using response file: /Users/jonahmicahinguito/Library/Developer/Xcode/DerivedData/rotaractconnect-cjwcbdlngckcsaantafkjnfzfbdk/Build/Intermediates.noindex/Pods.build/Debug-iphoneos/React-Fabric.build/Objects-normal/arm64/82b82416624d2658e5098eb0a28c15c5-common-args.resp
    
    /Applications/Xcode.app/Contents/Developer/Toolchains/XcodeDefault.xctoolchain/usr/bin/clang -x c++ -ivfsstatcache /Users/jonahmicahinguito/Library/Developer/Xcode/DerivedData/SDKStatCaches.noindex/iphoneos26.5-23F81a-32daed1954a7d5dd0789fcaf2a9bb78b.sdkstatcache -target arm64-apple-ios15.1 -fmessage-length\=0 -fdiagnostics-show-note-include-stack -fmacro-backtrace-limit\=0 -fno-color-diagnostics -fmodules-prune-interval\=86400 -fmodules-prune-after\=345600 -fbuild-session-file\=/Users/jonahmicahinguito/Library/Developer/Xcode/DerivedData/ModuleCache.noindex/Session.modulevalidation -fmodules-validate-once-per-build-session -Wnon-modular-include-in-framework-module -Werror\=non-modular-include-in-framework-module -Wno-trigraphs -Wno-missing-field-initializers -Wno-missing-prototypes -Werror\=return-type -Wdocumentation -Wunreachable-code -Werror\=deprecated-objc-isa-usage -Werror\=objc-root-class -Wno-non-virtual-dtor -Wno-overloaded-virtual -Wno-exit-time-destructors -Wno-missing-braces -Wparentheses -Wswitch -Wunused-function -Wno-unused-label -Wno-unused-parameter -Wunused-variable -Wunused-value -Wempty-body -Wuninitialized -Wconditional-uninitialized -Wno-unknown-pragmas -Wno-shadow -Wno-four-char-constants -Wno-conversion -Wconstant-conversion -Wint-conversion -Wbool-conversion -Wenum-conversion -Wno-float-conversion -Wnon-literal-null-conversion -Wobjc-literal-conversion -Wshorten-64-to-32 -Wno-newline-eof -Wno-c++11-extensions -Wno-implicit-fallthrough -isysroot /Applications/Xcode.app/Contents/Developer/Platforms/iPhoneOS.platform/Developer/SDKs/iPhoneOS26.5.sdk -fstrict-aliasing -Wdeprecated-declarations -Winvalid-offsetof -Wno-sign-conversion -Winfinite-recursion -Wmove -Wcomma -Wblock-capture-autoreleasing -Wstrict-prototypes -Wrange-loop-analysis -Wno-semicolon-before-method-body -Wunguarded-availability -index-store-path /Users/jonahmicahinguito/Library/Developer/Xcode/DerivedData/rotaractconnect-cjwcbdlngckcsaantafkjnfzfbdk/Index.noindex/DataStore @/Users/jonahmicahinguito/Library/Developer/Xcode/DerivedData/rotaractconnect-cjwcbdlngckcsaantafkjnfzfbdk/Build/Intermediates.noindex/Pods.build/Debug-iphoneos/React-Fabric.build/Objects-normal/arm64/82b82416624d2658e5098eb0a28c15c5-common-args.resp -include /Users/jonahmicahinguito/dev/rotaract-connect/ios/Pods/Target\ Support\ Files/React-Fabric/React-Fabric-prefix.pch -MMD -MT dependencies -MF /Users/jonahmicahinguito/Library/Developer/Xcode/DerivedData/rotaractconnect-cjwcbdlngckcsaantafkjnfzfbdk/Build/Intermediates.noindex/Pods.build/Debug-iphoneos/React-Fabric.build/Objects-normal/arm64/SurfaceHandler.d --serialize-diagnostics /Users/jonahmicahinguito/Library/Developer/Xcode/DerivedData/rotaractconnect-cjwcbdlngckcsaantafkjnfzfbdk/Build/Intermediates.noindex/Pods.build/Debug-iphoneos/React-Fabric.build/Objects-normal/arm64/SurfaceHandler.dia -c /Users/jonahmicahinguito/dev/rotaract-connect/node_modules/react-native/ReactCommon/react/renderer/scheduler/SurfaceHandler.cpp -o /Users/jonahmicahinguito/Library/Developer/Xcode/DerivedData/rotaractconnect-cjwcbdlngckcsaantafkjnfzfbdk/Build/Intermediates.noindex/Pods.build/Debug-iphoneos/React-Fabric.build/Objects-normal/arm64/SurfaceHandler.o -index-unit-output-path /Pods.build/Debug-iphoneos/React-Fabric.build/Objects-normal/arm64/SurfaceHandler.o

In file included from /Users/jonahmicahinguito/dev/rotaract-connect/node_modules/react-native/ReactCommon/react/renderer/scheduler/SurfaceHandler.cpp:13:
In file included from /Users/jonahmicahinguito/dev/rotaract-connect/ios/Pods/Headers/Private/React-Fabric/react/renderer/uimanager/UIManager.h:23:
In file included from /Users/jonahmicahinguito/dev/rotaract-connect/ios/Pods/Headers/Private/React-Fabric/react/renderer/mounting/ShadowTree.h:18:
In file included from /Users/jonahmicahinguito/dev/rotaract-connect/ios/Pods/Headers/Private/React-Fabric/react/renderer/mounting/MountingCoordinator.h:15:
In file included from /Users/jonahmicahinguito/dev/rotaract-connect/ios/Pods/Headers/Private/React-Fabric/react/renderer/mounting/Differentiator.h:11:
/Users/jonahmicahinguito/dev/rotaract-connect/ios/Pods/Headers/Private/React-Fabric/react/renderer/mounting/ShadowViewMutation.h:46:7: warning: declaration is marked with '@deprecated' command but does not have a deprecation attribute [-Wdocumentation-deprecated-sync]
   46 |    * @deprecated Pass parentTag instead of parentShadowView.
      |      ~^~~~~~~~~~~~~~~~~~~~~~~~~~~~~~~~~~~~~~~~~~~~~~~~~~~~~~
/Users/jonahmicahinguito/dev/rotaract-connect/ios/Pods/Headers/Private/React-Fabric/react/renderer/mounting/ShadowViewMutation.h:48:3: note: add a deprecation attribute to the declaration to silence this warning
   48 |   static ShadowViewMutation InsertMutation(const ShadowView &parentShadowView, ShadowView childShadowView, int index)
      |   ^
      |   FMT_DEPRECATED 
/Users/jonahmicahinguito/dev/rotaract-connect/ios/Pods/Headers/Private/React-Fabric/react/renderer/mounting/ShadowViewMutation.h:60:7: warning: declaration is marked with '@deprecated' command but does not have a deprecation attribute [-Wdocumentation-deprecated-sync]
   60 |    * @deprecated Pass parentTag instead of parentShadowView.
      |      ~^~~~~~~~~~~~~~~~~~~~~~~~~~~~~~~~~~~~~~~~~~~~~~~~~~~~~~
/Users/jonahmicahinguito/dev/rotaract-connect/ios/Pods/Headers/Private/React-Fabric/react/renderer/mounting/ShadowViewMutation.h:62:3: note: add a deprecation attribute to the declaration to silence this warning
   62 |   static ShadowViewMutation RemoveMutation(const ShadowView &parentShadowView, ShadowView childShadowView, int index)
      |   ^
      |   FMT_DEPRECATED 
/Users/jonahmicahinguito/dev/rotaract-connect/ios/Pods/Headers/Private/React-Fabric/react/renderer/mounting/ShadowViewMutation.h:74:7: warning: declaration is marked with '@deprecated' command but does not have a deprecation attribute [-Wdocumentation-deprecated-sync]
   74 |    * @deprecated Pass parentTag instead of parentShadowView.
      |      ~^~~~~~~~~~~~~~~~~~~~~~~~~~~~~~~~~~~~~~~~~~~~~~~~~~~~~~
/Users/jonahmicahinguito/dev/rotaract-connect/ios/Pods/Headers/Private/React-Fabric/react/renderer/mounting/ShadowViewMutation.h:76:3: note: add a deprecation attribute to the declaration to silence this warning
   76 |   static ShadowViewMutation
      |   ^
      |   FMT_DEPRECATED 
3 warnings generated.

/Users/jonahmicahinguito/dev/rotaract-connect/ios/Pods/Headers/Private/React-Fabric/react/renderer/mounting/ShadowViewMutation.h:46:7: Declaration is marked with '@deprecated' command but does not have a deprecation attribute

/Users/jonahmicahinguito/dev/rotaract-connect/ios/Pods/Headers/Private/React-Fabric/react/renderer/mounting/ShadowViewMutation.h:60:7: Declaration is marked with '@deprecated' command but does not have a deprecation attribute

/Users/jonahmicahinguito/dev/rotaract-connect/ios/Pods/Headers/Private/React-Fabric/react/renderer/mounting/ShadowViewMutation.h:74:7: Declaration is marked with '@deprecated' command but does not have a deprecation attribute

CompileC /Users/jonahmicahinguito/Library/Developer/Xcode/DerivedData/rotaractconnect-cjwcbdlngckcsaantafkjnfzfbdk/Build/Intermediates.noindex/Pods.build/Debug-iphoneos/React-Fabric.build/Objects-normal/arm64/SubtractionAnimatedNode.o /Users/jonahmicahinguito/dev/rotaract-connect/node_modules/react-native/ReactCommon/react/renderer/animated/nodes/SubtractionAnimatedNode.cpp normal arm64 c++ com.apple.compilers.llvm.clang.1_0.compiler (in target 'React-Fabric' from project 'Pods')
    cd /Users/jonahmicahinguito/dev/rotaract-connect/ios/Pods
    
    Using response file: /Users/jonahmicahinguito/Library/Developer/Xcode/DerivedData/rotaractconnect-cjwcbdlngckcsaantafkjnfzfbdk/Build/Intermediates.noindex/Pods.build/Debug-iphoneos/React-Fabric.build/Objects-normal/arm64/82b82416624d2658e5098eb0a28c15c5-common-args.resp
    
    /Applications/Xcode.app/Contents/Developer/Toolchains/XcodeDefault.xctoolchain/usr/bin/clang -x c++ -ivfsstatcache /Users/jonahmicahinguito/Library/Developer/Xcode/DerivedData/SDKStatCaches.noindex/iphoneos26.5-23F81a-32daed1954a7d5dd0789fcaf2a9bb78b.sdkstatcache -target arm64-apple-ios15.1 -fmessage-length\=0 -fdiagnostics-show-note-include-stack -fmacro-backtrace-limit\=0 -fno-color-diagnostics -fmodules-prune-interval\=86400 -fmodules-prune-after\=345600 -fbuild-session-file\=/Users/jonahmicahinguito/Library/Developer/Xcode/DerivedData/ModuleCache.noindex/Session.modulevalidation -fmodules-validate-once-per-build-session -Wnon-modular-include-in-framework-module -Werror\=non-modular-include-in-framework-module -Wno-trigraphs -Wno-missing-field-initializers -Wno-missing-prototypes -Werror\=return-type -Wdocumentation -Wunreachable-code -Werror\=deprecated-objc-isa-usage -Werror\=objc-root-class -Wno-non-virtual-dtor -Wno-overloaded-virtual -Wno-exit-time-destructors -Wno-missing-braces -Wparentheses -Wswitch -Wunused-function -Wno-unused-label -Wno-unused-parameter -Wunused-variable -Wunused-value -Wempty-body -Wuninitialized -Wconditional-uninitialized -Wno-unknown-pragmas -Wno-shadow -Wno-four-char-constants -Wno-conversion -Wconstant-conversion -Wint-conversion -Wbool-conversion -Wenum-conversion -Wno-float-conversion -Wnon-literal-null-conversion -Wobjc-literal-conversion -Wshorten-64-to-32 -Wno-newline-eof -Wno-c++11-extensions -Wno-implicit-fallthrough -isysroot /Applications/Xcode.app/Contents/Developer/Platforms/iPhoneOS.platform/Developer/SDKs/iPhoneOS26.5.sdk -fstrict-aliasing -Wdeprecated-declarations -Winvalid-offsetof -Wno-sign-conversion -Winfinite-recursion -Wmove -Wcomma -Wblock-capture-autoreleasing -Wstrict-prototypes -Wrange-loop-analysis -Wno-semicolon-before-method-body -Wunguarded-availability -index-store-path /Users/jonahmicahinguito/Library/Developer/Xcode/DerivedData/rotaractconnect-cjwcbdlngckcsaantafkjnfzfbdk/Index.noindex/DataStore @/Users/jonahmicahinguito/Library/Developer/Xcode/DerivedData/rotaractconnect-cjwcbdlngckcsaantafkjnfzfbdk/Build/Intermediates.noindex/Pods.build/Debug-iphoneos/React-Fabric.build/Objects-normal/arm64/82b82416624d2658e5098eb0a28c15c5-common-args.resp -include /Users/jonahmicahinguito/dev/rotaract-connect/ios/Pods/Target\ Support\ Files/React-Fabric/React-Fabric-prefix.pch -MMD -MT dependencies -MF /Users/jonahmicahinguito/Library/Developer/Xcode/DerivedData/rotaractconnect-cjwcbdlngckcsaantafkjnfzfbdk/Build/Intermediates.noindex/Pods.build/Debug-iphoneos/React-Fabric.build/Objects-normal/arm64/SubtractionAnimatedNode.d --serialize-diagnostics /Users/jonahmicahinguito/Library/Developer/Xcode/DerivedData/rotaractconnect-cjwcbdlngckcsaantafkjnfzfbdk/Build/Intermediates.noindex/Pods.build/Debug-iphoneos/React-Fabric.build/Objects-normal/arm64/SubtractionAnimatedNode.dia -c /Users/jonahmicahinguito/dev/rotaract-connect/node_modules/react-native/ReactCommon/react/renderer/animated/nodes/SubtractionAnimatedNode.cpp -o /Users/jonahmicahinguito/Library/Developer/Xcode/DerivedData/rotaractconnect-cjwcbdlngckcsaantafkjnfzfbdk/Build/Intermediates.noindex/Pods.build/Debug-iphoneos/React-Fabric.build/Objects-normal/arm64/SubtractionAnimatedNode.o -index-unit-output-path /Pods.build/Debug-iphoneos/React-Fabric.build/Objects-normal/arm64/SubtractionAnimatedNode.o

In file included from /Users/jonahmicahinguito/dev/rotaract-connect/node_modules/react-native/ReactCommon/react/renderer/animated/nodes/SubtractionAnimatedNode.cpp:15:
In file included from /Users/jonahmicahinguito/dev/rotaract-connect/ios/Pods/Headers/Private/React-Fabric/react/renderer/animated/NativeAnimatedNodesManager.h:21:
In file included from /Users/jonahmicahinguito/dev/rotaract-connect/ios/Pods/Headers/Private/React-Fabric/react/renderer/animationbackend/AnimationBackend.h:12:
In file included from /Users/jonahmicahinguito/dev/rotaract-connect/ios/Pods/Headers/Private/React-Fabric/react/renderer/uimanager/UIManager.h:23:
In file included from /Users/jonahmicahinguito/dev/rotaract-connect/ios/Pods/Headers/Private/React-Fabric/react/renderer/mounting/ShadowTree.h:18:
In file included from /Users/jonahmicahinguito/dev/rotaract-connect/ios/Pods/Headers/Private/React-Fabric/react/renderer/mounting/MountingCoordinator.h:15:
In file included from /Users/jonahmicahinguito/dev/rotaract-connect/ios/Pods/Headers/Private/React-Fabric/react/renderer/mounting/Differentiator.h:11:
/Users/jonahmicahinguito/dev/rotaract-connect/ios/Pods/Headers/Private/React-Fabric/react/renderer/mounting/ShadowViewMutation.h:46:7: warning: declaration is marked with '@deprecated' command but does not have a deprecation attribute [-Wdocumentation-deprecated-sync]
   46 |    * @deprecated Pass parentTag instead of parentShadowView.
      |      ~^~~~~~~~~~~~~~~~~~~~~~~~~~~~~~~~~~~~~~~~~~~~~~~~~~~~~~
/Users/jonahmicahinguito/dev/rotaract-connect/ios/Pods/Headers/Private/React-Fabric/react/renderer/mounting/ShadowViewMutation.h:48:3: note: add a deprecation attribute to the declaration to silence this warning
   48 |   static ShadowViewMutation InsertMutation(const ShadowView &parentShadowView, ShadowView childShadowView, int index)
      |   ^
      |   FMT_DEPRECATED 
/Users/jonahmicahinguito/dev/rotaract-connect/ios/Pods/Headers/Private/React-Fabric/react/renderer/mounting/ShadowViewMutation.h:60:7: warning: declaration is marked with '@deprecated' command but does not have a deprecation attribute [-Wdocumentation-deprecated-sync]
   60 |    * @deprecated Pass parentTag instead of parentShadowView.
      |      ~^~~~~~~~~~~~~~~~~~~~~~~~~~~~~~~~~~~~~~~~~~~~~~~~~~~~~~
/Users/jonahmicahinguito/dev/rotaract-connect/ios/Pods/Headers/Private/React-Fabric/react/renderer/mounting/ShadowViewMutation.h:62:3: note: add a deprecation attribute to the declaration to silence this warning
   62 |   static ShadowViewMutation RemoveMutation(const ShadowView &parentShadowView, ShadowView childShadowView, int index)
      |   ^
      |   FMT_DEPRECATED 
/Users/jonahmicahinguito/dev/rotaract-connect/ios/Pods/Headers/Private/React-Fabric/react/renderer/mounting/ShadowViewMutation.h:74:7: warning: declaration is marked with '@deprecated' command but does not have a deprecation attribute [-Wdocumentation-deprecated-sync]
   74 |    * @deprecated Pass parentTag instead of parentShadowView.
      |      ~^~~~~~~~~~~~~~~~~~~~~~~~~~~~~~~~~~~~~~~~~~~~~~~~~~~~~~
/Users/jonahmicahinguito/dev/rotaract-connect/ios/Pods/Headers/Private/React-Fabric/react/renderer/mounting/ShadowViewMutation.h:76:3: note: add a deprecation attribute to the declaration to silence this warning
   76 |   static ShadowViewMutation
      |   ^
      |   FMT_DEPRECATED 
3 warnings generated.

/Users/jonahmicahinguito/dev/rotaract-connect/ios/Pods/Headers/Private/React-Fabric/react/renderer/mounting/ShadowViewMutation.h:46:7: Declaration is marked with '@deprecated' command but does not have a deprecation attribute

/Users/jonahmicahinguito/dev/rotaract-connect/ios/Pods/Headers/Private/React-Fabric/react/renderer/mounting/ShadowViewMutation.h:60:7: Declaration is marked with '@deprecated' command but does not have a deprecation attribute

/Users/jonahmicahinguito/dev/rotaract-connect/ios/Pods/Headers/Private/React-Fabric/react/renderer/mounting/ShadowViewMutation.h:74:7: Declaration is marked with '@deprecated' command but does not have a deprecation attribute

CompileC /Users/jonahmicahinguito/Library/Developer/Xcode/DerivedData/rotaractconnect-cjwcbdlngckcsaantafkjnfzfbdk/Build/Intermediates.noindex/Pods.build/Debug-iphoneos/React-Fabric.build/Objects-normal/arm64/StyleAnimatedNode.o /Users/jonahmicahinguito/dev/rotaract-connect/node_modules/react-native/ReactCommon/react/renderer/animated/nodes/StyleAnimatedNode.cpp normal arm64 c++ com.apple.compilers.llvm.clang.1_0.compiler (in target 'React-Fabric' from project 'Pods')
    cd /Users/jonahmicahinguito/dev/rotaract-connect/ios/Pods
    
    Using response file: /Users/jonahmicahinguito/Library/Developer/Xcode/DerivedData/rotaractconnect-cjwcbdlngckcsaantafkjnfzfbdk/Build/Intermediates.noindex/Pods.build/Debug-iphoneos/React-Fabric.build/Objects-normal/arm64/82b82416624d2658e5098eb0a28c15c5-common-args.resp
    
    /Applications/Xcode.app/Contents/Developer/Toolchains/XcodeDefault.xctoolchain/usr/bin/clang -x c++ -ivfsstatcache /Users/jonahmicahinguito/Library/Developer/Xcode/DerivedData/SDKStatCaches.noindex/iphoneos26.5-23F81a-32daed1954a7d5dd0789fcaf2a9bb78b.sdkstatcache -target arm64-apple-ios15.1 -fmessage-length\=0 -fdiagnostics-show-note-include-stack -fmacro-backtrace-limit\=0 -fno-color-diagnostics -fmodules-prune-interval\=86400 -fmodules-prune-after\=345600 -fbuild-session-file\=/Users/jonahmicahinguito/Library/Developer/Xcode/DerivedData/ModuleCache.noindex/Session.modulevalidation -fmodules-validate-once-per-build-session -Wnon-modular-include-in-framework-module -Werror\=non-modular-include-in-framework-module -Wno-trigraphs -Wno-missing-field-initializers -Wno-missing-prototypes -Werror\=return-type -Wdocumentation -Wunreachable-code -Werror\=deprecated-objc-isa-usage -Werror\=objc-root-class -Wno-non-virtual-dtor -Wno-overloaded-virtual -Wno-exit-time-destructors -Wno-missing-braces -Wparentheses -Wswitch -Wunused-function -Wno-unused-label -Wno-unused-parameter -Wunused-variable -Wunused-value -Wempty-body -Wuninitialized -Wconditional-uninitialized -Wno-unknown-pragmas -Wno-shadow -Wno-four-char-constants -Wno-conversion -Wconstant-conversion -Wint-conversion -Wbool-conversion -Wenum-conversion -Wno-float-conversion -Wnon-literal-null-conversion -Wobjc-literal-conversion -Wshorten-64-to-32 -Wno-newline-eof -Wno-c++11-extensions -Wno-implicit-fallthrough -isysroot /Applications/Xcode.app/Contents/Developer/Platforms/iPhoneOS.platform/Developer/SDKs/iPhoneOS26.5.sdk -fstrict-aliasing -Wdeprecated-declarations -Winvalid-offsetof -Wno-sign-conversion -Winfinite-recursion -Wmove -Wcomma -Wblock-capture-autoreleasing -Wstrict-prototypes -Wrange-loop-analysis -Wno-semicolon-before-method-body -Wunguarded-availability -index-store-path /Users/jonahmicahinguito/Library/Developer/Xcode/DerivedData/rotaractconnect-cjwcbdlngckcsaantafkjnfzfbdk/Index.noindex/DataStore @/Users/jonahmicahinguito/Library/Developer/Xcode/DerivedData/rotaractconnect-cjwcbdlngckcsaantafkjnfzfbdk/Build/Intermediates.noindex/Pods.build/Debug-iphoneos/React-Fabric.build/Objects-normal/arm64/82b82416624d2658e5098eb0a28c15c5-common-args.resp -include /Users/jonahmicahinguito/dev/rotaract-connect/ios/Pods/Target\ Support\ Files/React-Fabric/React-Fabric-prefix.pch -MMD -MT dependencies -MF /Users/jonahmicahinguito/Library/Developer/Xcode/DerivedData/rotaractconnect-cjwcbdlngckcsaantafkjnfzfbdk/Build/Intermediates.noindex/Pods.build/Debug-iphoneos/React-Fabric.build/Objects-normal/arm64/StyleAnimatedNode.d --serialize-diagnostics /Users/jonahmicahinguito/Library/Developer/Xcode/DerivedData/rotaractconnect-cjwcbdlngckcsaantafkjnfzfbdk/Build/Intermediates.noindex/Pods.build/Debug-iphoneos/React-Fabric.build/Objects-normal/arm64/StyleAnimatedNode.dia -c /Users/jonahmicahinguito/dev/rotaract-connect/node_modules/react-native/ReactCommon/react/renderer/animated/nodes/StyleAnimatedNode.cpp -o /Users/jonahmicahinguito/Library/Developer/Xcode/DerivedData/rotaractconnect-cjwcbdlngckcsaantafkjnfzfbdk/Build/Intermediates.noindex/Pods.build/Debug-iphoneos/React-Fabric.build/Objects-normal/arm64/StyleAnimatedNode.o -index-unit-output-path /Pods.build/Debug-iphoneos/React-Fabric.build/Objects-normal/arm64/StyleAnimatedNode.o

In file included from /Users/jonahmicahinguito/dev/rotaract-connect/node_modules/react-native/ReactCommon/react/renderer/animated/nodes/StyleAnimatedNode.cpp:14:
In file included from /Users/jonahmicahinguito/dev/rotaract-connect/ios/Pods/Headers/Private/React-Fabric/react/renderer/animated/NativeAnimatedNodesManager.h:21:
In file included from /Users/jonahmicahinguito/dev/rotaract-connect/ios/Pods/Headers/Private/React-Fabric/react/renderer/animationbackend/AnimationBackend.h:12:
In file included from /Users/jonahmicahinguito/dev/rotaract-connect/ios/Pods/Headers/Private/React-Fabric/react/renderer/uimanager/UIManager.h:23:
In file included from /Users/jonahmicahinguito/dev/rotaract-connect/ios/Pods/Headers/Private/React-Fabric/react/renderer/mounting/ShadowTree.h:18:
In file included from /Users/jonahmicahinguito/dev/rotaract-connect/ios/Pods/Headers/Private/React-Fabric/react/renderer/mounting/MountingCoordinator.h:15:
In file included from /Users/jonahmicahinguito/dev/rotaract-connect/ios/Pods/Headers/Private/React-Fabric/react/renderer/mounting/Differentiator.h:11:
/Users/jonahmicahinguito/dev/rotaract-connect/ios/Pods/Headers/Private/React-Fabric/react/renderer/mounting/ShadowViewMutation.h:46:7: warning: declaration is marked with '@deprecated' command but does not have a deprecation attribute [-Wdocumentation-deprecated-sync]
   46 |    * @deprecated Pass parentTag instead of parentShadowView.
      |      ~^~~~~~~~~~~~~~~~~~~~~~~~~~~~~~~~~~~~~~~~~~~~~~~~~~~~~~
/Users/jonahmicahinguito/dev/rotaract-connect/ios/Pods/Headers/Private/React-Fabric/react/renderer/mounting/ShadowViewMutation.h:48:3: note: add a deprecation attribute to the declaration to silence this warning
   48 |   static ShadowViewMutation InsertMutation(const ShadowView &parentShadowView, ShadowView childShadowView, int index)
      |   ^
      |   FMT_DEPRECATED 
/Users/jonahmicahinguito/dev/rotaract-connect/ios/Pods/Headers/Private/React-Fabric/react/renderer/mounting/ShadowViewMutation.h:60:7: warning: declaration is marked with '@deprecated' command but does not have a deprecation attribute [-Wdocumentation-deprecated-sync]
   60 |    * @deprecated Pass parentTag instead of parentShadowView.
      |      ~^~~~~~~~~~~~~~~~~~~~~~~~~~~~~~~~~~~~~~~~~~~~~~~~~~~~~~
/Users/jonahmicahinguito/dev/rotaract-connect/ios/Pods/Headers/Private/React-Fabric/react/renderer/mounting/ShadowViewMutation.h:62:3: note: add a deprecation attribute to the declaration to silence this warning
   62 |   static ShadowViewMutation RemoveMutation(const ShadowView &parentShadowView, ShadowView childShadowView, int index)
      |   ^
      |   FMT_DEPRECATED 
/Users/jonahmicahinguito/dev/rotaract-connect/ios/Pods/Headers/Private/React-Fabric/react/renderer/mounting/ShadowViewMutation.h:74:7: warning: declaration is marked with '@deprecated' command but does not have a deprecation attribute [-Wdocumentation-deprecated-sync]
   74 |    * @deprecated Pass parentTag instead of parentShadowView.
      |      ~^~~~~~~~~~~~~~~~~~~~~~~~~~~~~~~~~~~~~~~~~~~~~~~~~~~~~~
/Users/jonahmicahinguito/dev/rotaract-connect/ios/Pods/Headers/Private/React-Fabric/react/renderer/mounting/ShadowViewMutation.h:76:3: note: add a deprecation attribute to the declaration to silence this warning
   76 |   static ShadowViewMutation
      |   ^
      |   FMT_DEPRECATED 
3 warnings generated.

/Users/jonahmicahinguito/dev/rotaract-connect/ios/Pods/Headers/Private/React-Fabric/react/renderer/mounting/ShadowViewMutation.h:46:7: Declaration is marked with '@deprecated' command but does not have a deprecation attribute

/Users/jonahmicahinguito/dev/rotaract-connect/ios/Pods/Headers/Private/React-Fabric/react/renderer/mounting/ShadowViewMutation.h:60:7: Declaration is marked with '@deprecated' command but does not have a deprecation attribute

/Users/jonahmicahinguito/dev/rotaract-connect/ios/Pods/Headers/Private/React-Fabric/react/renderer/mounting/ShadowViewMutation.h:74:7: Declaration is marked with '@deprecated' command but does not have a deprecation attribute

CompileC /Users/jonahmicahinguito/Library/Developer/Xcode/DerivedData/rotaractconnect-cjwcbdlngckcsaantafkjnfzfbdk/Build/Intermediates.noindex/Pods.build/Debug-iphoneos/React-Fabric.build/Objects-normal/arm64/StubViewTree.o /Users/jonahmicahinguito/dev/rotaract-connect/node_modules/react-native/ReactCommon/react/renderer/mounting/stubs/StubViewTree.cpp normal arm64 c++ com.apple.compilers.llvm.clang.1_0.compiler (in target 'React-Fabric' from project 'Pods')
    cd /Users/jonahmicahinguito/dev/rotaract-connect/ios/Pods
    
    Using response file: /Users/jonahmicahinguito/Library/Developer/Xcode/DerivedData/rotaractconnect-cjwcbdlngckcsaantafkjnfzfbdk/Build/Intermediates.noindex/Pods.build/Debug-iphoneos/React-Fabric.build/Objects-normal/arm64/82b82416624d2658e5098eb0a28c15c5-common-args.resp
    
    /Applications/Xcode.app/Contents/Developer/Toolchains/XcodeDefault.xctoolchain/usr/bin/clang -x c++ -ivfsstatcache /Users/jonahmicahinguito/Library/Developer/Xcode/DerivedData/SDKStatCaches.noindex/iphoneos26.5-23F81a-32daed1954a7d5dd0789fcaf2a9bb78b.sdkstatcache -target arm64-apple-ios15.1 -fmessage-length\=0 -fdiagnostics-show-note-include-stack -fmacro-backtrace-limit\=0 -fno-color-diagnostics -fmodules-prune-interval\=86400 -fmodules-prune-after\=345600 -fbuild-session-file\=/Users/jonahmicahinguito/Library/Developer/Xcode/DerivedData/ModuleCache.noindex/Session.modulevalidation -fmodules-validate-once-per-build-session -Wnon-modular-include-in-framework-module -Werror\=non-modular-include-in-framework-module -Wno-trigraphs -Wno-missing-field-initializers -Wno-missing-prototypes -Werror\=return-type -Wdocumentation -Wunreachable-code -Werror\=deprecated-objc-isa-usage -Werror\=objc-root-class -Wno-non-virtual-dtor -Wno-overloaded-virtual -Wno-exit-time-destructors -Wno-missing-braces -Wparentheses -Wswitch -Wunused-function -Wno-unused-label -Wno-unused-parameter -Wunused-variable -Wunused-value -Wempty-body -Wuninitialized -Wconditional-uninitialized -Wno-unknown-pragmas -Wno-shadow -Wno-four-char-constants -Wno-conversion -Wconstant-conversion -Wint-conversion -Wbool-conversion -Wenum-conversion -Wno-float-conversion -Wnon-literal-null-conversion -Wobjc-literal-conversion -Wshorten-64-to-32 -Wno-newline-eof -Wno-c++11-extensions -Wno-implicit-fallthrough -isysroot /Applications/Xcode.app/Contents/Developer/Platforms/iPhoneOS.platform/Developer/SDKs/iPhoneOS26.5.sdk -fstrict-aliasing -Wdeprecated-declarations -Winvalid-offsetof -Wno-sign-conversion -Winfinite-recursion -Wmove -Wcomma -Wblock-capture-autoreleasing -Wstrict-prototypes -Wrange-loop-analysis -Wno-semicolon-before-method-body -Wunguarded-availability -index-store-path /Users/jonahmicahinguito/Library/Developer/Xcode/DerivedData/rotaractconnect-cjwcbdlngckcsaantafkjnfzfbdk/Index.noindex/DataStore @/Users/jonahmicahinguito/Library/Developer/Xcode/DerivedData/rotaractconnect-cjwcbdlngckcsaantafkjnfzfbdk/Build/Intermediates.noindex/Pods.build/Debug-iphoneos/React-Fabric.build/Objects-normal/arm64/82b82416624d2658e5098eb0a28c15c5-common-args.resp -include /Users/jonahmicahinguito/dev/rotaract-connect/ios/Pods/Target\ Support\ Files/React-Fabric/React-Fabric-prefix.pch -MMD -MT dependencies -MF /Users/jonahmicahinguito/Library/Developer/Xcode/DerivedData/rotaractconnect-cjwcbdlngckcsaantafkjnfzfbdk/Build/Intermediates.noindex/Pods.build/Debug-iphoneos/React-Fabric.build/Objects-normal/arm64/StubViewTree.d --serialize-diagnostics /Users/jonahmicahinguito/Library/Developer/Xcode/DerivedData/rotaractconnect-cjwcbdlngckcsaantafkjnfzfbdk/Build/Intermediates.noindex/Pods.build/Debug-iphoneos/React-Fabric.build/Objects-normal/arm64/StubViewTree.dia -c /Users/jonahmicahinguito/dev/rotaract-connect/node_modules/react-native/ReactCommon/react/renderer/mounting/stubs/StubViewTree.cpp -o /Users/jonahmicahinguito/Library/Developer/Xcode/DerivedData/rotaractconnect-cjwcbdlngckcsaantafkjnfzfbdk/Build/Intermediates.noindex/Pods.build/Debug-iphoneos/React-Fabric.build/Objects-normal/arm64/StubViewTree.o -index-unit-output-path /Pods.build/Debug-iphoneos/React-Fabric.build/Objects-normal/arm64/StubViewTree.o

In file included from /Users/jonahmicahinguito/dev/rotaract-connect/node_modules/react-native/ReactCommon/react/renderer/mounting/stubs/StubViewTree.cpp:8:
In file included from /Users/jonahmicahinguito/dev/rotaract-connect/node_modules/react-native/ReactCommon/react/renderer/mounting/stubs/StubViewTree.h:13:
/Users/jonahmicahinguito/dev/rotaract-connect/ios/Pods/Headers/Private/React-Fabric/react/renderer/mounting/ShadowViewMutation.h:46:7: warning: declaration is marked with '@deprecated' command but does not have a deprecation attribute [-Wdocumentation-deprecated-sync]
   46 |    * @deprecated Pass parentTag instead of parentShadowView.
      |      ~^~~~~~~~~~~~~~~~~~~~~~~~~~~~~~~~~~~~~~~~~~~~~~~~~~~~~~
/Users/jonahmicahinguito/dev/rotaract-connect/ios/Pods/Headers/Private/React-Fabric/react/renderer/mounting/ShadowViewMutation.h:48:3: note: add a deprecation attribute to the declaration to silence this warning
   48 |   static ShadowViewMutation InsertMutation(const ShadowView &parentShadowView, ShadowView childShadowView, int index)
      |   ^
      |   FMT_DEPRECATED 
/Users/jonahmicahinguito/dev/rotaract-connect/ios/Pods/Headers/Private/React-Fabric/react/renderer/mounting/ShadowViewMutation.h:60:7: warning: declaration is marked with '@deprecated' command but does not have a deprecation attribute [-Wdocumentation-deprecated-sync]
   60 |    * @deprecated Pass parentTag instead of parentShadowView.
      |      ~^~~~~~~~~~~~~~~~~~~~~~~~~~~~~~~~~~~~~~~~~~~~~~~~~~~~~~
/Users/jonahmicahinguito/dev/rotaract-connect/ios/Pods/Headers/Private/React-Fabric/react/renderer/mounting/ShadowViewMutation.h:62:3: note: add a deprecation attribute to the declaration to silence this warning
   62 |   static ShadowViewMutation RemoveMutation(const ShadowView &parentShadowView, ShadowView childShadowView, int index)
      |   ^
      |   FMT_DEPRECATED 
/Users/jonahmicahinguito/dev/rotaract-connect/ios/Pods/Headers/Private/React-Fabric/react/renderer/mounting/ShadowViewMutation.h:74:7: warning: declaration is marked with '@deprecated' command but does not have a deprecation attribute [-Wdocumentation-deprecated-sync]
   74 |    * @deprecated Pass parentTag instead of parentShadowView.
      |      ~^~~~~~~~~~~~~~~~~~~~~~~~~~~~~~~~~~~~~~~~~~~~~~~~~~~~~~
/Users/jonahmicahinguito/dev/rotaract-connect/ios/Pods/Headers/Private/React-Fabric/react/renderer/mounting/ShadowViewMutation.h:76:3: note: add a deprecation attribute to the declaration to silence this warning
   76 |   static ShadowViewMutation
      |   ^
      |   FMT_DEPRECATED 
3 warnings generated.

/Users/jonahmicahinguito/dev/rotaract-connect/ios/Pods/Headers/Private/React-Fabric/react/renderer/mounting/ShadowViewMutation.h:46:7: Declaration is marked with '@deprecated' command but does not have a deprecation attribute

/Users/jonahmicahinguito/dev/rotaract-connect/ios/Pods/Headers/Private/React-Fabric/react/renderer/mounting/ShadowViewMutation.h:60:7: Declaration is marked with '@deprecated' command but does not have a deprecation attribute

/Users/jonahmicahinguito/dev/rotaract-connect/ios/Pods/Headers/Private/React-Fabric/react/renderer/mounting/ShadowViewMutation.h:74:7: Declaration is marked with '@deprecated' command but does not have a deprecation attribute

CompileC /Users/jonahmicahinguito/Library/Developer/Xcode/DerivedData/rotaractconnect-cjwcbdlngckcsaantafkjnfzfbdk/Build/Intermediates.noindex/Pods.build/Debug-iphoneos/React-Fabric.build/Objects-normal/arm64/SpringAnimationDriver.o /Users/jonahmicahinguito/dev/rotaract-connect/node_modules/react-native/ReactCommon/react/renderer/animated/drivers/SpringAnimationDriver.cpp normal arm64 c++ com.apple.compilers.llvm.clang.1_0.compiler (in target 'React-Fabric' from project 'Pods')
    cd /Users/jonahmicahinguito/dev/rotaract-connect/ios/Pods
    
    Using response file: /Users/jonahmicahinguito/Library/Developer/Xcode/DerivedData/rotaractconnect-cjwcbdlngckcsaantafkjnfzfbdk/Build/Intermediates.noindex/Pods.build/Debug-iphoneos/React-Fabric.build/Objects-normal/arm64/82b82416624d2658e5098eb0a28c15c5-common-args.resp
    
    /Applications/Xcode.app/Contents/Developer/Toolchains/XcodeDefault.xctoolchain/usr/bin/clang -x c++ -ivfsstatcache /Users/jonahmicahinguito/Library/Developer/Xcode/DerivedData/SDKStatCaches.noindex/iphoneos26.5-23F81a-32daed1954a7d5dd0789fcaf2a9bb78b.sdkstatcache -target arm64-apple-ios15.1 -fmessage-length\=0 -fdiagnostics-show-note-include-stack -fmacro-backtrace-limit\=0 -fno-color-diagnostics -fmodules-prune-interval\=86400 -fmodules-prune-after\=345600 -fbuild-session-file\=/Users/jonahmicahinguito/Library/Developer/Xcode/DerivedData/ModuleCache.noindex/Session.modulevalidation -fmodules-validate-once-per-build-session -Wnon-modular-include-in-framework-module -Werror\=non-modular-include-in-framework-module -Wno-trigraphs -Wno-missing-field-initializers -Wno-missing-prototypes -Werror\=return-type -Wdocumentation -Wunreachable-code -Werror\=deprecated-objc-isa-usage -Werror\=objc-root-class -Wno-non-virtual-dtor -Wno-overloaded-virtual -Wno-exit-time-destructors -Wno-missing-braces -Wparentheses -Wswitch -Wunused-function -Wno-unused-label -Wno-unused-parameter -Wunused-variable -Wunused-value -Wempty-body -Wuninitialized -Wconditional-uninitialized -Wno-unknown-pragmas -Wno-shadow -Wno-four-char-constants -Wno-conversion -Wconstant-conversion -Wint-conversion -Wbool-conversion -Wenum-conversion -Wno-float-conversion -Wnon-literal-null-conversion -Wobjc-literal-conversion -Wshorten-64-to-32 -Wno-newline-eof -Wno-c++11-extensions -Wno-implicit-fallthrough -isysroot /Applications/Xcode.app/Contents/Developer/Platforms/iPhoneOS.platform/Developer/SDKs/iPhoneOS26.5.sdk -fstrict-aliasing -Wdeprecated-declarations -Winvalid-offsetof -Wno-sign-conversion -Winfinite-recursion -Wmove -Wcomma -Wblock-capture-autoreleasing -Wstrict-prototypes -Wrange-loop-analysis -Wno-semicolon-before-method-body -Wunguarded-availability -index-store-path /Users/jonahmicahinguito/Library/Developer/Xcode/DerivedData/rotaractconnect-cjwcbdlngckcsaantafkjnfzfbdk/Index.noindex/DataStore @/Users/jonahmicahinguito/Library/Developer/Xcode/DerivedData/rotaractconnect-cjwcbdlngckcsaantafkjnfzfbdk/Build/Intermediates.noindex/Pods.build/Debug-iphoneos/React-Fabric.build/Objects-normal/arm64/82b82416624d2658e5098eb0a28c15c5-common-args.resp -include /Users/jonahmicahinguito/dev/rotaract-connect/ios/Pods/Target\ Support\ Files/React-Fabric/React-Fabric-prefix.pch -MMD -MT dependencies -MF /Users/jonahmicahinguito/Library/Developer/Xcode/DerivedData/rotaractconnect-cjwcbdlngckcsaantafkjnfzfbdk/Build/Intermediates.noindex/Pods.build/Debug-iphoneos/React-Fabric.build/Objects-normal/arm64/SpringAnimationDriver.d --serialize-diagnostics /Users/jonahmicahinguito/Library/Developer/Xcode/DerivedData/rotaractconnect-cjwcbdlngckcsaantafkjnfzfbdk/Build/Intermediates.noindex/Pods.build/Debug-iphoneos/React-Fabric.build/Objects-normal/arm64/SpringAnimationDriver.dia -c /Users/jonahmicahinguito/dev/rotaract-connect/node_modules/react-native/ReactCommon/react/renderer/animated/drivers/SpringAnimationDriver.cpp -o /Users/jonahmicahinguito/Library/Developer/Xcode/DerivedData/rotaractconnect-cjwcbdlngckcsaantafkjnfzfbdk/Build/Intermediates.noindex/Pods.build/Debug-iphoneos/React-Fabric.build/Objects-normal/arm64/SpringAnimationDriver.o -index-unit-output-path /Pods.build/Debug-iphoneos/React-Fabric.build/Objects-normal/arm64/SpringAnimationDriver.o

In file included from /Users/jonahmicahinguito/dev/rotaract-connect/node_modules/react-native/ReactCommon/react/renderer/animated/drivers/SpringAnimationDriver.cpp:12:
In file included from /Users/jonahmicahinguito/dev/rotaract-connect/node_modules/react-native/ReactCommon/react/renderer/animated/drivers/SpringAnimationDriver.h:14:
In file included from /Users/jonahmicahinguito/dev/rotaract-connect/node_modules/react-native/ReactCommon/react/renderer/animated/drivers/AnimationDriver.h:15:
In file included from /Users/jonahmicahinguito/dev/rotaract-connect/ios/Pods/Headers/Private/React-Fabric/react/renderer/animated/NativeAnimatedNodesManager.h:21:
In file included from /Users/jonahmicahinguito/dev/rotaract-connect/ios/Pods/Headers/Private/React-Fabric/react/renderer/animationbackend/AnimationBackend.h:12:
In file included from /Users/jonahmicahinguito/dev/rotaract-connect/ios/Pods/Headers/Private/React-Fabric/react/renderer/uimanager/UIManager.h:23:
In file included from /Users/jonahmicahinguito/dev/rotaract-connect/ios/Pods/Headers/Private/React-Fabric/react/renderer/mounting/ShadowTree.h:18:
In file included from /Users/jonahmicahinguito/dev/rotaract-connect/ios/Pods/Headers/Private/React-Fabric/react/renderer/mounting/MountingCoordinator.h:15:
In file included from /Users/jonahmicahinguito/dev/rotaract-connect/ios/Pods/Headers/Private/React-Fabric/react/renderer/mounting/Differentiator.h:11:
/Users/jonahmicahinguito/dev/rotaract-connect/ios/Pods/Headers/Private/React-Fabric/react/renderer/mounting/ShadowViewMutation.h:46:7: warning: declaration is marked with '@deprecated' command but does not have a deprecation attribute [-Wdocumentation-deprecated-sync]
   46 |    * @deprecated Pass parentTag instead of parentShadowView.
      |      ~^~~~~~~~~~~~~~~~~~~~~~~~~~~~~~~~~~~~~~~~~~~~~~~~~~~~~~
/Users/jonahmicahinguito/dev/rotaract-connect/ios/Pods/Headers/Private/React-Fabric/react/renderer/mounting/ShadowViewMutation.h:48:3: note: add a deprecation attribute to the declaration to silence this warning
   48 |   static ShadowViewMutation InsertMutation(const ShadowView &parentShadowView, ShadowView childShadowView, int index)
      |   ^
      |   FMT_DEPRECATED 
/Users/jonahmicahinguito/dev/rotaract-connect/ios/Pods/Headers/Private/React-Fabric/react/renderer/mounting/ShadowViewMutation.h:60:7: warning: declaration is marked with '@deprecated' command but does not have a deprecation attribute [-Wdocumentation-deprecated-sync]
   60 |    * @deprecated Pass parentTag instead of parentShadowView.
      |      ~^~~~~~~~~~~~~~~~~~~~~~~~~~~~~~~~~~~~~~~~~~~~~~~~~~~~~~
/Users/jonahmicahinguito/dev/rotaract-connect/ios/Pods/Headers/Private/React-Fabric/react/renderer/mounting/ShadowViewMutation.h:62:3: note: add a deprecation attribute to the declaration to silence this warning
   62 |   static ShadowViewMutation RemoveMutation(const ShadowView &parentShadowView, ShadowView childShadowView, int index)
      |   ^
      |   FMT_DEPRECATED 
/Users/jonahmicahinguito/dev/rotaract-connect/ios/Pods/Headers/Private/React-Fabric/react/renderer/mounting/ShadowViewMutation.h:74:7: warning: declaration is marked with '@deprecated' command but does not have a deprecation attribute [-Wdocumentation-deprecated-sync]
   74 |    * @deprecated Pass parentTag instead of parentShadowView.
      |      ~^~~~~~~~~~~~~~~~~~~~~~~~~~~~~~~~~~~~~~~~~~~~~~~~~~~~~~
/Users/jonahmicahinguito/dev/rotaract-connect/ios/Pods/Headers/Private/React-Fabric/react/renderer/mounting/ShadowViewMutation.h:76:3: note: add a deprecation attribute to the declaration to silence this warning
   76 |   static ShadowViewMutation
      |   ^
      |   FMT_DEPRECATED 
3 warnings generated.

/Users/jonahmicahinguito/dev/rotaract-connect/ios/Pods/Headers/Private/React-Fabric/react/renderer/mounting/ShadowViewMutation.h:46:7: Declaration is marked with '@deprecated' command but does not have a deprecation attribute

/Users/jonahmicahinguito/dev/rotaract-connect/ios/Pods/Headers/Private/React-Fabric/react/renderer/mounting/ShadowViewMutation.h:60:7: Declaration is marked with '@deprecated' command but does not have a deprecation attribute

/Users/jonahmicahinguito/dev/rotaract-connect/ios/Pods/Headers/Private/React-Fabric/react/renderer/mounting/ShadowViewMutation.h:74:7: Declaration is marked with '@deprecated' command but does not have a deprecation attribute

CompileC /Users/jonahmicahinguito/Library/Developer/Xcode/DerivedData/rotaractconnect-cjwcbdlngckcsaantafkjnfzfbdk/Build/Intermediates.noindex/Pods.build/Debug-iphoneos/React-Fabric.build/Objects-normal/arm64/ShadowViewMutation.o /Users/jonahmicahinguito/dev/rotaract-connect/node_modules/react-native/ReactCommon/react/renderer/mounting/ShadowViewMutation.cpp normal arm64 c++ com.apple.compilers.llvm.clang.1_0.compiler (in target 'React-Fabric' from project 'Pods')
    cd /Users/jonahmicahinguito/dev/rotaract-connect/ios/Pods
    
    Using response file: /Users/jonahmicahinguito/Library/Developer/Xcode/DerivedData/rotaractconnect-cjwcbdlngckcsaantafkjnfzfbdk/Build/Intermediates.noindex/Pods.build/Debug-iphoneos/React-Fabric.build/Objects-normal/arm64/82b82416624d2658e5098eb0a28c15c5-common-args.resp
    
    /Applications/Xcode.app/Contents/Developer/Toolchains/XcodeDefault.xctoolchain/usr/bin/clang -x c++ -ivfsstatcache /Users/jonahmicahinguito/Library/Developer/Xcode/DerivedData/SDKStatCaches.noindex/iphoneos26.5-23F81a-32daed1954a7d5dd0789fcaf2a9bb78b.sdkstatcache -target arm64-apple-ios15.1 -fmessage-length\=0 -fdiagnostics-show-note-include-stack -fmacro-backtrace-limit\=0 -fno-color-diagnostics -fmodules-prune-interval\=86400 -fmodules-prune-after\=345600 -fbuild-session-file\=/Users/jonahmicahinguito/Library/Developer/Xcode/DerivedData/ModuleCache.noindex/Session.modulevalidation -fmodules-validate-once-per-build-session -Wnon-modular-include-in-framework-module -Werror\=non-modular-include-in-framework-module -Wno-trigraphs -Wno-missing-field-initializers -Wno-missing-prototypes -Werror\=return-type -Wdocumentation -Wunreachable-code -Werror\=deprecated-objc-isa-usage -Werror\=objc-root-class -Wno-non-virtual-dtor -Wno-overloaded-virtual -Wno-exit-time-destructors -Wno-missing-braces -Wparentheses -Wswitch -Wunused-function -Wno-unused-label -Wno-unused-parameter -Wunused-variable -Wunused-value -Wempty-body -Wuninitialized -Wconditional-uninitialized -Wno-unknown-pragmas -Wno-shadow -Wno-four-char-constants -Wno-conversion -Wconstant-conversion -Wint-conversion -Wbool-conversion -Wenum-conversion -Wno-float-conversion -Wnon-literal-null-conversion -Wobjc-literal-conversion -Wshorten-64-to-32 -Wno-newline-eof -Wno-c++11-extensions -Wno-implicit-fallthrough -isysroot /Applications/Xcode.app/Contents/Developer/Platforms/iPhoneOS.platform/Developer/SDKs/iPhoneOS26.5.sdk -fstrict-aliasing -Wdeprecated-declarations -Winvalid-offsetof -Wno-sign-conversion -Winfinite-recursion -Wmove -Wcomma -Wblock-capture-autoreleasing -Wstrict-prototypes -Wrange-loop-analysis -Wno-semicolon-before-method-body -Wunguarded-availability -index-store-path /Users/jonahmicahinguito/Library/Developer/Xcode/DerivedData/rotaractconnect-cjwcbdlngckcsaantafkjnfzfbdk/Index.noindex/DataStore @/Users/jonahmicahinguito/Library/Developer/Xcode/DerivedData/rotaractconnect-cjwcbdlngckcsaantafkjnfzfbdk/Build/Intermediates.noindex/Pods.build/Debug-iphoneos/React-Fabric.build/Objects-normal/arm64/82b82416624d2658e5098eb0a28c15c5-common-args.resp -include /Users/jonahmicahinguito/dev/rotaract-connect/ios/Pods/Target\ Support\ Files/React-Fabric/React-Fabric-prefix.pch -MMD -MT dependencies -MF /Users/jonahmicahinguito/Library/Developer/Xcode/DerivedData/rotaractconnect-cjwcbdlngckcsaantafkjnfzfbdk/Build/Intermediates.noindex/Pods.build/Debug-iphoneos/React-Fabric.build/Objects-normal/arm64/ShadowViewMutation.d --serialize-diagnostics /Users/jonahmicahinguito/Library/Developer/Xcode/DerivedData/rotaractconnect-cjwcbdlngckcsaantafkjnfzfbdk/Build/Intermediates.noindex/Pods.build/Debug-iphoneos/React-Fabric.build/Objects-normal/arm64/ShadowViewMutation.dia -c /Users/jonahmicahinguito/dev/rotaract-connect/node_modules/react-native/ReactCommon/react/renderer/mounting/ShadowViewMutation.cpp -o /Users/jonahmicahinguito/Library/Developer/Xcode/DerivedData/rotaractconnect-cjwcbdlngckcsaantafkjnfzfbdk/Build/Intermediates.noindex/Pods.build/Debug-iphoneos/React-Fabric.build/Objects-normal/arm64/ShadowViewMutation.o -index-unit-output-path /Pods.build/Debug-iphoneos/React-Fabric.build/Objects-normal/arm64/ShadowViewMutation.o

In file included from /Users/jonahmicahinguito/dev/rotaract-connect/node_modules/react-native/ReactCommon/react/renderer/mounting/ShadowViewMutation.cpp:8:
/Users/jonahmicahinguito/dev/rotaract-connect/node_modules/react-native/ReactCommon/react/renderer/mounting/ShadowViewMutation.h:46:7: warning: declaration is marked with '@deprecated' command but does not have a deprecation attribute [-Wdocumentation-deprecated-sync]
   46 |    * @deprecated Pass parentTag instead of parentShadowView.
      |      ~^~~~~~~~~~~~~~~~~~~~~~~~~~~~~~~~~~~~~~~~~~~~~~~~~~~~~~
/Users/jonahmicahinguito/dev/rotaract-connect/node_modules/react-native/ReactCommon/react/renderer/mounting/ShadowViewMutation.h:48:3: note: add a deprecation attribute to the declaration to silence this warning
   48 |   static ShadowViewMutation InsertMutation(const ShadowView &parentShadowView, ShadowView childShadowView, int index)
      |   ^
      |   FMT_DEPRECATED 
/Users/jonahmicahinguito/dev/rotaract-connect/node_modules/react-native/ReactCommon/react/renderer/mounting/ShadowViewMutation.h:60:7: warning: declaration is marked with '@deprecated' command but does not have a deprecation attribute [-Wdocumentation-deprecated-sync]
   60 |    * @deprecated Pass parentTag instead of parentShadowView.
      |      ~^~~~~~~~~~~~~~~~~~~~~~~~~~~~~~~~~~~~~~~~~~~~~~~~~~~~~~
/Users/jonahmicahinguito/dev/rotaract-connect/node_modules/react-native/ReactCommon/react/renderer/mounting/ShadowViewMutation.h:62:3: note: add a deprecation attribute to the declaration to silence this warning
   62 |   static ShadowViewMutation RemoveMutation(const ShadowView &parentShadowView, ShadowView childShadowView, int index)
      |   ^
      |   FMT_DEPRECATED 
/Users/jonahmicahinguito/dev/rotaract-connect/node_modules/react-native/ReactCommon/react/renderer/mounting/ShadowViewMutation.h:74:7: warning: declaration is marked with '@deprecated' command but does not have a deprecation attribute [-Wdocumentation-deprecated-sync]
   74 |    * @deprecated Pass parentTag instead of parentShadowView.
      |      ~^~~~~~~~~~~~~~~~~~~~~~~~~~~~~~~~~~~~~~~~~~~~~~~~~~~~~~
/Users/jonahmicahinguito/dev/rotaract-connect/node_modules/react-native/ReactCommon/react/renderer/mounting/ShadowViewMutation.h:76:3: note: add a deprecation attribute to the declaration to silence this warning
   76 |   static ShadowViewMutation
      |   ^
      |   FMT_DEPRECATED 
3 warnings generated.

/Users/jonahmicahinguito/dev/rotaract-connect/node_modules/react-native/ReactCommon/react/renderer/mounting/ShadowViewMutation.h:46:7: Declaration is marked with '@deprecated' command but does not have a deprecation attribute

/Users/jonahmicahinguito/dev/rotaract-connect/node_modules/react-native/ReactCommon/react/renderer/mounting/ShadowViewMutation.h:60:7: Declaration is marked with '@deprecated' command but does not have a deprecation attribute

/Users/jonahmicahinguito/dev/rotaract-connect/node_modules/react-native/ReactCommon/react/renderer/mounting/ShadowViewMutation.h:74:7: Declaration is marked with '@deprecated' command but does not have a deprecation attribute

CompileC /Users/jonahmicahinguito/Library/Developer/Xcode/DerivedData/rotaractconnect-cjwcbdlngckcsaantafkjnfzfbdk/Build/Intermediates.noindex/Pods.build/Debug-iphoneos/React-Fabric.build/Objects-normal/arm64/ShadowTreeRevision.o /Users/jonahmicahinguito/dev/rotaract-connect/node_modules/react-native/ReactCommon/react/renderer/mounting/ShadowTreeRevision.cpp normal arm64 c++ com.apple.compilers.llvm.clang.1_0.compiler (in target 'React-Fabric' from project 'Pods')
    cd /Users/jonahmicahinguito/dev/rotaract-connect/ios/Pods
    
    Using response file: /Users/jonahmicahinguito/Library/Developer/Xcode/DerivedData/rotaractconnect-cjwcbdlngckcsaantafkjnfzfbdk/Build/Intermediates.noindex/Pods.build/Debug-iphoneos/React-Fabric.build/Objects-normal/arm64/82b82416624d2658e5098eb0a28c15c5-common-args.resp
    
    /Applications/Xcode.app/Contents/Developer/Toolchains/XcodeDefault.xctoolchain/usr/bin/clang -x c++ -ivfsstatcache /Users/jonahmicahinguito/Library/Developer/Xcode/DerivedData/SDKStatCaches.noindex/iphoneos26.5-23F81a-32daed1954a7d5dd0789fcaf2a9bb78b.sdkstatcache -target arm64-apple-ios15.1 -fmessage-length\=0 -fdiagnostics-show-note-include-stack -fmacro-backtrace-limit\=0 -fno-color-diagnostics -fmodules-prune-interval\=86400 -fmodules-prune-after\=345600 -fbuild-session-file\=/Users/jonahmicahinguito/Library/Developer/Xcode/DerivedData/ModuleCache.noindex/Session.modulevalidation -fmodules-validate-once-per-build-session -Wnon-modular-include-in-framework-module -Werror\=non-modular-include-in-framework-module -Wno-trigraphs -Wno-missing-field-initializers -Wno-missing-prototypes -Werror\=return-type -Wdocumentation -Wunreachable-code -Werror\=deprecated-objc-isa-usage -Werror\=objc-root-class -Wno-non-virtual-dtor -Wno-overloaded-virtual -Wno-exit-time-destructors -Wno-missing-braces -Wparentheses -Wswitch -Wunused-function -Wno-unused-label -Wno-unused-parameter -Wunused-variable -Wunused-value -Wempty-body -Wuninitialized -Wconditional-uninitialized -Wno-unknown-pragmas -Wno-shadow -Wno-four-char-constants -Wno-conversion -Wconstant-conversion -Wint-conversion -Wbool-conversion -Wenum-conversion -Wno-float-conversion -Wnon-literal-null-conversion -Wobjc-literal-conversion -Wshorten-64-to-32 -Wno-newline-eof -Wno-c++11-extensions -Wno-implicit-fallthrough -isysroot /Applications/Xcode.app/Contents/Developer/Platforms/iPhoneOS.platform/Developer/SDKs/iPhoneOS26.5.sdk -fstrict-aliasing -Wdeprecated-declarations -Winvalid-offsetof -Wno-sign-conversion -Winfinite-recursion -Wmove -Wcomma -Wblock-capture-autoreleasing -Wstrict-prototypes -Wrange-loop-analysis -Wno-semicolon-before-method-body -Wunguarded-availability -index-store-path /Users/jonahmicahinguito/Library/Developer/Xcode/DerivedData/rotaractconnect-cjwcbdlngckcsaantafkjnfzfbdk/Index.noindex/DataStore @/Users/jonahmicahinguito/Library/Developer/Xcode/DerivedData/rotaractconnect-cjwcbdlngckcsaantafkjnfzfbdk/Build/Intermediates.noindex/Pods.build/Debug-iphoneos/React-Fabric.build/Objects-normal/arm64/82b82416624d2658e5098eb0a28c15c5-common-args.resp -include /Users/jonahmicahinguito/dev/rotaract-connect/ios/Pods/Target\ Support\ Files/React-Fabric/React-Fabric-prefix.pch -MMD -MT dependencies -MF /Users/jonahmicahinguito/Library/Developer/Xcode/DerivedData/rotaractconnect-cjwcbdlngckcsaantafkjnfzfbdk/Build/Intermediates.noindex/Pods.build/Debug-iphoneos/React-Fabric.build/Objects-normal/arm64/ShadowTreeRevision.d --serialize-diagnostics /Users/jonahmicahinguito/Library/Developer/Xcode/DerivedData/rotaractconnect-cjwcbdlngckcsaantafkjnfzfbdk/Build/Intermediates.noindex/Pods.build/Debug-iphoneos/React-Fabric.build/Objects-normal/arm64/ShadowTreeRevision.dia -c /Users/jonahmicahinguito/dev/rotaract-connect/node_modules/react-native/ReactCommon/react/renderer/mounting/ShadowTreeRevision.cpp -o /Users/jonahmicahinguito/Library/Developer/Xcode/DerivedData/rotaractconnect-cjwcbdlngckcsaantafkjnfzfbdk/Build/Intermediates.noindex/Pods.build/Debug-iphoneos/React-Fabric.build/Objects-normal/arm64/ShadowTreeRevision.o -index-unit-output-path /Pods.build/Debug-iphoneos/React-Fabric.build/Objects-normal/arm64/ShadowTreeRevision.o

In file included from /Users/jonahmicahinguito/dev/rotaract-connect/node_modules/react-native/ReactCommon/react/renderer/mounting/ShadowTreeRevision.cpp:8:
In file included from /Users/jonahmicahinguito/dev/rotaract-connect/node_modules/react-native/ReactCommon/react/renderer/mounting/ShadowTreeRevision.h:11:
In file included from /Users/jonahmicahinguito/dev/rotaract-connect/ios/Pods/Headers/Private/React-Fabric/react/renderer/mounting/MountingOverrideDelegate.h:8:
In file included from /Users/jonahmicahinguito/dev/rotaract-connect/ios/Pods/Headers/Private/React-Fabric/react/renderer/mounting/MountingTransaction.h:10:
/Users/jonahmicahinguito/dev/rotaract-connect/ios/Pods/Headers/Private/React-Fabric/react/renderer/mounting/ShadowViewMutation.h:46:7: warning: declaration is marked with '@deprecated' command but does not have a deprecation attribute [-Wdocumentation-deprecated-sync]
   46 |    * @deprecated Pass parentTag instead of parentShadowView.
      |      ~^~~~~~~~~~~~~~~~~~~~~~~~~~~~~~~~~~~~~~~~~~~~~~~~~~~~~~
/Users/jonahmicahinguito/dev/rotaract-connect/ios/Pods/Headers/Private/React-Fabric/react/renderer/mounting/ShadowViewMutation.h:48:3: note: add a deprecation attribute to the declaration to silence this warning
   48 |   static ShadowViewMutation InsertMutation(const ShadowView &parentShadowView, ShadowView childShadowView, int index)
      |   ^
      |   FMT_DEPRECATED 
/Users/jonahmicahinguito/dev/rotaract-connect/ios/Pods/Headers/Private/React-Fabric/react/renderer/mounting/ShadowViewMutation.h:60:7: warning: declaration is marked with '@deprecated' command but does not have a deprecation attribute [-Wdocumentation-deprecated-sync]
   60 |    * @deprecated Pass parentTag instead of parentShadowView.
      |      ~^~~~~~~~~~~~~~~~~~~~~~~~~~~~~~~~~~~~~~~~~~~~~~~~~~~~~~
/Users/jonahmicahinguito/dev/rotaract-connect/ios/Pods/Headers/Private/React-Fabric/react/renderer/mounting/ShadowViewMutation.h:62:3: note: add a deprecation attribute to the declaration to silence this warning
   62 |   static ShadowViewMutation RemoveMutation(const ShadowView &parentShadowView, ShadowView childShadowView, int index)
      |   ^
      |   FMT_DEPRECATED 
/Users/jonahmicahinguito/dev/rotaract-connect/ios/Pods/Headers/Private/React-Fabric/react/renderer/mounting/ShadowViewMutation.h:74:7: warning: declaration is marked with '@deprecated' command but does not have a deprecation attribute [-Wdocumentation-deprecated-sync]
   74 |    * @deprecated Pass parentTag instead of parentShadowView.
      |      ~^~~~~~~~~~~~~~~~~~~~~~~~~~~~~~~~~~~~~~~~~~~~~~~~~~~~~~
/Users/jonahmicahinguito/dev/rotaract-connect/ios/Pods/Headers/Private/React-Fabric/react/renderer/mounting/ShadowViewMutation.h:76:3: note: add a deprecation attribute to the declaration to silence this warning
   76 |   static ShadowViewMutation
      |   ^
      |   FMT_DEPRECATED 
3 warnings generated.

/Users/jonahmicahinguito/dev/rotaract-connect/ios/Pods/Headers/Private/React-Fabric/react/renderer/mounting/ShadowViewMutation.h:46:7: Declaration is marked with '@deprecated' command but does not have a deprecation attribute

/Users/jonahmicahinguito/dev/rotaract-connect/ios/Pods/Headers/Private/React-Fabric/react/renderer/mounting/ShadowViewMutation.h:60:7: Declaration is marked with '@deprecated' command but does not have a deprecation attribute

/Users/jonahmicahinguito/dev/rotaract-connect/ios/Pods/Headers/Private/React-Fabric/react/renderer/mounting/ShadowViewMutation.h:74:7: Declaration is marked with '@deprecated' command but does not have a deprecation attribute

CompileC /Users/jonahmicahinguito/Library/Developer/Xcode/DerivedData/rotaractconnect-cjwcbdlngckcsaantafkjnfzfbdk/Build/Intermediates.noindex/Pods.build/Debug-iphoneos/React-Fabric.build/Objects-normal/arm64/ShadowTreeRegistry.o /Users/jonahmicahinguito/dev/rotaract-connect/node_modules/react-native/ReactCommon/react/renderer/mounting/ShadowTreeRegistry.cpp normal arm64 c++ com.apple.compilers.llvm.clang.1_0.compiler (in target 'React-Fabric' from project 'Pods')
    cd /Users/jonahmicahinguito/dev/rotaract-connect/ios/Pods
    
    Using response file: /Users/jonahmicahinguito/Library/Developer/Xcode/DerivedData/rotaractconnect-cjwcbdlngckcsaantafkjnfzfbdk/Build/Intermediates.noindex/Pods.build/Debug-iphoneos/React-Fabric.build/Objects-normal/arm64/82b82416624d2658e5098eb0a28c15c5-common-args.resp
    
    /Applications/Xcode.app/Contents/Developer/Toolchains/XcodeDefault.xctoolchain/usr/bin/clang -x c++ -ivfsstatcache /Users/jonahmicahinguito/Library/Developer/Xcode/DerivedData/SDKStatCaches.noindex/iphoneos26.5-23F81a-32daed1954a7d5dd0789fcaf2a9bb78b.sdkstatcache -target arm64-apple-ios15.1 -fmessage-length\=0 -fdiagnostics-show-note-include-stack -fmacro-backtrace-limit\=0 -fno-color-diagnostics -fmodules-prune-interval\=86400 -fmodules-prune-after\=345600 -fbuild-session-file\=/Users/jonahmicahinguito/Library/Developer/Xcode/DerivedData/ModuleCache.noindex/Session.modulevalidation -fmodules-validate-once-per-build-session -Wnon-modular-include-in-framework-module -Werror\=non-modular-include-in-framework-module -Wno-trigraphs -Wno-missing-field-initializers -Wno-missing-prototypes -Werror\=return-type -Wdocumentation -Wunreachable-code -Werror\=deprecated-objc-isa-usage -Werror\=objc-root-class -Wno-non-virtual-dtor -Wno-overloaded-virtual -Wno-exit-time-destructors -Wno-missing-braces -Wparentheses -Wswitch -Wunused-function -Wno-unused-label -Wno-unused-parameter -Wunused-variable -Wunused-value -Wempty-body -Wuninitialized -Wconditional-uninitialized -Wno-unknown-pragmas -Wno-shadow -Wno-four-char-constants -Wno-conversion -Wconstant-conversion -Wint-conversion -Wbool-conversion -Wenum-conversion -Wno-float-conversion -Wnon-literal-null-conversion -Wobjc-literal-conversion -Wshorten-64-to-32 -Wno-newline-eof -Wno-c++11-extensions -Wno-implicit-fallthrough -isysroot /Applications/Xcode.app/Contents/Developer/Platforms/iPhoneOS.platform/Developer/SDKs/iPhoneOS26.5.sdk -fstrict-aliasing -Wdeprecated-declarations -Winvalid-offsetof -Wno-sign-conversion -Winfinite-recursion -Wmove -Wcomma -Wblock-capture-autoreleasing -Wstrict-prototypes -Wrange-loop-analysis -Wno-semicolon-before-method-body -Wunguarded-availability -index-store-path /Users/jonahmicahinguito/Library/Developer/Xcode/DerivedData/rotaractconnect-cjwcbdlngckcsaantafkjnfzfbdk/Index.noindex/DataStore @/Users/jonahmicahinguito/Library/Developer/Xcode/DerivedData/rotaractconnect-cjwcbdlngckcsaantafkjnfzfbdk/Build/Intermediates.noindex/Pods.build/Debug-iphoneos/React-Fabric.build/Objects-normal/arm64/82b82416624d2658e5098eb0a28c15c5-common-args.resp -include /Users/jonahmicahinguito/dev/rotaract-connect/ios/Pods/Target\ Support\ Files/React-Fabric/React-Fabric-prefix.pch -MMD -MT dependencies -MF /Users/jonahmicahinguito/Library/Developer/Xcode/DerivedData/rotaractconnect-cjwcbdlngckcsaantafkjnfzfbdk/Build/Intermediates.noindex/Pods.build/Debug-iphoneos/React-Fabric.build/Objects-normal/arm64/ShadowTreeRegistry.d --serialize-diagnostics /Users/jonahmicahinguito/Library/Developer/Xcode/DerivedData/rotaractconnect-cjwcbdlngckcsaantafkjnfzfbdk/Build/Intermediates.noindex/Pods.build/Debug-iphoneos/React-Fabric.build/Objects-normal/arm64/ShadowTreeRegistry.dia -c /Users/jonahmicahinguito/dev/rotaract-connect/node_modules/react-native/ReactCommon/react/renderer/mounting/ShadowTreeRegistry.cpp -o /Users/jonahmicahinguito/Library/Developer/Xcode/DerivedData/rotaractconnect-cjwcbdlngckcsaantafkjnfzfbdk/Build/Intermediates.noindex/Pods.build/Debug-iphoneos/React-Fabric.build/Objects-normal/arm64/ShadowTreeRegistry.o -index-unit-output-path /Pods.build/Debug-iphoneos/React-Fabric.build/Objects-normal/arm64/ShadowTreeRegistry.o

In file included from /Users/jonahmicahinguito/dev/rotaract-connect/node_modules/react-native/ReactCommon/react/renderer/mounting/ShadowTreeRegistry.cpp:8:
In file included from /Users/jonahmicahinguito/dev/rotaract-connect/node_modules/react-native/ReactCommon/react/renderer/mounting/ShadowTreeRegistry.h:14:
In file included from /Users/jonahmicahinguito/dev/rotaract-connect/ios/Pods/Headers/Private/React-Fabric/react/renderer/mounting/ShadowTree.h:18:
In file included from /Users/jonahmicahinguito/dev/rotaract-connect/ios/Pods/Headers/Private/React-Fabric/react/renderer/mounting/MountingCoordinator.h:15:
In file included from /Users/jonahmicahinguito/dev/rotaract-connect/ios/Pods/Headers/Private/React-Fabric/react/renderer/mounting/Differentiator.h:11:
/Users/jonahmicahinguito/dev/rotaract-connect/ios/Pods/Headers/Private/React-Fabric/react/renderer/mounting/ShadowViewMutation.h:46:7: warning: declaration is marked with '@deprecated' command but does not have a deprecation attribute [-Wdocumentation-deprecated-sync]
   46 |    * @deprecated Pass parentTag instead of parentShadowView.
      |      ~^~~~~~~~~~~~~~~~~~~~~~~~~~~~~~~~~~~~~~~~~~~~~~~~~~~~~~
/Users/jonahmicahinguito/dev/rotaract-connect/ios/Pods/Headers/Private/React-Fabric/react/renderer/mounting/ShadowViewMutation.h:48:3: note: add a deprecation attribute to the declaration to silence this warning
   48 |   static ShadowViewMutation InsertMutation(const ShadowView &parentShadowView, ShadowView childShadowView, int index)
      |   ^
      |   FMT_DEPRECATED 
/Users/jonahmicahinguito/dev/rotaract-connect/ios/Pods/Headers/Private/React-Fabric/react/renderer/mounting/ShadowViewMutation.h:60:7: warning: declaration is marked with '@deprecated' command but does not have a deprecation attribute [-Wdocumentation-deprecated-sync]
   60 |    * @deprecated Pass parentTag instead of parentShadowView.
      |      ~^~~~~~~~~~~~~~~~~~~~~~~~~~~~~~~~~~~~~~~~~~~~~~~~~~~~~~
/Users/jonahmicahinguito/dev/rotaract-connect/ios/Pods/Headers/Private/React-Fabric/react/renderer/mounting/ShadowViewMutation.h:62:3: note: add a deprecation attribute to the declaration to silence this warning
   62 |   static ShadowViewMutation RemoveMutation(const ShadowView &parentShadowView, ShadowView childShadowView, int index)
      |   ^
      |   FMT_DEPRECATED 
/Users/jonahmicahinguito/dev/rotaract-connect/ios/Pods/Headers/Private/React-Fabric/react/renderer/mounting/ShadowViewMutation.h:74:7: warning: declaration is marked with '@deprecated' command but does not have a deprecation attribute [-Wdocumentation-deprecated-sync]
   74 |    * @deprecated Pass parentTag instead of parentShadowView.
      |      ~^~~~~~~~~~~~~~~~~~~~~~~~~~~~~~~~~~~~~~~~~~~~~~~~~~~~~~
/Users/jonahmicahinguito/dev/rotaract-connect/ios/Pods/Headers/Private/React-Fabric/react/renderer/mounting/ShadowViewMutation.h:76:3: note: add a deprecation attribute to the declaration to silence this warning
   76 |   static ShadowViewMutation
      |   ^
      |   FMT_DEPRECATED 
3 warnings generated.

/Users/jonahmicahinguito/dev/rotaract-connect/ios/Pods/Headers/Private/React-Fabric/react/renderer/mounting/ShadowViewMutation.h:46:7: Declaration is marked with '@deprecated' command but does not have a deprecation attribute

/Users/jonahmicahinguito/dev/rotaract-connect/ios/Pods/Headers/Private/React-Fabric/react/renderer/mounting/ShadowViewMutation.h:60:7: Declaration is marked with '@deprecated' command but does not have a deprecation attribute

/Users/jonahmicahinguito/dev/rotaract-connect/ios/Pods/Headers/Private/React-Fabric/react/renderer/mounting/ShadowViewMutation.h:74:7: Declaration is marked with '@deprecated' command but does not have a deprecation attribute

CompileC /Users/jonahmicahinguito/Library/Developer/Xcode/DerivedData/rotaractconnect-cjwcbdlngckcsaantafkjnfzfbdk/Build/Intermediates.noindex/Pods.build/Debug-iphoneos/React-Fabric.build/Objects-normal/arm64/ShadowTree.o /Users/jonahmicahinguito/dev/rotaract-connect/node_modules/react-native/ReactCommon/react/renderer/mounting/ShadowTree.cpp normal arm64 c++ com.apple.compilers.llvm.clang.1_0.compiler (in target 'React-Fabric' from project 'Pods')
    cd /Users/jonahmicahinguito/dev/rotaract-connect/ios/Pods
    
    Using response file: /Users/jonahmicahinguito/Library/Developer/Xcode/DerivedData/rotaractconnect-cjwcbdlngckcsaantafkjnfzfbdk/Build/Intermediates.noindex/Pods.build/Debug-iphoneos/React-Fabric.build/Objects-normal/arm64/82b82416624d2658e5098eb0a28c15c5-common-args.resp
    
    /Applications/Xcode.app/Contents/Developer/Toolchains/XcodeDefault.xctoolchain/usr/bin/clang -x c++ -ivfsstatcache /Users/jonahmicahinguito/Library/Developer/Xcode/DerivedData/SDKStatCaches.noindex/iphoneos26.5-23F81a-32daed1954a7d5dd0789fcaf2a9bb78b.sdkstatcache -target arm64-apple-ios15.1 -fmessage-length\=0 -fdiagnostics-show-note-include-stack -fmacro-backtrace-limit\=0 -fno-color-diagnostics -fmodules-prune-interval\=86400 -fmodules-prune-after\=345600 -fbuild-session-file\=/Users/jonahmicahinguito/Library/Developer/Xcode/DerivedData/ModuleCache.noindex/Session.modulevalidation -fmodules-validate-once-per-build-session -Wnon-modular-include-in-framework-module -Werror\=non-modular-include-in-framework-module -Wno-trigraphs -Wno-missing-field-initializers -Wno-missing-prototypes -Werror\=return-type -Wdocumentation -Wunreachable-code -Werror\=deprecated-objc-isa-usage -Werror\=objc-root-class -Wno-non-virtual-dtor -Wno-overloaded-virtual -Wno-exit-time-destructors -Wno-missing-braces -Wparentheses -Wswitch -Wunused-function -Wno-unused-label -Wno-unused-parameter -Wunused-variable -Wunused-value -Wempty-body -Wuninitialized -Wconditional-uninitialized -Wno-unknown-pragmas -Wno-shadow -Wno-four-char-constants -Wno-conversion -Wconstant-conversion -Wint-conversion -Wbool-conversion -Wenum-conversion -Wno-float-conversion -Wnon-literal-null-conversion -Wobjc-literal-conversion -Wshorten-64-to-32 -Wno-newline-eof -Wno-c++11-extensions -Wno-implicit-fallthrough -isysroot /Applications/Xcode.app/Contents/Developer/Platforms/iPhoneOS.platform/Developer/SDKs/iPhoneOS26.5.sdk -fstrict-aliasing -Wdeprecated-declarations -Winvalid-offsetof -Wno-sign-conversion -Winfinite-recursion -Wmove -Wcomma -Wblock-capture-autoreleasing -Wstrict-prototypes -Wrange-loop-analysis -Wno-semicolon-before-method-body -Wunguarded-availability -index-store-path /Users/jonahmicahinguito/Library/Developer/Xcode/DerivedData/rotaractconnect-cjwcbdlngckcsaantafkjnfzfbdk/Index.noindex/DataStore @/Users/jonahmicahinguito/Library/Developer/Xcode/DerivedData/rotaractconnect-cjwcbdlngckcsaantafkjnfzfbdk/Build/Intermediates.noindex/Pods.build/Debug-iphoneos/React-Fabric.build/Objects-normal/arm64/82b82416624d2658e5098eb0a28c15c5-common-args.resp -include /Users/jonahmicahinguito/dev/rotaract-connect/ios/Pods/Target\ Support\ Files/React-Fabric/React-Fabric-prefix.pch -MMD -MT dependencies -MF /Users/jonahmicahinguito/Library/Developer/Xcode/DerivedData/rotaractconnect-cjwcbdlngckcsaantafkjnfzfbdk/Build/Intermediates.noindex/Pods.build/Debug-iphoneos/React-Fabric.build/Objects-normal/arm64/ShadowTree.d --serialize-diagnostics /Users/jonahmicahinguito/Library/Developer/Xcode/DerivedData/rotaractconnect-cjwcbdlngckcsaantafkjnfzfbdk/Build/Intermediates.noindex/Pods.build/Debug-iphoneos/React-Fabric.build/Objects-normal/arm64/ShadowTree.dia -c /Users/jonahmicahinguito/dev/rotaract-connect/node_modules/react-native/ReactCommon/react/renderer/mounting/ShadowTree.cpp -o /Users/jonahmicahinguito/Library/Developer/Xcode/DerivedData/rotaractconnect-cjwcbdlngckcsaantafkjnfzfbdk/Build/Intermediates.noindex/Pods.build/Debug-iphoneos/React-Fabric.build/Objects-normal/arm64/ShadowTree.o -index-unit-output-path /Pods.build/Debug-iphoneos/React-Fabric.build/Objects-normal/arm64/ShadowTree.o

In file included from /Users/jonahmicahinguito/dev/rotaract-connect/node_modules/react-native/ReactCommon/react/renderer/mounting/ShadowTree.cpp:8:
In file included from /Users/jonahmicahinguito/dev/rotaract-connect/node_modules/react-native/ReactCommon/react/renderer/mounting/ShadowTree.h:18:
In file included from /Users/jonahmicahinguito/dev/rotaract-connect/ios/Pods/Headers/Private/React-Fabric/react/renderer/mounting/MountingCoordinator.h:15:
In file included from /Users/jonahmicahinguito/dev/rotaract-connect/ios/Pods/Headers/Private/React-Fabric/react/renderer/mounting/Differentiator.h:11:
/Users/jonahmicahinguito/dev/rotaract-connect/ios/Pods/Headers/Private/React-Fabric/react/renderer/mounting/ShadowViewMutation.h:46:7: warning: declaration is marked with '@deprecated' command but does not have a deprecation attribute [-Wdocumentation-deprecated-sync]
   46 |    * @deprecated Pass parentTag instead of parentShadowView.
      |      ~^~~~~~~~~~~~~~~~~~~~~~~~~~~~~~~~~~~~~~~~~~~~~~~~~~~~~~
/Users/jonahmicahinguito/dev/rotaract-connect/ios/Pods/Headers/Private/React-Fabric/react/renderer/mounting/ShadowViewMutation.h:48:3: note: add a deprecation attribute to the declaration to silence this warning
   48 |   static ShadowViewMutation InsertMutation(const ShadowView &parentShadowView, ShadowView childShadowView, int index)
      |   ^
      |   FMT_DEPRECATED 
/Users/jonahmicahinguito/dev/rotaract-connect/ios/Pods/Headers/Private/React-Fabric/react/renderer/mounting/ShadowViewMutation.h:60:7: warning: declaration is marked with '@deprecated' command but does not have a deprecation attribute [-Wdocumentation-deprecated-sync]
   60 |    * @deprecated Pass parentTag instead of parentShadowView.
      |      ~^~~~~~~~~~~~~~~~~~~~~~~~~~~~~~~~~~~~~~~~~~~~~~~~~~~~~~
/Users/jonahmicahinguito/dev/rotaract-connect/ios/Pods/Headers/Private/React-Fabric/react/renderer/mounting/ShadowViewMutation.h:62:3: note: add a deprecation attribute to the declaration to silence this warning
   62 |   static ShadowViewMutation RemoveMutation(const ShadowView &parentShadowView, ShadowView childShadowView, int index)
      |   ^
      |   FMT_DEPRECATED 
/Users/jonahmicahinguito/dev/rotaract-connect/ios/Pods/Headers/Private/React-Fabric/react/renderer/mounting/ShadowViewMutation.h:74:7: warning: declaration is marked with '@deprecated' command but does not have a deprecation attribute [-Wdocumentation-deprecated-sync]
   74 |    * @deprecated Pass parentTag instead of parentShadowView.
      |      ~^~~~~~~~~~~~~~~~~~~~~~~~~~~~~~~~~~~~~~~~~~~~~~~~~~~~~~
/Users/jonahmicahinguito/dev/rotaract-connect/ios/Pods/Headers/Private/React-Fabric/react/renderer/mounting/ShadowViewMutation.h:76:3: note: add a deprecation attribute to the declaration to silence this warning
   76 |   static ShadowViewMutation
      |   ^
      |   FMT_DEPRECATED 
3 warnings generated.

/Users/jonahmicahinguito/dev/rotaract-connect/ios/Pods/Headers/Private/React-Fabric/react/renderer/mounting/ShadowViewMutation.h:46:7: Declaration is marked with '@deprecated' command but does not have a deprecation attribute

/Users/jonahmicahinguito/dev/rotaract-connect/ios/Pods/Headers/Private/React-Fabric/react/renderer/mounting/ShadowViewMutation.h:60:7: Declaration is marked with '@deprecated' command but does not have a deprecation attribute

/Users/jonahmicahinguito/dev/rotaract-connect/ios/Pods/Headers/Private/React-Fabric/react/renderer/mounting/ShadowViewMutation.h:74:7: Declaration is marked with '@deprecated' command but does not have a deprecation attribute

CompileC /Users/jonahmicahinguito/Library/Developer/Xcode/DerivedData/rotaractconnect-cjwcbdlngckcsaantafkjnfzfbdk/Build/Intermediates.noindex/Pods.build/Debug-iphoneos/React-Fabric.build/Objects-normal/arm64/Scheduler.o /Users/jonahmicahinguito/dev/rotaract-connect/node_modules/react-native/ReactCommon/react/renderer/scheduler/Scheduler.cpp normal arm64 c++ com.apple.compilers.llvm.clang.1_0.compiler (in target 'React-Fabric' from project 'Pods')
    cd /Users/jonahmicahinguito/dev/rotaract-connect/ios/Pods
    
    Using response file: /Users/jonahmicahinguito/Library/Developer/Xcode/DerivedData/rotaractconnect-cjwcbdlngckcsaantafkjnfzfbdk/Build/Intermediates.noindex/Pods.build/Debug-iphoneos/React-Fabric.build/Objects-normal/arm64/82b82416624d2658e5098eb0a28c15c5-common-args.resp
    
    /Applications/Xcode.app/Contents/Developer/Toolchains/XcodeDefault.xctoolchain/usr/bin/clang -x c++ -ivfsstatcache /Users/jonahmicahinguito/Library/Developer/Xcode/DerivedData/SDKStatCaches.noindex/iphoneos26.5-23F81a-32daed1954a7d5dd0789fcaf2a9bb78b.sdkstatcache -target arm64-apple-ios15.1 -fmessage-length\=0 -fdiagnostics-show-note-include-stack -fmacro-backtrace-limit\=0 -fno-color-diagnostics -fmodules-prune-interval\=86400 -fmodules-prune-after\=345600 -fbuild-session-file\=/Users/jonahmicahinguito/Library/Developer/Xcode/DerivedData/ModuleCache.noindex/Session.modulevalidation -fmodules-validate-once-per-build-session -Wnon-modular-include-in-framework-module -Werror\=non-modular-include-in-framework-module -Wno-trigraphs -Wno-missing-field-initializers -Wno-missing-prototypes -Werror\=return-type -Wdocumentation -Wunreachable-code -Werror\=deprecated-objc-isa-usage -Werror\=objc-root-class -Wno-non-virtual-dtor -Wno-overloaded-virtual -Wno-exit-time-destructors -Wno-missing-braces -Wparentheses -Wswitch -Wunused-function -Wno-unused-label -Wno-unused-parameter -Wunused-variable -Wunused-value -Wempty-body -Wuninitialized -Wconditional-uninitialized -Wno-unknown-pragmas -Wno-shadow -Wno-four-char-constants -Wno-conversion -Wconstant-conversion -Wint-conversion -Wbool-conversion -Wenum-conversion -Wno-float-conversion -Wnon-literal-null-conversion -Wobjc-literal-conversion -Wshorten-64-to-32 -Wno-newline-eof -Wno-c++11-extensions -Wno-implicit-fallthrough -isysroot /Applications/Xcode.app/Contents/Developer/Platforms/iPhoneOS.platform/Developer/SDKs/iPhoneOS26.5.sdk -fstrict-aliasing -Wdeprecated-declarations -Winvalid-offsetof -Wno-sign-conversion -Winfinite-recursion -Wmove -Wcomma -Wblock-capture-autoreleasing -Wstrict-prototypes -Wrange-loop-analysis -Wno-semicolon-before-method-body -Wunguarded-availability -index-store-path /Users/jonahmicahinguito/Library/Developer/Xcode/DerivedData/rotaractconnect-cjwcbdlngckcsaantafkjnfzfbdk/Index.noindex/DataStore @/Users/jonahmicahinguito/Library/Developer/Xcode/DerivedData/rotaractconnect-cjwcbdlngckcsaantafkjnfzfbdk/Build/Intermediates.noindex/Pods.build/Debug-iphoneos/React-Fabric.build/Objects-normal/arm64/82b82416624d2658e5098eb0a28c15c5-common-args.resp -include /Users/jonahmicahinguito/dev/rotaract-connect/ios/Pods/Target\ Support\ Files/React-Fabric/React-Fabric-prefix.pch -MMD -MT dependencies -MF /Users/jonahmicahinguito/Library/Developer/Xcode/DerivedData/rotaractconnect-cjwcbdlngckcsaantafkjnfzfbdk/Build/Intermediates.noindex/Pods.build/Debug-iphoneos/React-Fabric.build/Objects-normal/arm64/Scheduler.d --serialize-diagnostics /Users/jonahmicahinguito/Library/Developer/Xcode/DerivedData/rotaractconnect-cjwcbdlngckcsaantafkjnfzfbdk/Build/Intermediates.noindex/Pods.build/Debug-iphoneos/React-Fabric.build/Objects-normal/arm64/Scheduler.dia -c /Users/jonahmicahinguito/dev/rotaract-connect/node_modules/react-native/ReactCommon/react/renderer/scheduler/Scheduler.cpp -o /Users/jonahmicahinguito/Library/Developer/Xcode/DerivedData/rotaractconnect-cjwcbdlngckcsaantafkjnfzfbdk/Build/Intermediates.noindex/Pods.build/Debug-iphoneos/React-Fabric.build/Objects-normal/arm64/Scheduler.o -index-unit-output-path /Pods.build/Debug-iphoneos/React-Fabric.build/Objects-normal/arm64/Scheduler.o

In file included from /Users/jonahmicahinguito/dev/rotaract-connect/node_modules/react-native/ReactCommon/react/renderer/scheduler/Scheduler.cpp:8:
In file included from /Users/jonahmicahinguito/dev/rotaract-connect/node_modules/react-native/ReactCommon/react/renderer/scheduler/Scheduler.h:22:
In file included from /Users/jonahmicahinguito/dev/rotaract-connect/ios/Pods/Headers/Private/React-Fabric/react/renderer/mounting/MountingOverrideDelegate.h:8:
In file included from /Users/jonahmicahinguito/dev/rotaract-connect/ios/Pods/Headers/Private/React-Fabric/react/renderer/mounting/MountingTransaction.h:10:
/Users/jonahmicahinguito/dev/rotaract-connect/ios/Pods/Headers/Private/React-Fabric/react/renderer/mounting/ShadowViewMutation.h:46:7: warning: declaration is marked with '@deprecated' command but does not have a deprecation attribute [-Wdocumentation-deprecated-sync]
   46 |    * @deprecated Pass parentTag instead of parentShadowView.
      |      ~^~~~~~~~~~~~~~~~~~~~~~~~~~~~~~~~~~~~~~~~~~~~~~~~~~~~~~
/Users/jonahmicahinguito/dev/rotaract-connect/ios/Pods/Headers/Private/React-Fabric/react/renderer/mounting/ShadowViewMutation.h:48:3: note: add a deprecation attribute to the declaration to silence this warning
   48 |   static ShadowViewMutation InsertMutation(const ShadowView &parentShadowView, ShadowView childShadowView, int index)
      |   ^
      |   FMT_DEPRECATED 
/Users/jonahmicahinguito/dev/rotaract-connect/ios/Pods/Headers/Private/React-Fabric/react/renderer/mounting/ShadowViewMutation.h:60:7: warning: declaration is marked with '@deprecated' command but does not have a deprecation attribute [-Wdocumentation-deprecated-sync]
   60 |    * @deprecated Pass parentTag instead of parentShadowView.
      |      ~^~~~~~~~~~~~~~~~~~~~~~~~~~~~~~~~~~~~~~~~~~~~~~~~~~~~~~
/Users/jonahmicahinguito/dev/rotaract-connect/ios/Pods/Headers/Private/React-Fabric/react/renderer/mounting/ShadowViewMutation.h:62:3: note: add a deprecation attribute to the declaration to silence this warning
   62 |   static ShadowViewMutation RemoveMutation(const ShadowView &parentShadowView, ShadowView childShadowView, int index)
      |   ^
      |   FMT_DEPRECATED 
/Users/jonahmicahinguito/dev/rotaract-connect/ios/Pods/Headers/Private/React-Fabric/react/renderer/mounting/ShadowViewMutation.h:74:7: warning: declaration is marked with '@deprecated' command but does not have a deprecation attribute [-Wdocumentation-deprecated-sync]
   74 |    * @deprecated Pass parentTag instead of parentShadowView.
      |      ~^~~~~~~~~~~~~~~~~~~~~~~~~~~~~~~~~~~~~~~~~~~~~~~~~~~~~~
/Users/jonahmicahinguito/dev/rotaract-connect/ios/Pods/Headers/Private/React-Fabric/react/renderer/mounting/ShadowViewMutation.h:76:3: note: add a deprecation attribute to the declaration to silence this warning
   76 |   static ShadowViewMutation
      |   ^
      |   FMT_DEPRECATED 
3 warnings generated.

/Users/jonahmicahinguito/dev/rotaract-connect/ios/Pods/Headers/Private/React-Fabric/react/renderer/mounting/ShadowViewMutation.h:46:7: Declaration is marked with '@deprecated' command but does not have a deprecation attribute

/Users/jonahmicahinguito/dev/rotaract-connect/ios/Pods/Headers/Private/React-Fabric/react/renderer/mounting/ShadowViewMutation.h:60:7: Declaration is marked with '@deprecated' command but does not have a deprecation attribute

/Users/jonahmicahinguito/dev/rotaract-connect/ios/Pods/Headers/Private/React-Fabric/react/renderer/mounting/ShadowViewMutation.h:74:7: Declaration is marked with '@deprecated' command but does not have a deprecation attribute

CompileC /Users/jonahmicahinguito/Library/Developer/Xcode/DerivedData/rotaractconnect-cjwcbdlngckcsaantafkjnfzfbdk/Build/Intermediates.noindex/Pods.build/Debug-iphoneos/React-Fabric.build/Objects-normal/arm64/RoundAnimatedNode.o /Users/jonahmicahinguito/dev/rotaract-connect/node_modules/react-native/ReactCommon/react/renderer/animated/nodes/RoundAnimatedNode.cpp normal arm64 c++ com.apple.compilers.llvm.clang.1_0.compiler (in target 'React-Fabric' from project 'Pods')
    cd /Users/jonahmicahinguito/dev/rotaract-connect/ios/Pods
    
    Using response file: /Users/jonahmicahinguito/Library/Developer/Xcode/DerivedData/rotaractconnect-cjwcbdlngckcsaantafkjnfzfbdk/Build/Intermediates.noindex/Pods.build/Debug-iphoneos/React-Fabric.build/Objects-normal/arm64/82b82416624d2658e5098eb0a28c15c5-common-args.resp
    
    /Applications/Xcode.app/Contents/Developer/Toolchains/XcodeDefault.xctoolchain/usr/bin/clang -x c++ -ivfsstatcache /Users/jonahmicahinguito/Library/Developer/Xcode/DerivedData/SDKStatCaches.noindex/iphoneos26.5-23F81a-32daed1954a7d5dd0789fcaf2a9bb78b.sdkstatcache -target arm64-apple-ios15.1 -fmessage-length\=0 -fdiagnostics-show-note-include-stack -fmacro-backtrace-limit\=0 -fno-color-diagnostics -fmodules-prune-interval\=86400 -fmodules-prune-after\=345600 -fbuild-session-file\=/Users/jonahmicahinguito/Library/Developer/Xcode/DerivedData/ModuleCache.noindex/Session.modulevalidation -fmodules-validate-once-per-build-session -Wnon-modular-include-in-framework-module -Werror\=non-modular-include-in-framework-module -Wno-trigraphs -Wno-missing-field-initializers -Wno-missing-prototypes -Werror\=return-type -Wdocumentation -Wunreachable-code -Werror\=deprecated-objc-isa-usage -Werror\=objc-root-class -Wno-non-virtual-dtor -Wno-overloaded-virtual -Wno-exit-time-destructors -Wno-missing-braces -Wparentheses -Wswitch -Wunused-function -Wno-unused-label -Wno-unused-parameter -Wunused-variable -Wunused-value -Wempty-body -Wuninitialized -Wconditional-uninitialized -Wno-unknown-pragmas -Wno-shadow -Wno-four-char-constants -Wno-conversion -Wconstant-conversion -Wint-conversion -Wbool-conversion -Wenum-conversion -Wno-float-conversion -Wnon-literal-null-conversion -Wobjc-literal-conversion -Wshorten-64-to-32 -Wno-newline-eof -Wno-c++11-extensions -Wno-implicit-fallthrough -isysroot /Applications/Xcode.app/Contents/Developer/Platforms/iPhoneOS.platform/Developer/SDKs/iPhoneOS26.5.sdk -fstrict-aliasing -Wdeprecated-declarations -Winvalid-offsetof -Wno-sign-conversion -Winfinite-recursion -Wmove -Wcomma -Wblock-capture-autoreleasing -Wstrict-prototypes -Wrange-loop-analysis -Wno-semicolon-before-method-body -Wunguarded-availability -index-store-path /Users/jonahmicahinguito/Library/Developer/Xcode/DerivedData/rotaractconnect-cjwcbdlngckcsaantafkjnfzfbdk/Index.noindex/DataStore @/Users/jonahmicahinguito/Library/Developer/Xcode/DerivedData/rotaractconnect-cjwcbdlngckcsaantafkjnfzfbdk/Build/Intermediates.noindex/Pods.build/Debug-iphoneos/React-Fabric.build/Objects-normal/arm64/82b82416624d2658e5098eb0a28c15c5-common-args.resp -include /Users/jonahmicahinguito/dev/rotaract-connect/ios/Pods/Target\ Support\ Files/React-Fabric/React-Fabric-prefix.pch -MMD -MT dependencies -MF /Users/jonahmicahinguito/Library/Developer/Xcode/DerivedData/rotaractconnect-cjwcbdlngckcsaantafkjnfzfbdk/Build/Intermediates.noindex/Pods.build/Debug-iphoneos/React-Fabric.build/Objects-normal/arm64/RoundAnimatedNode.d --serialize-diagnostics /Users/jonahmicahinguito/Library/Developer/Xcode/DerivedData/rotaractconnect-cjwcbdlngckcsaantafkjnfzfbdk/Build/Intermediates.noindex/Pods.build/Debug-iphoneos/React-Fabric.build/Objects-normal/arm64/RoundAnimatedNode.dia -c /Users/jonahmicahinguito/dev/rotaract-connect/node_modules/react-native/ReactCommon/react/renderer/animated/nodes/RoundAnimatedNode.cpp -o /Users/jonahmicahinguito/Library/Developer/Xcode/DerivedData/rotaractconnect-cjwcbdlngckcsaantafkjnfzfbdk/Build/Intermediates.noindex/Pods.build/Debug-iphoneos/React-Fabric.build/Objects-normal/arm64/RoundAnimatedNode.o -index-unit-output-path /Pods.build/Debug-iphoneos/React-Fabric.build/Objects-normal/arm64/RoundAnimatedNode.o

In file included from /Users/jonahmicahinguito/dev/rotaract-connect/node_modules/react-native/ReactCommon/react/renderer/animated/nodes/RoundAnimatedNode.cpp:12:
In file included from /Users/jonahmicahinguito/dev/rotaract-connect/node_modules/react-native/ReactCommon/react/renderer/animated/nodes/RoundAnimatedNode.h:16:
In file included from /Users/jonahmicahinguito/dev/rotaract-connect/ios/Pods/Headers/Private/React-Fabric/react/renderer/animated/NativeAnimatedNodesManager.h:21:
In file included from /Users/jonahmicahinguito/dev/rotaract-connect/ios/Pods/Headers/Private/React-Fabric/react/renderer/animationbackend/AnimationBackend.h:12:
In file included from /Users/jonahmicahinguito/dev/rotaract-connect/ios/Pods/Headers/Private/React-Fabric/react/renderer/uimanager/UIManager.h:23:
In file included from /Users/jonahmicahinguito/dev/rotaract-connect/ios/Pods/Headers/Private/React-Fabric/react/renderer/mounting/ShadowTree.h:18:
In file included from /Users/jonahmicahinguito/dev/rotaract-connect/ios/Pods/Headers/Private/React-Fabric/react/renderer/mounting/MountingCoordinator.h:15:
In file included from /Users/jonahmicahinguito/dev/rotaract-connect/ios/Pods/Headers/Private/React-Fabric/react/renderer/mounting/Differentiator.h:11:
/Users/jonahmicahinguito/dev/rotaract-connect/ios/Pods/Headers/Private/React-Fabric/react/renderer/mounting/ShadowViewMutation.h:46:7: warning: declaration is marked with '@deprecated' command but does not have a deprecation attribute [-Wdocumentation-deprecated-sync]
   46 |    * @deprecated Pass parentTag instead of parentShadowView.
      |      ~^~~~~~~~~~~~~~~~~~~~~~~~~~~~~~~~~~~~~~~~~~~~~~~~~~~~~~
/Users/jonahmicahinguito/dev/rotaract-connect/ios/Pods/Headers/Private/React-Fabric/react/renderer/mounting/ShadowViewMutation.h:48:3: note: add a deprecation attribute to the declaration to silence this warning
   48 |   static ShadowViewMutation InsertMutation(const ShadowView &parentShadowView, ShadowView childShadowView, int index)
      |   ^
      |   FMT_DEPRECATED 
/Users/jonahmicahinguito/dev/rotaract-connect/ios/Pods/Headers/Private/React-Fabric/react/renderer/mounting/ShadowViewMutation.h:60:7: warning: declaration is marked with '@deprecated' command but does not have a deprecation attribute [-Wdocumentation-deprecated-sync]
   60 |    * @deprecated Pass parentTag instead of parentShadowView.
      |      ~^~~~~~~~~~~~~~~~~~~~~~~~~~~~~~~~~~~~~~~~~~~~~~~~~~~~~~
/Users/jonahmicahinguito/dev/rotaract-connect/ios/Pods/Headers/Private/React-Fabric/react/renderer/mounting/ShadowViewMutation.h:62:3: note: add a deprecation attribute to the declaration to silence this warning
   62 |   static ShadowViewMutation RemoveMutation(const ShadowView &parentShadowView, ShadowView childShadowView, int index)
      |   ^
      |   FMT_DEPRECATED 
/Users/jonahmicahinguito/dev/rotaract-connect/ios/Pods/Headers/Private/React-Fabric/react/renderer/mounting/ShadowViewMutation.h:74:7: warning: declaration is marked with '@deprecated' command but does not have a deprecation attribute [-Wdocumentation-deprecated-sync]
   74 |    * @deprecated Pass parentTag instead of parentShadowView.
      |      ~^~~~~~~~~~~~~~~~~~~~~~~~~~~~~~~~~~~~~~~~~~~~~~~~~~~~~~
/Users/jonahmicahinguito/dev/rotaract-connect/ios/Pods/Headers/Private/React-Fabric/react/renderer/mounting/ShadowViewMutation.h:76:3: note: add a deprecation attribute to the declaration to silence this warning
   76 |   static ShadowViewMutation
      |   ^
      |   FMT_DEPRECATED 
3 warnings generated.

/Users/jonahmicahinguito/dev/rotaract-connect/ios/Pods/Headers/Private/React-Fabric/react/renderer/mounting/ShadowViewMutation.h:46:7: Declaration is marked with '@deprecated' command but does not have a deprecation attribute

/Users/jonahmicahinguito/dev/rotaract-connect/ios/Pods/Headers/Private/React-Fabric/react/renderer/mounting/ShadowViewMutation.h:60:7: Declaration is marked with '@deprecated' command but does not have a deprecation attribute

/Users/jonahmicahinguito/dev/rotaract-connect/ios/Pods/Headers/Private/React-Fabric/react/renderer/mounting/ShadowViewMutation.h:74:7: Declaration is marked with '@deprecated' command but does not have a deprecation attribute

CompileC /Users/jonahmicahinguito/Library/Developer/Xcode/DerivedData/rotaractconnect-cjwcbdlngckcsaantafkjnfzfbdk/Build/Intermediates.noindex/Pods.build/Debug-iphoneos/React-Fabric.build/Objects-normal/arm64/RCTLegacyViewManagerInteropCoordinator.o /Users/jonahmicahinguito/dev/rotaract-connect/node_modules/react-native/ReactCommon/react/renderer/components/legacyviewmanagerinterop/platform/ios/react/renderer/components/legacyviewmanagerinterop/RCTLegacyViewManagerInteropCoordinator.mm normal arm64 objective-c++ com.apple.compilers.llvm.clang.1_0.compiler (in target 'React-Fabric' from project 'Pods')
    cd /Users/jonahmicahinguito/dev/rotaract-connect/ios/Pods
    
    Using response file: /Users/jonahmicahinguito/Library/Developer/Xcode/DerivedData/rotaractconnect-cjwcbdlngckcsaantafkjnfzfbdk/Build/Intermediates.noindex/Pods.build/Debug-iphoneos/React-Fabric.build/Objects-normal/arm64/af3fcb34312c57c0f52879cdce924b91-common-args.resp
    
    /Applications/Xcode.app/Contents/Developer/Toolchains/XcodeDefault.xctoolchain/usr/bin/clang -x objective-c++ -ivfsstatcache /Users/jonahmicahinguito/Library/Developer/Xcode/DerivedData/SDKStatCaches.noindex/iphoneos26.5-23F81a-32daed1954a7d5dd0789fcaf2a9bb78b.sdkstatcache -target arm64-apple-ios15.1 -fmessage-length\=0 -fdiagnostics-show-note-include-stack -fmacro-backtrace-limit\=0 -fno-color-diagnostics -fmodules-prune-interval\=86400 -fmodules-prune-after\=345600 -fbuild-session-file\=/Users/jonahmicahinguito/Library/Developer/Xcode/DerivedData/ModuleCache.noindex/Session.modulevalidation -fmodules-validate-once-per-build-session -Wnon-modular-include-in-framework-module -Werror\=non-modular-include-in-framework-module -Wno-trigraphs -Wno-missing-field-initializers -Wno-missing-prototypes -Werror\=return-type -Wdocumentation -Wunreachable-code -Wno-implicit-atomic-properties -Werror\=deprecated-objc-isa-usage -Wno-objc-interface-ivars -Werror\=objc-root-class -Wno-arc-repeated-use-of-weak -Wimplicit-retain-self -Wno-non-virtual-dtor -Wno-overloaded-virtual -Wno-exit-time-destructors -Wduplicate-method-match -Wno-missing-braces -Wparentheses -Wswitch -Wunused-function -Wno-unused-label -Wno-unused-parameter -Wunused-variable -Wunused-value -Wempty-body -Wuninitialized -Wconditional-uninitialized -Wno-unknown-pragmas -Wno-shadow -Wno-four-char-constants -Wno-conversion -Wconstant-conversion -Wint-conversion -Wbool-conversion -Wenum-conversion -Wno-float-conversion -Wnon-literal-null-conversion -Wobjc-literal-conversion -Wshorten-64-to-32 -Wno-newline-eof -Wno-selector -Wno-strict-selector-match -Wundeclared-selector -Wdeprecated-implementations -Wno-c++11-extensions -Wno-implicit-fallthrough -isysroot /Applications/Xcode.app/Contents/Developer/Platforms/iPhoneOS.platform/Developer/SDKs/iPhoneOS26.5.sdk -fstrict-aliasing -Wprotocol -Wdeprecated-declarations -Winvalid-offsetof -Wno-sign-conversion -Winfinite-recursion -Wmove -Wcomma -Wblock-capture-autoreleasing -Wstrict-prototypes -Wrange-loop-analysis -Wno-semicolon-before-method-body -Wunguarded-availability -index-store-path /Users/jonahmicahinguito/Library/Developer/Xcode/DerivedData/rotaractconnect-cjwcbdlngckcsaantafkjnfzfbdk/Index.noindex/DataStore @/Users/jonahmicahinguito/Library/Developer/Xcode/DerivedData/rotaractconnect-cjwcbdlngckcsaantafkjnfzfbdk/Build/Intermediates.noindex/Pods.build/Debug-iphoneos/React-Fabric.build/Objects-normal/arm64/af3fcb34312c57c0f52879cdce924b91-common-args.resp -include /Users/jonahmicahinguito/dev/rotaract-connect/ios/Pods/Target\ Support\ Files/React-Fabric/React-Fabric-prefix.pch -MMD -MT dependencies -MF /Users/jonahmicahinguito/Library/Developer/Xcode/DerivedData/rotaractconnect-cjwcbdlngckcsaantafkjnfzfbdk/Build/Intermediates.noindex/Pods.build/Debug-iphoneos/React-Fabric.build/Objects-normal/arm64/RCTLegacyViewManagerInteropCoordinator.d --serialize-diagnostics /Users/jonahmicahinguito/Library/Developer/Xcode/DerivedData/rotaractconnect-cjwcbdlngckcsaantafkjnfzfbdk/Build/Intermediates.noindex/Pods.build/Debug-iphoneos/React-Fabric.build/Objects-normal/arm64/RCTLegacyViewManagerInteropCoordinator.dia -c /Users/jonahmicahinguito/dev/rotaract-connect/node_modules/react-native/ReactCommon/react/renderer/components/legacyviewmanagerinterop/platform/ios/react/renderer/components/legacyviewmanagerinterop/RCTLegacyViewManagerInteropCoordinator.mm -o /Users/jonahmicahinguito/Library/Developer/Xcode/DerivedData/rotaractconnect-cjwcbdlngckcsaantafkjnfzfbdk/Build/Intermediates.noindex/Pods.build/Debug-iphoneos/React-Fabric.build/Objects-normal/arm64/RCTLegacyViewManagerInteropCoordinator.o -index-unit-output-path /Pods.build/Debug-iphoneos/React-Fabric.build/Objects-normal/arm64/RCTLegacyViewManagerInteropCoordinator.o

/Users/jonahmicahinguito/dev/rotaract-connect/node_modules/react-native/ReactCommon/react/renderer/components/legacyviewmanagerinterop/platform/ios/react/renderer/components/legacyviewmanagerinterop/RCTLegacyViewManagerInteropCoordinator.mm:129:38: warning: 'methods' is deprecated: This API will be removed along with the legacy architecture. [-Wdeprecated-declarations]
  129 |     method = moduleData ? moduleData.methods[[commandName intValue]] : _moduleMethods[[commandName intValue]];
      |                                      ^
In file included from /Users/jonahmicahinguito/dev/rotaract-connect/node_modules/react-native/ReactCommon/react/renderer/components/legacyviewmanagerinterop/platform/ios/react/renderer/components/legacyviewmanagerinterop/RCTLegacyViewManagerInteropCoordinator.mm:14:
/Users/jonahmicahinguito/dev/rotaract-connect/ios/Pods/Headers/Public/React-Core/React/RCTModuleData.h:65:77: note: 'methods' has been explicitly marked deprecated here
   65 | @property (nonatomic, copy, readonly) NSArray<id<RCTBridgeMethod>> *methods __deprecated_msg(
      |                                                                             ^
In file included from <built-in>:1:
In file included from /Users/jonahmicahinguito/dev/rotaract-connect/ios/Pods/Target Support Files/React-Fabric/React-Fabric-prefix.pch:2:
In file included from /Applications/Xcode.app/Contents/Developer/Platforms/iPhoneOS.platform/Developer/SDKs/iPhoneOS26.5.sdk/System/Library/Frameworks/UIKit.framework/Headers/UIKit.h:8:
In file included from /Applications/Xcode.app/Contents/Developer/Platforms/iPhoneOS.platform/Developer/SDKs/iPhoneOS26.5.sdk/System/Library/Frameworks/Foundation.framework/Headers/Foundation.h:6:
In file included from /Applications/Xcode.app/Contents/Developer/Platforms/iPhoneOS.platform/Developer/SDKs/iPhoneOS26.5.sdk/System/Library/Frameworks/CoreFoundation.framework/Headers/CoreFoundation.h:18:
In file included from /Applications/Xcode.app/Contents/Developer/Platforms/iPhoneOS.platform/Developer/SDKs/iPhoneOS26.5.sdk/usr/include/sys/types.h:75:
/Applications/Xcode.app/Contents/Developer/Platforms/iPhoneOS.platform/Developer/SDKs/iPhoneOS26.5.sdk/usr/include/sys/cdefs.h:227:48: note: expanded from macro '__deprecated_msg'
  227 |         #define __deprecated_msg(_msg) __attribute__((__deprecated__(_msg)))
      |                                                       ^
/Users/jonahmicahinguito/dev/rotaract-connect/node_modules/react-native/ReactCommon/react/renderer/components/legacyviewmanagerinterop/platform/ios/react/renderer/components/legacyviewmanagerinterop/RCTLegacyViewManagerInteropCoordinator.mm:131:38: warning: 'methodsByName' is deprecated: This API will be removed along with the legacy architecture. [-Wdeprecated-declarations]
  131 |     method = moduleData ? moduleData.methodsByName[commandName] : _moduleMethodsByName[commandName];
      |                                      ^
In file included from /Users/jonahmicahinguito/dev/rotaract-connect/node_modules/react-native/ReactCommon/react/renderer/components/legacyviewmanagerinterop/platform/ios/react/renderer/components/legacyviewmanagerinterop/RCTLegacyViewManagerInteropCoordinator.mm:14:
/Users/jonahmicahinguito/dev/rotaract-connect/ios/Pods/Headers/Public/React-Core/React/RCTModuleData.h:72:100: note: 'methodsByName' has been explicitly marked deprecated here
   72 | @property (nonatomic, copy, readonly) NSDictionary<NSString *, id<RCTBridgeMethod>> *methodsByName __deprecated_msg(
      |                                                                                                    ^
In file included from <built-in>:1:
In file included from /Users/jonahmicahinguito/dev/rotaract-connect/ios/Pods/Target Support Files/React-Fabric/React-Fabric-prefix.pch:2:
In file included from /Applications/Xcode.app/Contents/Developer/Platforms/iPhoneOS.platform/Developer/SDKs/iPhoneOS26.5.sdk/System/Library/Frameworks/UIKit.framework/Headers/UIKit.h:8:
In file included from /Applications/Xcode.app/Contents/Developer/Platforms/iPhoneOS.platform/Developer/SDKs/iPhoneOS26.5.sdk/System/Library/Frameworks/Foundation.framework/Headers/Foundation.h:6:
In file included from /Applications/Xcode.app/Contents/Developer/Platforms/iPhoneOS.platform/Developer/SDKs/iPhoneOS26.5.sdk/System/Library/Frameworks/CoreFoundation.framework/Headers/CoreFoundation.h:18:
In file included from /Applications/Xcode.app/Contents/Developer/Platforms/iPhoneOS.platform/Developer/SDKs/iPhoneOS26.5.sdk/usr/include/sys/types.h:75:
/Applications/Xcode.app/Contents/Developer/Platforms/iPhoneOS.platform/Developer/SDKs/iPhoneOS26.5.sdk/usr/include/sys/cdefs.h:227:48: note: expanded from macro '__deprecated_msg'
  227 |         #define __deprecated_msg(_msg) __attribute__((__deprecated__(_msg)))
      |                                                       ^
2 warnings generated.

/Users/jonahmicahinguito/dev/rotaract-connect/node_modules/react-native/ReactCommon/react/renderer/components/legacyviewmanagerinterop/platform/ios/react/renderer/components/legacyviewmanagerinterop/RCTLegacyViewManagerInteropCoordinator.mm:129:38: 'methods' is deprecated: This API will be removed along with the legacy architecture.

/Users/jonahmicahinguito/dev/rotaract-connect/node_modules/react-native/ReactCommon/react/renderer/components/legacyviewmanagerinterop/platform/ios/react/renderer/components/legacyviewmanagerinterop/RCTLegacyViewManagerInteropCoordinator.mm:131:38: 'methodsByName' is deprecated: This API will be removed along with the legacy architecture.

CompileC /Users/jonahmicahinguito/Library/Developer/Xcode/DerivedData/rotaractconnect-cjwcbdlngckcsaantafkjnfzfbdk/Build/Intermediates.noindex/Pods.build/Debug-iphoneos/React-Fabric.build/Objects-normal/arm64/PropsAnimatedNode.o /Users/jonahmicahinguito/dev/rotaract-connect/node_modules/react-native/ReactCommon/react/renderer/animated/nodes/PropsAnimatedNode.cpp normal arm64 c++ com.apple.compilers.llvm.clang.1_0.compiler (in target 'React-Fabric' from project 'Pods')
    cd /Users/jonahmicahinguito/dev/rotaract-connect/ios/Pods
    
    Using response file: /Users/jonahmicahinguito/Library/Developer/Xcode/DerivedData/rotaractconnect-cjwcbdlngckcsaantafkjnfzfbdk/Build/Intermediates.noindex/Pods.build/Debug-iphoneos/React-Fabric.build/Objects-normal/arm64/82b82416624d2658e5098eb0a28c15c5-common-args.resp
    
    /Applications/Xcode.app/Contents/Developer/Toolchains/XcodeDefault.xctoolchain/usr/bin/clang -x c++ -ivfsstatcache /Users/jonahmicahinguito/Library/Developer/Xcode/DerivedData/SDKStatCaches.noindex/iphoneos26.5-23F81a-32daed1954a7d5dd0789fcaf2a9bb78b.sdkstatcache -target arm64-apple-ios15.1 -fmessage-length\=0 -fdiagnostics-show-note-include-stack -fmacro-backtrace-limit\=0 -fno-color-diagnostics -fmodules-prune-interval\=86400 -fmodules-prune-after\=345600 -fbuild-session-file\=/Users/jonahmicahinguito/Library/Developer/Xcode/DerivedData/ModuleCache.noindex/Session.modulevalidation -fmodules-validate-once-per-build-session -Wnon-modular-include-in-framework-module -Werror\=non-modular-include-in-framework-module -Wno-trigraphs -Wno-missing-field-initializers -Wno-missing-prototypes -Werror\=return-type -Wdocumentation -Wunreachable-code -Werror\=deprecated-objc-isa-usage -Werror\=objc-root-class -Wno-non-virtual-dtor -Wno-overloaded-virtual -Wno-exit-time-destructors -Wno-missing-braces -Wparentheses -Wswitch -Wunused-function -Wno-unused-label -Wno-unused-parameter -Wunused-variable -Wunused-value -Wempty-body -Wuninitialized -Wconditional-uninitialized -Wno-unknown-pragmas -Wno-shadow -Wno-four-char-constants -Wno-conversion -Wconstant-conversion -Wint-conversion -Wbool-conversion -Wenum-conversion -Wno-float-conversion -Wnon-literal-null-conversion -Wobjc-literal-conversion -Wshorten-64-to-32 -Wno-newline-eof -Wno-c++11-extensions -Wno-implicit-fallthrough -isysroot /Applications/Xcode.app/Contents/Developer/Platforms/iPhoneOS.platform/Developer/SDKs/iPhoneOS26.5.sdk -fstrict-aliasing -Wdeprecated-declarations -Winvalid-offsetof -Wno-sign-conversion -Winfinite-recursion -Wmove -Wcomma -Wblock-capture-autoreleasing -Wstrict-prototypes -Wrange-loop-analysis -Wno-semicolon-before-method-body -Wunguarded-availability -index-store-path /Users/jonahmicahinguito/Library/Developer/Xcode/DerivedData/rotaractconnect-cjwcbdlngckcsaantafkjnfzfbdk/Index.noindex/DataStore @/Users/jonahmicahinguito/Library/Developer/Xcode/DerivedData/rotaractconnect-cjwcbdlngckcsaantafkjnfzfbdk/Build/Intermediates.noindex/Pods.build/Debug-iphoneos/React-Fabric.build/Objects-normal/arm64/82b82416624d2658e5098eb0a28c15c5-common-args.resp -include /Users/jonahmicahinguito/dev/rotaract-connect/ios/Pods/Target\ Support\ Files/React-Fabric/React-Fabric-prefix.pch -MMD -MT dependencies -MF /Users/jonahmicahinguito/Library/Developer/Xcode/DerivedData/rotaractconnect-cjwcbdlngckcsaantafkjnfzfbdk/Build/Intermediates.noindex/Pods.build/Debug-iphoneos/React-Fabric.build/Objects-normal/arm64/PropsAnimatedNode.d --serialize-diagnostics /Users/jonahmicahinguito/Library/Developer/Xcode/DerivedData/rotaractconnect-cjwcbdlngckcsaantafkjnfzfbdk/Build/Intermediates.noindex/Pods.build/Debug-iphoneos/React-Fabric.build/Objects-normal/arm64/PropsAnimatedNode.dia -c /Users/jonahmicahinguito/dev/rotaract-connect/node_modules/react-native/ReactCommon/react/renderer/animated/nodes/PropsAnimatedNode.cpp -o /Users/jonahmicahinguito/Library/Developer/Xcode/DerivedData/rotaractconnect-cjwcbdlngckcsaantafkjnfzfbdk/Build/Intermediates.noindex/Pods.build/Debug-iphoneos/React-Fabric.build/Objects-normal/arm64/PropsAnimatedNode.o -index-unit-output-path /Pods.build/Debug-iphoneos/React-Fabric.build/Objects-normal/arm64/PropsAnimatedNode.o

In file included from /Users/jonahmicahinguito/dev/rotaract-connect/node_modules/react-native/ReactCommon/react/renderer/animated/nodes/PropsAnimatedNode.cpp:16:
In file included from /Users/jonahmicahinguito/dev/rotaract-connect/ios/Pods/Headers/Private/React-Fabric/react/renderer/animated/NativeAnimatedNodesManager.h:21:
In file included from /Users/jonahmicahinguito/dev/rotaract-connect/ios/Pods/Headers/Private/React-Fabric/react/renderer/animationbackend/AnimationBackend.h:12:
In file included from /Users/jonahmicahinguito/dev/rotaract-connect/ios/Pods/Headers/Private/React-Fabric/react/renderer/uimanager/UIManager.h:23:
In file included from /Users/jonahmicahinguito/dev/rotaract-connect/ios/Pods/Headers/Private/React-Fabric/react/renderer/mounting/ShadowTree.h:18:
In file included from /Users/jonahmicahinguito/dev/rotaract-connect/ios/Pods/Headers/Private/React-Fabric/react/renderer/mounting/MountingCoordinator.h:15:
In file included from /Users/jonahmicahinguito/dev/rotaract-connect/ios/Pods/Headers/Private/React-Fabric/react/renderer/mounting/Differentiator.h:11:
/Users/jonahmicahinguito/dev/rotaract-connect/ios/Pods/Headers/Private/React-Fabric/react/renderer/mounting/ShadowViewMutation.h:46:7: warning: declaration is marked with '@deprecated' command but does not have a deprecation attribute [-Wdocumentation-deprecated-sync]
   46 |    * @deprecated Pass parentTag instead of parentShadowView.
      |      ~^~~~~~~~~~~~~~~~~~~~~~~~~~~~~~~~~~~~~~~~~~~~~~~~~~~~~~
/Users/jonahmicahinguito/dev/rotaract-connect/ios/Pods/Headers/Private/React-Fabric/react/renderer/mounting/ShadowViewMutation.h:48:3: note: add a deprecation attribute to the declaration to silence this warning
   48 |   static ShadowViewMutation InsertMutation(const ShadowView &parentShadowView, ShadowView childShadowView, int index)
      |   ^
      |   FMT_DEPRECATED 
/Users/jonahmicahinguito/dev/rotaract-connect/ios/Pods/Headers/Private/React-Fabric/react/renderer/mounting/ShadowViewMutation.h:60:7: warning: declaration is marked with '@deprecated' command but does not have a deprecation attribute [-Wdocumentation-deprecated-sync]
   60 |    * @deprecated Pass parentTag instead of parentShadowView.
      |      ~^~~~~~~~~~~~~~~~~~~~~~~~~~~~~~~~~~~~~~~~~~~~~~~~~~~~~~
/Users/jonahmicahinguito/dev/rotaract-connect/ios/Pods/Headers/Private/React-Fabric/react/renderer/mounting/ShadowViewMutation.h:62:3: note: add a deprecation attribute to the declaration to silence this warning
   62 |   static ShadowViewMutation RemoveMutation(const ShadowView &parentShadowView, ShadowView childShadowView, int index)
      |   ^
      |   FMT_DEPRECATED 
/Users/jonahmicahinguito/dev/rotaract-connect/ios/Pods/Headers/Private/React-Fabric/react/renderer/mounting/ShadowViewMutation.h:74:7: warning: declaration is marked with '@deprecated' command but does not have a deprecation attribute [-Wdocumentation-deprecated-sync]
   74 |    * @deprecated Pass parentTag instead of parentShadowView.
      |      ~^~~~~~~~~~~~~~~~~~~~~~~~~~~~~~~~~~~~~~~~~~~~~~~~~~~~~~
/Users/jonahmicahinguito/dev/rotaract-connect/ios/Pods/Headers/Private/React-Fabric/react/renderer/mounting/ShadowViewMutation.h:76:3: note: add a deprecation attribute to the declaration to silence this warning
   76 |   static ShadowViewMutation
      |   ^
      |   FMT_DEPRECATED 
3 warnings generated.

/Users/jonahmicahinguito/dev/rotaract-connect/ios/Pods/Headers/Private/React-Fabric/react/renderer/mounting/ShadowViewMutation.h:46:7: Declaration is marked with '@deprecated' command but does not have a deprecation attribute

/Users/jonahmicahinguito/dev/rotaract-connect/ios/Pods/Headers/Private/React-Fabric/react/renderer/mounting/ShadowViewMutation.h:60:7: Declaration is marked with '@deprecated' command but does not have a deprecation attribute

/Users/jonahmicahinguito/dev/rotaract-connect/ios/Pods/Headers/Private/React-Fabric/react/renderer/mounting/ShadowViewMutation.h:74:7: Declaration is marked with '@deprecated' command but does not have a deprecation attribute

CompileC /Users/jonahmicahinguito/Library/Developer/Xcode/DerivedData/rotaractconnect-cjwcbdlngckcsaantafkjnfzfbdk/Build/Intermediates.noindex/Pods.build/Debug-iphoneos/React-Fabric.build/Objects-normal/arm64/PointerHoverTracker.o /Users/jonahmicahinguito/dev/rotaract-connect/node_modules/react-native/ReactCommon/react/renderer/uimanager/PointerHoverTracker.cpp normal arm64 c++ com.apple.compilers.llvm.clang.1_0.compiler (in target 'React-Fabric' from project 'Pods')
    cd /Users/jonahmicahinguito/dev/rotaract-connect/ios/Pods
    
    Using response file: /Users/jonahmicahinguito/Library/Developer/Xcode/DerivedData/rotaractconnect-cjwcbdlngckcsaantafkjnfzfbdk/Build/Intermediates.noindex/Pods.build/Debug-iphoneos/React-Fabric.build/Objects-normal/arm64/82b82416624d2658e5098eb0a28c15c5-common-args.resp
    
    /Applications/Xcode.app/Contents/Developer/Toolchains/XcodeDefault.xctoolchain/usr/bin/clang -x c++ -ivfsstatcache /Users/jonahmicahinguito/Library/Developer/Xcode/DerivedData/SDKStatCaches.noindex/iphoneos26.5-23F81a-32daed1954a7d5dd0789fcaf2a9bb78b.sdkstatcache -target arm64-apple-ios15.1 -fmessage-length\=0 -fdiagnostics-show-note-include-stack -fmacro-backtrace-limit\=0 -fno-color-diagnostics -fmodules-prune-interval\=86400 -fmodules-prune-after\=345600 -fbuild-session-file\=/Users/jonahmicahinguito/Library/Developer/Xcode/DerivedData/ModuleCache.noindex/Session.modulevalidation -fmodules-validate-once-per-build-session -Wnon-modular-include-in-framework-module -Werror\=non-modular-include-in-framework-module -Wno-trigraphs -Wno-missing-field-initializers -Wno-missing-prototypes -Werror\=return-type -Wdocumentation -Wunreachable-code -Werror\=deprecated-objc-isa-usage -Werror\=objc-root-class -Wno-non-virtual-dtor -Wno-overloaded-virtual -Wno-exit-time-destructors -Wno-missing-braces -Wparentheses -Wswitch -Wunused-function -Wno-unused-label -Wno-unused-parameter -Wunused-variable -Wunused-value -Wempty-body -Wuninitialized -Wconditional-uninitialized -Wno-unknown-pragmas -Wno-shadow -Wno-four-char-constants -Wno-conversion -Wconstant-conversion -Wint-conversion -Wbool-conversion -Wenum-conversion -Wno-float-conversion -Wnon-literal-null-conversion -Wobjc-literal-conversion -Wshorten-64-to-32 -Wno-newline-eof -Wno-c++11-extensions -Wno-implicit-fallthrough -isysroot /Applications/Xcode.app/Contents/Developer/Platforms/iPhoneOS.platform/Developer/SDKs/iPhoneOS26.5.sdk -fstrict-aliasing -Wdeprecated-declarations -Winvalid-offsetof -Wno-sign-conversion -Winfinite-recursion -Wmove -Wcomma -Wblock-capture-autoreleasing -Wstrict-prototypes -Wrange-loop-analysis -Wno-semicolon-before-method-body -Wunguarded-availability -index-store-path /Users/jonahmicahinguito/Library/Developer/Xcode/DerivedData/rotaractconnect-cjwcbdlngckcsaantafkjnfzfbdk/Index.noindex/DataStore @/Users/jonahmicahinguito/Library/Developer/Xcode/DerivedData/rotaractconnect-cjwcbdlngckcsaantafkjnfzfbdk/Build/Intermediates.noindex/Pods.build/Debug-iphoneos/React-Fabric.build/Objects-normal/arm64/82b82416624d2658e5098eb0a28c15c5-common-args.resp -include /Users/jonahmicahinguito/dev/rotaract-connect/ios/Pods/Target\ Support\ Files/React-Fabric/React-Fabric-prefix.pch -MMD -MT dependencies -MF /Users/jonahmicahinguito/Library/Developer/Xcode/DerivedData/rotaractconnect-cjwcbdlngckcsaantafkjnfzfbdk/Build/Intermediates.noindex/Pods.build/Debug-iphoneos/React-Fabric.build/Objects-normal/arm64/PointerHoverTracker.d --serialize-diagnostics /Users/jonahmicahinguito/Library/Developer/Xcode/DerivedData/rotaractconnect-cjwcbdlngckcsaantafkjnfzfbdk/Build/Intermediates.noindex/Pods.build/Debug-iphoneos/React-Fabric.build/Objects-normal/arm64/PointerHoverTracker.dia -c /Users/jonahmicahinguito/dev/rotaract-connect/node_modules/react-native/ReactCommon/react/renderer/uimanager/PointerHoverTracker.cpp -o /Users/jonahmicahinguito/Library/Developer/Xcode/DerivedData/rotaractconnect-cjwcbdlngckcsaantafkjnfzfbdk/Build/Intermediates.noindex/Pods.build/Debug-iphoneos/React-Fabric.build/Objects-normal/arm64/PointerHoverTracker.o -index-unit-output-path /Pods.build/Debug-iphoneos/React-Fabric.build/Objects-normal/arm64/PointerHoverTracker.o

In file included from /Users/jonahmicahinguito/dev/rotaract-connect/node_modules/react-native/ReactCommon/react/renderer/uimanager/PointerHoverTracker.cpp:8:
In file included from /Users/jonahmicahinguito/dev/rotaract-connect/node_modules/react-native/ReactCommon/react/renderer/uimanager/PointerHoverTracker.h:17:
In file included from /Users/jonahmicahinguito/dev/rotaract-connect/ios/Pods/Headers/Private/React-Fabric/react/renderer/uimanager/UIManager.h:23:
In file included from /Users/jonahmicahinguito/dev/rotaract-connect/ios/Pods/Headers/Private/React-Fabric/react/renderer/mounting/ShadowTree.h:18:
In file included from /Users/jonahmicahinguito/dev/rotaract-connect/ios/Pods/Headers/Private/React-Fabric/react/renderer/mounting/MountingCoordinator.h:15:
In file included from /Users/jonahmicahinguito/dev/rotaract-connect/ios/Pods/Headers/Private/React-Fabric/react/renderer/mounting/Differentiator.h:11:
/Users/jonahmicahinguito/dev/rotaract-connect/ios/Pods/Headers/Private/React-Fabric/react/renderer/mounting/ShadowViewMutation.h:46:7: warning: declaration is marked with '@deprecated' command but does not have a deprecation attribute [-Wdocumentation-deprecated-sync]
   46 |    * @deprecated Pass parentTag instead of parentShadowView.
      |      ~^~~~~~~~~~~~~~~~~~~~~~~~~~~~~~~~~~~~~~~~~~~~~~~~~~~~~~
/Users/jonahmicahinguito/dev/rotaract-connect/ios/Pods/Headers/Private/React-Fabric/react/renderer/mounting/ShadowViewMutation.h:48:3: note: add a deprecation attribute to the declaration to silence this warning
   48 |   static ShadowViewMutation InsertMutation(const ShadowView &parentShadowView, ShadowView childShadowView, int index)
      |   ^
      |   FMT_DEPRECATED 
/Users/jonahmicahinguito/dev/rotaract-connect/ios/Pods/Headers/Private/React-Fabric/react/renderer/mounting/ShadowViewMutation.h:60:7: warning: declaration is marked with '@deprecated' command but does not have a deprecation attribute [-Wdocumentation-deprecated-sync]
   60 |    * @deprecated Pass parentTag instead of parentShadowView.
      |      ~^~~~~~~~~~~~~~~~~~~~~~~~~~~~~~~~~~~~~~~~~~~~~~~~~~~~~~
/Users/jonahmicahinguito/dev/rotaract-connect/ios/Pods/Headers/Private/React-Fabric/react/renderer/mounting/ShadowViewMutation.h:62:3: note: add a deprecation attribute to the declaration to silence this warning
   62 |   static ShadowViewMutation RemoveMutation(const ShadowView &parentShadowView, ShadowView childShadowView, int index)
      |   ^
      |   FMT_DEPRECATED 
/Users/jonahmicahinguito/dev/rotaract-connect/ios/Pods/Headers/Private/React-Fabric/react/renderer/mounting/ShadowViewMutation.h:74:7: warning: declaration is marked with '@deprecated' command but does not have a deprecation attribute [-Wdocumentation-deprecated-sync]
   74 |    * @deprecated Pass parentTag instead of parentShadowView.
      |      ~^~~~~~~~~~~~~~~~~~~~~~~~~~~~~~~~~~~~~~~~~~~~~~~~~~~~~~
/Users/jonahmicahinguito/dev/rotaract-connect/ios/Pods/Headers/Private/React-Fabric/react/renderer/mounting/ShadowViewMutation.h:76:3: note: add a deprecation attribute to the declaration to silence this warning
   76 |   static ShadowViewMutation
      |   ^
      |   FMT_DEPRECATED 
3 warnings generated.

/Users/jonahmicahinguito/dev/rotaract-connect/ios/Pods/Headers/Private/React-Fabric/react/renderer/mounting/ShadowViewMutation.h:46:7: Declaration is marked with '@deprecated' command but does not have a deprecation attribute

/Users/jonahmicahinguito/dev/rotaract-connect/ios/Pods/Headers/Private/React-Fabric/react/renderer/mounting/ShadowViewMutation.h:60:7: Declaration is marked with '@deprecated' command but does not have a deprecation attribute

/Users/jonahmicahinguito/dev/rotaract-connect/ios/Pods/Headers/Private/React-Fabric/react/renderer/mounting/ShadowViewMutation.h:74:7: Declaration is marked with '@deprecated' command but does not have a deprecation attribute

CompileC /Users/jonahmicahinguito/Library/Developer/Xcode/DerivedData/rotaractconnect-cjwcbdlngckcsaantafkjnfzfbdk/Build/Intermediates.noindex/Pods.build/Debug-iphoneos/React-Fabric.build/Objects-normal/arm64/PointerEventsProcessor.o /Users/jonahmicahinguito/dev/rotaract-connect/node_modules/react-native/ReactCommon/react/renderer/uimanager/PointerEventsProcessor.cpp normal arm64 c++ com.apple.compilers.llvm.clang.1_0.compiler (in target 'React-Fabric' from project 'Pods')
    cd /Users/jonahmicahinguito/dev/rotaract-connect/ios/Pods
    
    Using response file: /Users/jonahmicahinguito/Library/Developer/Xcode/DerivedData/rotaractconnect-cjwcbdlngckcsaantafkjnfzfbdk/Build/Intermediates.noindex/Pods.build/Debug-iphoneos/React-Fabric.build/Objects-normal/arm64/82b82416624d2658e5098eb0a28c15c5-common-args.resp
    
    /Applications/Xcode.app/Contents/Developer/Toolchains/XcodeDefault.xctoolchain/usr/bin/clang -x c++ -ivfsstatcache /Users/jonahmicahinguito/Library/Developer/Xcode/DerivedData/SDKStatCaches.noindex/iphoneos26.5-23F81a-32daed1954a7d5dd0789fcaf2a9bb78b.sdkstatcache -target arm64-apple-ios15.1 -fmessage-length\=0 -fdiagnostics-show-note-include-stack -fmacro-backtrace-limit\=0 -fno-color-diagnostics -fmodules-prune-interval\=86400 -fmodules-prune-after\=345600 -fbuild-session-file\=/Users/jonahmicahinguito/Library/Developer/Xcode/DerivedData/ModuleCache.noindex/Session.modulevalidation -fmodules-validate-once-per-build-session -Wnon-modular-include-in-framework-module -Werror\=non-modular-include-in-framework-module -Wno-trigraphs -Wno-missing-field-initializers -Wno-missing-prototypes -Werror\=return-type -Wdocumentation -Wunreachable-code -Werror\=deprecated-objc-isa-usage -Werror\=objc-root-class -Wno-non-virtual-dtor -Wno-overloaded-virtual -Wno-exit-time-destructors -Wno-missing-braces -Wparentheses -Wswitch -Wunused-function -Wno-unused-label -Wno-unused-parameter -Wunused-variable -Wunused-value -Wempty-body -Wuninitialized -Wconditional-uninitialized -Wno-unknown-pragmas -Wno-shadow -Wno-four-char-constants -Wno-conversion -Wconstant-conversion -Wint-conversion -Wbool-conversion -Wenum-conversion -Wno-float-conversion -Wnon-literal-null-conversion -Wobjc-literal-conversion -Wshorten-64-to-32 -Wno-newline-eof -Wno-c++11-extensions -Wno-implicit-fallthrough -isysroot /Applications/Xcode.app/Contents/Developer/Platforms/iPhoneOS.platform/Developer/SDKs/iPhoneOS26.5.sdk -fstrict-aliasing -Wdeprecated-declarations -Winvalid-offsetof -Wno-sign-conversion -Winfinite-recursion -Wmove -Wcomma -Wblock-capture-autoreleasing -Wstrict-prototypes -Wrange-loop-analysis -Wno-semicolon-before-method-body -Wunguarded-availability -index-store-path /Users/jonahmicahinguito/Library/Developer/Xcode/DerivedData/rotaractconnect-cjwcbdlngckcsaantafkjnfzfbdk/Index.noindex/DataStore @/Users/jonahmicahinguito/Library/Developer/Xcode/DerivedData/rotaractconnect-cjwcbdlngckcsaantafkjnfzfbdk/Build/Intermediates.noindex/Pods.build/Debug-iphoneos/React-Fabric.build/Objects-normal/arm64/82b82416624d2658e5098eb0a28c15c5-common-args.resp -include /Users/jonahmicahinguito/dev/rotaract-connect/ios/Pods/Target\ Support\ Files/React-Fabric/React-Fabric-prefix.pch -MMD -MT dependencies -MF /Users/jonahmicahinguito/Library/Developer/Xcode/DerivedData/rotaractconnect-cjwcbdlngckcsaantafkjnfzfbdk/Build/Intermediates.noindex/Pods.build/Debug-iphoneos/React-Fabric.build/Objects-normal/arm64/PointerEventsProcessor.d --serialize-diagnostics /Users/jonahmicahinguito/Library/Developer/Xcode/DerivedData/rotaractconnect-cjwcbdlngckcsaantafkjnfzfbdk/Build/Intermediates.noindex/Pods.build/Debug-iphoneos/React-Fabric.build/Objects-normal/arm64/PointerEventsProcessor.dia -c /Users/jonahmicahinguito/dev/rotaract-connect/node_modules/react-native/ReactCommon/react/renderer/uimanager/PointerEventsProcessor.cpp -o /Users/jonahmicahinguito/Library/Developer/Xcode/DerivedData/rotaractconnect-cjwcbdlngckcsaantafkjnfzfbdk/Build/Intermediates.noindex/Pods.build/Debug-iphoneos/React-Fabric.build/Objects-normal/arm64/PointerEventsProcessor.o -index-unit-output-path /Pods.build/Debug-iphoneos/React-Fabric.build/Objects-normal/arm64/PointerEventsProcessor.o

In file included from /Users/jonahmicahinguito/dev/rotaract-connect/node_modules/react-native/ReactCommon/react/renderer/uimanager/PointerEventsProcessor.cpp:8:
In file included from /Users/jonahmicahinguito/dev/rotaract-connect/node_modules/react-native/ReactCommon/react/renderer/uimanager/PointerEventsProcessor.h:13:
In file included from /Users/jonahmicahinguito/dev/rotaract-connect/ios/Pods/Headers/Private/React-Fabric/react/renderer/uimanager/PointerHoverTracker.h:17:
In file included from /Users/jonahmicahinguito/dev/rotaract-connect/ios/Pods/Headers/Private/React-Fabric/react/renderer/uimanager/UIManager.h:23:
In file included from /Users/jonahmicahinguito/dev/rotaract-connect/ios/Pods/Headers/Private/React-Fabric/react/renderer/mounting/ShadowTree.h:18:
In file included from /Users/jonahmicahinguito/dev/rotaract-connect/ios/Pods/Headers/Private/React-Fabric/react/renderer/mounting/MountingCoordinator.h:15:
In file included from /Users/jonahmicahinguito/dev/rotaract-connect/ios/Pods/Headers/Private/React-Fabric/react/renderer/mounting/Differentiator.h:11:
/Users/jonahmicahinguito/dev/rotaract-connect/ios/Pods/Headers/Private/React-Fabric/react/renderer/mounting/ShadowViewMutation.h:46:7: warning: declaration is marked with '@deprecated' command but does not have a deprecation attribute [-Wdocumentation-deprecated-sync]
   46 |    * @deprecated Pass parentTag instead of parentShadowView.
      |      ~^~~~~~~~~~~~~~~~~~~~~~~~~~~~~~~~~~~~~~~~~~~~~~~~~~~~~~
/Users/jonahmicahinguito/dev/rotaract-connect/ios/Pods/Headers/Private/React-Fabric/react/renderer/mounting/ShadowViewMutation.h:48:3: note: add a deprecation attribute to the declaration to silence this warning
   48 |   static ShadowViewMutation InsertMutation(const ShadowView &parentShadowView, ShadowView childShadowView, int index)
      |   ^
      |   FMT_DEPRECATED 
/Users/jonahmicahinguito/dev/rotaract-connect/ios/Pods/Headers/Private/React-Fabric/react/renderer/mounting/ShadowViewMutation.h:60:7: warning: declaration is marked with '@deprecated' command but does not have a deprecation attribute [-Wdocumentation-deprecated-sync]
   60 |    * @deprecated Pass parentTag instead of parentShadowView.
      |      ~^~~~~~~~~~~~~~~~~~~~~~~~~~~~~~~~~~~~~~~~~~~~~~~~~~~~~~
/Users/jonahmicahinguito/dev/rotaract-connect/ios/Pods/Headers/Private/React-Fabric/react/renderer/mounting/ShadowViewMutation.h:62:3: note: add a deprecation attribute to the declaration to silence this warning
   62 |   static ShadowViewMutation RemoveMutation(const ShadowView &parentShadowView, ShadowView childShadowView, int index)
      |   ^
      |   FMT_DEPRECATED 
/Users/jonahmicahinguito/dev/rotaract-connect/ios/Pods/Headers/Private/React-Fabric/react/renderer/mounting/ShadowViewMutation.h:74:7: warning: declaration is marked with '@deprecated' command but does not have a deprecation attribute [-Wdocumentation-deprecated-sync]
   74 |    * @deprecated Pass parentTag instead of parentShadowView.
      |      ~^~~~~~~~~~~~~~~~~~~~~~~~~~~~~~~~~~~~~~~~~~~~~~~~~~~~~~
/Users/jonahmicahinguito/dev/rotaract-connect/ios/Pods/Headers/Private/React-Fabric/react/renderer/mounting/ShadowViewMutation.h:76:3: note: add a deprecation attribute to the declaration to silence this warning
   76 |   static ShadowViewMutation
      |   ^
      |   FMT_DEPRECATED 
3 warnings generated.

/Users/jonahmicahinguito/dev/rotaract-connect/ios/Pods/Headers/Private/React-Fabric/react/renderer/mounting/ShadowViewMutation.h:46:7: Declaration is marked with '@deprecated' command but does not have a deprecation attribute

/Users/jonahmicahinguito/dev/rotaract-connect/ios/Pods/Headers/Private/React-Fabric/react/renderer/mounting/ShadowViewMutation.h:60:7: Declaration is marked with '@deprecated' command but does not have a deprecation attribute

/Users/jonahmicahinguito/dev/rotaract-connect/ios/Pods/Headers/Private/React-Fabric/react/renderer/mounting/ShadowViewMutation.h:74:7: Declaration is marked with '@deprecated' command but does not have a deprecation attribute

CompileC /Users/jonahmicahinguito/Library/Developer/Xcode/DerivedData/rotaractconnect-cjwcbdlngckcsaantafkjnfzfbdk/Build/Intermediates.noindex/Pods.build/Debug-iphoneos/React-Fabric.build/Objects-normal/arm64/ObjectAnimatedNode.o /Users/jonahmicahinguito/dev/rotaract-connect/node_modules/react-native/ReactCommon/react/renderer/animated/nodes/ObjectAnimatedNode.cpp normal arm64 c++ com.apple.compilers.llvm.clang.1_0.compiler (in target 'React-Fabric' from project 'Pods')
    cd /Users/jonahmicahinguito/dev/rotaract-connect/ios/Pods
    
    Using response file: /Users/jonahmicahinguito/Library/Developer/Xcode/DerivedData/rotaractconnect-cjwcbdlngckcsaantafkjnfzfbdk/Build/Intermediates.noindex/Pods.build/Debug-iphoneos/React-Fabric.build/Objects-normal/arm64/82b82416624d2658e5098eb0a28c15c5-common-args.resp
    
    /Applications/Xcode.app/Contents/Developer/Toolchains/XcodeDefault.xctoolchain/usr/bin/clang -x c++ -ivfsstatcache /Users/jonahmicahinguito/Library/Developer/Xcode/DerivedData/SDKStatCaches.noindex/iphoneos26.5-23F81a-32daed1954a7d5dd0789fcaf2a9bb78b.sdkstatcache -target arm64-apple-ios15.1 -fmessage-length\=0 -fdiagnostics-show-note-include-stack -fmacro-backtrace-limit\=0 -fno-color-diagnostics -fmodules-prune-interval\=86400 -fmodules-prune-after\=345600 -fbuild-session-file\=/Users/jonahmicahinguito/Library/Developer/Xcode/DerivedData/ModuleCache.noindex/Session.modulevalidation -fmodules-validate-once-per-build-session -Wnon-modular-include-in-framework-module -Werror\=non-modular-include-in-framework-module -Wno-trigraphs -Wno-missing-field-initializers -Wno-missing-prototypes -Werror\=return-type -Wdocumentation -Wunreachable-code -Werror\=deprecated-objc-isa-usage -Werror\=objc-root-class -Wno-non-virtual-dtor -Wno-overloaded-virtual -Wno-exit-time-destructors -Wno-missing-braces -Wparentheses -Wswitch -Wunused-function -Wno-unused-label -Wno-unused-parameter -Wunused-variable -Wunused-value -Wempty-body -Wuninitialized -Wconditional-uninitialized -Wno-unknown-pragmas -Wno-shadow -Wno-four-char-constants -Wno-conversion -Wconstant-conversion -Wint-conversion -Wbool-conversion -Wenum-conversion -Wno-float-conversion -Wnon-literal-null-conversion -Wobjc-literal-conversion -Wshorten-64-to-32 -Wno-newline-eof -Wno-c++11-extensions -Wno-implicit-fallthrough -isysroot /Applications/Xcode.app/Contents/Developer/Platforms/iPhoneOS.platform/Developer/SDKs/iPhoneOS26.5.sdk -fstrict-aliasing -Wdeprecated-declarations -Winvalid-offsetof -Wno-sign-conversion -Winfinite-recursion -Wmove -Wcomma -Wblock-capture-autoreleasing -Wstrict-prototypes -Wrange-loop-analysis -Wno-semicolon-before-method-body -Wunguarded-availability -index-store-path /Users/jonahmicahinguito/Library/Developer/Xcode/DerivedData/rotaractconnect-cjwcbdlngckcsaantafkjnfzfbdk/Index.noindex/DataStore @/Users/jonahmicahinguito/Library/Developer/Xcode/DerivedData/rotaractconnect-cjwcbdlngckcsaantafkjnfzfbdk/Build/Intermediates.noindex/Pods.build/Debug-iphoneos/React-Fabric.build/Objects-normal/arm64/82b82416624d2658e5098eb0a28c15c5-common-args.resp -include /Users/jonahmicahinguito/dev/rotaract-connect/ios/Pods/Target\ Support\ Files/React-Fabric/React-Fabric-prefix.pch -MMD -MT dependencies -MF /Users/jonahmicahinguito/Library/Developer/Xcode/DerivedData/rotaractconnect-cjwcbdlngckcsaantafkjnfzfbdk/Build/Intermediates.noindex/Pods.build/Debug-iphoneos/React-Fabric.build/Objects-normal/arm64/ObjectAnimatedNode.d --serialize-diagnostics /Users/jonahmicahinguito/Library/Developer/Xcode/DerivedData/rotaractconnect-cjwcbdlngckcsaantafkjnfzfbdk/Build/Intermediates.noindex/Pods.build/Debug-iphoneos/React-Fabric.build/Objects-normal/arm64/ObjectAnimatedNode.dia -c /Users/jonahmicahinguito/dev/rotaract-connect/node_modules/react-native/ReactCommon/react/renderer/animated/nodes/ObjectAnimatedNode.cpp -o /Users/jonahmicahinguito/Library/Developer/Xcode/DerivedData/rotaractconnect-cjwcbdlngckcsaantafkjnfzfbdk/Build/Intermediates.noindex/Pods.build/Debug-iphoneos/React-Fabric.build/Objects-normal/arm64/ObjectAnimatedNode.o -index-unit-output-path /Pods.build/Debug-iphoneos/React-Fabric.build/Objects-normal/arm64/ObjectAnimatedNode.o

In file included from /Users/jonahmicahinguito/dev/rotaract-connect/node_modules/react-native/ReactCommon/react/renderer/animated/nodes/ObjectAnimatedNode.cpp:15:
In file included from /Users/jonahmicahinguito/dev/rotaract-connect/ios/Pods/Headers/Private/React-Fabric/react/renderer/animated/NativeAnimatedNodesManager.h:21:
In file included from /Users/jonahmicahinguito/dev/rotaract-connect/ios/Pods/Headers/Private/React-Fabric/react/renderer/animationbackend/AnimationBackend.h:12:
In file included from /Users/jonahmicahinguito/dev/rotaract-connect/ios/Pods/Headers/Private/React-Fabric/react/renderer/uimanager/UIManager.h:23:
In file included from /Users/jonahmicahinguito/dev/rotaract-connect/ios/Pods/Headers/Private/React-Fabric/react/renderer/mounting/ShadowTree.h:18:
In file included from /Users/jonahmicahinguito/dev/rotaract-connect/ios/Pods/Headers/Private/React-Fabric/react/renderer/mounting/MountingCoordinator.h:15:
In file included from /Users/jonahmicahinguito/dev/rotaract-connect/ios/Pods/Headers/Private/React-Fabric/react/renderer/mounting/Differentiator.h:11:
/Users/jonahmicahinguito/dev/rotaract-connect/ios/Pods/Headers/Private/React-Fabric/react/renderer/mounting/ShadowViewMutation.h:46:7: warning: declaration is marked with '@deprecated' command but does not have a deprecation attribute [-Wdocumentation-deprecated-sync]
   46 |    * @deprecated Pass parentTag instead of parentShadowView.
      |      ~^~~~~~~~~~~~~~~~~~~~~~~~~~~~~~~~~~~~~~~~~~~~~~~~~~~~~~
/Users/jonahmicahinguito/dev/rotaract-connect/ios/Pods/Headers/Private/React-Fabric/react/renderer/mounting/ShadowViewMutation.h:48:3: note: add a deprecation attribute to the declaration to silence this warning
   48 |   static ShadowViewMutation InsertMutation(const ShadowView &parentShadowView, ShadowView childShadowView, int index)
      |   ^
      |   FMT_DEPRECATED 
/Users/jonahmicahinguito/dev/rotaract-connect/ios/Pods/Headers/Private/React-Fabric/react/renderer/mounting/ShadowViewMutation.h:60:7: warning: declaration is marked with '@deprecated' command but does not have a deprecation attribute [-Wdocumentation-deprecated-sync]
   60 |    * @deprecated Pass parentTag instead of parentShadowView.
      |      ~^~~~~~~~~~~~~~~~~~~~~~~~~~~~~~~~~~~~~~~~~~~~~~~~~~~~~~
/Users/jonahmicahinguito/dev/rotaract-connect/ios/Pods/Headers/Private/React-Fabric/react/renderer/mounting/ShadowViewMutation.h:62:3: note: add a deprecation attribute to the declaration to silence this warning
   62 |   static ShadowViewMutation RemoveMutation(const ShadowView &parentShadowView, ShadowView childShadowView, int index)
      |   ^
      |   FMT_DEPRECATED 
/Users/jonahmicahinguito/dev/rotaract-connect/ios/Pods/Headers/Private/React-Fabric/react/renderer/mounting/ShadowViewMutation.h:74:7: warning: declaration is marked with '@deprecated' command but does not have a deprecation attribute [-Wdocumentation-deprecated-sync]
   74 |    * @deprecated Pass parentTag instead of parentShadowView.
      |      ~^~~~~~~~~~~~~~~~~~~~~~~~~~~~~~~~~~~~~~~~~~~~~~~~~~~~~~
/Users/jonahmicahinguito/dev/rotaract-connect/ios/Pods/Headers/Private/React-Fabric/react/renderer/mounting/ShadowViewMutation.h:76:3: note: add a deprecation attribute to the declaration to silence this warning
   76 |   static ShadowViewMutation
      |   ^
      |   FMT_DEPRECATED 
3 warnings generated.

/Users/jonahmicahinguito/dev/rotaract-connect/ios/Pods/Headers/Private/React-Fabric/react/renderer/mounting/ShadowViewMutation.h:46:7: Declaration is marked with '@deprecated' command but does not have a deprecation attribute

/Users/jonahmicahinguito/dev/rotaract-connect/ios/Pods/Headers/Private/React-Fabric/react/renderer/mounting/ShadowViewMutation.h:60:7: Declaration is marked with '@deprecated' command but does not have a deprecation attribute

/Users/jonahmicahinguito/dev/rotaract-connect/ios/Pods/Headers/Private/React-Fabric/react/renderer/mounting/ShadowViewMutation.h:74:7: Declaration is marked with '@deprecated' command but does not have a deprecation attribute

CompileC /Users/jonahmicahinguito/Library/Developer/Xcode/DerivedData/rotaractconnect-cjwcbdlngckcsaantafkjnfzfbdk/Build/Intermediates.noindex/Pods.build/Debug-iphoneos/React-Fabric.build/Objects-normal/arm64/NativeAnimatedNodesManagerProvider.o /Users/jonahmicahinguito/dev/rotaract-connect/node_modules/react-native/ReactCommon/react/renderer/animated/NativeAnimatedNodesManagerProvider.cpp normal arm64 c++ com.apple.compilers.llvm.clang.1_0.compiler (in target 'React-Fabric' from project 'Pods')
    cd /Users/jonahmicahinguito/dev/rotaract-connect/ios/Pods
    
    Using response file: /Users/jonahmicahinguito/Library/Developer/Xcode/DerivedData/rotaractconnect-cjwcbdlngckcsaantafkjnfzfbdk/Build/Intermediates.noindex/Pods.build/Debug-iphoneos/React-Fabric.build/Objects-normal/arm64/82b82416624d2658e5098eb0a28c15c5-common-args.resp
    
    /Applications/Xcode.app/Contents/Developer/Toolchains/XcodeDefault.xctoolchain/usr/bin/clang -x c++ -ivfsstatcache /Users/jonahmicahinguito/Library/Developer/Xcode/DerivedData/SDKStatCaches.noindex/iphoneos26.5-23F81a-32daed1954a7d5dd0789fcaf2a9bb78b.sdkstatcache -target arm64-apple-ios15.1 -fmessage-length\=0 -fdiagnostics-show-note-include-stack -fmacro-backtrace-limit\=0 -fno-color-diagnostics -fmodules-prune-interval\=86400 -fmodules-prune-after\=345600 -fbuild-session-file\=/Users/jonahmicahinguito/Library/Developer/Xcode/DerivedData/ModuleCache.noindex/Session.modulevalidation -fmodules-validate-once-per-build-session -Wnon-modular-include-in-framework-module -Werror\=non-modular-include-in-framework-module -Wno-trigraphs -Wno-missing-field-initializers -Wno-missing-prototypes -Werror\=return-type -Wdocumentation -Wunreachable-code -Werror\=deprecated-objc-isa-usage -Werror\=objc-root-class -Wno-non-virtual-dtor -Wno-overloaded-virtual -Wno-exit-time-destructors -Wno-missing-braces -Wparentheses -Wswitch -Wunused-function -Wno-unused-label -Wno-unused-parameter -Wunused-variable -Wunused-value -Wempty-body -Wuninitialized -Wconditional-uninitialized -Wno-unknown-pragmas -Wno-shadow -Wno-four-char-constants -Wno-conversion -Wconstant-conversion -Wint-conversion -Wbool-conversion -Wenum-conversion -Wno-float-conversion -Wnon-literal-null-conversion -Wobjc-literal-conversion -Wshorten-64-to-32 -Wno-newline-eof -Wno-c++11-extensions -Wno-implicit-fallthrough -isysroot /Applications/Xcode.app/Contents/Developer/Platforms/iPhoneOS.platform/Developer/SDKs/iPhoneOS26.5.sdk -fstrict-aliasing -Wdeprecated-declarations -Winvalid-offsetof -Wno-sign-conversion -Winfinite-recursion -Wmove -Wcomma -Wblock-capture-autoreleasing -Wstrict-prototypes -Wrange-loop-analysis -Wno-semicolon-before-method-body -Wunguarded-availability -index-store-path /Users/jonahmicahinguito/Library/Developer/Xcode/DerivedData/rotaractconnect-cjwcbdlngckcsaantafkjnfzfbdk/Index.noindex/DataStore @/Users/jonahmicahinguito/Library/Developer/Xcode/DerivedData/rotaractconnect-cjwcbdlngckcsaantafkjnfzfbdk/Build/Intermediates.noindex/Pods.build/Debug-iphoneos/React-Fabric.build/Objects-normal/arm64/82b82416624d2658e5098eb0a28c15c5-common-args.resp -include /Users/jonahmicahinguito/dev/rotaract-connect/ios/Pods/Target\ Support\ Files/React-Fabric/React-Fabric-prefix.pch -MMD -MT dependencies -MF /Users/jonahmicahinguito/Library/Developer/Xcode/DerivedData/rotaractconnect-cjwcbdlngckcsaantafkjnfzfbdk/Build/Intermediates.noindex/Pods.build/Debug-iphoneos/React-Fabric.build/Objects-normal/arm64/NativeAnimatedNodesManagerProvider.d --serialize-diagnostics /Users/jonahmicahinguito/Library/Developer/Xcode/DerivedData/rotaractconnect-cjwcbdlngckcsaantafkjnfzfbdk/Build/Intermediates.noindex/Pods.build/Debug-iphoneos/React-Fabric.build/Objects-normal/arm64/NativeAnimatedNodesManagerProvider.dia -c /Users/jonahmicahinguito/dev/rotaract-connect/node_modules/react-native/ReactCommon/react/renderer/animated/NativeAnimatedNodesManagerProvider.cpp -o /Users/jonahmicahinguito/Library/Developer/Xcode/DerivedData/rotaractconnect-cjwcbdlngckcsaantafkjnfzfbdk/Build/Intermediates.noindex/Pods.build/Debug-iphoneos/React-Fabric.build/Objects-normal/arm64/NativeAnimatedNodesManagerProvider.o -index-unit-output-path /Pods.build/Debug-iphoneos/React-Fabric.build/Objects-normal/arm64/NativeAnimatedNodesManagerProvider.o

In file included from /Users/jonahmicahinguito/dev/rotaract-connect/node_modules/react-native/ReactCommon/react/renderer/animated/NativeAnimatedNodesManagerProvider.cpp:8:
In file included from /Users/jonahmicahinguito/dev/rotaract-connect/node_modules/react-native/ReactCommon/react/renderer/animated/NativeAnimatedNodesManagerProvider.h:10:
/Users/jonahmicahinguito/dev/rotaract-connect/ios/Pods/Headers/Private/React-Fabric/react/renderer/animated/MergedValueDispatcher.h:32:13: warning: parameter 'latestValueFunction' not found in the function declaration [-Wdocumentation]
   32 |    * @param latestValueFunction - function that will be called on the target
      |             ^~~~~~~~~~~~~~~~~~~
/Users/jonahmicahinguito/dev/rotaract-connect/ios/Pods/Headers/Private/React-Fabric/react/renderer/animated/MergedValueDispatcher.h:32:13: note: did you mean 'mergedValueFunction'?
   32 |    * @param latestValueFunction - function that will be called on the target
      |             ^~~~~~~~~~~~~~~~~~~
      |             mergedValueFunction
In file included from /Users/jonahmicahinguito/dev/rotaract-connect/node_modules/react-native/ReactCommon/react/renderer/animated/NativeAnimatedNodesManagerProvider.cpp:8:
In file included from /Users/jonahmicahinguito/dev/rotaract-connect/node_modules/react-native/ReactCommon/react/renderer/animated/NativeAnimatedNodesManagerProvider.h:12:
In file included from /Users/jonahmicahinguito/dev/rotaract-connect/node_modules/react-native/ReactCommon/react/renderer/animated/NativeAnimatedNodesManager.h:21:
In file included from /Users/jonahmicahinguito/dev/rotaract-connect/ios/Pods/Headers/Private/React-Fabric/react/renderer/animationbackend/AnimationBackend.h:12:
In file included from /Users/jonahmicahinguito/dev/rotaract-connect/ios/Pods/Headers/Private/React-Fabric/react/renderer/uimanager/UIManager.h:23:
In file included from /Users/jonahmicahinguito/dev/rotaract-connect/ios/Pods/Headers/Private/React-Fabric/react/renderer/mounting/ShadowTree.h:18:
In file included from /Users/jonahmicahinguito/dev/rotaract-connect/ios/Pods/Headers/Private/React-Fabric/react/renderer/mounting/MountingCoordinator.h:15:
In file included from /Users/jonahmicahinguito/dev/rotaract-connect/ios/Pods/Headers/Private/React-Fabric/react/renderer/mounting/Differentiator.h:11:
/Users/jonahmicahinguito/dev/rotaract-connect/ios/Pods/Headers/Private/React-Fabric/react/renderer/mounting/ShadowViewMutation.h:46:7: warning: declaration is marked with '@deprecated' command but does not have a deprecation attribute [-Wdocumentation-deprecated-sync]
   46 |    * @deprecated Pass parentTag instead of parentShadowView.
      |      ~^~~~~~~~~~~~~~~~~~~~~~~~~~~~~~~~~~~~~~~~~~~~~~~~~~~~~~
/Users/jonahmicahinguito/dev/rotaract-connect/ios/Pods/Headers/Private/React-Fabric/react/renderer/mounting/ShadowViewMutation.h:48:3: note: add a deprecation attribute to the declaration to silence this warning
   48 |   static ShadowViewMutation InsertMutation(const ShadowView &parentShadowView, ShadowView childShadowView, int index)
      |   ^
      |   FMT_DEPRECATED 
/Users/jonahmicahinguito/dev/rotaract-connect/ios/Pods/Headers/Private/React-Fabric/react/renderer/mounting/ShadowViewMutation.h:60:7: warning: declaration is marked with '@deprecated' command but does not have a deprecation attribute [-Wdocumentation-deprecated-sync]
   60 |    * @deprecated Pass parentTag instead of parentShadowView.
      |      ~^~~~~~~~~~~~~~~~~~~~~~~~~~~~~~~~~~~~~~~~~~~~~~~~~~~~~~
/Users/jonahmicahinguito/dev/rotaract-connect/ios/Pods/Headers/Private/React-Fabric/react/renderer/mounting/ShadowViewMutation.h:62:3: note: add a deprecation attribute to the declaration to silence this warning
   62 |   static ShadowViewMutation RemoveMutation(const ShadowView &parentShadowView, ShadowView childShadowView, int index)
      |   ^
      |   FMT_DEPRECATED 
/Users/jonahmicahinguito/dev/rotaract-connect/ios/Pods/Headers/Private/React-Fabric/react/renderer/mounting/ShadowViewMutation.h:74:7: warning: declaration is marked with '@deprecated' command but does not have a deprecation attribute [-Wdocumentation-deprecated-sync]
   74 |    * @deprecated Pass parentTag instead of parentShadowView.
      |      ~^~~~~~~~~~~~~~~~~~~~~~~~~~~~~~~~~~~~~~~~~~~~~~~~~~~~~~
/Users/jonahmicahinguito/dev/rotaract-connect/ios/Pods/Headers/Private/React-Fabric/react/renderer/mounting/ShadowViewMutation.h:76:3: note: add a deprecation attribute to the declaration to silence this warning
   76 |   static ShadowViewMutation
      |   ^
      |   FMT_DEPRECATED 
4 warnings generated.

/Users/jonahmicahinguito/dev/rotaract-connect/ios/Pods/Headers/Private/React-Fabric/react/renderer/animated/MergedValueDispatcher.h:32:13: Parameter 'latestValueFunction' not found in the function declaration

/Users/jonahmicahinguito/dev/rotaract-connect/ios/Pods/Headers/Private/React-Fabric/react/renderer/mounting/ShadowViewMutation.h:46:7: Declaration is marked with '@deprecated' command but does not have a deprecation attribute

/Users/jonahmicahinguito/dev/rotaract-connect/ios/Pods/Headers/Private/React-Fabric/react/renderer/mounting/ShadowViewMutation.h:60:7: Declaration is marked with '@deprecated' command but does not have a deprecation attribute

/Users/jonahmicahinguito/dev/rotaract-connect/ios/Pods/Headers/Private/React-Fabric/react/renderer/mounting/ShadowViewMutation.h:74:7: Declaration is marked with '@deprecated' command but does not have a deprecation attribute

CompileC /Users/jonahmicahinguito/Library/Developer/Xcode/DerivedData/rotaractconnect-cjwcbdlngckcsaantafkjnfzfbdk/Build/Intermediates.noindex/Pods.build/Debug-iphoneos/React-Fabric.build/Objects-normal/arm64/NativeAnimatedNodesManager.o /Users/jonahmicahinguito/dev/rotaract-connect/node_modules/react-native/ReactCommon/react/renderer/animated/NativeAnimatedNodesManager.cpp normal arm64 c++ com.apple.compilers.llvm.clang.1_0.compiler (in target 'React-Fabric' from project 'Pods')
    cd /Users/jonahmicahinguito/dev/rotaract-connect/ios/Pods
    
    Using response file: /Users/jonahmicahinguito/Library/Developer/Xcode/DerivedData/rotaractconnect-cjwcbdlngckcsaantafkjnfzfbdk/Build/Intermediates.noindex/Pods.build/Debug-iphoneos/React-Fabric.build/Objects-normal/arm64/82b82416624d2658e5098eb0a28c15c5-common-args.resp
    
    /Applications/Xcode.app/Contents/Developer/Toolchains/XcodeDefault.xctoolchain/usr/bin/clang -x c++ -ivfsstatcache /Users/jonahmicahinguito/Library/Developer/Xcode/DerivedData/SDKStatCaches.noindex/iphoneos26.5-23F81a-32daed1954a7d5dd0789fcaf2a9bb78b.sdkstatcache -target arm64-apple-ios15.1 -fmessage-length\=0 -fdiagnostics-show-note-include-stack -fmacro-backtrace-limit\=0 -fno-color-diagnostics -fmodules-prune-interval\=86400 -fmodules-prune-after\=345600 -fbuild-session-file\=/Users/jonahmicahinguito/Library/Developer/Xcode/DerivedData/ModuleCache.noindex/Session.modulevalidation -fmodules-validate-once-per-build-session -Wnon-modular-include-in-framework-module -Werror\=non-modular-include-in-framework-module -Wno-trigraphs -Wno-missing-field-initializers -Wno-missing-prototypes -Werror\=return-type -Wdocumentation -Wunreachable-code -Werror\=deprecated-objc-isa-usage -Werror\=objc-root-class -Wno-non-virtual-dtor -Wno-overloaded-virtual -Wno-exit-time-destructors -Wno-missing-braces -Wparentheses -Wswitch -Wunused-function -Wno-unused-label -Wno-unused-parameter -Wunused-variable -Wunused-value -Wempty-body -Wuninitialized -Wconditional-uninitialized -Wno-unknown-pragmas -Wno-shadow -Wno-four-char-constants -Wno-conversion -Wconstant-conversion -Wint-conversion -Wbool-conversion -Wenum-conversion -Wno-float-conversion -Wnon-literal-null-conversion -Wobjc-literal-conversion -Wshorten-64-to-32 -Wno-newline-eof -Wno-c++11-extensions -Wno-implicit-fallthrough -isysroot /Applications/Xcode.app/Contents/Developer/Platforms/iPhoneOS.platform/Developer/SDKs/iPhoneOS26.5.sdk -fstrict-aliasing -Wdeprecated-declarations -Winvalid-offsetof -Wno-sign-conversion -Winfinite-recursion -Wmove -Wcomma -Wblock-capture-autoreleasing -Wstrict-prototypes -Wrange-loop-analysis -Wno-semicolon-before-method-body -Wunguarded-availability -index-store-path /Users/jonahmicahinguito/Library/Developer/Xcode/DerivedData/rotaractconnect-cjwcbdlngckcsaantafkjnfzfbdk/Index.noindex/DataStore @/Users/jonahmicahinguito/Library/Developer/Xcode/DerivedData/rotaractconnect-cjwcbdlngckcsaantafkjnfzfbdk/Build/Intermediates.noindex/Pods.build/Debug-iphoneos/React-Fabric.build/Objects-normal/arm64/82b82416624d2658e5098eb0a28c15c5-common-args.resp -include /Users/jonahmicahinguito/dev/rotaract-connect/ios/Pods/Target\ Support\ Files/React-Fabric/React-Fabric-prefix.pch -MMD -MT dependencies -MF /Users/jonahmicahinguito/Library/Developer/Xcode/DerivedData/rotaractconnect-cjwcbdlngckcsaantafkjnfzfbdk/Build/Intermediates.noindex/Pods.build/Debug-iphoneos/React-Fabric.build/Objects-normal/arm64/NativeAnimatedNodesManager.d --serialize-diagnostics /Users/jonahmicahinguito/Library/Developer/Xcode/DerivedData/rotaractconnect-cjwcbdlngckcsaantafkjnfzfbdk/Build/Intermediates.noindex/Pods.build/Debug-iphoneos/React-Fabric.build/Objects-normal/arm64/NativeAnimatedNodesManager.dia -c /Users/jonahmicahinguito/dev/rotaract-connect/node_modules/react-native/ReactCommon/react/renderer/animated/NativeAnimatedNodesManager.cpp -o /Users/jonahmicahinguito/Library/Developer/Xcode/DerivedData/rotaractconnect-cjwcbdlngckcsaantafkjnfzfbdk/Build/Intermediates.noindex/Pods.build/Debug-iphoneos/React-Fabric.build/Objects-normal/arm64/NativeAnimatedNodesManager.o -index-unit-output-path /Pods.build/Debug-iphoneos/React-Fabric.build/Objects-normal/arm64/NativeAnimatedNodesManager.o

In file included from /Users/jonahmicahinguito/dev/rotaract-connect/node_modules/react-native/ReactCommon/react/renderer/animated/NativeAnimatedNodesManager.cpp:8:
In file included from /Users/jonahmicahinguito/dev/rotaract-connect/node_modules/react-native/ReactCommon/react/renderer/animated/NativeAnimatedNodesManager.h:21:
In file included from /Users/jonahmicahinguito/dev/rotaract-connect/ios/Pods/Headers/Private/React-Fabric/react/renderer/animationbackend/AnimationBackend.h:12:
In file included from /Users/jonahmicahinguito/dev/rotaract-connect/ios/Pods/Headers/Private/React-Fabric/react/renderer/uimanager/UIManager.h:23:
In file included from /Users/jonahmicahinguito/dev/rotaract-connect/ios/Pods/Headers/Private/React-Fabric/react/renderer/mounting/ShadowTree.h:18:
In file included from /Users/jonahmicahinguito/dev/rotaract-connect/ios/Pods/Headers/Private/React-Fabric/react/renderer/mounting/MountingCoordinator.h:15:
In file included from /Users/jonahmicahinguito/dev/rotaract-connect/ios/Pods/Headers/Private/React-Fabric/react/renderer/mounting/Differentiator.h:11:
/Users/jonahmicahinguito/dev/rotaract-connect/ios/Pods/Headers/Private/React-Fabric/react/renderer/mounting/ShadowViewMutation.h:46:7: warning: declaration is marked with '@deprecated' command but does not have a deprecation attribute [-Wdocumentation-deprecated-sync]
   46 |    * @deprecated Pass parentTag instead of parentShadowView.
      |      ~^~~~~~~~~~~~~~~~~~~~~~~~~~~~~~~~~~~~~~~~~~~~~~~~~~~~~~
/Users/jonahmicahinguito/dev/rotaract-connect/ios/Pods/Headers/Private/React-Fabric/react/renderer/mounting/ShadowViewMutation.h:48:3: note: add a deprecation attribute to the declaration to silence this warning
   48 |   static ShadowViewMutation InsertMutation(const ShadowView &parentShadowView, ShadowView childShadowView, int index)
      |   ^
      |   FMT_DEPRECATED 
/Users/jonahmicahinguito/dev/rotaract-connect/ios/Pods/Headers/Private/React-Fabric/react/renderer/mounting/ShadowViewMutation.h:60:7: warning: declaration is marked with '@deprecated' command but does not have a deprecation attribute [-Wdocumentation-deprecated-sync]
   60 |    * @deprecated Pass parentTag instead of parentShadowView.
      |      ~^~~~~~~~~~~~~~~~~~~~~~~~~~~~~~~~~~~~~~~~~~~~~~~~~~~~~~
/Users/jonahmicahinguito/dev/rotaract-connect/ios/Pods/Headers/Private/React-Fabric/react/renderer/mounting/ShadowViewMutation.h:62:3: note: add a deprecation attribute to the declaration to silence this warning
   62 |   static ShadowViewMutation RemoveMutation(const ShadowView &parentShadowView, ShadowView childShadowView, int index)
      |   ^
      |   FMT_DEPRECATED 
/Users/jonahmicahinguito/dev/rotaract-connect/ios/Pods/Headers/Private/React-Fabric/react/renderer/mounting/ShadowViewMutation.h:74:7: warning: declaration is marked with '@deprecated' command but does not have a deprecation attribute [-Wdocumentation-deprecated-sync]
   74 |    * @deprecated Pass parentTag instead of parentShadowView.
      |      ~^~~~~~~~~~~~~~~~~~~~~~~~~~~~~~~~~~~~~~~~~~~~~~~~~~~~~~
/Users/jonahmicahinguito/dev/rotaract-connect/ios/Pods/Headers/Private/React-Fabric/react/renderer/mounting/ShadowViewMutation.h:76:3: note: add a deprecation attribute to the declaration to silence this warning
   76 |   static ShadowViewMutation
      |   ^
      |   FMT_DEPRECATED 
3 warnings generated.

/Users/jonahmicahinguito/dev/rotaract-connect/ios/Pods/Headers/Private/React-Fabric/react/renderer/mounting/ShadowViewMutation.h:46:7: Declaration is marked with '@deprecated' command but does not have a deprecation attribute

/Users/jonahmicahinguito/dev/rotaract-connect/ios/Pods/Headers/Private/React-Fabric/react/renderer/mounting/ShadowViewMutation.h:60:7: Declaration is marked with '@deprecated' command but does not have a deprecation attribute

/Users/jonahmicahinguito/dev/rotaract-connect/ios/Pods/Headers/Private/React-Fabric/react/renderer/mounting/ShadowViewMutation.h:74:7: Declaration is marked with '@deprecated' command but does not have a deprecation attribute

CompileC /Users/jonahmicahinguito/Library/Developer/Xcode/DerivedData/rotaractconnect-cjwcbdlngckcsaantafkjnfzfbdk/Build/Intermediates.noindex/Pods.build/Debug-iphoneos/React-Fabric.build/Objects-normal/arm64/MutationObserverManager.o /Users/jonahmicahinguito/dev/rotaract-connect/node_modules/react-native/ReactCommon/react/renderer/observers/mutation/MutationObserverManager.cpp normal arm64 c++ com.apple.compilers.llvm.clang.1_0.compiler (in target 'React-Fabric' from project 'Pods')
    cd /Users/jonahmicahinguito/dev/rotaract-connect/ios/Pods
    
    Using response file: /Users/jonahmicahinguito/Library/Developer/Xcode/DerivedData/rotaractconnect-cjwcbdlngckcsaantafkjnfzfbdk/Build/Intermediates.noindex/Pods.build/Debug-iphoneos/React-Fabric.build/Objects-normal/arm64/82b82416624d2658e5098eb0a28c15c5-common-args.resp
    
    /Applications/Xcode.app/Contents/Developer/Toolchains/XcodeDefault.xctoolchain/usr/bin/clang -x c++ -ivfsstatcache /Users/jonahmicahinguito/Library/Developer/Xcode/DerivedData/SDKStatCaches.noindex/iphoneos26.5-23F81a-32daed1954a7d5dd0789fcaf2a9bb78b.sdkstatcache -target arm64-apple-ios15.1 -fmessage-length\=0 -fdiagnostics-show-note-include-stack -fmacro-backtrace-limit\=0 -fno-color-diagnostics -fmodules-prune-interval\=86400 -fmodules-prune-after\=345600 -fbuild-session-file\=/Users/jonahmicahinguito/Library/Developer/Xcode/DerivedData/ModuleCache.noindex/Session.modulevalidation -fmodules-validate-once-per-build-session -Wnon-modular-include-in-framework-module -Werror\=non-modular-include-in-framework-module -Wno-trigraphs -Wno-missing-field-initializers -Wno-missing-prototypes -Werror\=return-type -Wdocumentation -Wunreachable-code -Werror\=deprecated-objc-isa-usage -Werror\=objc-root-class -Wno-non-virtual-dtor -Wno-overloaded-virtual -Wno-exit-time-destructors -Wno-missing-braces -Wparentheses -Wswitch -Wunused-function -Wno-unused-label -Wno-unused-parameter -Wunused-variable -Wunused-value -Wempty-body -Wuninitialized -Wconditional-uninitialized -Wno-unknown-pragmas -Wno-shadow -Wno-four-char-constants -Wno-conversion -Wconstant-conversion -Wint-conversion -Wbool-conversion -Wenum-conversion -Wno-float-conversion -Wnon-literal-null-conversion -Wobjc-literal-conversion -Wshorten-64-to-32 -Wno-newline-eof -Wno-c++11-extensions -Wno-implicit-fallthrough -isysroot /Applications/Xcode.app/Contents/Developer/Platforms/iPhoneOS.platform/Developer/SDKs/iPhoneOS26.5.sdk -fstrict-aliasing -Wdeprecated-declarations -Winvalid-offsetof -Wno-sign-conversion -Winfinite-recursion -Wmove -Wcomma -Wblock-capture-autoreleasing -Wstrict-prototypes -Wrange-loop-analysis -Wno-semicolon-before-method-body -Wunguarded-availability -index-store-path /Users/jonahmicahinguito/Library/Developer/Xcode/DerivedData/rotaractconnect-cjwcbdlngckcsaantafkjnfzfbdk/Index.noindex/DataStore @/Users/jonahmicahinguito/Library/Developer/Xcode/DerivedData/rotaractconnect-cjwcbdlngckcsaantafkjnfzfbdk/Build/Intermediates.noindex/Pods.build/Debug-iphoneos/React-Fabric.build/Objects-normal/arm64/82b82416624d2658e5098eb0a28c15c5-common-args.resp -include /Users/jonahmicahinguito/dev/rotaract-connect/ios/Pods/Target\ Support\ Files/React-Fabric/React-Fabric-prefix.pch -MMD -MT dependencies -MF /Users/jonahmicahinguito/Library/Developer/Xcode/DerivedData/rotaractconnect-cjwcbdlngckcsaantafkjnfzfbdk/Build/Intermediates.noindex/Pods.build/Debug-iphoneos/React-Fabric.build/Objects-normal/arm64/MutationObserverManager.d --serialize-diagnostics /Users/jonahmicahinguito/Library/Developer/Xcode/DerivedData/rotaractconnect-cjwcbdlngckcsaantafkjnfzfbdk/Build/Intermediates.noindex/Pods.build/Debug-iphoneos/React-Fabric.build/Objects-normal/arm64/MutationObserverManager.dia -c /Users/jonahmicahinguito/dev/rotaract-connect/node_modules/react-native/ReactCommon/react/renderer/observers/mutation/MutationObserverManager.cpp -o /Users/jonahmicahinguito/Library/Developer/Xcode/DerivedData/rotaractconnect-cjwcbdlngckcsaantafkjnfzfbdk/Build/Intermediates.noindex/Pods.build/Debug-iphoneos/React-Fabric.build/Objects-normal/arm64/MutationObserverManager.o -index-unit-output-path /Pods.build/Debug-iphoneos/React-Fabric.build/Objects-normal/arm64/MutationObserverManager.o

In file included from /Users/jonahmicahinguito/dev/rotaract-connect/node_modules/react-native/ReactCommon/react/renderer/observers/mutation/MutationObserverManager.cpp:8:
In file included from /Users/jonahmicahinguito/dev/rotaract-connect/node_modules/react-native/ReactCommon/react/renderer/observers/mutation/MutationObserverManager.h:11:
In file included from /Users/jonahmicahinguito/dev/rotaract-connect/ios/Pods/Headers/Private/React-Fabric/react/renderer/mounting/ShadowTree.h:18:
In file included from /Users/jonahmicahinguito/dev/rotaract-connect/ios/Pods/Headers/Private/React-Fabric/react/renderer/mounting/MountingCoordinator.h:15:
In file included from /Users/jonahmicahinguito/dev/rotaract-connect/ios/Pods/Headers/Private/React-Fabric/react/renderer/mounting/Differentiator.h:11:
/Users/jonahmicahinguito/dev/rotaract-connect/ios/Pods/Headers/Private/React-Fabric/react/renderer/mounting/ShadowViewMutation.h:46:7: warning: declaration is marked with '@deprecated' command but does not have a deprecation attribute [-Wdocumentation-deprecated-sync]
   46 |    * @deprecated Pass parentTag instead of parentShadowView.
      |      ~^~~~~~~~~~~~~~~~~~~~~~~~~~~~~~~~~~~~~~~~~~~~~~~~~~~~~~
/Users/jonahmicahinguito/dev/rotaract-connect/ios/Pods/Headers/Private/React-Fabric/react/renderer/mounting/ShadowViewMutation.h:48:3: note: add a deprecation attribute to the declaration to silence this warning
   48 |   static ShadowViewMutation InsertMutation(const ShadowView &parentShadowView, ShadowView childShadowView, int index)
      |   ^
      |   FMT_DEPRECATED 
/Users/jonahmicahinguito/dev/rotaract-connect/ios/Pods/Headers/Private/React-Fabric/react/renderer/mounting/ShadowViewMutation.h:60:7: warning: declaration is marked with '@deprecated' command but does not have a deprecation attribute [-Wdocumentation-deprecated-sync]
   60 |    * @deprecated Pass parentTag instead of parentShadowView.
      |      ~^~~~~~~~~~~~~~~~~~~~~~~~~~~~~~~~~~~~~~~~~~~~~~~~~~~~~~
/Users/jonahmicahinguito/dev/rotaract-connect/ios/Pods/Headers/Private/React-Fabric/react/renderer/mounting/ShadowViewMutation.h:62:3: note: add a deprecation attribute to the declaration to silence this warning
   62 |   static ShadowViewMutation RemoveMutation(const ShadowView &parentShadowView, ShadowView childShadowView, int index)
      |   ^
      |   FMT_DEPRECATED 
/Users/jonahmicahinguito/dev/rotaract-connect/ios/Pods/Headers/Private/React-Fabric/react/renderer/mounting/ShadowViewMutation.h:74:7: warning: declaration is marked with '@deprecated' command but does not have a deprecation attribute [-Wdocumentation-deprecated-sync]
   74 |    * @deprecated Pass parentTag instead of parentShadowView.
      |      ~^~~~~~~~~~~~~~~~~~~~~~~~~~~~~~~~~~~~~~~~~~~~~~~~~~~~~~
/Users/jonahmicahinguito/dev/rotaract-connect/ios/Pods/Headers/Private/React-Fabric/react/renderer/mounting/ShadowViewMutation.h:76:3: note: add a deprecation attribute to the declaration to silence this warning
   76 |   static ShadowViewMutation
      |   ^
      |   FMT_DEPRECATED 
3 warnings generated.

/Users/jonahmicahinguito/dev/rotaract-connect/ios/Pods/Headers/Private/React-Fabric/react/renderer/mounting/ShadowViewMutation.h:46:7: Declaration is marked with '@deprecated' command but does not have a deprecation attribute

/Users/jonahmicahinguito/dev/rotaract-connect/ios/Pods/Headers/Private/React-Fabric/react/renderer/mounting/ShadowViewMutation.h:60:7: Declaration is marked with '@deprecated' command but does not have a deprecation attribute

/Users/jonahmicahinguito/dev/rotaract-connect/ios/Pods/Headers/Private/React-Fabric/react/renderer/mounting/ShadowViewMutation.h:74:7: Declaration is marked with '@deprecated' command but does not have a deprecation attribute

CompileC /Users/jonahmicahinguito/Library/Developer/Xcode/DerivedData/rotaractconnect-cjwcbdlngckcsaantafkjnfzfbdk/Build/Intermediates.noindex/Pods.build/Debug-iphoneos/React-Fabric.build/Objects-normal/arm64/MultiplicationAnimatedNode.o /Users/jonahmicahinguito/dev/rotaract-connect/node_modules/react-native/ReactCommon/react/renderer/animated/nodes/MultiplicationAnimatedNode.cpp normal arm64 c++ com.apple.compilers.llvm.clang.1_0.compiler (in target 'React-Fabric' from project 'Pods')
    cd /Users/jonahmicahinguito/dev/rotaract-connect/ios/Pods
    
    Using response file: /Users/jonahmicahinguito/Library/Developer/Xcode/DerivedData/rotaractconnect-cjwcbdlngckcsaantafkjnfzfbdk/Build/Intermediates.noindex/Pods.build/Debug-iphoneos/React-Fabric.build/Objects-normal/arm64/82b82416624d2658e5098eb0a28c15c5-common-args.resp
    
    /Applications/Xcode.app/Contents/Developer/Toolchains/XcodeDefault.xctoolchain/usr/bin/clang -x c++ -ivfsstatcache /Users/jonahmicahinguito/Library/Developer/Xcode/DerivedData/SDKStatCaches.noindex/iphoneos26.5-23F81a-32daed1954a7d5dd0789fcaf2a9bb78b.sdkstatcache -target arm64-apple-ios15.1 -fmessage-length\=0 -fdiagnostics-show-note-include-stack -fmacro-backtrace-limit\=0 -fno-color-diagnostics -fmodules-prune-interval\=86400 -fmodules-prune-after\=345600 -fbuild-session-file\=/Users/jonahmicahinguito/Library/Developer/Xcode/DerivedData/ModuleCache.noindex/Session.modulevalidation -fmodules-validate-once-per-build-session -Wnon-modular-include-in-framework-module -Werror\=non-modular-include-in-framework-module -Wno-trigraphs -Wno-missing-field-initializers -Wno-missing-prototypes -Werror\=return-type -Wdocumentation -Wunreachable-code -Werror\=deprecated-objc-isa-usage -Werror\=objc-root-class -Wno-non-virtual-dtor -Wno-overloaded-virtual -Wno-exit-time-destructors -Wno-missing-braces -Wparentheses -Wswitch -Wunused-function -Wno-unused-label -Wno-unused-parameter -Wunused-variable -Wunused-value -Wempty-body -Wuninitialized -Wconditional-uninitialized -Wno-unknown-pragmas -Wno-shadow -Wno-four-char-constants -Wno-conversion -Wconstant-conversion -Wint-conversion -Wbool-conversion -Wenum-conversion -Wno-float-conversion -Wnon-literal-null-conversion -Wobjc-literal-conversion -Wshorten-64-to-32 -Wno-newline-eof -Wno-c++11-extensions -Wno-implicit-fallthrough -isysroot /Applications/Xcode.app/Contents/Developer/Platforms/iPhoneOS.platform/Developer/SDKs/iPhoneOS26.5.sdk -fstrict-aliasing -Wdeprecated-declarations -Winvalid-offsetof -Wno-sign-conversion -Winfinite-recursion -Wmove -Wcomma -Wblock-capture-autoreleasing -Wstrict-prototypes -Wrange-loop-analysis -Wno-semicolon-before-method-body -Wunguarded-availability -index-store-path /Users/jonahmicahinguito/Library/Developer/Xcode/DerivedData/rotaractconnect-cjwcbdlngckcsaantafkjnfzfbdk/Index.noindex/DataStore @/Users/jonahmicahinguito/Library/Developer/Xcode/DerivedData/rotaractconnect-cjwcbdlngckcsaantafkjnfzfbdk/Build/Intermediates.noindex/Pods.build/Debug-iphoneos/React-Fabric.build/Objects-normal/arm64/82b82416624d2658e5098eb0a28c15c5-common-args.resp -include /Users/jonahmicahinguito/dev/rotaract-connect/ios/Pods/Target\ Support\ Files/React-Fabric/React-Fabric-prefix.pch -MMD -MT dependencies -MF /Users/jonahmicahinguito/Library/Developer/Xcode/DerivedData/rotaractconnect-cjwcbdlngckcsaantafkjnfzfbdk/Build/Intermediates.noindex/Pods.build/Debug-iphoneos/React-Fabric.build/Objects-normal/arm64/MultiplicationAnimatedNode.d --serialize-diagnostics /Users/jonahmicahinguito/Library/Developer/Xcode/DerivedData/rotaractconnect-cjwcbdlngckcsaantafkjnfzfbdk/Build/Intermediates.noindex/Pods.build/Debug-iphoneos/React-Fabric.build/Objects-normal/arm64/MultiplicationAnimatedNode.dia -c /Users/jonahmicahinguito/dev/rotaract-connect/node_modules/react-native/ReactCommon/react/renderer/animated/nodes/MultiplicationAnimatedNode.cpp -o /Users/jonahmicahinguito/Library/Developer/Xcode/DerivedData/rotaractconnect-cjwcbdlngckcsaantafkjnfzfbdk/Build/Intermediates.noindex/Pods.build/Debug-iphoneos/React-Fabric.build/Objects-normal/arm64/MultiplicationAnimatedNode.o -index-unit-output-path /Pods.build/Debug-iphoneos/React-Fabric.build/Objects-normal/arm64/MultiplicationAnimatedNode.o

In file included from /Users/jonahmicahinguito/dev/rotaract-connect/node_modules/react-native/ReactCommon/react/renderer/animated/nodes/MultiplicationAnimatedNode.cpp:15:
In file included from /Users/jonahmicahinguito/dev/rotaract-connect/ios/Pods/Headers/Private/React-Fabric/react/renderer/animated/NativeAnimatedNodesManager.h:21:
In file included from /Users/jonahmicahinguito/dev/rotaract-connect/ios/Pods/Headers/Private/React-Fabric/react/renderer/animationbackend/AnimationBackend.h:12:
In file included from /Users/jonahmicahinguito/dev/rotaract-connect/ios/Pods/Headers/Private/React-Fabric/react/renderer/uimanager/UIManager.h:23:
In file included from /Users/jonahmicahinguito/dev/rotaract-connect/ios/Pods/Headers/Private/React-Fabric/react/renderer/mounting/ShadowTree.h:18:
In file included from /Users/jonahmicahinguito/dev/rotaract-connect/ios/Pods/Headers/Private/React-Fabric/react/renderer/mounting/MountingCoordinator.h:15:
In file included from /Users/jonahmicahinguito/dev/rotaract-connect/ios/Pods/Headers/Private/React-Fabric/react/renderer/mounting/Differentiator.h:11:
/Users/jonahmicahinguito/dev/rotaract-connect/ios/Pods/Headers/Private/React-Fabric/react/renderer/mounting/ShadowViewMutation.h:46:7: warning: declaration is marked with '@deprecated' command but does not have a deprecation attribute [-Wdocumentation-deprecated-sync]
   46 |    * @deprecated Pass parentTag instead of parentShadowView.
      |      ~^~~~~~~~~~~~~~~~~~~~~~~~~~~~~~~~~~~~~~~~~~~~~~~~~~~~~~
/Users/jonahmicahinguito/dev/rotaract-connect/ios/Pods/Headers/Private/React-Fabric/react/renderer/mounting/ShadowViewMutation.h:48:3: note: add a deprecation attribute to the declaration to silence this warning
   48 |   static ShadowViewMutation InsertMutation(const ShadowView &parentShadowView, ShadowView childShadowView, int index)
      |   ^
      |   FMT_DEPRECATED 
/Users/jonahmicahinguito/dev/rotaract-connect/ios/Pods/Headers/Private/React-Fabric/react/renderer/mounting/ShadowViewMutation.h:60:7: warning: declaration is marked with '@deprecated' command but does not have a deprecation attribute [-Wdocumentation-deprecated-sync]
   60 |    * @deprecated Pass parentTag instead of parentShadowView.
      |      ~^~~~~~~~~~~~~~~~~~~~~~~~~~~~~~~~~~~~~~~~~~~~~~~~~~~~~~
/Users/jonahmicahinguito/dev/rotaract-connect/ios/Pods/Headers/Private/React-Fabric/react/renderer/mounting/ShadowViewMutation.h:62:3: note: add a deprecation attribute to the declaration to silence this warning
   62 |   static ShadowViewMutation RemoveMutation(const ShadowView &parentShadowView, ShadowView childShadowView, int index)
      |   ^
      |   FMT_DEPRECATED 
/Users/jonahmicahinguito/dev/rotaract-connect/ios/Pods/Headers/Private/React-Fabric/react/renderer/mounting/ShadowViewMutation.h:74:7: warning: declaration is marked with '@deprecated' command but does not have a deprecation attribute [-Wdocumentation-deprecated-sync]
   74 |    * @deprecated Pass parentTag instead of parentShadowView.
      |      ~^~~~~~~~~~~~~~~~~~~~~~~~~~~~~~~~~~~~~~~~~~~~~~~~~~~~~~
/Users/jonahmicahinguito/dev/rotaract-connect/ios/Pods/Headers/Private/React-Fabric/react/renderer/mounting/ShadowViewMutation.h:76:3: note: add a deprecation attribute to the declaration to silence this warning
   76 |   static ShadowViewMutation
      |   ^
      |   FMT_DEPRECATED 
3 warnings generated.

/Users/jonahmicahinguito/dev/rotaract-connect/ios/Pods/Headers/Private/React-Fabric/react/renderer/mounting/ShadowViewMutation.h:46:7: Declaration is marked with '@deprecated' command but does not have a deprecation attribute

/Users/jonahmicahinguito/dev/rotaract-connect/ios/Pods/Headers/Private/React-Fabric/react/renderer/mounting/ShadowViewMutation.h:60:7: Declaration is marked with '@deprecated' command but does not have a deprecation attribute

/Users/jonahmicahinguito/dev/rotaract-connect/ios/Pods/Headers/Private/React-Fabric/react/renderer/mounting/ShadowViewMutation.h:74:7: Declaration is marked with '@deprecated' command but does not have a deprecation attribute

CompileC /Users/jonahmicahinguito/Library/Developer/Xcode/DerivedData/rotaractconnect-cjwcbdlngckcsaantafkjnfzfbdk/Build/Intermediates.noindex/Pods.build/Debug-iphoneos/React-Fabric.build/Objects-normal/arm64/MountingTransaction.o /Users/jonahmicahinguito/dev/rotaract-connect/node_modules/react-native/ReactCommon/react/renderer/mounting/MountingTransaction.cpp normal arm64 c++ com.apple.compilers.llvm.clang.1_0.compiler (in target 'React-Fabric' from project 'Pods')
    cd /Users/jonahmicahinguito/dev/rotaract-connect/ios/Pods
    
    Using response file: /Users/jonahmicahinguito/Library/Developer/Xcode/DerivedData/rotaractconnect-cjwcbdlngckcsaantafkjnfzfbdk/Build/Intermediates.noindex/Pods.build/Debug-iphoneos/React-Fabric.build/Objects-normal/arm64/82b82416624d2658e5098eb0a28c15c5-common-args.resp
    
    /Applications/Xcode.app/Contents/Developer/Toolchains/XcodeDefault.xctoolchain/usr/bin/clang -x c++ -ivfsstatcache /Users/jonahmicahinguito/Library/Developer/Xcode/DerivedData/SDKStatCaches.noindex/iphoneos26.5-23F81a-32daed1954a7d5dd0789fcaf2a9bb78b.sdkstatcache -target arm64-apple-ios15.1 -fmessage-length\=0 -fdiagnostics-show-note-include-stack -fmacro-backtrace-limit\=0 -fno-color-diagnostics -fmodules-prune-interval\=86400 -fmodules-prune-after\=345600 -fbuild-session-file\=/Users/jonahmicahinguito/Library/Developer/Xcode/DerivedData/ModuleCache.noindex/Session.modulevalidation -fmodules-validate-once-per-build-session -Wnon-modular-include-in-framework-module -Werror\=non-modular-include-in-framework-module -Wno-trigraphs -Wno-missing-field-initializers -Wno-missing-prototypes -Werror\=return-type -Wdocumentation -Wunreachable-code -Werror\=deprecated-objc-isa-usage -Werror\=objc-root-class -Wno-non-virtual-dtor -Wno-overloaded-virtual -Wno-exit-time-destructors -Wno-missing-braces -Wparentheses -Wswitch -Wunused-function -Wno-unused-label -Wno-unused-parameter -Wunused-variable -Wunused-value -Wempty-body -Wuninitialized -Wconditional-uninitialized -Wno-unknown-pragmas -Wno-shadow -Wno-four-char-constants -Wno-conversion -Wconstant-conversion -Wint-conversion -Wbool-conversion -Wenum-conversion -Wno-float-conversion -Wnon-literal-null-conversion -Wobjc-literal-conversion -Wshorten-64-to-32 -Wno-newline-eof -Wno-c++11-extensions -Wno-implicit-fallthrough -isysroot /Applications/Xcode.app/Contents/Developer/Platforms/iPhoneOS.platform/Developer/SDKs/iPhoneOS26.5.sdk -fstrict-aliasing -Wdeprecated-declarations -Winvalid-offsetof -Wno-sign-conversion -Winfinite-recursion -Wmove -Wcomma -Wblock-capture-autoreleasing -Wstrict-prototypes -Wrange-loop-analysis -Wno-semicolon-before-method-body -Wunguarded-availability -index-store-path /Users/jonahmicahinguito/Library/Developer/Xcode/DerivedData/rotaractconnect-cjwcbdlngckcsaantafkjnfzfbdk/Index.noindex/DataStore @/Users/jonahmicahinguito/Library/Developer/Xcode/DerivedData/rotaractconnect-cjwcbdlngckcsaantafkjnfzfbdk/Build/Intermediates.noindex/Pods.build/Debug-iphoneos/React-Fabric.build/Objects-normal/arm64/82b82416624d2658e5098eb0a28c15c5-common-args.resp -include /Users/jonahmicahinguito/dev/rotaract-connect/ios/Pods/Target\ Support\ Files/React-Fabric/React-Fabric-prefix.pch -MMD -MT dependencies -MF /Users/jonahmicahinguito/Library/Developer/Xcode/DerivedData/rotaractconnect-cjwcbdlngckcsaantafkjnfzfbdk/Build/Intermediates.noindex/Pods.build/Debug-iphoneos/React-Fabric.build/Objects-normal/arm64/MountingTransaction.d --serialize-diagnostics /Users/jonahmicahinguito/Library/Developer/Xcode/DerivedData/rotaractconnect-cjwcbdlngckcsaantafkjnfzfbdk/Build/Intermediates.noindex/Pods.build/Debug-iphoneos/React-Fabric.build/Objects-normal/arm64/MountingTransaction.dia -c /Users/jonahmicahinguito/dev/rotaract-connect/node_modules/react-native/ReactCommon/react/renderer/mounting/MountingTransaction.cpp -o /Users/jonahmicahinguito/Library/Developer/Xcode/DerivedData/rotaractconnect-cjwcbdlngckcsaantafkjnfzfbdk/Build/Intermediates.noindex/Pods.build/Debug-iphoneos/React-Fabric.build/Objects-normal/arm64/MountingTransaction.o -index-unit-output-path /Pods.build/Debug-iphoneos/React-Fabric.build/Objects-normal/arm64/MountingTransaction.o

In file included from /Users/jonahmicahinguito/dev/rotaract-connect/node_modules/react-native/ReactCommon/react/renderer/mounting/MountingTransaction.cpp:8:
In file included from /Users/jonahmicahinguito/dev/rotaract-connect/node_modules/react-native/ReactCommon/react/renderer/mounting/MountingTransaction.h:10:
/Users/jonahmicahinguito/dev/rotaract-connect/ios/Pods/Headers/Private/React-Fabric/react/renderer/mounting/ShadowViewMutation.h:46:7: warning: declaration is marked with '@deprecated' command but does not have a deprecation attribute [-Wdocumentation-deprecated-sync]
   46 |    * @deprecated Pass parentTag instead of parentShadowView.
      |      ~^~~~~~~~~~~~~~~~~~~~~~~~~~~~~~~~~~~~~~~~~~~~~~~~~~~~~~
/Users/jonahmicahinguito/dev/rotaract-connect/ios/Pods/Headers/Private/React-Fabric/react/renderer/mounting/ShadowViewMutation.h:48:3: note: add a deprecation attribute to the declaration to silence this warning
   48 |   static ShadowViewMutation InsertMutation(const ShadowView &parentShadowView, ShadowView childShadowView, int index)
      |   ^
      |   FMT_DEPRECATED 
/Users/jonahmicahinguito/dev/rotaract-connect/ios/Pods/Headers/Private/React-Fabric/react/renderer/mounting/ShadowViewMutation.h:60:7: warning: declaration is marked with '@deprecated' command but does not have a deprecation attribute [-Wdocumentation-deprecated-sync]
   60 |    * @deprecated Pass parentTag instead of parentShadowView.
      |      ~^~~~~~~~~~~~~~~~~~~~~~~~~~~~~~~~~~~~~~~~~~~~~~~~~~~~~~
/Users/jonahmicahinguito/dev/rotaract-connect/ios/Pods/Headers/Private/React-Fabric/react/renderer/mounting/ShadowViewMutation.h:62:3: note: add a deprecation attribute to the declaration to silence this warning
   62 |   static ShadowViewMutation RemoveMutation(const ShadowView &parentShadowView, ShadowView childShadowView, int index)
      |   ^
      |   FMT_DEPRECATED 
/Users/jonahmicahinguito/dev/rotaract-connect/ios/Pods/Headers/Private/React-Fabric/react/renderer/mounting/ShadowViewMutation.h:74:7: warning: declaration is marked with '@deprecated' command but does not have a deprecation attribute [-Wdocumentation-deprecated-sync]
   74 |    * @deprecated Pass parentTag instead of parentShadowView.
      |      ~^~~~~~~~~~~~~~~~~~~~~~~~~~~~~~~~~~~~~~~~~~~~~~~~~~~~~~
/Users/jonahmicahinguito/dev/rotaract-connect/ios/Pods/Headers/Private/React-Fabric/react/renderer/mounting/ShadowViewMutation.h:76:3: note: add a deprecation attribute to the declaration to silence this warning
   76 |   static ShadowViewMutation
      |   ^
      |   FMT_DEPRECATED 
3 warnings generated.

/Users/jonahmicahinguito/dev/rotaract-connect/ios/Pods/Headers/Private/React-Fabric/react/renderer/mounting/ShadowViewMutation.h:46:7: Declaration is marked with '@deprecated' command but does not have a deprecation attribute

/Users/jonahmicahinguito/dev/rotaract-connect/ios/Pods/Headers/Private/React-Fabric/react/renderer/mounting/ShadowViewMutation.h:60:7: Declaration is marked with '@deprecated' command but does not have a deprecation attribute

/Users/jonahmicahinguito/dev/rotaract-connect/ios/Pods/Headers/Private/React-Fabric/react/renderer/mounting/ShadowViewMutation.h:74:7: Declaration is marked with '@deprecated' command but does not have a deprecation attribute

CompileC /Users/jonahmicahinguito/Library/Developer/Xcode/DerivedData/rotaractconnect-cjwcbdlngckcsaantafkjnfzfbdk/Build/Intermediates.noindex/Pods.build/Debug-iphoneos/React-Fabric.build/Objects-normal/arm64/MountingCoordinator.o /Users/jonahmicahinguito/dev/rotaract-connect/node_modules/react-native/ReactCommon/react/renderer/mounting/MountingCoordinator.cpp normal arm64 c++ com.apple.compilers.llvm.clang.1_0.compiler (in target 'React-Fabric' from project 'Pods')
    cd /Users/jonahmicahinguito/dev/rotaract-connect/ios/Pods
    
    Using response file: /Users/jonahmicahinguito/Library/Developer/Xcode/DerivedData/rotaractconnect-cjwcbdlngckcsaantafkjnfzfbdk/Build/Intermediates.noindex/Pods.build/Debug-iphoneos/React-Fabric.build/Objects-normal/arm64/82b82416624d2658e5098eb0a28c15c5-common-args.resp
    
    /Applications/Xcode.app/Contents/Developer/Toolchains/XcodeDefault.xctoolchain/usr/bin/clang -x c++ -ivfsstatcache /Users/jonahmicahinguito/Library/Developer/Xcode/DerivedData/SDKStatCaches.noindex/iphoneos26.5-23F81a-32daed1954a7d5dd0789fcaf2a9bb78b.sdkstatcache -target arm64-apple-ios15.1 -fmessage-length\=0 -fdiagnostics-show-note-include-stack -fmacro-backtrace-limit\=0 -fno-color-diagnostics -fmodules-prune-interval\=86400 -fmodules-prune-after\=345600 -fbuild-session-file\=/Users/jonahmicahinguito/Library/Developer/Xcode/DerivedData/ModuleCache.noindex/Session.modulevalidation -fmodules-validate-once-per-build-session -Wnon-modular-include-in-framework-module -Werror\=non-modular-include-in-framework-module -Wno-trigraphs -Wno-missing-field-initializers -Wno-missing-prototypes -Werror\=return-type -Wdocumentation -Wunreachable-code -Werror\=deprecated-objc-isa-usage -Werror\=objc-root-class -Wno-non-virtual-dtor -Wno-overloaded-virtual -Wno-exit-time-destructors -Wno-missing-braces -Wparentheses -Wswitch -Wunused-function -Wno-unused-label -Wno-unused-parameter -Wunused-variable -Wunused-value -Wempty-body -Wuninitialized -Wconditional-uninitialized -Wno-unknown-pragmas -Wno-shadow -Wno-four-char-constants -Wno-conversion -Wconstant-conversion -Wint-conversion -Wbool-conversion -Wenum-conversion -Wno-float-conversion -Wnon-literal-null-conversion -Wobjc-literal-conversion -Wshorten-64-to-32 -Wno-newline-eof -Wno-c++11-extensions -Wno-implicit-fallthrough -isysroot /Applications/Xcode.app/Contents/Developer/Platforms/iPhoneOS.platform/Developer/SDKs/iPhoneOS26.5.sdk -fstrict-aliasing -Wdeprecated-declarations -Winvalid-offsetof -Wno-sign-conversion -Winfinite-recursion -Wmove -Wcomma -Wblock-capture-autoreleasing -Wstrict-prototypes -Wrange-loop-analysis -Wno-semicolon-before-method-body -Wunguarded-availability -index-store-path /Users/jonahmicahinguito/Library/Developer/Xcode/DerivedData/rotaractconnect-cjwcbdlngckcsaantafkjnfzfbdk/Index.noindex/DataStore @/Users/jonahmicahinguito/Library/Developer/Xcode/DerivedData/rotaractconnect-cjwcbdlngckcsaantafkjnfzfbdk/Build/Intermediates.noindex/Pods.build/Debug-iphoneos/React-Fabric.build/Objects-normal/arm64/82b82416624d2658e5098eb0a28c15c5-common-args.resp -include /Users/jonahmicahinguito/dev/rotaract-connect/ios/Pods/Target\ Support\ Files/React-Fabric/React-Fabric-prefix.pch -MMD -MT dependencies -MF /Users/jonahmicahinguito/Library/Developer/Xcode/DerivedData/rotaractconnect-cjwcbdlngckcsaantafkjnfzfbdk/Build/Intermediates.noindex/Pods.build/Debug-iphoneos/React-Fabric.build/Objects-normal/arm64/MountingCoordinator.d --serialize-diagnostics /Users/jonahmicahinguito/Library/Developer/Xcode/DerivedData/rotaractconnect-cjwcbdlngckcsaantafkjnfzfbdk/Build/Intermediates.noindex/Pods.build/Debug-iphoneos/React-Fabric.build/Objects-normal/arm64/MountingCoordinator.dia -c /Users/jonahmicahinguito/dev/rotaract-connect/node_modules/react-native/ReactCommon/react/renderer/mounting/MountingCoordinator.cpp -o /Users/jonahmicahinguito/Library/Developer/Xcode/DerivedData/rotaractconnect-cjwcbdlngckcsaantafkjnfzfbdk/Build/Intermediates.noindex/Pods.build/Debug-iphoneos/React-Fabric.build/Objects-normal/arm64/MountingCoordinator.o -index-unit-output-path /Pods.build/Debug-iphoneos/React-Fabric.build/Objects-normal/arm64/MountingCoordinator.o

In file included from /Users/jonahmicahinguito/dev/rotaract-connect/node_modules/react-native/ReactCommon/react/renderer/mounting/MountingCoordinator.cpp:8:
In file included from /Users/jonahmicahinguito/dev/rotaract-connect/node_modules/react-native/ReactCommon/react/renderer/mounting/MountingCoordinator.h:15:
In file included from /Users/jonahmicahinguito/dev/rotaract-connect/ios/Pods/Headers/Private/React-Fabric/react/renderer/mounting/Differentiator.h:11:
/Users/jonahmicahinguito/dev/rotaract-connect/ios/Pods/Headers/Private/React-Fabric/react/renderer/mounting/ShadowViewMutation.h:46:7: warning: declaration is marked with '@deprecated' command but does not have a deprecation attribute [-Wdocumentation-deprecated-sync]
   46 |    * @deprecated Pass parentTag instead of parentShadowView.
      |      ~^~~~~~~~~~~~~~~~~~~~~~~~~~~~~~~~~~~~~~~~~~~~~~~~~~~~~~
/Users/jonahmicahinguito/dev/rotaract-connect/ios/Pods/Headers/Private/React-Fabric/react/renderer/mounting/ShadowViewMutation.h:48:3: note: add a deprecation attribute to the declaration to silence this warning
   48 |   static ShadowViewMutation InsertMutation(const ShadowView &parentShadowView, ShadowView childShadowView, int index)
      |   ^
      |   FMT_DEPRECATED 
/Users/jonahmicahinguito/dev/rotaract-connect/ios/Pods/Headers/Private/React-Fabric/react/renderer/mounting/ShadowViewMutation.h:60:7: warning: declaration is marked with '@deprecated' command but does not have a deprecation attribute [-Wdocumentation-deprecated-sync]
   60 |    * @deprecated Pass parentTag instead of parentShadowView.
      |      ~^~~~~~~~~~~~~~~~~~~~~~~~~~~~~~~~~~~~~~~~~~~~~~~~~~~~~~
/Users/jonahmicahinguito/dev/rotaract-connect/ios/Pods/Headers/Private/React-Fabric/react/renderer/mounting/ShadowViewMutation.h:62:3: note: add a deprecation attribute to the declaration to silence this warning
   62 |   static ShadowViewMutation RemoveMutation(const ShadowView &parentShadowView, ShadowView childShadowView, int index)
      |   ^
      |   FMT_DEPRECATED 
/Users/jonahmicahinguito/dev/rotaract-connect/ios/Pods/Headers/Private/React-Fabric/react/renderer/mounting/ShadowViewMutation.h:74:7: warning: declaration is marked with '@deprecated' command but does not have a deprecation attribute [-Wdocumentation-deprecated-sync]
   74 |    * @deprecated Pass parentTag instead of parentShadowView.
      |      ~^~~~~~~~~~~~~~~~~~~~~~~~~~~~~~~~~~~~~~~~~~~~~~~~~~~~~~
/Users/jonahmicahinguito/dev/rotaract-connect/ios/Pods/Headers/Private/React-Fabric/react/renderer/mounting/ShadowViewMutation.h:76:3: note: add a deprecation attribute to the declaration to silence this warning
   76 |   static ShadowViewMutation
      |   ^
      |   FMT_DEPRECATED 
3 warnings generated.

/Users/jonahmicahinguito/dev/rotaract-connect/ios/Pods/Headers/Private/React-Fabric/react/renderer/mounting/ShadowViewMutation.h:46:7: Declaration is marked with '@deprecated' command but does not have a deprecation attribute

/Users/jonahmicahinguito/dev/rotaract-connect/ios/Pods/Headers/Private/React-Fabric/react/renderer/mounting/ShadowViewMutation.h:60:7: Declaration is marked with '@deprecated' command but does not have a deprecation attribute

/Users/jonahmicahinguito/dev/rotaract-connect/ios/Pods/Headers/Private/React-Fabric/react/renderer/mounting/ShadowViewMutation.h:74:7: Declaration is marked with '@deprecated' command but does not have a deprecation attribute

CompileC /Users/jonahmicahinguito/Library/Developer/Xcode/DerivedData/rotaractconnect-cjwcbdlngckcsaantafkjnfzfbdk/Build/Intermediates.noindex/Pods.build/Debug-iphoneos/React-Fabric.build/Objects-normal/arm64/ModulusAnimatedNode.o /Users/jonahmicahinguito/dev/rotaract-connect/node_modules/react-native/ReactCommon/react/renderer/animated/nodes/ModulusAnimatedNode.cpp normal arm64 c++ com.apple.compilers.llvm.clang.1_0.compiler (in target 'React-Fabric' from project 'Pods')
    cd /Users/jonahmicahinguito/dev/rotaract-connect/ios/Pods
    
    Using response file: /Users/jonahmicahinguito/Library/Developer/Xcode/DerivedData/rotaractconnect-cjwcbdlngckcsaantafkjnfzfbdk/Build/Intermediates.noindex/Pods.build/Debug-iphoneos/React-Fabric.build/Objects-normal/arm64/82b82416624d2658e5098eb0a28c15c5-common-args.resp
    
    /Applications/Xcode.app/Contents/Developer/Toolchains/XcodeDefault.xctoolchain/usr/bin/clang -x c++ -ivfsstatcache /Users/jonahmicahinguito/Library/Developer/Xcode/DerivedData/SDKStatCaches.noindex/iphoneos26.5-23F81a-32daed1954a7d5dd0789fcaf2a9bb78b.sdkstatcache -target arm64-apple-ios15.1 -fmessage-length\=0 -fdiagnostics-show-note-include-stack -fmacro-backtrace-limit\=0 -fno-color-diagnostics -fmodules-prune-interval\=86400 -fmodules-prune-after\=345600 -fbuild-session-file\=/Users/jonahmicahinguito/Library/Developer/Xcode/DerivedData/ModuleCache.noindex/Session.modulevalidation -fmodules-validate-once-per-build-session -Wnon-modular-include-in-framework-module -Werror\=non-modular-include-in-framework-module -Wno-trigraphs -Wno-missing-field-initializers -Wno-missing-prototypes -Werror\=return-type -Wdocumentation -Wunreachable-code -Werror\=deprecated-objc-isa-usage -Werror\=objc-root-class -Wno-non-virtual-dtor -Wno-overloaded-virtual -Wno-exit-time-destructors -Wno-missing-braces -Wparentheses -Wswitch -Wunused-function -Wno-unused-label -Wno-unused-parameter -Wunused-variable -Wunused-value -Wempty-body -Wuninitialized -Wconditional-uninitialized -Wno-unknown-pragmas -Wno-shadow -Wno-four-char-constants -Wno-conversion -Wconstant-conversion -Wint-conversion -Wbool-conversion -Wenum-conversion -Wno-float-conversion -Wnon-literal-null-conversion -Wobjc-literal-conversion -Wshorten-64-to-32 -Wno-newline-eof -Wno-c++11-extensions -Wno-implicit-fallthrough -isysroot /Applications/Xcode.app/Contents/Developer/Platforms/iPhoneOS.platform/Developer/SDKs/iPhoneOS26.5.sdk -fstrict-aliasing -Wdeprecated-declarations -Winvalid-offsetof -Wno-sign-conversion -Winfinite-recursion -Wmove -Wcomma -Wblock-capture-autoreleasing -Wstrict-prototypes -Wrange-loop-analysis -Wno-semicolon-before-method-body -Wunguarded-availability -index-store-path /Users/jonahmicahinguito/Library/Developer/Xcode/DerivedData/rotaractconnect-cjwcbdlngckcsaantafkjnfzfbdk/Index.noindex/DataStore @/Users/jonahmicahinguito/Library/Developer/Xcode/DerivedData/rotaractconnect-cjwcbdlngckcsaantafkjnfzfbdk/Build/Intermediates.noindex/Pods.build/Debug-iphoneos/React-Fabric.build/Objects-normal/arm64/82b82416624d2658e5098eb0a28c15c5-common-args.resp -include /Users/jonahmicahinguito/dev/rotaract-connect/ios/Pods/Target\ Support\ Files/React-Fabric/React-Fabric-prefix.pch -MMD -MT dependencies -MF /Users/jonahmicahinguito/Library/Developer/Xcode/DerivedData/rotaractconnect-cjwcbdlngckcsaantafkjnfzfbdk/Build/Intermediates.noindex/Pods.build/Debug-iphoneos/React-Fabric.build/Objects-normal/arm64/ModulusAnimatedNode.d --serialize-diagnostics /Users/jonahmicahinguito/Library/Developer/Xcode/DerivedData/rotaractconnect-cjwcbdlngckcsaantafkjnfzfbdk/Build/Intermediates.noindex/Pods.build/Debug-iphoneos/React-Fabric.build/Objects-normal/arm64/ModulusAnimatedNode.dia -c /Users/jonahmicahinguito/dev/rotaract-connect/node_modules/react-native/ReactCommon/react/renderer/animated/nodes/ModulusAnimatedNode.cpp -o /Users/jonahmicahinguito/Library/Developer/Xcode/DerivedData/rotaractconnect-cjwcbdlngckcsaantafkjnfzfbdk/Build/Intermediates.noindex/Pods.build/Debug-iphoneos/React-Fabric.build/Objects-normal/arm64/ModulusAnimatedNode.o -index-unit-output-path /Pods.build/Debug-iphoneos/React-Fabric.build/Objects-normal/arm64/ModulusAnimatedNode.o

In file included from /Users/jonahmicahinguito/dev/rotaract-connect/node_modules/react-native/ReactCommon/react/renderer/animated/nodes/ModulusAnimatedNode.cpp:14:
In file included from /Users/jonahmicahinguito/dev/rotaract-connect/ios/Pods/Headers/Private/React-Fabric/react/renderer/animated/NativeAnimatedNodesManager.h:21:
In file included from /Users/jonahmicahinguito/dev/rotaract-connect/ios/Pods/Headers/Private/React-Fabric/react/renderer/animationbackend/AnimationBackend.h:12:
In file included from /Users/jonahmicahinguito/dev/rotaract-connect/ios/Pods/Headers/Private/React-Fabric/react/renderer/uimanager/UIManager.h:23:
In file included from /Users/jonahmicahinguito/dev/rotaract-connect/ios/Pods/Headers/Private/React-Fabric/react/renderer/mounting/ShadowTree.h:18:
In file included from /Users/jonahmicahinguito/dev/rotaract-connect/ios/Pods/Headers/Private/React-Fabric/react/renderer/mounting/MountingCoordinator.h:15:
In file included from /Users/jonahmicahinguito/dev/rotaract-connect/ios/Pods/Headers/Private/React-Fabric/react/renderer/mounting/Differentiator.h:11:
/Users/jonahmicahinguito/dev/rotaract-connect/ios/Pods/Headers/Private/React-Fabric/react/renderer/mounting/ShadowViewMutation.h:46:7: warning: declaration is marked with '@deprecated' command but does not have a deprecation attribute [-Wdocumentation-deprecated-sync]
   46 |    * @deprecated Pass parentTag instead of parentShadowView.
      |      ~^~~~~~~~~~~~~~~~~~~~~~~~~~~~~~~~~~~~~~~~~~~~~~~~~~~~~~
/Users/jonahmicahinguito/dev/rotaract-connect/ios/Pods/Headers/Private/React-Fabric/react/renderer/mounting/ShadowViewMutation.h:48:3: note: add a deprecation attribute to the declaration to silence this warning
   48 |   static ShadowViewMutation InsertMutation(const ShadowView &parentShadowView, ShadowView childShadowView, int index)
      |   ^
      |   FMT_DEPRECATED 
/Users/jonahmicahinguito/dev/rotaract-connect/ios/Pods/Headers/Private/React-Fabric/react/renderer/mounting/ShadowViewMutation.h:60:7: warning: declaration is marked with '@deprecated' command but does not have a deprecation attribute [-Wdocumentation-deprecated-sync]
   60 |    * @deprecated Pass parentTag instead of parentShadowView.
      |      ~^~~~~~~~~~~~~~~~~~~~~~~~~~~~~~~~~~~~~~~~~~~~~~~~~~~~~~
/Users/jonahmicahinguito/dev/rotaract-connect/ios/Pods/Headers/Private/React-Fabric/react/renderer/mounting/ShadowViewMutation.h:62:3: note: add a deprecation attribute to the declaration to silence this warning
   62 |   static ShadowViewMutation RemoveMutation(const ShadowView &parentShadowView, ShadowView childShadowView, int index)
      |   ^
      |   FMT_DEPRECATED 
/Users/jonahmicahinguito/dev/rotaract-connect/ios/Pods/Headers/Private/React-Fabric/react/renderer/mounting/ShadowViewMutation.h:74:7: warning: declaration is marked with '@deprecated' command but does not have a deprecation attribute [-Wdocumentation-deprecated-sync]
   74 |    * @deprecated Pass parentTag instead of parentShadowView.
      |      ~^~~~~~~~~~~~~~~~~~~~~~~~~~~~~~~~~~~~~~~~~~~~~~~~~~~~~~
/Users/jonahmicahinguito/dev/rotaract-connect/ios/Pods/Headers/Private/React-Fabric/react/renderer/mounting/ShadowViewMutation.h:76:3: note: add a deprecation attribute to the declaration to silence this warning
   76 |   static ShadowViewMutation
      |   ^
      |   FMT_DEPRECATED 
3 warnings generated.

/Users/jonahmicahinguito/dev/rotaract-connect/ios/Pods/Headers/Private/React-Fabric/react/renderer/mounting/ShadowViewMutation.h:46:7: Declaration is marked with '@deprecated' command but does not have a deprecation attribute

/Users/jonahmicahinguito/dev/rotaract-connect/ios/Pods/Headers/Private/React-Fabric/react/renderer/mounting/ShadowViewMutation.h:60:7: Declaration is marked with '@deprecated' command but does not have a deprecation attribute

/Users/jonahmicahinguito/dev/rotaract-connect/ios/Pods/Headers/Private/React-Fabric/react/renderer/mounting/ShadowViewMutation.h:74:7: Declaration is marked with '@deprecated' command but does not have a deprecation attribute

CompileC /Users/jonahmicahinguito/Library/Developer/Xcode/DerivedData/rotaractconnect-cjwcbdlngckcsaantafkjnfzfbdk/Build/Intermediates.noindex/Pods.build/Debug-iphoneos/React-Fabric.build/Objects-normal/arm64/MergedValueDispatcher.o /Users/jonahmicahinguito/dev/rotaract-connect/node_modules/react-native/ReactCommon/react/renderer/animated/MergedValueDispatcher.cpp normal arm64 c++ com.apple.compilers.llvm.clang.1_0.compiler (in target 'React-Fabric' from project 'Pods')
    cd /Users/jonahmicahinguito/dev/rotaract-connect/ios/Pods
    
    Using response file: /Users/jonahmicahinguito/Library/Developer/Xcode/DerivedData/rotaractconnect-cjwcbdlngckcsaantafkjnfzfbdk/Build/Intermediates.noindex/Pods.build/Debug-iphoneos/React-Fabric.build/Objects-normal/arm64/82b82416624d2658e5098eb0a28c15c5-common-args.resp
    
    /Applications/Xcode.app/Contents/Developer/Toolchains/XcodeDefault.xctoolchain/usr/bin/clang -x c++ -ivfsstatcache /Users/jonahmicahinguito/Library/Developer/Xcode/DerivedData/SDKStatCaches.noindex/iphoneos26.5-23F81a-32daed1954a7d5dd0789fcaf2a9bb78b.sdkstatcache -target arm64-apple-ios15.1 -fmessage-length\=0 -fdiagnostics-show-note-include-stack -fmacro-backtrace-limit\=0 -fno-color-diagnostics -fmodules-prune-interval\=86400 -fmodules-prune-after\=345600 -fbuild-session-file\=/Users/jonahmicahinguito/Library/Developer/Xcode/DerivedData/ModuleCache.noindex/Session.modulevalidation -fmodules-validate-once-per-build-session -Wnon-modular-include-in-framework-module -Werror\=non-modular-include-in-framework-module -Wno-trigraphs -Wno-missing-field-initializers -Wno-missing-prototypes -Werror\=return-type -Wdocumentation -Wunreachable-code -Werror\=deprecated-objc-isa-usage -Werror\=objc-root-class -Wno-non-virtual-dtor -Wno-overloaded-virtual -Wno-exit-time-destructors -Wno-missing-braces -Wparentheses -Wswitch -Wunused-function -Wno-unused-label -Wno-unused-parameter -Wunused-variable -Wunused-value -Wempty-body -Wuninitialized -Wconditional-uninitialized -Wno-unknown-pragmas -Wno-shadow -Wno-four-char-constants -Wno-conversion -Wconstant-conversion -Wint-conversion -Wbool-conversion -Wenum-conversion -Wno-float-conversion -Wnon-literal-null-conversion -Wobjc-literal-conversion -Wshorten-64-to-32 -Wno-newline-eof -Wno-c++11-extensions -Wno-implicit-fallthrough -isysroot /Applications/Xcode.app/Contents/Developer/Platforms/iPhoneOS.platform/Developer/SDKs/iPhoneOS26.5.sdk -fstrict-aliasing -Wdeprecated-declarations -Winvalid-offsetof -Wno-sign-conversion -Winfinite-recursion -Wmove -Wcomma -Wblock-capture-autoreleasing -Wstrict-prototypes -Wrange-loop-analysis -Wno-semicolon-before-method-body -Wunguarded-availability -index-store-path /Users/jonahmicahinguito/Library/Developer/Xcode/DerivedData/rotaractconnect-cjwcbdlngckcsaantafkjnfzfbdk/Index.noindex/DataStore @/Users/jonahmicahinguito/Library/Developer/Xcode/DerivedData/rotaractconnect-cjwcbdlngckcsaantafkjnfzfbdk/Build/Intermediates.noindex/Pods.build/Debug-iphoneos/React-Fabric.build/Objects-normal/arm64/82b82416624d2658e5098eb0a28c15c5-common-args.resp -include /Users/jonahmicahinguito/dev/rotaract-connect/ios/Pods/Target\ Support\ Files/React-Fabric/React-Fabric-prefix.pch -MMD -MT dependencies -MF /Users/jonahmicahinguito/Library/Developer/Xcode/DerivedData/rotaractconnect-cjwcbdlngckcsaantafkjnfzfbdk/Build/Intermediates.noindex/Pods.build/Debug-iphoneos/React-Fabric.build/Objects-normal/arm64/MergedValueDispatcher.d --serialize-diagnostics /Users/jonahmicahinguito/Library/Developer/Xcode/DerivedData/rotaractconnect-cjwcbdlngckcsaantafkjnfzfbdk/Build/Intermediates.noindex/Pods.build/Debug-iphoneos/React-Fabric.build/Objects-normal/arm64/MergedValueDispatcher.dia -c /Users/jonahmicahinguito/dev/rotaract-connect/node_modules/react-native/ReactCommon/react/renderer/animated/MergedValueDispatcher.cpp -o /Users/jonahmicahinguito/Library/Developer/Xcode/DerivedData/rotaractconnect-cjwcbdlngckcsaantafkjnfzfbdk/Build/Intermediates.noindex/Pods.build/Debug-iphoneos/React-Fabric.build/Objects-normal/arm64/MergedValueDispatcher.o -index-unit-output-path /Pods.build/Debug-iphoneos/React-Fabric.build/Objects-normal/arm64/MergedValueDispatcher.o

In file included from /Users/jonahmicahinguito/dev/rotaract-connect/node_modules/react-native/ReactCommon/react/renderer/animated/MergedValueDispatcher.cpp:8:
/Users/jonahmicahinguito/dev/rotaract-connect/node_modules/react-native/ReactCommon/react/renderer/animated/MergedValueDispatcher.h:32:13: warning: parameter 'latestValueFunction' not found in the function declaration [-Wdocumentation]
   32 |    * @param latestValueFunction - function that will be called on the target
      |             ^~~~~~~~~~~~~~~~~~~
/Users/jonahmicahinguito/dev/rotaract-connect/node_modules/react-native/ReactCommon/react/renderer/animated/MergedValueDispatcher.h:32:13: note: did you mean 'mergedValueFunction'?
   32 |    * @param latestValueFunction - function that will be called on the target
      |             ^~~~~~~~~~~~~~~~~~~
      |             mergedValueFunction
1 warning generated.

/Users/jonahmicahinguito/dev/rotaract-connect/node_modules/react-native/ReactCommon/react/renderer/animated/MergedValueDispatcher.h:32:13: Parameter 'latestValueFunction' not found in the function declaration

CompileC /Users/jonahmicahinguito/Library/Developer/Xcode/DerivedData/rotaractconnect-cjwcbdlngckcsaantafkjnfzfbdk/Build/Intermediates.noindex/Pods.build/Debug-iphoneos/React-Fabric.build/Objects-normal/arm64/LazyShadowTreeRevisionConsistencyManager.o /Users/jonahmicahinguito/dev/rotaract-connect/node_modules/react-native/ReactCommon/react/renderer/uimanager/consistency/LazyShadowTreeRevisionConsistencyManager.cpp normal arm64 c++ com.apple.compilers.llvm.clang.1_0.compiler (in target 'React-Fabric' from project 'Pods')
    cd /Users/jonahmicahinguito/dev/rotaract-connect/ios/Pods
    
    Using response file: /Users/jonahmicahinguito/Library/Developer/Xcode/DerivedData/rotaractconnect-cjwcbdlngckcsaantafkjnfzfbdk/Build/Intermediates.noindex/Pods.build/Debug-iphoneos/React-Fabric.build/Objects-normal/arm64/82b82416624d2658e5098eb0a28c15c5-common-args.resp
    
    /Applications/Xcode.app/Contents/Developer/Toolchains/XcodeDefault.xctoolchain/usr/bin/clang -x c++ -ivfsstatcache /Users/jonahmicahinguito/Library/Developer/Xcode/DerivedData/SDKStatCaches.noindex/iphoneos26.5-23F81a-32daed1954a7d5dd0789fcaf2a9bb78b.sdkstatcache -target arm64-apple-ios15.1 -fmessage-length\=0 -fdiagnostics-show-note-include-stack -fmacro-backtrace-limit\=0 -fno-color-diagnostics -fmodules-prune-interval\=86400 -fmodules-prune-after\=345600 -fbuild-session-file\=/Users/jonahmicahinguito/Library/Developer/Xcode/DerivedData/ModuleCache.noindex/Session.modulevalidation -fmodules-validate-once-per-build-session -Wnon-modular-include-in-framework-module -Werror\=non-modular-include-in-framework-module -Wno-trigraphs -Wno-missing-field-initializers -Wno-missing-prototypes -Werror\=return-type -Wdocumentation -Wunreachable-code -Werror\=deprecated-objc-isa-usage -Werror\=objc-root-class -Wno-non-virtual-dtor -Wno-overloaded-virtual -Wno-exit-time-destructors -Wno-missing-braces -Wparentheses -Wswitch -Wunused-function -Wno-unused-label -Wno-unused-parameter -Wunused-variable -Wunused-value -Wempty-body -Wuninitialized -Wconditional-uninitialized -Wno-unknown-pragmas -Wno-shadow -Wno-four-char-constants -Wno-conversion -Wconstant-conversion -Wint-conversion -Wbool-conversion -Wenum-conversion -Wno-float-conversion -Wnon-literal-null-conversion -Wobjc-literal-conversion -Wshorten-64-to-32 -Wno-newline-eof -Wno-c++11-extensions -Wno-implicit-fallthrough -isysroot /Applications/Xcode.app/Contents/Developer/Platforms/iPhoneOS.platform/Developer/SDKs/iPhoneOS26.5.sdk -fstrict-aliasing -Wdeprecated-declarations -Winvalid-offsetof -Wno-sign-conversion -Winfinite-recursion -Wmove -Wcomma -Wblock-capture-autoreleasing -Wstrict-prototypes -Wrange-loop-analysis -Wno-semicolon-before-method-body -Wunguarded-availability -index-store-path /Users/jonahmicahinguito/Library/Developer/Xcode/DerivedData/rotaractconnect-cjwcbdlngckcsaantafkjnfzfbdk/Index.noindex/DataStore @/Users/jonahmicahinguito/Library/Developer/Xcode/DerivedData/rotaractconnect-cjwcbdlngckcsaantafkjnfzfbdk/Build/Intermediates.noindex/Pods.build/Debug-iphoneos/React-Fabric.build/Objects-normal/arm64/82b82416624d2658e5098eb0a28c15c5-common-args.resp -include /Users/jonahmicahinguito/dev/rotaract-connect/ios/Pods/Target\ Support\ Files/React-Fabric/React-Fabric-prefix.pch -MMD -MT dependencies -MF /Users/jonahmicahinguito/Library/Developer/Xcode/DerivedData/rotaractconnect-cjwcbdlngckcsaantafkjnfzfbdk/Build/Intermediates.noindex/Pods.build/Debug-iphoneos/React-Fabric.build/Objects-normal/arm64/LazyShadowTreeRevisionConsistencyManager.d --serialize-diagnostics /Users/jonahmicahinguito/Library/Developer/Xcode/DerivedData/rotaractconnect-cjwcbdlngckcsaantafkjnfzfbdk/Build/Intermediates.noindex/Pods.build/Debug-iphoneos/React-Fabric.build/Objects-normal/arm64/LazyShadowTreeRevisionConsistencyManager.dia -c /Users/jonahmicahinguito/dev/rotaract-connect/node_modules/react-native/ReactCommon/react/renderer/uimanager/consistency/LazyShadowTreeRevisionConsistencyManager.cpp -o /Users/jonahmicahinguito/Library/Developer/Xcode/DerivedData/rotaractconnect-cjwcbdlngckcsaantafkjnfzfbdk/Build/Intermediates.noindex/Pods.build/Debug-iphoneos/React-Fabric.build/Objects-normal/arm64/LazyShadowTreeRevisionConsistencyManager.o -index-unit-output-path /Pods.build/Debug-iphoneos/React-Fabric.build/Objects-normal/arm64/LazyShadowTreeRevisionConsistencyManager.o

In file included from /Users/jonahmicahinguito/dev/rotaract-connect/node_modules/react-native/ReactCommon/react/renderer/uimanager/consistency/LazyShadowTreeRevisionConsistencyManager.cpp:8:
In file included from /Users/jonahmicahinguito/dev/rotaract-connect/node_modules/react-native/ReactCommon/react/renderer/uimanager/consistency/LazyShadowTreeRevisionConsistencyManager.h:12:
In file included from /Users/jonahmicahinguito/dev/rotaract-connect/ios/Pods/Headers/Private/React-Fabric/react/renderer/mounting/ShadowTreeRegistry.h:14:
In file included from /Users/jonahmicahinguito/dev/rotaract-connect/ios/Pods/Headers/Private/React-Fabric/react/renderer/mounting/ShadowTree.h:18:
In file included from /Users/jonahmicahinguito/dev/rotaract-connect/ios/Pods/Headers/Private/React-Fabric/react/renderer/mounting/MountingCoordinator.h:15:
In file included from /Users/jonahmicahinguito/dev/rotaract-connect/ios/Pods/Headers/Private/React-Fabric/react/renderer/mounting/Differentiator.h:11:
/Users/jonahmicahinguito/dev/rotaract-connect/ios/Pods/Headers/Private/React-Fabric/react/renderer/mounting/ShadowViewMutation.h:46:7: warning: declaration is marked with '@deprecated' command but does not have a deprecation attribute [-Wdocumentation-deprecated-sync]
   46 |    * @deprecated Pass parentTag instead of parentShadowView.
      |      ~^~~~~~~~~~~~~~~~~~~~~~~~~~~~~~~~~~~~~~~~~~~~~~~~~~~~~~
/Users/jonahmicahinguito/dev/rotaract-connect/ios/Pods/Headers/Private/React-Fabric/react/renderer/mounting/ShadowViewMutation.h:48:3: note: add a deprecation attribute to the declaration to silence this warning
   48 |   static ShadowViewMutation InsertMutation(const ShadowView &parentShadowView, ShadowView childShadowView, int index)
      |   ^
      |   FMT_DEPRECATED 
/Users/jonahmicahinguito/dev/rotaract-connect/ios/Pods/Headers/Private/React-Fabric/react/renderer/mounting/ShadowViewMutation.h:60:7: warning: declaration is marked with '@deprecated' command but does not have a deprecation attribute [-Wdocumentation-deprecated-sync]
   60 |    * @deprecated Pass parentTag instead of parentShadowView.
      |      ~^~~~~~~~~~~~~~~~~~~~~~~~~~~~~~~~~~~~~~~~~~~~~~~~~~~~~~
/Users/jonahmicahinguito/dev/rotaract-connect/ios/Pods/Headers/Private/React-Fabric/react/renderer/mounting/ShadowViewMutation.h:62:3: note: add a deprecation attribute to the declaration to silence this warning
   62 |   static ShadowViewMutation RemoveMutation(const ShadowView &parentShadowView, ShadowView childShadowView, int index)
      |   ^
      |   FMT_DEPRECATED 
/Users/jonahmicahinguito/dev/rotaract-connect/ios/Pods/Headers/Private/React-Fabric/react/renderer/mounting/ShadowViewMutation.h:74:7: warning: declaration is marked with '@deprecated' command but does not have a deprecation attribute [-Wdocumentation-deprecated-sync]
   74 |    * @deprecated Pass parentTag instead of parentShadowView.
      |      ~^~~~~~~~~~~~~~~~~~~~~~~~~~~~~~~~~~~~~~~~~~~~~~~~~~~~~~
/Users/jonahmicahinguito/dev/rotaract-connect/ios/Pods/Headers/Private/React-Fabric/react/renderer/mounting/ShadowViewMutation.h:76:3: note: add a deprecation attribute to the declaration to silence this warning
   76 |   static ShadowViewMutation
      |   ^
      |   FMT_DEPRECATED 
3 warnings generated.

/Users/jonahmicahinguito/dev/rotaract-connect/ios/Pods/Headers/Private/React-Fabric/react/renderer/mounting/ShadowViewMutation.h:46:7: Declaration is marked with '@deprecated' command but does not have a deprecation attribute

/Users/jonahmicahinguito/dev/rotaract-connect/ios/Pods/Headers/Private/React-Fabric/react/renderer/mounting/ShadowViewMutation.h:60:7: Declaration is marked with '@deprecated' command but does not have a deprecation attribute

/Users/jonahmicahinguito/dev/rotaract-connect/ios/Pods/Headers/Private/React-Fabric/react/renderer/mounting/ShadowViewMutation.h:74:7: Declaration is marked with '@deprecated' command but does not have a deprecation attribute

CompileC /Users/jonahmicahinguito/Library/Developer/Xcode/DerivedData/rotaractconnect-cjwcbdlngckcsaantafkjnfzfbdk/Build/Intermediates.noindex/Pods.build/Debug-iphoneos/React-Fabric.build/Objects-normal/arm64/LayoutAnimationKeyFrameManager.o /Users/jonahmicahinguito/dev/rotaract-connect/node_modules/react-native/ReactCommon/react/renderer/animations/LayoutAnimationKeyFrameManager.cpp normal arm64 c++ com.apple.compilers.llvm.clang.1_0.compiler (in target 'React-Fabric' from project 'Pods')
    cd /Users/jonahmicahinguito/dev/rotaract-connect/ios/Pods
    
    Using response file: /Users/jonahmicahinguito/Library/Developer/Xcode/DerivedData/rotaractconnect-cjwcbdlngckcsaantafkjnfzfbdk/Build/Intermediates.noindex/Pods.build/Debug-iphoneos/React-Fabric.build/Objects-normal/arm64/82b82416624d2658e5098eb0a28c15c5-common-args.resp
    
    /Applications/Xcode.app/Contents/Developer/Toolchains/XcodeDefault.xctoolchain/usr/bin/clang -x c++ -ivfsstatcache /Users/jonahmicahinguito/Library/Developer/Xcode/DerivedData/SDKStatCaches.noindex/iphoneos26.5-23F81a-32daed1954a7d5dd0789fcaf2a9bb78b.sdkstatcache -target arm64-apple-ios15.1 -fmessage-length\=0 -fdiagnostics-show-note-include-stack -fmacro-backtrace-limit\=0 -fno-color-diagnostics -fmodules-prune-interval\=86400 -fmodules-prune-after\=345600 -fbuild-session-file\=/Users/jonahmicahinguito/Library/Developer/Xcode/DerivedData/ModuleCache.noindex/Session.modulevalidation -fmodules-validate-once-per-build-session -Wnon-modular-include-in-framework-module -Werror\=non-modular-include-in-framework-module -Wno-trigraphs -Wno-missing-field-initializers -Wno-missing-prototypes -Werror\=return-type -Wdocumentation -Wunreachable-code -Werror\=deprecated-objc-isa-usage -Werror\=objc-root-class -Wno-non-virtual-dtor -Wno-overloaded-virtual -Wno-exit-time-destructors -Wno-missing-braces -Wparentheses -Wswitch -Wunused-function -Wno-unused-label -Wno-unused-parameter -Wunused-variable -Wunused-value -Wempty-body -Wuninitialized -Wconditional-uninitialized -Wno-unknown-pragmas -Wno-shadow -Wno-four-char-constants -Wno-conversion -Wconstant-conversion -Wint-conversion -Wbool-conversion -Wenum-conversion -Wno-float-conversion -Wnon-literal-null-conversion -Wobjc-literal-conversion -Wshorten-64-to-32 -Wno-newline-eof -Wno-c++11-extensions -Wno-implicit-fallthrough -isysroot /Applications/Xcode.app/Contents/Developer/Platforms/iPhoneOS.platform/Developer/SDKs/iPhoneOS26.5.sdk -fstrict-aliasing -Wdeprecated-declarations -Winvalid-offsetof -Wno-sign-conversion -Winfinite-recursion -Wmove -Wcomma -Wblock-capture-autoreleasing -Wstrict-prototypes -Wrange-loop-analysis -Wno-semicolon-before-method-body -Wunguarded-availability -index-store-path /Users/jonahmicahinguito/Library/Developer/Xcode/DerivedData/rotaractconnect-cjwcbdlngckcsaantafkjnfzfbdk/Index.noindex/DataStore @/Users/jonahmicahinguito/Library/Developer/Xcode/DerivedData/rotaractconnect-cjwcbdlngckcsaantafkjnfzfbdk/Build/Intermediates.noindex/Pods.build/Debug-iphoneos/React-Fabric.build/Objects-normal/arm64/82b82416624d2658e5098eb0a28c15c5-common-args.resp -include /Users/jonahmicahinguito/dev/rotaract-connect/ios/Pods/Target\ Support\ Files/React-Fabric/React-Fabric-prefix.pch -MMD -MT dependencies -MF /Users/jonahmicahinguito/Library/Developer/Xcode/DerivedData/rotaractconnect-cjwcbdlngckcsaantafkjnfzfbdk/Build/Intermediates.noindex/Pods.build/Debug-iphoneos/React-Fabric.build/Objects-normal/arm64/LayoutAnimationKeyFrameManager.d --serialize-diagnostics /Users/jonahmicahinguito/Library/Developer/Xcode/DerivedData/rotaractconnect-cjwcbdlngckcsaantafkjnfzfbdk/Build/Intermediates.noindex/Pods.build/Debug-iphoneos/React-Fabric.build/Objects-normal/arm64/LayoutAnimationKeyFrameManager.dia -c /Users/jonahmicahinguito/dev/rotaract-connect/node_modules/react-native/ReactCommon/react/renderer/animations/LayoutAnimationKeyFrameManager.cpp -o /Users/jonahmicahinguito/Library/Developer/Xcode/DerivedData/rotaractconnect-cjwcbdlngckcsaantafkjnfzfbdk/Build/Intermediates.noindex/Pods.build/Debug-iphoneos/React-Fabric.build/Objects-normal/arm64/LayoutAnimationKeyFrameManager.o -index-unit-output-path /Pods.build/Debug-iphoneos/React-Fabric.build/Objects-normal/arm64/LayoutAnimationKeyFrameManager.o

In file included from /Users/jonahmicahinguito/dev/rotaract-connect/node_modules/react-native/ReactCommon/react/renderer/animations/LayoutAnimationKeyFrameManager.cpp:8:
In file included from /Users/jonahmicahinguito/dev/rotaract-connect/node_modules/react-native/ReactCommon/react/renderer/animations/LayoutAnimationKeyFrameManager.h:12:
In file included from /Users/jonahmicahinguito/dev/rotaract-connect/ios/Pods/Headers/Private/React-Fabric/react/renderer/animations/primitives.h:14:
/Users/jonahmicahinguito/dev/rotaract-connect/ios/Pods/Headers/Private/React-Fabric/react/renderer/mounting/ShadowViewMutation.h:46:7: warning: declaration is marked with '@deprecated' command but does not have a deprecation attribute [-Wdocumentation-deprecated-sync]
   46 |    * @deprecated Pass parentTag instead of parentShadowView.
      |      ~^~~~~~~~~~~~~~~~~~~~~~~~~~~~~~~~~~~~~~~~~~~~~~~~~~~~~~
/Users/jonahmicahinguito/dev/rotaract-connect/ios/Pods/Headers/Private/React-Fabric/react/renderer/mounting/ShadowViewMutation.h:48:3: note: add a deprecation attribute to the declaration to silence this warning
   48 |   static ShadowViewMutation InsertMutation(const ShadowView &parentShadowView, ShadowView childShadowView, int index)
      |   ^
      |   FMT_DEPRECATED 
/Users/jonahmicahinguito/dev/rotaract-connect/ios/Pods/Headers/Private/React-Fabric/react/renderer/mounting/ShadowViewMutation.h:60:7: warning: declaration is marked with '@deprecated' command but does not have a deprecation attribute [-Wdocumentation-deprecated-sync]
   60 |    * @deprecated Pass parentTag instead of parentShadowView.
      |      ~^~~~~~~~~~~~~~~~~~~~~~~~~~~~~~~~~~~~~~~~~~~~~~~~~~~~~~
/Users/jonahmicahinguito/dev/rotaract-connect/ios/Pods/Headers/Private/React-Fabric/react/renderer/mounting/ShadowViewMutation.h:62:3: note: add a deprecation attribute to the declaration to silence this warning
   62 |   static ShadowViewMutation RemoveMutation(const ShadowView &parentShadowView, ShadowView childShadowView, int index)
      |   ^
      |   FMT_DEPRECATED 
/Users/jonahmicahinguito/dev/rotaract-connect/ios/Pods/Headers/Private/React-Fabric/react/renderer/mounting/ShadowViewMutation.h:74:7: warning: declaration is marked with '@deprecated' command but does not have a deprecation attribute [-Wdocumentation-deprecated-sync]
   74 |    * @deprecated Pass parentTag instead of parentShadowView.
      |      ~^~~~~~~~~~~~~~~~~~~~~~~~~~~~~~~~~~~~~~~~~~~~~~~~~~~~~~
/Users/jonahmicahinguito/dev/rotaract-connect/ios/Pods/Headers/Private/React-Fabric/react/renderer/mounting/ShadowViewMutation.h:76:3: note: add a deprecation attribute to the declaration to silence this warning
   76 |   static ShadowViewMutation
      |   ^
      |   FMT_DEPRECATED 
3 warnings generated.

/Users/jonahmicahinguito/dev/rotaract-connect/ios/Pods/Headers/Private/React-Fabric/react/renderer/mounting/ShadowViewMutation.h:46:7: Declaration is marked with '@deprecated' command but does not have a deprecation attribute

/Users/jonahmicahinguito/dev/rotaract-connect/ios/Pods/Headers/Private/React-Fabric/react/renderer/mounting/ShadowViewMutation.h:60:7: Declaration is marked with '@deprecated' command but does not have a deprecation attribute

/Users/jonahmicahinguito/dev/rotaract-connect/ios/Pods/Headers/Private/React-Fabric/react/renderer/mounting/ShadowViewMutation.h:74:7: Declaration is marked with '@deprecated' command but does not have a deprecation attribute

CompileC /Users/jonahmicahinguito/Library/Developer/Xcode/DerivedData/rotaractconnect-cjwcbdlngckcsaantafkjnfzfbdk/Build/Intermediates.noindex/Pods.build/Debug-iphoneos/React-Fabric.build/Objects-normal/arm64/LayoutAnimationDriver.o /Users/jonahmicahinguito/dev/rotaract-connect/node_modules/react-native/ReactCommon/react/renderer/animations/LayoutAnimationDriver.cpp normal arm64 c++ com.apple.compilers.llvm.clang.1_0.compiler (in target 'React-Fabric' from project 'Pods')
    cd /Users/jonahmicahinguito/dev/rotaract-connect/ios/Pods
    
    Using response file: /Users/jonahmicahinguito/Library/Developer/Xcode/DerivedData/rotaractconnect-cjwcbdlngckcsaantafkjnfzfbdk/Build/Intermediates.noindex/Pods.build/Debug-iphoneos/React-Fabric.build/Objects-normal/arm64/82b82416624d2658e5098eb0a28c15c5-common-args.resp
    
    /Applications/Xcode.app/Contents/Developer/Toolchains/XcodeDefault.xctoolchain/usr/bin/clang -x c++ -ivfsstatcache /Users/jonahmicahinguito/Library/Developer/Xcode/DerivedData/SDKStatCaches.noindex/iphoneos26.5-23F81a-32daed1954a7d5dd0789fcaf2a9bb78b.sdkstatcache -target arm64-apple-ios15.1 -fmessage-length\=0 -fdiagnostics-show-note-include-stack -fmacro-backtrace-limit\=0 -fno-color-diagnostics -fmodules-prune-interval\=86400 -fmodules-prune-after\=345600 -fbuild-session-file\=/Users/jonahmicahinguito/Library/Developer/Xcode/DerivedData/ModuleCache.noindex/Session.modulevalidation -fmodules-validate-once-per-build-session -Wnon-modular-include-in-framework-module -Werror\=non-modular-include-in-framework-module -Wno-trigraphs -Wno-missing-field-initializers -Wno-missing-prototypes -Werror\=return-type -Wdocumentation -Wunreachable-code -Werror\=deprecated-objc-isa-usage -Werror\=objc-root-class -Wno-non-virtual-dtor -Wno-overloaded-virtual -Wno-exit-time-destructors -Wno-missing-braces -Wparentheses -Wswitch -Wunused-function -Wno-unused-label -Wno-unused-parameter -Wunused-variable -Wunused-value -Wempty-body -Wuninitialized -Wconditional-uninitialized -Wno-unknown-pragmas -Wno-shadow -Wno-four-char-constants -Wno-conversion -Wconstant-conversion -Wint-conversion -Wbool-conversion -Wenum-conversion -Wno-float-conversion -Wnon-literal-null-conversion -Wobjc-literal-conversion -Wshorten-64-to-32 -Wno-newline-eof -Wno-c++11-extensions -Wno-implicit-fallthrough -isysroot /Applications/Xcode.app/Contents/Developer/Platforms/iPhoneOS.platform/Developer/SDKs/iPhoneOS26.5.sdk -fstrict-aliasing -Wdeprecated-declarations -Winvalid-offsetof -Wno-sign-conversion -Winfinite-recursion -Wmove -Wcomma -Wblock-capture-autoreleasing -Wstrict-prototypes -Wrange-loop-analysis -Wno-semicolon-before-method-body -Wunguarded-availability -index-store-path /Users/jonahmicahinguito/Library/Developer/Xcode/DerivedData/rotaractconnect-cjwcbdlngckcsaantafkjnfzfbdk/Index.noindex/DataStore @/Users/jonahmicahinguito/Library/Developer/Xcode/DerivedData/rotaractconnect-cjwcbdlngckcsaantafkjnfzfbdk/Build/Intermediates.noindex/Pods.build/Debug-iphoneos/React-Fabric.build/Objects-normal/arm64/82b82416624d2658e5098eb0a28c15c5-common-args.resp -include /Users/jonahmicahinguito/dev/rotaract-connect/ios/Pods/Target\ Support\ Files/React-Fabric/React-Fabric-prefix.pch -MMD -MT dependencies -MF /Users/jonahmicahinguito/Library/Developer/Xcode/DerivedData/rotaractconnect-cjwcbdlngckcsaantafkjnfzfbdk/Build/Intermediates.noindex/Pods.build/Debug-iphoneos/React-Fabric.build/Objects-normal/arm64/LayoutAnimationDriver.d --serialize-diagnostics /Users/jonahmicahinguito/Library/Developer/Xcode/DerivedData/rotaractconnect-cjwcbdlngckcsaantafkjnfzfbdk/Build/Intermediates.noindex/Pods.build/Debug-iphoneos/React-Fabric.build/Objects-normal/arm64/LayoutAnimationDriver.dia -c /Users/jonahmicahinguito/dev/rotaract-connect/node_modules/react-native/ReactCommon/react/renderer/animations/LayoutAnimationDriver.cpp -o /Users/jonahmicahinguito/Library/Developer/Xcode/DerivedData/rotaractconnect-cjwcbdlngckcsaantafkjnfzfbdk/Build/Intermediates.noindex/Pods.build/Debug-iphoneos/React-Fabric.build/Objects-normal/arm64/LayoutAnimationDriver.o -index-unit-output-path /Pods.build/Debug-iphoneos/React-Fabric.build/Objects-normal/arm64/LayoutAnimationDriver.o

In file included from /Users/jonahmicahinguito/dev/rotaract-connect/node_modules/react-native/ReactCommon/react/renderer/animations/LayoutAnimationDriver.cpp:8:
In file included from /Users/jonahmicahinguito/dev/rotaract-connect/node_modules/react-native/ReactCommon/react/renderer/animations/LayoutAnimationDriver.h:10:
In file included from /Users/jonahmicahinguito/dev/rotaract-connect/ios/Pods/Headers/Private/React-Fabric/react/renderer/animations/LayoutAnimationKeyFrameManager.h:12:
In file included from /Users/jonahmicahinguito/dev/rotaract-connect/ios/Pods/Headers/Private/React-Fabric/react/renderer/animations/primitives.h:14:
/Users/jonahmicahinguito/dev/rotaract-connect/ios/Pods/Headers/Private/React-Fabric/react/renderer/mounting/ShadowViewMutation.h:46:7: warning: declaration is marked with '@deprecated' command but does not have a deprecation attribute [-Wdocumentation-deprecated-sync]
   46 |    * @deprecated Pass parentTag instead of parentShadowView.
      |      ~^~~~~~~~~~~~~~~~~~~~~~~~~~~~~~~~~~~~~~~~~~~~~~~~~~~~~~
/Users/jonahmicahinguito/dev/rotaract-connect/ios/Pods/Headers/Private/React-Fabric/react/renderer/mounting/ShadowViewMutation.h:48:3: note: add a deprecation attribute to the declaration to silence this warning
   48 |   static ShadowViewMutation InsertMutation(const ShadowView &parentShadowView, ShadowView childShadowView, int index)
      |   ^
      |   FMT_DEPRECATED 
/Users/jonahmicahinguito/dev/rotaract-connect/ios/Pods/Headers/Private/React-Fabric/react/renderer/mounting/ShadowViewMutation.h:60:7: warning: declaration is marked with '@deprecated' command but does not have a deprecation attribute [-Wdocumentation-deprecated-sync]
   60 |    * @deprecated Pass parentTag instead of parentShadowView.
      |      ~^~~~~~~~~~~~~~~~~~~~~~~~~~~~~~~~~~~~~~~~~~~~~~~~~~~~~~
/Users/jonahmicahinguito/dev/rotaract-connect/ios/Pods/Headers/Private/React-Fabric/react/renderer/mounting/ShadowViewMutation.h:62:3: note: add a deprecation attribute to the declaration to silence this warning
   62 |   static ShadowViewMutation RemoveMutation(const ShadowView &parentShadowView, ShadowView childShadowView, int index)
      |   ^
      |   FMT_DEPRECATED 
/Users/jonahmicahinguito/dev/rotaract-connect/ios/Pods/Headers/Private/React-Fabric/react/renderer/mounting/ShadowViewMutation.h:74:7: warning: declaration is marked with '@deprecated' command but does not have a deprecation attribute [-Wdocumentation-deprecated-sync]
   74 |    * @deprecated Pass parentTag instead of parentShadowView.
      |      ~^~~~~~~~~~~~~~~~~~~~~~~~~~~~~~~~~~~~~~~~~~~~~~~~~~~~~~
/Users/jonahmicahinguito/dev/rotaract-connect/ios/Pods/Headers/Private/React-Fabric/react/renderer/mounting/ShadowViewMutation.h:76:3: note: add a deprecation attribute to the declaration to silence this warning
   76 |   static ShadowViewMutation
      |   ^
      |   FMT_DEPRECATED 
3 warnings generated.

/Users/jonahmicahinguito/dev/rotaract-connect/ios/Pods/Headers/Private/React-Fabric/react/renderer/mounting/ShadowViewMutation.h:46:7: Declaration is marked with '@deprecated' command but does not have a deprecation attribute

/Users/jonahmicahinguito/dev/rotaract-connect/ios/Pods/Headers/Private/React-Fabric/react/renderer/mounting/ShadowViewMutation.h:60:7: Declaration is marked with '@deprecated' command but does not have a deprecation attribute

/Users/jonahmicahinguito/dev/rotaract-connect/ios/Pods/Headers/Private/React-Fabric/react/renderer/mounting/ShadowViewMutation.h:74:7: Declaration is marked with '@deprecated' command but does not have a deprecation attribute

CompileC /Users/jonahmicahinguito/Library/Developer/Xcode/DerivedData/rotaractconnect-cjwcbdlngckcsaantafkjnfzfbdk/Build/Intermediates.noindex/Pods.build/Debug-iphoneos/React-Fabric.build/Objects-normal/arm64/IntersectionObserverManager.o /Users/jonahmicahinguito/dev/rotaract-connect/node_modules/react-native/ReactCommon/react/renderer/observers/intersection/IntersectionObserverManager.cpp normal arm64 c++ com.apple.compilers.llvm.clang.1_0.compiler (in target 'React-Fabric' from project 'Pods')
    cd /Users/jonahmicahinguito/dev/rotaract-connect/ios/Pods
    
    Using response file: /Users/jonahmicahinguito/Library/Developer/Xcode/DerivedData/rotaractconnect-cjwcbdlngckcsaantafkjnfzfbdk/Build/Intermediates.noindex/Pods.build/Debug-iphoneos/React-Fabric.build/Objects-normal/arm64/82b82416624d2658e5098eb0a28c15c5-common-args.resp
    
    /Applications/Xcode.app/Contents/Developer/Toolchains/XcodeDefault.xctoolchain/usr/bin/clang -x c++ -ivfsstatcache /Users/jonahmicahinguito/Library/Developer/Xcode/DerivedData/SDKStatCaches.noindex/iphoneos26.5-23F81a-32daed1954a7d5dd0789fcaf2a9bb78b.sdkstatcache -target arm64-apple-ios15.1 -fmessage-length\=0 -fdiagnostics-show-note-include-stack -fmacro-backtrace-limit\=0 -fno-color-diagnostics -fmodules-prune-interval\=86400 -fmodules-prune-after\=345600 -fbuild-session-file\=/Users/jonahmicahinguito/Library/Developer/Xcode/DerivedData/ModuleCache.noindex/Session.modulevalidation -fmodules-validate-once-per-build-session -Wnon-modular-include-in-framework-module -Werror\=non-modular-include-in-framework-module -Wno-trigraphs -Wno-missing-field-initializers -Wno-missing-prototypes -Werror\=return-type -Wdocumentation -Wunreachable-code -Werror\=deprecated-objc-isa-usage -Werror\=objc-root-class -Wno-non-virtual-dtor -Wno-overloaded-virtual -Wno-exit-time-destructors -Wno-missing-braces -Wparentheses -Wswitch -Wunused-function -Wno-unused-label -Wno-unused-parameter -Wunused-variable -Wunused-value -Wempty-body -Wuninitialized -Wconditional-uninitialized -Wno-unknown-pragmas -Wno-shadow -Wno-four-char-constants -Wno-conversion -Wconstant-conversion -Wint-conversion -Wbool-conversion -Wenum-conversion -Wno-float-conversion -Wnon-literal-null-conversion -Wobjc-literal-conversion -Wshorten-64-to-32 -Wno-newline-eof -Wno-c++11-extensions -Wno-implicit-fallthrough -isysroot /Applications/Xcode.app/Contents/Developer/Platforms/iPhoneOS.platform/Developer/SDKs/iPhoneOS26.5.sdk -fstrict-aliasing -Wdeprecated-declarations -Winvalid-offsetof -Wno-sign-conversion -Winfinite-recursion -Wmove -Wcomma -Wblock-capture-autoreleasing -Wstrict-prototypes -Wrange-loop-analysis -Wno-semicolon-before-method-body -Wunguarded-availability -index-store-path /Users/jonahmicahinguito/Library/Developer/Xcode/DerivedData/rotaractconnect-cjwcbdlngckcsaantafkjnfzfbdk/Index.noindex/DataStore @/Users/jonahmicahinguito/Library/Developer/Xcode/DerivedData/rotaractconnect-cjwcbdlngckcsaantafkjnfzfbdk/Build/Intermediates.noindex/Pods.build/Debug-iphoneos/React-Fabric.build/Objects-normal/arm64/82b82416624d2658e5098eb0a28c15c5-common-args.resp -include /Users/jonahmicahinguito/dev/rotaract-connect/ios/Pods/Target\ Support\ Files/React-Fabric/React-Fabric-prefix.pch -MMD -MT dependencies -MF /Users/jonahmicahinguito/Library/Developer/Xcode/DerivedData/rotaractconnect-cjwcbdlngckcsaantafkjnfzfbdk/Build/Intermediates.noindex/Pods.build/Debug-iphoneos/React-Fabric.build/Objects-normal/arm64/IntersectionObserverManager.d --serialize-diagnostics /Users/jonahmicahinguito/Library/Developer/Xcode/DerivedData/rotaractconnect-cjwcbdlngckcsaantafkjnfzfbdk/Build/Intermediates.noindex/Pods.build/Debug-iphoneos/React-Fabric.build/Objects-normal/arm64/IntersectionObserverManager.dia -c /Users/jonahmicahinguito/dev/rotaract-connect/node_modules/react-native/ReactCommon/react/renderer/observers/intersection/IntersectionObserverManager.cpp -o /Users/jonahmicahinguito/Library/Developer/Xcode/DerivedData/rotaractconnect-cjwcbdlngckcsaantafkjnfzfbdk/Build/Intermediates.noindex/Pods.build/Debug-iphoneos/React-Fabric.build/Objects-normal/arm64/IntersectionObserverManager.o -index-unit-output-path /Pods.build/Debug-iphoneos/React-Fabric.build/Objects-normal/arm64/IntersectionObserverManager.o

In file included from /Users/jonahmicahinguito/dev/rotaract-connect/node_modules/react-native/ReactCommon/react/renderer/observers/intersection/IntersectionObserverManager.cpp:8:
In file included from /Users/jonahmicahinguito/dev/rotaract-connect/node_modules/react-native/ReactCommon/react/renderer/observers/intersection/IntersectionObserverManager.h:14:
In file included from /Users/jonahmicahinguito/dev/rotaract-connect/ios/Pods/Headers/Private/React-Fabric/react/renderer/uimanager/UIManager.h:23:
In file included from /Users/jonahmicahinguito/dev/rotaract-connect/ios/Pods/Headers/Private/React-Fabric/react/renderer/mounting/ShadowTree.h:18:
In file included from /Users/jonahmicahinguito/dev/rotaract-connect/ios/Pods/Headers/Private/React-Fabric/react/renderer/mounting/MountingCoordinator.h:15:
In file included from /Users/jonahmicahinguito/dev/rotaract-connect/ios/Pods/Headers/Private/React-Fabric/react/renderer/mounting/Differentiator.h:11:
/Users/jonahmicahinguito/dev/rotaract-connect/ios/Pods/Headers/Private/React-Fabric/react/renderer/mounting/ShadowViewMutation.h:46:7: warning: declaration is marked with '@deprecated' command but does not have a deprecation attribute [-Wdocumentation-deprecated-sync]
   46 |    * @deprecated Pass parentTag instead of parentShadowView.
      |      ~^~~~~~~~~~~~~~~~~~~~~~~~~~~~~~~~~~~~~~~~~~~~~~~~~~~~~~
/Users/jonahmicahinguito/dev/rotaract-connect/ios/Pods/Headers/Private/React-Fabric/react/renderer/mounting/ShadowViewMutation.h:48:3: note: add a deprecation attribute to the declaration to silence this warning
   48 |   static ShadowViewMutation InsertMutation(const ShadowView &parentShadowView, ShadowView childShadowView, int index)
      |   ^
      |   FMT_DEPRECATED 
/Users/jonahmicahinguito/dev/rotaract-connect/ios/Pods/Headers/Private/React-Fabric/react/renderer/mounting/ShadowViewMutation.h:60:7: warning: declaration is marked with '@deprecated' command but does not have a deprecation attribute [-Wdocumentation-deprecated-sync]
   60 |    * @deprecated Pass parentTag instead of parentShadowView.
      |      ~^~~~~~~~~~~~~~~~~~~~~~~~~~~~~~~~~~~~~~~~~~~~~~~~~~~~~~
/Users/jonahmicahinguito/dev/rotaract-connect/ios/Pods/Headers/Private/React-Fabric/react/renderer/mounting/ShadowViewMutation.h:62:3: note: add a deprecation attribute to the declaration to silence this warning
   62 |   static ShadowViewMutation RemoveMutation(const ShadowView &parentShadowView, ShadowView childShadowView, int index)
      |   ^
      |   FMT_DEPRECATED 
/Users/jonahmicahinguito/dev/rotaract-connect/ios/Pods/Headers/Private/React-Fabric/react/renderer/mounting/ShadowViewMutation.h:74:7: warning: declaration is marked with '@deprecated' command but does not have a deprecation attribute [-Wdocumentation-deprecated-sync]
   74 |    * @deprecated Pass parentTag instead of parentShadowView.
      |      ~^~~~~~~~~~~~~~~~~~~~~~~~~~~~~~~~~~~~~~~~~~~~~~~~~~~~~~
/Users/jonahmicahinguito/dev/rotaract-connect/ios/Pods/Headers/Private/React-Fabric/react/renderer/mounting/ShadowViewMutation.h:76:3: note: add a deprecation attribute to the declaration to silence this warning
   76 |   static ShadowViewMutation
      |   ^
      |   FMT_DEPRECATED 
3 warnings generated.

/Users/jonahmicahinguito/dev/rotaract-connect/ios/Pods/Headers/Private/React-Fabric/react/renderer/mounting/ShadowViewMutation.h:46:7: Declaration is marked with '@deprecated' command but does not have a deprecation attribute

/Users/jonahmicahinguito/dev/rotaract-connect/ios/Pods/Headers/Private/React-Fabric/react/renderer/mounting/ShadowViewMutation.h:60:7: Declaration is marked with '@deprecated' command but does not have a deprecation attribute

/Users/jonahmicahinguito/dev/rotaract-connect/ios/Pods/Headers/Private/React-Fabric/react/renderer/mounting/ShadowViewMutation.h:74:7: Declaration is marked with '@deprecated' command but does not have a deprecation attribute

CompileC /Users/jonahmicahinguito/Library/Developer/Xcode/DerivedData/rotaractconnect-cjwcbdlngckcsaantafkjnfzfbdk/Build/Intermediates.noindex/Pods.build/Debug-iphoneos/React-Fabric.build/Objects-normal/arm64/InterpolationAnimatedNode.o /Users/jonahmicahinguito/dev/rotaract-connect/node_modules/react-native/ReactCommon/react/renderer/animated/nodes/InterpolationAnimatedNode.cpp normal arm64 c++ com.apple.compilers.llvm.clang.1_0.compiler (in target 'React-Fabric' from project 'Pods')
    cd /Users/jonahmicahinguito/dev/rotaract-connect/ios/Pods
    
    Using response file: /Users/jonahmicahinguito/Library/Developer/Xcode/DerivedData/rotaractconnect-cjwcbdlngckcsaantafkjnfzfbdk/Build/Intermediates.noindex/Pods.build/Debug-iphoneos/React-Fabric.build/Objects-normal/arm64/82b82416624d2658e5098eb0a28c15c5-common-args.resp
    
    /Applications/Xcode.app/Contents/Developer/Toolchains/XcodeDefault.xctoolchain/usr/bin/clang -x c++ -ivfsstatcache /Users/jonahmicahinguito/Library/Developer/Xcode/DerivedData/SDKStatCaches.noindex/iphoneos26.5-23F81a-32daed1954a7d5dd0789fcaf2a9bb78b.sdkstatcache -target arm64-apple-ios15.1 -fmessage-length\=0 -fdiagnostics-show-note-include-stack -fmacro-backtrace-limit\=0 -fno-color-diagnostics -fmodules-prune-interval\=86400 -fmodules-prune-after\=345600 -fbuild-session-file\=/Users/jonahmicahinguito/Library/Developer/Xcode/DerivedData/ModuleCache.noindex/Session.modulevalidation -fmodules-validate-once-per-build-session -Wnon-modular-include-in-framework-module -Werror\=non-modular-include-in-framework-module -Wno-trigraphs -Wno-missing-field-initializers -Wno-missing-prototypes -Werror\=return-type -Wdocumentation -Wunreachable-code -Werror\=deprecated-objc-isa-usage -Werror\=objc-root-class -Wno-non-virtual-dtor -Wno-overloaded-virtual -Wno-exit-time-destructors -Wno-missing-braces -Wparentheses -Wswitch -Wunused-function -Wno-unused-label -Wno-unused-parameter -Wunused-variable -Wunused-value -Wempty-body -Wuninitialized -Wconditional-uninitialized -Wno-unknown-pragmas -Wno-shadow -Wno-four-char-constants -Wno-conversion -Wconstant-conversion -Wint-conversion -Wbool-conversion -Wenum-conversion -Wno-float-conversion -Wnon-literal-null-conversion -Wobjc-literal-conversion -Wshorten-64-to-32 -Wno-newline-eof -Wno-c++11-extensions -Wno-implicit-fallthrough -isysroot /Applications/Xcode.app/Contents/Developer/Platforms/iPhoneOS.platform/Developer/SDKs/iPhoneOS26.5.sdk -fstrict-aliasing -Wdeprecated-declarations -Winvalid-offsetof -Wno-sign-conversion -Winfinite-recursion -Wmove -Wcomma -Wblock-capture-autoreleasing -Wstrict-prototypes -Wrange-loop-analysis -Wno-semicolon-before-method-body -Wunguarded-availability -index-store-path /Users/jonahmicahinguito/Library/Developer/Xcode/DerivedData/rotaractconnect-cjwcbdlngckcsaantafkjnfzfbdk/Index.noindex/DataStore @/Users/jonahmicahinguito/Library/Developer/Xcode/DerivedData/rotaractconnect-cjwcbdlngckcsaantafkjnfzfbdk/Build/Intermediates.noindex/Pods.build/Debug-iphoneos/React-Fabric.build/Objects-normal/arm64/82b82416624d2658e5098eb0a28c15c5-common-args.resp -include /Users/jonahmicahinguito/dev/rotaract-connect/ios/Pods/Target\ Support\ Files/React-Fabric/React-Fabric-prefix.pch -MMD -MT dependencies -MF /Users/jonahmicahinguito/Library/Developer/Xcode/DerivedData/rotaractconnect-cjwcbdlngckcsaantafkjnfzfbdk/Build/Intermediates.noindex/Pods.build/Debug-iphoneos/React-Fabric.build/Objects-normal/arm64/InterpolationAnimatedNode.d --serialize-diagnostics /Users/jonahmicahinguito/Library/Developer/Xcode/DerivedData/rotaractconnect-cjwcbdlngckcsaantafkjnfzfbdk/Build/Intermediates.noindex/Pods.build/Debug-iphoneos/React-Fabric.build/Objects-normal/arm64/InterpolationAnimatedNode.dia -c /Users/jonahmicahinguito/dev/rotaract-connect/node_modules/react-native/ReactCommon/react/renderer/animated/nodes/InterpolationAnimatedNode.cpp -o /Users/jonahmicahinguito/Library/Developer/Xcode/DerivedData/rotaractconnect-cjwcbdlngckcsaantafkjnfzfbdk/Build/Intermediates.noindex/Pods.build/Debug-iphoneos/React-Fabric.build/Objects-normal/arm64/InterpolationAnimatedNode.o -index-unit-output-path /Pods.build/Debug-iphoneos/React-Fabric.build/Objects-normal/arm64/InterpolationAnimatedNode.o

In file included from /Users/jonahmicahinguito/dev/rotaract-connect/node_modules/react-native/ReactCommon/react/renderer/animated/nodes/InterpolationAnimatedNode.cpp:15:
In file included from /Users/jonahmicahinguito/dev/rotaract-connect/ios/Pods/Headers/Private/React-Fabric/react/renderer/animated/NativeAnimatedNodesManager.h:21:
In file included from /Users/jonahmicahinguito/dev/rotaract-connect/ios/Pods/Headers/Private/React-Fabric/react/renderer/animationbackend/AnimationBackend.h:12:
In file included from /Users/jonahmicahinguito/dev/rotaract-connect/ios/Pods/Headers/Private/React-Fabric/react/renderer/uimanager/UIManager.h:23:
In file included from /Users/jonahmicahinguito/dev/rotaract-connect/ios/Pods/Headers/Private/React-Fabric/react/renderer/mounting/ShadowTree.h:18:
In file included from /Users/jonahmicahinguito/dev/rotaract-connect/ios/Pods/Headers/Private/React-Fabric/react/renderer/mounting/MountingCoordinator.h:15:
In file included from /Users/jonahmicahinguito/dev/rotaract-connect/ios/Pods/Headers/Private/React-Fabric/react/renderer/mounting/Differentiator.h:11:
/Users/jonahmicahinguito/dev/rotaract-connect/ios/Pods/Headers/Private/React-Fabric/react/renderer/mounting/ShadowViewMutation.h:46:7: warning: declaration is marked with '@deprecated' command but does not have a deprecation attribute [-Wdocumentation-deprecated-sync]
   46 |    * @deprecated Pass parentTag instead of parentShadowView.
      |      ~^~~~~~~~~~~~~~~~~~~~~~~~~~~~~~~~~~~~~~~~~~~~~~~~~~~~~~
/Users/jonahmicahinguito/dev/rotaract-connect/ios/Pods/Headers/Private/React-Fabric/react/renderer/mounting/ShadowViewMutation.h:48:3: note: add a deprecation attribute to the declaration to silence this warning
   48 |   static ShadowViewMutation InsertMutation(const ShadowView &parentShadowView, ShadowView childShadowView, int index)
      |   ^
      |   FMT_DEPRECATED 
/Users/jonahmicahinguito/dev/rotaract-connect/ios/Pods/Headers/Private/React-Fabric/react/renderer/mounting/ShadowViewMutation.h:60:7: warning: declaration is marked with '@deprecated' command but does not have a deprecation attribute [-Wdocumentation-deprecated-sync]
   60 |    * @deprecated Pass parentTag instead of parentShadowView.
      |      ~^~~~~~~~~~~~~~~~~~~~~~~~~~~~~~~~~~~~~~~~~~~~~~~~~~~~~~
/Users/jonahmicahinguito/dev/rotaract-connect/ios/Pods/Headers/Private/React-Fabric/react/renderer/mounting/ShadowViewMutation.h:62:3: note: add a deprecation attribute to the declaration to silence this warning
   62 |   static ShadowViewMutation RemoveMutation(const ShadowView &parentShadowView, ShadowView childShadowView, int index)
      |   ^
      |   FMT_DEPRECATED 
/Users/jonahmicahinguito/dev/rotaract-connect/ios/Pods/Headers/Private/React-Fabric/react/renderer/mounting/ShadowViewMutation.h:74:7: warning: declaration is marked with '@deprecated' command but does not have a deprecation attribute [-Wdocumentation-deprecated-sync]
   74 |    * @deprecated Pass parentTag instead of parentShadowView.
      |      ~^~~~~~~~~~~~~~~~~~~~~~~~~~~~~~~~~~~~~~~~~~~~~~~~~~~~~~
/Users/jonahmicahinguito/dev/rotaract-connect/ios/Pods/Headers/Private/React-Fabric/react/renderer/mounting/ShadowViewMutation.h:76:3: note: add a deprecation attribute to the declaration to silence this warning
   76 |   static ShadowViewMutation
      |   ^
      |   FMT_DEPRECATED 
3 warnings generated.

/Users/jonahmicahinguito/dev/rotaract-connect/ios/Pods/Headers/Private/React-Fabric/react/renderer/mounting/ShadowViewMutation.h:46:7: Declaration is marked with '@deprecated' command but does not have a deprecation attribute

/Users/jonahmicahinguito/dev/rotaract-connect/ios/Pods/Headers/Private/React-Fabric/react/renderer/mounting/ShadowViewMutation.h:60:7: Declaration is marked with '@deprecated' command but does not have a deprecation attribute

/Users/jonahmicahinguito/dev/rotaract-connect/ios/Pods/Headers/Private/React-Fabric/react/renderer/mounting/ShadowViewMutation.h:74:7: Declaration is marked with '@deprecated' command but does not have a deprecation attribute

CompileC /Users/jonahmicahinguito/Library/Developer/Xcode/DerivedData/rotaractconnect-cjwcbdlngckcsaantafkjnfzfbdk/Build/Intermediates.noindex/Pods.build/Debug-iphoneos/React-Fabric.build/Objects-normal/arm64/FrameAnimationDriver.o /Users/jonahmicahinguito/dev/rotaract-connect/node_modules/react-native/ReactCommon/react/renderer/animated/drivers/FrameAnimationDriver.cpp normal arm64 c++ com.apple.compilers.llvm.clang.1_0.compiler (in target 'React-Fabric' from project 'Pods')
    cd /Users/jonahmicahinguito/dev/rotaract-connect/ios/Pods
    
    Using response file: /Users/jonahmicahinguito/Library/Developer/Xcode/DerivedData/rotaractconnect-cjwcbdlngckcsaantafkjnfzfbdk/Build/Intermediates.noindex/Pods.build/Debug-iphoneos/React-Fabric.build/Objects-normal/arm64/82b82416624d2658e5098eb0a28c15c5-common-args.resp
    
    /Applications/Xcode.app/Contents/Developer/Toolchains/XcodeDefault.xctoolchain/usr/bin/clang -x c++ -ivfsstatcache /Users/jonahmicahinguito/Library/Developer/Xcode/DerivedData/SDKStatCaches.noindex/iphoneos26.5-23F81a-32daed1954a7d5dd0789fcaf2a9bb78b.sdkstatcache -target arm64-apple-ios15.1 -fmessage-length\=0 -fdiagnostics-show-note-include-stack -fmacro-backtrace-limit\=0 -fno-color-diagnostics -fmodules-prune-interval\=86400 -fmodules-prune-after\=345600 -fbuild-session-file\=/Users/jonahmicahinguito/Library/Developer/Xcode/DerivedData/ModuleCache.noindex/Session.modulevalidation -fmodules-validate-once-per-build-session -Wnon-modular-include-in-framework-module -Werror\=non-modular-include-in-framework-module -Wno-trigraphs -Wno-missing-field-initializers -Wno-missing-prototypes -Werror\=return-type -Wdocumentation -Wunreachable-code -Werror\=deprecated-objc-isa-usage -Werror\=objc-root-class -Wno-non-virtual-dtor -Wno-overloaded-virtual -Wno-exit-time-destructors -Wno-missing-braces -Wparentheses -Wswitch -Wunused-function -Wno-unused-label -Wno-unused-parameter -Wunused-variable -Wunused-value -Wempty-body -Wuninitialized -Wconditional-uninitialized -Wno-unknown-pragmas -Wno-shadow -Wno-four-char-constants -Wno-conversion -Wconstant-conversion -Wint-conversion -Wbool-conversion -Wenum-conversion -Wno-float-conversion -Wnon-literal-null-conversion -Wobjc-literal-conversion -Wshorten-64-to-32 -Wno-newline-eof -Wno-c++11-extensions -Wno-implicit-fallthrough -isysroot /Applications/Xcode.app/Contents/Developer/Platforms/iPhoneOS.platform/Developer/SDKs/iPhoneOS26.5.sdk -fstrict-aliasing -Wdeprecated-declarations -Winvalid-offsetof -Wno-sign-conversion -Winfinite-recursion -Wmove -Wcomma -Wblock-capture-autoreleasing -Wstrict-prototypes -Wrange-loop-analysis -Wno-semicolon-before-method-body -Wunguarded-availability -index-store-path /Users/jonahmicahinguito/Library/Developer/Xcode/DerivedData/rotaractconnect-cjwcbdlngckcsaantafkjnfzfbdk/Index.noindex/DataStore @/Users/jonahmicahinguito/Library/Developer/Xcode/DerivedData/rotaractconnect-cjwcbdlngckcsaantafkjnfzfbdk/Build/Intermediates.noindex/Pods.build/Debug-iphoneos/React-Fabric.build/Objects-normal/arm64/82b82416624d2658e5098eb0a28c15c5-common-args.resp -include /Users/jonahmicahinguito/dev/rotaract-connect/ios/Pods/Target\ Support\ Files/React-Fabric/React-Fabric-prefix.pch -MMD -MT dependencies -MF /Users/jonahmicahinguito/Library/Developer/Xcode/DerivedData/rotaractconnect-cjwcbdlngckcsaantafkjnfzfbdk/Build/Intermediates.noindex/Pods.build/Debug-iphoneos/React-Fabric.build/Objects-normal/arm64/FrameAnimationDriver.d --serialize-diagnostics /Users/jonahmicahinguito/Library/Developer/Xcode/DerivedData/rotaractconnect-cjwcbdlngckcsaantafkjnfzfbdk/Build/Intermediates.noindex/Pods.build/Debug-iphoneos/React-Fabric.build/Objects-normal/arm64/FrameAnimationDriver.dia -c /Users/jonahmicahinguito/dev/rotaract-connect/node_modules/react-native/ReactCommon/react/renderer/animated/drivers/FrameAnimationDriver.cpp -o /Users/jonahmicahinguito/Library/Developer/Xcode/DerivedData/rotaractconnect-cjwcbdlngckcsaantafkjnfzfbdk/Build/Intermediates.noindex/Pods.build/Debug-iphoneos/React-Fabric.build/Objects-normal/arm64/FrameAnimationDriver.o -index-unit-output-path /Pods.build/Debug-iphoneos/React-Fabric.build/Objects-normal/arm64/FrameAnimationDriver.o

In file included from /Users/jonahmicahinguito/dev/rotaract-connect/node_modules/react-native/ReactCommon/react/renderer/animated/drivers/FrameAnimationDriver.cpp:12:
In file included from /Users/jonahmicahinguito/dev/rotaract-connect/node_modules/react-native/ReactCommon/react/renderer/animated/drivers/FrameAnimationDriver.h:14:
In file included from /Users/jonahmicahinguito/dev/rotaract-connect/node_modules/react-native/ReactCommon/react/renderer/animated/drivers/AnimationDriver.h:15:
In file included from /Users/jonahmicahinguito/dev/rotaract-connect/ios/Pods/Headers/Private/React-Fabric/react/renderer/animated/NativeAnimatedNodesManager.h:21:
In file included from /Users/jonahmicahinguito/dev/rotaract-connect/ios/Pods/Headers/Private/React-Fabric/react/renderer/animationbackend/AnimationBackend.h:12:
In file included from /Users/jonahmicahinguito/dev/rotaract-connect/ios/Pods/Headers/Private/React-Fabric/react/renderer/uimanager/UIManager.h:23:
In file included from /Users/jonahmicahinguito/dev/rotaract-connect/ios/Pods/Headers/Private/React-Fabric/react/renderer/mounting/ShadowTree.h:18:
In file included from /Users/jonahmicahinguito/dev/rotaract-connect/ios/Pods/Headers/Private/React-Fabric/react/renderer/mounting/MountingCoordinator.h:15:
In file included from /Users/jonahmicahinguito/dev/rotaract-connect/ios/Pods/Headers/Private/React-Fabric/react/renderer/mounting/Differentiator.h:11:
/Users/jonahmicahinguito/dev/rotaract-connect/ios/Pods/Headers/Private/React-Fabric/react/renderer/mounting/ShadowViewMutation.h:46:7: warning: declaration is marked with '@deprecated' command but does not have a deprecation attribute [-Wdocumentation-deprecated-sync]
   46 |    * @deprecated Pass parentTag instead of parentShadowView.
      |      ~^~~~~~~~~~~~~~~~~~~~~~~~~~~~~~~~~~~~~~~~~~~~~~~~~~~~~~
/Users/jonahmicahinguito/dev/rotaract-connect/ios/Pods/Headers/Private/React-Fabric/react/renderer/mounting/ShadowViewMutation.h:48:3: note: add a deprecation attribute to the declaration to silence this warning
   48 |   static ShadowViewMutation InsertMutation(const ShadowView &parentShadowView, ShadowView childShadowView, int index)
      |   ^
      |   FMT_DEPRECATED 
/Users/jonahmicahinguito/dev/rotaract-connect/ios/Pods/Headers/Private/React-Fabric/react/renderer/mounting/ShadowViewMutation.h:60:7: warning: declaration is marked with '@deprecated' command but does not have a deprecation attribute [-Wdocumentation-deprecated-sync]
   60 |    * @deprecated Pass parentTag instead of parentShadowView.
      |      ~^~~~~~~~~~~~~~~~~~~~~~~~~~~~~~~~~~~~~~~~~~~~~~~~~~~~~~
/Users/jonahmicahinguito/dev/rotaract-connect/ios/Pods/Headers/Private/React-Fabric/react/renderer/mounting/ShadowViewMutation.h:62:3: note: add a deprecation attribute to the declaration to silence this warning
   62 |   static ShadowViewMutation RemoveMutation(const ShadowView &parentShadowView, ShadowView childShadowView, int index)
      |   ^
      |   FMT_DEPRECATED 
/Users/jonahmicahinguito/dev/rotaract-connect/ios/Pods/Headers/Private/React-Fabric/react/renderer/mounting/ShadowViewMutation.h:74:7: warning: declaration is marked with '@deprecated' command but does not have a deprecation attribute [-Wdocumentation-deprecated-sync]
   74 |    * @deprecated Pass parentTag instead of parentShadowView.
      |      ~^~~~~~~~~~~~~~~~~~~~~~~~~~~~~~~~~~~~~~~~~~~~~~~~~~~~~~
/Users/jonahmicahinguito/dev/rotaract-connect/ios/Pods/Headers/Private/React-Fabric/react/renderer/mounting/ShadowViewMutation.h:76:3: note: add a deprecation attribute to the declaration to silence this warning
   76 |   static ShadowViewMutation
      |   ^
      |   FMT_DEPRECATED 
3 warnings generated.

/Users/jonahmicahinguito/dev/rotaract-connect/ios/Pods/Headers/Private/React-Fabric/react/renderer/mounting/ShadowViewMutation.h:46:7: Declaration is marked with '@deprecated' command but does not have a deprecation attribute

/Users/jonahmicahinguito/dev/rotaract-connect/ios/Pods/Headers/Private/React-Fabric/react/renderer/mounting/ShadowViewMutation.h:60:7: Declaration is marked with '@deprecated' command but does not have a deprecation attribute

/Users/jonahmicahinguito/dev/rotaract-connect/ios/Pods/Headers/Private/React-Fabric/react/renderer/mounting/ShadowViewMutation.h:74:7: Declaration is marked with '@deprecated' command but does not have a deprecation attribute

CompileC /Users/jonahmicahinguito/Library/Developer/Xcode/DerivedData/rotaractconnect-cjwcbdlngckcsaantafkjnfzfbdk/Build/Intermediates.noindex/Pods.build/Debug-iphoneos/React-Fabric.build/Objects-normal/arm64/EventPerformanceLogger.o /Users/jonahmicahinguito/dev/rotaract-connect/node_modules/react-native/ReactCommon/react/renderer/observers/events/EventPerformanceLogger.cpp normal arm64 c++ com.apple.compilers.llvm.clang.1_0.compiler (in target 'React-Fabric' from project 'Pods')
    cd /Users/jonahmicahinguito/dev/rotaract-connect/ios/Pods
    
    Using response file: /Users/jonahmicahinguito/Library/Developer/Xcode/DerivedData/rotaractconnect-cjwcbdlngckcsaantafkjnfzfbdk/Build/Intermediates.noindex/Pods.build/Debug-iphoneos/React-Fabric.build/Objects-normal/arm64/82b82416624d2658e5098eb0a28c15c5-common-args.resp
    
    /Applications/Xcode.app/Contents/Developer/Toolchains/XcodeDefault.xctoolchain/usr/bin/clang -x c++ -ivfsstatcache /Users/jonahmicahinguito/Library/Developer/Xcode/DerivedData/SDKStatCaches.noindex/iphoneos26.5-23F81a-32daed1954a7d5dd0789fcaf2a9bb78b.sdkstatcache -target arm64-apple-ios15.1 -fmessage-length\=0 -fdiagnostics-show-note-include-stack -fmacro-backtrace-limit\=0 -fno-color-diagnostics -fmodules-prune-interval\=86400 -fmodules-prune-after\=345600 -fbuild-session-file\=/Users/jonahmicahinguito/Library/Developer/Xcode/DerivedData/ModuleCache.noindex/Session.modulevalidation -fmodules-validate-once-per-build-session -Wnon-modular-include-in-framework-module -Werror\=non-modular-include-in-framework-module -Wno-trigraphs -Wno-missing-field-initializers -Wno-missing-prototypes -Werror\=return-type -Wdocumentation -Wunreachable-code -Werror\=deprecated-objc-isa-usage -Werror\=objc-root-class -Wno-non-virtual-dtor -Wno-overloaded-virtual -Wno-exit-time-destructors -Wno-missing-braces -Wparentheses -Wswitch -Wunused-function -Wno-unused-label -Wno-unused-parameter -Wunused-variable -Wunused-value -Wempty-body -Wuninitialized -Wconditional-uninitialized -Wno-unknown-pragmas -Wno-shadow -Wno-four-char-constants -Wno-conversion -Wconstant-conversion -Wint-conversion -Wbool-conversion -Wenum-conversion -Wno-float-conversion -Wnon-literal-null-conversion -Wobjc-literal-conversion -Wshorten-64-to-32 -Wno-newline-eof -Wno-c++11-extensions -Wno-implicit-fallthrough -isysroot /Applications/Xcode.app/Contents/Developer/Platforms/iPhoneOS.platform/Developer/SDKs/iPhoneOS26.5.sdk -fstrict-aliasing -Wdeprecated-declarations -Winvalid-offsetof -Wno-sign-conversion -Winfinite-recursion -Wmove -Wcomma -Wblock-capture-autoreleasing -Wstrict-prototypes -Wrange-loop-analysis -Wno-semicolon-before-method-body -Wunguarded-availability -index-store-path /Users/jonahmicahinguito/Library/Developer/Xcode/DerivedData/rotaractconnect-cjwcbdlngckcsaantafkjnfzfbdk/Index.noindex/DataStore @/Users/jonahmicahinguito/Library/Developer/Xcode/DerivedData/rotaractconnect-cjwcbdlngckcsaantafkjnfzfbdk/Build/Intermediates.noindex/Pods.build/Debug-iphoneos/React-Fabric.build/Objects-normal/arm64/82b82416624d2658e5098eb0a28c15c5-common-args.resp -include /Users/jonahmicahinguito/dev/rotaract-connect/ios/Pods/Target\ Support\ Files/React-Fabric/React-Fabric-prefix.pch -MMD -MT dependencies -MF /Users/jonahmicahinguito/Library/Developer/Xcode/DerivedData/rotaractconnect-cjwcbdlngckcsaantafkjnfzfbdk/Build/Intermediates.noindex/Pods.build/Debug-iphoneos/React-Fabric.build/Objects-normal/arm64/EventPerformanceLogger.d --serialize-diagnostics /Users/jonahmicahinguito/Library/Developer/Xcode/DerivedData/rotaractconnect-cjwcbdlngckcsaantafkjnfzfbdk/Build/Intermediates.noindex/Pods.build/Debug-iphoneos/React-Fabric.build/Objects-normal/arm64/EventPerformanceLogger.dia -c /Users/jonahmicahinguito/dev/rotaract-connect/node_modules/react-native/ReactCommon/react/renderer/observers/events/EventPerformanceLogger.cpp -o /Users/jonahmicahinguito/Library/Developer/Xcode/DerivedData/rotaractconnect-cjwcbdlngckcsaantafkjnfzfbdk/Build/Intermediates.noindex/Pods.build/Debug-iphoneos/React-Fabric.build/Objects-normal/arm64/EventPerformanceLogger.o -index-unit-output-path /Pods.build/Debug-iphoneos/React-Fabric.build/Objects-normal/arm64/EventPerformanceLogger.o

In file included from /Users/jonahmicahinguito/dev/rotaract-connect/node_modules/react-native/ReactCommon/react/renderer/observers/events/EventPerformanceLogger.cpp:8:
In file included from /Users/jonahmicahinguito/dev/rotaract-connect/node_modules/react-native/ReactCommon/react/renderer/observers/events/EventPerformanceLogger.h:13:
In file included from /Users/jonahmicahinguito/dev/rotaract-connect/ios/Pods/Headers/Private/React-Fabric/react/renderer/uimanager/UIManagerMountHook.h:11:
In file included from /Users/jonahmicahinguito/dev/rotaract-connect/ios/Pods/Headers/Private/React-Fabric/react/renderer/uimanager/UIManager.h:23:
In file included from /Users/jonahmicahinguito/dev/rotaract-connect/ios/Pods/Headers/Private/React-Fabric/react/renderer/mounting/ShadowTree.h:18:
In file included from /Users/jonahmicahinguito/dev/rotaract-connect/ios/Pods/Headers/Private/React-Fabric/react/renderer/mounting/MountingCoordinator.h:15:
In file included from /Users/jonahmicahinguito/dev/rotaract-connect/ios/Pods/Headers/Private/React-Fabric/react/renderer/mounting/Differentiator.h:11:
/Users/jonahmicahinguito/dev/rotaract-connect/ios/Pods/Headers/Private/React-Fabric/react/renderer/mounting/ShadowViewMutation.h:46:7: warning: declaration is marked with '@deprecated' command but does not have a deprecation attribute [-Wdocumentation-deprecated-sync]
   46 |    * @deprecated Pass parentTag instead of parentShadowView.
      |      ~^~~~~~~~~~~~~~~~~~~~~~~~~~~~~~~~~~~~~~~~~~~~~~~~~~~~~~
/Users/jonahmicahinguito/dev/rotaract-connect/ios/Pods/Headers/Private/React-Fabric/react/renderer/mounting/ShadowViewMutation.h:48:3: note: add a deprecation attribute to the declaration to silence this warning
   48 |   static ShadowViewMutation InsertMutation(const ShadowView &parentShadowView, ShadowView childShadowView, int index)
      |   ^
      |   FMT_DEPRECATED 
/Users/jonahmicahinguito/dev/rotaract-connect/ios/Pods/Headers/Private/React-Fabric/react/renderer/mounting/ShadowViewMutation.h:60:7: warning: declaration is marked with '@deprecated' command but does not have a deprecation attribute [-Wdocumentation-deprecated-sync]
   60 |    * @deprecated Pass parentTag instead of parentShadowView.
      |      ~^~~~~~~~~~~~~~~~~~~~~~~~~~~~~~~~~~~~~~~~~~~~~~~~~~~~~~
/Users/jonahmicahinguito/dev/rotaract-connect/ios/Pods/Headers/Private/React-Fabric/react/renderer/mounting/ShadowViewMutation.h:62:3: note: add a deprecation attribute to the declaration to silence this warning
   62 |   static ShadowViewMutation RemoveMutation(const ShadowView &parentShadowView, ShadowView childShadowView, int index)
      |   ^
      |   FMT_DEPRECATED 
/Users/jonahmicahinguito/dev/rotaract-connect/ios/Pods/Headers/Private/React-Fabric/react/renderer/mounting/ShadowViewMutation.h:74:7: warning: declaration is marked with '@deprecated' command but does not have a deprecation attribute [-Wdocumentation-deprecated-sync]
   74 |    * @deprecated Pass parentTag instead of parentShadowView.
      |      ~^~~~~~~~~~~~~~~~~~~~~~~~~~~~~~~~~~~~~~~~~~~~~~~~~~~~~~
/Users/jonahmicahinguito/dev/rotaract-connect/ios/Pods/Headers/Private/React-Fabric/react/renderer/mounting/ShadowViewMutation.h:76:3: note: add a deprecation attribute to the declaration to silence this warning
   76 |   static ShadowViewMutation
      |   ^
      |   FMT_DEPRECATED 
3 warnings generated.

/Users/jonahmicahinguito/dev/rotaract-connect/ios/Pods/Headers/Private/React-Fabric/react/renderer/mounting/ShadowViewMutation.h:46:7: Declaration is marked with '@deprecated' command but does not have a deprecation attribute

/Users/jonahmicahinguito/dev/rotaract-connect/ios/Pods/Headers/Private/React-Fabric/react/renderer/mounting/ShadowViewMutation.h:60:7: Declaration is marked with '@deprecated' command but does not have a deprecation attribute

/Users/jonahmicahinguito/dev/rotaract-connect/ios/Pods/Headers/Private/React-Fabric/react/renderer/mounting/ShadowViewMutation.h:74:7: Declaration is marked with '@deprecated' command but does not have a deprecation attribute

CompileC /Users/jonahmicahinguito/Library/Developer/Xcode/DerivedData/rotaractconnect-cjwcbdlngckcsaantafkjnfzfbdk/Build/Intermediates.noindex/Pods.build/Debug-iphoneos/React-Fabric.build/Objects-normal/arm64/DivisionAnimatedNode.o /Users/jonahmicahinguito/dev/rotaract-connect/node_modules/react-native/ReactCommon/react/renderer/animated/nodes/DivisionAnimatedNode.cpp normal arm64 c++ com.apple.compilers.llvm.clang.1_0.compiler (in target 'React-Fabric' from project 'Pods')
    cd /Users/jonahmicahinguito/dev/rotaract-connect/ios/Pods
    
    Using response file: /Users/jonahmicahinguito/Library/Developer/Xcode/DerivedData/rotaractconnect-cjwcbdlngckcsaantafkjnfzfbdk/Build/Intermediates.noindex/Pods.build/Debug-iphoneos/React-Fabric.build/Objects-normal/arm64/82b82416624d2658e5098eb0a28c15c5-common-args.resp
    
    /Applications/Xcode.app/Contents/Developer/Toolchains/XcodeDefault.xctoolchain/usr/bin/clang -x c++ -ivfsstatcache /Users/jonahmicahinguito/Library/Developer/Xcode/DerivedData/SDKStatCaches.noindex/iphoneos26.5-23F81a-32daed1954a7d5dd0789fcaf2a9bb78b.sdkstatcache -target arm64-apple-ios15.1 -fmessage-length\=0 -fdiagnostics-show-note-include-stack -fmacro-backtrace-limit\=0 -fno-color-diagnostics -fmodules-prune-interval\=86400 -fmodules-prune-after\=345600 -fbuild-session-file\=/Users/jonahmicahinguito/Library/Developer/Xcode/DerivedData/ModuleCache.noindex/Session.modulevalidation -fmodules-validate-once-per-build-session -Wnon-modular-include-in-framework-module -Werror\=non-modular-include-in-framework-module -Wno-trigraphs -Wno-missing-field-initializers -Wno-missing-prototypes -Werror\=return-type -Wdocumentation -Wunreachable-code -Werror\=deprecated-objc-isa-usage -Werror\=objc-root-class -Wno-non-virtual-dtor -Wno-overloaded-virtual -Wno-exit-time-destructors -Wno-missing-braces -Wparentheses -Wswitch -Wunused-function -Wno-unused-label -Wno-unused-parameter -Wunused-variable -Wunused-value -Wempty-body -Wuninitialized -Wconditional-uninitialized -Wno-unknown-pragmas -Wno-shadow -Wno-four-char-constants -Wno-conversion -Wconstant-conversion -Wint-conversion -Wbool-conversion -Wenum-conversion -Wno-float-conversion -Wnon-literal-null-conversion -Wobjc-literal-conversion -Wshorten-64-to-32 -Wno-newline-eof -Wno-c++11-extensions -Wno-implicit-fallthrough -isysroot /Applications/Xcode.app/Contents/Developer/Platforms/iPhoneOS.platform/Developer/SDKs/iPhoneOS26.5.sdk -fstrict-aliasing -Wdeprecated-declarations -Winvalid-offsetof -Wno-sign-conversion -Winfinite-recursion -Wmove -Wcomma -Wblock-capture-autoreleasing -Wstrict-prototypes -Wrange-loop-analysis -Wno-semicolon-before-method-body -Wunguarded-availability -index-store-path /Users/jonahmicahinguito/Library/Developer/Xcode/DerivedData/rotaractconnect-cjwcbdlngckcsaantafkjnfzfbdk/Index.noindex/DataStore @/Users/jonahmicahinguito/Library/Developer/Xcode/DerivedData/rotaractconnect-cjwcbdlngckcsaantafkjnfzfbdk/Build/Intermediates.noindex/Pods.build/Debug-iphoneos/React-Fabric.build/Objects-normal/arm64/82b82416624d2658e5098eb0a28c15c5-common-args.resp -include /Users/jonahmicahinguito/dev/rotaract-connect/ios/Pods/Target\ Support\ Files/React-Fabric/React-Fabric-prefix.pch -MMD -MT dependencies -MF /Users/jonahmicahinguito/Library/Developer/Xcode/DerivedData/rotaractconnect-cjwcbdlngckcsaantafkjnfzfbdk/Build/Intermediates.noindex/Pods.build/Debug-iphoneos/React-Fabric.build/Objects-normal/arm64/DivisionAnimatedNode.d --serialize-diagnostics /Users/jonahmicahinguito/Library/Developer/Xcode/DerivedData/rotaractconnect-cjwcbdlngckcsaantafkjnfzfbdk/Build/Intermediates.noindex/Pods.build/Debug-iphoneos/React-Fabric.build/Objects-normal/arm64/DivisionAnimatedNode.dia -c /Users/jonahmicahinguito/dev/rotaract-connect/node_modules/react-native/ReactCommon/react/renderer/animated/nodes/DivisionAnimatedNode.cpp -o /Users/jonahmicahinguito/Library/Developer/Xcode/DerivedData/rotaractconnect-cjwcbdlngckcsaantafkjnfzfbdk/Build/Intermediates.noindex/Pods.build/Debug-iphoneos/React-Fabric.build/Objects-normal/arm64/DivisionAnimatedNode.o -index-unit-output-path /Pods.build/Debug-iphoneos/React-Fabric.build/Objects-normal/arm64/DivisionAnimatedNode.o

In file included from /Users/jonahmicahinguito/dev/rotaract-connect/node_modules/react-native/ReactCommon/react/renderer/animated/nodes/DivisionAnimatedNode.cpp:15:
In file included from /Users/jonahmicahinguito/dev/rotaract-connect/ios/Pods/Headers/Private/React-Fabric/react/renderer/animated/NativeAnimatedNodesManager.h:21:
In file included from /Users/jonahmicahinguito/dev/rotaract-connect/ios/Pods/Headers/Private/React-Fabric/react/renderer/animationbackend/AnimationBackend.h:12:
In file included from /Users/jonahmicahinguito/dev/rotaract-connect/ios/Pods/Headers/Private/React-Fabric/react/renderer/uimanager/UIManager.h:23:
In file included from /Users/jonahmicahinguito/dev/rotaract-connect/ios/Pods/Headers/Private/React-Fabric/react/renderer/mounting/ShadowTree.h:18:
In file included from /Users/jonahmicahinguito/dev/rotaract-connect/ios/Pods/Headers/Private/React-Fabric/react/renderer/mounting/MountingCoordinator.h:15:
In file included from /Users/jonahmicahinguito/dev/rotaract-connect/ios/Pods/Headers/Private/React-Fabric/react/renderer/mounting/Differentiator.h:11:
/Users/jonahmicahinguito/dev/rotaract-connect/ios/Pods/Headers/Private/React-Fabric/react/renderer/mounting/ShadowViewMutation.h:46:7: warning: declaration is marked with '@deprecated' command but does not have a deprecation attribute [-Wdocumentation-deprecated-sync]
   46 |    * @deprecated Pass parentTag instead of parentShadowView.
      |      ~^~~~~~~~~~~~~~~~~~~~~~~~~~~~~~~~~~~~~~~~~~~~~~~~~~~~~~
/Users/jonahmicahinguito/dev/rotaract-connect/ios/Pods/Headers/Private/React-Fabric/react/renderer/mounting/ShadowViewMutation.h:48:3: note: add a deprecation attribute to the declaration to silence this warning
   48 |   static ShadowViewMutation InsertMutation(const ShadowView &parentShadowView, ShadowView childShadowView, int index)
      |   ^
      |   FMT_DEPRECATED 
/Users/jonahmicahinguito/dev/rotaract-connect/ios/Pods/Headers/Private/React-Fabric/react/renderer/mounting/ShadowViewMutation.h:60:7: warning: declaration is marked with '@deprecated' command but does not have a deprecation attribute [-Wdocumentation-deprecated-sync]
   60 |    * @deprecated Pass parentTag instead of parentShadowView.
      |      ~^~~~~~~~~~~~~~~~~~~~~~~~~~~~~~~~~~~~~~~~~~~~~~~~~~~~~~
/Users/jonahmicahinguito/dev/rotaract-connect/ios/Pods/Headers/Private/React-Fabric/react/renderer/mounting/ShadowViewMutation.h:62:3: note: add a deprecation attribute to the declaration to silence this warning
   62 |   static ShadowViewMutation RemoveMutation(const ShadowView &parentShadowView, ShadowView childShadowView, int index)
      |   ^
      |   FMT_DEPRECATED 
/Users/jonahmicahinguito/dev/rotaract-connect/ios/Pods/Headers/Private/React-Fabric/react/renderer/mounting/ShadowViewMutation.h:74:7: warning: declaration is marked with '@deprecated' command but does not have a deprecation attribute [-Wdocumentation-deprecated-sync]
   74 |    * @deprecated Pass parentTag instead of parentShadowView.
      |      ~^~~~~~~~~~~~~~~~~~~~~~~~~~~~~~~~~~~~~~~~~~~~~~~~~~~~~~
/Users/jonahmicahinguito/dev/rotaract-connect/ios/Pods/Headers/Private/React-Fabric/react/renderer/mounting/ShadowViewMutation.h:76:3: note: add a deprecation attribute to the declaration to silence this warning
   76 |   static ShadowViewMutation
      |   ^
      |   FMT_DEPRECATED 
3 warnings generated.

/Users/jonahmicahinguito/dev/rotaract-connect/ios/Pods/Headers/Private/React-Fabric/react/renderer/mounting/ShadowViewMutation.h:46:7: Declaration is marked with '@deprecated' command but does not have a deprecation attribute

/Users/jonahmicahinguito/dev/rotaract-connect/ios/Pods/Headers/Private/React-Fabric/react/renderer/mounting/ShadowViewMutation.h:60:7: Declaration is marked with '@deprecated' command but does not have a deprecation attribute

/Users/jonahmicahinguito/dev/rotaract-connect/ios/Pods/Headers/Private/React-Fabric/react/renderer/mounting/ShadowViewMutation.h:74:7: Declaration is marked with '@deprecated' command but does not have a deprecation attribute

CompileC /Users/jonahmicahinguito/Library/Developer/Xcode/DerivedData/rotaractconnect-cjwcbdlngckcsaantafkjnfzfbdk/Build/Intermediates.noindex/Pods.build/Debug-iphoneos/React-Fabric.build/Objects-normal/arm64/Differentiator.o /Users/jonahmicahinguito/dev/rotaract-connect/node_modules/react-native/ReactCommon/react/renderer/mounting/Differentiator.cpp normal arm64 c++ com.apple.compilers.llvm.clang.1_0.compiler (in target 'React-Fabric' from project 'Pods')
    cd /Users/jonahmicahinguito/dev/rotaract-connect/ios/Pods
    
    Using response file: /Users/jonahmicahinguito/Library/Developer/Xcode/DerivedData/rotaractconnect-cjwcbdlngckcsaantafkjnfzfbdk/Build/Intermediates.noindex/Pods.build/Debug-iphoneos/React-Fabric.build/Objects-normal/arm64/82b82416624d2658e5098eb0a28c15c5-common-args.resp
    
    /Applications/Xcode.app/Contents/Developer/Toolchains/XcodeDefault.xctoolchain/usr/bin/clang -x c++ -ivfsstatcache /Users/jonahmicahinguito/Library/Developer/Xcode/DerivedData/SDKStatCaches.noindex/iphoneos26.5-23F81a-32daed1954a7d5dd0789fcaf2a9bb78b.sdkstatcache -target arm64-apple-ios15.1 -fmessage-length\=0 -fdiagnostics-show-note-include-stack -fmacro-backtrace-limit\=0 -fno-color-diagnostics -fmodules-prune-interval\=86400 -fmodules-prune-after\=345600 -fbuild-session-file\=/Users/jonahmicahinguito/Library/Developer/Xcode/DerivedData/ModuleCache.noindex/Session.modulevalidation -fmodules-validate-once-per-build-session -Wnon-modular-include-in-framework-module -Werror\=non-modular-include-in-framework-module -Wno-trigraphs -Wno-missing-field-initializers -Wno-missing-prototypes -Werror\=return-type -Wdocumentation -Wunreachable-code -Werror\=deprecated-objc-isa-usage -Werror\=objc-root-class -Wno-non-virtual-dtor -Wno-overloaded-virtual -Wno-exit-time-destructors -Wno-missing-braces -Wparentheses -Wswitch -Wunused-function -Wno-unused-label -Wno-unused-parameter -Wunused-variable -Wunused-value -Wempty-body -Wuninitialized -Wconditional-uninitialized -Wno-unknown-pragmas -Wno-shadow -Wno-four-char-constants -Wno-conversion -Wconstant-conversion -Wint-conversion -Wbool-conversion -Wenum-conversion -Wno-float-conversion -Wnon-literal-null-conversion -Wobjc-literal-conversion -Wshorten-64-to-32 -Wno-newline-eof -Wno-c++11-extensions -Wno-implicit-fallthrough -isysroot /Applications/Xcode.app/Contents/Developer/Platforms/iPhoneOS.platform/Developer/SDKs/iPhoneOS26.5.sdk -fstrict-aliasing -Wdeprecated-declarations -Winvalid-offsetof -Wno-sign-conversion -Winfinite-recursion -Wmove -Wcomma -Wblock-capture-autoreleasing -Wstrict-prototypes -Wrange-loop-analysis -Wno-semicolon-before-method-body -Wunguarded-availability -index-store-path /Users/jonahmicahinguito/Library/Developer/Xcode/DerivedData/rotaractconnect-cjwcbdlngckcsaantafkjnfzfbdk/Index.noindex/DataStore @/Users/jonahmicahinguito/Library/Developer/Xcode/DerivedData/rotaractconnect-cjwcbdlngckcsaantafkjnfzfbdk/Build/Intermediates.noindex/Pods.build/Debug-iphoneos/React-Fabric.build/Objects-normal/arm64/82b82416624d2658e5098eb0a28c15c5-common-args.resp -include /Users/jonahmicahinguito/dev/rotaract-connect/ios/Pods/Target\ Support\ Files/React-Fabric/React-Fabric-prefix.pch -MMD -MT dependencies -MF /Users/jonahmicahinguito/Library/Developer/Xcode/DerivedData/rotaractconnect-cjwcbdlngckcsaantafkjnfzfbdk/Build/Intermediates.noindex/Pods.build/Debug-iphoneos/React-Fabric.build/Objects-normal/arm64/Differentiator.d --serialize-diagnostics /Users/jonahmicahinguito/Library/Developer/Xcode/DerivedData/rotaractconnect-cjwcbdlngckcsaantafkjnfzfbdk/Build/Intermediates.noindex/Pods.build/Debug-iphoneos/React-Fabric.build/Objects-normal/arm64/Differentiator.dia -c /Users/jonahmicahinguito/dev/rotaract-connect/node_modules/react-native/ReactCommon/react/renderer/mounting/Differentiator.cpp -o /Users/jonahmicahinguito/Library/Developer/Xcode/DerivedData/rotaractconnect-cjwcbdlngckcsaantafkjnfzfbdk/Build/Intermediates.noindex/Pods.build/Debug-iphoneos/React-Fabric.build/Objects-normal/arm64/Differentiator.o -index-unit-output-path /Pods.build/Debug-iphoneos/React-Fabric.build/Objects-normal/arm64/Differentiator.o

In file included from /Users/jonahmicahinguito/dev/rotaract-connect/node_modules/react-native/ReactCommon/react/renderer/mounting/Differentiator.cpp:8:
In file included from /Users/jonahmicahinguito/dev/rotaract-connect/node_modules/react-native/ReactCommon/react/renderer/mounting/Differentiator.h:11:
/Users/jonahmicahinguito/dev/rotaract-connect/ios/Pods/Headers/Private/React-Fabric/react/renderer/mounting/ShadowViewMutation.h:46:7: warning: declaration is marked with '@deprecated' command but does not have a deprecation attribute [-Wdocumentation-deprecated-sync]
   46 |    * @deprecated Pass parentTag instead of parentShadowView.
      |      ~^~~~~~~~~~~~~~~~~~~~~~~~~~~~~~~~~~~~~~~~~~~~~~~~~~~~~~
/Users/jonahmicahinguito/dev/rotaract-connect/ios/Pods/Headers/Private/React-Fabric/react/renderer/mounting/ShadowViewMutation.h:48:3: note: add a deprecation attribute to the declaration to silence this warning
   48 |   static ShadowViewMutation InsertMutation(const ShadowView &parentShadowView, ShadowView childShadowView, int index)
      |   ^
      |   FMT_DEPRECATED 
/Users/jonahmicahinguito/dev/rotaract-connect/ios/Pods/Headers/Private/React-Fabric/react/renderer/mounting/ShadowViewMutation.h:60:7: warning: declaration is marked with '@deprecated' command but does not have a deprecation attribute [-Wdocumentation-deprecated-sync]
   60 |    * @deprecated Pass parentTag instead of parentShadowView.
      |      ~^~~~~~~~~~~~~~~~~~~~~~~~~~~~~~~~~~~~~~~~~~~~~~~~~~~~~~
/Users/jonahmicahinguito/dev/rotaract-connect/ios/Pods/Headers/Private/React-Fabric/react/renderer/mounting/ShadowViewMutation.h:62:3: note: add a deprecation attribute to the declaration to silence this warning
   62 |   static ShadowViewMutation RemoveMutation(const ShadowView &parentShadowView, ShadowView childShadowView, int index)
      |   ^
      |   FMT_DEPRECATED 
/Users/jonahmicahinguito/dev/rotaract-connect/ios/Pods/Headers/Private/React-Fabric/react/renderer/mounting/ShadowViewMutation.h:74:7: warning: declaration is marked with '@deprecated' command but does not have a deprecation attribute [-Wdocumentation-deprecated-sync]
   74 |    * @deprecated Pass parentTag instead of parentShadowView.
      |      ~^~~~~~~~~~~~~~~~~~~~~~~~~~~~~~~~~~~~~~~~~~~~~~~~~~~~~~
/Users/jonahmicahinguito/dev/rotaract-connect/ios/Pods/Headers/Private/React-Fabric/react/renderer/mounting/ShadowViewMutation.h:76:3: note: add a deprecation attribute to the declaration to silence this warning
   76 |   static ShadowViewMutation
      |   ^
      |   FMT_DEPRECATED 
3 warnings generated.

/Users/jonahmicahinguito/dev/rotaract-connect/ios/Pods/Headers/Private/React-Fabric/react/renderer/mounting/ShadowViewMutation.h:46:7: Declaration is marked with '@deprecated' command but does not have a deprecation attribute

/Users/jonahmicahinguito/dev/rotaract-connect/ios/Pods/Headers/Private/React-Fabric/react/renderer/mounting/ShadowViewMutation.h:60:7: Declaration is marked with '@deprecated' command but does not have a deprecation attribute

/Users/jonahmicahinguito/dev/rotaract-connect/ios/Pods/Headers/Private/React-Fabric/react/renderer/mounting/ShadowViewMutation.h:74:7: Declaration is marked with '@deprecated' command but does not have a deprecation attribute

CompileC /Users/jonahmicahinguito/Library/Developer/Xcode/DerivedData/rotaractconnect-cjwcbdlngckcsaantafkjnfzfbdk/Build/Intermediates.noindex/Pods.build/Debug-iphoneos/React-Fabric.build/Objects-normal/arm64/DiffClampAnimatedNode.o /Users/jonahmicahinguito/dev/rotaract-connect/node_modules/react-native/ReactCommon/react/renderer/animated/nodes/DiffClampAnimatedNode.cpp normal arm64 c++ com.apple.compilers.llvm.clang.1_0.compiler (in target 'React-Fabric' from project 'Pods')
    cd /Users/jonahmicahinguito/dev/rotaract-connect/ios/Pods
    
    Using response file: /Users/jonahmicahinguito/Library/Developer/Xcode/DerivedData/rotaractconnect-cjwcbdlngckcsaantafkjnfzfbdk/Build/Intermediates.noindex/Pods.build/Debug-iphoneos/React-Fabric.build/Objects-normal/arm64/82b82416624d2658e5098eb0a28c15c5-common-args.resp
    
    /Applications/Xcode.app/Contents/Developer/Toolchains/XcodeDefault.xctoolchain/usr/bin/clang -x c++ -ivfsstatcache /Users/jonahmicahinguito/Library/Developer/Xcode/DerivedData/SDKStatCaches.noindex/iphoneos26.5-23F81a-32daed1954a7d5dd0789fcaf2a9bb78b.sdkstatcache -target arm64-apple-ios15.1 -fmessage-length\=0 -fdiagnostics-show-note-include-stack -fmacro-backtrace-limit\=0 -fno-color-diagnostics -fmodules-prune-interval\=86400 -fmodules-prune-after\=345600 -fbuild-session-file\=/Users/jonahmicahinguito/Library/Developer/Xcode/DerivedData/ModuleCache.noindex/Session.modulevalidation -fmodules-validate-once-per-build-session -Wnon-modular-include-in-framework-module -Werror\=non-modular-include-in-framework-module -Wno-trigraphs -Wno-missing-field-initializers -Wno-missing-prototypes -Werror\=return-type -Wdocumentation -Wunreachable-code -Werror\=deprecated-objc-isa-usage -Werror\=objc-root-class -Wno-non-virtual-dtor -Wno-overloaded-virtual -Wno-exit-time-destructors -Wno-missing-braces -Wparentheses -Wswitch -Wunused-function -Wno-unused-label -Wno-unused-parameter -Wunused-variable -Wunused-value -Wempty-body -Wuninitialized -Wconditional-uninitialized -Wno-unknown-pragmas -Wno-shadow -Wno-four-char-constants -Wno-conversion -Wconstant-conversion -Wint-conversion -Wbool-conversion -Wenum-conversion -Wno-float-conversion -Wnon-literal-null-conversion -Wobjc-literal-conversion -Wshorten-64-to-32 -Wno-newline-eof -Wno-c++11-extensions -Wno-implicit-fallthrough -isysroot /Applications/Xcode.app/Contents/Developer/Platforms/iPhoneOS.platform/Developer/SDKs/iPhoneOS26.5.sdk -fstrict-aliasing -Wdeprecated-declarations -Winvalid-offsetof -Wno-sign-conversion -Winfinite-recursion -Wmove -Wcomma -Wblock-capture-autoreleasing -Wstrict-prototypes -Wrange-loop-analysis -Wno-semicolon-before-method-body -Wunguarded-availability -index-store-path /Users/jonahmicahinguito/Library/Developer/Xcode/DerivedData/rotaractconnect-cjwcbdlngckcsaantafkjnfzfbdk/Index.noindex/DataStore @/Users/jonahmicahinguito/Library/Developer/Xcode/DerivedData/rotaractconnect-cjwcbdlngckcsaantafkjnfzfbdk/Build/Intermediates.noindex/Pods.build/Debug-iphoneos/React-Fabric.build/Objects-normal/arm64/82b82416624d2658e5098eb0a28c15c5-common-args.resp -include /Users/jonahmicahinguito/dev/rotaract-connect/ios/Pods/Target\ Support\ Files/React-Fabric/React-Fabric-prefix.pch -MMD -MT dependencies -MF /Users/jonahmicahinguito/Library/Developer/Xcode/DerivedData/rotaractconnect-cjwcbdlngckcsaantafkjnfzfbdk/Build/Intermediates.noindex/Pods.build/Debug-iphoneos/React-Fabric.build/Objects-normal/arm64/DiffClampAnimatedNode.d --serialize-diagnostics /Users/jonahmicahinguito/Library/Developer/Xcode/DerivedData/rotaractconnect-cjwcbdlngckcsaantafkjnfzfbdk/Build/Intermediates.noindex/Pods.build/Debug-iphoneos/React-Fabric.build/Objects-normal/arm64/DiffClampAnimatedNode.dia -c /Users/jonahmicahinguito/dev/rotaract-connect/node_modules/react-native/ReactCommon/react/renderer/animated/nodes/DiffClampAnimatedNode.cpp -o /Users/jonahmicahinguito/Library/Developer/Xcode/DerivedData/rotaractconnect-cjwcbdlngckcsaantafkjnfzfbdk/Build/Intermediates.noindex/Pods.build/Debug-iphoneos/React-Fabric.build/Objects-normal/arm64/DiffClampAnimatedNode.o -index-unit-output-path /Pods.build/Debug-iphoneos/React-Fabric.build/Objects-normal/arm64/DiffClampAnimatedNode.o

In file included from /Users/jonahmicahinguito/dev/rotaract-connect/node_modules/react-native/ReactCommon/react/renderer/animated/nodes/DiffClampAnimatedNode.cpp:14:
In file included from /Users/jonahmicahinguito/dev/rotaract-connect/ios/Pods/Headers/Private/React-Fabric/react/renderer/animated/NativeAnimatedNodesManager.h:21:
In file included from /Users/jonahmicahinguito/dev/rotaract-connect/ios/Pods/Headers/Private/React-Fabric/react/renderer/animationbackend/AnimationBackend.h:12:
In file included from /Users/jonahmicahinguito/dev/rotaract-connect/ios/Pods/Headers/Private/React-Fabric/react/renderer/uimanager/UIManager.h:23:
In file included from /Users/jonahmicahinguito/dev/rotaract-connect/ios/Pods/Headers/Private/React-Fabric/react/renderer/mounting/ShadowTree.h:18:
In file included from /Users/jonahmicahinguito/dev/rotaract-connect/ios/Pods/Headers/Private/React-Fabric/react/renderer/mounting/MountingCoordinator.h:15:
In file included from /Users/jonahmicahinguito/dev/rotaract-connect/ios/Pods/Headers/Private/React-Fabric/react/renderer/mounting/Differentiator.h:11:
/Users/jonahmicahinguito/dev/rotaract-connect/ios/Pods/Headers/Private/React-Fabric/react/renderer/mounting/ShadowViewMutation.h:46:7: warning: declaration is marked with '@deprecated' command but does not have a deprecation attribute [-Wdocumentation-deprecated-sync]
   46 |    * @deprecated Pass parentTag instead of parentShadowView.
      |      ~^~~~~~~~~~~~~~~~~~~~~~~~~~~~~~~~~~~~~~~~~~~~~~~~~~~~~~
/Users/jonahmicahinguito/dev/rotaract-connect/ios/Pods/Headers/Private/React-Fabric/react/renderer/mounting/ShadowViewMutation.h:48:3: note: add a deprecation attribute to the declaration to silence this warning
   48 |   static ShadowViewMutation InsertMutation(const ShadowView &parentShadowView, ShadowView childShadowView, int index)
      |   ^
      |   FMT_DEPRECATED 
/Users/jonahmicahinguito/dev/rotaract-connect/ios/Pods/Headers/Private/React-Fabric/react/renderer/mounting/ShadowViewMutation.h:60:7: warning: declaration is marked with '@deprecated' command but does not have a deprecation attribute [-Wdocumentation-deprecated-sync]
   60 |    * @deprecated Pass parentTag instead of parentShadowView.
      |      ~^~~~~~~~~~~~~~~~~~~~~~~~~~~~~~~~~~~~~~~~~~~~~~~~~~~~~~
/Users/jonahmicahinguito/dev/rotaract-connect/ios/Pods/Headers/Private/React-Fabric/react/renderer/mounting/ShadowViewMutation.h:62:3: note: add a deprecation attribute to the declaration to silence this warning
   62 |   static ShadowViewMutation RemoveMutation(const ShadowView &parentShadowView, ShadowView childShadowView, int index)
      |   ^
      |   FMT_DEPRECATED 
/Users/jonahmicahinguito/dev/rotaract-connect/ios/Pods/Headers/Private/React-Fabric/react/renderer/mounting/ShadowViewMutation.h:74:7: warning: declaration is marked with '@deprecated' command but does not have a deprecation attribute [-Wdocumentation-deprecated-sync]
   74 |    * @deprecated Pass parentTag instead of parentShadowView.
      |      ~^~~~~~~~~~~~~~~~~~~~~~~~~~~~~~~~~~~~~~~~~~~~~~~~~~~~~~
/Users/jonahmicahinguito/dev/rotaract-connect/ios/Pods/Headers/Private/React-Fabric/react/renderer/mounting/ShadowViewMutation.h:76:3: note: add a deprecation attribute to the declaration to silence this warning
   76 |   static ShadowViewMutation
      |   ^
      |   FMT_DEPRECATED 
3 warnings generated.

/Users/jonahmicahinguito/dev/rotaract-connect/ios/Pods/Headers/Private/React-Fabric/react/renderer/mounting/ShadowViewMutation.h:46:7: Declaration is marked with '@deprecated' command but does not have a deprecation attribute

/Users/jonahmicahinguito/dev/rotaract-connect/ios/Pods/Headers/Private/React-Fabric/react/renderer/mounting/ShadowViewMutation.h:60:7: Declaration is marked with '@deprecated' command but does not have a deprecation attribute

/Users/jonahmicahinguito/dev/rotaract-connect/ios/Pods/Headers/Private/React-Fabric/react/renderer/mounting/ShadowViewMutation.h:74:7: Declaration is marked with '@deprecated' command but does not have a deprecation attribute

CompileC /Users/jonahmicahinguito/Library/Developer/Xcode/DerivedData/rotaractconnect-cjwcbdlngckcsaantafkjnfzfbdk/Build/Intermediates.noindex/Pods.build/Debug-iphoneos/React-Fabric.build/Objects-normal/arm64/DecayAnimationDriver.o /Users/jonahmicahinguito/dev/rotaract-connect/node_modules/react-native/ReactCommon/react/renderer/animated/drivers/DecayAnimationDriver.cpp normal arm64 c++ com.apple.compilers.llvm.clang.1_0.compiler (in target 'React-Fabric' from project 'Pods')
    cd /Users/jonahmicahinguito/dev/rotaract-connect/ios/Pods
    
    Using response file: /Users/jonahmicahinguito/Library/Developer/Xcode/DerivedData/rotaractconnect-cjwcbdlngckcsaantafkjnfzfbdk/Build/Intermediates.noindex/Pods.build/Debug-iphoneos/React-Fabric.build/Objects-normal/arm64/82b82416624d2658e5098eb0a28c15c5-common-args.resp
    
    /Applications/Xcode.app/Contents/Developer/Toolchains/XcodeDefault.xctoolchain/usr/bin/clang -x c++ -ivfsstatcache /Users/jonahmicahinguito/Library/Developer/Xcode/DerivedData/SDKStatCaches.noindex/iphoneos26.5-23F81a-32daed1954a7d5dd0789fcaf2a9bb78b.sdkstatcache -target arm64-apple-ios15.1 -fmessage-length\=0 -fdiagnostics-show-note-include-stack -fmacro-backtrace-limit\=0 -fno-color-diagnostics -fmodules-prune-interval\=86400 -fmodules-prune-after\=345600 -fbuild-session-file\=/Users/jonahmicahinguito/Library/Developer/Xcode/DerivedData/ModuleCache.noindex/Session.modulevalidation -fmodules-validate-once-per-build-session -Wnon-modular-include-in-framework-module -Werror\=non-modular-include-in-framework-module -Wno-trigraphs -Wno-missing-field-initializers -Wno-missing-prototypes -Werror\=return-type -Wdocumentation -Wunreachable-code -Werror\=deprecated-objc-isa-usage -Werror\=objc-root-class -Wno-non-virtual-dtor -Wno-overloaded-virtual -Wno-exit-time-destructors -Wno-missing-braces -Wparentheses -Wswitch -Wunused-function -Wno-unused-label -Wno-unused-parameter -Wunused-variable -Wunused-value -Wempty-body -Wuninitialized -Wconditional-uninitialized -Wno-unknown-pragmas -Wno-shadow -Wno-four-char-constants -Wno-conversion -Wconstant-conversion -Wint-conversion -Wbool-conversion -Wenum-conversion -Wno-float-conversion -Wnon-literal-null-conversion -Wobjc-literal-conversion -Wshorten-64-to-32 -Wno-newline-eof -Wno-c++11-extensions -Wno-implicit-fallthrough -isysroot /Applications/Xcode.app/Contents/Developer/Platforms/iPhoneOS.platform/Developer/SDKs/iPhoneOS26.5.sdk -fstrict-aliasing -Wdeprecated-declarations -Winvalid-offsetof -Wno-sign-conversion -Winfinite-recursion -Wmove -Wcomma -Wblock-capture-autoreleasing -Wstrict-prototypes -Wrange-loop-analysis -Wno-semicolon-before-method-body -Wunguarded-availability -index-store-path /Users/jonahmicahinguito/Library/Developer/Xcode/DerivedData/rotaractconnect-cjwcbdlngckcsaantafkjnfzfbdk/Index.noindex/DataStore @/Users/jonahmicahinguito/Library/Developer/Xcode/DerivedData/rotaractconnect-cjwcbdlngckcsaantafkjnfzfbdk/Build/Intermediates.noindex/Pods.build/Debug-iphoneos/React-Fabric.build/Objects-normal/arm64/82b82416624d2658e5098eb0a28c15c5-common-args.resp -include /Users/jonahmicahinguito/dev/rotaract-connect/ios/Pods/Target\ Support\ Files/React-Fabric/React-Fabric-prefix.pch -MMD -MT dependencies -MF /Users/jonahmicahinguito/Library/Developer/Xcode/DerivedData/rotaractconnect-cjwcbdlngckcsaantafkjnfzfbdk/Build/Intermediates.noindex/Pods.build/Debug-iphoneos/React-Fabric.build/Objects-normal/arm64/DecayAnimationDriver.d --serialize-diagnostics /Users/jonahmicahinguito/Library/Developer/Xcode/DerivedData/rotaractconnect-cjwcbdlngckcsaantafkjnfzfbdk/Build/Intermediates.noindex/Pods.build/Debug-iphoneos/React-Fabric.build/Objects-normal/arm64/DecayAnimationDriver.dia -c /Users/jonahmicahinguito/dev/rotaract-connect/node_modules/react-native/ReactCommon/react/renderer/animated/drivers/DecayAnimationDriver.cpp -o /Users/jonahmicahinguito/Library/Developer/Xcode/DerivedData/rotaractconnect-cjwcbdlngckcsaantafkjnfzfbdk/Build/Intermediates.noindex/Pods.build/Debug-iphoneos/React-Fabric.build/Objects-normal/arm64/DecayAnimationDriver.o -index-unit-output-path /Pods.build/Debug-iphoneos/React-Fabric.build/Objects-normal/arm64/DecayAnimationDriver.o

In file included from /Users/jonahmicahinguito/dev/rotaract-connect/node_modules/react-native/ReactCommon/react/renderer/animated/drivers/DecayAnimationDriver.cpp:12:
In file included from /Users/jonahmicahinguito/dev/rotaract-connect/node_modules/react-native/ReactCommon/react/renderer/animated/drivers/DecayAnimationDriver.h:14:
In file included from /Users/jonahmicahinguito/dev/rotaract-connect/node_modules/react-native/ReactCommon/react/renderer/animated/drivers/AnimationDriver.h:15:
In file included from /Users/jonahmicahinguito/dev/rotaract-connect/ios/Pods/Headers/Private/React-Fabric/react/renderer/animated/NativeAnimatedNodesManager.h:21:
In file included from /Users/jonahmicahinguito/dev/rotaract-connect/ios/Pods/Headers/Private/React-Fabric/react/renderer/animationbackend/AnimationBackend.h:12:
In file included from /Users/jonahmicahinguito/dev/rotaract-connect/ios/Pods/Headers/Private/React-Fabric/react/renderer/uimanager/UIManager.h:23:
In file included from /Users/jonahmicahinguito/dev/rotaract-connect/ios/Pods/Headers/Private/React-Fabric/react/renderer/mounting/ShadowTree.h:18:
In file included from /Users/jonahmicahinguito/dev/rotaract-connect/ios/Pods/Headers/Private/React-Fabric/react/renderer/mounting/MountingCoordinator.h:15:
In file included from /Users/jonahmicahinguito/dev/rotaract-connect/ios/Pods/Headers/Private/React-Fabric/react/renderer/mounting/Differentiator.h:11:
/Users/jonahmicahinguito/dev/rotaract-connect/ios/Pods/Headers/Private/React-Fabric/react/renderer/mounting/ShadowViewMutation.h:46:7: warning: declaration is marked with '@deprecated' command but does not have a deprecation attribute [-Wdocumentation-deprecated-sync]
   46 |    * @deprecated Pass parentTag instead of parentShadowView.
      |      ~^~~~~~~~~~~~~~~~~~~~~~~~~~~~~~~~~~~~~~~~~~~~~~~~~~~~~~
/Users/jonahmicahinguito/dev/rotaract-connect/ios/Pods/Headers/Private/React-Fabric/react/renderer/mounting/ShadowViewMutation.h:48:3: note: add a deprecation attribute to the declaration to silence this warning
   48 |   static ShadowViewMutation InsertMutation(const ShadowView &parentShadowView, ShadowView childShadowView, int index)
      |   ^
      |   FMT_DEPRECATED 
/Users/jonahmicahinguito/dev/rotaract-connect/ios/Pods/Headers/Private/React-Fabric/react/renderer/mounting/ShadowViewMutation.h:60:7: warning: declaration is marked with '@deprecated' command but does not have a deprecation attribute [-Wdocumentation-deprecated-sync]
   60 |    * @deprecated Pass parentTag instead of parentShadowView.
      |      ~^~~~~~~~~~~~~~~~~~~~~~~~~~~~~~~~~~~~~~~~~~~~~~~~~~~~~~
/Users/jonahmicahinguito/dev/rotaract-connect/ios/Pods/Headers/Private/React-Fabric/react/renderer/mounting/ShadowViewMutation.h:62:3: note: add a deprecation attribute to the declaration to silence this warning
   62 |   static ShadowViewMutation RemoveMutation(const ShadowView &parentShadowView, ShadowView childShadowView, int index)
      |   ^
      |   FMT_DEPRECATED 
/Users/jonahmicahinguito/dev/rotaract-connect/ios/Pods/Headers/Private/React-Fabric/react/renderer/mounting/ShadowViewMutation.h:74:7: warning: declaration is marked with '@deprecated' command but does not have a deprecation attribute [-Wdocumentation-deprecated-sync]
   74 |    * @deprecated Pass parentTag instead of parentShadowView.
      |      ~^~~~~~~~~~~~~~~~~~~~~~~~~~~~~~~~~~~~~~~~~~~~~~~~~~~~~~
/Users/jonahmicahinguito/dev/rotaract-connect/ios/Pods/Headers/Private/React-Fabric/react/renderer/mounting/ShadowViewMutation.h:76:3: note: add a deprecation attribute to the declaration to silence this warning
   76 |   static ShadowViewMutation
      |   ^
      |   FMT_DEPRECATED 
3 warnings generated.

/Users/jonahmicahinguito/dev/rotaract-connect/ios/Pods/Headers/Private/React-Fabric/react/renderer/mounting/ShadowViewMutation.h:46:7: Declaration is marked with '@deprecated' command but does not have a deprecation attribute

/Users/jonahmicahinguito/dev/rotaract-connect/ios/Pods/Headers/Private/React-Fabric/react/renderer/mounting/ShadowViewMutation.h:60:7: Declaration is marked with '@deprecated' command but does not have a deprecation attribute

/Users/jonahmicahinguito/dev/rotaract-connect/ios/Pods/Headers/Private/React-Fabric/react/renderer/mounting/ShadowViewMutation.h:74:7: Declaration is marked with '@deprecated' command but does not have a deprecation attribute

CompileC /Users/jonahmicahinguito/Library/Developer/Xcode/DerivedData/rotaractconnect-cjwcbdlngckcsaantafkjnfzfbdk/Build/Intermediates.noindex/Pods.build/Debug-iphoneos/React-Fabric.build/Objects-normal/arm64/ColorAnimatedNode.o /Users/jonahmicahinguito/dev/rotaract-connect/node_modules/react-native/ReactCommon/react/renderer/animated/nodes/ColorAnimatedNode.cpp normal arm64 c++ com.apple.compilers.llvm.clang.1_0.compiler (in target 'React-Fabric' from project 'Pods')
    cd /Users/jonahmicahinguito/dev/rotaract-connect/ios/Pods
    
    Using response file: /Users/jonahmicahinguito/Library/Developer/Xcode/DerivedData/rotaractconnect-cjwcbdlngckcsaantafkjnfzfbdk/Build/Intermediates.noindex/Pods.build/Debug-iphoneos/React-Fabric.build/Objects-normal/arm64/82b82416624d2658e5098eb0a28c15c5-common-args.resp
    
    /Applications/Xcode.app/Contents/Developer/Toolchains/XcodeDefault.xctoolchain/usr/bin/clang -x c++ -ivfsstatcache /Users/jonahmicahinguito/Library/Developer/Xcode/DerivedData/SDKStatCaches.noindex/iphoneos26.5-23F81a-32daed1954a7d5dd0789fcaf2a9bb78b.sdkstatcache -target arm64-apple-ios15.1 -fmessage-length\=0 -fdiagnostics-show-note-include-stack -fmacro-backtrace-limit\=0 -fno-color-diagnostics -fmodules-prune-interval\=86400 -fmodules-prune-after\=345600 -fbuild-session-file\=/Users/jonahmicahinguito/Library/Developer/Xcode/DerivedData/ModuleCache.noindex/Session.modulevalidation -fmodules-validate-once-per-build-session -Wnon-modular-include-in-framework-module -Werror\=non-modular-include-in-framework-module -Wno-trigraphs -Wno-missing-field-initializers -Wno-missing-prototypes -Werror\=return-type -Wdocumentation -Wunreachable-code -Werror\=deprecated-objc-isa-usage -Werror\=objc-root-class -Wno-non-virtual-dtor -Wno-overloaded-virtual -Wno-exit-time-destructors -Wno-missing-braces -Wparentheses -Wswitch -Wunused-function -Wno-unused-label -Wno-unused-parameter -Wunused-variable -Wunused-value -Wempty-body -Wuninitialized -Wconditional-uninitialized -Wno-unknown-pragmas -Wno-shadow -Wno-four-char-constants -Wno-conversion -Wconstant-conversion -Wint-conversion -Wbool-conversion -Wenum-conversion -Wno-float-conversion -Wnon-literal-null-conversion -Wobjc-literal-conversion -Wshorten-64-to-32 -Wno-newline-eof -Wno-c++11-extensions -Wno-implicit-fallthrough -isysroot /Applications/Xcode.app/Contents/Developer/Platforms/iPhoneOS.platform/Developer/SDKs/iPhoneOS26.5.sdk -fstrict-aliasing -Wdeprecated-declarations -Winvalid-offsetof -Wno-sign-conversion -Winfinite-recursion -Wmove -Wcomma -Wblock-capture-autoreleasing -Wstrict-prototypes -Wrange-loop-analysis -Wno-semicolon-before-method-body -Wunguarded-availability -index-store-path /Users/jonahmicahinguito/Library/Developer/Xcode/DerivedData/rotaractconnect-cjwcbdlngckcsaantafkjnfzfbdk/Index.noindex/DataStore @/Users/jonahmicahinguito/Library/Developer/Xcode/DerivedData/rotaractconnect-cjwcbdlngckcsaantafkjnfzfbdk/Build/Intermediates.noindex/Pods.build/Debug-iphoneos/React-Fabric.build/Objects-normal/arm64/82b82416624d2658e5098eb0a28c15c5-common-args.resp -include /Users/jonahmicahinguito/dev/rotaract-connect/ios/Pods/Target\ Support\ Files/React-Fabric/React-Fabric-prefix.pch -MMD -MT dependencies -MF /Users/jonahmicahinguito/Library/Developer/Xcode/DerivedData/rotaractconnect-cjwcbdlngckcsaantafkjnfzfbdk/Build/Intermediates.noindex/Pods.build/Debug-iphoneos/React-Fabric.build/Objects-normal/arm64/ColorAnimatedNode.d --serialize-diagnostics /Users/jonahmicahinguito/Library/Developer/Xcode/DerivedData/rotaractconnect-cjwcbdlngckcsaantafkjnfzfbdk/Build/Intermediates.noindex/Pods.build/Debug-iphoneos/React-Fabric.build/Objects-normal/arm64/ColorAnimatedNode.dia -c /Users/jonahmicahinguito/dev/rotaract-connect/node_modules/react-native/ReactCommon/react/renderer/animated/nodes/ColorAnimatedNode.cpp -o /Users/jonahmicahinguito/Library/Developer/Xcode/DerivedData/rotaractconnect-cjwcbdlngckcsaantafkjnfzfbdk/Build/Intermediates.noindex/Pods.build/Debug-iphoneos/React-Fabric.build/Objects-normal/arm64/ColorAnimatedNode.o -index-unit-output-path /Pods.build/Debug-iphoneos/React-Fabric.build/Objects-normal/arm64/ColorAnimatedNode.o

In file included from /Users/jonahmicahinguito/dev/rotaract-connect/node_modules/react-native/ReactCommon/react/renderer/animated/nodes/ColorAnimatedNode.cpp:13:
In file included from /Users/jonahmicahinguito/dev/rotaract-connect/ios/Pods/Headers/Private/React-Fabric/react/renderer/animated/NativeAnimatedNodesManager.h:21:
In file included from /Users/jonahmicahinguito/dev/rotaract-connect/ios/Pods/Headers/Private/React-Fabric/react/renderer/animationbackend/AnimationBackend.h:12:
In file included from /Users/jonahmicahinguito/dev/rotaract-connect/ios/Pods/Headers/Private/React-Fabric/react/renderer/uimanager/UIManager.h:23:
In file included from /Users/jonahmicahinguito/dev/rotaract-connect/ios/Pods/Headers/Private/React-Fabric/react/renderer/mounting/ShadowTree.h:18:
In file included from /Users/jonahmicahinguito/dev/rotaract-connect/ios/Pods/Headers/Private/React-Fabric/react/renderer/mounting/MountingCoordinator.h:15:
In file included from /Users/jonahmicahinguito/dev/rotaract-connect/ios/Pods/Headers/Private/React-Fabric/react/renderer/mounting/Differentiator.h:11:
/Users/jonahmicahinguito/dev/rotaract-connect/ios/Pods/Headers/Private/React-Fabric/react/renderer/mounting/ShadowViewMutation.h:46:7: warning: declaration is marked with '@deprecated' command but does not have a deprecation attribute [-Wdocumentation-deprecated-sync]
   46 |    * @deprecated Pass parentTag instead of parentShadowView.
      |      ~^~~~~~~~~~~~~~~~~~~~~~~~~~~~~~~~~~~~~~~~~~~~~~~~~~~~~~
/Users/jonahmicahinguito/dev/rotaract-connect/ios/Pods/Headers/Private/React-Fabric/react/renderer/mounting/ShadowViewMutation.h:48:3: note: add a deprecation attribute to the declaration to silence this warning
   48 |   static ShadowViewMutation InsertMutation(const ShadowView &parentShadowView, ShadowView childShadowView, int index)
      |   ^
      |   FMT_DEPRECATED 
/Users/jonahmicahinguito/dev/rotaract-connect/ios/Pods/Headers/Private/React-Fabric/react/renderer/mounting/ShadowViewMutation.h:60:7: warning: declaration is marked with '@deprecated' command but does not have a deprecation attribute [-Wdocumentation-deprecated-sync]
   60 |    * @deprecated Pass parentTag instead of parentShadowView.
      |      ~^~~~~~~~~~~~~~~~~~~~~~~~~~~~~~~~~~~~~~~~~~~~~~~~~~~~~~
/Users/jonahmicahinguito/dev/rotaract-connect/ios/Pods/Headers/Private/React-Fabric/react/renderer/mounting/ShadowViewMutation.h:62:3: note: add a deprecation attribute to the declaration to silence this warning
   62 |   static ShadowViewMutation RemoveMutation(const ShadowView &parentShadowView, ShadowView childShadowView, int index)
      |   ^
      |   FMT_DEPRECATED 
/Users/jonahmicahinguito/dev/rotaract-connect/ios/Pods/Headers/Private/React-Fabric/react/renderer/mounting/ShadowViewMutation.h:74:7: warning: declaration is marked with '@deprecated' command but does not have a deprecation attribute [-Wdocumentation-deprecated-sync]
   74 |    * @deprecated Pass parentTag instead of parentShadowView.
      |      ~^~~~~~~~~~~~~~~~~~~~~~~~~~~~~~~~~~~~~~~~~~~~~~~~~~~~~~
/Users/jonahmicahinguito/dev/rotaract-connect/ios/Pods/Headers/Private/React-Fabric/react/renderer/mounting/ShadowViewMutation.h:76:3: note: add a deprecation attribute to the declaration to silence this warning
   76 |   static ShadowViewMutation
      |   ^
      |   FMT_DEPRECATED 
3 warnings generated.

/Users/jonahmicahinguito/dev/rotaract-connect/ios/Pods/Headers/Private/React-Fabric/react/renderer/mounting/ShadowViewMutation.h:46:7: Declaration is marked with '@deprecated' command but does not have a deprecation attribute

/Users/jonahmicahinguito/dev/rotaract-connect/ios/Pods/Headers/Private/React-Fabric/react/renderer/mounting/ShadowViewMutation.h:60:7: Declaration is marked with '@deprecated' command but does not have a deprecation attribute

/Users/jonahmicahinguito/dev/rotaract-connect/ios/Pods/Headers/Private/React-Fabric/react/renderer/mounting/ShadowViewMutation.h:74:7: Declaration is marked with '@deprecated' command but does not have a deprecation attribute

CompileC /Users/jonahmicahinguito/Library/Developer/Xcode/DerivedData/rotaractconnect-cjwcbdlngckcsaantafkjnfzfbdk/Build/Intermediates.noindex/Pods.build/Debug-iphoneos/React-Fabric.build/Objects-normal/arm64/AnimationDriver.o /Users/jonahmicahinguito/dev/rotaract-connect/node_modules/react-native/ReactCommon/react/renderer/animated/drivers/AnimationDriver.cpp normal arm64 c++ com.apple.compilers.llvm.clang.1_0.compiler (in target 'React-Fabric' from project 'Pods')
    cd /Users/jonahmicahinguito/dev/rotaract-connect/ios/Pods
    
    Using response file: /Users/jonahmicahinguito/Library/Developer/Xcode/DerivedData/rotaractconnect-cjwcbdlngckcsaantafkjnfzfbdk/Build/Intermediates.noindex/Pods.build/Debug-iphoneos/React-Fabric.build/Objects-normal/arm64/82b82416624d2658e5098eb0a28c15c5-common-args.resp
    
    /Applications/Xcode.app/Contents/Developer/Toolchains/XcodeDefault.xctoolchain/usr/bin/clang -x c++ -ivfsstatcache /Users/jonahmicahinguito/Library/Developer/Xcode/DerivedData/SDKStatCaches.noindex/iphoneos26.5-23F81a-32daed1954a7d5dd0789fcaf2a9bb78b.sdkstatcache -target arm64-apple-ios15.1 -fmessage-length\=0 -fdiagnostics-show-note-include-stack -fmacro-backtrace-limit\=0 -fno-color-diagnostics -fmodules-prune-interval\=86400 -fmodules-prune-after\=345600 -fbuild-session-file\=/Users/jonahmicahinguito/Library/Developer/Xcode/DerivedData/ModuleCache.noindex/Session.modulevalidation -fmodules-validate-once-per-build-session -Wnon-modular-include-in-framework-module -Werror\=non-modular-include-in-framework-module -Wno-trigraphs -Wno-missing-field-initializers -Wno-missing-prototypes -Werror\=return-type -Wdocumentation -Wunreachable-code -Werror\=deprecated-objc-isa-usage -Werror\=objc-root-class -Wno-non-virtual-dtor -Wno-overloaded-virtual -Wno-exit-time-destructors -Wno-missing-braces -Wparentheses -Wswitch -Wunused-function -Wno-unused-label -Wno-unused-parameter -Wunused-variable -Wunused-value -Wempty-body -Wuninitialized -Wconditional-uninitialized -Wno-unknown-pragmas -Wno-shadow -Wno-four-char-constants -Wno-conversion -Wconstant-conversion -Wint-conversion -Wbool-conversion -Wenum-conversion -Wno-float-conversion -Wnon-literal-null-conversion -Wobjc-literal-conversion -Wshorten-64-to-32 -Wno-newline-eof -Wno-c++11-extensions -Wno-implicit-fallthrough -isysroot /Applications/Xcode.app/Contents/Developer/Platforms/iPhoneOS.platform/Developer/SDKs/iPhoneOS26.5.sdk -fstrict-aliasing -Wdeprecated-declarations -Winvalid-offsetof -Wno-sign-conversion -Winfinite-recursion -Wmove -Wcomma -Wblock-capture-autoreleasing -Wstrict-prototypes -Wrange-loop-analysis -Wno-semicolon-before-method-body -Wunguarded-availability -index-store-path /Users/jonahmicahinguito/Library/Developer/Xcode/DerivedData/rotaractconnect-cjwcbdlngckcsaantafkjnfzfbdk/Index.noindex/DataStore @/Users/jonahmicahinguito/Library/Developer/Xcode/DerivedData/rotaractconnect-cjwcbdlngckcsaantafkjnfzfbdk/Build/Intermediates.noindex/Pods.build/Debug-iphoneos/React-Fabric.build/Objects-normal/arm64/82b82416624d2658e5098eb0a28c15c5-common-args.resp -include /Users/jonahmicahinguito/dev/rotaract-connect/ios/Pods/Target\ Support\ Files/React-Fabric/React-Fabric-prefix.pch -MMD -MT dependencies -MF /Users/jonahmicahinguito/Library/Developer/Xcode/DerivedData/rotaractconnect-cjwcbdlngckcsaantafkjnfzfbdk/Build/Intermediates.noindex/Pods.build/Debug-iphoneos/React-Fabric.build/Objects-normal/arm64/AnimationDriver.d --serialize-diagnostics /Users/jonahmicahinguito/Library/Developer/Xcode/DerivedData/rotaractconnect-cjwcbdlngckcsaantafkjnfzfbdk/Build/Intermediates.noindex/Pods.build/Debug-iphoneos/React-Fabric.build/Objects-normal/arm64/AnimationDriver.dia -c /Users/jonahmicahinguito/dev/rotaract-connect/node_modules/react-native/ReactCommon/react/renderer/animated/drivers/AnimationDriver.cpp -o /Users/jonahmicahinguito/Library/Developer/Xcode/DerivedData/rotaractconnect-cjwcbdlngckcsaantafkjnfzfbdk/Build/Intermediates.noindex/Pods.build/Debug-iphoneos/React-Fabric.build/Objects-normal/arm64/AnimationDriver.o -index-unit-output-path /Pods.build/Debug-iphoneos/React-Fabric.build/Objects-normal/arm64/AnimationDriver.o

In file included from /Users/jonahmicahinguito/dev/rotaract-connect/node_modules/react-native/ReactCommon/react/renderer/animated/drivers/AnimationDriver.cpp:12:
In file included from /Users/jonahmicahinguito/dev/rotaract-connect/node_modules/react-native/ReactCommon/react/renderer/animated/drivers/AnimationDriver.h:15:
In file included from /Users/jonahmicahinguito/dev/rotaract-connect/ios/Pods/Headers/Private/React-Fabric/react/renderer/animated/NativeAnimatedNodesManager.h:21:
In file included from /Users/jonahmicahinguito/dev/rotaract-connect/ios/Pods/Headers/Private/React-Fabric/react/renderer/animationbackend/AnimationBackend.h:12:
In file included from /Users/jonahmicahinguito/dev/rotaract-connect/ios/Pods/Headers/Private/React-Fabric/react/renderer/uimanager/UIManager.h:23:
In file included from /Users/jonahmicahinguito/dev/rotaract-connect/ios/Pods/Headers/Private/React-Fabric/react/renderer/mounting/ShadowTree.h:18:
In file included from /Users/jonahmicahinguito/dev/rotaract-connect/ios/Pods/Headers/Private/React-Fabric/react/renderer/mounting/MountingCoordinator.h:15:
In file included from /Users/jonahmicahinguito/dev/rotaract-connect/ios/Pods/Headers/Private/React-Fabric/react/renderer/mounting/Differentiator.h:11:
/Users/jonahmicahinguito/dev/rotaract-connect/ios/Pods/Headers/Private/React-Fabric/react/renderer/mounting/ShadowViewMutation.h:46:7: warning: declaration is marked with '@deprecated' command but does not have a deprecation attribute [-Wdocumentation-deprecated-sync]
   46 |    * @deprecated Pass parentTag instead of parentShadowView.
      |      ~^~~~~~~~~~~~~~~~~~~~~~~~~~~~~~~~~~~~~~~~~~~~~~~~~~~~~~
/Users/jonahmicahinguito/dev/rotaract-connect/ios/Pods/Headers/Private/React-Fabric/react/renderer/mounting/ShadowViewMutation.h:48:3: note: add a deprecation attribute to the declaration to silence this warning
   48 |   static ShadowViewMutation InsertMutation(const ShadowView &parentShadowView, ShadowView childShadowView, int index)
      |   ^
      |   FMT_DEPRECATED 
/Users/jonahmicahinguito/dev/rotaract-connect/ios/Pods/Headers/Private/React-Fabric/react/renderer/mounting/ShadowViewMutation.h:60:7: warning: declaration is marked with '@deprecated' command but does not have a deprecation attribute [-Wdocumentation-deprecated-sync]
   60 |    * @deprecated Pass parentTag instead of parentShadowView.
      |      ~^~~~~~~~~~~~~~~~~~~~~~~~~~~~~~~~~~~~~~~~~~~~~~~~~~~~~~
/Users/jonahmicahinguito/dev/rotaract-connect/ios/Pods/Headers/Private/React-Fabric/react/renderer/mounting/ShadowViewMutation.h:62:3: note: add a deprecation attribute to the declaration to silence this warning
   62 |   static ShadowViewMutation RemoveMutation(const ShadowView &parentShadowView, ShadowView childShadowView, int index)
      |   ^
      |   FMT_DEPRECATED 
/Users/jonahmicahinguito/dev/rotaract-connect/ios/Pods/Headers/Private/React-Fabric/react/renderer/mounting/ShadowViewMutation.h:74:7: warning: declaration is marked with '@deprecated' command but does not have a deprecation attribute [-Wdocumentation-deprecated-sync]
   74 |    * @deprecated Pass parentTag instead of parentShadowView.
      |      ~^~~~~~~~~~~~~~~~~~~~~~~~~~~~~~~~~~~~~~~~~~~~~~~~~~~~~~
/Users/jonahmicahinguito/dev/rotaract-connect/ios/Pods/Headers/Private/React-Fabric/react/renderer/mounting/ShadowViewMutation.h:76:3: note: add a deprecation attribute to the declaration to silence this warning
   76 |   static ShadowViewMutation
      |   ^
      |   FMT_DEPRECATED 
3 warnings generated.

/Users/jonahmicahinguito/dev/rotaract-connect/ios/Pods/Headers/Private/React-Fabric/react/renderer/mounting/ShadowViewMutation.h:46:7: Declaration is marked with '@deprecated' command but does not have a deprecation attribute

/Users/jonahmicahinguito/dev/rotaract-connect/ios/Pods/Headers/Private/React-Fabric/react/renderer/mounting/ShadowViewMutation.h:60:7: Declaration is marked with '@deprecated' command but does not have a deprecation attribute

/Users/jonahmicahinguito/dev/rotaract-connect/ios/Pods/Headers/Private/React-Fabric/react/renderer/mounting/ShadowViewMutation.h:74:7: Declaration is marked with '@deprecated' command but does not have a deprecation attribute

CompileC /Users/jonahmicahinguito/Library/Developer/Xcode/DerivedData/rotaractconnect-cjwcbdlngckcsaantafkjnfzfbdk/Build/Intermediates.noindex/Pods.build/Debug-iphoneos/React-Fabric.build/Objects-normal/arm64/AnimationBackendCommitHook.o /Users/jonahmicahinguito/dev/rotaract-connect/node_modules/react-native/ReactCommon/react/renderer/animationbackend/AnimationBackendCommitHook.cpp normal arm64 c++ com.apple.compilers.llvm.clang.1_0.compiler (in target 'React-Fabric' from project 'Pods')
    cd /Users/jonahmicahinguito/dev/rotaract-connect/ios/Pods
    
    Using response file: /Users/jonahmicahinguito/Library/Developer/Xcode/DerivedData/rotaractconnect-cjwcbdlngckcsaantafkjnfzfbdk/Build/Intermediates.noindex/Pods.build/Debug-iphoneos/React-Fabric.build/Objects-normal/arm64/82b82416624d2658e5098eb0a28c15c5-common-args.resp
    
    /Applications/Xcode.app/Contents/Developer/Toolchains/XcodeDefault.xctoolchain/usr/bin/clang -x c++ -ivfsstatcache /Users/jonahmicahinguito/Library/Developer/Xcode/DerivedData/SDKStatCaches.noindex/iphoneos26.5-23F81a-32daed1954a7d5dd0789fcaf2a9bb78b.sdkstatcache -target arm64-apple-ios15.1 -fmessage-length\=0 -fdiagnostics-show-note-include-stack -fmacro-backtrace-limit\=0 -fno-color-diagnostics -fmodules-prune-interval\=86400 -fmodules-prune-after\=345600 -fbuild-session-file\=/Users/jonahmicahinguito/Library/Developer/Xcode/DerivedData/ModuleCache.noindex/Session.modulevalidation -fmodules-validate-once-per-build-session -Wnon-modular-include-in-framework-module -Werror\=non-modular-include-in-framework-module -Wno-trigraphs -Wno-missing-field-initializers -Wno-missing-prototypes -Werror\=return-type -Wdocumentation -Wunreachable-code -Werror\=deprecated-objc-isa-usage -Werror\=objc-root-class -Wno-non-virtual-dtor -Wno-overloaded-virtual -Wno-exit-time-destructors -Wno-missing-braces -Wparentheses -Wswitch -Wunused-function -Wno-unused-label -Wno-unused-parameter -Wunused-variable -Wunused-value -Wempty-body -Wuninitialized -Wconditional-uninitialized -Wno-unknown-pragmas -Wno-shadow -Wno-four-char-constants -Wno-conversion -Wconstant-conversion -Wint-conversion -Wbool-conversion -Wenum-conversion -Wno-float-conversion -Wnon-literal-null-conversion -Wobjc-literal-conversion -Wshorten-64-to-32 -Wno-newline-eof -Wno-c++11-extensions -Wno-implicit-fallthrough -isysroot /Applications/Xcode.app/Contents/Developer/Platforms/iPhoneOS.platform/Developer/SDKs/iPhoneOS26.5.sdk -fstrict-aliasing -Wdeprecated-declarations -Winvalid-offsetof -Wno-sign-conversion -Winfinite-recursion -Wmove -Wcomma -Wblock-capture-autoreleasing -Wstrict-prototypes -Wrange-loop-analysis -Wno-semicolon-before-method-body -Wunguarded-availability -index-store-path /Users/jonahmicahinguito/Library/Developer/Xcode/DerivedData/rotaractconnect-cjwcbdlngckcsaantafkjnfzfbdk/Index.noindex/DataStore @/Users/jonahmicahinguito/Library/Developer/Xcode/DerivedData/rotaractconnect-cjwcbdlngckcsaantafkjnfzfbdk/Build/Intermediates.noindex/Pods.build/Debug-iphoneos/React-Fabric.build/Objects-normal/arm64/82b82416624d2658e5098eb0a28c15c5-common-args.resp -include /Users/jonahmicahinguito/dev/rotaract-connect/ios/Pods/Target\ Support\ Files/React-Fabric/React-Fabric-prefix.pch -MMD -MT dependencies -MF /Users/jonahmicahinguito/Library/Developer/Xcode/DerivedData/rotaractconnect-cjwcbdlngckcsaantafkjnfzfbdk/Build/Intermediates.noindex/Pods.build/Debug-iphoneos/React-Fabric.build/Objects-normal/arm64/AnimationBackendCommitHook.d --serialize-diagnostics /Users/jonahmicahinguito/Library/Developer/Xcode/DerivedData/rotaractconnect-cjwcbdlngckcsaantafkjnfzfbdk/Build/Intermediates.noindex/Pods.build/Debug-iphoneos/React-Fabric.build/Objects-normal/arm64/AnimationBackendCommitHook.dia -c /Users/jonahmicahinguito/dev/rotaract-connect/node_modules/react-native/ReactCommon/react/renderer/animationbackend/AnimationBackendCommitHook.cpp -o /Users/jonahmicahinguito/Library/Developer/Xcode/DerivedData/rotaractconnect-cjwcbdlngckcsaantafkjnfzfbdk/Build/Intermediates.noindex/Pods.build/Debug-iphoneos/React-Fabric.build/Objects-normal/arm64/AnimationBackendCommitHook.o -index-unit-output-path /Pods.build/Debug-iphoneos/React-Fabric.build/Objects-normal/arm64/AnimationBackendCommitHook.o

In file included from /Users/jonahmicahinguito/dev/rotaract-connect/node_modules/react-native/ReactCommon/react/renderer/animationbackend/AnimationBackendCommitHook.cpp:8:
In file included from /Users/jonahmicahinguito/dev/rotaract-connect/ios/Pods/Headers/Private/React-Fabric/react/renderer/animationbackend/AnimationBackendCommitHook.h:11:
In file included from /Users/jonahmicahinguito/dev/rotaract-connect/ios/Pods/Headers/Private/React-Fabric/react/renderer/uimanager/UIManager.h:23:
In file included from /Users/jonahmicahinguito/dev/rotaract-connect/ios/Pods/Headers/Private/React-Fabric/react/renderer/mounting/ShadowTree.h:18:
In file included from /Users/jonahmicahinguito/dev/rotaract-connect/ios/Pods/Headers/Private/React-Fabric/react/renderer/mounting/MountingCoordinator.h:15:
In file included from /Users/jonahmicahinguito/dev/rotaract-connect/ios/Pods/Headers/Private/React-Fabric/react/renderer/mounting/Differentiator.h:11:
/Users/jonahmicahinguito/dev/rotaract-connect/ios/Pods/Headers/Private/React-Fabric/react/renderer/mounting/ShadowViewMutation.h:46:7: warning: declaration is marked with '@deprecated' command but does not have a deprecation attribute [-Wdocumentation-deprecated-sync]
   46 |    * @deprecated Pass parentTag instead of parentShadowView.
      |      ~^~~~~~~~~~~~~~~~~~~~~~~~~~~~~~~~~~~~~~~~~~~~~~~~~~~~~~
/Users/jonahmicahinguito/dev/rotaract-connect/ios/Pods/Headers/Private/React-Fabric/react/renderer/mounting/ShadowViewMutation.h:48:3: note: add a deprecation attribute to the declaration to silence this warning
   48 |   static ShadowViewMutation InsertMutation(const ShadowView &parentShadowView, ShadowView childShadowView, int index)
      |   ^
      |   FMT_DEPRECATED 
/Users/jonahmicahinguito/dev/rotaract-connect/ios/Pods/Headers/Private/React-Fabric/react/renderer/mounting/ShadowViewMutation.h:60:7: warning: declaration is marked with '@deprecated' command but does not have a deprecation attribute [-Wdocumentation-deprecated-sync]
   60 |    * @deprecated Pass parentTag instead of parentShadowView.
      |      ~^~~~~~~~~~~~~~~~~~~~~~~~~~~~~~~~~~~~~~~~~~~~~~~~~~~~~~
/Users/jonahmicahinguito/dev/rotaract-connect/ios/Pods/Headers/Private/React-Fabric/react/renderer/mounting/ShadowViewMutation.h:62:3: note: add a deprecation attribute to the declaration to silence this warning
   62 |   static ShadowViewMutation RemoveMutation(const ShadowView &parentShadowView, ShadowView childShadowView, int index)
      |   ^
      |   FMT_DEPRECATED 
/Users/jonahmicahinguito/dev/rotaract-connect/ios/Pods/Headers/Private/React-Fabric/react/renderer/mounting/ShadowViewMutation.h:74:7: warning: declaration is marked with '@deprecated' command but does not have a deprecation attribute [-Wdocumentation-deprecated-sync]
   74 |    * @deprecated Pass parentTag instead of parentShadowView.
      |      ~^~~~~~~~~~~~~~~~~~~~~~~~~~~~~~~~~~~~~~~~~~~~~~~~~~~~~~
/Users/jonahmicahinguito/dev/rotaract-connect/ios/Pods/Headers/Private/React-Fabric/react/renderer/mounting/ShadowViewMutation.h:76:3: note: add a deprecation attribute to the declaration to silence this warning
   76 |   static ShadowViewMutation
      |   ^
      |   FMT_DEPRECATED 
3 warnings generated.

/Users/jonahmicahinguito/dev/rotaract-connect/ios/Pods/Headers/Private/React-Fabric/react/renderer/mounting/ShadowViewMutation.h:46:7: Declaration is marked with '@deprecated' command but does not have a deprecation attribute

/Users/jonahmicahinguito/dev/rotaract-connect/ios/Pods/Headers/Private/React-Fabric/react/renderer/mounting/ShadowViewMutation.h:60:7: Declaration is marked with '@deprecated' command but does not have a deprecation attribute

/Users/jonahmicahinguito/dev/rotaract-connect/ios/Pods/Headers/Private/React-Fabric/react/renderer/mounting/ShadowViewMutation.h:74:7: Declaration is marked with '@deprecated' command but does not have a deprecation attribute

CompileC /Users/jonahmicahinguito/Library/Developer/Xcode/DerivedData/rotaractconnect-cjwcbdlngckcsaantafkjnfzfbdk/Build/Intermediates.noindex/Pods.build/Debug-iphoneos/React-Fabric.build/Objects-normal/arm64/AnimationBackend.o /Users/jonahmicahinguito/dev/rotaract-connect/node_modules/react-native/ReactCommon/react/renderer/animationbackend/AnimationBackend.cpp normal arm64 c++ com.apple.compilers.llvm.clang.1_0.compiler (in target 'React-Fabric' from project 'Pods')
    cd /Users/jonahmicahinguito/dev/rotaract-connect/ios/Pods
    
    Using response file: /Users/jonahmicahinguito/Library/Developer/Xcode/DerivedData/rotaractconnect-cjwcbdlngckcsaantafkjnfzfbdk/Build/Intermediates.noindex/Pods.build/Debug-iphoneos/React-Fabric.build/Objects-normal/arm64/82b82416624d2658e5098eb0a28c15c5-common-args.resp
    
    /Applications/Xcode.app/Contents/Developer/Toolchains/XcodeDefault.xctoolchain/usr/bin/clang -x c++ -ivfsstatcache /Users/jonahmicahinguito/Library/Developer/Xcode/DerivedData/SDKStatCaches.noindex/iphoneos26.5-23F81a-32daed1954a7d5dd0789fcaf2a9bb78b.sdkstatcache -target arm64-apple-ios15.1 -fmessage-length\=0 -fdiagnostics-show-note-include-stack -fmacro-backtrace-limit\=0 -fno-color-diagnostics -fmodules-prune-interval\=86400 -fmodules-prune-after\=345600 -fbuild-session-file\=/Users/jonahmicahinguito/Library/Developer/Xcode/DerivedData/ModuleCache.noindex/Session.modulevalidation -fmodules-validate-once-per-build-session -Wnon-modular-include-in-framework-module -Werror\=non-modular-include-in-framework-module -Wno-trigraphs -Wno-missing-field-initializers -Wno-missing-prototypes -Werror\=return-type -Wdocumentation -Wunreachable-code -Werror\=deprecated-objc-isa-usage -Werror\=objc-root-class -Wno-non-virtual-dtor -Wno-overloaded-virtual -Wno-exit-time-destructors -Wno-missing-braces -Wparentheses -Wswitch -Wunused-function -Wno-unused-label -Wno-unused-parameter -Wunused-variable -Wunused-value -Wempty-body -Wuninitialized -Wconditional-uninitialized -Wno-unknown-pragmas -Wno-shadow -Wno-four-char-constants -Wno-conversion -Wconstant-conversion -Wint-conversion -Wbool-conversion -Wenum-conversion -Wno-float-conversion -Wnon-literal-null-conversion -Wobjc-literal-conversion -Wshorten-64-to-32 -Wno-newline-eof -Wno-c++11-extensions -Wno-implicit-fallthrough -isysroot /Applications/Xcode.app/Contents/Developer/Platforms/iPhoneOS.platform/Developer/SDKs/iPhoneOS26.5.sdk -fstrict-aliasing -Wdeprecated-declarations -Winvalid-offsetof -Wno-sign-conversion -Winfinite-recursion -Wmove -Wcomma -Wblock-capture-autoreleasing -Wstrict-prototypes -Wrange-loop-analysis -Wno-semicolon-before-method-body -Wunguarded-availability -index-store-path /Users/jonahmicahinguito/Library/Developer/Xcode/DerivedData/rotaractconnect-cjwcbdlngckcsaantafkjnfzfbdk/Index.noindex/DataStore @/Users/jonahmicahinguito/Library/Developer/Xcode/DerivedData/rotaractconnect-cjwcbdlngckcsaantafkjnfzfbdk/Build/Intermediates.noindex/Pods.build/Debug-iphoneos/React-Fabric.build/Objects-normal/arm64/82b82416624d2658e5098eb0a28c15c5-common-args.resp -include /Users/jonahmicahinguito/dev/rotaract-connect/ios/Pods/Target\ Support\ Files/React-Fabric/React-Fabric-prefix.pch -MMD -MT dependencies -MF /Users/jonahmicahinguito/Library/Developer/Xcode/DerivedData/rotaractconnect-cjwcbdlngckcsaantafkjnfzfbdk/Build/Intermediates.noindex/Pods.build/Debug-iphoneos/React-Fabric.build/Objects-normal/arm64/AnimationBackend.d --serialize-diagnostics /Users/jonahmicahinguito/Library/Developer/Xcode/DerivedData/rotaractconnect-cjwcbdlngckcsaantafkjnfzfbdk/Build/Intermediates.noindex/Pods.build/Debug-iphoneos/React-Fabric.build/Objects-normal/arm64/AnimationBackend.dia -c /Users/jonahmicahinguito/dev/rotaract-connect/node_modules/react-native/ReactCommon/react/renderer/animationbackend/AnimationBackend.cpp -o /Users/jonahmicahinguito/Library/Developer/Xcode/DerivedData/rotaractconnect-cjwcbdlngckcsaantafkjnfzfbdk/Build/Intermediates.noindex/Pods.build/Debug-iphoneos/React-Fabric.build/Objects-normal/arm64/AnimationBackend.o -index-unit-output-path /Pods.build/Debug-iphoneos/React-Fabric.build/Objects-normal/arm64/AnimationBackend.o

In file included from /Users/jonahmicahinguito/dev/rotaract-connect/node_modules/react-native/ReactCommon/react/renderer/animationbackend/AnimationBackend.cpp:8:
In file included from /Users/jonahmicahinguito/dev/rotaract-connect/node_modules/react-native/ReactCommon/react/renderer/animationbackend/AnimationBackend.h:12:
In file included from /Users/jonahmicahinguito/dev/rotaract-connect/ios/Pods/Headers/Private/React-Fabric/react/renderer/uimanager/UIManager.h:23:
In file included from /Users/jonahmicahinguito/dev/rotaract-connect/ios/Pods/Headers/Private/React-Fabric/react/renderer/mounting/ShadowTree.h:18:
In file included from /Users/jonahmicahinguito/dev/rotaract-connect/ios/Pods/Headers/Private/React-Fabric/react/renderer/mounting/MountingCoordinator.h:15:
In file included from /Users/jonahmicahinguito/dev/rotaract-connect/ios/Pods/Headers/Private/React-Fabric/react/renderer/mounting/Differentiator.h:11:
/Users/jonahmicahinguito/dev/rotaract-connect/ios/Pods/Headers/Private/React-Fabric/react/renderer/mounting/ShadowViewMutation.h:46:7: warning: declaration is marked with '@deprecated' command but does not have a deprecation attribute [-Wdocumentation-deprecated-sync]
   46 |    * @deprecated Pass parentTag instead of parentShadowView.
      |      ~^~~~~~~~~~~~~~~~~~~~~~~~~~~~~~~~~~~~~~~~~~~~~~~~~~~~~~
/Users/jonahmicahinguito/dev/rotaract-connect/ios/Pods/Headers/Private/React-Fabric/react/renderer/mounting/ShadowViewMutation.h:48:3: note: add a deprecation attribute to the declaration to silence this warning
   48 |   static ShadowViewMutation InsertMutation(const ShadowView &parentShadowView, ShadowView childShadowView, int index)
      |   ^
      |   FMT_DEPRECATED 
/Users/jonahmicahinguito/dev/rotaract-connect/ios/Pods/Headers/Private/React-Fabric/react/renderer/mounting/ShadowViewMutation.h:60:7: warning: declaration is marked with '@deprecated' command but does not have a deprecation attribute [-Wdocumentation-deprecated-sync]
   60 |    * @deprecated Pass parentTag instead of parentShadowView.
      |      ~^~~~~~~~~~~~~~~~~~~~~~~~~~~~~~~~~~~~~~~~~~~~~~~~~~~~~~
/Users/jonahmicahinguito/dev/rotaract-connect/ios/Pods/Headers/Private/React-Fabric/react/renderer/mounting/ShadowViewMutation.h:62:3: note: add a deprecation attribute to the declaration to silence this warning
   62 |   static ShadowViewMutation RemoveMutation(const ShadowView &parentShadowView, ShadowView childShadowView, int index)
      |   ^
      |   FMT_DEPRECATED 
/Users/jonahmicahinguito/dev/rotaract-connect/ios/Pods/Headers/Private/React-Fabric/react/renderer/mounting/ShadowViewMutation.h:74:7: warning: declaration is marked with '@deprecated' command but does not have a deprecation attribute [-Wdocumentation-deprecated-sync]
   74 |    * @deprecated Pass parentTag instead of parentShadowView.
      |      ~^~~~~~~~~~~~~~~~~~~~~~~~~~~~~~~~~~~~~~~~~~~~~~~~~~~~~~
/Users/jonahmicahinguito/dev/rotaract-connect/ios/Pods/Headers/Private/React-Fabric/react/renderer/mounting/ShadowViewMutation.h:76:3: note: add a deprecation attribute to the declaration to silence this warning
   76 |   static ShadowViewMutation
      |   ^
      |   FMT_DEPRECATED 
3 warnings generated.

/Users/jonahmicahinguito/dev/rotaract-connect/ios/Pods/Headers/Private/React-Fabric/react/renderer/mounting/ShadowViewMutation.h:46:7: Declaration is marked with '@deprecated' command but does not have a deprecation attribute

/Users/jonahmicahinguito/dev/rotaract-connect/ios/Pods/Headers/Private/React-Fabric/react/renderer/mounting/ShadowViewMutation.h:60:7: Declaration is marked with '@deprecated' command but does not have a deprecation attribute

/Users/jonahmicahinguito/dev/rotaract-connect/ios/Pods/Headers/Private/React-Fabric/react/renderer/mounting/ShadowViewMutation.h:74:7: Declaration is marked with '@deprecated' command but does not have a deprecation attribute

CompileC /Users/jonahmicahinguito/Library/Developer/Xcode/DerivedData/rotaractconnect-cjwcbdlngckcsaantafkjnfzfbdk/Build/Intermediates.noindex/Pods.build/Debug-iphoneos/React-Fabric.build/Objects-normal/arm64/AnimatedPropsRegistry.o /Users/jonahmicahinguito/dev/rotaract-connect/node_modules/react-native/ReactCommon/react/renderer/animationbackend/AnimatedPropsRegistry.cpp normal arm64 c++ com.apple.compilers.llvm.clang.1_0.compiler (in target 'React-Fabric' from project 'Pods')
    cd /Users/jonahmicahinguito/dev/rotaract-connect/ios/Pods
    
    Using response file: /Users/jonahmicahinguito/Library/Developer/Xcode/DerivedData/rotaractconnect-cjwcbdlngckcsaantafkjnfzfbdk/Build/Intermediates.noindex/Pods.build/Debug-iphoneos/React-Fabric.build/Objects-normal/arm64/82b82416624d2658e5098eb0a28c15c5-common-args.resp
    
    /Applications/Xcode.app/Contents/Developer/Toolchains/XcodeDefault.xctoolchain/usr/bin/clang -x c++ -ivfsstatcache /Users/jonahmicahinguito/Library/Developer/Xcode/DerivedData/SDKStatCaches.noindex/iphoneos26.5-23F81a-32daed1954a7d5dd0789fcaf2a9bb78b.sdkstatcache -target arm64-apple-ios15.1 -fmessage-length\=0 -fdiagnostics-show-note-include-stack -fmacro-backtrace-limit\=0 -fno-color-diagnostics -fmodules-prune-interval\=86400 -fmodules-prune-after\=345600 -fbuild-session-file\=/Users/jonahmicahinguito/Library/Developer/Xcode/DerivedData/ModuleCache.noindex/Session.modulevalidation -fmodules-validate-once-per-build-session -Wnon-modular-include-in-framework-module -Werror\=non-modular-include-in-framework-module -Wno-trigraphs -Wno-missing-field-initializers -Wno-missing-prototypes -Werror\=return-type -Wdocumentation -Wunreachable-code -Werror\=deprecated-objc-isa-usage -Werror\=objc-root-class -Wno-non-virtual-dtor -Wno-overloaded-virtual -Wno-exit-time-destructors -Wno-missing-braces -Wparentheses -Wswitch -Wunused-function -Wno-unused-label -Wno-unused-parameter -Wunused-variable -Wunused-value -Wempty-body -Wuninitialized -Wconditional-uninitialized -Wno-unknown-pragmas -Wno-shadow -Wno-four-char-constants -Wno-conversion -Wconstant-conversion -Wint-conversion -Wbool-conversion -Wenum-conversion -Wno-float-conversion -Wnon-literal-null-conversion -Wobjc-literal-conversion -Wshorten-64-to-32 -Wno-newline-eof -Wno-c++11-extensions -Wno-implicit-fallthrough -isysroot /Applications/Xcode.app/Contents/Developer/Platforms/iPhoneOS.platform/Developer/SDKs/iPhoneOS26.5.sdk -fstrict-aliasing -Wdeprecated-declarations -Winvalid-offsetof -Wno-sign-conversion -Winfinite-recursion -Wmove -Wcomma -Wblock-capture-autoreleasing -Wstrict-prototypes -Wrange-loop-analysis -Wno-semicolon-before-method-body -Wunguarded-availability -index-store-path /Users/jonahmicahinguito/Library/Developer/Xcode/DerivedData/rotaractconnect-cjwcbdlngckcsaantafkjnfzfbdk/Index.noindex/DataStore @/Users/jonahmicahinguito/Library/Developer/Xcode/DerivedData/rotaractconnect-cjwcbdlngckcsaantafkjnfzfbdk/Build/Intermediates.noindex/Pods.build/Debug-iphoneos/React-Fabric.build/Objects-normal/arm64/82b82416624d2658e5098eb0a28c15c5-common-args.resp -include /Users/jonahmicahinguito/dev/rotaract-connect/ios/Pods/Target\ Support\ Files/React-Fabric/React-Fabric-prefix.pch -MMD -MT dependencies -MF /Users/jonahmicahinguito/Library/Developer/Xcode/DerivedData/rotaractconnect-cjwcbdlngckcsaantafkjnfzfbdk/Build/Intermediates.noindex/Pods.build/Debug-iphoneos/React-Fabric.build/Objects-normal/arm64/AnimatedPropsRegistry.d --serialize-diagnostics /Users/jonahmicahinguito/Library/Developer/Xcode/DerivedData/rotaractconnect-cjwcbdlngckcsaantafkjnfzfbdk/Build/Intermediates.noindex/Pods.build/Debug-iphoneos/React-Fabric.build/Objects-normal/arm64/AnimatedPropsRegistry.dia -c /Users/jonahmicahinguito/dev/rotaract-connect/node_modules/react-native/ReactCommon/react/renderer/animationbackend/AnimatedPropsRegistry.cpp -o /Users/jonahmicahinguito/Library/Developer/Xcode/DerivedData/rotaractconnect-cjwcbdlngckcsaantafkjnfzfbdk/Build/Intermediates.noindex/Pods.build/Debug-iphoneos/React-Fabric.build/Objects-normal/arm64/AnimatedPropsRegistry.o -index-unit-output-path /Pods.build/Debug-iphoneos/React-Fabric.build/Objects-normal/arm64/AnimatedPropsRegistry.o

In file included from /Users/jonahmicahinguito/dev/rotaract-connect/node_modules/react-native/ReactCommon/react/renderer/animationbackend/AnimatedPropsRegistry.cpp:8:
In file included from /Users/jonahmicahinguito/dev/rotaract-connect/node_modules/react-native/ReactCommon/react/renderer/animationbackend/AnimatedPropsRegistry.h:13:
In file included from /Users/jonahmicahinguito/dev/rotaract-connect/ios/Pods/Headers/Private/React-Fabric/react/renderer/uimanager/UIManager.h:23:
In file included from /Users/jonahmicahinguito/dev/rotaract-connect/ios/Pods/Headers/Private/React-Fabric/react/renderer/mounting/ShadowTree.h:18:
In file included from /Users/jonahmicahinguito/dev/rotaract-connect/ios/Pods/Headers/Private/React-Fabric/react/renderer/mounting/MountingCoordinator.h:15:
In file included from /Users/jonahmicahinguito/dev/rotaract-connect/ios/Pods/Headers/Private/React-Fabric/react/renderer/mounting/Differentiator.h:11:
/Users/jonahmicahinguito/dev/rotaract-connect/ios/Pods/Headers/Private/React-Fabric/react/renderer/mounting/ShadowViewMutation.h:46:7: warning: declaration is marked with '@deprecated' command but does not have a deprecation attribute [-Wdocumentation-deprecated-sync]
   46 |    * @deprecated Pass parentTag instead of parentShadowView.
      |      ~^~~~~~~~~~~~~~~~~~~~~~~~~~~~~~~~~~~~~~~~~~~~~~~~~~~~~~
/Users/jonahmicahinguito/dev/rotaract-connect/ios/Pods/Headers/Private/React-Fabric/react/renderer/mounting/ShadowViewMutation.h:48:3: note: add a deprecation attribute to the declaration to silence this warning
   48 |   static ShadowViewMutation InsertMutation(const ShadowView &parentShadowView, ShadowView childShadowView, int index)
      |   ^
      |   FMT_DEPRECATED 
/Users/jonahmicahinguito/dev/rotaract-connect/ios/Pods/Headers/Private/React-Fabric/react/renderer/mounting/ShadowViewMutation.h:60:7: warning: declaration is marked with '@deprecated' command but does not have a deprecation attribute [-Wdocumentation-deprecated-sync]
   60 |    * @deprecated Pass parentTag instead of parentShadowView.
      |      ~^~~~~~~~~~~~~~~~~~~~~~~~~~~~~~~~~~~~~~~~~~~~~~~~~~~~~~
/Users/jonahmicahinguito/dev/rotaract-connect/ios/Pods/Headers/Private/React-Fabric/react/renderer/mounting/ShadowViewMutation.h:62:3: note: add a deprecation attribute to the declaration to silence this warning
   62 |   static ShadowViewMutation RemoveMutation(const ShadowView &parentShadowView, ShadowView childShadowView, int index)
      |   ^
      |   FMT_DEPRECATED 
/Users/jonahmicahinguito/dev/rotaract-connect/ios/Pods/Headers/Private/React-Fabric/react/renderer/mounting/ShadowViewMutation.h:74:7: warning: declaration is marked with '@deprecated' command but does not have a deprecation attribute [-Wdocumentation-deprecated-sync]
   74 |    * @deprecated Pass parentTag instead of parentShadowView.
      |      ~^~~~~~~~~~~~~~~~~~~~~~~~~~~~~~~~~~~~~~~~~~~~~~~~~~~~~~
/Users/jonahmicahinguito/dev/rotaract-connect/ios/Pods/Headers/Private/React-Fabric/react/renderer/mounting/ShadowViewMutation.h:76:3: note: add a deprecation attribute to the declaration to silence this warning
   76 |   static ShadowViewMutation
      |   ^
      |   FMT_DEPRECATED 
3 warnings generated.

/Users/jonahmicahinguito/dev/rotaract-connect/ios/Pods/Headers/Private/React-Fabric/react/renderer/mounting/ShadowViewMutation.h:46:7: Declaration is marked with '@deprecated' command but does not have a deprecation attribute

/Users/jonahmicahinguito/dev/rotaract-connect/ios/Pods/Headers/Private/React-Fabric/react/renderer/mounting/ShadowViewMutation.h:60:7: Declaration is marked with '@deprecated' command but does not have a deprecation attribute

/Users/jonahmicahinguito/dev/rotaract-connect/ios/Pods/Headers/Private/React-Fabric/react/renderer/mounting/ShadowViewMutation.h:74:7: Declaration is marked with '@deprecated' command but does not have a deprecation attribute

CompileC /Users/jonahmicahinguito/Library/Developer/Xcode/DerivedData/rotaractconnect-cjwcbdlngckcsaantafkjnfzfbdk/Build/Intermediates.noindex/Pods.build/Debug-iphoneos/React-Fabric.build/Objects-normal/arm64/AnimatedNode.o /Users/jonahmicahinguito/dev/rotaract-connect/node_modules/react-native/ReactCommon/react/renderer/animated/nodes/AnimatedNode.cpp normal arm64 c++ com.apple.compilers.llvm.clang.1_0.compiler (in target 'React-Fabric' from project 'Pods')
    cd /Users/jonahmicahinguito/dev/rotaract-connect/ios/Pods
    
    Using response file: /Users/jonahmicahinguito/Library/Developer/Xcode/DerivedData/rotaractconnect-cjwcbdlngckcsaantafkjnfzfbdk/Build/Intermediates.noindex/Pods.build/Debug-iphoneos/React-Fabric.build/Objects-normal/arm64/82b82416624d2658e5098eb0a28c15c5-common-args.resp
    
    /Applications/Xcode.app/Contents/Developer/Toolchains/XcodeDefault.xctoolchain/usr/bin/clang -x c++ -ivfsstatcache /Users/jonahmicahinguito/Library/Developer/Xcode/DerivedData/SDKStatCaches.noindex/iphoneos26.5-23F81a-32daed1954a7d5dd0789fcaf2a9bb78b.sdkstatcache -target arm64-apple-ios15.1 -fmessage-length\=0 -fdiagnostics-show-note-include-stack -fmacro-backtrace-limit\=0 -fno-color-diagnostics -fmodules-prune-interval\=86400 -fmodules-prune-after\=345600 -fbuild-session-file\=/Users/jonahmicahinguito/Library/Developer/Xcode/DerivedData/ModuleCache.noindex/Session.modulevalidation -fmodules-validate-once-per-build-session -Wnon-modular-include-in-framework-module -Werror\=non-modular-include-in-framework-module -Wno-trigraphs -Wno-missing-field-initializers -Wno-missing-prototypes -Werror\=return-type -Wdocumentation -Wunreachable-code -Werror\=deprecated-objc-isa-usage -Werror\=objc-root-class -Wno-non-virtual-dtor -Wno-overloaded-virtual -Wno-exit-time-destructors -Wno-missing-braces -Wparentheses -Wswitch -Wunused-function -Wno-unused-label -Wno-unused-parameter -Wunused-variable -Wunused-value -Wempty-body -Wuninitialized -Wconditional-uninitialized -Wno-unknown-pragmas -Wno-shadow -Wno-four-char-constants -Wno-conversion -Wconstant-conversion -Wint-conversion -Wbool-conversion -Wenum-conversion -Wno-float-conversion -Wnon-literal-null-conversion -Wobjc-literal-conversion -Wshorten-64-to-32 -Wno-newline-eof -Wno-c++11-extensions -Wno-implicit-fallthrough -isysroot /Applications/Xcode.app/Contents/Developer/Platforms/iPhoneOS.platform/Developer/SDKs/iPhoneOS26.5.sdk -fstrict-aliasing -Wdeprecated-declarations -Winvalid-offsetof -Wno-sign-conversion -Winfinite-recursion -Wmove -Wcomma -Wblock-capture-autoreleasing -Wstrict-prototypes -Wrange-loop-analysis -Wno-semicolon-before-method-body -Wunguarded-availability -index-store-path /Users/jonahmicahinguito/Library/Developer/Xcode/DerivedData/rotaractconnect-cjwcbdlngckcsaantafkjnfzfbdk/Index.noindex/DataStore @/Users/jonahmicahinguito/Library/Developer/Xcode/DerivedData/rotaractconnect-cjwcbdlngckcsaantafkjnfzfbdk/Build/Intermediates.noindex/Pods.build/Debug-iphoneos/React-Fabric.build/Objects-normal/arm64/82b82416624d2658e5098eb0a28c15c5-common-args.resp -include /Users/jonahmicahinguito/dev/rotaract-connect/ios/Pods/Target\ Support\ Files/React-Fabric/React-Fabric-prefix.pch -MMD -MT dependencies -MF /Users/jonahmicahinguito/Library/Developer/Xcode/DerivedData/rotaractconnect-cjwcbdlngckcsaantafkjnfzfbdk/Build/Intermediates.noindex/Pods.build/Debug-iphoneos/React-Fabric.build/Objects-normal/arm64/AnimatedNode.d --serialize-diagnostics /Users/jonahmicahinguito/Library/Developer/Xcode/DerivedData/rotaractconnect-cjwcbdlngckcsaantafkjnfzfbdk/Build/Intermediates.noindex/Pods.build/Debug-iphoneos/React-Fabric.build/Objects-normal/arm64/AnimatedNode.dia -c /Users/jonahmicahinguito/dev/rotaract-connect/node_modules/react-native/ReactCommon/react/renderer/animated/nodes/AnimatedNode.cpp -o /Users/jonahmicahinguito/Library/Developer/Xcode/DerivedData/rotaractconnect-cjwcbdlngckcsaantafkjnfzfbdk/Build/Intermediates.noindex/Pods.build/Debug-iphoneos/React-Fabric.build/Objects-normal/arm64/AnimatedNode.o -index-unit-output-path /Pods.build/Debug-iphoneos/React-Fabric.build/Objects-normal/arm64/AnimatedNode.o

In file included from /Users/jonahmicahinguito/dev/rotaract-connect/node_modules/react-native/ReactCommon/react/renderer/animated/nodes/AnimatedNode.cpp:13:
In file included from /Users/jonahmicahinguito/dev/rotaract-connect/ios/Pods/Headers/Private/React-Fabric/react/renderer/animated/NativeAnimatedNodesManager.h:21:
In file included from /Users/jonahmicahinguito/dev/rotaract-connect/ios/Pods/Headers/Private/React-Fabric/react/renderer/animationbackend/AnimationBackend.h:12:
In file included from /Users/jonahmicahinguito/dev/rotaract-connect/ios/Pods/Headers/Private/React-Fabric/react/renderer/uimanager/UIManager.h:23:
In file included from /Users/jonahmicahinguito/dev/rotaract-connect/ios/Pods/Headers/Private/React-Fabric/react/renderer/mounting/ShadowTree.h:18:
In file included from /Users/jonahmicahinguito/dev/rotaract-connect/ios/Pods/Headers/Private/React-Fabric/react/renderer/mounting/MountingCoordinator.h:15:
In file included from /Users/jonahmicahinguito/dev/rotaract-connect/ios/Pods/Headers/Private/React-Fabric/react/renderer/mounting/Differentiator.h:11:
/Users/jonahmicahinguito/dev/rotaract-connect/ios/Pods/Headers/Private/React-Fabric/react/renderer/mounting/ShadowViewMutation.h:46:7: warning: declaration is marked with '@deprecated' command but does not have a deprecation attribute [-Wdocumentation-deprecated-sync]
   46 |    * @deprecated Pass parentTag instead of parentShadowView.
      |      ~^~~~~~~~~~~~~~~~~~~~~~~~~~~~~~~~~~~~~~~~~~~~~~~~~~~~~~
/Users/jonahmicahinguito/dev/rotaract-connect/ios/Pods/Headers/Private/React-Fabric/react/renderer/mounting/ShadowViewMutation.h:48:3: note: add a deprecation attribute to the declaration to silence this warning
   48 |   static ShadowViewMutation InsertMutation(const ShadowView &parentShadowView, ShadowView childShadowView, int index)
      |   ^
      |   FMT_DEPRECATED 
/Users/jonahmicahinguito/dev/rotaract-connect/ios/Pods/Headers/Private/React-Fabric/react/renderer/mounting/ShadowViewMutation.h:60:7: warning: declaration is marked with '@deprecated' command but does not have a deprecation attribute [-Wdocumentation-deprecated-sync]
   60 |    * @deprecated Pass parentTag instead of parentShadowView.
      |      ~^~~~~~~~~~~~~~~~~~~~~~~~~~~~~~~~~~~~~~~~~~~~~~~~~~~~~~
/Users/jonahmicahinguito/dev/rotaract-connect/ios/Pods/Headers/Private/React-Fabric/react/renderer/mounting/ShadowViewMutation.h:62:3: note: add a deprecation attribute to the declaration to silence this warning
   62 |   static ShadowViewMutation RemoveMutation(const ShadowView &parentShadowView, ShadowView childShadowView, int index)
      |   ^
      |   FMT_DEPRECATED 
/Users/jonahmicahinguito/dev/rotaract-connect/ios/Pods/Headers/Private/React-Fabric/react/renderer/mounting/ShadowViewMutation.h:74:7: warning: declaration is marked with '@deprecated' command but does not have a deprecation attribute [-Wdocumentation-deprecated-sync]
   74 |    * @deprecated Pass parentTag instead of parentShadowView.
      |      ~^~~~~~~~~~~~~~~~~~~~~~~~~~~~~~~~~~~~~~~~~~~~~~~~~~~~~~
/Users/jonahmicahinguito/dev/rotaract-connect/ios/Pods/Headers/Private/React-Fabric/react/renderer/mounting/ShadowViewMutation.h:76:3: note: add a deprecation attribute to the declaration to silence this warning
   76 |   static ShadowViewMutation
      |   ^
      |   FMT_DEPRECATED 
3 warnings generated.

/Users/jonahmicahinguito/dev/rotaract-connect/ios/Pods/Headers/Private/React-Fabric/react/renderer/mounting/ShadowViewMutation.h:46:7: Declaration is marked with '@deprecated' command but does not have a deprecation attribute

/Users/jonahmicahinguito/dev/rotaract-connect/ios/Pods/Headers/Private/React-Fabric/react/renderer/mounting/ShadowViewMutation.h:60:7: Declaration is marked with '@deprecated' command but does not have a deprecation attribute

/Users/jonahmicahinguito/dev/rotaract-connect/ios/Pods/Headers/Private/React-Fabric/react/renderer/mounting/ShadowViewMutation.h:74:7: Declaration is marked with '@deprecated' command but does not have a deprecation attribute

CompileC /Users/jonahmicahinguito/Library/Developer/Xcode/DerivedData/rotaractconnect-cjwcbdlngckcsaantafkjnfzfbdk/Build/Intermediates.noindex/Pods.build/Debug-iphoneos/React-Fabric.build/Objects-normal/arm64/AnimatedMountingOverrideDelegate.o /Users/jonahmicahinguito/dev/rotaract-connect/node_modules/react-native/ReactCommon/react/renderer/animated/internal/AnimatedMountingOverrideDelegate.cpp normal arm64 c++ com.apple.compilers.llvm.clang.1_0.compiler (in target 'React-Fabric' from project 'Pods')
    cd /Users/jonahmicahinguito/dev/rotaract-connect/ios/Pods
    
    Using response file: /Users/jonahmicahinguito/Library/Developer/Xcode/DerivedData/rotaractconnect-cjwcbdlngckcsaantafkjnfzfbdk/Build/Intermediates.noindex/Pods.build/Debug-iphoneos/React-Fabric.build/Objects-normal/arm64/82b82416624d2658e5098eb0a28c15c5-common-args.resp
    
    /Applications/Xcode.app/Contents/Developer/Toolchains/XcodeDefault.xctoolchain/usr/bin/clang -x c++ -ivfsstatcache /Users/jonahmicahinguito/Library/Developer/Xcode/DerivedData/SDKStatCaches.noindex/iphoneos26.5-23F81a-32daed1954a7d5dd0789fcaf2a9bb78b.sdkstatcache -target arm64-apple-ios15.1 -fmessage-length\=0 -fdiagnostics-show-note-include-stack -fmacro-backtrace-limit\=0 -fno-color-diagnostics -fmodules-prune-interval\=86400 -fmodules-prune-after\=345600 -fbuild-session-file\=/Users/jonahmicahinguito/Library/Developer/Xcode/DerivedData/ModuleCache.noindex/Session.modulevalidation -fmodules-validate-once-per-build-session -Wnon-modular-include-in-framework-module -Werror\=non-modular-include-in-framework-module -Wno-trigraphs -Wno-missing-field-initializers -Wno-missing-prototypes -Werror\=return-type -Wdocumentation -Wunreachable-code -Werror\=deprecated-objc-isa-usage -Werror\=objc-root-class -Wno-non-virtual-dtor -Wno-overloaded-virtual -Wno-exit-time-destructors -Wno-missing-braces -Wparentheses -Wswitch -Wunused-function -Wno-unused-label -Wno-unused-parameter -Wunused-variable -Wunused-value -Wempty-body -Wuninitialized -Wconditional-uninitialized -Wno-unknown-pragmas -Wno-shadow -Wno-four-char-constants -Wno-conversion -Wconstant-conversion -Wint-conversion -Wbool-conversion -Wenum-conversion -Wno-float-conversion -Wnon-literal-null-conversion -Wobjc-literal-conversion -Wshorten-64-to-32 -Wno-newline-eof -Wno-c++11-extensions -Wno-implicit-fallthrough -isysroot /Applications/Xcode.app/Contents/Developer/Platforms/iPhoneOS.platform/Developer/SDKs/iPhoneOS26.5.sdk -fstrict-aliasing -Wdeprecated-declarations -Winvalid-offsetof -Wno-sign-conversion -Winfinite-recursion -Wmove -Wcomma -Wblock-capture-autoreleasing -Wstrict-prototypes -Wrange-loop-analysis -Wno-semicolon-before-method-body -Wunguarded-availability -index-store-path /Users/jonahmicahinguito/Library/Developer/Xcode/DerivedData/rotaractconnect-cjwcbdlngckcsaantafkjnfzfbdk/Index.noindex/DataStore @/Users/jonahmicahinguito/Library/Developer/Xcode/DerivedData/rotaractconnect-cjwcbdlngckcsaantafkjnfzfbdk/Build/Intermediates.noindex/Pods.build/Debug-iphoneos/React-Fabric.build/Objects-normal/arm64/82b82416624d2658e5098eb0a28c15c5-common-args.resp -include /Users/jonahmicahinguito/dev/rotaract-connect/ios/Pods/Target\ Support\ Files/React-Fabric/React-Fabric-prefix.pch -MMD -MT dependencies -MF /Users/jonahmicahinguito/Library/Developer/Xcode/DerivedData/rotaractconnect-cjwcbdlngckcsaantafkjnfzfbdk/Build/Intermediates.noindex/Pods.build/Debug-iphoneos/React-Fabric.build/Objects-normal/arm64/AnimatedMountingOverrideDelegate.d --serialize-diagnostics /Users/jonahmicahinguito/Library/Developer/Xcode/DerivedData/rotaractconnect-cjwcbdlngckcsaantafkjnfzfbdk/Build/Intermediates.noindex/Pods.build/Debug-iphoneos/React-Fabric.build/Objects-normal/arm64/AnimatedMountingOverrideDelegate.dia -c /Users/jonahmicahinguito/dev/rotaract-connect/node_modules/react-native/ReactCommon/react/renderer/animated/internal/AnimatedMountingOverrideDelegate.cpp -o /Users/jonahmicahinguito/Library/Developer/Xcode/DerivedData/rotaractconnect-cjwcbdlngckcsaantafkjnfzfbdk/Build/Intermediates.noindex/Pods.build/Debug-iphoneos/React-Fabric.build/Objects-normal/arm64/AnimatedMountingOverrideDelegate.o -index-unit-output-path /Pods.build/Debug-iphoneos/React-Fabric.build/Objects-normal/arm64/AnimatedMountingOverrideDelegate.o

In file included from /Users/jonahmicahinguito/dev/rotaract-connect/node_modules/react-native/ReactCommon/react/renderer/animated/internal/AnimatedMountingOverrideDelegate.cpp:8:
In file included from /Users/jonahmicahinguito/dev/rotaract-connect/node_modules/react-native/ReactCommon/react/renderer/animated/internal/AnimatedMountingOverrideDelegate.h:10:
In file included from /Users/jonahmicahinguito/dev/rotaract-connect/ios/Pods/Headers/Private/React-Fabric/react/renderer/mounting/MountingOverrideDelegate.h:8:
In file included from /Users/jonahmicahinguito/dev/rotaract-connect/ios/Pods/Headers/Private/React-Fabric/react/renderer/mounting/MountingTransaction.h:10:
/Users/jonahmicahinguito/dev/rotaract-connect/ios/Pods/Headers/Private/React-Fabric/react/renderer/mounting/ShadowViewMutation.h:46:7: warning: declaration is marked with '@deprecated' command but does not have a deprecation attribute [-Wdocumentation-deprecated-sync]
   46 |    * @deprecated Pass parentTag instead of parentShadowView.
      |      ~^~~~~~~~~~~~~~~~~~~~~~~~~~~~~~~~~~~~~~~~~~~~~~~~~~~~~~
/Users/jonahmicahinguito/dev/rotaract-connect/ios/Pods/Headers/Private/React-Fabric/react/renderer/mounting/ShadowViewMutation.h:48:3: note: add a deprecation attribute to the declaration to silence this warning
   48 |   static ShadowViewMutation InsertMutation(const ShadowView &parentShadowView, ShadowView childShadowView, int index)
      |   ^
      |   FMT_DEPRECATED 
/Users/jonahmicahinguito/dev/rotaract-connect/ios/Pods/Headers/Private/React-Fabric/react/renderer/mounting/ShadowViewMutation.h:60:7: warning: declaration is marked with '@deprecated' command but does not have a deprecation attribute [-Wdocumentation-deprecated-sync]
   60 |    * @deprecated Pass parentTag instead of parentShadowView.
      |      ~^~~~~~~~~~~~~~~~~~~~~~~~~~~~~~~~~~~~~~~~~~~~~~~~~~~~~~
/Users/jonahmicahinguito/dev/rotaract-connect/ios/Pods/Headers/Private/React-Fabric/react/renderer/mounting/ShadowViewMutation.h:62:3: note: add a deprecation attribute to the declaration to silence this warning
   62 |   static ShadowViewMutation RemoveMutation(const ShadowView &parentShadowView, ShadowView childShadowView, int index)
      |   ^
      |   FMT_DEPRECATED 
/Users/jonahmicahinguito/dev/rotaract-connect/ios/Pods/Headers/Private/React-Fabric/react/renderer/mounting/ShadowViewMutation.h:74:7: warning: declaration is marked with '@deprecated' command but does not have a deprecation attribute [-Wdocumentation-deprecated-sync]
   74 |    * @deprecated Pass parentTag instead of parentShadowView.
      |      ~^~~~~~~~~~~~~~~~~~~~~~~~~~~~~~~~~~~~~~~~~~~~~~~~~~~~~~
/Users/jonahmicahinguito/dev/rotaract-connect/ios/Pods/Headers/Private/React-Fabric/react/renderer/mounting/ShadowViewMutation.h:76:3: note: add a deprecation attribute to the declaration to silence this warning
   76 |   static ShadowViewMutation
      |   ^
      |   FMT_DEPRECATED 
3 warnings generated.

/Users/jonahmicahinguito/dev/rotaract-connect/ios/Pods/Headers/Private/React-Fabric/react/renderer/mounting/ShadowViewMutation.h:46:7: Declaration is marked with '@deprecated' command but does not have a deprecation attribute

/Users/jonahmicahinguito/dev/rotaract-connect/ios/Pods/Headers/Private/React-Fabric/react/renderer/mounting/ShadowViewMutation.h:60:7: Declaration is marked with '@deprecated' command but does not have a deprecation attribute

/Users/jonahmicahinguito/dev/rotaract-connect/ios/Pods/Headers/Private/React-Fabric/react/renderer/mounting/ShadowViewMutation.h:74:7: Declaration is marked with '@deprecated' command but does not have a deprecation attribute

CompileC /Users/jonahmicahinguito/Library/Developer/Xcode/DerivedData/rotaractconnect-cjwcbdlngckcsaantafkjnfzfbdk/Build/Intermediates.noindex/Pods.build/Debug-iphoneos/React-Fabric.build/Objects-normal/arm64/AnimatedModule.o /Users/jonahmicahinguito/dev/rotaract-connect/node_modules/react-native/ReactCommon/react/renderer/animated/AnimatedModule.cpp normal arm64 c++ com.apple.compilers.llvm.clang.1_0.compiler (in target 'React-Fabric' from project 'Pods')
    cd /Users/jonahmicahinguito/dev/rotaract-connect/ios/Pods
    
    Using response file: /Users/jonahmicahinguito/Library/Developer/Xcode/DerivedData/rotaractconnect-cjwcbdlngckcsaantafkjnfzfbdk/Build/Intermediates.noindex/Pods.build/Debug-iphoneos/React-Fabric.build/Objects-normal/arm64/82b82416624d2658e5098eb0a28c15c5-common-args.resp
    
    /Applications/Xcode.app/Contents/Developer/Toolchains/XcodeDefault.xctoolchain/usr/bin/clang -x c++ -ivfsstatcache /Users/jonahmicahinguito/Library/Developer/Xcode/DerivedData/SDKStatCaches.noindex/iphoneos26.5-23F81a-32daed1954a7d5dd0789fcaf2a9bb78b.sdkstatcache -target arm64-apple-ios15.1 -fmessage-length\=0 -fdiagnostics-show-note-include-stack -fmacro-backtrace-limit\=0 -fno-color-diagnostics -fmodules-prune-interval\=86400 -fmodules-prune-after\=345600 -fbuild-session-file\=/Users/jonahmicahinguito/Library/Developer/Xcode/DerivedData/ModuleCache.noindex/Session.modulevalidation -fmodules-validate-once-per-build-session -Wnon-modular-include-in-framework-module -Werror\=non-modular-include-in-framework-module -Wno-trigraphs -Wno-missing-field-initializers -Wno-missing-prototypes -Werror\=return-type -Wdocumentation -Wunreachable-code -Werror\=deprecated-objc-isa-usage -Werror\=objc-root-class -Wno-non-virtual-dtor -Wno-overloaded-virtual -Wno-exit-time-destructors -Wno-missing-braces -Wparentheses -Wswitch -Wunused-function -Wno-unused-label -Wno-unused-parameter -Wunused-variable -Wunused-value -Wempty-body -Wuninitialized -Wconditional-uninitialized -Wno-unknown-pragmas -Wno-shadow -Wno-four-char-constants -Wno-conversion -Wconstant-conversion -Wint-conversion -Wbool-conversion -Wenum-conversion -Wno-float-conversion -Wnon-literal-null-conversion -Wobjc-literal-conversion -Wshorten-64-to-32 -Wno-newline-eof -Wno-c++11-extensions -Wno-implicit-fallthrough -isysroot /Applications/Xcode.app/Contents/Developer/Platforms/iPhoneOS.platform/Developer/SDKs/iPhoneOS26.5.sdk -fstrict-aliasing -Wdeprecated-declarations -Winvalid-offsetof -Wno-sign-conversion -Winfinite-recursion -Wmove -Wcomma -Wblock-capture-autoreleasing -Wstrict-prototypes -Wrange-loop-analysis -Wno-semicolon-before-method-body -Wunguarded-availability -index-store-path /Users/jonahmicahinguito/Library/Developer/Xcode/DerivedData/rotaractconnect-cjwcbdlngckcsaantafkjnfzfbdk/Index.noindex/DataStore @/Users/jonahmicahinguito/Library/Developer/Xcode/DerivedData/rotaractconnect-cjwcbdlngckcsaantafkjnfzfbdk/Build/Intermediates.noindex/Pods.build/Debug-iphoneos/React-Fabric.build/Objects-normal/arm64/82b82416624d2658e5098eb0a28c15c5-common-args.resp -include /Users/jonahmicahinguito/dev/rotaract-connect/ios/Pods/Target\ Support\ Files/React-Fabric/React-Fabric-prefix.pch -MMD -MT dependencies -MF /Users/jonahmicahinguito/Library/Developer/Xcode/DerivedData/rotaractconnect-cjwcbdlngckcsaantafkjnfzfbdk/Build/Intermediates.noindex/Pods.build/Debug-iphoneos/React-Fabric.build/Objects-normal/arm64/AnimatedModule.d --serialize-diagnostics /Users/jonahmicahinguito/Library/Developer/Xcode/DerivedData/rotaractconnect-cjwcbdlngckcsaantafkjnfzfbdk/Build/Intermediates.noindex/Pods.build/Debug-iphoneos/React-Fabric.build/Objects-normal/arm64/AnimatedModule.dia -c /Users/jonahmicahinguito/dev/rotaract-connect/node_modules/react-native/ReactCommon/react/renderer/animated/AnimatedModule.cpp -o /Users/jonahmicahinguito/Library/Developer/Xcode/DerivedData/rotaractconnect-cjwcbdlngckcsaantafkjnfzfbdk/Build/Intermediates.noindex/Pods.build/Debug-iphoneos/React-Fabric.build/Objects-normal/arm64/AnimatedModule.o -index-unit-output-path /Pods.build/Debug-iphoneos/React-Fabric.build/Objects-normal/arm64/AnimatedModule.o

In file included from /Users/jonahmicahinguito/dev/rotaract-connect/node_modules/react-native/ReactCommon/react/renderer/animated/AnimatedModule.cpp:8:
In file included from /Users/jonahmicahinguito/dev/rotaract-connect/node_modules/react-native/ReactCommon/react/renderer/animated/AnimatedModule.h:17:
In file included from /Users/jonahmicahinguito/dev/rotaract-connect/ios/Pods/Headers/Private/React-Fabric/react/renderer/animated/NativeAnimatedNodesManager.h:21:
In file included from /Users/jonahmicahinguito/dev/rotaract-connect/ios/Pods/Headers/Private/React-Fabric/react/renderer/animationbackend/AnimationBackend.h:12:
In file included from /Users/jonahmicahinguito/dev/rotaract-connect/ios/Pods/Headers/Private/React-Fabric/react/renderer/uimanager/UIManager.h:23:
In file included from /Users/jonahmicahinguito/dev/rotaract-connect/ios/Pods/Headers/Private/React-Fabric/react/renderer/mounting/ShadowTree.h:18:
In file included from /Users/jonahmicahinguito/dev/rotaract-connect/ios/Pods/Headers/Private/React-Fabric/react/renderer/mounting/MountingCoordinator.h:15:
In file included from /Users/jonahmicahinguito/dev/rotaract-connect/ios/Pods/Headers/Private/React-Fabric/react/renderer/mounting/Differentiator.h:11:
/Users/jonahmicahinguito/dev/rotaract-connect/ios/Pods/Headers/Private/React-Fabric/react/renderer/mounting/ShadowViewMutation.h:46:7: warning: declaration is marked with '@deprecated' command but does not have a deprecation attribute [-Wdocumentation-deprecated-sync]
   46 |    * @deprecated Pass parentTag instead of parentShadowView.
      |      ~^~~~~~~~~~~~~~~~~~~~~~~~~~~~~~~~~~~~~~~~~~~~~~~~~~~~~~
/Users/jonahmicahinguito/dev/rotaract-connect/ios/Pods/Headers/Private/React-Fabric/react/renderer/mounting/ShadowViewMutation.h:48:3: note: add a deprecation attribute to the declaration to silence this warning
   48 |   static ShadowViewMutation InsertMutation(const ShadowView &parentShadowView, ShadowView childShadowView, int index)
      |   ^
      |   FMT_DEPRECATED 
/Users/jonahmicahinguito/dev/rotaract-connect/ios/Pods/Headers/Private/React-Fabric/react/renderer/mounting/ShadowViewMutation.h:60:7: warning: declaration is marked with '@deprecated' command but does not have a deprecation attribute [-Wdocumentation-deprecated-sync]
   60 |    * @deprecated Pass parentTag instead of parentShadowView.
      |      ~^~~~~~~~~~~~~~~~~~~~~~~~~~~~~~~~~~~~~~~~~~~~~~~~~~~~~~
/Users/jonahmicahinguito/dev/rotaract-connect/ios/Pods/Headers/Private/React-Fabric/react/renderer/mounting/ShadowViewMutation.h:62:3: note: add a deprecation attribute to the declaration to silence this warning
   62 |   static ShadowViewMutation RemoveMutation(const ShadowView &parentShadowView, ShadowView childShadowView, int index)
      |   ^
      |   FMT_DEPRECATED 
/Users/jonahmicahinguito/dev/rotaract-connect/ios/Pods/Headers/Private/React-Fabric/react/renderer/mounting/ShadowViewMutation.h:74:7: warning: declaration is marked with '@deprecated' command but does not have a deprecation attribute [-Wdocumentation-deprecated-sync]
   74 |    * @deprecated Pass parentTag instead of parentShadowView.
      |      ~^~~~~~~~~~~~~~~~~~~~~~~~~~~~~~~~~~~~~~~~~~~~~~~~~~~~~~
/Users/jonahmicahinguito/dev/rotaract-connect/ios/Pods/Headers/Private/React-Fabric/react/renderer/mounting/ShadowViewMutation.h:76:3: note: add a deprecation attribute to the declaration to silence this warning
   76 |   static ShadowViewMutation
      |   ^
      |   FMT_DEPRECATED 
In file included from /Users/jonahmicahinguito/dev/rotaract-connect/node_modules/react-native/ReactCommon/react/renderer/animated/AnimatedModule.cpp:8:
In file included from /Users/jonahmicahinguito/dev/rotaract-connect/node_modules/react-native/ReactCommon/react/renderer/animated/AnimatedModule.h:18:
In file included from /Users/jonahmicahinguito/dev/rotaract-connect/ios/Pods/Headers/Private/React-Fabric/react/renderer/animated/NativeAnimatedNodesManagerProvider.h:10:
/Users/jonahmicahinguito/dev/rotaract-connect/ios/Pods/Headers/Private/React-Fabric/react/renderer/animated/MergedValueDispatcher.h:32:13: warning: parameter 'latestValueFunction' not found in the function declaration [-Wdocumentation]
   32 |    * @param latestValueFunction - function that will be called on the target
      |             ^~~~~~~~~~~~~~~~~~~
/Users/jonahmicahinguito/dev/rotaract-connect/ios/Pods/Headers/Private/React-Fabric/react/renderer/animated/MergedValueDispatcher.h:32:13: note: did you mean 'mergedValueFunction'?
   32 |    * @param latestValueFunction - function that will be called on the target
      |             ^~~~~~~~~~~~~~~~~~~
      |             mergedValueFunction
4 warnings generated.

/Users/jonahmicahinguito/dev/rotaract-connect/ios/Pods/Headers/Private/React-Fabric/react/renderer/mounting/ShadowViewMutation.h:46:7: Declaration is marked with '@deprecated' command but does not have a deprecation attribute

/Users/jonahmicahinguito/dev/rotaract-connect/ios/Pods/Headers/Private/React-Fabric/react/renderer/mounting/ShadowViewMutation.h:60:7: Declaration is marked with '@deprecated' command but does not have a deprecation attribute

/Users/jonahmicahinguito/dev/rotaract-connect/ios/Pods/Headers/Private/React-Fabric/react/renderer/mounting/ShadowViewMutation.h:74:7: Declaration is marked with '@deprecated' command but does not have a deprecation attribute

/Users/jonahmicahinguito/dev/rotaract-connect/ios/Pods/Headers/Private/React-Fabric/react/renderer/animated/MergedValueDispatcher.h:32:13: Parameter 'latestValueFunction' not found in the function declaration

CompileC /Users/jonahmicahinguito/Library/Developer/Xcode/DerivedData/rotaractconnect-cjwcbdlngckcsaantafkjnfzfbdk/Build/Intermediates.noindex/Pods.build/Debug-iphoneos/React-Fabric.build/Objects-normal/arm64/AdditionAnimatedNode.o /Users/jonahmicahinguito/dev/rotaract-connect/node_modules/react-native/ReactCommon/react/renderer/animated/nodes/AdditionAnimatedNode.cpp normal arm64 c++ com.apple.compilers.llvm.clang.1_0.compiler (in target 'React-Fabric' from project 'Pods')
    cd /Users/jonahmicahinguito/dev/rotaract-connect/ios/Pods
    
    Using response file: /Users/jonahmicahinguito/Library/Developer/Xcode/DerivedData/rotaractconnect-cjwcbdlngckcsaantafkjnfzfbdk/Build/Intermediates.noindex/Pods.build/Debug-iphoneos/React-Fabric.build/Objects-normal/arm64/82b82416624d2658e5098eb0a28c15c5-common-args.resp
    
    /Applications/Xcode.app/Contents/Developer/Toolchains/XcodeDefault.xctoolchain/usr/bin/clang -x c++ -ivfsstatcache /Users/jonahmicahinguito/Library/Developer/Xcode/DerivedData/SDKStatCaches.noindex/iphoneos26.5-23F81a-32daed1954a7d5dd0789fcaf2a9bb78b.sdkstatcache -target arm64-apple-ios15.1 -fmessage-length\=0 -fdiagnostics-show-note-include-stack -fmacro-backtrace-limit\=0 -fno-color-diagnostics -fmodules-prune-interval\=86400 -fmodules-prune-after\=345600 -fbuild-session-file\=/Users/jonahmicahinguito/Library/Developer/Xcode/DerivedData/ModuleCache.noindex/Session.modulevalidation -fmodules-validate-once-per-build-session -Wnon-modular-include-in-framework-module -Werror\=non-modular-include-in-framework-module -Wno-trigraphs -Wno-missing-field-initializers -Wno-missing-prototypes -Werror\=return-type -Wdocumentation -Wunreachable-code -Werror\=deprecated-objc-isa-usage -Werror\=objc-root-class -Wno-non-virtual-dtor -Wno-overloaded-virtual -Wno-exit-time-destructors -Wno-missing-braces -Wparentheses -Wswitch -Wunused-function -Wno-unused-label -Wno-unused-parameter -Wunused-variable -Wunused-value -Wempty-body -Wuninitialized -Wconditional-uninitialized -Wno-unknown-pragmas -Wno-shadow -Wno-four-char-constants -Wno-conversion -Wconstant-conversion -Wint-conversion -Wbool-conversion -Wenum-conversion -Wno-float-conversion -Wnon-literal-null-conversion -Wobjc-literal-conversion -Wshorten-64-to-32 -Wno-newline-eof -Wno-c++11-extensions -Wno-implicit-fallthrough -isysroot /Applications/Xcode.app/Contents/Developer/Platforms/iPhoneOS.platform/Developer/SDKs/iPhoneOS26.5.sdk -fstrict-aliasing -Wdeprecated-declarations -Winvalid-offsetof -Wno-sign-conversion -Winfinite-recursion -Wmove -Wcomma -Wblock-capture-autoreleasing -Wstrict-prototypes -Wrange-loop-analysis -Wno-semicolon-before-method-body -Wunguarded-availability -index-store-path /Users/jonahmicahinguito/Library/Developer/Xcode/DerivedData/rotaractconnect-cjwcbdlngckcsaantafkjnfzfbdk/Index.noindex/DataStore @/Users/jonahmicahinguito/Library/Developer/Xcode/DerivedData/rotaractconnect-cjwcbdlngckcsaantafkjnfzfbdk/Build/Intermediates.noindex/Pods.build/Debug-iphoneos/React-Fabric.build/Objects-normal/arm64/82b82416624d2658e5098eb0a28c15c5-common-args.resp -include /Users/jonahmicahinguito/dev/rotaract-connect/ios/Pods/Target\ Support\ Files/React-Fabric/React-Fabric-prefix.pch -MMD -MT dependencies -MF /Users/jonahmicahinguito/Library/Developer/Xcode/DerivedData/rotaractconnect-cjwcbdlngckcsaantafkjnfzfbdk/Build/Intermediates.noindex/Pods.build/Debug-iphoneos/React-Fabric.build/Objects-normal/arm64/AdditionAnimatedNode.d --serialize-diagnostics /Users/jonahmicahinguito/Library/Developer/Xcode/DerivedData/rotaractconnect-cjwcbdlngckcsaantafkjnfzfbdk/Build/Intermediates.noindex/Pods.build/Debug-iphoneos/React-Fabric.build/Objects-normal/arm64/AdditionAnimatedNode.dia -c /Users/jonahmicahinguito/dev/rotaract-connect/node_modules/react-native/ReactCommon/react/renderer/animated/nodes/AdditionAnimatedNode.cpp -o /Users/jonahmicahinguito/Library/Developer/Xcode/DerivedData/rotaractconnect-cjwcbdlngckcsaantafkjnfzfbdk/Build/Intermediates.noindex/Pods.build/Debug-iphoneos/React-Fabric.build/Objects-normal/arm64/AdditionAnimatedNode.o -index-unit-output-path /Pods.build/Debug-iphoneos/React-Fabric.build/Objects-normal/arm64/AdditionAnimatedNode.o

In file included from /Users/jonahmicahinguito/dev/rotaract-connect/node_modules/react-native/ReactCommon/react/renderer/animated/nodes/AdditionAnimatedNode.cpp:15:
In file included from /Users/jonahmicahinguito/dev/rotaract-connect/ios/Pods/Headers/Private/React-Fabric/react/renderer/animated/NativeAnimatedNodesManager.h:21:
In file included from /Users/jonahmicahinguito/dev/rotaract-connect/ios/Pods/Headers/Private/React-Fabric/react/renderer/animationbackend/AnimationBackend.h:12:
In file included from /Users/jonahmicahinguito/dev/rotaract-connect/ios/Pods/Headers/Private/React-Fabric/react/renderer/uimanager/UIManager.h:23:
In file included from /Users/jonahmicahinguito/dev/rotaract-connect/ios/Pods/Headers/Private/React-Fabric/react/renderer/mounting/ShadowTree.h:18:
In file included from /Users/jonahmicahinguito/dev/rotaract-connect/ios/Pods/Headers/Private/React-Fabric/react/renderer/mounting/MountingCoordinator.h:15:
In file included from /Users/jonahmicahinguito/dev/rotaract-connect/ios/Pods/Headers/Private/React-Fabric/react/renderer/mounting/Differentiator.h:11:
/Users/jonahmicahinguito/dev/rotaract-connect/ios/Pods/Headers/Private/React-Fabric/react/renderer/mounting/ShadowViewMutation.h:46:7: warning: declaration is marked with '@deprecated' command but does not have a deprecation attribute [-Wdocumentation-deprecated-sync]
   46 |    * @deprecated Pass parentTag instead of parentShadowView.
      |      ~^~~~~~~~~~~~~~~~~~~~~~~~~~~~~~~~~~~~~~~~~~~~~~~~~~~~~~
/Users/jonahmicahinguito/dev/rotaract-connect/ios/Pods/Headers/Private/React-Fabric/react/renderer/mounting/ShadowViewMutation.h:48:3: note: add a deprecation attribute to the declaration to silence this warning
   48 |   static ShadowViewMutation InsertMutation(const ShadowView &parentShadowView, ShadowView childShadowView, int index)
      |   ^
      |   FMT_DEPRECATED 
/Users/jonahmicahinguito/dev/rotaract-connect/ios/Pods/Headers/Private/React-Fabric/react/renderer/mounting/ShadowViewMutation.h:60:7: warning: declaration is marked with '@deprecated' command but does not have a deprecation attribute [-Wdocumentation-deprecated-sync]
   60 |    * @deprecated Pass parentTag instead of parentShadowView.
      |      ~^~~~~~~~~~~~~~~~~~~~~~~~~~~~~~~~~~~~~~~~~~~~~~~~~~~~~~
/Users/jonahmicahinguito/dev/rotaract-connect/ios/Pods/Headers/Private/React-Fabric/react/renderer/mounting/ShadowViewMutation.h:62:3: note: add a deprecation attribute to the declaration to silence this warning
   62 |   static ShadowViewMutation RemoveMutation(const ShadowView &parentShadowView, ShadowView childShadowView, int index)
      |   ^
      |   FMT_DEPRECATED 
/Users/jonahmicahinguito/dev/rotaract-connect/ios/Pods/Headers/Private/React-Fabric/react/renderer/mounting/ShadowViewMutation.h:74:7: warning: declaration is marked with '@deprecated' command but does not have a deprecation attribute [-Wdocumentation-deprecated-sync]
   74 |    * @deprecated Pass parentTag instead of parentShadowView.
      |      ~^~~~~~~~~~~~~~~~~~~~~~~~~~~~~~~~~~~~~~~~~~~~~~~~~~~~~~
/Users/jonahmicahinguito/dev/rotaract-connect/ios/Pods/Headers/Private/React-Fabric/react/renderer/mounting/ShadowViewMutation.h:76:3: note: add a deprecation attribute to the declaration to silence this warning
   76 |   static ShadowViewMutation
      |   ^
      |   FMT_DEPRECATED 
3 warnings generated.

/Users/jonahmicahinguito/dev/rotaract-connect/ios/Pods/Headers/Private/React-Fabric/react/renderer/mounting/ShadowViewMutation.h:46:7: Declaration is marked with '@deprecated' command but does not have a deprecation attribute

/Users/jonahmicahinguito/dev/rotaract-connect/ios/Pods/Headers/Private/React-Fabric/react/renderer/mounting/ShadowViewMutation.h:60:7: Declaration is marked with '@deprecated' command but does not have a deprecation attribute

/Users/jonahmicahinguito/dev/rotaract-connect/ios/Pods/Headers/Private/React-Fabric/react/renderer/mounting/ShadowViewMutation.h:74:7: Declaration is marked with '@deprecated' command but does not have a deprecation attribute

Libtool /Users/jonahmicahinguito/Library/Developer/Xcode/DerivedData/rotaractconnect-cjwcbdlngckcsaantafkjnfzfbdk/Build/Products/Debug-iphoneos/React-Fabric/libReact-Fabric.a normal (in target 'React-Fabric' from project 'Pods')
    cd /Users/jonahmicahinguito/dev/rotaract-connect/ios/Pods
    /Applications/Xcode.app/Contents/Developer/Toolchains/XcodeDefault.xctoolchain/usr/bin/libtool -static -arch_only arm64 -D -syslibroot /Applications/Xcode.app/Contents/Developer/Platforms/iPhoneOS.platform/Developer/SDKs/iPhoneOS26.5.sdk -L/Users/jonahmicahinguito/Library/Developer/Xcode/DerivedData/rotaractconnect-cjwcbdlngckcsaantafkjnfzfbdk/Build/Products/Debug-iphoneos/React-Fabric -filelist /Users/jonahmicahinguito/Library/Developer/Xcode/DerivedData/rotaractconnect-cjwcbdlngckcsaantafkjnfzfbdk/Build/Intermediates.noindex/Pods.build/Debug-iphoneos/React-Fabric.build/Objects-normal/arm64/React-Fabric.LinkFileList -dependency_info /Users/jonahmicahinguito/Library/Developer/Xcode/DerivedData/rotaractconnect-cjwcbdlngckcsaantafkjnfzfbdk/Build/Intermediates.noindex/Pods.build/Debug-iphoneos/React-Fabric.build/Objects-normal/arm64/React-Fabric_libtool_dependency_info.dat -o /Users/jonahmicahinguito/Library/Developer/Xcode/DerivedData/rotaractconnect-cjwcbdlngckcsaantafkjnfzfbdk/Build/Products/Debug-iphoneos/React-Fabric/libReact-Fabric.a

libtool: warning: 'LegacyViewManagerInteropState.o' has no symbols
libtool: warning: 'RawValue.o' has no symbols
libtool: warning: 'ShadowNodeTraits.o' has no symbols
libtool: warning: 'ShadowTreeRevisionConsistencyManager.o' has no symbols
libtool: warning: 'StateUpdate.o' has no symbols

'LegacyViewManagerInteropState.o' has no symbols

'RawValue.o' has no symbols

'ShadowNodeTraits.o' has no symbols

'ShadowTreeRevisionConsistencyManager.o' has no symbols

'StateUpdate.o' has no symbols


Build target React-CoreModules of project Pods with configuration Debug

CompileC /Users/jonahmicahinguito/Library/Developer/Xcode/DerivedData/rotaractconnect-cjwcbdlngckcsaantafkjnfzfbdk/Build/Intermediates.noindex/Pods.build/Debug-iphoneos/React-CoreModules.build/Objects-normal/arm64/RCTPlatform.o /Users/jonahmicahinguito/dev/rotaract-connect/node_modules/react-native/React/CoreModules/RCTPlatform.mm normal arm64 objective-c++ com.apple.compilers.llvm.clang.1_0.compiler (in target 'React-CoreModules' from project 'Pods')
    cd /Users/jonahmicahinguito/dev/rotaract-connect/ios/Pods
    
    Using response file: /Users/jonahmicahinguito/Library/Developer/Xcode/DerivedData/rotaractconnect-cjwcbdlngckcsaantafkjnfzfbdk/Build/Intermediates.noindex/Pods.build/Debug-iphoneos/React-CoreModules.build/Objects-normal/arm64/af3fcb34312c57c0f52879cdce924b91-common-args.resp
    
    /Applications/Xcode.app/Contents/Developer/Toolchains/XcodeDefault.xctoolchain/usr/bin/clang -x objective-c++ -ivfsstatcache /Users/jonahmicahinguito/Library/Developer/Xcode/DerivedData/SDKStatCaches.noindex/iphoneos26.5-23F81a-32daed1954a7d5dd0789fcaf2a9bb78b.sdkstatcache -target arm64-apple-ios15.1 -fmessage-length\=0 -fdiagnostics-show-note-include-stack -fmacro-backtrace-limit\=0 -fno-color-diagnostics -fmodules-prune-interval\=86400 -fmodules-prune-after\=345600 -fbuild-session-file\=/Users/jonahmicahinguito/Library/Developer/Xcode/DerivedData/ModuleCache.noindex/Session.modulevalidation -fmodules-validate-once-per-build-session -Wnon-modular-include-in-framework-module -Werror\=non-modular-include-in-framework-module -Wno-trigraphs -Wno-missing-field-initializers -Wno-missing-prototypes -Werror\=return-type -Wdocumentation -Wunreachable-code -Wno-implicit-atomic-properties -Werror\=deprecated-objc-isa-usage -Wno-objc-interface-ivars -Werror\=objc-root-class -Wno-arc-repeated-use-of-weak -Wimplicit-retain-self -Wno-non-virtual-dtor -Wno-overloaded-virtual -Wno-exit-time-destructors -Wduplicate-method-match -Wno-missing-braces -Wparentheses -Wswitch -Wunused-function -Wno-unused-label -Wno-unused-parameter -Wunused-variable -Wunused-value -Wempty-body -Wuninitialized -Wconditional-uninitialized -Wno-unknown-pragmas -Wno-shadow -Wno-four-char-constants -Wno-conversion -Wconstant-conversion -Wint-conversion -Wbool-conversion -Wenum-conversion -Wno-float-conversion -Wnon-literal-null-conversion -Wobjc-literal-conversion -Wshorten-64-to-32 -Wno-newline-eof -Wno-selector -Wno-strict-selector-match -Wundeclared-selector -Wdeprecated-implementations -Wno-c++11-extensions -Wno-implicit-fallthrough -isysroot /Applications/Xcode.app/Contents/Developer/Platforms/iPhoneOS.platform/Developer/SDKs/iPhoneOS26.5.sdk -fstrict-aliasing -Wprotocol -Wdeprecated-declarations -Winvalid-offsetof -Wno-sign-conversion -Winfinite-recursion -Wmove -Wcomma -Wblock-capture-autoreleasing -Wstrict-prototypes -Wrange-loop-analysis -Wno-semicolon-before-method-body -Wunguarded-availability -index-store-path /Users/jonahmicahinguito/Library/Developer/Xcode/DerivedData/rotaractconnect-cjwcbdlngckcsaantafkjnfzfbdk/Index.noindex/DataStore @/Users/jonahmicahinguito/Library/Developer/Xcode/DerivedData/rotaractconnect-cjwcbdlngckcsaantafkjnfzfbdk/Build/Intermediates.noindex/Pods.build/Debug-iphoneos/React-CoreModules.build/Objects-normal/arm64/af3fcb34312c57c0f52879cdce924b91-common-args.resp -Wno-nullability-completeness -include /Users/jonahmicahinguito/dev/rotaract-connect/ios/Pods/Target\ Support\ Files/React-CoreModules/React-CoreModules-prefix.pch -MMD -MT dependencies -MF /Users/jonahmicahinguito/Library/Developer/Xcode/DerivedData/rotaractconnect-cjwcbdlngckcsaantafkjnfzfbdk/Build/Intermediates.noindex/Pods.build/Debug-iphoneos/React-CoreModules.build/Objects-normal/arm64/RCTPlatform.d --serialize-diagnostics /Users/jonahmicahinguito/Library/Developer/Xcode/DerivedData/rotaractconnect-cjwcbdlngckcsaantafkjnfzfbdk/Build/Intermediates.noindex/Pods.build/Debug-iphoneos/React-CoreModules.build/Objects-normal/arm64/RCTPlatform.dia -c /Users/jonahmicahinguito/dev/rotaract-connect/node_modules/react-native/React/CoreModules/RCTPlatform.mm -o /Users/jonahmicahinguito/Library/Developer/Xcode/DerivedData/rotaractconnect-cjwcbdlngckcsaantafkjnfzfbdk/Build/Intermediates.noindex/Pods.build/Debug-iphoneos/React-CoreModules.build/Objects-normal/arm64/RCTPlatform.o -index-unit-output-path /Pods.build/Debug-iphoneos/React-CoreModules.build/Objects-normal/arm64/RCTPlatform.o

/Users/jonahmicahinguito/dev/rotaract-connect/node_modules/react-native/React/CoreModules/RCTPlatform.mm:70:21: warning: ISO C++ requires field designators to be specified in declaration order; field 'minor' will be initialized after field 'major' [-Wreorder-init-list]
   70 |            .major = [versions[@"major"] doubleValue],
      |            ~~~~~~~~~^~~~~~~~~~~~~~~~~~~~~~~~~~~~~~~~
/Users/jonahmicahinguito/dev/rotaract-connect/node_modules/react-native/React/CoreModules/RCTPlatform.mm:69:21: note: previous initialization for field 'minor' is here
   69 |           {.minor = [versions[@"minor"] doubleValue],
      |                     ^~~~~~~~~~~~~~~~~~~~~~~~~~~~~~~~
/Users/jonahmicahinguito/dev/rotaract-connect/node_modules/react-native/React/CoreModules/RCTPlatform.mm:67:20: warning: ISO C++ requires field designators to be specified in declaration order; field 'interfaceIdiom' will be initialized after field 'isTesting' [-Wreorder-init-list]
   67 |       .isTesting = RCTRunningInTestEnvironment() ? true : false,
      |       ~~~~~~~~~~~~~^~~~~~~~~~~~~~~~~~~~~~~~~~~~~~~~~~~~~~~~~~~~
/Users/jonahmicahinguito/dev/rotaract-connect/node_modules/react-native/React/CoreModules/RCTPlatform.mm:66:25: note: previous initialization for field 'interfaceIdiom' is here
   66 |       .interfaceIdiom = interfaceIdiom([device userInterfaceIdiom]),
      |                         ^~~~~~~~~~~~~~~~~~~~~~~~~~~~~~~~~~~~~~~~~~~
2 warnings generated.

/Users/jonahmicahinguito/dev/rotaract-connect/node_modules/react-native/React/CoreModules/RCTPlatform.mm:70:21: ISO C++ requires field designators to be specified in declaration order; field 'minor' will be initialized after field 'major'

/Users/jonahmicahinguito/dev/rotaract-connect/node_modules/react-native/React/CoreModules/RCTPlatform.mm:67:20: ISO C++ requires field designators to be specified in declaration order; field 'interfaceIdiom' will be initialized after field 'isTesting'

CompileC /Users/jonahmicahinguito/Library/Developer/Xcode/DerivedData/rotaractconnect-cjwcbdlngckcsaantafkjnfzfbdk/Build/Intermediates.noindex/Pods.build/Debug-iphoneos/React-CoreModules.build/Objects-normal/arm64/RCTEventDispatcher.o /Users/jonahmicahinguito/dev/rotaract-connect/node_modules/react-native/React/CoreModules/RCTEventDispatcher.mm normal arm64 objective-c++ com.apple.compilers.llvm.clang.1_0.compiler (in target 'React-CoreModules' from project 'Pods')
    cd /Users/jonahmicahinguito/dev/rotaract-connect/ios/Pods
    
    Using response file: /Users/jonahmicahinguito/Library/Developer/Xcode/DerivedData/rotaractconnect-cjwcbdlngckcsaantafkjnfzfbdk/Build/Intermediates.noindex/Pods.build/Debug-iphoneos/React-CoreModules.build/Objects-normal/arm64/af3fcb34312c57c0f52879cdce924b91-common-args.resp
    
    /Applications/Xcode.app/Contents/Developer/Toolchains/XcodeDefault.xctoolchain/usr/bin/clang -x objective-c++ -ivfsstatcache /Users/jonahmicahinguito/Library/Developer/Xcode/DerivedData/SDKStatCaches.noindex/iphoneos26.5-23F81a-32daed1954a7d5dd0789fcaf2a9bb78b.sdkstatcache -target arm64-apple-ios15.1 -fmessage-length\=0 -fdiagnostics-show-note-include-stack -fmacro-backtrace-limit\=0 -fno-color-diagnostics -fmodules-prune-interval\=86400 -fmodules-prune-after\=345600 -fbuild-session-file\=/Users/jonahmicahinguito/Library/Developer/Xcode/DerivedData/ModuleCache.noindex/Session.modulevalidation -fmodules-validate-once-per-build-session -Wnon-modular-include-in-framework-module -Werror\=non-modular-include-in-framework-module -Wno-trigraphs -Wno-missing-field-initializers -Wno-missing-prototypes -Werror\=return-type -Wdocumentation -Wunreachable-code -Wno-implicit-atomic-properties -Werror\=deprecated-objc-isa-usage -Wno-objc-interface-ivars -Werror\=objc-root-class -Wno-arc-repeated-use-of-weak -Wimplicit-retain-self -Wno-non-virtual-dtor -Wno-overloaded-virtual -Wno-exit-time-destructors -Wduplicate-method-match -Wno-missing-braces -Wparentheses -Wswitch -Wunused-function -Wno-unused-label -Wno-unused-parameter -Wunused-variable -Wunused-value -Wempty-body -Wuninitialized -Wconditional-uninitialized -Wno-unknown-pragmas -Wno-shadow -Wno-four-char-constants -Wno-conversion -Wconstant-conversion -Wint-conversion -Wbool-conversion -Wenum-conversion -Wno-float-conversion -Wnon-literal-null-conversion -Wobjc-literal-conversion -Wshorten-64-to-32 -Wno-newline-eof -Wno-selector -Wno-strict-selector-match -Wundeclared-selector -Wdeprecated-implementations -Wno-c++11-extensions -Wno-implicit-fallthrough -isysroot /Applications/Xcode.app/Contents/Developer/Platforms/iPhoneOS.platform/Developer/SDKs/iPhoneOS26.5.sdk -fstrict-aliasing -Wprotocol -Wdeprecated-declarations -Winvalid-offsetof -Wno-sign-conversion -Winfinite-recursion -Wmove -Wcomma -Wblock-capture-autoreleasing -Wstrict-prototypes -Wrange-loop-analysis -Wno-semicolon-before-method-body -Wunguarded-availability -index-store-path /Users/jonahmicahinguito/Library/Developer/Xcode/DerivedData/rotaractconnect-cjwcbdlngckcsaantafkjnfzfbdk/Index.noindex/DataStore @/Users/jonahmicahinguito/Library/Developer/Xcode/DerivedData/rotaractconnect-cjwcbdlngckcsaantafkjnfzfbdk/Build/Intermediates.noindex/Pods.build/Debug-iphoneos/React-CoreModules.build/Objects-normal/arm64/af3fcb34312c57c0f52879cdce924b91-common-args.resp -Wno-nullability-completeness -include /Users/jonahmicahinguito/dev/rotaract-connect/ios/Pods/Target\ Support\ Files/React-CoreModules/React-CoreModules-prefix.pch -MMD -MT dependencies -MF /Users/jonahmicahinguito/Library/Developer/Xcode/DerivedData/rotaractconnect-cjwcbdlngckcsaantafkjnfzfbdk/Build/Intermediates.noindex/Pods.build/Debug-iphoneos/React-CoreModules.build/Objects-normal/arm64/RCTEventDispatcher.d --serialize-diagnostics /Users/jonahmicahinguito/Library/Developer/Xcode/DerivedData/rotaractconnect-cjwcbdlngckcsaantafkjnfzfbdk/Build/Intermediates.noindex/Pods.build/Debug-iphoneos/React-CoreModules.build/Objects-normal/arm64/RCTEventDispatcher.dia -c /Users/jonahmicahinguito/dev/rotaract-connect/node_modules/react-native/React/CoreModules/RCTEventDispatcher.mm -o /Users/jonahmicahinguito/Library/Developer/Xcode/DerivedData/rotaractconnect-cjwcbdlngckcsaantafkjnfzfbdk/Build/Intermediates.noindex/Pods.build/Debug-iphoneos/React-CoreModules.build/Objects-normal/arm64/RCTEventDispatcher.o -index-unit-output-path /Pods.build/Debug-iphoneos/React-CoreModules.build/Objects-normal/arm64/RCTEventDispatcher.o

/Users/jonahmicahinguito/dev/rotaract-connect/node_modules/react-native/React/CoreModules/RCTEventDispatcher.mm:70:1: warning: implementing deprecated method [-Wdeprecated-implementations]
   70 | - (void)sendAppEventWithName:(NSString *)name body:(id)body
      | ^
In file included from /Users/jonahmicahinguito/dev/rotaract-connect/node_modules/react-native/React/CoreModules/RCTEventDispatcher.mm:8:
In file included from /Users/jonahmicahinguito/dev/rotaract-connect/node_modules/react-native/React/CoreModules/RCTEventDispatcher.h:11:
/Users/jonahmicahinguito/dev/rotaract-connect/ios/Pods/Headers/Public/React-Core/React/RCTEventDispatcherProtocol.h:90:1: note: method 'sendAppEventWithName:body:' declared here
   90 | - (void)sendAppEventWithName:(NSString *)name body:(id)body __deprecated_msg("Subclass RCTEventEmitter instead");
      | ^
/Users/jonahmicahinguito/dev/rotaract-connect/node_modules/react-native/React/CoreModules/RCTEventDispatcher.mm:77:1: warning: implementing deprecated method [-Wdeprecated-implementations]
   77 | - (void)sendDeviceEventWithName:(NSString *)name body:(id)body
      | ^
In file included from /Users/jonahmicahinguito/dev/rotaract-connect/node_modules/react-native/React/CoreModules/RCTEventDispatcher.mm:8:
In file included from /Users/jonahmicahinguito/dev/rotaract-connect/node_modules/react-native/React/CoreModules/RCTEventDispatcher.h:11:
/Users/jonahmicahinguito/dev/rotaract-connect/ios/Pods/Headers/Public/React-Core/React/RCTEventDispatcherProtocol.h:95:1: note: method 'sendDeviceEventWithName:body:' declared here
   95 | - (void)sendDeviceEventWithName:(NSString *)name body:(id)body __deprecated_msg("Subclass RCTEventEmitter instead");
      | ^
2 warnings generated.

/Users/jonahmicahinguito/dev/rotaract-connect/node_modules/react-native/React/CoreModules/RCTEventDispatcher.mm:70:1: Implementing deprecated method

/Users/jonahmicahinguito/dev/rotaract-connect/node_modules/react-native/React/CoreModules/RCTEventDispatcher.mm:77:1: Implementing deprecated method

CompileC /Users/jonahmicahinguito/Library/Developer/Xcode/DerivedData/rotaractconnect-cjwcbdlngckcsaantafkjnfzfbdk/Build/Intermediates.noindex/Pods.build/Debug-iphoneos/React-CoreModules.build/Objects-normal/arm64/RCTDevSettings.o /Users/jonahmicahinguito/dev/rotaract-connect/node_modules/react-native/React/CoreModules/RCTDevSettings.mm normal arm64 objective-c++ com.apple.compilers.llvm.clang.1_0.compiler (in target 'React-CoreModules' from project 'Pods')
    cd /Users/jonahmicahinguito/dev/rotaract-connect/ios/Pods
    
    Using response file: /Users/jonahmicahinguito/Library/Developer/Xcode/DerivedData/rotaractconnect-cjwcbdlngckcsaantafkjnfzfbdk/Build/Intermediates.noindex/Pods.build/Debug-iphoneos/React-CoreModules.build/Objects-normal/arm64/af3fcb34312c57c0f52879cdce924b91-common-args.resp
    
    /Applications/Xcode.app/Contents/Developer/Toolchains/XcodeDefault.xctoolchain/usr/bin/clang -x objective-c++ -ivfsstatcache /Users/jonahmicahinguito/Library/Developer/Xcode/DerivedData/SDKStatCaches.noindex/iphoneos26.5-23F81a-32daed1954a7d5dd0789fcaf2a9bb78b.sdkstatcache -target arm64-apple-ios15.1 -fmessage-length\=0 -fdiagnostics-show-note-include-stack -fmacro-backtrace-limit\=0 -fno-color-diagnostics -fmodules-prune-interval\=86400 -fmodules-prune-after\=345600 -fbuild-session-file\=/Users/jonahmicahinguito/Library/Developer/Xcode/DerivedData/ModuleCache.noindex/Session.modulevalidation -fmodules-validate-once-per-build-session -Wnon-modular-include-in-framework-module -Werror\=non-modular-include-in-framework-module -Wno-trigraphs -Wno-missing-field-initializers -Wno-missing-prototypes -Werror\=return-type -Wdocumentation -Wunreachable-code -Wno-implicit-atomic-properties -Werror\=deprecated-objc-isa-usage -Wno-objc-interface-ivars -Werror\=objc-root-class -Wno-arc-repeated-use-of-weak -Wimplicit-retain-self -Wno-non-virtual-dtor -Wno-overloaded-virtual -Wno-exit-time-destructors -Wduplicate-method-match -Wno-missing-braces -Wparentheses -Wswitch -Wunused-function -Wno-unused-label -Wno-unused-parameter -Wunused-variable -Wunused-value -Wempty-body -Wuninitialized -Wconditional-uninitialized -Wno-unknown-pragmas -Wno-shadow -Wno-four-char-constants -Wno-conversion -Wconstant-conversion -Wint-conversion -Wbool-conversion -Wenum-conversion -Wno-float-conversion -Wnon-literal-null-conversion -Wobjc-literal-conversion -Wshorten-64-to-32 -Wno-newline-eof -Wno-selector -Wno-strict-selector-match -Wundeclared-selector -Wdeprecated-implementations -Wno-c++11-extensions -Wno-implicit-fallthrough -isysroot /Applications/Xcode.app/Contents/Developer/Platforms/iPhoneOS.platform/Developer/SDKs/iPhoneOS26.5.sdk -fstrict-aliasing -Wprotocol -Wdeprecated-declarations -Winvalid-offsetof -Wno-sign-conversion -Winfinite-recursion -Wmove -Wcomma -Wblock-capture-autoreleasing -Wstrict-prototypes -Wrange-loop-analysis -Wno-semicolon-before-method-body -Wunguarded-availability -index-store-path /Users/jonahmicahinguito/Library/Developer/Xcode/DerivedData/rotaractconnect-cjwcbdlngckcsaantafkjnfzfbdk/Index.noindex/DataStore @/Users/jonahmicahinguito/Library/Developer/Xcode/DerivedData/rotaractconnect-cjwcbdlngckcsaantafkjnfzfbdk/Build/Intermediates.noindex/Pods.build/Debug-iphoneos/React-CoreModules.build/Objects-normal/arm64/af3fcb34312c57c0f52879cdce924b91-common-args.resp -Wno-nullability-completeness -include /Users/jonahmicahinguito/dev/rotaract-connect/ios/Pods/Target\ Support\ Files/React-CoreModules/React-CoreModules-prefix.pch -MMD -MT dependencies -MF /Users/jonahmicahinguito/Library/Developer/Xcode/DerivedData/rotaractconnect-cjwcbdlngckcsaantafkjnfzfbdk/Build/Intermediates.noindex/Pods.build/Debug-iphoneos/React-CoreModules.build/Objects-normal/arm64/RCTDevSettings.d --serialize-diagnostics /Users/jonahmicahinguito/Library/Developer/Xcode/DerivedData/rotaractconnect-cjwcbdlngckcsaantafkjnfzfbdk/Build/Intermediates.noindex/Pods.build/Debug-iphoneos/React-CoreModules.build/Objects-normal/arm64/RCTDevSettings.dia -c /Users/jonahmicahinguito/dev/rotaract-connect/node_modules/react-native/React/CoreModules/RCTDevSettings.mm -o /Users/jonahmicahinguito/Library/Developer/Xcode/DerivedData/rotaractconnect-cjwcbdlngckcsaantafkjnfzfbdk/Build/Intermediates.noindex/Pods.build/Debug-iphoneos/React-CoreModules.build/Objects-normal/arm64/RCTDevSettings.o -index-unit-output-path /Pods.build/Debug-iphoneos/React-CoreModules.build/Objects-normal/arm64/RCTDevSettings.o

/Users/jonahmicahinguito/dev/rotaract-connect/node_modules/react-native/React/CoreModules/RCTDevSettings.mm:355:48: warning: 'RCTProfileIsProfiling' is deprecated: This API will be removed along with the legacy architecture. [-Wdeprecated-declarations]
  355 |   if (self.isHotLoadingAvailable && enabled != RCTProfileIsProfiling()) {
      |                                                ^
In file included from /Users/jonahmicahinguito/dev/rotaract-connect/node_modules/react-native/React/CoreModules/RCTDevSettings.mm:20:
/Users/jonahmicahinguito/dev/rotaract-connect/ios/Pods/Headers/Public/React-Core/React/RCTProfile.h:56:5: note: 'RCTProfileIsProfiling' has been explicitly marked deprecated here
   56 |     __deprecated_msg("This API will be removed along with the legacy architecture.");
      |     ^
In file included from <built-in>:1:
In file included from /Users/jonahmicahinguito/dev/rotaract-connect/ios/Pods/Target Support Files/React-CoreModules/React-CoreModules-prefix.pch:2:
In file included from /Applications/Xcode.app/Contents/Developer/Platforms/iPhoneOS.platform/Developer/SDKs/iPhoneOS26.5.sdk/System/Library/Frameworks/UIKit.framework/Headers/UIKit.h:8:
In file included from /Applications/Xcode.app/Contents/Developer/Platforms/iPhoneOS.platform/Developer/SDKs/iPhoneOS26.5.sdk/System/Library/Frameworks/Foundation.framework/Headers/Foundation.h:6:
In file included from /Applications/Xcode.app/Contents/Developer/Platforms/iPhoneOS.platform/Developer/SDKs/iPhoneOS26.5.sdk/System/Library/Frameworks/CoreFoundation.framework/Headers/CoreFoundation.h:18:
In file included from /Applications/Xcode.app/Contents/Developer/Platforms/iPhoneOS.platform/Developer/SDKs/iPhoneOS26.5.sdk/usr/include/sys/types.h:75:
/Applications/Xcode.app/Contents/Developer/Platforms/iPhoneOS.platform/Developer/SDKs/iPhoneOS26.5.sdk/usr/include/sys/cdefs.h:227:48: note: expanded from macro '__deprecated_msg'
  227 |         #define __deprecated_msg(_msg) __attribute__((__deprecated__(_msg)))
      |                                                       ^
/Users/jonahmicahinguito/dev/rotaract-connect/node_modules/react-native/React/CoreModules/RCTDevSettings.mm:365:9: warning: 'RCTProfileSendResult' is deprecated: This API will be removed along with the legacy architecture. [-Wdeprecated-declarations]
  365 |         RCTProfileSendResult(strongSelf.bridge, @"systrace", logData);
      |         ^
In file included from /Users/jonahmicahinguito/dev/rotaract-connect/node_modules/react-native/React/CoreModules/RCTDevSettings.mm:20:
/Users/jonahmicahinguito/dev/rotaract-connect/ios/Pods/Headers/Public/React-Core/React/RCTProfile.h:190:5: note: 'RCTProfileSendResult' has been explicitly marked deprecated here
  190 |     __deprecated_msg("This API will be removed along with the legacy architecture.");
      |     ^
In file included from <built-in>:1:
In file included from /Users/jonahmicahinguito/dev/rotaract-connect/ios/Pods/Target Support Files/React-CoreModules/React-CoreModules-prefix.pch:2:
In file included from /Applications/Xcode.app/Contents/Developer/Platforms/iPhoneOS.platform/Developer/SDKs/iPhoneOS26.5.sdk/System/Library/Frameworks/UIKit.framework/Headers/UIKit.h:8:
In file included from /Applications/Xcode.app/Contents/Developer/Platforms/iPhoneOS.platform/Developer/SDKs/iPhoneOS26.5.sdk/System/Library/Frameworks/Foundation.framework/Headers/Foundation.h:6:
In file included from /Applications/Xcode.app/Contents/Developer/Platforms/iPhoneOS.platform/Developer/SDKs/iPhoneOS26.5.sdk/System/Library/Frameworks/CoreFoundation.framework/Headers/CoreFoundation.h:18:
In file included from /Applications/Xcode.app/Contents/Developer/Platforms/iPhoneOS.platform/Developer/SDKs/iPhoneOS26.5.sdk/usr/include/sys/types.h:75:
/Applications/Xcode.app/Contents/Developer/Platforms/iPhoneOS.platform/Developer/SDKs/iPhoneOS26.5.sdk/usr/include/sys/cdefs.h:227:48: note: expanded from macro '__deprecated_msg'
  227 |         #define __deprecated_msg(_msg) __attribute__((__deprecated__(_msg)))
      |                                                       ^
2 warnings generated.

/Users/jonahmicahinguito/dev/rotaract-connect/node_modules/react-native/React/CoreModules/RCTDevSettings.mm:355:48: 'RCTProfileIsProfiling' is deprecated: This API will be removed along with the legacy architecture.

/Users/jonahmicahinguito/dev/rotaract-connect/node_modules/react-native/React/CoreModules/RCTDevSettings.mm:365:9: 'RCTProfileSendResult' is deprecated: This API will be removed along with the legacy architecture.

CompileC /Users/jonahmicahinguito/Library/Developer/Xcode/DerivedData/rotaractconnect-cjwcbdlngckcsaantafkjnfzfbdk/Build/Intermediates.noindex/Pods.build/Debug-iphoneos/React-CoreModules.build/Objects-normal/arm64/RCTAlertManager.o /Users/jonahmicahinguito/dev/rotaract-connect/node_modules/react-native/React/CoreModules/RCTAlertManager.mm normal arm64 objective-c++ com.apple.compilers.llvm.clang.1_0.compiler (in target 'React-CoreModules' from project 'Pods')
    cd /Users/jonahmicahinguito/dev/rotaract-connect/ios/Pods
    
    Using response file: /Users/jonahmicahinguito/Library/Developer/Xcode/DerivedData/rotaractconnect-cjwcbdlngckcsaantafkjnfzfbdk/Build/Intermediates.noindex/Pods.build/Debug-iphoneos/React-CoreModules.build/Objects-normal/arm64/af3fcb34312c57c0f52879cdce924b91-common-args.resp
    
    /Applications/Xcode.app/Contents/Developer/Toolchains/XcodeDefault.xctoolchain/usr/bin/clang -x objective-c++ -ivfsstatcache /Users/jonahmicahinguito/Library/Developer/Xcode/DerivedData/SDKStatCaches.noindex/iphoneos26.5-23F81a-32daed1954a7d5dd0789fcaf2a9bb78b.sdkstatcache -target arm64-apple-ios15.1 -fmessage-length\=0 -fdiagnostics-show-note-include-stack -fmacro-backtrace-limit\=0 -fno-color-diagnostics -fmodules-prune-interval\=86400 -fmodules-prune-after\=345600 -fbuild-session-file\=/Users/jonahmicahinguito/Library/Developer/Xcode/DerivedData/ModuleCache.noindex/Session.modulevalidation -fmodules-validate-once-per-build-session -Wnon-modular-include-in-framework-module -Werror\=non-modular-include-in-framework-module -Wno-trigraphs -Wno-missing-field-initializers -Wno-missing-prototypes -Werror\=return-type -Wdocumentation -Wunreachable-code -Wno-implicit-atomic-properties -Werror\=deprecated-objc-isa-usage -Wno-objc-interface-ivars -Werror\=objc-root-class -Wno-arc-repeated-use-of-weak -Wimplicit-retain-self -Wno-non-virtual-dtor -Wno-overloaded-virtual -Wno-exit-time-destructors -Wduplicate-method-match -Wno-missing-braces -Wparentheses -Wswitch -Wunused-function -Wno-unused-label -Wno-unused-parameter -Wunused-variable -Wunused-value -Wempty-body -Wuninitialized -Wconditional-uninitialized -Wno-unknown-pragmas -Wno-shadow -Wno-four-char-constants -Wno-conversion -Wconstant-conversion -Wint-conversion -Wbool-conversion -Wenum-conversion -Wno-float-conversion -Wnon-literal-null-conversion -Wobjc-literal-conversion -Wshorten-64-to-32 -Wno-newline-eof -Wno-selector -Wno-strict-selector-match -Wundeclared-selector -Wdeprecated-implementations -Wno-c++11-extensions -Wno-implicit-fallthrough -isysroot /Applications/Xcode.app/Contents/Developer/Platforms/iPhoneOS.platform/Developer/SDKs/iPhoneOS26.5.sdk -fstrict-aliasing -Wprotocol -Wdeprecated-declarations -Winvalid-offsetof -Wno-sign-conversion -Winfinite-recursion -Wmove -Wcomma -Wblock-capture-autoreleasing -Wstrict-prototypes -Wrange-loop-analysis -Wno-semicolon-before-method-body -Wunguarded-availability -index-store-path /Users/jonahmicahinguito/Library/Developer/Xcode/DerivedData/rotaractconnect-cjwcbdlngckcsaantafkjnfzfbdk/Index.noindex/DataStore @/Users/jonahmicahinguito/Library/Developer/Xcode/DerivedData/rotaractconnect-cjwcbdlngckcsaantafkjnfzfbdk/Build/Intermediates.noindex/Pods.build/Debug-iphoneos/React-CoreModules.build/Objects-normal/arm64/af3fcb34312c57c0f52879cdce924b91-common-args.resp -Wno-nullability-completeness -include /Users/jonahmicahinguito/dev/rotaract-connect/ios/Pods/Target\ Support\ Files/React-CoreModules/React-CoreModules-prefix.pch -MMD -MT dependencies -MF /Users/jonahmicahinguito/Library/Developer/Xcode/DerivedData/rotaractconnect-cjwcbdlngckcsaantafkjnfzfbdk/Build/Intermediates.noindex/Pods.build/Debug-iphoneos/React-CoreModules.build/Objects-normal/arm64/RCTAlertManager.d --serialize-diagnostics /Users/jonahmicahinguito/Library/Developer/Xcode/DerivedData/rotaractconnect-cjwcbdlngckcsaantafkjnfzfbdk/Build/Intermediates.noindex/Pods.build/Debug-iphoneos/React-CoreModules.build/Objects-normal/arm64/RCTAlertManager.dia -c /Users/jonahmicahinguito/dev/rotaract-connect/node_modules/react-native/React/CoreModules/RCTAlertManager.mm -o /Users/jonahmicahinguito/Library/Developer/Xcode/DerivedData/rotaractconnect-cjwcbdlngckcsaantafkjnfzfbdk/Build/Intermediates.noindex/Pods.build/Debug-iphoneos/React-CoreModules.build/Objects-normal/arm64/RCTAlertManager.o -index-unit-output-path /Pods.build/Debug-iphoneos/React-CoreModules.build/Objects-normal/arm64/RCTAlertManager.o

In file included from /Users/jonahmicahinguito/dev/rotaract-connect/node_modules/react-native/React/CoreModules/RCTAlertManager.mm:10:
In file included from /Users/jonahmicahinguito/dev/rotaract-connect/ios/Pods/Headers/Public/React-RCTFBReactNativeSpec/FBReactNativeSpec/FBReactNativeSpec.h:24:
/Users/jonahmicahinguito/dev/rotaract-connect/ios/Pods/Headers/Public/RCTTypeSafety/RCTTypeSafety/RCTConvertHelpers.h:26:31: warning: implicit conversion loses integer precision: 'size_t' (aka 'unsigned long') to 'size_type' (aka 'int') [-Wshorten-64-to-32]
   26 |     id object = convertor(vec[i]);
      |                           ~~~ ^
/Users/jonahmicahinguito/dev/rotaract-connect/ios/Pods/Headers/Public/RCTTypeSafety/RCTTypeSafety/RCTConvertHelpers.h:44:28: note: in instantiation of function template specialization 'RCTConvertVecToArray<FB::LazyVector<id<NSObject>, id>>' requested here
   44 |   return vec.has_value() ? RCTConvertVecToArray(vec.value(), convertor) : nil;
      |                            ^
/Users/jonahmicahinguito/dev/rotaract-connect/node_modules/react-native/React/CoreModules/RCTAlertManager.mm:79:37: note: in instantiation of function template specialization 'RCTConvertOptionalVecToArray<FB::LazyVector<id<NSObject>, id>>' requested here
   79 |       [RCTConvert NSDictionaryArray:RCTConvertOptionalVecToArray(args.buttons(), ^id(id<NSObject> element) {
      |                                     ^
1 warning generated.

/Users/jonahmicahinguito/dev/rotaract-connect/ios/Pods/Headers/Public/RCTTypeSafety/RCTTypeSafety/RCTConvertHelpers.h:26:31: Implicit conversion loses integer precision: 'size_t' (aka 'unsigned long') to 'size_type' (aka 'int')

CompileC /Users/jonahmicahinguito/Library/Developer/Xcode/DerivedData/rotaractconnect-cjwcbdlngckcsaantafkjnfzfbdk/Build/Intermediates.noindex/Pods.build/Debug-iphoneos/React-CoreModules.build/Objects-normal/arm64/RCTActionSheetManager.o /Users/jonahmicahinguito/dev/rotaract-connect/node_modules/react-native/React/CoreModules/RCTActionSheetManager.mm normal arm64 objective-c++ com.apple.compilers.llvm.clang.1_0.compiler (in target 'React-CoreModules' from project 'Pods')
    cd /Users/jonahmicahinguito/dev/rotaract-connect/ios/Pods
    
    Using response file: /Users/jonahmicahinguito/Library/Developer/Xcode/DerivedData/rotaractconnect-cjwcbdlngckcsaantafkjnfzfbdk/Build/Intermediates.noindex/Pods.build/Debug-iphoneos/React-CoreModules.build/Objects-normal/arm64/af3fcb34312c57c0f52879cdce924b91-common-args.resp
    
    /Applications/Xcode.app/Contents/Developer/Toolchains/XcodeDefault.xctoolchain/usr/bin/clang -x objective-c++ -ivfsstatcache /Users/jonahmicahinguito/Library/Developer/Xcode/DerivedData/SDKStatCaches.noindex/iphoneos26.5-23F81a-32daed1954a7d5dd0789fcaf2a9bb78b.sdkstatcache -target arm64-apple-ios15.1 -fmessage-length\=0 -fdiagnostics-show-note-include-stack -fmacro-backtrace-limit\=0 -fno-color-diagnostics -fmodules-prune-interval\=86400 -fmodules-prune-after\=345600 -fbuild-session-file\=/Users/jonahmicahinguito/Library/Developer/Xcode/DerivedData/ModuleCache.noindex/Session.modulevalidation -fmodules-validate-once-per-build-session -Wnon-modular-include-in-framework-module -Werror\=non-modular-include-in-framework-module -Wno-trigraphs -Wno-missing-field-initializers -Wno-missing-prototypes -Werror\=return-type -Wdocumentation -Wunreachable-code -Wno-implicit-atomic-properties -Werror\=deprecated-objc-isa-usage -Wno-objc-interface-ivars -Werror\=objc-root-class -Wno-arc-repeated-use-of-weak -Wimplicit-retain-self -Wno-non-virtual-dtor -Wno-overloaded-virtual -Wno-exit-time-destructors -Wduplicate-method-match -Wno-missing-braces -Wparentheses -Wswitch -Wunused-function -Wno-unused-label -Wno-unused-parameter -Wunused-variable -Wunused-value -Wempty-body -Wuninitialized -Wconditional-uninitialized -Wno-unknown-pragmas -Wno-shadow -Wno-four-char-constants -Wno-conversion -Wconstant-conversion -Wint-conversion -Wbool-conversion -Wenum-conversion -Wno-float-conversion -Wnon-literal-null-conversion -Wobjc-literal-conversion -Wshorten-64-to-32 -Wno-newline-eof -Wno-selector -Wno-strict-selector-match -Wundeclared-selector -Wdeprecated-implementations -Wno-c++11-extensions -Wno-implicit-fallthrough -isysroot /Applications/Xcode.app/Contents/Developer/Platforms/iPhoneOS.platform/Developer/SDKs/iPhoneOS26.5.sdk -fstrict-aliasing -Wprotocol -Wdeprecated-declarations -Winvalid-offsetof -Wno-sign-conversion -Winfinite-recursion -Wmove -Wcomma -Wblock-capture-autoreleasing -Wstrict-prototypes -Wrange-loop-analysis -Wno-semicolon-before-method-body -Wunguarded-availability -index-store-path /Users/jonahmicahinguito/Library/Developer/Xcode/DerivedData/rotaractconnect-cjwcbdlngckcsaantafkjnfzfbdk/Index.noindex/DataStore @/Users/jonahmicahinguito/Library/Developer/Xcode/DerivedData/rotaractconnect-cjwcbdlngckcsaantafkjnfzfbdk/Build/Intermediates.noindex/Pods.build/Debug-iphoneos/React-CoreModules.build/Objects-normal/arm64/af3fcb34312c57c0f52879cdce924b91-common-args.resp -Wno-nullability-completeness -include /Users/jonahmicahinguito/dev/rotaract-connect/ios/Pods/Target\ Support\ Files/React-CoreModules/React-CoreModules-prefix.pch -MMD -MT dependencies -MF /Users/jonahmicahinguito/Library/Developer/Xcode/DerivedData/rotaractconnect-cjwcbdlngckcsaantafkjnfzfbdk/Build/Intermediates.noindex/Pods.build/Debug-iphoneos/React-CoreModules.build/Objects-normal/arm64/RCTActionSheetManager.d --serialize-diagnostics /Users/jonahmicahinguito/Library/Developer/Xcode/DerivedData/rotaractconnect-cjwcbdlngckcsaantafkjnfzfbdk/Build/Intermediates.noindex/Pods.build/Debug-iphoneos/React-CoreModules.build/Objects-normal/arm64/RCTActionSheetManager.dia -c /Users/jonahmicahinguito/dev/rotaract-connect/node_modules/react-native/React/CoreModules/RCTActionSheetManager.mm -o /Users/jonahmicahinguito/Library/Developer/Xcode/DerivedData/rotaractconnect-cjwcbdlngckcsaantafkjnfzfbdk/Build/Intermediates.noindex/Pods.build/Debug-iphoneos/React-CoreModules.build/Objects-normal/arm64/RCTActionSheetManager.o -index-unit-output-path /Pods.build/Debug-iphoneos/React-CoreModules.build/Objects-normal/arm64/RCTActionSheetManager.o

In file included from /Users/jonahmicahinguito/dev/rotaract-connect/node_modules/react-native/React/CoreModules/RCTActionSheetManager.mm:10:
In file included from /Users/jonahmicahinguito/dev/rotaract-connect/ios/Pods/Headers/Public/React-RCTFBReactNativeSpec/FBReactNativeSpec/FBReactNativeSpec.h:24:
/Users/jonahmicahinguito/dev/rotaract-connect/ios/Pods/Headers/Public/RCTTypeSafety/RCTTypeSafety/RCTConvertHelpers.h:26:31: warning: implicit conversion loses integer precision: 'size_t' (aka 'unsigned long') to 'size_type' (aka 'int') [-Wshorten-64-to-32]
   26 |     id object = convertor(vec[i]);
      |                           ~~~ ^
/Users/jonahmicahinguito/dev/rotaract-connect/ios/Pods/Headers/Public/RCTTypeSafety/RCTTypeSafety/RCTConvertHelpers.h:44:28: note: in instantiation of function template specialization 'RCTConvertVecToArray<FB::LazyVector<NSString *, id>>' requested here
   44 |   return vec.has_value() ? RCTConvertVecToArray(vec.value(), convertor) : nil;
      |                            ^
/Users/jonahmicahinguito/dev/rotaract-connect/node_modules/react-native/React/CoreModules/RCTActionSheetManager.mm:90:34: note: in instantiation of function template specialization 'RCTConvertOptionalVecToArray<FB::LazyVector<NSString *, id>>' requested here
   90 |   NSArray<NSString *> *buttons = RCTConvertOptionalVecToArray(options.options(), ^id(NSString *element) {
      |                                  ^
In file included from /Users/jonahmicahinguito/dev/rotaract-connect/node_modules/react-native/React/CoreModules/RCTActionSheetManager.mm:10:
In file included from /Users/jonahmicahinguito/dev/rotaract-connect/ios/Pods/Headers/Public/React-RCTFBReactNativeSpec/FBReactNativeSpec/FBReactNativeSpec.h:24:
/Users/jonahmicahinguito/dev/rotaract-connect/ios/Pods/Headers/Public/RCTTypeSafety/RCTTypeSafety/RCTConvertHelpers.h:26:31: warning: implicit conversion loses integer precision: 'size_t' (aka 'unsigned long') to 'size_type' (aka 'int') [-Wshorten-64-to-32]
   26 |     id object = convertor(vec[i]);
      |                           ~~~ ^
/Users/jonahmicahinguito/dev/rotaract-connect/node_modules/react-native/React/CoreModules/RCTActionSheetManager.mm:98:29: note: in instantiation of function template specialization 'RCTConvertVecToArray<FB::LazyVector<double, id>>' requested here
   98 |     disabledButtonIndices = RCTConvertVecToArray(*options.disabledButtonIndices(), ^id(double element) {
      |                             ^
2 warnings generated.

/Users/jonahmicahinguito/dev/rotaract-connect/ios/Pods/Headers/Public/RCTTypeSafety/RCTTypeSafety/RCTConvertHelpers.h:26:31: Implicit conversion loses integer precision: 'size_t' (aka 'unsigned long') to 'size_type' (aka 'int')

/Users/jonahmicahinguito/dev/rotaract-connect/ios/Pods/Headers/Public/RCTTypeSafety/RCTTypeSafety/RCTConvertHelpers.h:26:31: Implicit conversion loses integer precision: 'size_t' (aka 'unsigned long') to 'size_type' (aka 'int')


Build target React-Core of project Pods with configuration Debug

CompileC /Users/jonahmicahinguito/Library/Developer/Xcode/DerivedData/rotaractconnect-cjwcbdlngckcsaantafkjnfzfbdk/Build/Intermediates.noindex/Pods.build/Debug-iphoneos/React-Core.build/Objects-normal/arm64/RCTUIManager.o /Users/jonahmicahinguito/dev/rotaract-connect/node_modules/react-native/React/Modules/RCTUIManager.mm normal arm64 objective-c++ com.apple.compilers.llvm.clang.1_0.compiler (in target 'React-Core' from project 'Pods')
    cd /Users/jonahmicahinguito/dev/rotaract-connect/ios/Pods
    
    Using response file: /Users/jonahmicahinguito/Library/Developer/Xcode/DerivedData/rotaractconnect-cjwcbdlngckcsaantafkjnfzfbdk/Build/Intermediates.noindex/Pods.build/Debug-iphoneos/React-Core.build/Objects-normal/arm64/af3fcb34312c57c0f52879cdce924b91-common-args.resp
    
    /Applications/Xcode.app/Contents/Developer/Toolchains/XcodeDefault.xctoolchain/usr/bin/clang -x objective-c++ -ivfsstatcache /Users/jonahmicahinguito/Library/Developer/Xcode/DerivedData/SDKStatCaches.noindex/iphoneos26.5-23F81a-32daed1954a7d5dd0789fcaf2a9bb78b.sdkstatcache -target arm64-apple-ios15.1 -fmessage-length\=0 -fdiagnostics-show-note-include-stack -fmacro-backtrace-limit\=0 -fno-color-diagnostics -fmodules-prune-interval\=86400 -fmodules-prune-after\=345600 -fbuild-session-file\=/Users/jonahmicahinguito/Library/Developer/Xcode/DerivedData/ModuleCache.noindex/Session.modulevalidation -fmodules-validate-once-per-build-session -Wnon-modular-include-in-framework-module -Werror\=non-modular-include-in-framework-module -Wno-trigraphs -Wno-missing-field-initializers -Wno-missing-prototypes -Werror\=return-type -Wdocumentation -Wunreachable-code -Wno-implicit-atomic-properties -Werror\=deprecated-objc-isa-usage -Wno-objc-interface-ivars -Werror\=objc-root-class -Wno-arc-repeated-use-of-weak -Wimplicit-retain-self -Wno-non-virtual-dtor -Wno-overloaded-virtual -Wno-exit-time-destructors -Wduplicate-method-match -Wno-missing-braces -Wparentheses -Wswitch -Wunused-function -Wno-unused-label -Wno-unused-parameter -Wunused-variable -Wunused-value -Wempty-body -Wuninitialized -Wconditional-uninitialized -Wno-unknown-pragmas -Wno-shadow -Wno-four-char-constants -Wno-conversion -Wconstant-conversion -Wint-conversion -Wbool-conversion -Wenum-conversion -Wno-float-conversion -Wnon-literal-null-conversion -Wobjc-literal-conversion -Wshorten-64-to-32 -Wno-newline-eof -Wno-selector -Wno-strict-selector-match -Wundeclared-selector -Wdeprecated-implementations -Wno-c++11-extensions -Wno-implicit-fallthrough -isysroot /Applications/Xcode.app/Contents/Developer/Platforms/iPhoneOS.platform/Developer/SDKs/iPhoneOS26.5.sdk -fstrict-aliasing -Wprotocol -Wdeprecated-declarations -Winvalid-offsetof -Wno-sign-conversion -Winfinite-recursion -Wmove -Wcomma -Wblock-capture-autoreleasing -Wstrict-prototypes -Wrange-loop-analysis -Wno-semicolon-before-method-body -Wunguarded-availability -index-store-path /Users/jonahmicahinguito/Library/Developer/Xcode/DerivedData/rotaractconnect-cjwcbdlngckcsaantafkjnfzfbdk/Index.noindex/DataStore @/Users/jonahmicahinguito/Library/Developer/Xcode/DerivedData/rotaractconnect-cjwcbdlngckcsaantafkjnfzfbdk/Build/Intermediates.noindex/Pods.build/Debug-iphoneos/React-Core.build/Objects-normal/arm64/af3fcb34312c57c0f52879cdce924b91-common-args.resp -DUSE_HERMES\=1 -include /Users/jonahmicahinguito/dev/rotaract-connect/ios/Pods/Target\ Support\ Files/React-Core/React-Core-prefix.pch -MMD -MT dependencies -MF /Users/jonahmicahinguito/Library/Developer/Xcode/DerivedData/rotaractconnect-cjwcbdlngckcsaantafkjnfzfbdk/Build/Intermediates.noindex/Pods.build/Debug-iphoneos/React-Core.build/Objects-normal/arm64/RCTUIManager.d --serialize-diagnostics /Users/jonahmicahinguito/Library/Developer/Xcode/DerivedData/rotaractconnect-cjwcbdlngckcsaantafkjnfzfbdk/Build/Intermediates.noindex/Pods.build/Debug-iphoneos/React-Core.build/Objects-normal/arm64/RCTUIManager.dia -c /Users/jonahmicahinguito/dev/rotaract-connect/node_modules/react-native/React/Modules/RCTUIManager.mm -o /Users/jonahmicahinguito/Library/Developer/Xcode/DerivedData/rotaractconnect-cjwcbdlngckcsaantafkjnfzfbdk/Build/Intermediates.noindex/Pods.build/Debug-iphoneos/React-Core.build/Objects-normal/arm64/RCTUIManager.o -index-unit-output-path /Pods.build/Debug-iphoneos/React-Core.build/Objects-normal/arm64/RCTUIManager.o

In file included from /Users/jonahmicahinguito/dev/rotaract-connect/node_modules/react-native/React/Modules/RCTUIManager.mm:32:
/Users/jonahmicahinguito/dev/rotaract-connect/node_modules/react-native/React/Views/RCTShadowView+Internal.h:16:40: warning: 'RCTRootShadowView' is deprecated: This API will be removed along with the legacy architecture. [-Wdeprecated-declarations]
   16 | @property (nonatomic, weak, readwrite) RCTRootShadowView *rootView;
      |                                        ^
In file included from /Users/jonahmicahinguito/dev/rotaract-connect/node_modules/react-native/React/Modules/RCTUIManager.mm:29:
/Users/jonahmicahinguito/dev/rotaract-connect/node_modules/react-native/React/Views/RCTRootShadowView.h:11:16: note: 'RCTRootShadowView' has been explicitly marked deprecated here
   11 | __attribute__((deprecated("This API will be removed along with the legacy architecture.")))
      |                ^
1 warning generated.

/Users/jonahmicahinguito/dev/rotaract-connect/node_modules/react-native/React/Views/RCTShadowView+Internal.h:16:40: 'RCTRootShadowView' is deprecated: This API will be removed along with the legacy architecture.

CompileC /Users/jonahmicahinguito/Library/Developer/Xcode/DerivedData/rotaractconnect-cjwcbdlngckcsaantafkjnfzfbdk/Build/Intermediates.noindex/Pods.build/Debug-iphoneos/React-Core.build/Objects-normal/arm64/RCTSurfaceHostingView.o /Users/jonahmicahinguito/dev/rotaract-connect/node_modules/react-native/React/Base/Surface/SurfaceHostingView/RCTSurfaceHostingView.mm normal arm64 objective-c++ com.apple.compilers.llvm.clang.1_0.compiler (in target 'React-Core' from project 'Pods')
    cd /Users/jonahmicahinguito/dev/rotaract-connect/ios/Pods
    
    Using response file: /Users/jonahmicahinguito/Library/Developer/Xcode/DerivedData/rotaractconnect-cjwcbdlngckcsaantafkjnfzfbdk/Build/Intermediates.noindex/Pods.build/Debug-iphoneos/React-Core.build/Objects-normal/arm64/af3fcb34312c57c0f52879cdce924b91-common-args.resp
    
    /Applications/Xcode.app/Contents/Developer/Toolchains/XcodeDefault.xctoolchain/usr/bin/clang -x objective-c++ -ivfsstatcache /Users/jonahmicahinguito/Library/Developer/Xcode/DerivedData/SDKStatCaches.noindex/iphoneos26.5-23F81a-32daed1954a7d5dd0789fcaf2a9bb78b.sdkstatcache -target arm64-apple-ios15.1 -fmessage-length\=0 -fdiagnostics-show-note-include-stack -fmacro-backtrace-limit\=0 -fno-color-diagnostics -fmodules-prune-interval\=86400 -fmodules-prune-after\=345600 -fbuild-session-file\=/Users/jonahmicahinguito/Library/Developer/Xcode/DerivedData/ModuleCache.noindex/Session.modulevalidation -fmodules-validate-once-per-build-session -Wnon-modular-include-in-framework-module -Werror\=non-modular-include-in-framework-module -Wno-trigraphs -Wno-missing-field-initializers -Wno-missing-prototypes -Werror\=return-type -Wdocumentation -Wunreachable-code -Wno-implicit-atomic-properties -Werror\=deprecated-objc-isa-usage -Wno-objc-interface-ivars -Werror\=objc-root-class -Wno-arc-repeated-use-of-weak -Wimplicit-retain-self -Wno-non-virtual-dtor -Wno-overloaded-virtual -Wno-exit-time-destructors -Wduplicate-method-match -Wno-missing-braces -Wparentheses -Wswitch -Wunused-function -Wno-unused-label -Wno-unused-parameter -Wunused-variable -Wunused-value -Wempty-body -Wuninitialized -Wconditional-uninitialized -Wno-unknown-pragmas -Wno-shadow -Wno-four-char-constants -Wno-conversion -Wconstant-conversion -Wint-conversion -Wbool-conversion -Wenum-conversion -Wno-float-conversion -Wnon-literal-null-conversion -Wobjc-literal-conversion -Wshorten-64-to-32 -Wno-newline-eof -Wno-selector -Wno-strict-selector-match -Wundeclared-selector -Wdeprecated-implementations -Wno-c++11-extensions -Wno-implicit-fallthrough -isysroot /Applications/Xcode.app/Contents/Developer/Platforms/iPhoneOS.platform/Developer/SDKs/iPhoneOS26.5.sdk -fstrict-aliasing -Wprotocol -Wdeprecated-declarations -Winvalid-offsetof -Wno-sign-conversion -Winfinite-recursion -Wmove -Wcomma -Wblock-capture-autoreleasing -Wstrict-prototypes -Wrange-loop-analysis -Wno-semicolon-before-method-body -Wunguarded-availability -index-store-path /Users/jonahmicahinguito/Library/Developer/Xcode/DerivedData/rotaractconnect-cjwcbdlngckcsaantafkjnfzfbdk/Index.noindex/DataStore @/Users/jonahmicahinguito/Library/Developer/Xcode/DerivedData/rotaractconnect-cjwcbdlngckcsaantafkjnfzfbdk/Build/Intermediates.noindex/Pods.build/Debug-iphoneos/React-Core.build/Objects-normal/arm64/af3fcb34312c57c0f52879cdce924b91-common-args.resp -DUSE_HERMES\=1 -include /Users/jonahmicahinguito/dev/rotaract-connect/ios/Pods/Target\ Support\ Files/React-Core/React-Core-prefix.pch -MMD -MT dependencies -MF /Users/jonahmicahinguito/Library/Developer/Xcode/DerivedData/rotaractconnect-cjwcbdlngckcsaantafkjnfzfbdk/Build/Intermediates.noindex/Pods.build/Debug-iphoneos/React-Core.build/Objects-normal/arm64/RCTSurfaceHostingView.d --serialize-diagnostics /Users/jonahmicahinguito/Library/Developer/Xcode/DerivedData/rotaractconnect-cjwcbdlngckcsaantafkjnfzfbdk/Build/Intermediates.noindex/Pods.build/Debug-iphoneos/React-Core.build/Objects-normal/arm64/RCTSurfaceHostingView.dia -c /Users/jonahmicahinguito/dev/rotaract-connect/node_modules/react-native/React/Base/Surface/SurfaceHostingView/RCTSurfaceHostingView.mm -o /Users/jonahmicahinguito/Library/Developer/Xcode/DerivedData/rotaractconnect-cjwcbdlngckcsaantafkjnfzfbdk/Build/Intermediates.noindex/Pods.build/Debug-iphoneos/React-Core.build/Objects-normal/arm64/RCTSurfaceHostingView.o -index-unit-output-path /Pods.build/Debug-iphoneos/React-Core.build/Objects-normal/arm64/RCTSurfaceHostingView.o

/Users/jonahmicahinguito/dev/rotaract-connect/node_modules/react-native/React/Base/Surface/SurfaceHostingView/RCTSurfaceHostingView.mm:240:27: warning: 'RCTSurface' is deprecated: This API will be removed along with the legacy architecture. [-Wdeprecated-declarations]
  240 | - (void)surface:(__unused RCTSurface *)surface didChangeStage:(RCTSurfaceStage)stage
      |                           ^
In file included from /Users/jonahmicahinguito/dev/rotaract-connect/node_modules/react-native/React/Base/Surface/SurfaceHostingView/RCTSurfaceHostingView.mm:8:
In file included from /Users/jonahmicahinguito/dev/rotaract-connect/node_modules/react-native/React/Base/Surface/SurfaceHostingView/RCTSurfaceHostingView.h:10:
In file included from /Users/jonahmicahinguito/dev/rotaract-connect/ios/Pods/Headers/Private/React-Core/React/RCTSurfaceDelegate.h:10:
/Users/jonahmicahinguito/dev/rotaract-connect/ios/Pods/Headers/Private/React-Core/React/RCTSurface.h:37:1: note: 'RCTSurface' has been explicitly marked deprecated here
   37 | __deprecated_msg("This API will be removed along with the legacy architecture.") @interface RCTSurface
      | ^
In file included from <built-in>:1:
In file included from /Users/jonahmicahinguito/dev/rotaract-connect/ios/Pods/Target Support Files/React-Core/React-Core-prefix.pch:2:
In file included from /Applications/Xcode.app/Contents/Developer/Platforms/iPhoneOS.platform/Developer/SDKs/iPhoneOS26.5.sdk/System/Library/Frameworks/UIKit.framework/Headers/UIKit.h:8:
In file included from /Applications/Xcode.app/Contents/Developer/Platforms/iPhoneOS.platform/Developer/SDKs/iPhoneOS26.5.sdk/System/Library/Frameworks/Foundation.framework/Headers/Foundation.h:6:
In file included from /Applications/Xcode.app/Contents/Developer/Platforms/iPhoneOS.platform/Developer/SDKs/iPhoneOS26.5.sdk/System/Library/Frameworks/CoreFoundation.framework/Headers/CoreFoundation.h:18:
In file included from /Applications/Xcode.app/Contents/Developer/Platforms/iPhoneOS.platform/Developer/SDKs/iPhoneOS26.5.sdk/usr/include/sys/types.h:75:
/Applications/Xcode.app/Contents/Developer/Platforms/iPhoneOS.platform/Developer/SDKs/iPhoneOS26.5.sdk/usr/include/sys/cdefs.h:227:48: note: expanded from macro '__deprecated_msg'
  227 |         #define __deprecated_msg(_msg) __attribute__((__deprecated__(_msg)))
      |                                                       ^
/Users/jonahmicahinguito/dev/rotaract-connect/node_modules/react-native/React/Base/Surface/SurfaceHostingView/RCTSurfaceHostingView.mm:247:27: warning: 'RCTSurface' is deprecated: This API will be removed along with the legacy architecture. [-Wdeprecated-declarations]
  247 | - (void)surface:(__unused RCTSurface *)surface didChangeIntrinsicSize:(__unused CGSize)intrinsicSize
      |                           ^
In file included from /Users/jonahmicahinguito/dev/rotaract-connect/node_modules/react-native/React/Base/Surface/SurfaceHostingView/RCTSurfaceHostingView.mm:8:
In file included from /Users/jonahmicahinguito/dev/rotaract-connect/node_modules/react-native/React/Base/Surface/SurfaceHostingView/RCTSurfaceHostingView.h:10:
In file included from /Users/jonahmicahinguito/dev/rotaract-connect/ios/Pods/Headers/Private/React-Core/React/RCTSurfaceDelegate.h:10:
/Users/jonahmicahinguito/dev/rotaract-connect/ios/Pods/Headers/Private/React-Core/React/RCTSurface.h:37:1: note: 'RCTSurface' has been explicitly marked deprecated here
   37 | __deprecated_msg("This API will be removed along with the legacy architecture.") @interface RCTSurface
      | ^
In file included from <built-in>:1:
In file included from /Users/jonahmicahinguito/dev/rotaract-connect/ios/Pods/Target Support Files/React-Core/React-Core-prefix.pch:2:
In file included from /Applications/Xcode.app/Contents/Developer/Platforms/iPhoneOS.platform/Developer/SDKs/iPhoneOS26.5.sdk/System/Library/Frameworks/UIKit.framework/Headers/UIKit.h:8:
In file included from /Applications/Xcode.app/Contents/Developer/Platforms/iPhoneOS.platform/Developer/SDKs/iPhoneOS26.5.sdk/System/Library/Frameworks/Foundation.framework/Headers/Foundation.h:6:
In file included from /Applications/Xcode.app/Contents/Developer/Platforms/iPhoneOS.platform/Developer/SDKs/iPhoneOS26.5.sdk/System/Library/Frameworks/CoreFoundation.framework/Headers/CoreFoundation.h:18:
In file included from /Applications/Xcode.app/Contents/Developer/Platforms/iPhoneOS.platform/Developer/SDKs/iPhoneOS26.5.sdk/usr/include/sys/types.h:75:
/Applications/Xcode.app/Contents/Developer/Platforms/iPhoneOS.platform/Developer/SDKs/iPhoneOS26.5.sdk/usr/include/sys/cdefs.h:227:48: note: expanded from macro '__deprecated_msg'
  227 |         #define __deprecated_msg(_msg) __attribute__((__deprecated__(_msg)))
      |                                                       ^
2 warnings generated.

/Users/jonahmicahinguito/dev/rotaract-connect/node_modules/react-native/React/Base/Surface/SurfaceHostingView/RCTSurfaceHostingView.mm:240:27: 'RCTSurface' is deprecated: This API will be removed along with the legacy architecture.

/Users/jonahmicahinguito/dev/rotaract-connect/node_modules/react-native/React/Base/Surface/SurfaceHostingView/RCTSurfaceHostingView.mm:247:27: 'RCTSurface' is deprecated: This API will be removed along with the legacy architecture.

CompileC /Users/jonahmicahinguito/Library/Developer/Xcode/DerivedData/rotaractconnect-cjwcbdlngckcsaantafkjnfzfbdk/Build/Intermediates.noindex/Pods.build/Debug-iphoneos/React-Core.build/Objects-normal/arm64/RCTSurfaceHostingProxyRootView.o /Users/jonahmicahinguito/dev/rotaract-connect/node_modules/react-native/React/Base/Surface/SurfaceHostingView/RCTSurfaceHostingProxyRootView.mm normal arm64 objective-c++ com.apple.compilers.llvm.clang.1_0.compiler (in target 'React-Core' from project 'Pods')
    cd /Users/jonahmicahinguito/dev/rotaract-connect/ios/Pods
    
    Using response file: /Users/jonahmicahinguito/Library/Developer/Xcode/DerivedData/rotaractconnect-cjwcbdlngckcsaantafkjnfzfbdk/Build/Intermediates.noindex/Pods.build/Debug-iphoneos/React-Core.build/Objects-normal/arm64/af3fcb34312c57c0f52879cdce924b91-common-args.resp
    
    /Applications/Xcode.app/Contents/Developer/Toolchains/XcodeDefault.xctoolchain/usr/bin/clang -x objective-c++ -ivfsstatcache /Users/jonahmicahinguito/Library/Developer/Xcode/DerivedData/SDKStatCaches.noindex/iphoneos26.5-23F81a-32daed1954a7d5dd0789fcaf2a9bb78b.sdkstatcache -target arm64-apple-ios15.1 -fmessage-length\=0 -fdiagnostics-show-note-include-stack -fmacro-backtrace-limit\=0 -fno-color-diagnostics -fmodules-prune-interval\=86400 -fmodules-prune-after\=345600 -fbuild-session-file\=/Users/jonahmicahinguito/Library/Developer/Xcode/DerivedData/ModuleCache.noindex/Session.modulevalidation -fmodules-validate-once-per-build-session -Wnon-modular-include-in-framework-module -Werror\=non-modular-include-in-framework-module -Wno-trigraphs -Wno-missing-field-initializers -Wno-missing-prototypes -Werror\=return-type -Wdocumentation -Wunreachable-code -Wno-implicit-atomic-properties -Werror\=deprecated-objc-isa-usage -Wno-objc-interface-ivars -Werror\=objc-root-class -Wno-arc-repeated-use-of-weak -Wimplicit-retain-self -Wno-non-virtual-dtor -Wno-overloaded-virtual -Wno-exit-time-destructors -Wduplicate-method-match -Wno-missing-braces -Wparentheses -Wswitch -Wunused-function -Wno-unused-label -Wno-unused-parameter -Wunused-variable -Wunused-value -Wempty-body -Wuninitialized -Wconditional-uninitialized -Wno-unknown-pragmas -Wno-shadow -Wno-four-char-constants -Wno-conversion -Wconstant-conversion -Wint-conversion -Wbool-conversion -Wenum-conversion -Wno-float-conversion -Wnon-literal-null-conversion -Wobjc-literal-conversion -Wshorten-64-to-32 -Wno-newline-eof -Wno-selector -Wno-strict-selector-match -Wundeclared-selector -Wdeprecated-implementations -Wno-c++11-extensions -Wno-implicit-fallthrough -isysroot /Applications/Xcode.app/Contents/Developer/Platforms/iPhoneOS.platform/Developer/SDKs/iPhoneOS26.5.sdk -fstrict-aliasing -Wprotocol -Wdeprecated-declarations -Winvalid-offsetof -Wno-sign-conversion -Winfinite-recursion -Wmove -Wcomma -Wblock-capture-autoreleasing -Wstrict-prototypes -Wrange-loop-analysis -Wno-semicolon-before-method-body -Wunguarded-availability -index-store-path /Users/jonahmicahinguito/Library/Developer/Xcode/DerivedData/rotaractconnect-cjwcbdlngckcsaantafkjnfzfbdk/Index.noindex/DataStore @/Users/jonahmicahinguito/Library/Developer/Xcode/DerivedData/rotaractconnect-cjwcbdlngckcsaantafkjnfzfbdk/Build/Intermediates.noindex/Pods.build/Debug-iphoneos/React-Core.build/Objects-normal/arm64/af3fcb34312c57c0f52879cdce924b91-common-args.resp -DUSE_HERMES\=1 -include /Users/jonahmicahinguito/dev/rotaract-connect/ios/Pods/Target\ Support\ Files/React-Core/React-Core-prefix.pch -MMD -MT dependencies -MF /Users/jonahmicahinguito/Library/Developer/Xcode/DerivedData/rotaractconnect-cjwcbdlngckcsaantafkjnfzfbdk/Build/Intermediates.noindex/Pods.build/Debug-iphoneos/React-Core.build/Objects-normal/arm64/RCTSurfaceHostingProxyRootView.d --serialize-diagnostics /Users/jonahmicahinguito/Library/Developer/Xcode/DerivedData/rotaractconnect-cjwcbdlngckcsaantafkjnfzfbdk/Build/Intermediates.noindex/Pods.build/Debug-iphoneos/React-Core.build/Objects-normal/arm64/RCTSurfaceHostingProxyRootView.dia -c /Users/jonahmicahinguito/dev/rotaract-connect/node_modules/react-native/React/Base/Surface/SurfaceHostingView/RCTSurfaceHostingProxyRootView.mm -o /Users/jonahmicahinguito/Library/Developer/Xcode/DerivedData/rotaractconnect-cjwcbdlngckcsaantafkjnfzfbdk/Build/Intermediates.noindex/Pods.build/Debug-iphoneos/React-Core.build/Objects-normal/arm64/RCTSurfaceHostingProxyRootView.o -index-unit-output-path /Pods.build/Debug-iphoneos/React-Core.build/Objects-normal/arm64/RCTSurfaceHostingProxyRootView.o

/Users/jonahmicahinguito/dev/rotaract-connect/node_modules/react-native/React/Base/Surface/SurfaceHostingView/RCTSurfaceHostingProxyRootView.mm:119:18: warning: 'RCTSurface' is deprecated: This API will be removed along with the legacy architecture. [-Wdeprecated-declarations]
  119 | - (void)surface:(RCTSurface *)surface didChangeStage:(RCTSurfaceStage)stage
      |                  ^
In file included from /Users/jonahmicahinguito/dev/rotaract-connect/node_modules/react-native/React/Base/Surface/SurfaceHostingView/RCTSurfaceHostingProxyRootView.mm:8:
In file included from /Users/jonahmicahinguito/dev/rotaract-connect/node_modules/react-native/React/Base/Surface/SurfaceHostingView/RCTSurfaceHostingProxyRootView.h:13:
In file included from /Users/jonahmicahinguito/dev/rotaract-connect/node_modules/react-native/React/Base/Surface/SurfaceHostingView/RCTSurfaceHostingView.h:10:
In file included from /Users/jonahmicahinguito/dev/rotaract-connect/ios/Pods/Headers/Private/React-Core/React/RCTSurfaceDelegate.h:10:
/Users/jonahmicahinguito/dev/rotaract-connect/ios/Pods/Headers/Private/React-Core/React/RCTSurface.h:37:1: note: 'RCTSurface' has been explicitly marked deprecated here
   37 | __deprecated_msg("This API will be removed along with the legacy architecture.") @interface RCTSurface
      | ^
In file included from <built-in>:1:
In file included from /Users/jonahmicahinguito/dev/rotaract-connect/ios/Pods/Target Support Files/React-Core/React-Core-prefix.pch:2:
In file included from /Applications/Xcode.app/Contents/Developer/Platforms/iPhoneOS.platform/Developer/SDKs/iPhoneOS26.5.sdk/System/Library/Frameworks/UIKit.framework/Headers/UIKit.h:8:
In file included from /Applications/Xcode.app/Contents/Developer/Platforms/iPhoneOS.platform/Developer/SDKs/iPhoneOS26.5.sdk/System/Library/Frameworks/Foundation.framework/Headers/Foundation.h:6:
In file included from /Applications/Xcode.app/Contents/Developer/Platforms/iPhoneOS.platform/Developer/SDKs/iPhoneOS26.5.sdk/System/Library/Frameworks/CoreFoundation.framework/Headers/CoreFoundation.h:18:
In file included from /Applications/Xcode.app/Contents/Developer/Platforms/iPhoneOS.platform/Developer/SDKs/iPhoneOS26.5.sdk/usr/include/sys/types.h:75:
/Applications/Xcode.app/Contents/Developer/Platforms/iPhoneOS.platform/Developer/SDKs/iPhoneOS26.5.sdk/usr/include/sys/cdefs.h:227:48: note: expanded from macro '__deprecated_msg'
  227 |         #define __deprecated_msg(_msg) __attribute__((__deprecated__(_msg)))
      |                                                       ^
/Users/jonahmicahinguito/dev/rotaract-connect/node_modules/react-native/React/Base/Surface/SurfaceHostingView/RCTSurfaceHostingProxyRootView.mm:134:18: warning: 'RCTSurface' is deprecated: This API will be removed along with the legacy architecture. [-Wdeprecated-declarations]
  134 | - (void)surface:(RCTSurface *)surface didChangeIntrinsicSize:(CGSize)intrinsicSize
      |                  ^
In file included from /Users/jonahmicahinguito/dev/rotaract-connect/node_modules/react-native/React/Base/Surface/SurfaceHostingView/RCTSurfaceHostingProxyRootView.mm:8:
In file included from /Users/jonahmicahinguito/dev/rotaract-connect/node_modules/react-native/React/Base/Surface/SurfaceHostingView/RCTSurfaceHostingProxyRootView.h:13:
In file included from /Users/jonahmicahinguito/dev/rotaract-connect/node_modules/react-native/React/Base/Surface/SurfaceHostingView/RCTSurfaceHostingView.h:10:
In file included from /Users/jonahmicahinguito/dev/rotaract-connect/ios/Pods/Headers/Private/React-Core/React/RCTSurfaceDelegate.h:10:
/Users/jonahmicahinguito/dev/rotaract-connect/ios/Pods/Headers/Private/React-Core/React/RCTSurface.h:37:1: note: 'RCTSurface' has been explicitly marked deprecated here
   37 | __deprecated_msg("This API will be removed along with the legacy architecture.") @interface RCTSurface
      | ^
In file included from <built-in>:1:
In file included from /Users/jonahmicahinguito/dev/rotaract-connect/ios/Pods/Target Support Files/React-Core/React-Core-prefix.pch:2:
In file included from /Applications/Xcode.app/Contents/Developer/Platforms/iPhoneOS.platform/Developer/SDKs/iPhoneOS26.5.sdk/System/Library/Frameworks/UIKit.framework/Headers/UIKit.h:8:
In file included from /Applications/Xcode.app/Contents/Developer/Platforms/iPhoneOS.platform/Developer/SDKs/iPhoneOS26.5.sdk/System/Library/Frameworks/Foundation.framework/Headers/Foundation.h:6:
In file included from /Applications/Xcode.app/Contents/Developer/Platforms/iPhoneOS.platform/Developer/SDKs/iPhoneOS26.5.sdk/System/Library/Frameworks/CoreFoundation.framework/Headers/CoreFoundation.h:18:
In file included from /Applications/Xcode.app/Contents/Developer/Platforms/iPhoneOS.platform/Developer/SDKs/iPhoneOS26.5.sdk/usr/include/sys/types.h:75:
/Applications/Xcode.app/Contents/Developer/Platforms/iPhoneOS.platform/Developer/SDKs/iPhoneOS26.5.sdk/usr/include/sys/cdefs.h:227:48: note: expanded from macro '__deprecated_msg'
  227 |         #define __deprecated_msg(_msg) __attribute__((__deprecated__(_msg)))
      |                                                       ^
/Users/jonahmicahinguito/dev/rotaract-connect/node_modules/react-native/React/Base/Surface/SurfaceHostingView/RCTSurfaceHostingProxyRootView.mm:138:46: warning: 'RCTRootView' is deprecated: This API will be removed along with the legacy architecture. [-Wdeprecated-declarations]
  138 |   [_delegate rootViewDidChangeIntrinsicSize:(RCTRootView *)self];
      |                                              ^
In file included from /Users/jonahmicahinguito/dev/rotaract-connect/node_modules/react-native/React/Base/Surface/SurfaceHostingView/RCTSurfaceHostingProxyRootView.mm:8:
In file included from /Users/jonahmicahinguito/dev/rotaract-connect/node_modules/react-native/React/Base/Surface/SurfaceHostingView/RCTSurfaceHostingProxyRootView.h:11:
/Users/jonahmicahinguito/dev/rotaract-connect/ios/Pods/Headers/Private/React-Core/React/RCTRootView.h:52:1: note: 'RCTRootView' has been explicitly marked deprecated here
   52 | __deprecated_msg("This API will be removed along with the legacy architecture.") @interface RCTRootView : UIView
      | ^
In file included from <built-in>:1:
In file included from /Users/jonahmicahinguito/dev/rotaract-connect/ios/Pods/Target Support Files/React-Core/React-Core-prefix.pch:2:
In file included from /Applications/Xcode.app/Contents/Developer/Platforms/iPhoneOS.platform/Developer/SDKs/iPhoneOS26.5.sdk/System/Library/Frameworks/UIKit.framework/Headers/UIKit.h:8:
In file included from /Applications/Xcode.app/Contents/Developer/Platforms/iPhoneOS.platform/Developer/SDKs/iPhoneOS26.5.sdk/System/Library/Frameworks/Foundation.framework/Headers/Foundation.h:6:
In file included from /Applications/Xcode.app/Contents/Developer/Platforms/iPhoneOS.platform/Developer/SDKs/iPhoneOS26.5.sdk/System/Library/Frameworks/CoreFoundation.framework/Headers/CoreFoundation.h:18:
In file included from /Applications/Xcode.app/Contents/Developer/Platforms/iPhoneOS.platform/Developer/SDKs/iPhoneOS26.5.sdk/usr/include/sys/types.h:75:
/Applications/Xcode.app/Contents/Developer/Platforms/iPhoneOS.platform/Developer/SDKs/iPhoneOS26.5.sdk/usr/include/sys/cdefs.h:227:48: note: expanded from macro '__deprecated_msg'
  227 |         #define __deprecated_msg(_msg) __attribute__((__deprecated__(_msg)))
      |                                                       ^
3 warnings generated.

/Users/jonahmicahinguito/dev/rotaract-connect/node_modules/react-native/React/Base/Surface/SurfaceHostingView/RCTSurfaceHostingProxyRootView.mm:119:18: 'RCTSurface' is deprecated: This API will be removed along with the legacy architecture.

/Users/jonahmicahinguito/dev/rotaract-connect/node_modules/react-native/React/Base/Surface/SurfaceHostingView/RCTSurfaceHostingProxyRootView.mm:134:18: 'RCTSurface' is deprecated: This API will be removed along with the legacy architecture.

/Users/jonahmicahinguito/dev/rotaract-connect/node_modules/react-native/React/Base/Surface/SurfaceHostingView/RCTSurfaceHostingProxyRootView.mm:138:46: 'RCTRootView' is deprecated: This API will be removed along with the legacy architecture.

CompileC /Users/jonahmicahinguito/Library/Developer/Xcode/DerivedData/rotaractconnect-cjwcbdlngckcsaantafkjnfzfbdk/Build/Intermediates.noindex/Pods.build/Debug-iphoneos/React-Core.build/Objects-normal/arm64/RCTSurface.o /Users/jonahmicahinguito/dev/rotaract-connect/node_modules/react-native/React/Base/Surface/RCTSurface.mm normal arm64 objective-c++ com.apple.compilers.llvm.clang.1_0.compiler (in target 'React-Core' from project 'Pods')
    cd /Users/jonahmicahinguito/dev/rotaract-connect/ios/Pods
    
    Using response file: /Users/jonahmicahinguito/Library/Developer/Xcode/DerivedData/rotaractconnect-cjwcbdlngckcsaantafkjnfzfbdk/Build/Intermediates.noindex/Pods.build/Debug-iphoneos/React-Core.build/Objects-normal/arm64/af3fcb34312c57c0f52879cdce924b91-common-args.resp
    
    /Applications/Xcode.app/Contents/Developer/Toolchains/XcodeDefault.xctoolchain/usr/bin/clang -x objective-c++ -ivfsstatcache /Users/jonahmicahinguito/Library/Developer/Xcode/DerivedData/SDKStatCaches.noindex/iphoneos26.5-23F81a-32daed1954a7d5dd0789fcaf2a9bb78b.sdkstatcache -target arm64-apple-ios15.1 -fmessage-length\=0 -fdiagnostics-show-note-include-stack -fmacro-backtrace-limit\=0 -fno-color-diagnostics -fmodules-prune-interval\=86400 -fmodules-prune-after\=345600 -fbuild-session-file\=/Users/jonahmicahinguito/Library/Developer/Xcode/DerivedData/ModuleCache.noindex/Session.modulevalidation -fmodules-validate-once-per-build-session -Wnon-modular-include-in-framework-module -Werror\=non-modular-include-in-framework-module -Wno-trigraphs -Wno-missing-field-initializers -Wno-missing-prototypes -Werror\=return-type -Wdocumentation -Wunreachable-code -Wno-implicit-atomic-properties -Werror\=deprecated-objc-isa-usage -Wno-objc-interface-ivars -Werror\=objc-root-class -Wno-arc-repeated-use-of-weak -Wimplicit-retain-self -Wno-non-virtual-dtor -Wno-overloaded-virtual -Wno-exit-time-destructors -Wduplicate-method-match -Wno-missing-braces -Wparentheses -Wswitch -Wunused-function -Wno-unused-label -Wno-unused-parameter -Wunused-variable -Wunused-value -Wempty-body -Wuninitialized -Wconditional-uninitialized -Wno-unknown-pragmas -Wno-shadow -Wno-four-char-constants -Wno-conversion -Wconstant-conversion -Wint-conversion -Wbool-conversion -Wenum-conversion -Wno-float-conversion -Wnon-literal-null-conversion -Wobjc-literal-conversion -Wshorten-64-to-32 -Wno-newline-eof -Wno-selector -Wno-strict-selector-match -Wundeclared-selector -Wdeprecated-implementations -Wno-c++11-extensions -Wno-implicit-fallthrough -isysroot /Applications/Xcode.app/Contents/Developer/Platforms/iPhoneOS.platform/Developer/SDKs/iPhoneOS26.5.sdk -fstrict-aliasing -Wprotocol -Wdeprecated-declarations -Winvalid-offsetof -Wno-sign-conversion -Winfinite-recursion -Wmove -Wcomma -Wblock-capture-autoreleasing -Wstrict-prototypes -Wrange-loop-analysis -Wno-semicolon-before-method-body -Wunguarded-availability -index-store-path /Users/jonahmicahinguito/Library/Developer/Xcode/DerivedData/rotaractconnect-cjwcbdlngckcsaantafkjnfzfbdk/Index.noindex/DataStore @/Users/jonahmicahinguito/Library/Developer/Xcode/DerivedData/rotaractconnect-cjwcbdlngckcsaantafkjnfzfbdk/Build/Intermediates.noindex/Pods.build/Debug-iphoneos/React-Core.build/Objects-normal/arm64/af3fcb34312c57c0f52879cdce924b91-common-args.resp -DUSE_HERMES\=1 -include /Users/jonahmicahinguito/dev/rotaract-connect/ios/Pods/Target\ Support\ Files/React-Core/React-Core-prefix.pch -MMD -MT dependencies -MF /Users/jonahmicahinguito/Library/Developer/Xcode/DerivedData/rotaractconnect-cjwcbdlngckcsaantafkjnfzfbdk/Build/Intermediates.noindex/Pods.build/Debug-iphoneos/React-Core.build/Objects-normal/arm64/RCTSurface.d --serialize-diagnostics /Users/jonahmicahinguito/Library/Developer/Xcode/DerivedData/rotaractconnect-cjwcbdlngckcsaantafkjnfzfbdk/Build/Intermediates.noindex/Pods.build/Debug-iphoneos/React-Core.build/Objects-normal/arm64/RCTSurface.dia -c /Users/jonahmicahinguito/dev/rotaract-connect/node_modules/react-native/React/Base/Surface/RCTSurface.mm -o /Users/jonahmicahinguito/Library/Developer/Xcode/DerivedData/rotaractconnect-cjwcbdlngckcsaantafkjnfzfbdk/Build/Intermediates.noindex/Pods.build/Debug-iphoneos/React-Core.build/Objects-normal/arm64/RCTSurface.o -index-unit-output-path /Pods.build/Debug-iphoneos/React-Core.build/Objects-normal/arm64/RCTSurface.o

/Users/jonahmicahinguito/dev/rotaract-connect/node_modules/react-native/React/Base/Surface/RCTSurface.mm:610:17: warning: implementing deprecated class [-Wdeprecated-implementations]
  610 | @implementation RCTSurface
      |                 ^
In file included from /Users/jonahmicahinguito/dev/rotaract-connect/node_modules/react-native/React/Base/Surface/RCTSurface.mm:8:
/Users/jonahmicahinguito/dev/rotaract-connect/node_modules/react-native/React/Base/Surface/RCTSurface.h:37:93: note: class declared here
   37 | __deprecated_msg("This API will be removed along with the legacy architecture.") @interface RCTSurface
      |                                                                                             ^
1 warning generated.

/Users/jonahmicahinguito/dev/rotaract-connect/node_modules/react-native/React/Base/Surface/RCTSurface.mm:610:17: Implementing deprecated class

CompileC /Users/jonahmicahinguito/Library/Developer/Xcode/DerivedData/rotaractconnect-cjwcbdlngckcsaantafkjnfzfbdk/Build/Intermediates.noindex/Pods.build/Debug-iphoneos/React-Core.build/Objects-normal/arm64/RCTPerformanceLogger.o /Users/jonahmicahinguito/dev/rotaract-connect/node_modules/react-native/React/Base/RCTPerformanceLogger.mm normal arm64 objective-c++ com.apple.compilers.llvm.clang.1_0.compiler (in target 'React-Core' from project 'Pods')
    cd /Users/jonahmicahinguito/dev/rotaract-connect/ios/Pods
    
    Using response file: /Users/jonahmicahinguito/Library/Developer/Xcode/DerivedData/rotaractconnect-cjwcbdlngckcsaantafkjnfzfbdk/Build/Intermediates.noindex/Pods.build/Debug-iphoneos/React-Core.build/Objects-normal/arm64/af3fcb34312c57c0f52879cdce924b91-common-args.resp
    
    /Applications/Xcode.app/Contents/Developer/Toolchains/XcodeDefault.xctoolchain/usr/bin/clang -x objective-c++ -ivfsstatcache /Users/jonahmicahinguito/Library/Developer/Xcode/DerivedData/SDKStatCaches.noindex/iphoneos26.5-23F81a-32daed1954a7d5dd0789fcaf2a9bb78b.sdkstatcache -target arm64-apple-ios15.1 -fmessage-length\=0 -fdiagnostics-show-note-include-stack -fmacro-backtrace-limit\=0 -fno-color-diagnostics -fmodules-prune-interval\=86400 -fmodules-prune-after\=345600 -fbuild-session-file\=/Users/jonahmicahinguito/Library/Developer/Xcode/DerivedData/ModuleCache.noindex/Session.modulevalidation -fmodules-validate-once-per-build-session -Wnon-modular-include-in-framework-module -Werror\=non-modular-include-in-framework-module -Wno-trigraphs -Wno-missing-field-initializers -Wno-missing-prototypes -Werror\=return-type -Wdocumentation -Wunreachable-code -Wno-implicit-atomic-properties -Werror\=deprecated-objc-isa-usage -Wno-objc-interface-ivars -Werror\=objc-root-class -Wno-arc-repeated-use-of-weak -Wimplicit-retain-self -Wno-non-virtual-dtor -Wno-overloaded-virtual -Wno-exit-time-destructors -Wduplicate-method-match -Wno-missing-braces -Wparentheses -Wswitch -Wunused-function -Wno-unused-label -Wno-unused-parameter -Wunused-variable -Wunused-value -Wempty-body -Wuninitialized -Wconditional-uninitialized -Wno-unknown-pragmas -Wno-shadow -Wno-four-char-constants -Wno-conversion -Wconstant-conversion -Wint-conversion -Wbool-conversion -Wenum-conversion -Wno-float-conversion -Wnon-literal-null-conversion -Wobjc-literal-conversion -Wshorten-64-to-32 -Wno-newline-eof -Wno-selector -Wno-strict-selector-match -Wundeclared-selector -Wdeprecated-implementations -Wno-c++11-extensions -Wno-implicit-fallthrough -isysroot /Applications/Xcode.app/Contents/Developer/Platforms/iPhoneOS.platform/Developer/SDKs/iPhoneOS26.5.sdk -fstrict-aliasing -Wprotocol -Wdeprecated-declarations -Winvalid-offsetof -Wno-sign-conversion -Winfinite-recursion -Wmove -Wcomma -Wblock-capture-autoreleasing -Wstrict-prototypes -Wrange-loop-analysis -Wno-semicolon-before-method-body -Wunguarded-availability -index-store-path /Users/jonahmicahinguito/Library/Developer/Xcode/DerivedData/rotaractconnect-cjwcbdlngckcsaantafkjnfzfbdk/Index.noindex/DataStore @/Users/jonahmicahinguito/Library/Developer/Xcode/DerivedData/rotaractconnect-cjwcbdlngckcsaantafkjnfzfbdk/Build/Intermediates.noindex/Pods.build/Debug-iphoneos/React-Core.build/Objects-normal/arm64/af3fcb34312c57c0f52879cdce924b91-common-args.resp -DUSE_HERMES\=1 -include /Users/jonahmicahinguito/dev/rotaract-connect/ios/Pods/Target\ Support\ Files/React-Core/React-Core-prefix.pch -MMD -MT dependencies -MF /Users/jonahmicahinguito/Library/Developer/Xcode/DerivedData/rotaractconnect-cjwcbdlngckcsaantafkjnfzfbdk/Build/Intermediates.noindex/Pods.build/Debug-iphoneos/React-Core.build/Objects-normal/arm64/RCTPerformanceLogger.d --serialize-diagnostics /Users/jonahmicahinguito/Library/Developer/Xcode/DerivedData/rotaractconnect-cjwcbdlngckcsaantafkjnfzfbdk/Build/Intermediates.noindex/Pods.build/Debug-iphoneos/React-Core.build/Objects-normal/arm64/RCTPerformanceLogger.dia -c /Users/jonahmicahinguito/dev/rotaract-connect/node_modules/react-native/React/Base/RCTPerformanceLogger.mm -o /Users/jonahmicahinguito/Library/Developer/Xcode/DerivedData/rotaractconnect-cjwcbdlngckcsaantafkjnfzfbdk/Build/Intermediates.noindex/Pods.build/Debug-iphoneos/React-Core.build/Objects-normal/arm64/RCTPerformanceLogger.o -index-unit-output-path /Pods.build/Debug-iphoneos/React-Core.build/Objects-normal/arm64/RCTPerformanceLogger.o

/Users/jonahmicahinguito/dev/rotaract-connect/node_modules/react-native/React/Base/RCTPerformanceLogger.mm:50:7: warning: 'RCTProfileIsProfiling' is deprecated: This API will be removed along with the legacy architecture. [-Wdeprecated-declarations]
   50 |   if (RCTProfileIsProfiling()) {
      |       ^
In file included from /Users/jonahmicahinguito/dev/rotaract-connect/node_modules/react-native/React/Base/RCTPerformanceLogger.mm:15:
/Users/jonahmicahinguito/dev/rotaract-connect/node_modules/react-native/React/Profiler/RCTProfile.h:56:5: note: 'RCTProfileIsProfiling' has been explicitly marked deprecated here
   56 |     __deprecated_msg("This API will be removed along with the legacy architecture.");
      |     ^
In file included from <built-in>:1:
In file included from /Users/jonahmicahinguito/dev/rotaract-connect/ios/Pods/Target Support Files/React-Core/React-Core-prefix.pch:2:
In file included from /Applications/Xcode.app/Contents/Developer/Platforms/iPhoneOS.platform/Developer/SDKs/iPhoneOS26.5.sdk/System/Library/Frameworks/UIKit.framework/Headers/UIKit.h:8:
In file included from /Applications/Xcode.app/Contents/Developer/Platforms/iPhoneOS.platform/Developer/SDKs/iPhoneOS26.5.sdk/System/Library/Frameworks/Foundation.framework/Headers/Foundation.h:6:
In file included from /Applications/Xcode.app/Contents/Developer/Platforms/iPhoneOS.platform/Developer/SDKs/iPhoneOS26.5.sdk/System/Library/Frameworks/CoreFoundation.framework/Headers/CoreFoundation.h:18:
In file included from /Applications/Xcode.app/Contents/Developer/Platforms/iPhoneOS.platform/Developer/SDKs/iPhoneOS26.5.sdk/usr/include/sys/types.h:75:
/Applications/Xcode.app/Contents/Developer/Platforms/iPhoneOS.platform/Developer/SDKs/iPhoneOS26.5.sdk/usr/include/sys/cdefs.h:227:48: note: expanded from macro '__deprecated_msg'
  227 |         #define __deprecated_msg(_msg) __attribute__((__deprecated__(_msg)))
      |                                                       ^
/Users/jonahmicahinguito/dev/rotaract-connect/node_modules/react-native/React/Base/RCTPerformanceLogger.mm:52:47: warning: 'RCTProfileTagAlways' is deprecated: This API will be removed along with the legacy architecture. [-Wdeprecated-declarations]
   52 |     _cookies[tag] = RCTProfileBeginAsyncEvent(RCTProfileTagAlways, label, nil);
      |                                               ^
In file included from /Users/jonahmicahinguito/dev/rotaract-connect/node_modules/react-native/React/Base/RCTPerformanceLogger.mm:15:
/Users/jonahmicahinguito/dev/rotaract-connect/node_modules/react-native/React/Profiler/RCTProfile.h:30:12: note: 'RCTProfileTagAlways' has been explicitly marked deprecated here
   30 | RCT_EXTERN __deprecated_msg("This API will be removed along with the legacy architecture.") const uint64_t
      |            ^
In file included from <built-in>:1:
In file included from /Users/jonahmicahinguito/dev/rotaract-connect/ios/Pods/Target Support Files/React-Core/React-Core-prefix.pch:2:
In file included from /Applications/Xcode.app/Contents/Developer/Platforms/iPhoneOS.platform/Developer/SDKs/iPhoneOS26.5.sdk/System/Library/Frameworks/UIKit.framework/Headers/UIKit.h:8:
In file included from /Applications/Xcode.app/Contents/Developer/Platforms/iPhoneOS.platform/Developer/SDKs/iPhoneOS26.5.sdk/System/Library/Frameworks/Foundation.framework/Headers/Foundation.h:6:
In file included from /Applications/Xcode.app/Contents/Developer/Platforms/iPhoneOS.platform/Developer/SDKs/iPhoneOS26.5.sdk/System/Library/Frameworks/CoreFoundation.framework/Headers/CoreFoundation.h:18:
In file included from /Applications/Xcode.app/Contents/Developer/Platforms/iPhoneOS.platform/Developer/SDKs/iPhoneOS26.5.sdk/usr/include/sys/types.h:75:
/Applications/Xcode.app/Contents/Developer/Platforms/iPhoneOS.platform/Developer/SDKs/iPhoneOS26.5.sdk/usr/include/sys/cdefs.h:227:48: note: expanded from macro '__deprecated_msg'
  227 |         #define __deprecated_msg(_msg) __attribute__((__deprecated__(_msg)))
      |                                                       ^
/Users/jonahmicahinguito/dev/rotaract-connect/node_modules/react-native/React/Base/RCTPerformanceLogger.mm:52:21: warning: 'RCTProfileBeginAsyncEvent' is deprecated: This API will be removed along with the legacy architecture. [-Wdeprecated-declarations]
   52 |     _cookies[tag] = RCTProfileBeginAsyncEvent(RCTProfileTagAlways, label, nil);
      |                     ^
In file included from /Users/jonahmicahinguito/dev/rotaract-connect/node_modules/react-native/React/Base/RCTPerformanceLogger.mm:15:
/Users/jonahmicahinguito/dev/rotaract-connect/node_modules/react-native/React/Profiler/RCTProfile.h:135:5: note: 'RCTProfileBeginAsyncEvent' has been explicitly marked deprecated here
  135 |     __deprecated_msg("This API will be removed along with the legacy architecture.");
      |     ^
In file included from <built-in>:1:
In file included from /Users/jonahmicahinguito/dev/rotaract-connect/ios/Pods/Target Support Files/React-Core/React-Core-prefix.pch:2:
In file included from /Applications/Xcode.app/Contents/Developer/Platforms/iPhoneOS.platform/Developer/SDKs/iPhoneOS26.5.sdk/System/Library/Frameworks/UIKit.framework/Headers/UIKit.h:8:
In file included from /Applications/Xcode.app/Contents/Developer/Platforms/iPhoneOS.platform/Developer/SDKs/iPhoneOS26.5.sdk/System/Library/Frameworks/Foundation.framework/Headers/Foundation.h:6:
In file included from /Applications/Xcode.app/Contents/Developer/Platforms/iPhoneOS.platform/Developer/SDKs/iPhoneOS26.5.sdk/System/Library/Frameworks/CoreFoundation.framework/Headers/CoreFoundation.h:18:
In file included from /Applications/Xcode.app/Contents/Developer/Platforms/iPhoneOS.platform/Developer/SDKs/iPhoneOS26.5.sdk/usr/include/sys/types.h:75:
/Applications/Xcode.app/Contents/Developer/Platforms/iPhoneOS.platform/Developer/SDKs/iPhoneOS26.5.sdk/usr/include/sys/cdefs.h:227:48: note: expanded from macro '__deprecated_msg'
  227 |         #define __deprecated_msg(_msg) __attribute__((__deprecated__(_msg)))
      |                                                       ^
/Users/jonahmicahinguito/dev/rotaract-connect/node_modules/react-native/React/Base/RCTPerformanceLogger.mm:69:7: warning: 'RCTProfileIsProfiling' is deprecated: This API will be removed along with the legacy architecture. [-Wdeprecated-declarations]
   69 |   if (RCTProfileIsProfiling()) {
      |       ^
In file included from /Users/jonahmicahinguito/dev/rotaract-connect/node_modules/react-native/React/Base/RCTPerformanceLogger.mm:15:
/Users/jonahmicahinguito/dev/rotaract-connect/node_modules/react-native/React/Profiler/RCTProfile.h:56:5: note: 'RCTProfileIsProfiling' has been explicitly marked deprecated here
   56 |     __deprecated_msg("This API will be removed along with the legacy architecture.");
      |     ^
In file included from <built-in>:1:
In file included from /Users/jonahmicahinguito/dev/rotaract-connect/ios/Pods/Target Support Files/React-Core/React-Core-prefix.pch:2:
In file included from /Applications/Xcode.app/Contents/Developer/Platforms/iPhoneOS.platform/Developer/SDKs/iPhoneOS26.5.sdk/System/Library/Frameworks/UIKit.framework/Headers/UIKit.h:8:
In file included from /Applications/Xcode.app/Contents/Developer/Platforms/iPhoneOS.platform/Developer/SDKs/iPhoneOS26.5.sdk/System/Library/Frameworks/Foundation.framework/Headers/Foundation.h:6:
In file included from /Applications/Xcode.app/Contents/Developer/Platforms/iPhoneOS.platform/Developer/SDKs/iPhoneOS26.5.sdk/System/Library/Frameworks/CoreFoundation.framework/Headers/CoreFoundation.h:18:
In file included from /Applications/Xcode.app/Contents/Developer/Platforms/iPhoneOS.platform/Developer/SDKs/iPhoneOS26.5.sdk/usr/include/sys/types.h:75:
/Applications/Xcode.app/Contents/Developer/Platforms/iPhoneOS.platform/Developer/SDKs/iPhoneOS26.5.sdk/usr/include/sys/cdefs.h:227:48: note: expanded from macro '__deprecated_msg'
  227 |         #define __deprecated_msg(_msg) __attribute__((__deprecated__(_msg)))
      |                                                       ^
/Users/jonahmicahinguito/dev/rotaract-connect/node_modules/react-native/React/Base/RCTPerformanceLogger.mm:71:29: warning: 'RCTProfileTagAlways' is deprecated: This API will be removed along with the legacy architecture. [-Wdeprecated-declarations]
   71 |     RCTProfileEndAsyncEvent(RCTProfileTagAlways, @"native", _cookies[tag], label, @"RCTPerformanceLogger");
      |                             ^
In file included from /Users/jonahmicahinguito/dev/rotaract-connect/node_modules/react-native/React/Base/RCTPerformanceLogger.mm:15:
/Users/jonahmicahinguito/dev/rotaract-connect/node_modules/react-native/React/Profiler/RCTProfile.h:30:12: note: 'RCTProfileTagAlways' has been explicitly marked deprecated here
   30 | RCT_EXTERN __deprecated_msg("This API will be removed along with the legacy architecture.") const uint64_t
      |            ^
In file included from <built-in>:1:
In file included from /Users/jonahmicahinguito/dev/rotaract-connect/ios/Pods/Target Support Files/React-Core/React-Core-prefix.pch:2:
In file included from /Applications/Xcode.app/Contents/Developer/Platforms/iPhoneOS.platform/Developer/SDKs/iPhoneOS26.5.sdk/System/Library/Frameworks/UIKit.framework/Headers/UIKit.h:8:
In file included from /Applications/Xcode.app/Contents/Developer/Platforms/iPhoneOS.platform/Developer/SDKs/iPhoneOS26.5.sdk/System/Library/Frameworks/Foundation.framework/Headers/Foundation.h:6:
In file included from /Applications/Xcode.app/Contents/Developer/Platforms/iPhoneOS.platform/Developer/SDKs/iPhoneOS26.5.sdk/System/Library/Frameworks/CoreFoundation.framework/Headers/CoreFoundation.h:18:
In file included from /Applications/Xcode.app/Contents/Developer/Platforms/iPhoneOS.platform/Developer/SDKs/iPhoneOS26.5.sdk/usr/include/sys/types.h:75:
/Applications/Xcode.app/Contents/Developer/Platforms/iPhoneOS.platform/Developer/SDKs/iPhoneOS26.5.sdk/usr/include/sys/cdefs.h:227:48: note: expanded from macro '__deprecated_msg'
  227 |         #define __deprecated_msg(_msg) __attribute__((__deprecated__(_msg)))
      |                                                       ^
/Users/jonahmicahinguito/dev/rotaract-connect/node_modules/react-native/React/Base/RCTPerformanceLogger.mm:71:5: warning: 'RCTProfileEndAsyncEvent' is deprecated: This API will be removed along with the legacy architecture. [-Wdeprecated-declarations]
   71 |     RCTProfileEndAsyncEvent(RCTProfileTagAlways, @"native", _cookies[tag], label, @"RCTPerformanceLogger");
      |     ^
In file included from /Users/jonahmicahinguito/dev/rotaract-connect/node_modules/react-native/React/Base/RCTPerformanceLogger.mm:15:
/Users/jonahmicahinguito/dev/rotaract-connect/node_modules/react-native/React/Profiler/RCTProfile.h:144:5: note: 'RCTProfileEndAsyncEvent' has been explicitly marked deprecated here
  144 |     __deprecated_msg("This API will be removed along with the legacy architecture.");
      |     ^
In file included from <built-in>:1:
In file included from /Users/jonahmicahinguito/dev/rotaract-connect/ios/Pods/Target Support Files/React-Core/React-Core-prefix.pch:2:
In file included from /Applications/Xcode.app/Contents/Developer/Platforms/iPhoneOS.platform/Developer/SDKs/iPhoneOS26.5.sdk/System/Library/Frameworks/UIKit.framework/Headers/UIKit.h:8:
In file included from /Applications/Xcode.app/Contents/Developer/Platforms/iPhoneOS.platform/Developer/SDKs/iPhoneOS26.5.sdk/System/Library/Frameworks/Foundation.framework/Headers/Foundation.h:6:
In file included from /Applications/Xcode.app/Contents/Developer/Platforms/iPhoneOS.platform/Developer/SDKs/iPhoneOS26.5.sdk/System/Library/Frameworks/CoreFoundation.framework/Headers/CoreFoundation.h:18:
In file included from /Applications/Xcode.app/Contents/Developer/Platforms/iPhoneOS.platform/Developer/SDKs/iPhoneOS26.5.sdk/usr/include/sys/types.h:75:
/Applications/Xcode.app/Contents/Developer/Platforms/iPhoneOS.platform/Developer/SDKs/iPhoneOS26.5.sdk/usr/include/sys/cdefs.h:227:48: note: expanded from macro '__deprecated_msg'
  227 |         #define __deprecated_msg(_msg) __attribute__((__deprecated__(_msg)))
      |                                                       ^
6 warnings generated.

/Users/jonahmicahinguito/dev/rotaract-connect/node_modules/react-native/React/Base/RCTPerformanceLogger.mm:50:7: 'RCTProfileIsProfiling' is deprecated: This API will be removed along with the legacy architecture.

/Users/jonahmicahinguito/dev/rotaract-connect/node_modules/react-native/React/Base/RCTPerformanceLogger.mm:52:47: 'RCTProfileTagAlways' is deprecated: This API will be removed along with the legacy architecture.

/Users/jonahmicahinguito/dev/rotaract-connect/node_modules/react-native/React/Base/RCTPerformanceLogger.mm:52:21: 'RCTProfileBeginAsyncEvent' is deprecated: This API will be removed along with the legacy architecture.

/Users/jonahmicahinguito/dev/rotaract-connect/node_modules/react-native/React/Base/RCTPerformanceLogger.mm:69:7: 'RCTProfileIsProfiling' is deprecated: This API will be removed along with the legacy architecture.

/Users/jonahmicahinguito/dev/rotaract-connect/node_modules/react-native/React/Base/RCTPerformanceLogger.mm:71:29: 'RCTProfileTagAlways' is deprecated: This API will be removed along with the legacy architecture.

/Users/jonahmicahinguito/dev/rotaract-connect/node_modules/react-native/React/Base/RCTPerformanceLogger.mm:71:5: 'RCTProfileEndAsyncEvent' is deprecated: This API will be removed along with the legacy architecture.

CompileC /Users/jonahmicahinguito/Library/Developer/Xcode/DerivedData/rotaractconnect-cjwcbdlngckcsaantafkjnfzfbdk/Build/Intermediates.noindex/Pods.build/Debug-iphoneos/React-Core.build/Objects-normal/arm64/RCTModuleMethod.o /Users/jonahmicahinguito/dev/rotaract-connect/node_modules/react-native/React/Base/RCTModuleMethod.mm normal arm64 objective-c++ com.apple.compilers.llvm.clang.1_0.compiler (in target 'React-Core' from project 'Pods')
    cd /Users/jonahmicahinguito/dev/rotaract-connect/ios/Pods
    
    Using response file: /Users/jonahmicahinguito/Library/Developer/Xcode/DerivedData/rotaractconnect-cjwcbdlngckcsaantafkjnfzfbdk/Build/Intermediates.noindex/Pods.build/Debug-iphoneos/React-Core.build/Objects-normal/arm64/af3fcb34312c57c0f52879cdce924b91-common-args.resp
    
    /Applications/Xcode.app/Contents/Developer/Toolchains/XcodeDefault.xctoolchain/usr/bin/clang -x objective-c++ -ivfsstatcache /Users/jonahmicahinguito/Library/Developer/Xcode/DerivedData/SDKStatCaches.noindex/iphoneos26.5-23F81a-32daed1954a7d5dd0789fcaf2a9bb78b.sdkstatcache -target arm64-apple-ios15.1 -fmessage-length\=0 -fdiagnostics-show-note-include-stack -fmacro-backtrace-limit\=0 -fno-color-diagnostics -fmodules-prune-interval\=86400 -fmodules-prune-after\=345600 -fbuild-session-file\=/Users/jonahmicahinguito/Library/Developer/Xcode/DerivedData/ModuleCache.noindex/Session.modulevalidation -fmodules-validate-once-per-build-session -Wnon-modular-include-in-framework-module -Werror\=non-modular-include-in-framework-module -Wno-trigraphs -Wno-missing-field-initializers -Wno-missing-prototypes -Werror\=return-type -Wdocumentation -Wunreachable-code -Wno-implicit-atomic-properties -Werror\=deprecated-objc-isa-usage -Wno-objc-interface-ivars -Werror\=objc-root-class -Wno-arc-repeated-use-of-weak -Wimplicit-retain-self -Wno-non-virtual-dtor -Wno-overloaded-virtual -Wno-exit-time-destructors -Wduplicate-method-match -Wno-missing-braces -Wparentheses -Wswitch -Wunused-function -Wno-unused-label -Wno-unused-parameter -Wunused-variable -Wunused-value -Wempty-body -Wuninitialized -Wconditional-uninitialized -Wno-unknown-pragmas -Wno-shadow -Wno-four-char-constants -Wno-conversion -Wconstant-conversion -Wint-conversion -Wbool-conversion -Wenum-conversion -Wno-float-conversion -Wnon-literal-null-conversion -Wobjc-literal-conversion -Wshorten-64-to-32 -Wno-newline-eof -Wno-selector -Wno-strict-selector-match -Wundeclared-selector -Wdeprecated-implementations -Wno-c++11-extensions -Wno-implicit-fallthrough -isysroot /Applications/Xcode.app/Contents/Developer/Platforms/iPhoneOS.platform/Developer/SDKs/iPhoneOS26.5.sdk -fstrict-aliasing -Wprotocol -Wdeprecated-declarations -Winvalid-offsetof -Wno-sign-conversion -Winfinite-recursion -Wmove -Wcomma -Wblock-capture-autoreleasing -Wstrict-prototypes -Wrange-loop-analysis -Wno-semicolon-before-method-body -Wunguarded-availability -index-store-path /Users/jonahmicahinguito/Library/Developer/Xcode/DerivedData/rotaractconnect-cjwcbdlngckcsaantafkjnfzfbdk/Index.noindex/DataStore @/Users/jonahmicahinguito/Library/Developer/Xcode/DerivedData/rotaractconnect-cjwcbdlngckcsaantafkjnfzfbdk/Build/Intermediates.noindex/Pods.build/Debug-iphoneos/React-Core.build/Objects-normal/arm64/af3fcb34312c57c0f52879cdce924b91-common-args.resp -DUSE_HERMES\=1 -include /Users/jonahmicahinguito/dev/rotaract-connect/ios/Pods/Target\ Support\ Files/React-Core/React-Core-prefix.pch -MMD -MT dependencies -MF /Users/jonahmicahinguito/Library/Developer/Xcode/DerivedData/rotaractconnect-cjwcbdlngckcsaantafkjnfzfbdk/Build/Intermediates.noindex/Pods.build/Debug-iphoneos/React-Core.build/Objects-normal/arm64/RCTModuleMethod.d --serialize-diagnostics /Users/jonahmicahinguito/Library/Developer/Xcode/DerivedData/rotaractconnect-cjwcbdlngckcsaantafkjnfzfbdk/Build/Intermediates.noindex/Pods.build/Debug-iphoneos/React-Core.build/Objects-normal/arm64/RCTModuleMethod.dia -c /Users/jonahmicahinguito/dev/rotaract-connect/node_modules/react-native/React/Base/RCTModuleMethod.mm -o /Users/jonahmicahinguito/Library/Developer/Xcode/DerivedData/rotaractconnect-cjwcbdlngckcsaantafkjnfzfbdk/Build/Intermediates.noindex/Pods.build/Debug-iphoneos/React-Core.build/Objects-normal/arm64/RCTModuleMethod.o -index-unit-output-path /Pods.build/Debug-iphoneos/React-Core.build/Objects-normal/arm64/RCTModuleMethod.o

/Users/jonahmicahinguito/dev/rotaract-connect/node_modules/react-native/React/Base/RCTModuleMethod.mm:474:5: warning: 'RCTProfileIsProfiling' is deprecated: This API will be removed along with the legacy architecture. [-Wdeprecated-declarations]
  474 |     RCT_PROFILE_BEGIN_EVENT(
      |     ^
In file included from /Users/jonahmicahinguito/dev/rotaract-connect/node_modules/react-native/React/Base/RCTModuleMethod.mm:20:
/Users/jonahmicahinguito/dev/rotaract-connect/node_modules/react-native/React/Profiler/RCTProfile.h:101:9: note: expanded from macro 'RCT_PROFILE_BEGIN_EVENT'
  101 |     if (RCTProfileIsProfiling()) {                                    \
      |         ^
/Users/jonahmicahinguito/dev/rotaract-connect/node_modules/react-native/React/Profiler/RCTProfile.h:56:5: note: 'RCTProfileIsProfiling' has been explicitly marked deprecated here
   56 |     __deprecated_msg("This API will be removed along with the legacy architecture.");
      |     ^
In file included from <built-in>:1:
In file included from /Users/jonahmicahinguito/dev/rotaract-connect/ios/Pods/Target Support Files/React-Core/React-Core-prefix.pch:2:
In file included from /Applications/Xcode.app/Contents/Developer/Platforms/iPhoneOS.platform/Developer/SDKs/iPhoneOS26.5.sdk/System/Library/Frameworks/UIKit.framework/Headers/UIKit.h:8:
In file included from /Applications/Xcode.app/Contents/Developer/Platforms/iPhoneOS.platform/Developer/SDKs/iPhoneOS26.5.sdk/System/Library/Frameworks/Foundation.framework/Headers/Foundation.h:6:
In file included from /Applications/Xcode.app/Contents/Developer/Platforms/iPhoneOS.platform/Developer/SDKs/iPhoneOS26.5.sdk/System/Library/Frameworks/CoreFoundation.framework/Headers/CoreFoundation.h:18:
In file included from /Applications/Xcode.app/Contents/Developer/Platforms/iPhoneOS.platform/Developer/SDKs/iPhoneOS26.5.sdk/usr/include/sys/types.h:75:
/Applications/Xcode.app/Contents/Developer/Platforms/iPhoneOS.platform/Developer/SDKs/iPhoneOS26.5.sdk/usr/include/sys/cdefs.h:227:48: note: expanded from macro '__deprecated_msg'
  227 |         #define __deprecated_msg(_msg) __attribute__((__deprecated__(_msg)))
      |                                                       ^
/Users/jonahmicahinguito/dev/rotaract-connect/node_modules/react-native/React/Base/RCTModuleMethod.mm:475:9: warning: 'RCTProfileTagAlways' is deprecated: This API will be removed along with the legacy architecture. [-Wdeprecated-declarations]
  475 |         RCTProfileTagAlways,
      |         ^
In file included from /Users/jonahmicahinguito/dev/rotaract-connect/node_modules/react-native/React/Base/RCTModuleMethod.mm:20:
/Users/jonahmicahinguito/dev/rotaract-connect/node_modules/react-native/React/Profiler/RCTProfile.h:30:12: note: 'RCTProfileTagAlways' has been explicitly marked deprecated here
   30 | RCT_EXTERN __deprecated_msg("This API will be removed along with the legacy architecture.") const uint64_t
      |            ^
In file included from <built-in>:1:
In file included from /Users/jonahmicahinguito/dev/rotaract-connect/ios/Pods/Target Support Files/React-Core/React-Core-prefix.pch:2:
In file included from /Applications/Xcode.app/Contents/Developer/Platforms/iPhoneOS.platform/Developer/SDKs/iPhoneOS26.5.sdk/System/Library/Frameworks/UIKit.framework/Headers/UIKit.h:8:
In file included from /Applications/Xcode.app/Contents/Developer/Platforms/iPhoneOS.platform/Developer/SDKs/iPhoneOS26.5.sdk/System/Library/Frameworks/Foundation.framework/Headers/Foundation.h:6:
In file included from /Applications/Xcode.app/Contents/Developer/Platforms/iPhoneOS.platform/Developer/SDKs/iPhoneOS26.5.sdk/System/Library/Frameworks/CoreFoundation.framework/Headers/CoreFoundation.h:18:
In file included from /Applications/Xcode.app/Contents/Developer/Platforms/iPhoneOS.platform/Developer/SDKs/iPhoneOS26.5.sdk/usr/include/sys/types.h:75:
/Applications/Xcode.app/Contents/Developer/Platforms/iPhoneOS.platform/Developer/SDKs/iPhoneOS26.5.sdk/usr/include/sys/cdefs.h:227:48: note: expanded from macro '__deprecated_msg'
  227 |         #define __deprecated_msg(_msg) __attribute__((__deprecated__(_msg)))
      |                                                       ^
/Users/jonahmicahinguito/dev/rotaract-connect/node_modules/react-native/React/Base/RCTModuleMethod.mm:474:5: warning: '_RCTProfileBeginEvent' is deprecated: This API will be removed along with the legacy architecture. [-Wdeprecated-declarations]
  474 |     RCT_PROFILE_BEGIN_EVENT(
      |     ^
In file included from /Users/jonahmicahinguito/dev/rotaract-connect/node_modules/react-native/React/Base/RCTModuleMethod.mm:20:
/Users/jonahmicahinguito/dev/rotaract-connect/node_modules/react-native/React/Profiler/RCTProfile.h:104:7: note: expanded from macro 'RCT_PROFILE_BEGIN_EVENT'
  104 |       _RCTProfileBeginEvent(__calleeThread, __time, tag, name, args); \
      |       ^
/Users/jonahmicahinguito/dev/rotaract-connect/node_modules/react-native/React/Profiler/RCTProfile.h:95:5: note: '_RCTProfileBeginEvent' has been explicitly marked deprecated here
   95 |     __deprecated_msg("This API will be removed along with the legacy architecture.");
      |     ^
In file included from <built-in>:1:
In file included from /Users/jonahmicahinguito/dev/rotaract-connect/ios/Pods/Target Support Files/React-Core/React-Core-prefix.pch:2:
In file included from /Applications/Xcode.app/Contents/Developer/Platforms/iPhoneOS.platform/Developer/SDKs/iPhoneOS26.5.sdk/System/Library/Frameworks/UIKit.framework/Headers/UIKit.h:8:
In file included from /Applications/Xcode.app/Contents/Developer/Platforms/iPhoneOS.platform/Developer/SDKs/iPhoneOS26.5.sdk/System/Library/Frameworks/Foundation.framework/Headers/Foundation.h:6:
In file included from /Applications/Xcode.app/Contents/Developer/Platforms/iPhoneOS.platform/Developer/SDKs/iPhoneOS26.5.sdk/System/Library/Frameworks/CoreFoundation.framework/Headers/CoreFoundation.h:18:
In file included from /Applications/Xcode.app/Contents/Developer/Platforms/iPhoneOS.platform/Developer/SDKs/iPhoneOS26.5.sdk/usr/include/sys/types.h:75:
/Applications/Xcode.app/Contents/Developer/Platforms/iPhoneOS.platform/Developer/SDKs/iPhoneOS26.5.sdk/usr/include/sys/cdefs.h:227:48: note: expanded from macro '__deprecated_msg'
  227 |         #define __deprecated_msg(_msg) __attribute__((__deprecated__(_msg)))
      |                                                       ^
/Users/jonahmicahinguito/dev/rotaract-connect/node_modules/react-native/React/Base/RCTModuleMethod.mm:479:5: warning: 'RCTProfileIsProfiling' is deprecated: This API will be removed along with the legacy architecture. [-Wdeprecated-declarations]
  479 |     RCT_PROFILE_END_EVENT(RCTProfileTagAlways, @"");
      |     ^
In file included from /Users/jonahmicahinguito/dev/rotaract-connect/node_modules/react-native/React/Base/RCTModuleMethod.mm:20:
/Users/jonahmicahinguito/dev/rotaract-connect/node_modules/react-native/React/Profiler/RCTProfile.h:122:9: note: expanded from macro 'RCT_PROFILE_END_EVENT'
  122 |     if (RCTProfileIsProfiling()) {                                              \
      |         ^
/Users/jonahmicahinguito/dev/rotaract-connect/node_modules/react-native/React/Profiler/RCTProfile.h:56:5: note: 'RCTProfileIsProfiling' has been explicitly marked deprecated here
   56 |     __deprecated_msg("This API will be removed along with the legacy architecture.");
      |     ^
In file included from <built-in>:1:
In file included from /Users/jonahmicahinguito/dev/rotaract-connect/ios/Pods/Target Support Files/React-Core/React-Core-prefix.pch:2:
In file included from /Applications/Xcode.app/Contents/Developer/Platforms/iPhoneOS.platform/Developer/SDKs/iPhoneOS26.5.sdk/System/Library/Frameworks/UIKit.framework/Headers/UIKit.h:8:
In file included from /Applications/Xcode.app/Contents/Developer/Platforms/iPhoneOS.platform/Developer/SDKs/iPhoneOS26.5.sdk/System/Library/Frameworks/Foundation.framework/Headers/Foundation.h:6:
In file included from /Applications/Xcode.app/Contents/Developer/Platforms/iPhoneOS.platform/Developer/SDKs/iPhoneOS26.5.sdk/System/Library/Frameworks/CoreFoundation.framework/Headers/CoreFoundation.h:18:
In file included from /Applications/Xcode.app/Contents/Developer/Platforms/iPhoneOS.platform/Developer/SDKs/iPhoneOS26.5.sdk/usr/include/sys/types.h:75:
/Applications/Xcode.app/Contents/Developer/Platforms/iPhoneOS.platform/Developer/SDKs/iPhoneOS26.5.sdk/usr/include/sys/cdefs.h:227:48: note: expanded from macro '__deprecated_msg'
  227 |         #define __deprecated_msg(_msg) __attribute__((__deprecated__(_msg)))
      |                                                       ^
/Users/jonahmicahinguito/dev/rotaract-connect/node_modules/react-native/React/Base/RCTModuleMethod.mm:479:27: warning: 'RCTProfileTagAlways' is deprecated: This API will be removed along with the legacy architecture. [-Wdeprecated-declarations]
  479 |     RCT_PROFILE_END_EVENT(RCTProfileTagAlways, @"");
      |                           ^
In file included from /Users/jonahmicahinguito/dev/rotaract-connect/node_modules/react-native/React/Base/RCTModuleMethod.mm:20:
/Users/jonahmicahinguito/dev/rotaract-connect/node_modules/react-native/React/Profiler/RCTProfile.h:30:12: note: 'RCTProfileTagAlways' has been explicitly marked deprecated here
   30 | RCT_EXTERN __deprecated_msg("This API will be removed along with the legacy architecture.") const uint64_t
      |            ^
In file included from <built-in>:1:
In file included from /Users/jonahmicahinguito/dev/rotaract-connect/ios/Pods/Target Support Files/React-Core/React-Core-prefix.pch:2:
In file included from /Applications/Xcode.app/Contents/Developer/Platforms/iPhoneOS.platform/Developer/SDKs/iPhoneOS26.5.sdk/System/Library/Frameworks/UIKit.framework/Headers/UIKit.h:8:
In file included from /Applications/Xcode.app/Contents/Developer/Platforms/iPhoneOS.platform/Developer/SDKs/iPhoneOS26.5.sdk/System/Library/Frameworks/Foundation.framework/Headers/Foundation.h:6:
In file included from /Applications/Xcode.app/Contents/Developer/Platforms/iPhoneOS.platform/Developer/SDKs/iPhoneOS26.5.sdk/System/Library/Frameworks/CoreFoundation.framework/Headers/CoreFoundation.h:18:
In file included from /Applications/Xcode.app/Contents/Developer/Platforms/iPhoneOS.platform/Developer/SDKs/iPhoneOS26.5.sdk/usr/include/sys/types.h:75:
/Applications/Xcode.app/Contents/Developer/Platforms/iPhoneOS.platform/Developer/SDKs/iPhoneOS26.5.sdk/usr/include/sys/cdefs.h:227:48: note: expanded from macro '__deprecated_msg'
  227 |         #define __deprecated_msg(_msg) __attribute__((__deprecated__(_msg)))
      |                                                       ^
/Users/jonahmicahinguito/dev/rotaract-connect/node_modules/react-native/React/Base/RCTModuleMethod.mm:479:5: warning: '_RCTProfileEndEvent' is deprecated: This API will be removed along with the legacy architecture. [-Wdeprecated-declarations]
  479 |     RCT_PROFILE_END_EVENT(RCTProfileTagAlways, @"");
      |     ^
In file included from /Users/jonahmicahinguito/dev/rotaract-connect/node_modules/react-native/React/Base/RCTModuleMethod.mm:20:
/Users/jonahmicahinguito/dev/rotaract-connect/node_modules/react-native/React/Profiler/RCTProfile.h:126:7: note: expanded from macro 'RCT_PROFILE_END_EVENT'
  126 |       _RCTProfileEndEvent(__calleeThread, __threadName, __time, tag, category); \
      |       ^
/Users/jonahmicahinguito/dev/rotaract-connect/node_modules/react-native/React/Profiler/RCTProfile.h:115:5: note: '_RCTProfileEndEvent' has been explicitly marked deprecated here
  115 |     __deprecated_msg("This API will be removed along with the legacy architecture.");
      |     ^
In file included from <built-in>:1:
In file included from /Users/jonahmicahinguito/dev/rotaract-connect/ios/Pods/Target Support Files/React-Core/React-Core-prefix.pch:2:
In file included from /Applications/Xcode.app/Contents/Developer/Platforms/iPhoneOS.platform/Developer/SDKs/iPhoneOS26.5.sdk/System/Library/Frameworks/UIKit.framework/Headers/UIKit.h:8:
In file included from /Applications/Xcode.app/Contents/Developer/Platforms/iPhoneOS.platform/Developer/SDKs/iPhoneOS26.5.sdk/System/Library/Frameworks/Foundation.framework/Headers/Foundation.h:6:
In file included from /Applications/Xcode.app/Contents/Developer/Platforms/iPhoneOS.platform/Developer/SDKs/iPhoneOS26.5.sdk/System/Library/Frameworks/CoreFoundation.framework/Headers/CoreFoundation.h:18:
In file included from /Applications/Xcode.app/Contents/Developer/Platforms/iPhoneOS.platform/Developer/SDKs/iPhoneOS26.5.sdk/usr/include/sys/types.h:75:
/Applications/Xcode.app/Contents/Developer/Platforms/iPhoneOS.platform/Developer/SDKs/iPhoneOS26.5.sdk/usr/include/sys/cdefs.h:227:48: note: expanded from macro '__deprecated_msg'
  227 |         #define __deprecated_msg(_msg) __attribute__((__deprecated__(_msg)))
      |                                                       ^
6 warnings generated.

/Users/jonahmicahinguito/dev/rotaract-connect/node_modules/react-native/React/Base/RCTModuleMethod.mm:474:5: 'RCTProfileIsProfiling' is deprecated: This API will be removed along with the legacy architecture.

/Users/jonahmicahinguito/dev/rotaract-connect/node_modules/react-native/React/Base/RCTModuleMethod.mm:475:9: 'RCTProfileTagAlways' is deprecated: This API will be removed along with the legacy architecture.

/Users/jonahmicahinguito/dev/rotaract-connect/node_modules/react-native/React/Base/RCTModuleMethod.mm:474:5: '_RCTProfileBeginEvent' is deprecated: This API will be removed along with the legacy architecture.

/Users/jonahmicahinguito/dev/rotaract-connect/node_modules/react-native/React/Base/RCTModuleMethod.mm:479:5: 'RCTProfileIsProfiling' is deprecated: This API will be removed along with the legacy architecture.

/Users/jonahmicahinguito/dev/rotaract-connect/node_modules/react-native/React/Base/RCTModuleMethod.mm:479:27: 'RCTProfileTagAlways' is deprecated: This API will be removed along with the legacy architecture.

/Users/jonahmicahinguito/dev/rotaract-connect/node_modules/react-native/React/Base/RCTModuleMethod.mm:479:5: '_RCTProfileEndEvent' is deprecated: This API will be removed along with the legacy architecture.

CompileC /Users/jonahmicahinguito/Library/Developer/Xcode/DerivedData/rotaractconnect-cjwcbdlngckcsaantafkjnfzfbdk/Build/Intermediates.noindex/Pods.build/Debug-iphoneos/React-Core.build/Objects-normal/arm64/RCTModuleData.o /Users/jonahmicahinguito/dev/rotaract-connect/node_modules/react-native/React/Base/RCTModuleData.mm normal arm64 objective-c++ com.apple.compilers.llvm.clang.1_0.compiler (in target 'React-Core' from project 'Pods')
    cd /Users/jonahmicahinguito/dev/rotaract-connect/ios/Pods
    
    Using response file: /Users/jonahmicahinguito/Library/Developer/Xcode/DerivedData/rotaractconnect-cjwcbdlngckcsaantafkjnfzfbdk/Build/Intermediates.noindex/Pods.build/Debug-iphoneos/React-Core.build/Objects-normal/arm64/af3fcb34312c57c0f52879cdce924b91-common-args.resp
    
    /Applications/Xcode.app/Contents/Developer/Toolchains/XcodeDefault.xctoolchain/usr/bin/clang -x objective-c++ -ivfsstatcache /Users/jonahmicahinguito/Library/Developer/Xcode/DerivedData/SDKStatCaches.noindex/iphoneos26.5-23F81a-32daed1954a7d5dd0789fcaf2a9bb78b.sdkstatcache -target arm64-apple-ios15.1 -fmessage-length\=0 -fdiagnostics-show-note-include-stack -fmacro-backtrace-limit\=0 -fno-color-diagnostics -fmodules-prune-interval\=86400 -fmodules-prune-after\=345600 -fbuild-session-file\=/Users/jonahmicahinguito/Library/Developer/Xcode/DerivedData/ModuleCache.noindex/Session.modulevalidation -fmodules-validate-once-per-build-session -Wnon-modular-include-in-framework-module -Werror\=non-modular-include-in-framework-module -Wno-trigraphs -Wno-missing-field-initializers -Wno-missing-prototypes -Werror\=return-type -Wdocumentation -Wunreachable-code -Wno-implicit-atomic-properties -Werror\=deprecated-objc-isa-usage -Wno-objc-interface-ivars -Werror\=objc-root-class -Wno-arc-repeated-use-of-weak -Wimplicit-retain-self -Wno-non-virtual-dtor -Wno-overloaded-virtual -Wno-exit-time-destructors -Wduplicate-method-match -Wno-missing-braces -Wparentheses -Wswitch -Wunused-function -Wno-unused-label -Wno-unused-parameter -Wunused-variable -Wunused-value -Wempty-body -Wuninitialized -Wconditional-uninitialized -Wno-unknown-pragmas -Wno-shadow -Wno-four-char-constants -Wno-conversion -Wconstant-conversion -Wint-conversion -Wbool-conversion -Wenum-conversion -Wno-float-conversion -Wnon-literal-null-conversion -Wobjc-literal-conversion -Wshorten-64-to-32 -Wno-newline-eof -Wno-selector -Wno-strict-selector-match -Wundeclared-selector -Wdeprecated-implementations -Wno-c++11-extensions -Wno-implicit-fallthrough -isysroot /Applications/Xcode.app/Contents/Developer/Platforms/iPhoneOS.platform/Developer/SDKs/iPhoneOS26.5.sdk -fstrict-aliasing -Wprotocol -Wdeprecated-declarations -Winvalid-offsetof -Wno-sign-conversion -Winfinite-recursion -Wmove -Wcomma -Wblock-capture-autoreleasing -Wstrict-prototypes -Wrange-loop-analysis -Wno-semicolon-before-method-body -Wunguarded-availability -index-store-path /Users/jonahmicahinguito/Library/Developer/Xcode/DerivedData/rotaractconnect-cjwcbdlngckcsaantafkjnfzfbdk/Index.noindex/DataStore @/Users/jonahmicahinguito/Library/Developer/Xcode/DerivedData/rotaractconnect-cjwcbdlngckcsaantafkjnfzfbdk/Build/Intermediates.noindex/Pods.build/Debug-iphoneos/React-Core.build/Objects-normal/arm64/af3fcb34312c57c0f52879cdce924b91-common-args.resp -DUSE_HERMES\=1 -include /Users/jonahmicahinguito/dev/rotaract-connect/ios/Pods/Target\ Support\ Files/React-Core/React-Core-prefix.pch -MMD -MT dependencies -MF /Users/jonahmicahinguito/Library/Developer/Xcode/DerivedData/rotaractconnect-cjwcbdlngckcsaantafkjnfzfbdk/Build/Intermediates.noindex/Pods.build/Debug-iphoneos/React-Core.build/Objects-normal/arm64/RCTModuleData.d --serialize-diagnostics /Users/jonahmicahinguito/Library/Developer/Xcode/DerivedData/rotaractconnect-cjwcbdlngckcsaantafkjnfzfbdk/Build/Intermediates.noindex/Pods.build/Debug-iphoneos/React-Core.build/Objects-normal/arm64/RCTModuleData.dia -c /Users/jonahmicahinguito/dev/rotaract-connect/node_modules/react-native/React/Base/RCTModuleData.mm -o /Users/jonahmicahinguito/Library/Developer/Xcode/DerivedData/rotaractconnect-cjwcbdlngckcsaantafkjnfzfbdk/Build/Intermediates.noindex/Pods.build/Debug-iphoneos/React-Core.build/Objects-normal/arm64/RCTModuleData.o -index-unit-output-path /Pods.build/Debug-iphoneos/React-Core.build/Objects-normal/arm64/RCTModuleData.o

/Users/jonahmicahinguito/dev/rotaract-connect/node_modules/react-native/React/Base/RCTModuleData.mm:492:17: warning: method override for the designated initializer of the superclass '-init' not found [-Wobjc-designated-initializers]
  492 | @implementation RCTModuleData
      |                 ^
In file included from <built-in>:1:
In file included from /Users/jonahmicahinguito/dev/rotaract-connect/ios/Pods/Target Support Files/React-Core/React-Core-prefix.pch:2:
In file included from /Applications/Xcode.app/Contents/Developer/Platforms/iPhoneOS.platform/Developer/SDKs/iPhoneOS26.5.sdk/System/Library/Frameworks/UIKit.framework/Headers/UIKit.h:8:
In file included from /Applications/Xcode.app/Contents/Developer/Platforms/iPhoneOS.platform/Developer/SDKs/iPhoneOS26.5.sdk/System/Library/Frameworks/Foundation.framework/Headers/Foundation.h:6:
In file included from /Applications/Xcode.app/Contents/Developer/Platforms/iPhoneOS.platform/Developer/SDKs/iPhoneOS26.5.sdk/System/Library/Frameworks/CoreFoundation.framework/Headers/CoreFoundation.h:76:
In file included from /Applications/Xcode.app/Contents/Developer/Platforms/iPhoneOS.platform/Developer/SDKs/iPhoneOS26.5.sdk/System/Library/Frameworks/CoreFoundation.framework/Headers/CFPropertyList.h:18:
In file included from /Applications/Xcode.app/Contents/Developer/Platforms/iPhoneOS.platform/Developer/SDKs/iPhoneOS26.5.sdk/System/Library/Frameworks/CoreFoundation.framework/Headers/CFStream.h:20:
In file included from /Applications/Xcode.app/Contents/Developer/Platforms/iPhoneOS.platform/Developer/SDKs/iPhoneOS26.5.sdk/usr/include/dispatch/dispatch.h:63:
In file included from /Applications/Xcode.app/Contents/Developer/Platforms/iPhoneOS.platform/Developer/SDKs/iPhoneOS26.5.sdk/usr/include/os/object.h:114:
/Applications/Xcode.app/Contents/Developer/Platforms/iPhoneOS.platform/Developer/SDKs/iPhoneOS26.5.sdk/usr/include/objc/NSObject.h:66:1: note: method marked as designated initializer of the class here
   66 | - (instancetype)init
      | ^
1 warning generated.

/Users/jonahmicahinguito/dev/rotaract-connect/node_modules/react-native/React/Base/RCTModuleData.mm:492:17: Method override for the designated initializer of the superclass '-init' not found

CompileC /Users/jonahmicahinguito/Library/Developer/Xcode/DerivedData/rotaractconnect-cjwcbdlngckcsaantafkjnfzfbdk/Build/Intermediates.noindex/Pods.build/Debug-iphoneos/React-Core.build/Objects-normal/arm64/RCTMessageThread.o /Users/jonahmicahinguito/dev/rotaract-connect/node_modules/react-native/React/CxxBridge/RCTMessageThread.mm normal arm64 objective-c++ com.apple.compilers.llvm.clang.1_0.compiler (in target 'React-Core' from project 'Pods')
    cd /Users/jonahmicahinguito/dev/rotaract-connect/ios/Pods
    
    Using response file: /Users/jonahmicahinguito/Library/Developer/Xcode/DerivedData/rotaractconnect-cjwcbdlngckcsaantafkjnfzfbdk/Build/Intermediates.noindex/Pods.build/Debug-iphoneos/React-Core.build/Objects-normal/arm64/af3fcb34312c57c0f52879cdce924b91-common-args.resp
    
    /Applications/Xcode.app/Contents/Developer/Toolchains/XcodeDefault.xctoolchain/usr/bin/clang -x objective-c++ -ivfsstatcache /Users/jonahmicahinguito/Library/Developer/Xcode/DerivedData/SDKStatCaches.noindex/iphoneos26.5-23F81a-32daed1954a7d5dd0789fcaf2a9bb78b.sdkstatcache -target arm64-apple-ios15.1 -fmessage-length\=0 -fdiagnostics-show-note-include-stack -fmacro-backtrace-limit\=0 -fno-color-diagnostics -fmodules-prune-interval\=86400 -fmodules-prune-after\=345600 -fbuild-session-file\=/Users/jonahmicahinguito/Library/Developer/Xcode/DerivedData/ModuleCache.noindex/Session.modulevalidation -fmodules-validate-once-per-build-session -Wnon-modular-include-in-framework-module -Werror\=non-modular-include-in-framework-module -Wno-trigraphs -Wno-missing-field-initializers -Wno-missing-prototypes -Werror\=return-type -Wdocumentation -Wunreachable-code -Wno-implicit-atomic-properties -Werror\=deprecated-objc-isa-usage -Wno-objc-interface-ivars -Werror\=objc-root-class -Wno-arc-repeated-use-of-weak -Wimplicit-retain-self -Wno-non-virtual-dtor -Wno-overloaded-virtual -Wno-exit-time-destructors -Wduplicate-method-match -Wno-missing-braces -Wparentheses -Wswitch -Wunused-function -Wno-unused-label -Wno-unused-parameter -Wunused-variable -Wunused-value -Wempty-body -Wuninitialized -Wconditional-uninitialized -Wno-unknown-pragmas -Wno-shadow -Wno-four-char-constants -Wno-conversion -Wconstant-conversion -Wint-conversion -Wbool-conversion -Wenum-conversion -Wno-float-conversion -Wnon-literal-null-conversion -Wobjc-literal-conversion -Wshorten-64-to-32 -Wno-newline-eof -Wno-selector -Wno-strict-selector-match -Wundeclared-selector -Wdeprecated-implementations -Wno-c++11-extensions -Wno-implicit-fallthrough -isysroot /Applications/Xcode.app/Contents/Developer/Platforms/iPhoneOS.platform/Developer/SDKs/iPhoneOS26.5.sdk -fstrict-aliasing -Wprotocol -Wdeprecated-declarations -Winvalid-offsetof -Wno-sign-conversion -Winfinite-recursion -Wmove -Wcomma -Wblock-capture-autoreleasing -Wstrict-prototypes -Wrange-loop-analysis -Wno-semicolon-before-method-body -Wunguarded-availability -index-store-path /Users/jonahmicahinguito/Library/Developer/Xcode/DerivedData/rotaractconnect-cjwcbdlngckcsaantafkjnfzfbdk/Index.noindex/DataStore @/Users/jonahmicahinguito/Library/Developer/Xcode/DerivedData/rotaractconnect-cjwcbdlngckcsaantafkjnfzfbdk/Build/Intermediates.noindex/Pods.build/Debug-iphoneos/React-Core.build/Objects-normal/arm64/af3fcb34312c57c0f52879cdce924b91-common-args.resp -DUSE_HERMES\=1 -include /Users/jonahmicahinguito/dev/rotaract-connect/ios/Pods/Target\ Support\ Files/React-Core/React-Core-prefix.pch -MMD -MT dependencies -MF /Users/jonahmicahinguito/Library/Developer/Xcode/DerivedData/rotaractconnect-cjwcbdlngckcsaantafkjnfzfbdk/Build/Intermediates.noindex/Pods.build/Debug-iphoneos/React-Core.build/Objects-normal/arm64/RCTMessageThread.d --serialize-diagnostics /Users/jonahmicahinguito/Library/Developer/Xcode/DerivedData/rotaractconnect-cjwcbdlngckcsaantafkjnfzfbdk/Build/Intermediates.noindex/Pods.build/Debug-iphoneos/React-Core.build/Objects-normal/arm64/RCTMessageThread.dia -c /Users/jonahmicahinguito/dev/rotaract-connect/node_modules/react-native/React/CxxBridge/RCTMessageThread.mm -o /Users/jonahmicahinguito/Library/Developer/Xcode/DerivedData/rotaractconnect-cjwcbdlngckcsaantafkjnfzfbdk/Build/Intermediates.noindex/Pods.build/Debug-iphoneos/React-Core.build/Objects-normal/arm64/RCTMessageThread.o -index-unit-output-path /Pods.build/Debug-iphoneos/React-Core.build/Objects-normal/arm64/RCTMessageThread.o

In file included from /Users/jonahmicahinguito/dev/rotaract-connect/node_modules/react-native/React/CxxBridge/RCTMessageThread.mm:8:
/Users/jonahmicahinguito/dev/rotaract-connect/node_modules/react-native/React/CxxBridge/RCTMessageThread.h:21:40: warning: 'RCTJavaScriptCompleteBlock' is deprecated: This api will be removed along with the bridge. [-Wdeprecated-declarations]
   21 |   RCTMessageThread(NSRunLoop *runLoop, RCTJavaScriptCompleteBlock errorBlock);
      |                                        ^
In file included from /Users/jonahmicahinguito/dev/rotaract-connect/node_modules/react-native/React/CxxBridge/RCTMessageThread.mm:8:
In file included from /Users/jonahmicahinguito/dev/rotaract-connect/node_modules/react-native/React/CxxBridge/RCTMessageThread.h:13:
/Users/jonahmicahinguito/dev/rotaract-connect/ios/Pods/Headers/Private/React-Core/React/RCTJavaScriptExecutor.h:14:5: note: 'RCTJavaScriptCompleteBlock' has been explicitly marked deprecated here
   14 |     __deprecated_msg("This api will be removed along with the bridge.");
      |     ^
In file included from <built-in>:1:
In file included from /Users/jonahmicahinguito/dev/rotaract-connect/ios/Pods/Target Support Files/React-Core/React-Core-prefix.pch:2:
In file included from /Applications/Xcode.app/Contents/Developer/Platforms/iPhoneOS.platform/Developer/SDKs/iPhoneOS26.5.sdk/System/Library/Frameworks/UIKit.framework/Headers/UIKit.h:8:
In file included from /Applications/Xcode.app/Contents/Developer/Platforms/iPhoneOS.platform/Developer/SDKs/iPhoneOS26.5.sdk/System/Library/Frameworks/Foundation.framework/Headers/Foundation.h:6:
In file included from /Applications/Xcode.app/Contents/Developer/Platforms/iPhoneOS.platform/Developer/SDKs/iPhoneOS26.5.sdk/System/Library/Frameworks/CoreFoundation.framework/Headers/CoreFoundation.h:18:
In file included from /Applications/Xcode.app/Contents/Developer/Platforms/iPhoneOS.platform/Developer/SDKs/iPhoneOS26.5.sdk/usr/include/sys/types.h:75:
/Applications/Xcode.app/Contents/Developer/Platforms/iPhoneOS.platform/Developer/SDKs/iPhoneOS26.5.sdk/usr/include/sys/cdefs.h:227:48: note: expanded from macro '__deprecated_msg'
  227 |         #define __deprecated_msg(_msg) __attribute__((__deprecated__(_msg)))
      |                                                       ^
In file included from /Users/jonahmicahinguito/dev/rotaract-connect/node_modules/react-native/React/CxxBridge/RCTMessageThread.mm:8:
/Users/jonahmicahinguito/dev/rotaract-connect/node_modules/react-native/React/CxxBridge/RCTMessageThread.h:34:3: warning: 'RCTJavaScriptCompleteBlock' is deprecated: This api will be removed along with the bridge. [-Wdeprecated-declarations]
   34 |   RCTJavaScriptCompleteBlock m_errorBlock;
      |   ^
In file included from /Users/jonahmicahinguito/dev/rotaract-connect/node_modules/react-native/React/CxxBridge/RCTMessageThread.mm:8:
In file included from /Users/jonahmicahinguito/dev/rotaract-connect/node_modules/react-native/React/CxxBridge/RCTMessageThread.h:13:
/Users/jonahmicahinguito/dev/rotaract-connect/ios/Pods/Headers/Private/React-Core/React/RCTJavaScriptExecutor.h:14:5: note: 'RCTJavaScriptCompleteBlock' has been explicitly marked deprecated here
   14 |     __deprecated_msg("This api will be removed along with the bridge.");
      |     ^
In file included from <built-in>:1:
In file included from /Users/jonahmicahinguito/dev/rotaract-connect/ios/Pods/Target Support Files/React-Core/React-Core-prefix.pch:2:
In file included from /Applications/Xcode.app/Contents/Developer/Platforms/iPhoneOS.platform/Developer/SDKs/iPhoneOS26.5.sdk/System/Library/Frameworks/UIKit.framework/Headers/UIKit.h:8:
In file included from /Applications/Xcode.app/Contents/Developer/Platforms/iPhoneOS.platform/Developer/SDKs/iPhoneOS26.5.sdk/System/Library/Frameworks/Foundation.framework/Headers/Foundation.h:6:
In file included from /Applications/Xcode.app/Contents/Developer/Platforms/iPhoneOS.platform/Developer/SDKs/iPhoneOS26.5.sdk/System/Library/Frameworks/CoreFoundation.framework/Headers/CoreFoundation.h:18:
In file included from /Applications/Xcode.app/Contents/Developer/Platforms/iPhoneOS.platform/Developer/SDKs/iPhoneOS26.5.sdk/usr/include/sys/types.h:75:
/Applications/Xcode.app/Contents/Developer/Platforms/iPhoneOS.platform/Developer/SDKs/iPhoneOS26.5.sdk/usr/include/sys/cdefs.h:227:48: note: expanded from macro '__deprecated_msg'
  227 |         #define __deprecated_msg(_msg) __attribute__((__deprecated__(_msg)))
      |                                                       ^
/Users/jonahmicahinguito/dev/rotaract-connect/node_modules/react-native/React/CxxBridge/RCTMessageThread.mm:25:56: warning: 'RCTJavaScriptCompleteBlock' is deprecated: This api will be removed along with the bridge. [-Wdeprecated-declarations]
   25 | RCTMessageThread::RCTMessageThread(NSRunLoop *runLoop, RCTJavaScriptCompleteBlock errorBlock)
      |                                                        ^
In file included from /Users/jonahmicahinguito/dev/rotaract-connect/node_modules/react-native/React/CxxBridge/RCTMessageThread.mm:8:
In file included from /Users/jonahmicahinguito/dev/rotaract-connect/node_modules/react-native/React/CxxBridge/RCTMessageThread.h:13:
/Users/jonahmicahinguito/dev/rotaract-connect/ios/Pods/Headers/Private/React-Core/React/RCTJavaScriptExecutor.h:14:5: note: 'RCTJavaScriptCompleteBlock' has been explicitly marked deprecated here
   14 |     __deprecated_msg("This api will be removed along with the bridge.");
      |     ^
In file included from <built-in>:1:
In file included from /Users/jonahmicahinguito/dev/rotaract-connect/ios/Pods/Target Support Files/React-Core/React-Core-prefix.pch:2:
In file included from /Applications/Xcode.app/Contents/Developer/Platforms/iPhoneOS.platform/Developer/SDKs/iPhoneOS26.5.sdk/System/Library/Frameworks/UIKit.framework/Headers/UIKit.h:8:
In file included from /Applications/Xcode.app/Contents/Developer/Platforms/iPhoneOS.platform/Developer/SDKs/iPhoneOS26.5.sdk/System/Library/Frameworks/Foundation.framework/Headers/Foundation.h:6:
In file included from /Applications/Xcode.app/Contents/Developer/Platforms/iPhoneOS.platform/Developer/SDKs/iPhoneOS26.5.sdk/System/Library/Frameworks/CoreFoundation.framework/Headers/CoreFoundation.h:18:
In file included from /Applications/Xcode.app/Contents/Developer/Platforms/iPhoneOS.platform/Developer/SDKs/iPhoneOS26.5.sdk/usr/include/sys/types.h:75:
/Applications/Xcode.app/Contents/Developer/Platforms/iPhoneOS.platform/Developer/SDKs/iPhoneOS26.5.sdk/usr/include/sys/cdefs.h:227:48: note: expanded from macro '__deprecated_msg'
  227 |         #define __deprecated_msg(_msg) __attribute__((__deprecated__(_msg)))
      |                                                       ^
3 warnings generated.

/Users/jonahmicahinguito/dev/rotaract-connect/node_modules/react-native/React/CxxBridge/RCTMessageThread.h:21:40: 'RCTJavaScriptCompleteBlock' is deprecated: This api will be removed along with the bridge.

/Users/jonahmicahinguito/dev/rotaract-connect/node_modules/react-native/React/CxxBridge/RCTMessageThread.h:34:3: 'RCTJavaScriptCompleteBlock' is deprecated: This api will be removed along with the bridge.

/Users/jonahmicahinguito/dev/rotaract-connect/node_modules/react-native/React/CxxBridge/RCTMessageThread.mm:25:56: 'RCTJavaScriptCompleteBlock' is deprecated: This api will be removed along with the bridge.

CompileC /Users/jonahmicahinguito/Library/Developer/Xcode/DerivedData/rotaractconnect-cjwcbdlngckcsaantafkjnfzfbdk/Build/Intermediates.noindex/Pods.build/Debug-iphoneos/React-Core.build/Objects-normal/arm64/RCTJavaScriptLoader.o /Users/jonahmicahinguito/dev/rotaract-connect/node_modules/react-native/React/Base/RCTJavaScriptLoader.mm normal arm64 objective-c++ com.apple.compilers.llvm.clang.1_0.compiler (in target 'React-Core' from project 'Pods')
    cd /Users/jonahmicahinguito/dev/rotaract-connect/ios/Pods
    
    Using response file: /Users/jonahmicahinguito/Library/Developer/Xcode/DerivedData/rotaractconnect-cjwcbdlngckcsaantafkjnfzfbdk/Build/Intermediates.noindex/Pods.build/Debug-iphoneos/React-Core.build/Objects-normal/arm64/af3fcb34312c57c0f52879cdce924b91-common-args.resp
    
    /Applications/Xcode.app/Contents/Developer/Toolchains/XcodeDefault.xctoolchain/usr/bin/clang -x objective-c++ -ivfsstatcache /Users/jonahmicahinguito/Library/Developer/Xcode/DerivedData/SDKStatCaches.noindex/iphoneos26.5-23F81a-32daed1954a7d5dd0789fcaf2a9bb78b.sdkstatcache -target arm64-apple-ios15.1 -fmessage-length\=0 -fdiagnostics-show-note-include-stack -fmacro-backtrace-limit\=0 -fno-color-diagnostics -fmodules-prune-interval\=86400 -fmodules-prune-after\=345600 -fbuild-session-file\=/Users/jonahmicahinguito/Library/Developer/Xcode/DerivedData/ModuleCache.noindex/Session.modulevalidation -fmodules-validate-once-per-build-session -Wnon-modular-include-in-framework-module -Werror\=non-modular-include-in-framework-module -Wno-trigraphs -Wno-missing-field-initializers -Wno-missing-prototypes -Werror\=return-type -Wdocumentation -Wunreachable-code -Wno-implicit-atomic-properties -Werror\=deprecated-objc-isa-usage -Wno-objc-interface-ivars -Werror\=objc-root-class -Wno-arc-repeated-use-of-weak -Wimplicit-retain-self -Wno-non-virtual-dtor -Wno-overloaded-virtual -Wno-exit-time-destructors -Wduplicate-method-match -Wno-missing-braces -Wparentheses -Wswitch -Wunused-function -Wno-unused-label -Wno-unused-parameter -Wunused-variable -Wunused-value -Wempty-body -Wuninitialized -Wconditional-uninitialized -Wno-unknown-pragmas -Wno-shadow -Wno-four-char-constants -Wno-conversion -Wconstant-conversion -Wint-conversion -Wbool-conversion -Wenum-conversion -Wno-float-conversion -Wnon-literal-null-conversion -Wobjc-literal-conversion -Wshorten-64-to-32 -Wno-newline-eof -Wno-selector -Wno-strict-selector-match -Wundeclared-selector -Wdeprecated-implementations -Wno-c++11-extensions -Wno-implicit-fallthrough -isysroot /Applications/Xcode.app/Contents/Developer/Platforms/iPhoneOS.platform/Developer/SDKs/iPhoneOS26.5.sdk -fstrict-aliasing -Wprotocol -Wdeprecated-declarations -Winvalid-offsetof -Wno-sign-conversion -Winfinite-recursion -Wmove -Wcomma -Wblock-capture-autoreleasing -Wstrict-prototypes -Wrange-loop-analysis -Wno-semicolon-before-method-body -Wunguarded-availability -index-store-path /Users/jonahmicahinguito/Library/Developer/Xcode/DerivedData/rotaractconnect-cjwcbdlngckcsaantafkjnfzfbdk/Index.noindex/DataStore @/Users/jonahmicahinguito/Library/Developer/Xcode/DerivedData/rotaractconnect-cjwcbdlngckcsaantafkjnfzfbdk/Build/Intermediates.noindex/Pods.build/Debug-iphoneos/React-Core.build/Objects-normal/arm64/af3fcb34312c57c0f52879cdce924b91-common-args.resp -DUSE_HERMES\=1 -include /Users/jonahmicahinguito/dev/rotaract-connect/ios/Pods/Target\ Support\ Files/React-Core/React-Core-prefix.pch -MMD -MT dependencies -MF /Users/jonahmicahinguito/Library/Developer/Xcode/DerivedData/rotaractconnect-cjwcbdlngckcsaantafkjnfzfbdk/Build/Intermediates.noindex/Pods.build/Debug-iphoneos/React-Core.build/Objects-normal/arm64/RCTJavaScriptLoader.d --serialize-diagnostics /Users/jonahmicahinguito/Library/Developer/Xcode/DerivedData/rotaractconnect-cjwcbdlngckcsaantafkjnfzfbdk/Build/Intermediates.noindex/Pods.build/Debug-iphoneos/React-Core.build/Objects-normal/arm64/RCTJavaScriptLoader.dia -c /Users/jonahmicahinguito/dev/rotaract-connect/node_modules/react-native/React/Base/RCTJavaScriptLoader.mm -o /Users/jonahmicahinguito/Library/Developer/Xcode/DerivedData/rotaractconnect-cjwcbdlngckcsaantafkjnfzfbdk/Build/Intermediates.noindex/Pods.build/Debug-iphoneos/React-Core.build/Objects-normal/arm64/RCTJavaScriptLoader.o -index-unit-output-path /Pods.build/Debug-iphoneos/React-Core.build/Objects-normal/arm64/RCTJavaScriptLoader.o

In file included from /Users/jonahmicahinguito/dev/rotaract-connect/node_modules/react-native/React/Base/RCTJavaScriptLoader.mm:16:
/Users/jonahmicahinguito/dev/rotaract-connect/node_modules/react-native/React/Base/RCTMultipartDataTask.h:15:18: warning: pointer is missing a nullability type specifier (_Nonnull, _Nullable, or _Null_unspecified) [-Wnullability-completeness]
   15 |     NSDictionary *headers,
      |                  ^
/Users/jonahmicahinguito/dev/rotaract-connect/node_modules/react-native/React/Base/RCTMultipartDataTask.h:15:18: note: insert '_Nullable' if the pointer may be null
   15 |     NSDictionary *headers,
      |                  ^
      |                    _Nullable 
/Users/jonahmicahinguito/dev/rotaract-connect/node_modules/react-native/React/Base/RCTMultipartDataTask.h:15:18: note: insert '_Nonnull' if the pointer should never be null
   15 |     NSDictionary *headers,
      |                  ^
      |                    _Nonnull 
/Users/jonahmicahinguito/dev/rotaract-connect/node_modules/react-native/React/Base/RCTMultipartDataTask.h:26:65: warning: block pointer is missing a nullability type specifier (_Nonnull, _Nullable, or _Null_unspecified) [-Wnullability-completeness]
   26 | RCT_EXTERN void RCTSetCustomMultipartDataTaskRequestInterceptor(RCTMultipartDataTaskRequestInterceptor /*interceptor*/);
      |                                                                 ^
/Users/jonahmicahinguito/dev/rotaract-connect/node_modules/react-native/React/Base/RCTMultipartDataTask.h:26:65: note: insert '_Nullable' if the block pointer may be null
   26 | RCT_EXTERN void RCTSetCustomMultipartDataTaskRequestInterceptor(RCTMultipartDataTaskRequestInterceptor /*interceptor*/);
      |                                                                 ^
      |                                                                                                        _Nullable
/Users/jonahmicahinguito/dev/rotaract-connect/node_modules/react-native/React/Base/RCTMultipartDataTask.h:26:65: note: insert '_Nonnull' if the block pointer should never be null
   26 | RCT_EXTERN void RCTSetCustomMultipartDataTaskRequestInterceptor(RCTMultipartDataTaskRequestInterceptor /*interceptor*/);
      |                                                                 ^
      |                                                                                                        _Nonnull
/Users/jonahmicahinguito/dev/rotaract-connect/node_modules/react-native/React/Base/RCTMultipartDataTask.h:30:4: warning: pointer is missing a nullability type specifier (_Nonnull, _Nullable, or _Null_unspecified) [-Wnullability-completeness]
   30 | - (instancetype)initWithURL:(NSURL *)url
      |    ^
/Users/jonahmicahinguito/dev/rotaract-connect/node_modules/react-native/React/Base/RCTMultipartDataTask.h:30:4: note: insert '_Nullable' if the pointer may be null
   30 | - (instancetype)initWithURL:(NSURL *)url
      |    ^           
      |                 _Nullable 
/Users/jonahmicahinguito/dev/rotaract-connect/node_modules/react-native/React/Base/RCTMultipartDataTask.h:30:4: note: insert '_Nonnull' if the pointer should never be null
   30 | - (instancetype)initWithURL:(NSURL *)url
      |    ^           
      |                 _Nonnull 
/Users/jonahmicahinguito/dev/rotaract-connect/node_modules/react-native/React/Base/RCTMultipartDataTask.h:30:36: warning: pointer is missing a nullability type specifier (_Nonnull, _Nullable, or _Null_unspecified) [-Wnullability-completeness]
   30 | - (instancetype)initWithURL:(NSURL *)url
      |                                    ^
/Users/jonahmicahinguito/dev/rotaract-connect/node_modules/react-native/React/Base/RCTMultipartDataTask.h:30:36: note: insert '_Nullable' if the pointer may be null
   30 | - (instancetype)initWithURL:(NSURL *)url
      |                                    ^
      |                                     _Nullable
/Users/jonahmicahinguito/dev/rotaract-connect/node_modules/react-native/React/Base/RCTMultipartDataTask.h:30:36: note: insert '_Nonnull' if the pointer should never be null
   30 | - (instancetype)initWithURL:(NSURL *)url
      |                                    ^
      |                                     _Nonnull
/Users/jonahmicahinguito/dev/rotaract-connect/node_modules/react-native/React/Base/RCTMultipartDataTask.h:31:30: warning: block pointer is missing a nullability type specifier (_Nonnull, _Nullable, or _Null_unspecified) [-Wnullability-completeness]
   31 |                 partHandler:(RCTMultipartDataTaskCallback)partHandler
      |                              ^
/Users/jonahmicahinguito/dev/rotaract-connect/node_modules/react-native/React/Base/RCTMultipartDataTask.h:31:30: note: insert '_Nullable' if the block pointer may be null
   31 |                 partHandler:(RCTMultipartDataTaskCallback)partHandler
      |                              ^                           
      |                                                           _Nullable 
/Users/jonahmicahinguito/dev/rotaract-connect/node_modules/react-native/React/Base/RCTMultipartDataTask.h:31:30: note: insert '_Nonnull' if the block pointer should never be null
   31 |                 partHandler:(RCTMultipartDataTaskCallback)partHandler
      |                              ^                           
      |                                                           _Nonnull 
/Users/jonahmicahinguito/dev/rotaract-connect/node_modules/react-native/React/Base/RCTMultipartDataTask.h:32:30: warning: block pointer is missing a nullability type specifier (_Nonnull, _Nullable, or _Null_unspecified) [-Wnullability-completeness]
   32 |             progressHandler:(RCTMultipartProgressCallback)progressHandler;
      |                              ^
/Users/jonahmicahinguito/dev/rotaract-connect/node_modules/react-native/React/Base/RCTMultipartDataTask.h:32:30: note: insert '_Nullable' if the block pointer may be null
   32 |             progressHandler:(RCTMultipartProgressCallback)progressHandler;
      |                              ^                           
      |                                                           _Nullable 
/Users/jonahmicahinguito/dev/rotaract-connect/node_modules/react-native/React/Base/RCTMultipartDataTask.h:32:30: note: insert '_Nonnull' if the block pointer should never be null
   32 |             progressHandler:(RCTMultipartProgressCallback)progressHandler;
      |                              ^                           
      |                                                           _Nonnull 
6 warnings generated.

/Users/jonahmicahinguito/dev/rotaract-connect/node_modules/react-native/React/Base/RCTMultipartDataTask.h:15:18: Pointer is missing a nullability type specifier (_Nonnull, _Nullable, or _Null_unspecified)

/Users/jonahmicahinguito/dev/rotaract-connect/node_modules/react-native/React/Base/RCTMultipartDataTask.h:26:65: Block pointer is missing a nullability type specifier (_Nonnull, _Nullable, or _Null_unspecified)

/Users/jonahmicahinguito/dev/rotaract-connect/node_modules/react-native/React/Base/RCTMultipartDataTask.h:30:4: Pointer is missing a nullability type specifier (_Nonnull, _Nullable, or _Null_unspecified)

/Users/jonahmicahinguito/dev/rotaract-connect/node_modules/react-native/React/Base/RCTMultipartDataTask.h:30:36: Pointer is missing a nullability type specifier (_Nonnull, _Nullable, or _Null_unspecified)

/Users/jonahmicahinguito/dev/rotaract-connect/node_modules/react-native/React/Base/RCTMultipartDataTask.h:31:30: Block pointer is missing a nullability type specifier (_Nonnull, _Nullable, or _Null_unspecified)

/Users/jonahmicahinguito/dev/rotaract-connect/node_modules/react-native/React/Base/RCTMultipartDataTask.h:32:30: Block pointer is missing a nullability type specifier (_Nonnull, _Nullable, or _Null_unspecified)

CompileC /Users/jonahmicahinguito/Library/Developer/Xcode/DerivedData/rotaractconnect-cjwcbdlngckcsaantafkjnfzfbdk/Build/Intermediates.noindex/Pods.build/Debug-iphoneos/React-Core.build/Objects-normal/arm64/RCTInspectorNetworkHelper.o /Users/jonahmicahinguito/dev/rotaract-connect/node_modules/react-native/React/DevSupport/RCTInspectorNetworkHelper.mm normal arm64 objective-c++ com.apple.compilers.llvm.clang.1_0.compiler (in target 'React-Core' from project 'Pods')
    cd /Users/jonahmicahinguito/dev/rotaract-connect/ios/Pods
    
    Using response file: /Users/jonahmicahinguito/Library/Developer/Xcode/DerivedData/rotaractconnect-cjwcbdlngckcsaantafkjnfzfbdk/Build/Intermediates.noindex/Pods.build/Debug-iphoneos/React-Core.build/Objects-normal/arm64/af3fcb34312c57c0f52879cdce924b91-common-args.resp
    
    /Applications/Xcode.app/Contents/Developer/Toolchains/XcodeDefault.xctoolchain/usr/bin/clang -x objective-c++ -ivfsstatcache /Users/jonahmicahinguito/Library/Developer/Xcode/DerivedData/SDKStatCaches.noindex/iphoneos26.5-23F81a-32daed1954a7d5dd0789fcaf2a9bb78b.sdkstatcache -target arm64-apple-ios15.1 -fmessage-length\=0 -fdiagnostics-show-note-include-stack -fmacro-backtrace-limit\=0 -fno-color-diagnostics -fmodules-prune-interval\=86400 -fmodules-prune-after\=345600 -fbuild-session-file\=/Users/jonahmicahinguito/Library/Developer/Xcode/DerivedData/ModuleCache.noindex/Session.modulevalidation -fmodules-validate-once-per-build-session -Wnon-modular-include-in-framework-module -Werror\=non-modular-include-in-framework-module -Wno-trigraphs -Wno-missing-field-initializers -Wno-missing-prototypes -Werror\=return-type -Wdocumentation -Wunreachable-code -Wno-implicit-atomic-properties -Werror\=deprecated-objc-isa-usage -Wno-objc-interface-ivars -Werror\=objc-root-class -Wno-arc-repeated-use-of-weak -Wimplicit-retain-self -Wno-non-virtual-dtor -Wno-overloaded-virtual -Wno-exit-time-destructors -Wduplicate-method-match -Wno-missing-braces -Wparentheses -Wswitch -Wunused-function -Wno-unused-label -Wno-unused-parameter -Wunused-variable -Wunused-value -Wempty-body -Wuninitialized -Wconditional-uninitialized -Wno-unknown-pragmas -Wno-shadow -Wno-four-char-constants -Wno-conversion -Wconstant-conversion -Wint-conversion -Wbool-conversion -Wenum-conversion -Wno-float-conversion -Wnon-literal-null-conversion -Wobjc-literal-conversion -Wshorten-64-to-32 -Wno-newline-eof -Wno-selector -Wno-strict-selector-match -Wundeclared-selector -Wdeprecated-implementations -Wno-c++11-extensions -Wno-implicit-fallthrough -isysroot /Applications/Xcode.app/Contents/Developer/Platforms/iPhoneOS.platform/Developer/SDKs/iPhoneOS26.5.sdk -fstrict-aliasing -Wprotocol -Wdeprecated-declarations -Winvalid-offsetof -Wno-sign-conversion -Winfinite-recursion -Wmove -Wcomma -Wblock-capture-autoreleasing -Wstrict-prototypes -Wrange-loop-analysis -Wno-semicolon-before-method-body -Wunguarded-availability -index-store-path /Users/jonahmicahinguito/Library/Developer/Xcode/DerivedData/rotaractconnect-cjwcbdlngckcsaantafkjnfzfbdk/Index.noindex/DataStore @/Users/jonahmicahinguito/Library/Developer/Xcode/DerivedData/rotaractconnect-cjwcbdlngckcsaantafkjnfzfbdk/Build/Intermediates.noindex/Pods.build/Debug-iphoneos/React-Core.build/Objects-normal/arm64/af3fcb34312c57c0f52879cdce924b91-common-args.resp -DUSE_HERMES\=1 -include /Users/jonahmicahinguito/dev/rotaract-connect/ios/Pods/Target\ Support\ Files/React-Core/React-Core-prefix.pch -MMD -MT dependencies -MF /Users/jonahmicahinguito/Library/Developer/Xcode/DerivedData/rotaractconnect-cjwcbdlngckcsaantafkjnfzfbdk/Build/Intermediates.noindex/Pods.build/Debug-iphoneos/React-Core.build/Objects-normal/arm64/RCTInspectorNetworkHelper.d --serialize-diagnostics /Users/jonahmicahinguito/Library/Developer/Xcode/DerivedData/rotaractconnect-cjwcbdlngckcsaantafkjnfzfbdk/Build/Intermediates.noindex/Pods.build/Debug-iphoneos/React-Core.build/Objects-normal/arm64/RCTInspectorNetworkHelper.dia -c /Users/jonahmicahinguito/dev/rotaract-connect/node_modules/react-native/React/DevSupport/RCTInspectorNetworkHelper.mm -o /Users/jonahmicahinguito/Library/Developer/Xcode/DerivedData/rotaractconnect-cjwcbdlngckcsaantafkjnfzfbdk/Build/Intermediates.noindex/Pods.build/Debug-iphoneos/React-Core.build/Objects-normal/arm64/RCTInspectorNetworkHelper.o -index-unit-output-path /Pods.build/Debug-iphoneos/React-Core.build/Objects-normal/arm64/RCTInspectorNetworkHelper.o

/Users/jonahmicahinguito/dev/rotaract-connect/node_modules/react-native/React/DevSupport/RCTInspectorNetworkHelper.mm:88:27: warning: implicit conversion loses integer precision: 'NSInteger' (aka 'long') to 'uint32_t' (aka 'unsigned int') [-Wshorten-64-to-32]
   88 |       listener->onHeaders(httpResponse.statusCode, headersMap);
      |                 ~~~~~~~~~ ^~~~~~~~~~~~~~~~~~~~~~~
1 warning generated.

/Users/jonahmicahinguito/dev/rotaract-connect/node_modules/react-native/React/DevSupport/RCTInspectorNetworkHelper.mm:88:27: Implicit conversion loses integer precision: 'NSInteger' (aka 'long') to 'uint32_t' (aka 'unsigned int')

CompileC /Users/jonahmicahinguito/Library/Developer/Xcode/DerivedData/rotaractconnect-cjwcbdlngckcsaantafkjnfzfbdk/Build/Intermediates.noindex/Pods.build/Debug-iphoneos/React-Core.build/Objects-normal/arm64/RCTCxxBridge.o /Users/jonahmicahinguito/dev/rotaract-connect/node_modules/react-native/React/CxxBridge/RCTCxxBridge.mm normal arm64 objective-c++ com.apple.compilers.llvm.clang.1_0.compiler (in target 'React-Core' from project 'Pods')
    cd /Users/jonahmicahinguito/dev/rotaract-connect/ios/Pods
    
    Using response file: /Users/jonahmicahinguito/Library/Developer/Xcode/DerivedData/rotaractconnect-cjwcbdlngckcsaantafkjnfzfbdk/Build/Intermediates.noindex/Pods.build/Debug-iphoneos/React-Core.build/Objects-normal/arm64/af3fcb34312c57c0f52879cdce924b91-common-args.resp
    
    /Applications/Xcode.app/Contents/Developer/Toolchains/XcodeDefault.xctoolchain/usr/bin/clang -x objective-c++ -ivfsstatcache /Users/jonahmicahinguito/Library/Developer/Xcode/DerivedData/SDKStatCaches.noindex/iphoneos26.5-23F81a-32daed1954a7d5dd0789fcaf2a9bb78b.sdkstatcache -target arm64-apple-ios15.1 -fmessage-length\=0 -fdiagnostics-show-note-include-stack -fmacro-backtrace-limit\=0 -fno-color-diagnostics -fmodules-prune-interval\=86400 -fmodules-prune-after\=345600 -fbuild-session-file\=/Users/jonahmicahinguito/Library/Developer/Xcode/DerivedData/ModuleCache.noindex/Session.modulevalidation -fmodules-validate-once-per-build-session -Wnon-modular-include-in-framework-module -Werror\=non-modular-include-in-framework-module -Wno-trigraphs -Wno-missing-field-initializers -Wno-missing-prototypes -Werror\=return-type -Wdocumentation -Wunreachable-code -Wno-implicit-atomic-properties -Werror\=deprecated-objc-isa-usage -Wno-objc-interface-ivars -Werror\=objc-root-class -Wno-arc-repeated-use-of-weak -Wimplicit-retain-self -Wno-non-virtual-dtor -Wno-overloaded-virtual -Wno-exit-time-destructors -Wduplicate-method-match -Wno-missing-braces -Wparentheses -Wswitch -Wunused-function -Wno-unused-label -Wno-unused-parameter -Wunused-variable -Wunused-value -Wempty-body -Wuninitialized -Wconditional-uninitialized -Wno-unknown-pragmas -Wno-shadow -Wno-four-char-constants -Wno-conversion -Wconstant-conversion -Wint-conversion -Wbool-conversion -Wenum-conversion -Wno-float-conversion -Wnon-literal-null-conversion -Wobjc-literal-conversion -Wshorten-64-to-32 -Wno-newline-eof -Wno-selector -Wno-strict-selector-match -Wundeclared-selector -Wdeprecated-implementations -Wno-c++11-extensions -Wno-implicit-fallthrough -isysroot /Applications/Xcode.app/Contents/Developer/Platforms/iPhoneOS.platform/Developer/SDKs/iPhoneOS26.5.sdk -fstrict-aliasing -Wprotocol -Wdeprecated-declarations -Winvalid-offsetof -Wno-sign-conversion -Winfinite-recursion -Wmove -Wcomma -Wblock-capture-autoreleasing -Wstrict-prototypes -Wrange-loop-analysis -Wno-semicolon-before-method-body -Wunguarded-availability -index-store-path /Users/jonahmicahinguito/Library/Developer/Xcode/DerivedData/rotaractconnect-cjwcbdlngckcsaantafkjnfzfbdk/Index.noindex/DataStore @/Users/jonahmicahinguito/Library/Developer/Xcode/DerivedData/rotaractconnect-cjwcbdlngckcsaantafkjnfzfbdk/Build/Intermediates.noindex/Pods.build/Debug-iphoneos/React-Core.build/Objects-normal/arm64/af3fcb34312c57c0f52879cdce924b91-common-args.resp -DUSE_HERMES\=1 -include /Users/jonahmicahinguito/dev/rotaract-connect/ios/Pods/Target\ Support\ Files/React-Core/React-Core-prefix.pch -MMD -MT dependencies -MF /Users/jonahmicahinguito/Library/Developer/Xcode/DerivedData/rotaractconnect-cjwcbdlngckcsaantafkjnfzfbdk/Build/Intermediates.noindex/Pods.build/Debug-iphoneos/React-Core.build/Objects-normal/arm64/RCTCxxBridge.d --serialize-diagnostics /Users/jonahmicahinguito/Library/Developer/Xcode/DerivedData/rotaractconnect-cjwcbdlngckcsaantafkjnfzfbdk/Build/Intermediates.noindex/Pods.build/Debug-iphoneos/React-Core.build/Objects-normal/arm64/RCTCxxBridge.dia -c /Users/jonahmicahinguito/dev/rotaract-connect/node_modules/react-native/React/CxxBridge/RCTCxxBridge.mm -o /Users/jonahmicahinguito/Library/Developer/Xcode/DerivedData/rotaractconnect-cjwcbdlngckcsaantafkjnfzfbdk/Build/Intermediates.noindex/Pods.build/Debug-iphoneos/React-Core.build/Objects-normal/arm64/RCTCxxBridge.o -index-unit-output-path /Pods.build/Debug-iphoneos/React-Core.build/Objects-normal/arm64/RCTCxxBridge.o

In file included from /Users/jonahmicahinguito/dev/rotaract-connect/node_modules/react-native/React/CxxBridge/RCTCxxBridge.mm:53:
/Users/jonahmicahinguito/dev/rotaract-connect/node_modules/react-native/React/CxxBridge/RCTMessageThread.h:21:40: warning: 'RCTJavaScriptCompleteBlock' is deprecated: This api will be removed along with the bridge. [-Wdeprecated-declarations]
   21 |   RCTMessageThread(NSRunLoop *runLoop, RCTJavaScriptCompleteBlock errorBlock);
      |                                        ^
In file included from /Users/jonahmicahinguito/dev/rotaract-connect/node_modules/react-native/React/CxxBridge/RCTCxxBridge.mm:53:
In file included from /Users/jonahmicahinguito/dev/rotaract-connect/node_modules/react-native/React/CxxBridge/RCTMessageThread.h:13:
/Users/jonahmicahinguito/dev/rotaract-connect/ios/Pods/Headers/Private/React-Core/React/RCTJavaScriptExecutor.h:14:5: note: 'RCTJavaScriptCompleteBlock' has been explicitly marked deprecated here
   14 |     __deprecated_msg("This api will be removed along with the bridge.");
      |     ^
In file included from <built-in>:1:
In file included from /Users/jonahmicahinguito/dev/rotaract-connect/ios/Pods/Target Support Files/React-Core/React-Core-prefix.pch:2:
In file included from /Applications/Xcode.app/Contents/Developer/Platforms/iPhoneOS.platform/Developer/SDKs/iPhoneOS26.5.sdk/System/Library/Frameworks/UIKit.framework/Headers/UIKit.h:8:
In file included from /Applications/Xcode.app/Contents/Developer/Platforms/iPhoneOS.platform/Developer/SDKs/iPhoneOS26.5.sdk/System/Library/Frameworks/Foundation.framework/Headers/Foundation.h:6:
In file included from /Applications/Xcode.app/Contents/Developer/Platforms/iPhoneOS.platform/Developer/SDKs/iPhoneOS26.5.sdk/System/Library/Frameworks/CoreFoundation.framework/Headers/CoreFoundation.h:18:
In file included from /Applications/Xcode.app/Contents/Developer/Platforms/iPhoneOS.platform/Developer/SDKs/iPhoneOS26.5.sdk/usr/include/sys/types.h:75:
/Applications/Xcode.app/Contents/Developer/Platforms/iPhoneOS.platform/Developer/SDKs/iPhoneOS26.5.sdk/usr/include/sys/cdefs.h:227:48: note: expanded from macro '__deprecated_msg'
  227 |         #define __deprecated_msg(_msg) __attribute__((__deprecated__(_msg)))
      |                                                       ^
In file included from /Users/jonahmicahinguito/dev/rotaract-connect/node_modules/react-native/React/CxxBridge/RCTCxxBridge.mm:53:
/Users/jonahmicahinguito/dev/rotaract-connect/node_modules/react-native/React/CxxBridge/RCTMessageThread.h:34:3: warning: 'RCTJavaScriptCompleteBlock' is deprecated: This api will be removed along with the bridge. [-Wdeprecated-declarations]
   34 |   RCTJavaScriptCompleteBlock m_errorBlock;
      |   ^
In file included from /Users/jonahmicahinguito/dev/rotaract-connect/node_modules/react-native/React/CxxBridge/RCTCxxBridge.mm:53:
In file included from /Users/jonahmicahinguito/dev/rotaract-connect/node_modules/react-native/React/CxxBridge/RCTMessageThread.h:13:
/Users/jonahmicahinguito/dev/rotaract-connect/ios/Pods/Headers/Private/React-Core/React/RCTJavaScriptExecutor.h:14:5: note: 'RCTJavaScriptCompleteBlock' has been explicitly marked deprecated here
   14 |     __deprecated_msg("This api will be removed along with the bridge.");
      |     ^
In file included from <built-in>:1:
In file included from /Users/jonahmicahinguito/dev/rotaract-connect/ios/Pods/Target Support Files/React-Core/React-Core-prefix.pch:2:
In file included from /Applications/Xcode.app/Contents/Developer/Platforms/iPhoneOS.platform/Developer/SDKs/iPhoneOS26.5.sdk/System/Library/Frameworks/UIKit.framework/Headers/UIKit.h:8:
In file included from /Applications/Xcode.app/Contents/Developer/Platforms/iPhoneOS.platform/Developer/SDKs/iPhoneOS26.5.sdk/System/Library/Frameworks/Foundation.framework/Headers/Foundation.h:6:
In file included from /Applications/Xcode.app/Contents/Developer/Platforms/iPhoneOS.platform/Developer/SDKs/iPhoneOS26.5.sdk/System/Library/Frameworks/CoreFoundation.framework/Headers/CoreFoundation.h:18:
In file included from /Applications/Xcode.app/Contents/Developer/Platforms/iPhoneOS.platform/Developer/SDKs/iPhoneOS26.5.sdk/usr/include/sys/types.h:75:
/Applications/Xcode.app/Contents/Developer/Platforms/iPhoneOS.platform/Developer/SDKs/iPhoneOS26.5.sdk/usr/include/sys/cdefs.h:227:48: note: expanded from macro '__deprecated_msg'
  227 |         #define __deprecated_msg(_msg) __attribute__((__deprecated__(_msg)))
      |                                                       ^
2 warnings generated.

/Users/jonahmicahinguito/dev/rotaract-connect/node_modules/react-native/React/CxxBridge/RCTMessageThread.h:21:40: 'RCTJavaScriptCompleteBlock' is deprecated: This api will be removed along with the bridge.

/Users/jonahmicahinguito/dev/rotaract-connect/node_modules/react-native/React/CxxBridge/RCTMessageThread.h:34:3: 'RCTJavaScriptCompleteBlock' is deprecated: This api will be removed along with the bridge.

CompileC /Users/jonahmicahinguito/Library/Developer/Xcode/DerivedData/rotaractconnect-cjwcbdlngckcsaantafkjnfzfbdk/Build/Intermediates.noindex/Pods.build/Debug-iphoneos/React-Core.build/Objects-normal/arm64/RCTComponentData.o /Users/jonahmicahinguito/dev/rotaract-connect/node_modules/react-native/React/Views/RCTComponentData.mm normal arm64 objective-c++ com.apple.compilers.llvm.clang.1_0.compiler (in target 'React-Core' from project 'Pods')
    cd /Users/jonahmicahinguito/dev/rotaract-connect/ios/Pods
    
    Using response file: /Users/jonahmicahinguito/Library/Developer/Xcode/DerivedData/rotaractconnect-cjwcbdlngckcsaantafkjnfzfbdk/Build/Intermediates.noindex/Pods.build/Debug-iphoneos/React-Core.build/Objects-normal/arm64/af3fcb34312c57c0f52879cdce924b91-common-args.resp
    
    /Applications/Xcode.app/Contents/Developer/Toolchains/XcodeDefault.xctoolchain/usr/bin/clang -x objective-c++ -ivfsstatcache /Users/jonahmicahinguito/Library/Developer/Xcode/DerivedData/SDKStatCaches.noindex/iphoneos26.5-23F81a-32daed1954a7d5dd0789fcaf2a9bb78b.sdkstatcache -target arm64-apple-ios15.1 -fmessage-length\=0 -fdiagnostics-show-note-include-stack -fmacro-backtrace-limit\=0 -fno-color-diagnostics -fmodules-prune-interval\=86400 -fmodules-prune-after\=345600 -fbuild-session-file\=/Users/jonahmicahinguito/Library/Developer/Xcode/DerivedData/ModuleCache.noindex/Session.modulevalidation -fmodules-validate-once-per-build-session -Wnon-modular-include-in-framework-module -Werror\=non-modular-include-in-framework-module -Wno-trigraphs -Wno-missing-field-initializers -Wno-missing-prototypes -Werror\=return-type -Wdocumentation -Wunreachable-code -Wno-implicit-atomic-properties -Werror\=deprecated-objc-isa-usage -Wno-objc-interface-ivars -Werror\=objc-root-class -Wno-arc-repeated-use-of-weak -Wimplicit-retain-self -Wno-non-virtual-dtor -Wno-overloaded-virtual -Wno-exit-time-destructors -Wduplicate-method-match -Wno-missing-braces -Wparentheses -Wswitch -Wunused-function -Wno-unused-label -Wno-unused-parameter -Wunused-variable -Wunused-value -Wempty-body -Wuninitialized -Wconditional-uninitialized -Wno-unknown-pragmas -Wno-shadow -Wno-four-char-constants -Wno-conversion -Wconstant-conversion -Wint-conversion -Wbool-conversion -Wenum-conversion -Wno-float-conversion -Wnon-literal-null-conversion -Wobjc-literal-conversion -Wshorten-64-to-32 -Wno-newline-eof -Wno-selector -Wno-strict-selector-match -Wundeclared-selector -Wdeprecated-implementations -Wno-c++11-extensions -Wno-implicit-fallthrough -isysroot /Applications/Xcode.app/Contents/Developer/Platforms/iPhoneOS.platform/Developer/SDKs/iPhoneOS26.5.sdk -fstrict-aliasing -Wprotocol -Wdeprecated-declarations -Winvalid-offsetof -Wno-sign-conversion -Winfinite-recursion -Wmove -Wcomma -Wblock-capture-autoreleasing -Wstrict-prototypes -Wrange-loop-analysis -Wno-semicolon-before-method-body -Wunguarded-availability -index-store-path /Users/jonahmicahinguito/Library/Developer/Xcode/DerivedData/rotaractconnect-cjwcbdlngckcsaantafkjnfzfbdk/Index.noindex/DataStore @/Users/jonahmicahinguito/Library/Developer/Xcode/DerivedData/rotaractconnect-cjwcbdlngckcsaantafkjnfzfbdk/Build/Intermediates.noindex/Pods.build/Debug-iphoneos/React-Core.build/Objects-normal/arm64/af3fcb34312c57c0f52879cdce924b91-common-args.resp -DUSE_HERMES\=1 -include /Users/jonahmicahinguito/dev/rotaract-connect/ios/Pods/Target\ Support\ Files/React-Core/React-Core-prefix.pch -MMD -MT dependencies -MF /Users/jonahmicahinguito/Library/Developer/Xcode/DerivedData/rotaractconnect-cjwcbdlngckcsaantafkjnfzfbdk/Build/Intermediates.noindex/Pods.build/Debug-iphoneos/React-Core.build/Objects-normal/arm64/RCTComponentData.d --serialize-diagnostics /Users/jonahmicahinguito/Library/Developer/Xcode/DerivedData/rotaractconnect-cjwcbdlngckcsaantafkjnfzfbdk/Build/Intermediates.noindex/Pods.build/Debug-iphoneos/React-Core.build/Objects-normal/arm64/RCTComponentData.dia -c /Users/jonahmicahinguito/dev/rotaract-connect/node_modules/react-native/React/Views/RCTComponentData.mm -o /Users/jonahmicahinguito/Library/Developer/Xcode/DerivedData/rotaractconnect-cjwcbdlngckcsaantafkjnfzfbdk/Build/Intermediates.noindex/Pods.build/Debug-iphoneos/React-Core.build/Objects-normal/arm64/RCTComponentData.o -index-unit-output-path /Pods.build/Debug-iphoneos/React-Core.build/Objects-normal/arm64/RCTComponentData.o

/Users/jonahmicahinguito/dev/rotaract-connect/node_modules/react-native/React/Views/RCTComponentData.mm:401:37: warning: implicit conversion loses integer precision: 'size_t' (aka 'unsigned long') to 'const unsigned int' [-Wshorten-64-to-32]
  401 |   const unsigned int prefixLength = strlen(prefix);
      |                      ~~~~~~~~~~~~   ^~~~~~~~~~~~~~
1 warning generated.

/Users/jonahmicahinguito/dev/rotaract-connect/node_modules/react-native/React/Views/RCTComponentData.mm:401:37: Implicit conversion loses integer precision: 'size_t' (aka 'unsigned long') to 'const unsigned int'

CompileC /Users/jonahmicahinguito/Library/Developer/Xcode/DerivedData/rotaractconnect-cjwcbdlngckcsaantafkjnfzfbdk/Build/Intermediates.noindex/Pods.build/Debug-iphoneos/React-Core.build/Objects-normal/arm64/RCTMultipartStreamReader.o /Users/jonahmicahinguito/dev/rotaract-connect/node_modules/react-native/React/Base/RCTMultipartStreamReader.m normal arm64 objective-c com.apple.compilers.llvm.clang.1_0.compiler (in target 'React-Core' from project 'Pods')
    cd /Users/jonahmicahinguito/dev/rotaract-connect/ios/Pods
    
    Using response file: /Users/jonahmicahinguito/Library/Developer/Xcode/DerivedData/rotaractconnect-cjwcbdlngckcsaantafkjnfzfbdk/Build/Intermediates.noindex/Pods.build/Debug-iphoneos/React-Core.build/Objects-normal/arm64/e6072d4f65d7061329687fe24e3d63a7-common-args.resp
    
    /Applications/Xcode.app/Contents/Developer/Toolchains/XcodeDefault.xctoolchain/usr/bin/clang -x objective-c -ivfsstatcache /Users/jonahmicahinguito/Library/Developer/Xcode/DerivedData/SDKStatCaches.noindex/iphoneos26.5-23F81a-32daed1954a7d5dd0789fcaf2a9bb78b.sdkstatcache -target arm64-apple-ios15.1 -fmessage-length\=0 -fdiagnostics-show-note-include-stack -fmacro-backtrace-limit\=0 -fno-color-diagnostics -fmodules-prune-interval\=86400 -fmodules-prune-after\=345600 -fbuild-session-file\=/Users/jonahmicahinguito/Library/Developer/Xcode/DerivedData/ModuleCache.noindex/Session.modulevalidation -fmodules-validate-once-per-build-session -Wnon-modular-include-in-framework-module -Werror\=non-modular-include-in-framework-module -Wno-trigraphs -Wno-missing-field-initializers -Wno-missing-prototypes -Werror\=return-type -Wdocumentation -Wunreachable-code -Wno-implicit-atomic-properties -Werror\=deprecated-objc-isa-usage -Wno-objc-interface-ivars -Werror\=objc-root-class -Wno-arc-repeated-use-of-weak -Wimplicit-retain-self -Wduplicate-method-match -Wno-missing-braces -Wparentheses -Wswitch -Wunused-function -Wno-unused-label -Wno-unused-parameter -Wunused-variable -Wunused-value -Wempty-body -Wuninitialized -Wconditional-uninitialized -Wno-unknown-pragmas -Wno-shadow -Wno-four-char-constants -Wno-conversion -Wconstant-conversion -Wint-conversion -Wbool-conversion -Wenum-conversion -Wno-float-conversion -Wnon-literal-null-conversion -Wobjc-literal-conversion -Wshorten-64-to-32 -Wpointer-sign -Wno-newline-eof -Wno-selector -Wno-strict-selector-match -Wundeclared-selector -Wdeprecated-implementations -Wno-implicit-fallthrough -isysroot /Applications/Xcode.app/Contents/Developer/Platforms/iPhoneOS.platform/Developer/SDKs/iPhoneOS26.5.sdk -fstrict-aliasing -Wprotocol -Wdeprecated-declarations -Wno-sign-conversion -Winfinite-recursion -Wcomma -Wblock-capture-autoreleasing -Wstrict-prototypes -Wno-semicolon-before-method-body -Wunguarded-availability -index-store-path /Users/jonahmicahinguito/Library/Developer/Xcode/DerivedData/rotaractconnect-cjwcbdlngckcsaantafkjnfzfbdk/Index.noindex/DataStore @/Users/jonahmicahinguito/Library/Developer/Xcode/DerivedData/rotaractconnect-cjwcbdlngckcsaantafkjnfzfbdk/Build/Intermediates.noindex/Pods.build/Debug-iphoneos/React-Core.build/Objects-normal/arm64/e6072d4f65d7061329687fe24e3d63a7-common-args.resp -DUSE_HERMES\=1 -include /Users/jonahmicahinguito/dev/rotaract-connect/ios/Pods/Target\ Support\ Files/React-Core/React-Core-prefix.pch -MMD -MT dependencies -MF /Users/jonahmicahinguito/Library/Developer/Xcode/DerivedData/rotaractconnect-cjwcbdlngckcsaantafkjnfzfbdk/Build/Intermediates.noindex/Pods.build/Debug-iphoneos/React-Core.build/Objects-normal/arm64/RCTMultipartStreamReader.d --serialize-diagnostics /Users/jonahmicahinguito/Library/Developer/Xcode/DerivedData/rotaractconnect-cjwcbdlngckcsaantafkjnfzfbdk/Build/Intermediates.noindex/Pods.build/Debug-iphoneos/React-Core.build/Objects-normal/arm64/RCTMultipartStreamReader.dia -c /Users/jonahmicahinguito/dev/rotaract-connect/node_modules/react-native/React/Base/RCTMultipartStreamReader.m -o /Users/jonahmicahinguito/Library/Developer/Xcode/DerivedData/rotaractconnect-cjwcbdlngckcsaantafkjnfzfbdk/Build/Intermediates.noindex/Pods.build/Debug-iphoneos/React-Core.build/Objects-normal/arm64/RCTMultipartStreamReader.o -index-unit-output-path /Pods.build/Debug-iphoneos/React-Core.build/Objects-normal/arm64/RCTMultipartStreamReader.o

/Users/jonahmicahinguito/dev/rotaract-connect/node_modules/react-native/React/Base/RCTMultipartStreamReader.m:99:18: warning: variable length array folded to constant array as an extension [-Wgnu-folding-constant]
   99 |   uint8_t buffer[bufferLen];
      |                  ^~~~~~~~~
1 warning generated.

/Users/jonahmicahinguito/dev/rotaract-connect/node_modules/react-native/React/Base/RCTMultipartStreamReader.m:99:18: Variable length array folded to constant array as an extension

CompileC /Users/jonahmicahinguito/Library/Developer/Xcode/DerivedData/rotaractconnect-cjwcbdlngckcsaantafkjnfzfbdk/Build/Intermediates.noindex/Pods.build/Debug-iphoneos/React-Core.build/Objects-normal/arm64/RCTMultipartDataTask.o /Users/jonahmicahinguito/dev/rotaract-connect/node_modules/react-native/React/Base/RCTMultipartDataTask.m normal arm64 objective-c com.apple.compilers.llvm.clang.1_0.compiler (in target 'React-Core' from project 'Pods')
    cd /Users/jonahmicahinguito/dev/rotaract-connect/ios/Pods
    
    Using response file: /Users/jonahmicahinguito/Library/Developer/Xcode/DerivedData/rotaractconnect-cjwcbdlngckcsaantafkjnfzfbdk/Build/Intermediates.noindex/Pods.build/Debug-iphoneos/React-Core.build/Objects-normal/arm64/e6072d4f65d7061329687fe24e3d63a7-common-args.resp
    
    /Applications/Xcode.app/Contents/Developer/Toolchains/XcodeDefault.xctoolchain/usr/bin/clang -x objective-c -ivfsstatcache /Users/jonahmicahinguito/Library/Developer/Xcode/DerivedData/SDKStatCaches.noindex/iphoneos26.5-23F81a-32daed1954a7d5dd0789fcaf2a9bb78b.sdkstatcache -target arm64-apple-ios15.1 -fmessage-length\=0 -fdiagnostics-show-note-include-stack -fmacro-backtrace-limit\=0 -fno-color-diagnostics -fmodules-prune-interval\=86400 -fmodules-prune-after\=345600 -fbuild-session-file\=/Users/jonahmicahinguito/Library/Developer/Xcode/DerivedData/ModuleCache.noindex/Session.modulevalidation -fmodules-validate-once-per-build-session -Wnon-modular-include-in-framework-module -Werror\=non-modular-include-in-framework-module -Wno-trigraphs -Wno-missing-field-initializers -Wno-missing-prototypes -Werror\=return-type -Wdocumentation -Wunreachable-code -Wno-implicit-atomic-properties -Werror\=deprecated-objc-isa-usage -Wno-objc-interface-ivars -Werror\=objc-root-class -Wno-arc-repeated-use-of-weak -Wimplicit-retain-self -Wduplicate-method-match -Wno-missing-braces -Wparentheses -Wswitch -Wunused-function -Wno-unused-label -Wno-unused-parameter -Wunused-variable -Wunused-value -Wempty-body -Wuninitialized -Wconditional-uninitialized -Wno-unknown-pragmas -Wno-shadow -Wno-four-char-constants -Wno-conversion -Wconstant-conversion -Wint-conversion -Wbool-conversion -Wenum-conversion -Wno-float-conversion -Wnon-literal-null-conversion -Wobjc-literal-conversion -Wshorten-64-to-32 -Wpointer-sign -Wno-newline-eof -Wno-selector -Wno-strict-selector-match -Wundeclared-selector -Wdeprecated-implementations -Wno-implicit-fallthrough -isysroot /Applications/Xcode.app/Contents/Developer/Platforms/iPhoneOS.platform/Developer/SDKs/iPhoneOS26.5.sdk -fstrict-aliasing -Wprotocol -Wdeprecated-declarations -Wno-sign-conversion -Winfinite-recursion -Wcomma -Wblock-capture-autoreleasing -Wstrict-prototypes -Wno-semicolon-before-method-body -Wunguarded-availability -index-store-path /Users/jonahmicahinguito/Library/Developer/Xcode/DerivedData/rotaractconnect-cjwcbdlngckcsaantafkjnfzfbdk/Index.noindex/DataStore @/Users/jonahmicahinguito/Library/Developer/Xcode/DerivedData/rotaractconnect-cjwcbdlngckcsaantafkjnfzfbdk/Build/Intermediates.noindex/Pods.build/Debug-iphoneos/React-Core.build/Objects-normal/arm64/e6072d4f65d7061329687fe24e3d63a7-common-args.resp -DUSE_HERMES\=1 -include /Users/jonahmicahinguito/dev/rotaract-connect/ios/Pods/Target\ Support\ Files/React-Core/React-Core-prefix.pch -MMD -MT dependencies -MF /Users/jonahmicahinguito/Library/Developer/Xcode/DerivedData/rotaractconnect-cjwcbdlngckcsaantafkjnfzfbdk/Build/Intermediates.noindex/Pods.build/Debug-iphoneos/React-Core.build/Objects-normal/arm64/RCTMultipartDataTask.d --serialize-diagnostics /Users/jonahmicahinguito/Library/Developer/Xcode/DerivedData/rotaractconnect-cjwcbdlngckcsaantafkjnfzfbdk/Build/Intermediates.noindex/Pods.build/Debug-iphoneos/React-Core.build/Objects-normal/arm64/RCTMultipartDataTask.dia -c /Users/jonahmicahinguito/dev/rotaract-connect/node_modules/react-native/React/Base/RCTMultipartDataTask.m -o /Users/jonahmicahinguito/Library/Developer/Xcode/DerivedData/rotaractconnect-cjwcbdlngckcsaantafkjnfzfbdk/Build/Intermediates.noindex/Pods.build/Debug-iphoneos/React-Core.build/Objects-normal/arm64/RCTMultipartDataTask.o -index-unit-output-path /Pods.build/Debug-iphoneos/React-Core.build/Objects-normal/arm64/RCTMultipartDataTask.o

In file included from /Users/jonahmicahinguito/dev/rotaract-connect/node_modules/react-native/React/Base/RCTMultipartDataTask.m:8:
/Users/jonahmicahinguito/dev/rotaract-connect/node_modules/react-native/React/Base/RCTMultipartDataTask.h:15:18: warning: pointer is missing a nullability type specifier (_Nonnull, _Nullable, or _Null_unspecified) [-Wnullability-completeness]
   15 |     NSDictionary *headers,
      |                  ^
/Users/jonahmicahinguito/dev/rotaract-connect/node_modules/react-native/React/Base/RCTMultipartDataTask.h:15:18: note: insert '_Nullable' if the pointer may be null
   15 |     NSDictionary *headers,
      |                  ^
      |                    _Nullable 
/Users/jonahmicahinguito/dev/rotaract-connect/node_modules/react-native/React/Base/RCTMultipartDataTask.h:15:18: note: insert '_Nonnull' if the pointer should never be null
   15 |     NSDictionary *headers,
      |                  ^
      |                    _Nonnull 
/Users/jonahmicahinguito/dev/rotaract-connect/node_modules/react-native/React/Base/RCTMultipartDataTask.h:26:65: warning: block pointer is missing a nullability type specifier (_Nonnull, _Nullable, or _Null_unspecified) [-Wnullability-completeness]
   26 | RCT_EXTERN void RCTSetCustomMultipartDataTaskRequestInterceptor(RCTMultipartDataTaskRequestInterceptor /*interceptor*/);
      |                                                                 ^
/Users/jonahmicahinguito/dev/rotaract-connect/node_modules/react-native/React/Base/RCTMultipartDataTask.h:26:65: note: insert '_Nullable' if the block pointer may be null
   26 | RCT_EXTERN void RCTSetCustomMultipartDataTaskRequestInterceptor(RCTMultipartDataTaskRequestInterceptor /*interceptor*/);
      |                                                                 ^
      |                                                                                                        _Nullable
/Users/jonahmicahinguito/dev/rotaract-connect/node_modules/react-native/React/Base/RCTMultipartDataTask.h:26:65: note: insert '_Nonnull' if the block pointer should never be null
   26 | RCT_EXTERN void RCTSetCustomMultipartDataTaskRequestInterceptor(RCTMultipartDataTaskRequestInterceptor /*interceptor*/);
      |                                                                 ^
      |                                                                                                        _Nonnull
/Users/jonahmicahinguito/dev/rotaract-connect/node_modules/react-native/React/Base/RCTMultipartDataTask.h:30:4: warning: pointer is missing a nullability type specifier (_Nonnull, _Nullable, or _Null_unspecified) [-Wnullability-completeness]
   30 | - (instancetype)initWithURL:(NSURL *)url
      |    ^
/Users/jonahmicahinguito/dev/rotaract-connect/node_modules/react-native/React/Base/RCTMultipartDataTask.h:30:4: note: insert '_Nullable' if the pointer may be null
   30 | - (instancetype)initWithURL:(NSURL *)url
      |    ^           
      |                 _Nullable 
/Users/jonahmicahinguito/dev/rotaract-connect/node_modules/react-native/React/Base/RCTMultipartDataTask.h:30:4: note: insert '_Nonnull' if the pointer should never be null
   30 | - (instancetype)initWithURL:(NSURL *)url
      |    ^           
      |                 _Nonnull 
/Users/jonahmicahinguito/dev/rotaract-connect/node_modules/react-native/React/Base/RCTMultipartDataTask.h:30:36: warning: pointer is missing a nullability type specifier (_Nonnull, _Nullable, or _Null_unspecified) [-Wnullability-completeness]
   30 | - (instancetype)initWithURL:(NSURL *)url
      |                                    ^
/Users/jonahmicahinguito/dev/rotaract-connect/node_modules/react-native/React/Base/RCTMultipartDataTask.h:30:36: note: insert '_Nullable' if the pointer may be null
   30 | - (instancetype)initWithURL:(NSURL *)url
      |                                    ^
      |                                     _Nullable
/Users/jonahmicahinguito/dev/rotaract-connect/node_modules/react-native/React/Base/RCTMultipartDataTask.h:30:36: note: insert '_Nonnull' if the pointer should never be null
   30 | - (instancetype)initWithURL:(NSURL *)url
      |                                    ^
      |                                     _Nonnull
/Users/jonahmicahinguito/dev/rotaract-connect/node_modules/react-native/React/Base/RCTMultipartDataTask.h:31:30: warning: block pointer is missing a nullability type specifier (_Nonnull, _Nullable, or _Null_unspecified) [-Wnullability-completeness]
   31 |                 partHandler:(RCTMultipartDataTaskCallback)partHandler
      |                              ^
/Users/jonahmicahinguito/dev/rotaract-connect/node_modules/react-native/React/Base/RCTMultipartDataTask.h:31:30: note: insert '_Nullable' if the block pointer may be null
   31 |                 partHandler:(RCTMultipartDataTaskCallback)partHandler
      |                              ^                           
      |                                                           _Nullable 
/Users/jonahmicahinguito/dev/rotaract-connect/node_modules/react-native/React/Base/RCTMultipartDataTask.h:31:30: note: insert '_Nonnull' if the block pointer should never be null
   31 |                 partHandler:(RCTMultipartDataTaskCallback)partHandler
      |                              ^                           
      |                                                           _Nonnull 
/Users/jonahmicahinguito/dev/rotaract-connect/node_modules/react-native/React/Base/RCTMultipartDataTask.h:32:30: warning: block pointer is missing a nullability type specifier (_Nonnull, _Nullable, or _Null_unspecified) [-Wnullability-completeness]
   32 |             progressHandler:(RCTMultipartProgressCallback)progressHandler;
      |                              ^
/Users/jonahmicahinguito/dev/rotaract-connect/node_modules/react-native/React/Base/RCTMultipartDataTask.h:32:30: note: insert '_Nullable' if the block pointer may be null
   32 |             progressHandler:(RCTMultipartProgressCallback)progressHandler;
      |                              ^                           
      |                                                           _Nullable 
/Users/jonahmicahinguito/dev/rotaract-connect/node_modules/react-native/React/Base/RCTMultipartDataTask.h:32:30: note: insert '_Nonnull' if the block pointer should never be null
   32 |             progressHandler:(RCTMultipartProgressCallback)progressHandler;
      |                              ^                           
      |                                                           _Nonnull 
6 warnings generated.

/Users/jonahmicahinguito/dev/rotaract-connect/node_modules/react-native/React/Base/RCTMultipartDataTask.h:15:18: Pointer is missing a nullability type specifier (_Nonnull, _Nullable, or _Null_unspecified)

/Users/jonahmicahinguito/dev/rotaract-connect/node_modules/react-native/React/Base/RCTMultipartDataTask.h:26:65: Block pointer is missing a nullability type specifier (_Nonnull, _Nullable, or _Null_unspecified)

/Users/jonahmicahinguito/dev/rotaract-connect/node_modules/react-native/React/Base/RCTMultipartDataTask.h:30:4: Pointer is missing a nullability type specifier (_Nonnull, _Nullable, or _Null_unspecified)

/Users/jonahmicahinguito/dev/rotaract-connect/node_modules/react-native/React/Base/RCTMultipartDataTask.h:30:36: Pointer is missing a nullability type specifier (_Nonnull, _Nullable, or _Null_unspecified)

/Users/jonahmicahinguito/dev/rotaract-connect/node_modules/react-native/React/Base/RCTMultipartDataTask.h:31:30: Block pointer is missing a nullability type specifier (_Nonnull, _Nullable, or _Null_unspecified)

/Users/jonahmicahinguito/dev/rotaract-connect/node_modules/react-native/React/Base/RCTMultipartDataTask.h:32:30: Block pointer is missing a nullability type specifier (_Nonnull, _Nullable, or _Null_unspecified)

CompileC /Users/jonahmicahinguito/Library/Developer/Xcode/DerivedData/rotaractconnect-cjwcbdlngckcsaantafkjnfzfbdk/Build/Intermediates.noindex/Pods.build/Debug-iphoneos/React-Core.build/Objects-normal/arm64/RCTDisplayLink.o /Users/jonahmicahinguito/dev/rotaract-connect/node_modules/react-native/React/Base/RCTDisplayLink.m normal arm64 objective-c com.apple.compilers.llvm.clang.1_0.compiler (in target 'React-Core' from project 'Pods')
    cd /Users/jonahmicahinguito/dev/rotaract-connect/ios/Pods
    
    Using response file: /Users/jonahmicahinguito/Library/Developer/Xcode/DerivedData/rotaractconnect-cjwcbdlngckcsaantafkjnfzfbdk/Build/Intermediates.noindex/Pods.build/Debug-iphoneos/React-Core.build/Objects-normal/arm64/e6072d4f65d7061329687fe24e3d63a7-common-args.resp
    
    /Applications/Xcode.app/Contents/Developer/Toolchains/XcodeDefault.xctoolchain/usr/bin/clang -x objective-c -ivfsstatcache /Users/jonahmicahinguito/Library/Developer/Xcode/DerivedData/SDKStatCaches.noindex/iphoneos26.5-23F81a-32daed1954a7d5dd0789fcaf2a9bb78b.sdkstatcache -target arm64-apple-ios15.1 -fmessage-length\=0 -fdiagnostics-show-note-include-stack -fmacro-backtrace-limit\=0 -fno-color-diagnostics -fmodules-prune-interval\=86400 -fmodules-prune-after\=345600 -fbuild-session-file\=/Users/jonahmicahinguito/Library/Developer/Xcode/DerivedData/ModuleCache.noindex/Session.modulevalidation -fmodules-validate-once-per-build-session -Wnon-modular-include-in-framework-module -Werror\=non-modular-include-in-framework-module -Wno-trigraphs -Wno-missing-field-initializers -Wno-missing-prototypes -Werror\=return-type -Wdocumentation -Wunreachable-code -Wno-implicit-atomic-properties -Werror\=deprecated-objc-isa-usage -Wno-objc-interface-ivars -Werror\=objc-root-class -Wno-arc-repeated-use-of-weak -Wimplicit-retain-self -Wduplicate-method-match -Wno-missing-braces -Wparentheses -Wswitch -Wunused-function -Wno-unused-label -Wno-unused-parameter -Wunused-variable -Wunused-value -Wempty-body -Wuninitialized -Wconditional-uninitialized -Wno-unknown-pragmas -Wno-shadow -Wno-four-char-constants -Wno-conversion -Wconstant-conversion -Wint-conversion -Wbool-conversion -Wenum-conversion -Wno-float-conversion -Wnon-literal-null-conversion -Wobjc-literal-conversion -Wshorten-64-to-32 -Wpointer-sign -Wno-newline-eof -Wno-selector -Wno-strict-selector-match -Wundeclared-selector -Wdeprecated-implementations -Wno-implicit-fallthrough -isysroot /Applications/Xcode.app/Contents/Developer/Platforms/iPhoneOS.platform/Developer/SDKs/iPhoneOS26.5.sdk -fstrict-aliasing -Wprotocol -Wdeprecated-declarations -Wno-sign-conversion -Winfinite-recursion -Wcomma -Wblock-capture-autoreleasing -Wstrict-prototypes -Wno-semicolon-before-method-body -Wunguarded-availability -index-store-path /Users/jonahmicahinguito/Library/Developer/Xcode/DerivedData/rotaractconnect-cjwcbdlngckcsaantafkjnfzfbdk/Index.noindex/DataStore @/Users/jonahmicahinguito/Library/Developer/Xcode/DerivedData/rotaractconnect-cjwcbdlngckcsaantafkjnfzfbdk/Build/Intermediates.noindex/Pods.build/Debug-iphoneos/React-Core.build/Objects-normal/arm64/e6072d4f65d7061329687fe24e3d63a7-common-args.resp -DUSE_HERMES\=1 -include /Users/jonahmicahinguito/dev/rotaract-connect/ios/Pods/Target\ Support\ Files/React-Core/React-Core-prefix.pch -MMD -MT dependencies -MF /Users/jonahmicahinguito/Library/Developer/Xcode/DerivedData/rotaractconnect-cjwcbdlngckcsaantafkjnfzfbdk/Build/Intermediates.noindex/Pods.build/Debug-iphoneos/React-Core.build/Objects-normal/arm64/RCTDisplayLink.d --serialize-diagnostics /Users/jonahmicahinguito/Library/Developer/Xcode/DerivedData/rotaractconnect-cjwcbdlngckcsaantafkjnfzfbdk/Build/Intermediates.noindex/Pods.build/Debug-iphoneos/React-Core.build/Objects-normal/arm64/RCTDisplayLink.dia -c /Users/jonahmicahinguito/dev/rotaract-connect/node_modules/react-native/React/Base/RCTDisplayLink.m -o /Users/jonahmicahinguito/Library/Developer/Xcode/DerivedData/rotaractconnect-cjwcbdlngckcsaantafkjnfzfbdk/Build/Intermediates.noindex/Pods.build/Debug-iphoneos/React-Core.build/Objects-normal/arm64/RCTDisplayLink.o -index-unit-output-path /Pods.build/Debug-iphoneos/React-Core.build/Objects-normal/arm64/RCTDisplayLink.o

/Users/jonahmicahinguito/dev/rotaract-connect/node_modules/react-native/React/Base/RCTDisplayLink.m:122:3: warning: 'RCTProfileIsProfiling' is deprecated: This API will be removed along with the legacy architecture. [-Wdeprecated-declarations]
  122 |   RCT_PROFILE_BEGIN_EVENT(RCTProfileTagAlways, @"-[RCTDisplayLink _jsThreadUpdate:]", nil);
      |   ^
In file included from /Users/jonahmicahinguito/dev/rotaract-connect/node_modules/react-native/React/Base/RCTDisplayLink.m:17:
/Users/jonahmicahinguito/dev/rotaract-connect/node_modules/react-native/React/Profiler/RCTProfile.h:101:9: note: expanded from macro 'RCT_PROFILE_BEGIN_EVENT'
  101 |     if (RCTProfileIsProfiling()) {                                    \
      |         ^
/Users/jonahmicahinguito/dev/rotaract-connect/node_modules/react-native/React/Profiler/RCTProfile.h:56:5: note: 'RCTProfileIsProfiling' has been explicitly marked deprecated here
   56 |     __deprecated_msg("This API will be removed along with the legacy architecture.");
      |     ^
In module 'Foundation' imported from /Users/jonahmicahinguito/dev/rotaract-connect/node_modules/react-native/React/Base/RCTDisplayLink.h:8:
In module 'CoreFoundation' imported from /Applications/Xcode.app/Contents/Developer/Platforms/iPhoneOS.platform/Developer/SDKs/iPhoneOS.sdk/System/Library/Frameworks/Foundation.framework/Headers/Foundation.h:6:
In module '_DarwinFoundation1' imported from /Applications/Xcode.app/Contents/Developer/Platforms/iPhoneOS.platform/Developer/SDKs/iPhoneOS.sdk/System/Library/Frameworks/CoreFoundation.framework/Headers/CoreFoundation.h:14:
/Applications/Xcode.app/Contents/Developer/Platforms/iPhoneOS.platform/Developer/SDKs/iPhoneOS26.5.sdk/usr/include/sys/cdefs.h:227:48: note: expanded from macro '__deprecated_msg'
  227 |         #define __deprecated_msg(_msg) __attribute__((__deprecated__(_msg)))
      |                                                       ^
/Users/jonahmicahinguito/dev/rotaract-connect/node_modules/react-native/React/Base/RCTDisplayLink.m:122:3: warning: '_RCTProfileBeginEvent' is deprecated: This API will be removed along with the legacy architecture. [-Wdeprecated-declarations]
  122 |   RCT_PROFILE_BEGIN_EVENT(RCTProfileTagAlways, @"-[RCTDisplayLink _jsThreadUpdate:]", nil);
      |   ^
In file included from /Users/jonahmicahinguito/dev/rotaract-connect/node_modules/react-native/React/Base/RCTDisplayLink.m:17:
/Users/jonahmicahinguito/dev/rotaract-connect/node_modules/react-native/React/Profiler/RCTProfile.h:104:7: note: expanded from macro 'RCT_PROFILE_BEGIN_EVENT'
  104 |       _RCTProfileBeginEvent(__calleeThread, __time, tag, name, args); \
      |       ^
/Users/jonahmicahinguito/dev/rotaract-connect/node_modules/react-native/React/Profiler/RCTProfile.h:95:5: note: '_RCTProfileBeginEvent' has been explicitly marked deprecated here
   95 |     __deprecated_msg("This API will be removed along with the legacy architecture.");
      |     ^
In module 'Foundation' imported from /Users/jonahmicahinguito/dev/rotaract-connect/node_modules/react-native/React/Base/RCTDisplayLink.h:8:
In module 'CoreFoundation' imported from /Applications/Xcode.app/Contents/Developer/Platforms/iPhoneOS.platform/Developer/SDKs/iPhoneOS.sdk/System/Library/Frameworks/Foundation.framework/Headers/Foundation.h:6:
In module '_DarwinFoundation1' imported from /Applications/Xcode.app/Contents/Developer/Platforms/iPhoneOS.platform/Developer/SDKs/iPhoneOS.sdk/System/Library/Frameworks/CoreFoundation.framework/Headers/CoreFoundation.h:14:
/Applications/Xcode.app/Contents/Developer/Platforms/iPhoneOS.platform/Developer/SDKs/iPhoneOS26.5.sdk/usr/include/sys/cdefs.h:227:48: note: expanded from macro '__deprecated_msg'
  227 |         #define __deprecated_msg(_msg) __attribute__((__deprecated__(_msg)))
      |                                                       ^
/Users/jonahmicahinguito/dev/rotaract-connect/node_modules/react-native/React/Base/RCTDisplayLink.m:122:27: warning: 'RCTProfileTagAlways' is deprecated: This API will be removed along with the legacy architecture. [-Wdeprecated-declarations]
  122 |   RCT_PROFILE_BEGIN_EVENT(RCTProfileTagAlways, @"-[RCTDisplayLink _jsThreadUpdate:]", nil);
      |                           ^
In file included from /Users/jonahmicahinguito/dev/rotaract-connect/node_modules/react-native/React/Base/RCTDisplayLink.m:17:
/Users/jonahmicahinguito/dev/rotaract-connect/node_modules/react-native/React/Profiler/RCTProfile.h:30:12: note: 'RCTProfileTagAlways' has been explicitly marked deprecated here
   30 | RCT_EXTERN __deprecated_msg("This API will be removed along with the legacy architecture.") const uint64_t
      |            ^
In module 'Foundation' imported from /Users/jonahmicahinguito/dev/rotaract-connect/node_modules/react-native/React/Base/RCTDisplayLink.h:8:
In module 'CoreFoundation' imported from /Applications/Xcode.app/Contents/Developer/Platforms/iPhoneOS.platform/Developer/SDKs/iPhoneOS.sdk/System/Library/Frameworks/Foundation.framework/Headers/Foundation.h:6:
In module '_DarwinFoundation1' imported from /Applications/Xcode.app/Contents/Developer/Platforms/iPhoneOS.platform/Developer/SDKs/iPhoneOS.sdk/System/Library/Frameworks/CoreFoundation.framework/Headers/CoreFoundation.h:14:
/Applications/Xcode.app/Contents/Developer/Platforms/iPhoneOS.platform/Developer/SDKs/iPhoneOS26.5.sdk/usr/include/sys/cdefs.h:227:48: note: expanded from macro '__deprecated_msg'
  227 |         #define __deprecated_msg(_msg) __attribute__((__deprecated__(_msg)))
      |                                                       ^
/Users/jonahmicahinguito/dev/rotaract-connect/node_modules/react-native/React/Base/RCTDisplayLink.m:129:9: warning: '_RCTProfileBeginFlowEvent' is deprecated: This API will be removed along with the legacy architecture. [-Wdeprecated-declarations]
  129 |         RCTProfileBeginFlowEvent();
      |         ^
In file included from /Users/jonahmicahinguito/dev/rotaract-connect/node_modules/react-native/React/Base/RCTDisplayLink.m:17:
/Users/jonahmicahinguito/dev/rotaract-connect/node_modules/react-native/React/Profiler/RCTProfile.h:39:7: note: expanded from macro 'RCTProfileBeginFlowEvent'
   39 |       _RCTProfileBeginFlowEvent();                                                                                     \
      |       ^
/Users/jonahmicahinguito/dev/rotaract-connect/node_modules/react-native/React/Profiler/RCTProfile.h:48:5: note: '_RCTProfileBeginFlowEvent' has been explicitly marked deprecated here
   48 |     __deprecated_msg("This API will be removed along with the legacy architecture.");
      |     ^
In module 'Foundation' imported from /Users/jonahmicahinguito/dev/rotaract-connect/node_modules/react-native/React/Base/RCTDisplayLink.h:8:
In module 'CoreFoundation' imported from /Applications/Xcode.app/Contents/Developer/Platforms/iPhoneOS.platform/Developer/SDKs/iPhoneOS.sdk/System/Library/Frameworks/Foundation.framework/Headers/Foundation.h:6:
In module '_DarwinFoundation1' imported from /Applications/Xcode.app/Contents/Developer/Platforms/iPhoneOS.platform/Developer/SDKs/iPhoneOS.sdk/System/Library/Frameworks/CoreFoundation.framework/Headers/CoreFoundation.h:14:
/Applications/Xcode.app/Contents/Developer/Platforms/iPhoneOS.platform/Developer/SDKs/iPhoneOS26.5.sdk/usr/include/sys/cdefs.h:227:48: note: expanded from macro '__deprecated_msg'
  227 |         #define __deprecated_msg(_msg) __attribute__((__deprecated__(_msg)))
      |                                                       ^
/Users/jonahmicahinguito/dev/rotaract-connect/node_modules/react-native/React/Base/RCTDisplayLink.m:132:15: warning: '_RCTProfileEndFlowEvent' is deprecated: This API will be removed along with the legacy architecture. [-Wdeprecated-declarations]
  132 |               RCTProfileEndFlowEvent();
      |               ^
In file included from /Users/jonahmicahinguito/dev/rotaract-connect/node_modules/react-native/React/Base/RCTDisplayLink.m:17:
/Users/jonahmicahinguito/dev/rotaract-connect/node_modules/react-native/React/Profiler/RCTProfile.h:42:34: note: expanded from macro 'RCTProfileEndFlowEvent'
   42 | #define RCTProfileEndFlowEvent() _RCTProfileEndFlowEvent(__rct_profile_flow_id)
      |                                  ^
/Users/jonahmicahinguito/dev/rotaract-connect/node_modules/react-native/React/Profiler/RCTProfile.h:50:5: note: '_RCTProfileEndFlowEvent' has been explicitly marked deprecated here
   50 |     __deprecated_msg("This API will be removed along with the legacy architecture.");
      |     ^
In module 'Foundation' imported from /Users/jonahmicahinguito/dev/rotaract-connect/node_modules/react-native/React/Base/RCTDisplayLink.h:8:
In module 'CoreFoundation' imported from /Applications/Xcode.app/Contents/Developer/Platforms/iPhoneOS.platform/Developer/SDKs/iPhoneOS.sdk/System/Library/Frameworks/Foundation.framework/Headers/Foundation.h:6:
In module '_DarwinFoundation1' imported from /Applications/Xcode.app/Contents/Developer/Platforms/iPhoneOS.platform/Developer/SDKs/iPhoneOS.sdk/System/Library/Frameworks/CoreFoundation.framework/Headers/CoreFoundation.h:14:
/Applications/Xcode.app/Contents/Developer/Platforms/iPhoneOS.platform/Developer/SDKs/iPhoneOS26.5.sdk/usr/include/sys/cdefs.h:227:48: note: expanded from macro '__deprecated_msg'
  227 |         #define __deprecated_msg(_msg) __attribute__((__deprecated__(_msg)))
      |                                                       ^
/Users/jonahmicahinguito/dev/rotaract-connect/node_modules/react-native/React/Base/RCTDisplayLink.m:144:3: warning: 'RCTProfileImmediateEvent' is deprecated: This API will be removed along with the legacy architecture. [-Wdeprecated-declarations]
  144 |   RCTProfileImmediateEvent(RCTProfileTagAlways, @"JS Thread Tick", displayLink.timestamp, 'g');
      |   ^
In file included from /Users/jonahmicahinguito/dev/rotaract-connect/node_modules/react-native/React/Base/RCTDisplayLink.m:17:
/Users/jonahmicahinguito/dev/rotaract-connect/node_modules/react-native/React/Profiler/RCTProfile.h:150:5: note: 'RCTProfileImmediateEvent' has been explicitly marked deprecated here
  150 |     __deprecated_msg("This API will be removed along with the legacy architecture.");
      |     ^
In module 'Foundation' imported from /Users/jonahmicahinguito/dev/rotaract-connect/node_modules/react-native/React/Base/RCTDisplayLink.h:8:
In module 'CoreFoundation' imported from /Applications/Xcode.app/Contents/Developer/Platforms/iPhoneOS.platform/Developer/SDKs/iPhoneOS.sdk/System/Library/Frameworks/Foundation.framework/Headers/Foundation.h:6:
In module '_DarwinFoundation1' imported from /Applications/Xcode.app/Contents/Developer/Platforms/iPhoneOS.platform/Developer/SDKs/iPhoneOS.sdk/System/Library/Frameworks/CoreFoundation.framework/Headers/CoreFoundation.h:14:
/Applications/Xcode.app/Contents/Developer/Platforms/iPhoneOS.platform/Developer/SDKs/iPhoneOS26.5.sdk/usr/include/sys/cdefs.h:227:48: note: expanded from macro '__deprecated_msg'
  227 |         #define __deprecated_msg(_msg) __attribute__((__deprecated__(_msg)))
      |                                                       ^
/Users/jonahmicahinguito/dev/rotaract-connect/node_modules/react-native/React/Base/RCTDisplayLink.m:144:28: warning: 'RCTProfileTagAlways' is deprecated: This API will be removed along with the legacy architecture. [-Wdeprecated-declarations]
  144 |   RCTProfileImmediateEvent(RCTProfileTagAlways, @"JS Thread Tick", displayLink.timestamp, 'g');
      |                            ^
In file included from /Users/jonahmicahinguito/dev/rotaract-connect/node_modules/react-native/React/Base/RCTDisplayLink.m:17:
/Users/jonahmicahinguito/dev/rotaract-connect/node_modules/react-native/React/Profiler/RCTProfile.h:30:12: note: 'RCTProfileTagAlways' has been explicitly marked deprecated here
   30 | RCT_EXTERN __deprecated_msg("This API will be removed along with the legacy architecture.") const uint64_t
      |            ^
In module 'Foundation' imported from /Users/jonahmicahinguito/dev/rotaract-connect/node_modules/react-native/React/Base/RCTDisplayLink.h:8:
In module 'CoreFoundation' imported from /Applications/Xcode.app/Contents/Developer/Platforms/iPhoneOS.platform/Developer/SDKs/iPhoneOS.sdk/System/Library/Frameworks/Foundation.framework/Headers/Foundation.h:6:
In module '_DarwinFoundation1' imported from /Applications/Xcode.app/Contents/Developer/Platforms/iPhoneOS.platform/Developer/SDKs/iPhoneOS.sdk/System/Library/Frameworks/CoreFoundation.framework/Headers/CoreFoundation.h:14:
/Applications/Xcode.app/Contents/Developer/Platforms/iPhoneOS.platform/Developer/SDKs/iPhoneOS26.5.sdk/usr/include/sys/cdefs.h:227:48: note: expanded from macro '__deprecated_msg'
  227 |         #define __deprecated_msg(_msg) __attribute__((__deprecated__(_msg)))
      |                                                       ^
/Users/jonahmicahinguito/dev/rotaract-connect/node_modules/react-native/React/Base/RCTDisplayLink.m:146:3: warning: 'RCTProfileIsProfiling' is deprecated: This API will be removed along with the legacy architecture. [-Wdeprecated-declarations]
  146 |   RCT_PROFILE_END_EVENT(RCTProfileTagAlways, @"objc_call");
      |   ^
In file included from /Users/jonahmicahinguito/dev/rotaract-connect/node_modules/react-native/React/Base/RCTDisplayLink.m:17:
/Users/jonahmicahinguito/dev/rotaract-connect/node_modules/react-native/React/Profiler/RCTProfile.h:122:9: note: expanded from macro 'RCT_PROFILE_END_EVENT'
  122 |     if (RCTProfileIsProfiling()) {                                              \
      |         ^
/Users/jonahmicahinguito/dev/rotaract-connect/node_modules/react-native/React/Profiler/RCTProfile.h:56:5: note: 'RCTProfileIsProfiling' has been explicitly marked deprecated here
   56 |     __deprecated_msg("This API will be removed along with the legacy architecture.");
      |     ^
In module 'Foundation' imported from /Users/jonahmicahinguito/dev/rotaract-connect/node_modules/react-native/React/Base/RCTDisplayLink.h:8:
In module 'CoreFoundation' imported from /Applications/Xcode.app/Contents/Developer/Platforms/iPhoneOS.platform/Developer/SDKs/iPhoneOS.sdk/System/Library/Frameworks/Foundation.framework/Headers/Foundation.h:6:
In module '_DarwinFoundation1' imported from /Applications/Xcode.app/Contents/Developer/Platforms/iPhoneOS.platform/Developer/SDKs/iPhoneOS.sdk/System/Library/Frameworks/CoreFoundation.framework/Headers/CoreFoundation.h:14:
/Applications/Xcode.app/Contents/Developer/Platforms/iPhoneOS.platform/Developer/SDKs/iPhoneOS26.5.sdk/usr/include/sys/cdefs.h:227:48: note: expanded from macro '__deprecated_msg'
  227 |         #define __deprecated_msg(_msg) __attribute__((__deprecated__(_msg)))
      |                                                       ^
/Users/jonahmicahinguito/dev/rotaract-connect/node_modules/react-native/React/Base/RCTDisplayLink.m:146:3: warning: '_RCTProfileEndEvent' is deprecated: This API will be removed along with the legacy architecture. [-Wdeprecated-declarations]
  146 |   RCT_PROFILE_END_EVENT(RCTProfileTagAlways, @"objc_call");
      |   ^
In file included from /Users/jonahmicahinguito/dev/rotaract-connect/node_modules/react-native/React/Base/RCTDisplayLink.m:17:
/Users/jonahmicahinguito/dev/rotaract-connect/node_modules/react-native/React/Profiler/RCTProfile.h:126:7: note: expanded from macro 'RCT_PROFILE_END_EVENT'
  126 |       _RCTProfileEndEvent(__calleeThread, __threadName, __time, tag, category); \
      |       ^
/Users/jonahmicahinguito/dev/rotaract-connect/node_modules/react-native/React/Profiler/RCTProfile.h:115:5: note: '_RCTProfileEndEvent' has been explicitly marked deprecated here
  115 |     __deprecated_msg("This API will be removed along with the legacy architecture.");
      |     ^
In module 'Foundation' imported from /Users/jonahmicahinguito/dev/rotaract-connect/node_modules/react-native/React/Base/RCTDisplayLink.h:8:
In module 'CoreFoundation' imported from /Applications/Xcode.app/Contents/Developer/Platforms/iPhoneOS.platform/Developer/SDKs/iPhoneOS.sdk/System/Library/Frameworks/Foundation.framework/Headers/Foundation.h:6:
In module '_DarwinFoundation1' imported from /Applications/Xcode.app/Contents/Developer/Platforms/iPhoneOS.platform/Developer/SDKs/iPhoneOS.sdk/System/Library/Frameworks/CoreFoundation.framework/Headers/CoreFoundation.h:14:
/Applications/Xcode.app/Contents/Developer/Platforms/iPhoneOS.platform/Developer/SDKs/iPhoneOS26.5.sdk/usr/include/sys/cdefs.h:227:48: note: expanded from macro '__deprecated_msg'
  227 |         #define __deprecated_msg(_msg) __attribute__((__deprecated__(_msg)))
      |                                                       ^
/Users/jonahmicahinguito/dev/rotaract-connect/node_modules/react-native/React/Base/RCTDisplayLink.m:146:25: warning: 'RCTProfileTagAlways' is deprecated: This API will be removed along with the legacy architecture. [-Wdeprecated-declarations]
  146 |   RCT_PROFILE_END_EVENT(RCTProfileTagAlways, @"objc_call");
      |                         ^
In file included from /Users/jonahmicahinguito/dev/rotaract-connect/node_modules/react-native/React/Base/RCTDisplayLink.m:17:
/Users/jonahmicahinguito/dev/rotaract-connect/node_modules/react-native/React/Profiler/RCTProfile.h:30:12: note: 'RCTProfileTagAlways' has been explicitly marked deprecated here
   30 | RCT_EXTERN __deprecated_msg("This API will be removed along with the legacy architecture.") const uint64_t
      |            ^
In module 'Foundation' imported from /Users/jonahmicahinguito/dev/rotaract-connect/node_modules/react-native/React/Base/RCTDisplayLink.h:8:
In module 'CoreFoundation' imported from /Applications/Xcode.app/Contents/Developer/Platforms/iPhoneOS.platform/Developer/SDKs/iPhoneOS.sdk/System/Library/Frameworks/Foundation.framework/Headers/Foundation.h:6:
In module '_DarwinFoundation1' imported from /Applications/Xcode.app/Contents/Developer/Platforms/iPhoneOS.platform/Developer/SDKs/iPhoneOS.sdk/System/Library/Frameworks/CoreFoundation.framework/Headers/CoreFoundation.h:14:
/Applications/Xcode.app/Contents/Developer/Platforms/iPhoneOS.platform/Developer/SDKs/iPhoneOS26.5.sdk/usr/include/sys/cdefs.h:227:48: note: expanded from macro '__deprecated_msg'
  227 |         #define __deprecated_msg(_msg) __attribute__((__deprecated__(_msg)))
      |                                                       ^
10 warnings generated.

/Users/jonahmicahinguito/dev/rotaract-connect/node_modules/react-native/React/Base/RCTDisplayLink.m:122:3: 'RCTProfileIsProfiling' is deprecated: This API will be removed along with the legacy architecture.

/Users/jonahmicahinguito/dev/rotaract-connect/node_modules/react-native/React/Base/RCTDisplayLink.m:122:3: '_RCTProfileBeginEvent' is deprecated: This API will be removed along with the legacy architecture.

/Users/jonahmicahinguito/dev/rotaract-connect/node_modules/react-native/React/Base/RCTDisplayLink.m:122:27: 'RCTProfileTagAlways' is deprecated: This API will be removed along with the legacy architecture.

/Users/jonahmicahinguito/dev/rotaract-connect/node_modules/react-native/React/Base/RCTDisplayLink.m:129:9: '_RCTProfileBeginFlowEvent' is deprecated: This API will be removed along with the legacy architecture.

/Users/jonahmicahinguito/dev/rotaract-connect/node_modules/react-native/React/Base/RCTDisplayLink.m:132:15: '_RCTProfileEndFlowEvent' is deprecated: This API will be removed along with the legacy architecture.

/Users/jonahmicahinguito/dev/rotaract-connect/node_modules/react-native/React/Base/RCTDisplayLink.m:144:3: 'RCTProfileImmediateEvent' is deprecated: This API will be removed along with the legacy architecture.

/Users/jonahmicahinguito/dev/rotaract-connect/node_modules/react-native/React/Base/RCTDisplayLink.m:144:28: 'RCTProfileTagAlways' is deprecated: This API will be removed along with the legacy architecture.

/Users/jonahmicahinguito/dev/rotaract-connect/node_modules/react-native/React/Base/RCTDisplayLink.m:146:3: 'RCTProfileIsProfiling' is deprecated: This API will be removed along with the legacy architecture.

/Users/jonahmicahinguito/dev/rotaract-connect/node_modules/react-native/React/Base/RCTDisplayLink.m:146:3: '_RCTProfileEndEvent' is deprecated: This API will be removed along with the legacy architecture.

/Users/jonahmicahinguito/dev/rotaract-connect/node_modules/react-native/React/Base/RCTDisplayLink.m:146:25: 'RCTProfileTagAlways' is deprecated: This API will be removed along with the legacy architecture.

CompileC /Users/jonahmicahinguito/Library/Developer/Xcode/DerivedData/rotaractconnect-cjwcbdlngckcsaantafkjnfzfbdk/Build/Intermediates.noindex/Pods.build/Debug-iphoneos/React-Core.build/Objects-normal/arm64/RCTSurfaceRootShadowView.o /Users/jonahmicahinguito/dev/rotaract-connect/node_modules/react-native/React/Base/Surface/RCTSurfaceRootShadowView.m normal arm64 objective-c com.apple.compilers.llvm.clang.1_0.compiler (in target 'React-Core' from project 'Pods')
    cd /Users/jonahmicahinguito/dev/rotaract-connect/ios/Pods
    
    Using response file: /Users/jonahmicahinguito/Library/Developer/Xcode/DerivedData/rotaractconnect-cjwcbdlngckcsaantafkjnfzfbdk/Build/Intermediates.noindex/Pods.build/Debug-iphoneos/React-Core.build/Objects-normal/arm64/e6072d4f65d7061329687fe24e3d63a7-common-args.resp
    
    /Applications/Xcode.app/Contents/Developer/Toolchains/XcodeDefault.xctoolchain/usr/bin/clang -x objective-c -ivfsstatcache /Users/jonahmicahinguito/Library/Developer/Xcode/DerivedData/SDKStatCaches.noindex/iphoneos26.5-23F81a-32daed1954a7d5dd0789fcaf2a9bb78b.sdkstatcache -target arm64-apple-ios15.1 -fmessage-length\=0 -fdiagnostics-show-note-include-stack -fmacro-backtrace-limit\=0 -fno-color-diagnostics -fmodules-prune-interval\=86400 -fmodules-prune-after\=345600 -fbuild-session-file\=/Users/jonahmicahinguito/Library/Developer/Xcode/DerivedData/ModuleCache.noindex/Session.modulevalidation -fmodules-validate-once-per-build-session -Wnon-modular-include-in-framework-module -Werror\=non-modular-include-in-framework-module -Wno-trigraphs -Wno-missing-field-initializers -Wno-missing-prototypes -Werror\=return-type -Wdocumentation -Wunreachable-code -Wno-implicit-atomic-properties -Werror\=deprecated-objc-isa-usage -Wno-objc-interface-ivars -Werror\=objc-root-class -Wno-arc-repeated-use-of-weak -Wimplicit-retain-self -Wduplicate-method-match -Wno-missing-braces -Wparentheses -Wswitch -Wunused-function -Wno-unused-label -Wno-unused-parameter -Wunused-variable -Wunused-value -Wempty-body -Wuninitialized -Wconditional-uninitialized -Wno-unknown-pragmas -Wno-shadow -Wno-four-char-constants -Wno-conversion -Wconstant-conversion -Wint-conversion -Wbool-conversion -Wenum-conversion -Wno-float-conversion -Wnon-literal-null-conversion -Wobjc-literal-conversion -Wshorten-64-to-32 -Wpointer-sign -Wno-newline-eof -Wno-selector -Wno-strict-selector-match -Wundeclared-selector -Wdeprecated-implementations -Wno-implicit-fallthrough -isysroot /Applications/Xcode.app/Contents/Developer/Platforms/iPhoneOS.platform/Developer/SDKs/iPhoneOS26.5.sdk -fstrict-aliasing -Wprotocol -Wdeprecated-declarations -Wno-sign-conversion -Winfinite-recursion -Wcomma -Wblock-capture-autoreleasing -Wstrict-prototypes -Wno-semicolon-before-method-body -Wunguarded-availability -index-store-path /Users/jonahmicahinguito/Library/Developer/Xcode/DerivedData/rotaractconnect-cjwcbdlngckcsaantafkjnfzfbdk/Index.noindex/DataStore @/Users/jonahmicahinguito/Library/Developer/Xcode/DerivedData/rotaractconnect-cjwcbdlngckcsaantafkjnfzfbdk/Build/Intermediates.noindex/Pods.build/Debug-iphoneos/React-Core.build/Objects-normal/arm64/e6072d4f65d7061329687fe24e3d63a7-common-args.resp -DUSE_HERMES\=1 -include /Users/jonahmicahinguito/dev/rotaract-connect/ios/Pods/Target\ Support\ Files/React-Core/React-Core-prefix.pch -MMD -MT dependencies -MF /Users/jonahmicahinguito/Library/Developer/Xcode/DerivedData/rotaractconnect-cjwcbdlngckcsaantafkjnfzfbdk/Build/Intermediates.noindex/Pods.build/Debug-iphoneos/React-Core.build/Objects-normal/arm64/RCTSurfaceRootShadowView.d --serialize-diagnostics /Users/jonahmicahinguito/Library/Developer/Xcode/DerivedData/rotaractconnect-cjwcbdlngckcsaantafkjnfzfbdk/Build/Intermediates.noindex/Pods.build/Debug-iphoneos/React-Core.build/Objects-normal/arm64/RCTSurfaceRootShadowView.dia -c /Users/jonahmicahinguito/dev/rotaract-connect/node_modules/react-native/React/Base/Surface/RCTSurfaceRootShadowView.m -o /Users/jonahmicahinguito/Library/Developer/Xcode/DerivedData/rotaractconnect-cjwcbdlngckcsaantafkjnfzfbdk/Build/Intermediates.noindex/Pods.build/Debug-iphoneos/React-Core.build/Objects-normal/arm64/RCTSurfaceRootShadowView.o -index-unit-output-path /Pods.build/Debug-iphoneos/React-Core.build/Objects-normal/arm64/RCTSurfaceRootShadowView.o

/Users/jonahmicahinguito/dev/rotaract-connect/node_modules/react-native/React/Base/Surface/RCTSurfaceRootShadowView.m:97:17: warning: implementing deprecated class [-Wdeprecated-implementations]
   97 | @implementation RCTSurfaceRootShadowView
      |                 ^
In file included from /Users/jonahmicahinguito/dev/rotaract-connect/node_modules/react-native/React/Base/Surface/RCTSurfaceRootShadowView.m:8:
/Users/jonahmicahinguito/dev/rotaract-connect/node_modules/react-native/React/Base/Surface/RCTSurfaceRootShadowView.h:12:93: note: class declared here
   12 | __deprecated_msg("This API will be removed along with the legacy architecture.") @interface RCTSurfaceRootShadowView
      |                                                                                             ^
1 warning generated.

/Users/jonahmicahinguito/dev/rotaract-connect/node_modules/react-native/React/Base/Surface/RCTSurfaceRootShadowView.m:97:17: Implementing deprecated class

CompileC /Users/jonahmicahinguito/Library/Developer/Xcode/DerivedData/rotaractconnect-cjwcbdlngckcsaantafkjnfzfbdk/Build/Intermediates.noindex/Pods.build/Debug-iphoneos/React-Core.build/Objects-normal/arm64/RCTRootView.o /Users/jonahmicahinguito/dev/rotaract-connect/node_modules/react-native/React/Base/RCTRootView.m normal arm64 objective-c com.apple.compilers.llvm.clang.1_0.compiler (in target 'React-Core' from project 'Pods')
    cd /Users/jonahmicahinguito/dev/rotaract-connect/ios/Pods
    
    Using response file: /Users/jonahmicahinguito/Library/Developer/Xcode/DerivedData/rotaractconnect-cjwcbdlngckcsaantafkjnfzfbdk/Build/Intermediates.noindex/Pods.build/Debug-iphoneos/React-Core.build/Objects-normal/arm64/e6072d4f65d7061329687fe24e3d63a7-common-args.resp
    
    /Applications/Xcode.app/Contents/Developer/Toolchains/XcodeDefault.xctoolchain/usr/bin/clang -x objective-c -ivfsstatcache /Users/jonahmicahinguito/Library/Developer/Xcode/DerivedData/SDKStatCaches.noindex/iphoneos26.5-23F81a-32daed1954a7d5dd0789fcaf2a9bb78b.sdkstatcache -target arm64-apple-ios15.1 -fmessage-length\=0 -fdiagnostics-show-note-include-stack -fmacro-backtrace-limit\=0 -fno-color-diagnostics -fmodules-prune-interval\=86400 -fmodules-prune-after\=345600 -fbuild-session-file\=/Users/jonahmicahinguito/Library/Developer/Xcode/DerivedData/ModuleCache.noindex/Session.modulevalidation -fmodules-validate-once-per-build-session -Wnon-modular-include-in-framework-module -Werror\=non-modular-include-in-framework-module -Wno-trigraphs -Wno-missing-field-initializers -Wno-missing-prototypes -Werror\=return-type -Wdocumentation -Wunreachable-code -Wno-implicit-atomic-properties -Werror\=deprecated-objc-isa-usage -Wno-objc-interface-ivars -Werror\=objc-root-class -Wno-arc-repeated-use-of-weak -Wimplicit-retain-self -Wduplicate-method-match -Wno-missing-braces -Wparentheses -Wswitch -Wunused-function -Wno-unused-label -Wno-unused-parameter -Wunused-variable -Wunused-value -Wempty-body -Wuninitialized -Wconditional-uninitialized -Wno-unknown-pragmas -Wno-shadow -Wno-four-char-constants -Wno-conversion -Wconstant-conversion -Wint-conversion -Wbool-conversion -Wenum-conversion -Wno-float-conversion -Wnon-literal-null-conversion -Wobjc-literal-conversion -Wshorten-64-to-32 -Wpointer-sign -Wno-newline-eof -Wno-selector -Wno-strict-selector-match -Wundeclared-selector -Wdeprecated-implementations -Wno-implicit-fallthrough -isysroot /Applications/Xcode.app/Contents/Developer/Platforms/iPhoneOS.platform/Developer/SDKs/iPhoneOS26.5.sdk -fstrict-aliasing -Wprotocol -Wdeprecated-declarations -Wno-sign-conversion -Winfinite-recursion -Wcomma -Wblock-capture-autoreleasing -Wstrict-prototypes -Wno-semicolon-before-method-body -Wunguarded-availability -index-store-path /Users/jonahmicahinguito/Library/Developer/Xcode/DerivedData/rotaractconnect-cjwcbdlngckcsaantafkjnfzfbdk/Index.noindex/DataStore @/Users/jonahmicahinguito/Library/Developer/Xcode/DerivedData/rotaractconnect-cjwcbdlngckcsaantafkjnfzfbdk/Build/Intermediates.noindex/Pods.build/Debug-iphoneos/React-Core.build/Objects-normal/arm64/e6072d4f65d7061329687fe24e3d63a7-common-args.resp -DUSE_HERMES\=1 -include /Users/jonahmicahinguito/dev/rotaract-connect/ios/Pods/Target\ Support\ Files/React-Core/React-Core-prefix.pch -MMD -MT dependencies -MF /Users/jonahmicahinguito/Library/Developer/Xcode/DerivedData/rotaractconnect-cjwcbdlngckcsaantafkjnfzfbdk/Build/Intermediates.noindex/Pods.build/Debug-iphoneos/React-Core.build/Objects-normal/arm64/RCTRootView.d --serialize-diagnostics /Users/jonahmicahinguito/Library/Developer/Xcode/DerivedData/rotaractconnect-cjwcbdlngckcsaantafkjnfzfbdk/Build/Intermediates.noindex/Pods.build/Debug-iphoneos/React-Core.build/Objects-normal/arm64/RCTRootView.dia -c /Users/jonahmicahinguito/dev/rotaract-connect/node_modules/react-native/React/Base/RCTRootView.m -o /Users/jonahmicahinguito/Library/Developer/Xcode/DerivedData/rotaractconnect-cjwcbdlngckcsaantafkjnfzfbdk/Build/Intermediates.noindex/Pods.build/Debug-iphoneos/React-Core.build/Objects-normal/arm64/RCTRootView.o -index-unit-output-path /Pods.build/Debug-iphoneos/React-Core.build/Objects-normal/arm64/RCTRootView.o

/Users/jonahmicahinguito/dev/rotaract-connect/node_modules/react-native/React/Base/RCTRootView.m:404:17: warning: implementing deprecated class [-Wdeprecated-implementations]
  404 | @implementation RCTRootView
      |                 ^
In file included from /Users/jonahmicahinguito/dev/rotaract-connect/node_modules/react-native/React/Base/RCTRootView.m:8:
/Users/jonahmicahinguito/dev/rotaract-connect/node_modules/react-native/React/Base/RCTRootView.h:52:93: note: class declared here
   52 | __deprecated_msg("This API will be removed along with the legacy architecture.") @interface RCTRootView : UIView
      |                                                                                             ^
/Users/jonahmicahinguito/dev/rotaract-connect/node_modules/react-native/React/Base/RCTRootView.m:405:1: warning: designated initializer missing a 'super' call to a designated initializer of the super class [-Wobjc-designated-initializers]
  405 | - (nonnull instancetype)initWithFrame:(CGRect)frame
      | ^
In file included from /Users/jonahmicahinguito/dev/rotaract-connect/node_modules/react-native/React/Base/RCTRootView.m:8:
/Users/jonahmicahinguito/dev/rotaract-connect/node_modules/react-native/React/Base/RCTRootView.h:57:1: note: method marked as designated initializer of the class here
   57 | - (instancetype)initWithFrame:(CGRect)frame
      | ^
/Users/jonahmicahinguito/dev/rotaract-connect/node_modules/react-native/React/Base/RCTRootView.m:413:1: warning: convenience initializer missing a 'self' call to another initializer [-Wobjc-designated-initializers]
  413 | - (nonnull instancetype)initWithBridge:(nonnull RCTBridge *)bridge
      | ^
/Users/jonahmicahinguito/dev/rotaract-connect/node_modules/react-native/React/Base/RCTRootView.m:420:1: warning: convenience initializer missing a 'self' call to another initializer [-Wobjc-designated-initializers]
  420 | - (nonnull instancetype)initWithBundleURL:(nonnull NSURL *)bundleURL
      | ^
/Users/jonahmicahinguito/dev/rotaract-connect/node_modules/react-native/React/Base/RCTRootView.m:404:17: warning: method override for the designated initializer of the superclass '-initWithFrame:' not found [-Wobjc-designated-initializers]
  404 | @implementation RCTRootView
      |                 ^
In module 'UIKit' imported from /Users/jonahmicahinguito/dev/rotaract-connect/ios/Pods/Target Support Files/React-Core/React-Core-prefix.pch:2:
/Applications/Xcode.app/Contents/Developer/Platforms/iPhoneOS.platform/Developer/SDKs/iPhoneOS26.5.sdk/System/Library/Frameworks/UIKit.framework/Headers/UIView.h:152:1: note: method marked as designated initializer of the class here
  152 | - (instancetype)initWithFrame:(CGRect)frame NS_DESIGNATED_INITIALIZER;
      | ^
/Users/jonahmicahinguito/dev/rotaract-connect/node_modules/react-native/React/Base/RCTRootView.m:404:17: warning: method override for the designated initializer of the superclass '-initWithCoder:' not found [-Wobjc-designated-initializers]
  404 | @implementation RCTRootView
      |                 ^
In module 'UIKit' imported from /Users/jonahmicahinguito/dev/rotaract-connect/ios/Pods/Target Support Files/React-Core/React-Core-prefix.pch:2:
/Applications/Xcode.app/Contents/Developer/Platforms/iPhoneOS.platform/Developer/SDKs/iPhoneOS26.5.sdk/System/Library/Frameworks/UIKit.framework/Headers/UIView.h:153:1: note: method marked as designated initializer of the class here
  153 | - (nullable instancetype)initWithCoder:(NSCoder *)coder NS_DESIGNATED_INITIALIZER;
      | ^
6 warnings generated.

/Users/jonahmicahinguito/dev/rotaract-connect/node_modules/react-native/React/Base/RCTRootView.m:404:17: Implementing deprecated class

/Users/jonahmicahinguito/dev/rotaract-connect/node_modules/react-native/React/Base/RCTRootView.m:405:1: Designated initializer missing a 'super' call to a designated initializer of the super class

/Users/jonahmicahinguito/dev/rotaract-connect/node_modules/react-native/React/Base/RCTRootView.m:413:1: Convenience initializer missing a 'self' call to another initializer

/Users/jonahmicahinguito/dev/rotaract-connect/node_modules/react-native/React/Base/RCTRootView.m:420:1: Convenience initializer missing a 'self' call to another initializer

/Users/jonahmicahinguito/dev/rotaract-connect/node_modules/react-native/React/Base/RCTRootView.m:404:17: Method override for the designated initializer of the superclass '-initWithFrame:' not found

/Users/jonahmicahinguito/dev/rotaract-connect/node_modules/react-native/React/Base/RCTRootView.m:404:17: Method override for the designated initializer of the superclass '-initWithCoder:' not found

CompileC /Users/jonahmicahinguito/Library/Developer/Xcode/DerivedData/rotaractconnect-cjwcbdlngckcsaantafkjnfzfbdk/Build/Intermediates.noindex/Pods.build/Debug-iphoneos/React-Core.build/Objects-normal/arm64/RCTRootShadowView.o /Users/jonahmicahinguito/dev/rotaract-connect/node_modules/react-native/React/Views/RCTRootShadowView.m normal arm64 objective-c com.apple.compilers.llvm.clang.1_0.compiler (in target 'React-Core' from project 'Pods')
    cd /Users/jonahmicahinguito/dev/rotaract-connect/ios/Pods
    
    Using response file: /Users/jonahmicahinguito/Library/Developer/Xcode/DerivedData/rotaractconnect-cjwcbdlngckcsaantafkjnfzfbdk/Build/Intermediates.noindex/Pods.build/Debug-iphoneos/React-Core.build/Objects-normal/arm64/e6072d4f65d7061329687fe24e3d63a7-common-args.resp
    
    /Applications/Xcode.app/Contents/Developer/Toolchains/XcodeDefault.xctoolchain/usr/bin/clang -x objective-c -ivfsstatcache /Users/jonahmicahinguito/Library/Developer/Xcode/DerivedData/SDKStatCaches.noindex/iphoneos26.5-23F81a-32daed1954a7d5dd0789fcaf2a9bb78b.sdkstatcache -target arm64-apple-ios15.1 -fmessage-length\=0 -fdiagnostics-show-note-include-stack -fmacro-backtrace-limit\=0 -fno-color-diagnostics -fmodules-prune-interval\=86400 -fmodules-prune-after\=345600 -fbuild-session-file\=/Users/jonahmicahinguito/Library/Developer/Xcode/DerivedData/ModuleCache.noindex/Session.modulevalidation -fmodules-validate-once-per-build-session -Wnon-modular-include-in-framework-module -Werror\=non-modular-include-in-framework-module -Wno-trigraphs -Wno-missing-field-initializers -Wno-missing-prototypes -Werror\=return-type -Wdocumentation -Wunreachable-code -Wno-implicit-atomic-properties -Werror\=deprecated-objc-isa-usage -Wno-objc-interface-ivars -Werror\=objc-root-class -Wno-arc-repeated-use-of-weak -Wimplicit-retain-self -Wduplicate-method-match -Wno-missing-braces -Wparentheses -Wswitch -Wunused-function -Wno-unused-label -Wno-unused-parameter -Wunused-variable -Wunused-value -Wempty-body -Wuninitialized -Wconditional-uninitialized -Wno-unknown-pragmas -Wno-shadow -Wno-four-char-constants -Wno-conversion -Wconstant-conversion -Wint-conversion -Wbool-conversion -Wenum-conversion -Wno-float-conversion -Wnon-literal-null-conversion -Wobjc-literal-conversion -Wshorten-64-to-32 -Wpointer-sign -Wno-newline-eof -Wno-selector -Wno-strict-selector-match -Wundeclared-selector -Wdeprecated-implementations -Wno-implicit-fallthrough -isysroot /Applications/Xcode.app/Contents/Developer/Platforms/iPhoneOS.platform/Developer/SDKs/iPhoneOS26.5.sdk -fstrict-aliasing -Wprotocol -Wdeprecated-declarations -Wno-sign-conversion -Winfinite-recursion -Wcomma -Wblock-capture-autoreleasing -Wstrict-prototypes -Wno-semicolon-before-method-body -Wunguarded-availability -index-store-path /Users/jonahmicahinguito/Library/Developer/Xcode/DerivedData/rotaractconnect-cjwcbdlngckcsaantafkjnfzfbdk/Index.noindex/DataStore @/Users/jonahmicahinguito/Library/Developer/Xcode/DerivedData/rotaractconnect-cjwcbdlngckcsaantafkjnfzfbdk/Build/Intermediates.noindex/Pods.build/Debug-iphoneos/React-Core.build/Objects-normal/arm64/e6072d4f65d7061329687fe24e3d63a7-common-args.resp -DUSE_HERMES\=1 -include /Users/jonahmicahinguito/dev/rotaract-connect/ios/Pods/Target\ Support\ Files/React-Core/React-Core-prefix.pch -MMD -MT dependencies -MF /Users/jonahmicahinguito/Library/Developer/Xcode/DerivedData/rotaractconnect-cjwcbdlngckcsaantafkjnfzfbdk/Build/Intermediates.noindex/Pods.build/Debug-iphoneos/React-Core.build/Objects-normal/arm64/RCTRootShadowView.d --serialize-diagnostics /Users/jonahmicahinguito/Library/Developer/Xcode/DerivedData/rotaractconnect-cjwcbdlngckcsaantafkjnfzfbdk/Build/Intermediates.noindex/Pods.build/Debug-iphoneos/React-Core.build/Objects-normal/arm64/RCTRootShadowView.dia -c /Users/jonahmicahinguito/dev/rotaract-connect/node_modules/react-native/React/Views/RCTRootShadowView.m -o /Users/jonahmicahinguito/Library/Developer/Xcode/DerivedData/rotaractconnect-cjwcbdlngckcsaantafkjnfzfbdk/Build/Intermediates.noindex/Pods.build/Debug-iphoneos/React-Core.build/Objects-normal/arm64/RCTRootShadowView.o -index-unit-output-path /Pods.build/Debug-iphoneos/React-Core.build/Objects-normal/arm64/RCTRootShadowView.o

/Users/jonahmicahinguito/dev/rotaract-connect/node_modules/react-native/React/Views/RCTRootShadowView.m:47:17: warning: implementing deprecated class [-Wdeprecated-implementations]
   47 | @implementation RCTRootShadowView
      |                 ^
In file included from /Users/jonahmicahinguito/dev/rotaract-connect/node_modules/react-native/React/Views/RCTRootShadowView.m:8:
/Users/jonahmicahinguito/dev/rotaract-connect/node_modules/react-native/React/Views/RCTRootShadowView.h:12:12: note: class declared here
   12 | @interface RCTRootShadowView : RCTShadowView
      |            ^
1 warning generated.

/Users/jonahmicahinguito/dev/rotaract-connect/node_modules/react-native/React/Views/RCTRootShadowView.m:47:17: Implementing deprecated class

CompileC /Users/jonahmicahinguito/Library/Developer/Xcode/DerivedData/rotaractconnect-cjwcbdlngckcsaantafkjnfzfbdk/Build/Intermediates.noindex/Pods.build/Debug-iphoneos/React-Core.build/Objects-normal/arm64/RCTProfile.o /Users/jonahmicahinguito/dev/rotaract-connect/node_modules/react-native/React/Profiler/RCTProfile.m normal arm64 objective-c com.apple.compilers.llvm.clang.1_0.compiler (in target 'React-Core' from project 'Pods')
    cd /Users/jonahmicahinguito/dev/rotaract-connect/ios/Pods
    
    Using response file: /Users/jonahmicahinguito/Library/Developer/Xcode/DerivedData/rotaractconnect-cjwcbdlngckcsaantafkjnfzfbdk/Build/Intermediates.noindex/Pods.build/Debug-iphoneos/React-Core.build/Objects-normal/arm64/e6072d4f65d7061329687fe24e3d63a7-common-args.resp
    
    /Applications/Xcode.app/Contents/Developer/Toolchains/XcodeDefault.xctoolchain/usr/bin/clang -x objective-c -ivfsstatcache /Users/jonahmicahinguito/Library/Developer/Xcode/DerivedData/SDKStatCaches.noindex/iphoneos26.5-23F81a-32daed1954a7d5dd0789fcaf2a9bb78b.sdkstatcache -target arm64-apple-ios15.1 -fmessage-length\=0 -fdiagnostics-show-note-include-stack -fmacro-backtrace-limit\=0 -fno-color-diagnostics -fmodules-prune-interval\=86400 -fmodules-prune-after\=345600 -fbuild-session-file\=/Users/jonahmicahinguito/Library/Developer/Xcode/DerivedData/ModuleCache.noindex/Session.modulevalidation -fmodules-validate-once-per-build-session -Wnon-modular-include-in-framework-module -Werror\=non-modular-include-in-framework-module -Wno-trigraphs -Wno-missing-field-initializers -Wno-missing-prototypes -Werror\=return-type -Wdocumentation -Wunreachable-code -Wno-implicit-atomic-properties -Werror\=deprecated-objc-isa-usage -Wno-objc-interface-ivars -Werror\=objc-root-class -Wno-arc-repeated-use-of-weak -Wimplicit-retain-self -Wduplicate-method-match -Wno-missing-braces -Wparentheses -Wswitch -Wunused-function -Wno-unused-label -Wno-unused-parameter -Wunused-variable -Wunused-value -Wempty-body -Wuninitialized -Wconditional-uninitialized -Wno-unknown-pragmas -Wno-shadow -Wno-four-char-constants -Wno-conversion -Wconstant-conversion -Wint-conversion -Wbool-conversion -Wenum-conversion -Wno-float-conversion -Wnon-literal-null-conversion -Wobjc-literal-conversion -Wshorten-64-to-32 -Wpointer-sign -Wno-newline-eof -Wno-selector -Wno-strict-selector-match -Wundeclared-selector -Wdeprecated-implementations -Wno-implicit-fallthrough -isysroot /Applications/Xcode.app/Contents/Developer/Platforms/iPhoneOS.platform/Developer/SDKs/iPhoneOS26.5.sdk -fstrict-aliasing -Wprotocol -Wdeprecated-declarations -Wno-sign-conversion -Winfinite-recursion -Wcomma -Wblock-capture-autoreleasing -Wstrict-prototypes -Wno-semicolon-before-method-body -Wunguarded-availability -index-store-path /Users/jonahmicahinguito/Library/Developer/Xcode/DerivedData/rotaractconnect-cjwcbdlngckcsaantafkjnfzfbdk/Index.noindex/DataStore @/Users/jonahmicahinguito/Library/Developer/Xcode/DerivedData/rotaractconnect-cjwcbdlngckcsaantafkjnfzfbdk/Build/Intermediates.noindex/Pods.build/Debug-iphoneos/React-Core.build/Objects-normal/arm64/e6072d4f65d7061329687fe24e3d63a7-common-args.resp -DUSE_HERMES\=1 -include /Users/jonahmicahinguito/dev/rotaract-connect/ios/Pods/Target\ Support\ Files/React-Core/React-Core-prefix.pch -MMD -MT dependencies -MF /Users/jonahmicahinguito/Library/Developer/Xcode/DerivedData/rotaractconnect-cjwcbdlngckcsaantafkjnfzfbdk/Build/Intermediates.noindex/Pods.build/Debug-iphoneos/React-Core.build/Objects-normal/arm64/RCTProfile.d --serialize-diagnostics /Users/jonahmicahinguito/Library/Developer/Xcode/DerivedData/rotaractconnect-cjwcbdlngckcsaantafkjnfzfbdk/Build/Intermediates.noindex/Pods.build/Debug-iphoneos/React-Core.build/Objects-normal/arm64/RCTProfile.dia -c /Users/jonahmicahinguito/dev/rotaract-connect/node_modules/react-native/React/Profiler/RCTProfile.m -o /Users/jonahmicahinguito/Library/Developer/Xcode/DerivedData/rotaractconnect-cjwcbdlngckcsaantafkjnfzfbdk/Build/Intermediates.noindex/Pods.build/Debug-iphoneos/React-Core.build/Objects-normal/arm64/RCTProfile.o -index-unit-output-path /Pods.build/Debug-iphoneos/React-Core.build/Objects-normal/arm64/RCTProfile.o

/Users/jonahmicahinguito/dev/rotaract-connect/node_modules/react-native/React/Profiler/RCTProfile.m:67:8: warning: 'RCTProfileCallbacks' is deprecated: This API will be removed along with the legacy architecture. [-Wdeprecated-declarations]
   67 | static RCTProfileCallbacks *callbacks;
      |        ^
In file included from /Users/jonahmicahinguito/dev/rotaract-connect/node_modules/react-native/React/Profiler/RCTProfile.m:8:
/Users/jonahmicahinguito/dev/rotaract-connect/node_modules/react-native/React/Profiler/RCTProfile.h:219:23: note: 'RCTProfileCallbacks' has been explicitly marked deprecated here
  219 | } RCTProfileCallbacks __deprecated_msg("This API will be removed along with the legacy architecture.");
      |                       ^
In module 'Foundation' imported from /Users/jonahmicahinguito/dev/rotaract-connect/node_modules/react-native/React/Profiler/RCTProfile.h:8:
In module 'CoreFoundation' imported from /Applications/Xcode.app/Contents/Developer/Platforms/iPhoneOS.platform/Developer/SDKs/iPhoneOS.sdk/System/Library/Frameworks/Foundation.framework/Headers/Foundation.h:6:
In module '_DarwinFoundation1' imported from /Applications/Xcode.app/Contents/Developer/Platforms/iPhoneOS.platform/Developer/SDKs/iPhoneOS.sdk/System/Library/Frameworks/CoreFoundation.framework/Headers/CoreFoundation.h:14:
/Applications/Xcode.app/Contents/Developer/Platforms/iPhoneOS.platform/Developer/SDKs/iPhoneOS26.5.sdk/usr/include/sys/cdefs.h:227:48: note: expanded from macro '__deprecated_msg'
  227 |         #define __deprecated_msg(_msg) __attribute__((__deprecated__(_msg)))
      |                                                       ^
/Users/jonahmicahinguito/dev/rotaract-connect/node_modules/react-native/React/Profiler/RCTProfile.m:70:8: warning: 'systrace_arg_t' is deprecated: This API will be removed along with the legacy architecture. [-Wdeprecated-declarations]
   70 | static systrace_arg_t *newSystraceArgsFromDictionary(NSDictionary<NSString *, NSString *> *args)
      |        ^
In file included from /Users/jonahmicahinguito/dev/rotaract-connect/node_modules/react-native/React/Profiler/RCTProfile.m:8:
/Users/jonahmicahinguito/dev/rotaract-connect/node_modules/react-native/React/Profiler/RCTProfile.h:203:18: note: 'systrace_arg_t' has been explicitly marked deprecated here
  203 | } systrace_arg_t __deprecated_msg("This API will be removed along with the legacy architecture.");
      |                  ^
In module 'Foundation' imported from /Users/jonahmicahinguito/dev/rotaract-connect/node_modules/react-native/React/Profiler/RCTProfile.h:8:
In module 'CoreFoundation' imported from /Applications/Xcode.app/Contents/Developer/Platforms/iPhoneOS.platform/Developer/SDKs/iPhoneOS.sdk/System/Library/Frameworks/Foundation.framework/Headers/Foundation.h:6:
In module '_DarwinFoundation1' imported from /Applications/Xcode.app/Contents/Developer/Platforms/iPhoneOS.platform/Developer/SDKs/iPhoneOS.sdk/System/Library/Frameworks/CoreFoundation.framework/Headers/CoreFoundation.h:14:
/Applications/Xcode.app/Contents/Developer/Platforms/iPhoneOS.platform/Developer/SDKs/iPhoneOS26.5.sdk/usr/include/sys/cdefs.h:227:48: note: expanded from macro '__deprecated_msg'
  227 |         #define __deprecated_msg(_msg) __attribute__((__deprecated__(_msg)))
      |                                                       ^
/Users/jonahmicahinguito/dev/rotaract-connect/node_modules/react-native/React/Profiler/RCTProfile.m:76:3: warning: 'systrace_arg_t' is deprecated: This API will be removed along with the legacy architecture. [-Wdeprecated-declarations]
   76 |   systrace_arg_t *systrace_args = malloc(sizeof(systrace_arg_t) * args.count);
      |   ^
In file included from /Users/jonahmicahinguito/dev/rotaract-connect/node_modules/react-native/React/Profiler/RCTProfile.m:8:
/Users/jonahmicahinguito/dev/rotaract-connect/node_modules/react-native/React/Profiler/RCTProfile.h:203:18: note: 'systrace_arg_t' has been explicitly marked deprecated here
  203 | } systrace_arg_t __deprecated_msg("This API will be removed along with the legacy architecture.");
      |                  ^
In module 'Foundation' imported from /Users/jonahmicahinguito/dev/rotaract-connect/node_modules/react-native/React/Profiler/RCTProfile.h:8:
In module 'CoreFoundation' imported from /Applications/Xcode.app/Contents/Developer/Platforms/iPhoneOS.platform/Developer/SDKs/iPhoneOS.sdk/System/Library/Frameworks/Foundation.framework/Headers/Foundation.h:6:
In module '_DarwinFoundation1' imported from /Applications/Xcode.app/Contents/Developer/Platforms/iPhoneOS.platform/Developer/SDKs/iPhoneOS.sdk/System/Library/Frameworks/CoreFoundation.framework/Headers/CoreFoundation.h:14:
/Applications/Xcode.app/Contents/Developer/Platforms/iPhoneOS.platform/Developer/SDKs/iPhoneOS26.5.sdk/usr/include/sys/cdefs.h:227:48: note: expanded from macro '__deprecated_msg'
  227 |         #define __deprecated_msg(_msg) __attribute__((__deprecated__(_msg)))
      |                                                       ^
/Users/jonahmicahinguito/dev/rotaract-connect/node_modules/react-native/React/Profiler/RCTProfile.m:76:49: warning: 'systrace_arg_t' is deprecated: This API will be removed along with the legacy architecture. [-Wdeprecated-declarations]
   76 |   systrace_arg_t *systrace_args = malloc(sizeof(systrace_arg_t) * args.count);
      |                                                 ^
In file included from /Users/jonahmicahinguito/dev/rotaract-connect/node_modules/react-native/React/Profiler/RCTProfile.m:8:
/Users/jonahmicahinguito/dev/rotaract-connect/node_modules/react-native/React/Profiler/RCTProfile.h:203:18: note: 'systrace_arg_t' has been explicitly marked deprecated here
  203 | } systrace_arg_t __deprecated_msg("This API will be removed along with the legacy architecture.");
      |                  ^
In module 'Foundation' imported from /Users/jonahmicahinguito/dev/rotaract-connect/node_modules/react-native/React/Profiler/RCTProfile.h:8:
In module 'CoreFoundation' imported from /Applications/Xcode.app/Contents/Developer/Platforms/iPhoneOS.platform/Developer/SDKs/iPhoneOS.sdk/System/Library/Frameworks/Foundation.framework/Headers/Foundation.h:6:
In module '_DarwinFoundation1' imported from /Applications/Xcode.app/Contents/Developer/Platforms/iPhoneOS.platform/Developer/SDKs/iPhoneOS.sdk/System/Library/Frameworks/CoreFoundation.framework/Headers/CoreFoundation.h:14:
/Applications/Xcode.app/Contents/Developer/Platforms/iPhoneOS.platform/Developer/SDKs/iPhoneOS26.5.sdk/usr/include/sys/cdefs.h:227:48: note: expanded from macro '__deprecated_msg'
  227 |         #define __deprecated_msg(_msg) __attribute__((__deprecated__(_msg)))
      |                                                       ^
/Users/jonahmicahinguito/dev/rotaract-connect/node_modules/react-native/React/Profiler/RCTProfile.m:195:3: warning: 'RCTProfileIsProfiling' is deprecated: This API will be removed along with the legacy architecture. [-Wdeprecated-declarations]
  195 |   RCT_PROFILE_BEGIN_EVENT(
      |   ^
In file included from /Users/jonahmicahinguito/dev/rotaract-connect/node_modules/react-native/React/Profiler/RCTProfile.m:8:
/Users/jonahmicahinguito/dev/rotaract-connect/node_modules/react-native/React/Profiler/RCTProfile.h:101:9: note: expanded from macro 'RCT_PROFILE_BEGIN_EVENT'
  101 |     if (RCTProfileIsProfiling()) {                                    \
      |         ^
/Users/jonahmicahinguito/dev/rotaract-connect/node_modules/react-native/React/Profiler/RCTProfile.h:56:5: note: 'RCTProfileIsProfiling' has been explicitly marked deprecated here
   56 |     __deprecated_msg("This API will be removed along with the legacy architecture.");
      |     ^
In module 'Foundation' imported from /Users/jonahmicahinguito/dev/rotaract-connect/node_modules/react-native/React/Profiler/RCTProfile.h:8:
In module 'CoreFoundation' imported from /Applications/Xcode.app/Contents/Developer/Platforms/iPhoneOS.platform/Developer/SDKs/iPhoneOS.sdk/System/Library/Frameworks/Foundation.framework/Headers/Foundation.h:6:
In module '_DarwinFoundation1' imported from /Applications/Xcode.app/Contents/Developer/Platforms/iPhoneOS.platform/Developer/SDKs/iPhoneOS.sdk/System/Library/Frameworks/CoreFoundation.framework/Headers/CoreFoundation.h:14:
/Applications/Xcode.app/Contents/Developer/Platforms/iPhoneOS.platform/Developer/SDKs/iPhoneOS26.5.sdk/usr/include/sys/cdefs.h:227:48: note: expanded from macro '__deprecated_msg'
  227 |         #define __deprecated_msg(_msg) __attribute__((__deprecated__(_msg)))
      |                                                       ^
/Users/jonahmicahinguito/dev/rotaract-connect/node_modules/react-native/React/Profiler/RCTProfile.m:195:3: warning: '_RCTProfileBeginEvent' is deprecated: This API will be removed along with the legacy architecture. [-Wdeprecated-declarations]
  195 |   RCT_PROFILE_BEGIN_EVENT(
      |   ^
In file included from /Users/jonahmicahinguito/dev/rotaract-connect/node_modules/react-native/React/Profiler/RCTProfile.m:8:
/Users/jonahmicahinguito/dev/rotaract-connect/node_modules/react-native/React/Profiler/RCTProfile.h:104:7: note: expanded from macro 'RCT_PROFILE_BEGIN_EVENT'
  104 |       _RCTProfileBeginEvent(__calleeThread, __time, tag, name, args); \
      |       ^
/Users/jonahmicahinguito/dev/rotaract-connect/node_modules/react-native/React/Profiler/RCTProfile.h:95:5: note: '_RCTProfileBeginEvent' has been explicitly marked deprecated here
   95 |     __deprecated_msg("This API will be removed along with the legacy architecture.");
      |     ^
In module 'Foundation' imported from /Users/jonahmicahinguito/dev/rotaract-connect/node_modules/react-native/React/Profiler/RCTProfile.h:8:
In module 'CoreFoundation' imported from /Applications/Xcode.app/Contents/Developer/Platforms/iPhoneOS.platform/Developer/SDKs/iPhoneOS.sdk/System/Library/Frameworks/Foundation.framework/Headers/Foundation.h:6:
In module '_DarwinFoundation1' imported from /Applications/Xcode.app/Contents/Developer/Platforms/iPhoneOS.platform/Developer/SDKs/iPhoneOS.sdk/System/Library/Frameworks/CoreFoundation.framework/Headers/CoreFoundation.h:14:
/Applications/Xcode.app/Contents/Developer/Platforms/iPhoneOS.platform/Developer/SDKs/iPhoneOS26.5.sdk/usr/include/sys/cdefs.h:227:48: note: expanded from macro '__deprecated_msg'
  227 |         #define __deprecated_msg(_msg) __attribute__((__deprecated__(_msg)))
      |                                                       ^
/Users/jonahmicahinguito/dev/rotaract-connect/node_modules/react-native/React/Profiler/RCTProfile.m:196:7: warning: 'RCTProfileTagAlways' is deprecated: This API will be removed along with the legacy architecture. [-Wdeprecated-declarations]
  196 |       RCTProfileTagAlways, ([NSString stringWithFormat:@"-[%s %s]", class_getName(klass), sel_getName(cmd)]), nil);
      |       ^
In file included from /Users/jonahmicahinguito/dev/rotaract-connect/node_modules/react-native/React/Profiler/RCTProfile.m:8:
/Users/jonahmicahinguito/dev/rotaract-connect/node_modules/react-native/React/Profiler/RCTProfile.h:30:12: note: 'RCTProfileTagAlways' has been explicitly marked deprecated here
   30 | RCT_EXTERN __deprecated_msg("This API will be removed along with the legacy architecture.") const uint64_t
      |            ^
In module 'Foundation' imported from /Users/jonahmicahinguito/dev/rotaract-connect/node_modules/react-native/React/Profiler/RCTProfile.h:8:
In module 'CoreFoundation' imported from /Applications/Xcode.app/Contents/Developer/Platforms/iPhoneOS.platform/Developer/SDKs/iPhoneOS.sdk/System/Library/Frameworks/Foundation.framework/Headers/Foundation.h:6:
In module '_DarwinFoundation1' imported from /Applications/Xcode.app/Contents/Developer/Platforms/iPhoneOS.platform/Developer/SDKs/iPhoneOS.sdk/System/Library/Frameworks/CoreFoundation.framework/Headers/CoreFoundation.h:14:
/Applications/Xcode.app/Contents/Developer/Platforms/iPhoneOS.platform/Developer/SDKs/iPhoneOS26.5.sdk/usr/include/sys/cdefs.h:227:48: note: expanded from macro '__deprecated_msg'
  227 |         #define __deprecated_msg(_msg) __attribute__((__deprecated__(_msg)))
      |                                                       ^
/Users/jonahmicahinguito/dev/rotaract-connect/node_modules/react-native/React/Profiler/RCTProfile.m:202:3: warning: 'RCTProfileIsProfiling' is deprecated: This API will be removed along with the legacy architecture. [-Wdeprecated-declarations]
  202 |   RCT_PROFILE_END_EVENT(RCTProfileTagAlways, @"objc_call,modules,auto");
      |   ^
In file included from /Users/jonahmicahinguito/dev/rotaract-connect/node_modules/react-native/React/Profiler/RCTProfile.m:8:
/Users/jonahmicahinguito/dev/rotaract-connect/node_modules/react-native/React/Profiler/RCTProfile.h:122:9: note: expanded from macro 'RCT_PROFILE_END_EVENT'
  122 |     if (RCTProfileIsProfiling()) {                                              \
      |         ^
/Users/jonahmicahinguito/dev/rotaract-connect/node_modules/react-native/React/Profiler/RCTProfile.h:56:5: note: 'RCTProfileIsProfiling' has been explicitly marked deprecated here
   56 |     __deprecated_msg("This API will be removed along with the legacy architecture.");
      |     ^
In module 'Foundation' imported from /Users/jonahmicahinguito/dev/rotaract-connect/node_modules/react-native/React/Profiler/RCTProfile.h:8:
In module 'CoreFoundation' imported from /Applications/Xcode.app/Contents/Developer/Platforms/iPhoneOS.platform/Developer/SDKs/iPhoneOS.sdk/System/Library/Frameworks/Foundation.framework/Headers/Foundation.h:6:
In module '_DarwinFoundation1' imported from /Applications/Xcode.app/Contents/Developer/Platforms/iPhoneOS.platform/Developer/SDKs/iPhoneOS.sdk/System/Library/Frameworks/CoreFoundation.framework/Headers/CoreFoundation.h:14:
/Applications/Xcode.app/Contents/Developer/Platforms/iPhoneOS.platform/Developer/SDKs/iPhoneOS26.5.sdk/usr/include/sys/cdefs.h:227:48: note: expanded from macro '__deprecated_msg'
  227 |         #define __deprecated_msg(_msg) __attribute__((__deprecated__(_msg)))
      |                                                       ^
/Users/jonahmicahinguito/dev/rotaract-connect/node_modules/react-native/React/Profiler/RCTProfile.m:202:3: warning: '_RCTProfileEndEvent' is deprecated: This API will be removed along with the legacy architecture. [-Wdeprecated-declarations]
  202 |   RCT_PROFILE_END_EVENT(RCTProfileTagAlways, @"objc_call,modules,auto");
      |   ^
In file included from /Users/jonahmicahinguito/dev/rotaract-connect/node_modules/react-native/React/Profiler/RCTProfile.m:8:
/Users/jonahmicahinguito/dev/rotaract-connect/node_modules/react-native/React/Profiler/RCTProfile.h:126:7: note: expanded from macro 'RCT_PROFILE_END_EVENT'
  126 |       _RCTProfileEndEvent(__calleeThread, __threadName, __time, tag, category); \
      |       ^
/Users/jonahmicahinguito/dev/rotaract-connect/node_modules/react-native/React/Profiler/RCTProfile.h:115:5: note: '_RCTProfileEndEvent' has been explicitly marked deprecated here
  115 |     __deprecated_msg("This API will be removed along with the legacy architecture.");
      |     ^
In module 'Foundation' imported from /Users/jonahmicahinguito/dev/rotaract-connect/node_modules/react-native/React/Profiler/RCTProfile.h:8:
In module 'CoreFoundation' imported from /Applications/Xcode.app/Contents/Developer/Platforms/iPhoneOS.platform/Developer/SDKs/iPhoneOS.sdk/System/Library/Frameworks/Foundation.framework/Headers/Foundation.h:6:
In module '_DarwinFoundation1' imported from /Applications/Xcode.app/Contents/Developer/Platforms/iPhoneOS.platform/Developer/SDKs/iPhoneOS.sdk/System/Library/Frameworks/CoreFoundation.framework/Headers/CoreFoundation.h:14:
/Applications/Xcode.app/Contents/Developer/Platforms/iPhoneOS.platform/Developer/SDKs/iPhoneOS26.5.sdk/usr/include/sys/cdefs.h:227:48: note: expanded from macro '__deprecated_msg'
  227 |         #define __deprecated_msg(_msg) __attribute__((__deprecated__(_msg)))
      |                                                       ^
/Users/jonahmicahinguito/dev/rotaract-connect/node_modules/react-native/React/Profiler/RCTProfile.m:202:25: warning: 'RCTProfileTagAlways' is deprecated: This API will be removed along with the legacy architecture. [-Wdeprecated-declarations]
  202 |   RCT_PROFILE_END_EVENT(RCTProfileTagAlways, @"objc_call,modules,auto");
      |                         ^
In file included from /Users/jonahmicahinguito/dev/rotaract-connect/node_modules/react-native/React/Profiler/RCTProfile.m:8:
/Users/jonahmicahinguito/dev/rotaract-connect/node_modules/react-native/React/Profiler/RCTProfile.h:30:12: note: 'RCTProfileTagAlways' has been explicitly marked deprecated here
   30 | RCT_EXTERN __deprecated_msg("This API will be removed along with the legacy architecture.") const uint64_t
      |            ^
In module 'Foundation' imported from /Users/jonahmicahinguito/dev/rotaract-connect/node_modules/react-native/React/Profiler/RCTProfile.h:8:
In module 'CoreFoundation' imported from /Applications/Xcode.app/Contents/Developer/Platforms/iPhoneOS.platform/Developer/SDKs/iPhoneOS.sdk/System/Library/Frameworks/Foundation.framework/Headers/Foundation.h:6:
In module '_DarwinFoundation1' imported from /Applications/Xcode.app/Contents/Developer/Platforms/iPhoneOS.platform/Developer/SDKs/iPhoneOS.sdk/System/Library/Frameworks/CoreFoundation.framework/Headers/CoreFoundation.h:14:
/Applications/Xcode.app/Contents/Developer/Platforms/iPhoneOS.platform/Developer/SDKs/iPhoneOS26.5.sdk/usr/include/sys/cdefs.h:227:48: note: expanded from macro '__deprecated_msg'
  227 |         #define __deprecated_msg(_msg) __attribute__((__deprecated__(_msg)))
      |                                                       ^
/Users/jonahmicahinguito/dev/rotaract-connect/node_modules/react-native/React/Profiler/RCTProfile.m:209:3: warning: 'RCTProfileHookInstance' is deprecated: This API will be removed along with the legacy architecture. [-Wdeprecated-declarations]
  209 |   RCTProfileHookInstance(view);
      |   ^
In file included from /Users/jonahmicahinguito/dev/rotaract-connect/node_modules/react-native/React/Profiler/RCTProfile.m:8:
/Users/jonahmicahinguito/dev/rotaract-connect/node_modules/react-native/React/Profiler/RCTProfile.h:183:5: note: 'RCTProfileHookInstance' has been explicitly marked deprecated here
  183 |     __deprecated_msg("This API will be removed along with the legacy architecture.");
      |     ^
In module 'Foundation' imported from /Users/jonahmicahinguito/dev/rotaract-connect/node_modules/react-native/React/Profiler/RCTProfile.h:8:
In module 'CoreFoundation' imported from /Applications/Xcode.app/Contents/Developer/Platforms/iPhoneOS.platform/Developer/SDKs/iPhoneOS.sdk/System/Library/Frameworks/Foundation.framework/Headers/Foundation.h:6:
In module '_DarwinFoundation1' imported from /Applications/Xcode.app/Contents/Developer/Platforms/iPhoneOS.platform/Developer/SDKs/iPhoneOS.sdk/System/Library/Frameworks/CoreFoundation.framework/Headers/CoreFoundation.h:14:
/Applications/Xcode.app/Contents/Developer/Platforms/iPhoneOS.platform/Developer/SDKs/iPhoneOS26.5.sdk/usr/include/sys/cdefs.h:227:48: note: expanded from macro '__deprecated_msg'
  227 |         #define __deprecated_msg(_msg) __attribute__((__deprecated__(_msg)))
      |                                                       ^
/Users/jonahmicahinguito/dev/rotaract-connect/node_modules/react-native/React/Profiler/RCTProfile.m:217:7: warning: 'RCTProfileHookInstance' is deprecated: This API will be removed along with the legacy architecture. [-Wdeprecated-declarations]
  217 |       RCTProfileHookInstance([uiManager viewForReactTag:view]);
      |       ^
In file included from /Users/jonahmicahinguito/dev/rotaract-connect/node_modules/react-native/React/Profiler/RCTProfile.m:8:
/Users/jonahmicahinguito/dev/rotaract-connect/node_modules/react-native/React/Profiler/RCTProfile.h:183:5: note: 'RCTProfileHookInstance' has been explicitly marked deprecated here
  183 |     __deprecated_msg("This API will be removed along with the legacy architecture.");
      |     ^
In module 'Foundation' imported from /Users/jonahmicahinguito/dev/rotaract-connect/node_modules/react-native/React/Profiler/RCTProfile.h:8:
In module 'CoreFoundation' imported from /Applications/Xcode.app/Contents/Developer/Platforms/iPhoneOS.platform/Developer/SDKs/iPhoneOS.sdk/System/Library/Frameworks/Foundation.framework/Headers/Foundation.h:6:
In module '_DarwinFoundation1' imported from /Applications/Xcode.app/Contents/Developer/Platforms/iPhoneOS.platform/Developer/SDKs/iPhoneOS.sdk/System/Library/Frameworks/CoreFoundation.framework/Headers/CoreFoundation.h:14:
/Applications/Xcode.app/Contents/Developer/Platforms/iPhoneOS.platform/Developer/SDKs/iPhoneOS26.5.sdk/usr/include/sys/cdefs.h:227:48: note: expanded from macro '__deprecated_msg'
  227 |         #define __deprecated_msg(_msg) __attribute__((__deprecated__(_msg)))
      |                                                       ^
/Users/jonahmicahinguito/dev/rotaract-connect/node_modules/react-native/React/Profiler/RCTProfile.m:378:3: warning: 'RCTProfileImmediateEvent' is deprecated: This API will be removed along with the legacy architecture. [-Wdeprecated-declarations]
  378 |   RCTProfileImmediateEvent(RCTProfileTagAlways, @"VSYNC", displayLink.timestamp, 'g');
      |   ^
In file included from /Users/jonahmicahinguito/dev/rotaract-connect/node_modules/react-native/React/Profiler/RCTProfile.m:8:
/Users/jonahmicahinguito/dev/rotaract-connect/node_modules/react-native/React/Profiler/RCTProfile.h:150:5: note: 'RCTProfileImmediateEvent' has been explicitly marked deprecated here
  150 |     __deprecated_msg("This API will be removed along with the legacy architecture.");
      |     ^
In module 'Foundation' imported from /Users/jonahmicahinguito/dev/rotaract-connect/node_modules/react-native/React/Profiler/RCTProfile.h:8:
In module 'CoreFoundation' imported from /Applications/Xcode.app/Contents/Developer/Platforms/iPhoneOS.platform/Developer/SDKs/iPhoneOS.sdk/System/Library/Frameworks/Foundation.framework/Headers/Foundation.h:6:
In module '_DarwinFoundation1' imported from /Applications/Xcode.app/Contents/Developer/Platforms/iPhoneOS.platform/Developer/SDKs/iPhoneOS.sdk/System/Library/Frameworks/CoreFoundation.framework/Headers/CoreFoundation.h:14:
/Applications/Xcode.app/Contents/Developer/Platforms/iPhoneOS.platform/Developer/SDKs/iPhoneOS26.5.sdk/usr/include/sys/cdefs.h:227:48: note: expanded from macro '__deprecated_msg'
  227 |         #define __deprecated_msg(_msg) __attribute__((__deprecated__(_msg)))
      |                                                       ^
/Users/jonahmicahinguito/dev/rotaract-connect/node_modules/react-native/React/Profiler/RCTProfile.m:378:28: warning: 'RCTProfileTagAlways' is deprecated: This API will be removed along with the legacy architecture. [-Wdeprecated-declarations]
  378 |   RCTProfileImmediateEvent(RCTProfileTagAlways, @"VSYNC", displayLink.timestamp, 'g');
      |                            ^
In file included from /Users/jonahmicahinguito/dev/rotaract-connect/node_modules/react-native/React/Profiler/RCTProfile.m:8:
/Users/jonahmicahinguito/dev/rotaract-connect/node_modules/react-native/React/Profiler/RCTProfile.h:30:12: note: 'RCTProfileTagAlways' has been explicitly marked deprecated here
   30 | RCT_EXTERN __deprecated_msg("This API will be removed along with the legacy architecture.") const uint64_t
      |            ^
In module 'Foundation' imported from /Users/jonahmicahinguito/dev/rotaract-connect/node_modules/react-native/React/Profiler/RCTProfile.h:8:
In module 'CoreFoundation' imported from /Applications/Xcode.app/Contents/Developer/Platforms/iPhoneOS.platform/Developer/SDKs/iPhoneOS.sdk/System/Library/Frameworks/Foundation.framework/Headers/Foundation.h:6:
In module '_DarwinFoundation1' imported from /Applications/Xcode.app/Contents/Developer/Platforms/iPhoneOS.platform/Developer/SDKs/iPhoneOS.sdk/System/Library/Frameworks/CoreFoundation.framework/Headers/CoreFoundation.h:14:
/Applications/Xcode.app/Contents/Developer/Platforms/iPhoneOS.platform/Developer/SDKs/iPhoneOS26.5.sdk/usr/include/sys/cdefs.h:227:48: note: expanded from macro '__deprecated_msg'
  227 |         #define __deprecated_msg(_msg) __attribute__((__deprecated__(_msg)))
      |                                                       ^
/Users/jonahmicahinguito/dev/rotaract-connect/node_modules/react-native/React/Profiler/RCTProfile.m:388:22: warning: 'RCTProfileIsProfiling' is deprecated: This API will be removed along with the legacy architecture. [-Wdeprecated-declarations]
  388 |   BOOL isProfiling = RCTProfileIsProfiling();
      |                      ^
In file included from /Users/jonahmicahinguito/dev/rotaract-connect/node_modules/react-native/React/Profiler/RCTProfile.m:8:
/Users/jonahmicahinguito/dev/rotaract-connect/node_modules/react-native/React/Profiler/RCTProfile.h:56:5: note: 'RCTProfileIsProfiling' has been explicitly marked deprecated here
   56 |     __deprecated_msg("This API will be removed along with the legacy architecture.");
      |     ^
In module 'Foundation' imported from /Users/jonahmicahinguito/dev/rotaract-connect/node_modules/react-native/React/Profiler/RCTProfile.h:8:
In module 'CoreFoundation' imported from /Applications/Xcode.app/Contents/Developer/Platforms/iPhoneOS.platform/Developer/SDKs/iPhoneOS.sdk/System/Library/Frameworks/Foundation.framework/Headers/Foundation.h:6:
In module '_DarwinFoundation1' imported from /Applications/Xcode.app/Contents/Developer/Platforms/iPhoneOS.platform/Developer/SDKs/iPhoneOS.sdk/System/Library/Frameworks/CoreFoundation.framework/Headers/CoreFoundation.h:14:
/Applications/Xcode.app/Contents/Developer/Platforms/iPhoneOS.platform/Developer/SDKs/iPhoneOS26.5.sdk/usr/include/sys/cdefs.h:227:48: note: expanded from macro '__deprecated_msg'
  227 |         #define __deprecated_msg(_msg) __attribute__((__deprecated__(_msg)))
      |                                                       ^
/Users/jonahmicahinguito/dev/rotaract-connect/node_modules/react-native/React/Profiler/RCTProfile.m:394:5: warning: 'RCTProfileEnd' is deprecated: This API will be removed along with the legacy architecture. [-Wdeprecated-declarations]
  394 |     RCTProfileEnd(RCTProfilingBridge(), ^(NSString *result) {
      |     ^
In file included from /Users/jonahmicahinguito/dev/rotaract-connect/node_modules/react-native/React/Profiler/RCTProfile.m:8:
/Users/jonahmicahinguito/dev/rotaract-connect/node_modules/react-native/React/Profiler/RCTProfile.h:70:5: note: 'RCTProfileEnd' has been explicitly marked deprecated here
   70 |     __deprecated_msg("This API will be removed along with the legacy architecture.");
      |     ^
In module 'Foundation' imported from /Users/jonahmicahinguito/dev/rotaract-connect/node_modules/react-native/React/Profiler/RCTProfile.h:8:
In module 'CoreFoundation' imported from /Applications/Xcode.app/Contents/Developer/Platforms/iPhoneOS.platform/Developer/SDKs/iPhoneOS.sdk/System/Library/Frameworks/Foundation.framework/Headers/Foundation.h:6:
In module '_DarwinFoundation1' imported from /Applications/Xcode.app/Contents/Developer/Platforms/iPhoneOS.platform/Developer/SDKs/iPhoneOS.sdk/System/Library/Frameworks/CoreFoundation.framework/Headers/CoreFoundation.h:14:
/Applications/Xcode.app/Contents/Developer/Platforms/iPhoneOS.platform/Developer/SDKs/iPhoneOS26.5.sdk/usr/include/sys/cdefs.h:227:48: note: expanded from macro '__deprecated_msg'
  227 |         #define __deprecated_msg(_msg) __attribute__((__deprecated__(_msg)))
      |                                                       ^
/Users/jonahmicahinguito/dev/rotaract-connect/node_modules/react-native/React/Profiler/RCTProfile.m:419:5: warning: 'RCTProfileInit' is deprecated: This API will be removed along with the legacy architecture. [-Wdeprecated-declarations]
  419 |     RCTProfileInit(RCTProfilingBridge());
      |     ^
In file included from /Users/jonahmicahinguito/dev/rotaract-connect/node_modules/react-native/React/Profiler/RCTProfile.m:8:
/Users/jonahmicahinguito/dev/rotaract-connect/node_modules/react-native/React/Profiler/RCTProfile.h:62:5: note: 'RCTProfileInit' has been explicitly marked deprecated here
   62 |     __deprecated_msg("This API will be removed along with the legacy architecture.");
      |     ^
In module 'Foundation' imported from /Users/jonahmicahinguito/dev/rotaract-connect/node_modules/react-native/React/Profiler/RCTProfile.h:8:
In module 'CoreFoundation' imported from /Applications/Xcode.app/Contents/Developer/Platforms/iPhoneOS.platform/Developer/SDKs/iPhoneOS.sdk/System/Library/Frameworks/Foundation.framework/Headers/Foundation.h:6:
In module '_DarwinFoundation1' imported from /Applications/Xcode.app/Contents/Developer/Platforms/iPhoneOS.platform/Developer/SDKs/iPhoneOS.sdk/System/Library/Frameworks/CoreFoundation.framework/Headers/CoreFoundation.h:14:
/Applications/Xcode.app/Contents/Developer/Platforms/iPhoneOS.platform/Developer/SDKs/iPhoneOS26.5.sdk/usr/include/sys/cdefs.h:227:48: note: expanded from macro '__deprecated_msg'
  227 |         #define __deprecated_msg(_msg) __attribute__((__deprecated__(_msg)))
      |                                                       ^
17 warnings generated.

/Users/jonahmicahinguito/dev/rotaract-connect/node_modules/react-native/React/Profiler/RCTProfile.m:67:8: 'RCTProfileCallbacks' is deprecated: This API will be removed along with the legacy architecture.

/Users/jonahmicahinguito/dev/rotaract-connect/node_modules/react-native/React/Profiler/RCTProfile.m:70:8: 'systrace_arg_t' is deprecated: This API will be removed along with the legacy architecture.

/Users/jonahmicahinguito/dev/rotaract-connect/node_modules/react-native/React/Profiler/RCTProfile.m:76:3: 'systrace_arg_t' is deprecated: This API will be removed along with the legacy architecture.

/Users/jonahmicahinguito/dev/rotaract-connect/node_modules/react-native/React/Profiler/RCTProfile.m:76:49: 'systrace_arg_t' is deprecated: This API will be removed along with the legacy architecture.

/Users/jonahmicahinguito/dev/rotaract-connect/node_modules/react-native/React/Profiler/RCTProfile.m:195:3: 'RCTProfileIsProfiling' is deprecated: This API will be removed along with the legacy architecture.

/Users/jonahmicahinguito/dev/rotaract-connect/node_modules/react-native/React/Profiler/RCTProfile.m:195:3: '_RCTProfileBeginEvent' is deprecated: This API will be removed along with the legacy architecture.

/Users/jonahmicahinguito/dev/rotaract-connect/node_modules/react-native/React/Profiler/RCTProfile.m:196:7: 'RCTProfileTagAlways' is deprecated: This API will be removed along with the legacy architecture.

/Users/jonahmicahinguito/dev/rotaract-connect/node_modules/react-native/React/Profiler/RCTProfile.m:202:3: 'RCTProfileIsProfiling' is deprecated: This API will be removed along with the legacy architecture.

/Users/jonahmicahinguito/dev/rotaract-connect/node_modules/react-native/React/Profiler/RCTProfile.m:202:3: '_RCTProfileEndEvent' is deprecated: This API will be removed along with the legacy architecture.

/Users/jonahmicahinguito/dev/rotaract-connect/node_modules/react-native/React/Profiler/RCTProfile.m:202:25: 'RCTProfileTagAlways' is deprecated: This API will be removed along with the legacy architecture.

/Users/jonahmicahinguito/dev/rotaract-connect/node_modules/react-native/React/Profiler/RCTProfile.m:209:3: 'RCTProfileHookInstance' is deprecated: This API will be removed along with the legacy architecture.

/Users/jonahmicahinguito/dev/rotaract-connect/node_modules/react-native/React/Profiler/RCTProfile.m:217:7: 'RCTProfileHookInstance' is deprecated: This API will be removed along with the legacy architecture.

/Users/jonahmicahinguito/dev/rotaract-connect/node_modules/react-native/React/Profiler/RCTProfile.m:378:3: 'RCTProfileImmediateEvent' is deprecated: This API will be removed along with the legacy architecture.

/Users/jonahmicahinguito/dev/rotaract-connect/node_modules/react-native/React/Profiler/RCTProfile.m:378:28: 'RCTProfileTagAlways' is deprecated: This API will be removed along with the legacy architecture.

/Users/jonahmicahinguito/dev/rotaract-connect/node_modules/react-native/React/Profiler/RCTProfile.m:388:22: 'RCTProfileIsProfiling' is deprecated: This API will be removed along with the legacy architecture.

/Users/jonahmicahinguito/dev/rotaract-connect/node_modules/react-native/React/Profiler/RCTProfile.m:394:5: 'RCTProfileEnd' is deprecated: This API will be removed along with the legacy architecture.

/Users/jonahmicahinguito/dev/rotaract-connect/node_modules/react-native/React/Profiler/RCTProfile.m:419:5: 'RCTProfileInit' is deprecated: This API will be removed along with the legacy architecture.

Libtool /Users/jonahmicahinguito/Library/Developer/Xcode/DerivedData/rotaractconnect-cjwcbdlngckcsaantafkjnfzfbdk/Build/Products/Debug-iphoneos/React-Core/libReact-Core.a normal (in target 'React-Core' from project 'Pods')
    cd /Users/jonahmicahinguito/dev/rotaract-connect/ios/Pods
    /Applications/Xcode.app/Contents/Developer/Toolchains/XcodeDefault.xctoolchain/usr/bin/libtool -static -arch_only arm64 -D -syslibroot /Applications/Xcode.app/Contents/Developer/Platforms/iPhoneOS.platform/Developer/SDKs/iPhoneOS26.5.sdk -L/Users/jonahmicahinguito/Library/Developer/Xcode/DerivedData/rotaractconnect-cjwcbdlngckcsaantafkjnfzfbdk/Build/Products/Debug-iphoneos/React-Core -filelist /Users/jonahmicahinguito/Library/Developer/Xcode/DerivedData/rotaractconnect-cjwcbdlngckcsaantafkjnfzfbdk/Build/Intermediates.noindex/Pods.build/Debug-iphoneos/React-Core.build/Objects-normal/arm64/React-Core.LinkFileList -dependency_info /Users/jonahmicahinguito/Library/Developer/Xcode/DerivedData/rotaractconnect-cjwcbdlngckcsaantafkjnfzfbdk/Build/Intermediates.noindex/Pods.build/Debug-iphoneos/React-Core.build/Objects-normal/arm64/React-Core_libtool_dependency_info.dat -o /Users/jonahmicahinguito/Library/Developer/Xcode/DerivedData/rotaractconnect-cjwcbdlngckcsaantafkjnfzfbdk/Build/Products/Debug-iphoneos/React-Core/libReact-Core.a

libtool: warning: 'RCTActivityIndicatorView.o' has no symbols
libtool: warning: 'RCTActivityIndicatorViewManager.o' has no symbols
libtool: warning: 'RCTConvert+CoreLocation.o' has no symbols
libtool: warning: 'RCTConvert+Transform.o' has no symbols
libtool: warning: 'RCTDebuggingOverlayManager.o' has no symbols
libtool: warning: 'RCTJSIExecutorRuntimeInstaller.o' has no symbols
libtool: warning: 'RCTModalHostView.o' has no symbols
libtool: warning: 'RCTModalHostViewController.o' has no symbols
libtool: warning: 'RCTModalHostViewManager.o' has no symbols
libtool: warning: 'RCTModalManager.o' has no symbols
libtool: warning: 'RCTNativeModule.o' has no symbols
libtool: warning: 'RCTObjcExecutor.o' has no symbols
libtool: warning: 'RCTProfileTrampoline-arm.o' has no symbols
libtool: warning: 'RCTProfileTrampoline-i386.o' has no symbols
libtool: warning: 'RCTProfileTrampoline-x86_64.o' has no symbols
libtool: warning: 'RCTRefreshControl.o' has no symbols
libtool: warning: 'RCTRefreshControlManager.o' has no symbols
libtool: warning: 'RCTRootContentView.o' has no symbols
libtool: warning: 'RCTSafeAreaShadowView.o' has no symbols
libtool: warning: 'RCTSafeAreaView.o' has no symbols
libtool: warning: 'RCTSafeAreaViewLocalData.o' has no symbols
libtool: warning: 'RCTSafeAreaViewManager.o' has no symbols
libtool: warning: 'RCTScrollContentShadowView.o' has no symbols
libtool: warning: 'RCTScrollContentView.o' has no symbols
libtool: warning: 'RCTScrollContentViewManager.o' has no symbols
libtool: warning: 'RCTScrollView.o' has no symbols
libtool: warning: 'RCTScrollViewManager.o' has no symbols
libtool: warning: 'RCTShadowView+Internal.o' has no symbols
libtool: warning: 'RCTShadowView+Layout.o' has no symbols
libtool: warning: 'RCTSurfacePresenterStub.o' has no symbols
libtool: warning: 'RCTSwitch.o' has no symbols
libtool: warning: 'RCTSwitchManager.o' has no symbols

'RCTActivityIndicatorView.o' has no symbols

'RCTActivityIndicatorViewManager.o' has no symbols

'RCTConvert+CoreLocation.o' has no symbols

'RCTConvert+Transform.o' has no symbols

'RCTDebuggingOverlayManager.o' has no symbols

'RCTJSIExecutorRuntimeInstaller.o' has no symbols

'RCTModalHostView.o' has no symbols

'RCTModalHostViewController.o' has no symbols

'RCTModalHostViewManager.o' has no symbols

'RCTModalManager.o' has no symbols

'RCTNativeModule.o' has no symbols

'RCTObjcExecutor.o' has no symbols

'RCTProfileTrampoline-arm.o' has no symbols

'RCTProfileTrampoline-i386.o' has no symbols

'RCTProfileTrampoline-x86_64.o' has no symbols

'RCTRefreshControl.o' has no symbols

'RCTRefreshControlManager.o' has no symbols

'RCTRootContentView.o' has no symbols

'RCTSafeAreaShadowView.o' has no symbols

'RCTSafeAreaView.o' has no symbols

'RCTSafeAreaViewLocalData.o' has no symbols

'RCTSafeAreaViewManager.o' has no symbols

'RCTScrollContentShadowView.o' has no symbols

'RCTScrollContentView.o' has no symbols

'RCTScrollContentViewManager.o' has no symbols

'RCTScrollView.o' has no symbols

'RCTScrollViewManager.o' has no symbols

'RCTShadowView+Internal.o' has no symbols

'RCTShadowView+Layout.o' has no symbols

'RCTSurfacePresenterStub.o' has no symbols

'RCTSwitch.o' has no symbols

'RCTSwitchManager.o' has no symbols


Build target RNScreens of project Pods with configuration Debug

CompileC /Users/jonahmicahinguito/Library/Developer/Xcode/DerivedData/rotaractconnect-cjwcbdlngckcsaantafkjnfzfbdk/Build/Intermediates.noindex/Pods.build/Debug-iphoneos/RNScreens.build/Objects-normal/arm64/RNSTabsHostComponentView.o /Users/jonahmicahinguito/dev/rotaract-connect/node_modules/react-native-screens/ios/tabs/host/RNSTabsHostComponentView.mm normal arm64 objective-c++ com.apple.compilers.llvm.clang.1_0.compiler (in target 'RNScreens' from project 'Pods')
    cd /Users/jonahmicahinguito/dev/rotaract-connect/ios/Pods
    
    Using response file: /Users/jonahmicahinguito/Library/Developer/Xcode/DerivedData/rotaractconnect-cjwcbdlngckcsaantafkjnfzfbdk/Build/Intermediates.noindex/Pods.build/Debug-iphoneos/RNScreens.build/Objects-normal/arm64/af3fcb34312c57c0f52879cdce924b91-common-args.resp
    
    /Applications/Xcode.app/Contents/Developer/Toolchains/XcodeDefault.xctoolchain/usr/bin/clang -x objective-c++ -ivfsstatcache /Users/jonahmicahinguito/Library/Developer/Xcode/DerivedData/SDKStatCaches.noindex/iphoneos26.5-23F81a-32daed1954a7d5dd0789fcaf2a9bb78b.sdkstatcache -target arm64-apple-ios15.1 -fmessage-length\=0 -fdiagnostics-show-note-include-stack -fmacro-backtrace-limit\=0 -fno-color-diagnostics -fmodules-prune-interval\=86400 -fmodules-prune-after\=345600 -fbuild-session-file\=/Users/jonahmicahinguito/Library/Developer/Xcode/DerivedData/ModuleCache.noindex/Session.modulevalidation -fmodules-validate-once-per-build-session -Wnon-modular-include-in-framework-module -Werror\=non-modular-include-in-framework-module -Wno-trigraphs -Wno-missing-field-initializers -Wno-missing-prototypes -Werror\=return-type -Wdocumentation -Wunreachable-code -Wno-implicit-atomic-properties -Werror\=deprecated-objc-isa-usage -Wno-objc-interface-ivars -Werror\=objc-root-class -Wno-arc-repeated-use-of-weak -Wimplicit-retain-self -Wno-non-virtual-dtor -Wno-overloaded-virtual -Wno-exit-time-destructors -Wduplicate-method-match -Wno-missing-braces -Wparentheses -Wswitch -Wunused-function -Wno-unused-label -Wno-unused-parameter -Wunused-variable -Wunused-value -Wempty-body -Wuninitialized -Wconditional-uninitialized -Wno-unknown-pragmas -Wno-shadow -Wno-four-char-constants -Wno-conversion -Wconstant-conversion -Wint-conversion -Wbool-conversion -Wenum-conversion -Wno-float-conversion -Wnon-literal-null-conversion -Wobjc-literal-conversion -Wshorten-64-to-32 -Wno-newline-eof -Wno-selector -Wno-strict-selector-match -Wundeclared-selector -Wdeprecated-implementations -Wno-c++11-extensions -Wno-implicit-fallthrough -isysroot /Applications/Xcode.app/Contents/Developer/Platforms/iPhoneOS.platform/Developer/SDKs/iPhoneOS26.5.sdk -fstrict-aliasing -Wprotocol -Wdeprecated-declarations -Winvalid-offsetof -Wno-sign-conversion -Winfinite-recursion -Wmove -Wcomma -Wblock-capture-autoreleasing -Wstrict-prototypes -Wrange-loop-analysis -Wno-semicolon-before-method-body -Wunguarded-availability -index-store-path /Users/jonahmicahinguito/Library/Developer/Xcode/DerivedData/rotaractconnect-cjwcbdlngckcsaantafkjnfzfbdk/Index.noindex/DataStore @/Users/jonahmicahinguito/Library/Developer/Xcode/DerivedData/rotaractconnect-cjwcbdlngckcsaantafkjnfzfbdk/Build/Intermediates.noindex/Pods.build/Debug-iphoneos/RNScreens.build/Objects-normal/arm64/af3fcb34312c57c0f52879cdce924b91-common-args.resp -DRCT_NEW_ARCH_ENABLED\=1 -include /Users/jonahmicahinguito/dev/rotaract-connect/ios/Pods/Target\ Support\ Files/RNScreens/RNScreens-prefix.pch -MMD -MT dependencies -MF /Users/jonahmicahinguito/Library/Developer/Xcode/DerivedData/rotaractconnect-cjwcbdlngckcsaantafkjnfzfbdk/Build/Intermediates.noindex/Pods.build/Debug-iphoneos/RNScreens.build/Objects-normal/arm64/RNSTabsHostComponentView.d --serialize-diagnostics /Users/jonahmicahinguito/Library/Developer/Xcode/DerivedData/rotaractconnect-cjwcbdlngckcsaantafkjnfzfbdk/Build/Intermediates.noindex/Pods.build/Debug-iphoneos/RNScreens.build/Objects-normal/arm64/RNSTabsHostComponentView.dia -c /Users/jonahmicahinguito/dev/rotaract-connect/node_modules/react-native-screens/ios/tabs/host/RNSTabsHostComponentView.mm -o /Users/jonahmicahinguito/Library/Developer/Xcode/DerivedData/rotaractconnect-cjwcbdlngckcsaantafkjnfzfbdk/Build/Intermediates.noindex/Pods.build/Debug-iphoneos/RNScreens.build/Objects-normal/arm64/RNSTabsHostComponentView.o -index-unit-output-path /Pods.build/Debug-iphoneos/RNScreens.build/Objects-normal/arm64/RNSTabsHostComponentView.o

In file included from /Users/jonahmicahinguito/dev/rotaract-connect/node_modules/react-native-screens/ios/tabs/host/RNSTabsHostComponentView.mm:5:
In file included from /Users/jonahmicahinguito/dev/rotaract-connect/ios/Pods/Headers/Public/React-RCTFabric/React/RCTMountingTransactionObserving.h:10:
In file included from /Users/jonahmicahinguito/dev/rotaract-connect/ios/Pods/Headers/Public/React-Fabric/react/renderer/mounting/MountingTransaction.h:10:
/Users/jonahmicahinguito/dev/rotaract-connect/ios/Pods/Headers/Public/React-Fabric/react/renderer/mounting/ShadowViewMutation.h:46:7: warning: declaration is marked with '@deprecated' command but does not have a deprecation attribute [-Wdocumentation-deprecated-sync]
   46 |    * @deprecated Pass parentTag instead of parentShadowView.
      |      ~^~~~~~~~~~~~~~~~~~~~~~~~~~~~~~~~~~~~~~~~~~~~~~~~~~~~~~
/Users/jonahmicahinguito/dev/rotaract-connect/ios/Pods/Headers/Public/React-Fabric/react/renderer/mounting/ShadowViewMutation.h:48:3: note: add a deprecation attribute to the declaration to silence this warning
   48 |   static ShadowViewMutation InsertMutation(const ShadowView &parentShadowView, ShadowView childShadowView, int index)
      |   ^
      |   FMT_DEPRECATED 
/Users/jonahmicahinguito/dev/rotaract-connect/ios/Pods/Headers/Public/React-Fabric/react/renderer/mounting/ShadowViewMutation.h:60:7: warning: declaration is marked with '@deprecated' command but does not have a deprecation attribute [-Wdocumentation-deprecated-sync]
   60 |    * @deprecated Pass parentTag instead of parentShadowView.
      |      ~^~~~~~~~~~~~~~~~~~~~~~~~~~~~~~~~~~~~~~~~~~~~~~~~~~~~~~
/Users/jonahmicahinguito/dev/rotaract-connect/ios/Pods/Headers/Public/React-Fabric/react/renderer/mounting/ShadowViewMutation.h:62:3: note: add a deprecation attribute to the declaration to silence this warning
   62 |   static ShadowViewMutation RemoveMutation(const ShadowView &parentShadowView, ShadowView childShadowView, int index)
      |   ^
      |   FMT_DEPRECATED 
/Users/jonahmicahinguito/dev/rotaract-connect/ios/Pods/Headers/Public/React-Fabric/react/renderer/mounting/ShadowViewMutation.h:74:7: warning: declaration is marked with '@deprecated' command but does not have a deprecation attribute [-Wdocumentation-deprecated-sync]
   74 |    * @deprecated Pass parentTag instead of parentShadowView.
      |      ~^~~~~~~~~~~~~~~~~~~~~~~~~~~~~~~~~~~~~~~~~~~~~~~~~~~~~~
/Users/jonahmicahinguito/dev/rotaract-connect/ios/Pods/Headers/Public/React-Fabric/react/renderer/mounting/ShadowViewMutation.h:76:3: note: add a deprecation attribute to the declaration to silence this warning
   76 |   static ShadowViewMutation
      |   ^
      |   FMT_DEPRECATED 
3 warnings generated.

/Users/jonahmicahinguito/dev/rotaract-connect/ios/Pods/Headers/Public/React-Fabric/react/renderer/mounting/ShadowViewMutation.h:46:7: Declaration is marked with '@deprecated' command but does not have a deprecation attribute

/Users/jonahmicahinguito/dev/rotaract-connect/ios/Pods/Headers/Public/React-Fabric/react/renderer/mounting/ShadowViewMutation.h:60:7: Declaration is marked with '@deprecated' command but does not have a deprecation attribute

/Users/jonahmicahinguito/dev/rotaract-connect/ios/Pods/Headers/Public/React-Fabric/react/renderer/mounting/ShadowViewMutation.h:74:7: Declaration is marked with '@deprecated' command but does not have a deprecation attribute

CompileC /Users/jonahmicahinguito/Library/Developer/Xcode/DerivedData/rotaractconnect-cjwcbdlngckcsaantafkjnfzfbdk/Build/Intermediates.noindex/Pods.build/Debug-iphoneos/RNScreens.build/Objects-normal/arm64/RNSScreenWindowTraits.o /Users/jonahmicahinguito/dev/rotaract-connect/node_modules/react-native-screens/ios/RNSScreenWindowTraits.mm normal arm64 objective-c++ com.apple.compilers.llvm.clang.1_0.compiler (in target 'RNScreens' from project 'Pods')
    cd /Users/jonahmicahinguito/dev/rotaract-connect/ios/Pods
    
    Using response file: /Users/jonahmicahinguito/Library/Developer/Xcode/DerivedData/rotaractconnect-cjwcbdlngckcsaantafkjnfzfbdk/Build/Intermediates.noindex/Pods.build/Debug-iphoneos/RNScreens.build/Objects-normal/arm64/af3fcb34312c57c0f52879cdce924b91-common-args.resp
    
    /Applications/Xcode.app/Contents/Developer/Toolchains/XcodeDefault.xctoolchain/usr/bin/clang -x objective-c++ -ivfsstatcache /Users/jonahmicahinguito/Library/Developer/Xcode/DerivedData/SDKStatCaches.noindex/iphoneos26.5-23F81a-32daed1954a7d5dd0789fcaf2a9bb78b.sdkstatcache -target arm64-apple-ios15.1 -fmessage-length\=0 -fdiagnostics-show-note-include-stack -fmacro-backtrace-limit\=0 -fno-color-diagnostics -fmodules-prune-interval\=86400 -fmodules-prune-after\=345600 -fbuild-session-file\=/Users/jonahmicahinguito/Library/Developer/Xcode/DerivedData/ModuleCache.noindex/Session.modulevalidation -fmodules-validate-once-per-build-session -Wnon-modular-include-in-framework-module -Werror\=non-modular-include-in-framework-module -Wno-trigraphs -Wno-missing-field-initializers -Wno-missing-prototypes -Werror\=return-type -Wdocumentation -Wunreachable-code -Wno-implicit-atomic-properties -Werror\=deprecated-objc-isa-usage -Wno-objc-interface-ivars -Werror\=objc-root-class -Wno-arc-repeated-use-of-weak -Wimplicit-retain-self -Wno-non-virtual-dtor -Wno-overloaded-virtual -Wno-exit-time-destructors -Wduplicate-method-match -Wno-missing-braces -Wparentheses -Wswitch -Wunused-function -Wno-unused-label -Wno-unused-parameter -Wunused-variable -Wunused-value -Wempty-body -Wuninitialized -Wconditional-uninitialized -Wno-unknown-pragmas -Wno-shadow -Wno-four-char-constants -Wno-conversion -Wconstant-conversion -Wint-conversion -Wbool-conversion -Wenum-conversion -Wno-float-conversion -Wnon-literal-null-conversion -Wobjc-literal-conversion -Wshorten-64-to-32 -Wno-newline-eof -Wno-selector -Wno-strict-selector-match -Wundeclared-selector -Wdeprecated-implementations -Wno-c++11-extensions -Wno-implicit-fallthrough -isysroot /Applications/Xcode.app/Contents/Developer/Platforms/iPhoneOS.platform/Developer/SDKs/iPhoneOS26.5.sdk -fstrict-aliasing -Wprotocol -Wdeprecated-declarations -Winvalid-offsetof -Wno-sign-conversion -Winfinite-recursion -Wmove -Wcomma -Wblock-capture-autoreleasing -Wstrict-prototypes -Wrange-loop-analysis -Wno-semicolon-before-method-body -Wunguarded-availability -index-store-path /Users/jonahmicahinguito/Library/Developer/Xcode/DerivedData/rotaractconnect-cjwcbdlngckcsaantafkjnfzfbdk/Index.noindex/DataStore @/Users/jonahmicahinguito/Library/Developer/Xcode/DerivedData/rotaractconnect-cjwcbdlngckcsaantafkjnfzfbdk/Build/Intermediates.noindex/Pods.build/Debug-iphoneos/RNScreens.build/Objects-normal/arm64/af3fcb34312c57c0f52879cdce924b91-common-args.resp -DRCT_NEW_ARCH_ENABLED\=1 -include /Users/jonahmicahinguito/dev/rotaract-connect/ios/Pods/Target\ Support\ Files/RNScreens/RNScreens-prefix.pch -MMD -MT dependencies -MF /Users/jonahmicahinguito/Library/Developer/Xcode/DerivedData/rotaractconnect-cjwcbdlngckcsaantafkjnfzfbdk/Build/Intermediates.noindex/Pods.build/Debug-iphoneos/RNScreens.build/Objects-normal/arm64/RNSScreenWindowTraits.d --serialize-diagnostics /Users/jonahmicahinguito/Library/Developer/Xcode/DerivedData/rotaractconnect-cjwcbdlngckcsaantafkjnfzfbdk/Build/Intermediates.noindex/Pods.build/Debug-iphoneos/RNScreens.build/Objects-normal/arm64/RNSScreenWindowTraits.dia -c /Users/jonahmicahinguito/dev/rotaract-connect/node_modules/react-native-screens/ios/RNSScreenWindowTraits.mm -o /Users/jonahmicahinguito/Library/Developer/Xcode/DerivedData/rotaractconnect-cjwcbdlngckcsaantafkjnfzfbdk/Build/Intermediates.noindex/Pods.build/Debug-iphoneos/RNScreens.build/Objects-normal/arm64/RNSScreenWindowTraits.o -index-unit-output-path /Pods.build/Debug-iphoneos/RNScreens.build/Objects-normal/arm64/RNSScreenWindowTraits.o

/Users/jonahmicahinguito/dev/rotaract-connect/node_modules/react-native-screens/ios/RNSScreenWindowTraits.mm:157:77: warning: 'keyWindow' is deprecated: first deprecated in iOS 13.0 - Should not be used for applications that support multiple scenes as it returns a key window across all connected scenes [-Wdeprecated-declarations]
  157 |         UIViewController *topController = [UIApplication sharedApplication].keyWindow.rootViewController;
      |                                                                             ^
In file included from <built-in>:1:
In file included from /Users/jonahmicahinguito/dev/rotaract-connect/ios/Pods/Target Support Files/RNScreens/RNScreens-prefix.pch:2:
In file included from /Applications/Xcode.app/Contents/Developer/Platforms/iPhoneOS.platform/Developer/SDKs/iPhoneOS26.5.sdk/System/Library/Frameworks/UIKit.framework/Headers/UIKit.h:9:
In file included from /Applications/Xcode.app/Contents/Developer/Platforms/iPhoneOS.platform/Developer/SDKs/iPhoneOS26.5.sdk/System/Library/Frameworks/UIKit.framework/Headers/UIKitCore.h:34:
In file included from /Applications/Xcode.app/Contents/Developer/Platforms/iPhoneOS.platform/Developer/SDKs/iPhoneOS26.5.sdk/System/Library/Frameworks/UIKit.framework/Headers/UIAccessibility.h:20:
In file included from /Applications/Xcode.app/Contents/Developer/Platforms/iPhoneOS.platform/Developer/SDKs/iPhoneOS26.5.sdk/System/Library/Frameworks/UIKit.framework/Headers/UIAccessibilityElement.h:12:
In file included from /Applications/Xcode.app/Contents/Developer/Platforms/iPhoneOS.platform/Developer/SDKs/iPhoneOS26.5.sdk/System/Library/Frameworks/UIKit.framework/Headers/UIAccessibilityIdentification.h:13:
In file included from /Applications/Xcode.app/Contents/Developer/Platforms/iPhoneOS.platform/Developer/SDKs/iPhoneOS26.5.sdk/System/Library/Frameworks/UIKit.framework/Headers/UIAlertController.h:9:
In file included from /Applications/Xcode.app/Contents/Developer/Platforms/iPhoneOS.platform/Developer/SDKs/iPhoneOS26.5.sdk/System/Library/Frameworks/UIKit.framework/Headers/UIViewController.h:12:
/Applications/Xcode.app/Contents/Developer/Platforms/iPhoneOS.platform/Developer/SDKs/iPhoneOS26.5.sdk/System/Library/Frameworks/UIKit.framework/Headers/UIApplication.h:108:51: note: 'keyWindow' has been explicitly marked deprecated here
  108 | @property(nullable, nonatomic,readonly) UIWindow *keyWindow API_DEPRECATED("Should not be used for applications that support multiple scenes as it returns a key window across all connected scenes", ios(2.0, 13.0)) API_UNAVAILABLE(visionos, watchos);
      |                                                   ^
1 warning generated.

/Users/jonahmicahinguito/dev/rotaract-connect/node_modules/react-native-screens/ios/RNSScreenWindowTraits.mm:157:77: 'keyWindow' is deprecated: first deprecated in iOS 13.0 - Should not be used for applications that support multiple scenes as it returns a key window across all connected scenes

CompileC /Users/jonahmicahinguito/Library/Developer/Xcode/DerivedData/rotaractconnect-cjwcbdlngckcsaantafkjnfzfbdk/Build/Intermediates.noindex/Pods.build/Debug-iphoneos/RNScreens.build/Objects-normal/arm64/RNSScreenStackHeaderConfig.o /Users/jonahmicahinguito/dev/rotaract-connect/node_modules/react-native-screens/ios/RNSScreenStackHeaderConfig.mm normal arm64 objective-c++ com.apple.compilers.llvm.clang.1_0.compiler (in target 'RNScreens' from project 'Pods')
    cd /Users/jonahmicahinguito/dev/rotaract-connect/ios/Pods
    
    Using response file: /Users/jonahmicahinguito/Library/Developer/Xcode/DerivedData/rotaractconnect-cjwcbdlngckcsaantafkjnfzfbdk/Build/Intermediates.noindex/Pods.build/Debug-iphoneos/RNScreens.build/Objects-normal/arm64/af3fcb34312c57c0f52879cdce924b91-common-args.resp
    
    /Applications/Xcode.app/Contents/Developer/Toolchains/XcodeDefault.xctoolchain/usr/bin/clang -x objective-c++ -ivfsstatcache /Users/jonahmicahinguito/Library/Developer/Xcode/DerivedData/SDKStatCaches.noindex/iphoneos26.5-23F81a-32daed1954a7d5dd0789fcaf2a9bb78b.sdkstatcache -target arm64-apple-ios15.1 -fmessage-length\=0 -fdiagnostics-show-note-include-stack -fmacro-backtrace-limit\=0 -fno-color-diagnostics -fmodules-prune-interval\=86400 -fmodules-prune-after\=345600 -fbuild-session-file\=/Users/jonahmicahinguito/Library/Developer/Xcode/DerivedData/ModuleCache.noindex/Session.modulevalidation -fmodules-validate-once-per-build-session -Wnon-modular-include-in-framework-module -Werror\=non-modular-include-in-framework-module -Wno-trigraphs -Wno-missing-field-initializers -Wno-missing-prototypes -Werror\=return-type -Wdocumentation -Wunreachable-code -Wno-implicit-atomic-properties -Werror\=deprecated-objc-isa-usage -Wno-objc-interface-ivars -Werror\=objc-root-class -Wno-arc-repeated-use-of-weak -Wimplicit-retain-self -Wno-non-virtual-dtor -Wno-overloaded-virtual -Wno-exit-time-destructors -Wduplicate-method-match -Wno-missing-braces -Wparentheses -Wswitch -Wunused-function -Wno-unused-label -Wno-unused-parameter -Wunused-variable -Wunused-value -Wempty-body -Wuninitialized -Wconditional-uninitialized -Wno-unknown-pragmas -Wno-shadow -Wno-four-char-constants -Wno-conversion -Wconstant-conversion -Wint-conversion -Wbool-conversion -Wenum-conversion -Wno-float-conversion -Wnon-literal-null-conversion -Wobjc-literal-conversion -Wshorten-64-to-32 -Wno-newline-eof -Wno-selector -Wno-strict-selector-match -Wundeclared-selector -Wdeprecated-implementations -Wno-c++11-extensions -Wno-implicit-fallthrough -isysroot /Applications/Xcode.app/Contents/Developer/Platforms/iPhoneOS.platform/Developer/SDKs/iPhoneOS26.5.sdk -fstrict-aliasing -Wprotocol -Wdeprecated-declarations -Winvalid-offsetof -Wno-sign-conversion -Winfinite-recursion -Wmove -Wcomma -Wblock-capture-autoreleasing -Wstrict-prototypes -Wrange-loop-analysis -Wno-semicolon-before-method-body -Wunguarded-availability -index-store-path /Users/jonahmicahinguito/Library/Developer/Xcode/DerivedData/rotaractconnect-cjwcbdlngckcsaantafkjnfzfbdk/Index.noindex/DataStore @/Users/jonahmicahinguito/Library/Developer/Xcode/DerivedData/rotaractconnect-cjwcbdlngckcsaantafkjnfzfbdk/Build/Intermediates.noindex/Pods.build/Debug-iphoneos/RNScreens.build/Objects-normal/arm64/af3fcb34312c57c0f52879cdce924b91-common-args.resp -DRCT_NEW_ARCH_ENABLED\=1 -include /Users/jonahmicahinguito/dev/rotaract-connect/ios/Pods/Target\ Support\ Files/RNScreens/RNScreens-prefix.pch -MMD -MT dependencies -MF /Users/jonahmicahinguito/Library/Developer/Xcode/DerivedData/rotaractconnect-cjwcbdlngckcsaantafkjnfzfbdk/Build/Intermediates.noindex/Pods.build/Debug-iphoneos/RNScreens.build/Objects-normal/arm64/RNSScreenStackHeaderConfig.d --serialize-diagnostics /Users/jonahmicahinguito/Library/Developer/Xcode/DerivedData/rotaractconnect-cjwcbdlngckcsaantafkjnfzfbdk/Build/Intermediates.noindex/Pods.build/Debug-iphoneos/RNScreens.build/Objects-normal/arm64/RNSScreenStackHeaderConfig.dia -c /Users/jonahmicahinguito/dev/rotaract-connect/node_modules/react-native-screens/ios/RNSScreenStackHeaderConfig.mm -o /Users/jonahmicahinguito/Library/Developer/Xcode/DerivedData/rotaractconnect-cjwcbdlngckcsaantafkjnfzfbdk/Build/Intermediates.noindex/Pods.build/Debug-iphoneos/RNScreens.build/Objects-normal/arm64/RNSScreenStackHeaderConfig.o -index-unit-output-path /Pods.build/Debug-iphoneos/RNScreens.build/Objects-normal/arm64/RNSScreenStackHeaderConfig.o

In file included from /Users/jonahmicahinguito/dev/rotaract-connect/node_modules/react-native-screens/ios/RNSScreenStackHeaderConfig.mm:8:
In file included from /Users/jonahmicahinguito/dev/rotaract-connect/ios/Pods/Headers/Public/React-RCTFabric/React/RCTMountingTransactionObserving.h:10:
In file included from /Users/jonahmicahinguito/dev/rotaract-connect/ios/Pods/Headers/Public/React-Fabric/react/renderer/mounting/MountingTransaction.h:10:
/Users/jonahmicahinguito/dev/rotaract-connect/ios/Pods/Headers/Public/React-Fabric/react/renderer/mounting/ShadowViewMutation.h:46:7: warning: declaration is marked with '@deprecated' command but does not have a deprecation attribute [-Wdocumentation-deprecated-sync]
   46 |    * @deprecated Pass parentTag instead of parentShadowView.
      |      ~^~~~~~~~~~~~~~~~~~~~~~~~~~~~~~~~~~~~~~~~~~~~~~~~~~~~~~
/Users/jonahmicahinguito/dev/rotaract-connect/ios/Pods/Headers/Public/React-Fabric/react/renderer/mounting/ShadowViewMutation.h:48:3: note: add a deprecation attribute to the declaration to silence this warning
   48 |   static ShadowViewMutation InsertMutation(const ShadowView &parentShadowView, ShadowView childShadowView, int index)
      |   ^
      |   FMT_DEPRECATED 
/Users/jonahmicahinguito/dev/rotaract-connect/ios/Pods/Headers/Public/React-Fabric/react/renderer/mounting/ShadowViewMutation.h:60:7: warning: declaration is marked with '@deprecated' command but does not have a deprecation attribute [-Wdocumentation-deprecated-sync]
   60 |    * @deprecated Pass parentTag instead of parentShadowView.
      |      ~^~~~~~~~~~~~~~~~~~~~~~~~~~~~~~~~~~~~~~~~~~~~~~~~~~~~~~
/Users/jonahmicahinguito/dev/rotaract-connect/ios/Pods/Headers/Public/React-Fabric/react/renderer/mounting/ShadowViewMutation.h:62:3: note: add a deprecation attribute to the declaration to silence this warning
   62 |   static ShadowViewMutation RemoveMutation(const ShadowView &parentShadowView, ShadowView childShadowView, int index)
      |   ^
      |   FMT_DEPRECATED 
/Users/jonahmicahinguito/dev/rotaract-connect/ios/Pods/Headers/Public/React-Fabric/react/renderer/mounting/ShadowViewMutation.h:74:7: warning: declaration is marked with '@deprecated' command but does not have a deprecation attribute [-Wdocumentation-deprecated-sync]
   74 |    * @deprecated Pass parentTag instead of parentShadowView.
      |      ~^~~~~~~~~~~~~~~~~~~~~~~~~~~~~~~~~~~~~~~~~~~~~~~~~~~~~~
/Users/jonahmicahinguito/dev/rotaract-connect/ios/Pods/Headers/Public/React-Fabric/react/renderer/mounting/ShadowViewMutation.h:76:3: note: add a deprecation attribute to the declaration to silence this warning
   76 |   static ShadowViewMutation
      |   ^
      |   FMT_DEPRECATED 
3 warnings generated.

/Users/jonahmicahinguito/dev/rotaract-connect/ios/Pods/Headers/Public/React-Fabric/react/renderer/mounting/ShadowViewMutation.h:46:7: Declaration is marked with '@deprecated' command but does not have a deprecation attribute

/Users/jonahmicahinguito/dev/rotaract-connect/ios/Pods/Headers/Public/React-Fabric/react/renderer/mounting/ShadowViewMutation.h:60:7: Declaration is marked with '@deprecated' command but does not have a deprecation attribute

/Users/jonahmicahinguito/dev/rotaract-connect/ios/Pods/Headers/Public/React-Fabric/react/renderer/mounting/ShadowViewMutation.h:74:7: Declaration is marked with '@deprecated' command but does not have a deprecation attribute

CompileC /Users/jonahmicahinguito/Library/Developer/Xcode/DerivedData/rotaractconnect-cjwcbdlngckcsaantafkjnfzfbdk/Build/Intermediates.noindex/Pods.build/Debug-iphoneos/RNScreens.build/Objects-normal/arm64/RNSScreenStack.o /Users/jonahmicahinguito/dev/rotaract-connect/node_modules/react-native-screens/ios/RNSScreenStack.mm normal arm64 objective-c++ com.apple.compilers.llvm.clang.1_0.compiler (in target 'RNScreens' from project 'Pods')
    cd /Users/jonahmicahinguito/dev/rotaract-connect/ios/Pods
    
    Using response file: /Users/jonahmicahinguito/Library/Developer/Xcode/DerivedData/rotaractconnect-cjwcbdlngckcsaantafkjnfzfbdk/Build/Intermediates.noindex/Pods.build/Debug-iphoneos/RNScreens.build/Objects-normal/arm64/af3fcb34312c57c0f52879cdce924b91-common-args.resp
    
    /Applications/Xcode.app/Contents/Developer/Toolchains/XcodeDefault.xctoolchain/usr/bin/clang -x objective-c++ -ivfsstatcache /Users/jonahmicahinguito/Library/Developer/Xcode/DerivedData/SDKStatCaches.noindex/iphoneos26.5-23F81a-32daed1954a7d5dd0789fcaf2a9bb78b.sdkstatcache -target arm64-apple-ios15.1 -fmessage-length\=0 -fdiagnostics-show-note-include-stack -fmacro-backtrace-limit\=0 -fno-color-diagnostics -fmodules-prune-interval\=86400 -fmodules-prune-after\=345600 -fbuild-session-file\=/Users/jonahmicahinguito/Library/Developer/Xcode/DerivedData/ModuleCache.noindex/Session.modulevalidation -fmodules-validate-once-per-build-session -Wnon-modular-include-in-framework-module -Werror\=non-modular-include-in-framework-module -Wno-trigraphs -Wno-missing-field-initializers -Wno-missing-prototypes -Werror\=return-type -Wdocumentation -Wunreachable-code -Wno-implicit-atomic-properties -Werror\=deprecated-objc-isa-usage -Wno-objc-interface-ivars -Werror\=objc-root-class -Wno-arc-repeated-use-of-weak -Wimplicit-retain-self -Wno-non-virtual-dtor -Wno-overloaded-virtual -Wno-exit-time-destructors -Wduplicate-method-match -Wno-missing-braces -Wparentheses -Wswitch -Wunused-function -Wno-unused-label -Wno-unused-parameter -Wunused-variable -Wunused-value -Wempty-body -Wuninitialized -Wconditional-uninitialized -Wno-unknown-pragmas -Wno-shadow -Wno-four-char-constants -Wno-conversion -Wconstant-conversion -Wint-conversion -Wbool-conversion -Wenum-conversion -Wno-float-conversion -Wnon-literal-null-conversion -Wobjc-literal-conversion -Wshorten-64-to-32 -Wno-newline-eof -Wno-selector -Wno-strict-selector-match -Wundeclared-selector -Wdeprecated-implementations -Wno-c++11-extensions -Wno-implicit-fallthrough -isysroot /Applications/Xcode.app/Contents/Developer/Platforms/iPhoneOS.platform/Developer/SDKs/iPhoneOS26.5.sdk -fstrict-aliasing -Wprotocol -Wdeprecated-declarations -Winvalid-offsetof -Wno-sign-conversion -Winfinite-recursion -Wmove -Wcomma -Wblock-capture-autoreleasing -Wstrict-prototypes -Wrange-loop-analysis -Wno-semicolon-before-method-body -Wunguarded-availability -index-store-path /Users/jonahmicahinguito/Library/Developer/Xcode/DerivedData/rotaractconnect-cjwcbdlngckcsaantafkjnfzfbdk/Index.noindex/DataStore @/Users/jonahmicahinguito/Library/Developer/Xcode/DerivedData/rotaractconnect-cjwcbdlngckcsaantafkjnfzfbdk/Build/Intermediates.noindex/Pods.build/Debug-iphoneos/RNScreens.build/Objects-normal/arm64/af3fcb34312c57c0f52879cdce924b91-common-args.resp -DRCT_NEW_ARCH_ENABLED\=1 -include /Users/jonahmicahinguito/dev/rotaract-connect/ios/Pods/Target\ Support\ Files/RNScreens/RNScreens-prefix.pch -MMD -MT dependencies -MF /Users/jonahmicahinguito/Library/Developer/Xcode/DerivedData/rotaractconnect-cjwcbdlngckcsaantafkjnfzfbdk/Build/Intermediates.noindex/Pods.build/Debug-iphoneos/RNScreens.build/Objects-normal/arm64/RNSScreenStack.d --serialize-diagnostics /Users/jonahmicahinguito/Library/Developer/Xcode/DerivedData/rotaractconnect-cjwcbdlngckcsaantafkjnfzfbdk/Build/Intermediates.noindex/Pods.build/Debug-iphoneos/RNScreens.build/Objects-normal/arm64/RNSScreenStack.dia -c /Users/jonahmicahinguito/dev/rotaract-connect/node_modules/react-native-screens/ios/RNSScreenStack.mm -o /Users/jonahmicahinguito/Library/Developer/Xcode/DerivedData/rotaractconnect-cjwcbdlngckcsaantafkjnfzfbdk/Build/Intermediates.noindex/Pods.build/Debug-iphoneos/RNScreens.build/Objects-normal/arm64/RNSScreenStack.o -index-unit-output-path /Pods.build/Debug-iphoneos/RNScreens.build/Objects-normal/arm64/RNSScreenStack.o

In file included from /Users/jonahmicahinguito/dev/rotaract-connect/node_modules/react-native-screens/ios/RNSScreenStack.mm:5:
In file included from /Users/jonahmicahinguito/dev/rotaract-connect/ios/Pods/Headers/Public/React-RCTFabric/React/RCTMountingTransactionObserving.h:10:
In file included from /Users/jonahmicahinguito/dev/rotaract-connect/ios/Pods/Headers/Public/React-Fabric/react/renderer/mounting/MountingTransaction.h:10:
/Users/jonahmicahinguito/dev/rotaract-connect/ios/Pods/Headers/Public/React-Fabric/react/renderer/mounting/ShadowViewMutation.h:46:7: warning: declaration is marked with '@deprecated' command but does not have a deprecation attribute [-Wdocumentation-deprecated-sync]
   46 |    * @deprecated Pass parentTag instead of parentShadowView.
      |      ~^~~~~~~~~~~~~~~~~~~~~~~~~~~~~~~~~~~~~~~~~~~~~~~~~~~~~~
/Users/jonahmicahinguito/dev/rotaract-connect/ios/Pods/Headers/Public/React-Fabric/react/renderer/mounting/ShadowViewMutation.h:48:3: note: add a deprecation attribute to the declaration to silence this warning
   48 |   static ShadowViewMutation InsertMutation(const ShadowView &parentShadowView, ShadowView childShadowView, int index)
      |   ^
      |   FMT_DEPRECATED 
/Users/jonahmicahinguito/dev/rotaract-connect/ios/Pods/Headers/Public/React-Fabric/react/renderer/mounting/ShadowViewMutation.h:60:7: warning: declaration is marked with '@deprecated' command but does not have a deprecation attribute [-Wdocumentation-deprecated-sync]
   60 |    * @deprecated Pass parentTag instead of parentShadowView.
      |      ~^~~~~~~~~~~~~~~~~~~~~~~~~~~~~~~~~~~~~~~~~~~~~~~~~~~~~~
/Users/jonahmicahinguito/dev/rotaract-connect/ios/Pods/Headers/Public/React-Fabric/react/renderer/mounting/ShadowViewMutation.h:62:3: note: add a deprecation attribute to the declaration to silence this warning
   62 |   static ShadowViewMutation RemoveMutation(const ShadowView &parentShadowView, ShadowView childShadowView, int index)
      |   ^
      |   FMT_DEPRECATED 
/Users/jonahmicahinguito/dev/rotaract-connect/ios/Pods/Headers/Public/React-Fabric/react/renderer/mounting/ShadowViewMutation.h:74:7: warning: declaration is marked with '@deprecated' command but does not have a deprecation attribute [-Wdocumentation-deprecated-sync]
   74 |    * @deprecated Pass parentTag instead of parentShadowView.
      |      ~^~~~~~~~~~~~~~~~~~~~~~~~~~~~~~~~~~~~~~~~~~~~~~~~~~~~~~
/Users/jonahmicahinguito/dev/rotaract-connect/ios/Pods/Headers/Public/React-Fabric/react/renderer/mounting/ShadowViewMutation.h:76:3: note: add a deprecation attribute to the declaration to silence this warning
   76 |   static ShadowViewMutation
      |   ^
      |   FMT_DEPRECATED 
3 warnings generated.

/Users/jonahmicahinguito/dev/rotaract-connect/ios/Pods/Headers/Public/React-Fabric/react/renderer/mounting/ShadowViewMutation.h:46:7: Declaration is marked with '@deprecated' command but does not have a deprecation attribute

/Users/jonahmicahinguito/dev/rotaract-connect/ios/Pods/Headers/Public/React-Fabric/react/renderer/mounting/ShadowViewMutation.h:60:7: Declaration is marked with '@deprecated' command but does not have a deprecation attribute

/Users/jonahmicahinguito/dev/rotaract-connect/ios/Pods/Headers/Public/React-Fabric/react/renderer/mounting/ShadowViewMutation.h:74:7: Declaration is marked with '@deprecated' command but does not have a deprecation attribute

CompileC /Users/jonahmicahinguito/Library/Developer/Xcode/DerivedData/rotaractconnect-cjwcbdlngckcsaantafkjnfzfbdk/Build/Intermediates.noindex/Pods.build/Debug-iphoneos/RNScreens.build/Objects-normal/arm64/RNSScreenRemovalListener.o /Users/jonahmicahinguito/dev/rotaract-connect/node_modules/react-native-screens/cpp/RNSScreenRemovalListener.cpp normal arm64 c++ com.apple.compilers.llvm.clang.1_0.compiler (in target 'RNScreens' from project 'Pods')
    cd /Users/jonahmicahinguito/dev/rotaract-connect/ios/Pods
    
    Using response file: /Users/jonahmicahinguito/Library/Developer/Xcode/DerivedData/rotaractconnect-cjwcbdlngckcsaantafkjnfzfbdk/Build/Intermediates.noindex/Pods.build/Debug-iphoneos/RNScreens.build/Objects-normal/arm64/82b82416624d2658e5098eb0a28c15c5-common-args.resp
    
    /Applications/Xcode.app/Contents/Developer/Toolchains/XcodeDefault.xctoolchain/usr/bin/clang -x c++ -ivfsstatcache /Users/jonahmicahinguito/Library/Developer/Xcode/DerivedData/SDKStatCaches.noindex/iphoneos26.5-23F81a-32daed1954a7d5dd0789fcaf2a9bb78b.sdkstatcache -target arm64-apple-ios15.1 -fmessage-length\=0 -fdiagnostics-show-note-include-stack -fmacro-backtrace-limit\=0 -fno-color-diagnostics -fmodules-prune-interval\=86400 -fmodules-prune-after\=345600 -fbuild-session-file\=/Users/jonahmicahinguito/Library/Developer/Xcode/DerivedData/ModuleCache.noindex/Session.modulevalidation -fmodules-validate-once-per-build-session -Wnon-modular-include-in-framework-module -Werror\=non-modular-include-in-framework-module -Wno-trigraphs -Wno-missing-field-initializers -Wno-missing-prototypes -Werror\=return-type -Wdocumentation -Wunreachable-code -Werror\=deprecated-objc-isa-usage -Werror\=objc-root-class -Wno-non-virtual-dtor -Wno-overloaded-virtual -Wno-exit-time-destructors -Wno-missing-braces -Wparentheses -Wswitch -Wunused-function -Wno-unused-label -Wno-unused-parameter -Wunused-variable -Wunused-value -Wempty-body -Wuninitialized -Wconditional-uninitialized -Wno-unknown-pragmas -Wno-shadow -Wno-four-char-constants -Wno-conversion -Wconstant-conversion -Wint-conversion -Wbool-conversion -Wenum-conversion -Wno-float-conversion -Wnon-literal-null-conversion -Wobjc-literal-conversion -Wshorten-64-to-32 -Wno-newline-eof -Wno-c++11-extensions -Wno-implicit-fallthrough -isysroot /Applications/Xcode.app/Contents/Developer/Platforms/iPhoneOS.platform/Developer/SDKs/iPhoneOS26.5.sdk -fstrict-aliasing -Wdeprecated-declarations -Winvalid-offsetof -Wno-sign-conversion -Winfinite-recursion -Wmove -Wcomma -Wblock-capture-autoreleasing -Wstrict-prototypes -Wrange-loop-analysis -Wno-semicolon-before-method-body -Wunguarded-availability -index-store-path /Users/jonahmicahinguito/Library/Developer/Xcode/DerivedData/rotaractconnect-cjwcbdlngckcsaantafkjnfzfbdk/Index.noindex/DataStore @/Users/jonahmicahinguito/Library/Developer/Xcode/DerivedData/rotaractconnect-cjwcbdlngckcsaantafkjnfzfbdk/Build/Intermediates.noindex/Pods.build/Debug-iphoneos/RNScreens.build/Objects-normal/arm64/82b82416624d2658e5098eb0a28c15c5-common-args.resp -DRCT_NEW_ARCH_ENABLED\=1 -include /Users/jonahmicahinguito/dev/rotaract-connect/ios/Pods/Target\ Support\ Files/RNScreens/RNScreens-prefix.pch -MMD -MT dependencies -MF /Users/jonahmicahinguito/Library/Developer/Xcode/DerivedData/rotaractconnect-cjwcbdlngckcsaantafkjnfzfbdk/Build/Intermediates.noindex/Pods.build/Debug-iphoneos/RNScreens.build/Objects-normal/arm64/RNSScreenRemovalListener.d --serialize-diagnostics /Users/jonahmicahinguito/Library/Developer/Xcode/DerivedData/rotaractconnect-cjwcbdlngckcsaantafkjnfzfbdk/Build/Intermediates.noindex/Pods.build/Debug-iphoneos/RNScreens.build/Objects-normal/arm64/RNSScreenRemovalListener.dia -c /Users/jonahmicahinguito/dev/rotaract-connect/node_modules/react-native-screens/cpp/RNSScreenRemovalListener.cpp -o /Users/jonahmicahinguito/Library/Developer/Xcode/DerivedData/rotaractconnect-cjwcbdlngckcsaantafkjnfzfbdk/Build/Intermediates.noindex/Pods.build/Debug-iphoneos/RNScreens.build/Objects-normal/arm64/RNSScreenRemovalListener.o -index-unit-output-path /Pods.build/Debug-iphoneos/RNScreens.build/Objects-normal/arm64/RNSScreenRemovalListener.o

In file included from /Users/jonahmicahinguito/dev/rotaract-connect/node_modules/react-native-screens/cpp/RNSScreenRemovalListener.cpp:1:
In file included from /Users/jonahmicahinguito/dev/rotaract-connect/node_modules/react-native-screens/cpp/RNSScreenRemovalListener.h:4:
In file included from /Users/jonahmicahinguito/dev/rotaract-connect/ios/Pods/Headers/Public/React-Fabric/react/renderer/mounting/MountingOverrideDelegate.h:8:
In file included from /Users/jonahmicahinguito/dev/rotaract-connect/ios/Pods/Headers/Public/React-Fabric/react/renderer/mounting/MountingTransaction.h:10:
/Users/jonahmicahinguito/dev/rotaract-connect/ios/Pods/Headers/Public/React-Fabric/react/renderer/mounting/ShadowViewMutation.h:46:7: warning: declaration is marked with '@deprecated' command but does not have a deprecation attribute [-Wdocumentation-deprecated-sync]
   46 |    * @deprecated Pass parentTag instead of parentShadowView.
      |      ~^~~~~~~~~~~~~~~~~~~~~~~~~~~~~~~~~~~~~~~~~~~~~~~~~~~~~~
/Users/jonahmicahinguito/dev/rotaract-connect/ios/Pods/Headers/Public/React-Fabric/react/renderer/mounting/ShadowViewMutation.h:48:3: note: add a deprecation attribute to the declaration to silence this warning
   48 |   static ShadowViewMutation InsertMutation(const ShadowView &parentShadowView, ShadowView childShadowView, int index)
      |   ^
      |   FMT_DEPRECATED 
/Users/jonahmicahinguito/dev/rotaract-connect/ios/Pods/Headers/Public/React-Fabric/react/renderer/mounting/ShadowViewMutation.h:60:7: warning: declaration is marked with '@deprecated' command but does not have a deprecation attribute [-Wdocumentation-deprecated-sync]
   60 |    * @deprecated Pass parentTag instead of parentShadowView.
      |      ~^~~~~~~~~~~~~~~~~~~~~~~~~~~~~~~~~~~~~~~~~~~~~~~~~~~~~~
/Users/jonahmicahinguito/dev/rotaract-connect/ios/Pods/Headers/Public/React-Fabric/react/renderer/mounting/ShadowViewMutation.h:62:3: note: add a deprecation attribute to the declaration to silence this warning
   62 |   static ShadowViewMutation RemoveMutation(const ShadowView &parentShadowView, ShadowView childShadowView, int index)
      |   ^
      |   FMT_DEPRECATED 
/Users/jonahmicahinguito/dev/rotaract-connect/ios/Pods/Headers/Public/React-Fabric/react/renderer/mounting/ShadowViewMutation.h:74:7: warning: declaration is marked with '@deprecated' command but does not have a deprecation attribute [-Wdocumentation-deprecated-sync]
   74 |    * @deprecated Pass parentTag instead of parentShadowView.
      |      ~^~~~~~~~~~~~~~~~~~~~~~~~~~~~~~~~~~~~~~~~~~~~~~~~~~~~~~
/Users/jonahmicahinguito/dev/rotaract-connect/ios/Pods/Headers/Public/React-Fabric/react/renderer/mounting/ShadowViewMutation.h:76:3: note: add a deprecation attribute to the declaration to silence this warning
   76 |   static ShadowViewMutation
      |   ^
      |   FMT_DEPRECATED 
3 warnings generated.

/Users/jonahmicahinguito/dev/rotaract-connect/ios/Pods/Headers/Public/React-Fabric/react/renderer/mounting/ShadowViewMutation.h:46:7: Declaration is marked with '@deprecated' command but does not have a deprecation attribute

/Users/jonahmicahinguito/dev/rotaract-connect/ios/Pods/Headers/Public/React-Fabric/react/renderer/mounting/ShadowViewMutation.h:60:7: Declaration is marked with '@deprecated' command but does not have a deprecation attribute

/Users/jonahmicahinguito/dev/rotaract-connect/ios/Pods/Headers/Public/React-Fabric/react/renderer/mounting/ShadowViewMutation.h:74:7: Declaration is marked with '@deprecated' command but does not have a deprecation attribute

CompileC /Users/jonahmicahinguito/Library/Developer/Xcode/DerivedData/rotaractconnect-cjwcbdlngckcsaantafkjnfzfbdk/Build/Intermediates.noindex/Pods.build/Debug-iphoneos/RNScreens.build/Objects-normal/arm64/RNSScreenContentWrapper.o /Users/jonahmicahinguito/dev/rotaract-connect/node_modules/react-native-screens/ios/RNSScreenContentWrapper.mm normal arm64 objective-c++ com.apple.compilers.llvm.clang.1_0.compiler (in target 'RNScreens' from project 'Pods')
    cd /Users/jonahmicahinguito/dev/rotaract-connect/ios/Pods
    
    Using response file: /Users/jonahmicahinguito/Library/Developer/Xcode/DerivedData/rotaractconnect-cjwcbdlngckcsaantafkjnfzfbdk/Build/Intermediates.noindex/Pods.build/Debug-iphoneos/RNScreens.build/Objects-normal/arm64/af3fcb34312c57c0f52879cdce924b91-common-args.resp
    
    /Applications/Xcode.app/Contents/Developer/Toolchains/XcodeDefault.xctoolchain/usr/bin/clang -x objective-c++ -ivfsstatcache /Users/jonahmicahinguito/Library/Developer/Xcode/DerivedData/SDKStatCaches.noindex/iphoneos26.5-23F81a-32daed1954a7d5dd0789fcaf2a9bb78b.sdkstatcache -target arm64-apple-ios15.1 -fmessage-length\=0 -fdiagnostics-show-note-include-stack -fmacro-backtrace-limit\=0 -fno-color-diagnostics -fmodules-prune-interval\=86400 -fmodules-prune-after\=345600 -fbuild-session-file\=/Users/jonahmicahinguito/Library/Developer/Xcode/DerivedData/ModuleCache.noindex/Session.modulevalidation -fmodules-validate-once-per-build-session -Wnon-modular-include-in-framework-module -Werror\=non-modular-include-in-framework-module -Wno-trigraphs -Wno-missing-field-initializers -Wno-missing-prototypes -Werror\=return-type -Wdocumentation -Wunreachable-code -Wno-implicit-atomic-properties -Werror\=deprecated-objc-isa-usage -Wno-objc-interface-ivars -Werror\=objc-root-class -Wno-arc-repeated-use-of-weak -Wimplicit-retain-self -Wno-non-virtual-dtor -Wno-overloaded-virtual -Wno-exit-time-destructors -Wduplicate-method-match -Wno-missing-braces -Wparentheses -Wswitch -Wunused-function -Wno-unused-label -Wno-unused-parameter -Wunused-variable -Wunused-value -Wempty-body -Wuninitialized -Wconditional-uninitialized -Wno-unknown-pragmas -Wno-shadow -Wno-four-char-constants -Wno-conversion -Wconstant-conversion -Wint-conversion -Wbool-conversion -Wenum-conversion -Wno-float-conversion -Wnon-literal-null-conversion -Wobjc-literal-conversion -Wshorten-64-to-32 -Wno-newline-eof -Wno-selector -Wno-strict-selector-match -Wundeclared-selector -Wdeprecated-implementations -Wno-c++11-extensions -Wno-implicit-fallthrough -isysroot /Applications/Xcode.app/Contents/Developer/Platforms/iPhoneOS.platform/Developer/SDKs/iPhoneOS26.5.sdk -fstrict-aliasing -Wprotocol -Wdeprecated-declarations -Winvalid-offsetof -Wno-sign-conversion -Winfinite-recursion -Wmove -Wcomma -Wblock-capture-autoreleasing -Wstrict-prototypes -Wrange-loop-analysis -Wno-semicolon-before-method-body -Wunguarded-availability -index-store-path /Users/jonahmicahinguito/Library/Developer/Xcode/DerivedData/rotaractconnect-cjwcbdlngckcsaantafkjnfzfbdk/Index.noindex/DataStore @/Users/jonahmicahinguito/Library/Developer/Xcode/DerivedData/rotaractconnect-cjwcbdlngckcsaantafkjnfzfbdk/Build/Intermediates.noindex/Pods.build/Debug-iphoneos/RNScreens.build/Objects-normal/arm64/af3fcb34312c57c0f52879cdce924b91-common-args.resp -DRCT_NEW_ARCH_ENABLED\=1 -include /Users/jonahmicahinguito/dev/rotaract-connect/ios/Pods/Target\ Support\ Files/RNScreens/RNScreens-prefix.pch -MMD -MT dependencies -MF /Users/jonahmicahinguito/Library/Developer/Xcode/DerivedData/rotaractconnect-cjwcbdlngckcsaantafkjnfzfbdk/Build/Intermediates.noindex/Pods.build/Debug-iphoneos/RNScreens.build/Objects-normal/arm64/RNSScreenContentWrapper.d --serialize-diagnostics /Users/jonahmicahinguito/Library/Developer/Xcode/DerivedData/rotaractconnect-cjwcbdlngckcsaantafkjnfzfbdk/Build/Intermediates.noindex/Pods.build/Debug-iphoneos/RNScreens.build/Objects-normal/arm64/RNSScreenContentWrapper.dia -c /Users/jonahmicahinguito/dev/rotaract-connect/node_modules/react-native-screens/ios/RNSScreenContentWrapper.mm -o /Users/jonahmicahinguito/Library/Developer/Xcode/DerivedData/rotaractconnect-cjwcbdlngckcsaantafkjnfzfbdk/Build/Intermediates.noindex/Pods.build/Debug-iphoneos/RNScreens.build/Objects-normal/arm64/RNSScreenContentWrapper.o -index-unit-output-path /Pods.build/Debug-iphoneos/RNScreens.build/Objects-normal/arm64/RNSScreenContentWrapper.o

In file included from /Users/jonahmicahinguito/dev/rotaract-connect/node_modules/react-native-screens/ios/RNSScreenContentWrapper.mm:4:
In file included from /Users/jonahmicahinguito/dev/rotaract-connect/ios/Pods/Headers/Public/React-RCTFabric/React/RCTScrollViewComponentView.h:12:
In file included from /Users/jonahmicahinguito/dev/rotaract-connect/ios/Pods/Headers/Public/React-RCTFabric/React/RCTMountingTransactionObserving.h:10:
In file included from /Users/jonahmicahinguito/dev/rotaract-connect/ios/Pods/Headers/Public/React-Fabric/react/renderer/mounting/MountingTransaction.h:10:
/Users/jonahmicahinguito/dev/rotaract-connect/ios/Pods/Headers/Public/React-Fabric/react/renderer/mounting/ShadowViewMutation.h:46:7: warning: declaration is marked with '@deprecated' command but does not have a deprecation attribute [-Wdocumentation-deprecated-sync]
   46 |    * @deprecated Pass parentTag instead of parentShadowView.
      |      ~^~~~~~~~~~~~~~~~~~~~~~~~~~~~~~~~~~~~~~~~~~~~~~~~~~~~~~
/Users/jonahmicahinguito/dev/rotaract-connect/ios/Pods/Headers/Public/React-Fabric/react/renderer/mounting/ShadowViewMutation.h:48:3: note: add a deprecation attribute to the declaration to silence this warning
   48 |   static ShadowViewMutation InsertMutation(const ShadowView &parentShadowView, ShadowView childShadowView, int index)
      |   ^
      |   FMT_DEPRECATED 
/Users/jonahmicahinguito/dev/rotaract-connect/ios/Pods/Headers/Public/React-Fabric/react/renderer/mounting/ShadowViewMutation.h:60:7: warning: declaration is marked with '@deprecated' command but does not have a deprecation attribute [-Wdocumentation-deprecated-sync]
   60 |    * @deprecated Pass parentTag instead of parentShadowView.
      |      ~^~~~~~~~~~~~~~~~~~~~~~~~~~~~~~~~~~~~~~~~~~~~~~~~~~~~~~
/Users/jonahmicahinguito/dev/rotaract-connect/ios/Pods/Headers/Public/React-Fabric/react/renderer/mounting/ShadowViewMutation.h:62:3: note: add a deprecation attribute to the declaration to silence this warning
   62 |   static ShadowViewMutation RemoveMutation(const ShadowView &parentShadowView, ShadowView childShadowView, int index)
      |   ^
      |   FMT_DEPRECATED 
/Users/jonahmicahinguito/dev/rotaract-connect/ios/Pods/Headers/Public/React-Fabric/react/renderer/mounting/ShadowViewMutation.h:74:7: warning: declaration is marked with '@deprecated' command but does not have a deprecation attribute [-Wdocumentation-deprecated-sync]
   74 |    * @deprecated Pass parentTag instead of parentShadowView.
      |      ~^~~~~~~~~~~~~~~~~~~~~~~~~~~~~~~~~~~~~~~~~~~~~~~~~~~~~~
/Users/jonahmicahinguito/dev/rotaract-connect/ios/Pods/Headers/Public/React-Fabric/react/renderer/mounting/ShadowViewMutation.h:76:3: note: add a deprecation attribute to the declaration to silence this warning
   76 |   static ShadowViewMutation
      |   ^
      |   FMT_DEPRECATED 
3 warnings generated.

/Users/jonahmicahinguito/dev/rotaract-connect/ios/Pods/Headers/Public/React-Fabric/react/renderer/mounting/ShadowViewMutation.h:46:7: Declaration is marked with '@deprecated' command but does not have a deprecation attribute

/Users/jonahmicahinguito/dev/rotaract-connect/ios/Pods/Headers/Public/React-Fabric/react/renderer/mounting/ShadowViewMutation.h:60:7: Declaration is marked with '@deprecated' command but does not have a deprecation attribute

/Users/jonahmicahinguito/dev/rotaract-connect/ios/Pods/Headers/Public/React-Fabric/react/renderer/mounting/ShadowViewMutation.h:74:7: Declaration is marked with '@deprecated' command but does not have a deprecation attribute

CompileC /Users/jonahmicahinguito/Library/Developer/Xcode/DerivedData/rotaractconnect-cjwcbdlngckcsaantafkjnfzfbdk/Build/Intermediates.noindex/Pods.build/Debug-iphoneos/RNScreens.build/Objects-normal/arm64/RNSScreen.o /Users/jonahmicahinguito/dev/rotaract-connect/node_modules/react-native-screens/ios/RNSScreen.mm normal arm64 objective-c++ com.apple.compilers.llvm.clang.1_0.compiler (in target 'RNScreens' from project 'Pods')
    cd /Users/jonahmicahinguito/dev/rotaract-connect/ios/Pods
    
    Using response file: /Users/jonahmicahinguito/Library/Developer/Xcode/DerivedData/rotaractconnect-cjwcbdlngckcsaantafkjnfzfbdk/Build/Intermediates.noindex/Pods.build/Debug-iphoneos/RNScreens.build/Objects-normal/arm64/af3fcb34312c57c0f52879cdce924b91-common-args.resp
    
    /Applications/Xcode.app/Contents/Developer/Toolchains/XcodeDefault.xctoolchain/usr/bin/clang -x objective-c++ -ivfsstatcache /Users/jonahmicahinguito/Library/Developer/Xcode/DerivedData/SDKStatCaches.noindex/iphoneos26.5-23F81a-32daed1954a7d5dd0789fcaf2a9bb78b.sdkstatcache -target arm64-apple-ios15.1 -fmessage-length\=0 -fdiagnostics-show-note-include-stack -fmacro-backtrace-limit\=0 -fno-color-diagnostics -fmodules-prune-interval\=86400 -fmodules-prune-after\=345600 -fbuild-session-file\=/Users/jonahmicahinguito/Library/Developer/Xcode/DerivedData/ModuleCache.noindex/Session.modulevalidation -fmodules-validate-once-per-build-session -Wnon-modular-include-in-framework-module -Werror\=non-modular-include-in-framework-module -Wno-trigraphs -Wno-missing-field-initializers -Wno-missing-prototypes -Werror\=return-type -Wdocumentation -Wunreachable-code -Wno-implicit-atomic-properties -Werror\=deprecated-objc-isa-usage -Wno-objc-interface-ivars -Werror\=objc-root-class -Wno-arc-repeated-use-of-weak -Wimplicit-retain-self -Wno-non-virtual-dtor -Wno-overloaded-virtual -Wno-exit-time-destructors -Wduplicate-method-match -Wno-missing-braces -Wparentheses -Wswitch -Wunused-function -Wno-unused-label -Wno-unused-parameter -Wunused-variable -Wunused-value -Wempty-body -Wuninitialized -Wconditional-uninitialized -Wno-unknown-pragmas -Wno-shadow -Wno-four-char-constants -Wno-conversion -Wconstant-conversion -Wint-conversion -Wbool-conversion -Wenum-conversion -Wno-float-conversion -Wnon-literal-null-conversion -Wobjc-literal-conversion -Wshorten-64-to-32 -Wno-newline-eof -Wno-selector -Wno-strict-selector-match -Wundeclared-selector -Wdeprecated-implementations -Wno-c++11-extensions -Wno-implicit-fallthrough -isysroot /Applications/Xcode.app/Contents/Developer/Platforms/iPhoneOS.platform/Developer/SDKs/iPhoneOS26.5.sdk -fstrict-aliasing -Wprotocol -Wdeprecated-declarations -Winvalid-offsetof -Wno-sign-conversion -Winfinite-recursion -Wmove -Wcomma -Wblock-capture-autoreleasing -Wstrict-prototypes -Wrange-loop-analysis -Wno-semicolon-before-method-body -Wunguarded-availability -index-store-path /Users/jonahmicahinguito/Library/Developer/Xcode/DerivedData/rotaractconnect-cjwcbdlngckcsaantafkjnfzfbdk/Index.noindex/DataStore @/Users/jonahmicahinguito/Library/Developer/Xcode/DerivedData/rotaractconnect-cjwcbdlngckcsaantafkjnfzfbdk/Build/Intermediates.noindex/Pods.build/Debug-iphoneos/RNScreens.build/Objects-normal/arm64/af3fcb34312c57c0f52879cdce924b91-common-args.resp -DRCT_NEW_ARCH_ENABLED\=1 -include /Users/jonahmicahinguito/dev/rotaract-connect/ios/Pods/Target\ Support\ Files/RNScreens/RNScreens-prefix.pch -MMD -MT dependencies -MF /Users/jonahmicahinguito/Library/Developer/Xcode/DerivedData/rotaractconnect-cjwcbdlngckcsaantafkjnfzfbdk/Build/Intermediates.noindex/Pods.build/Debug-iphoneos/RNScreens.build/Objects-normal/arm64/RNSScreen.d --serialize-diagnostics /Users/jonahmicahinguito/Library/Developer/Xcode/DerivedData/rotaractconnect-cjwcbdlngckcsaantafkjnfzfbdk/Build/Intermediates.noindex/Pods.build/Debug-iphoneos/RNScreens.build/Objects-normal/arm64/RNSScreen.dia -c /Users/jonahmicahinguito/dev/rotaract-connect/node_modules/react-native-screens/ios/RNSScreen.mm -o /Users/jonahmicahinguito/Library/Developer/Xcode/DerivedData/rotaractconnect-cjwcbdlngckcsaantafkjnfzfbdk/Build/Intermediates.noindex/Pods.build/Debug-iphoneos/RNScreens.build/Objects-normal/arm64/RNSScreen.o -index-unit-output-path /Pods.build/Debug-iphoneos/RNScreens.build/Objects-normal/arm64/RNSScreen.o

In file included from /Users/jonahmicahinguito/dev/rotaract-connect/node_modules/react-native-screens/ios/RNSScreen.mm:12:
In file included from /Users/jonahmicahinguito/dev/rotaract-connect/ios/Pods/Headers/Public/React-RCTFabric/React/RCTScrollViewComponentView.h:12:
In file included from /Users/jonahmicahinguito/dev/rotaract-connect/ios/Pods/Headers/Public/React-RCTFabric/React/RCTMountingTransactionObserving.h:10:
In file included from /Users/jonahmicahinguito/dev/rotaract-connect/ios/Pods/Headers/Public/React-Fabric/react/renderer/mounting/MountingTransaction.h:10:
/Users/jonahmicahinguito/dev/rotaract-connect/ios/Pods/Headers/Public/React-Fabric/react/renderer/mounting/ShadowViewMutation.h:46:7: warning: declaration is marked with '@deprecated' command but does not have a deprecation attribute [-Wdocumentation-deprecated-sync]
   46 |    * @deprecated Pass parentTag instead of parentShadowView.
      |      ~^~~~~~~~~~~~~~~~~~~~~~~~~~~~~~~~~~~~~~~~~~~~~~~~~~~~~~
/Users/jonahmicahinguito/dev/rotaract-connect/ios/Pods/Headers/Public/React-Fabric/react/renderer/mounting/ShadowViewMutation.h:48:3: note: add a deprecation attribute to the declaration to silence this warning
   48 |   static ShadowViewMutation InsertMutation(const ShadowView &parentShadowView, ShadowView childShadowView, int index)
      |   ^
      |   FMT_DEPRECATED 
/Users/jonahmicahinguito/dev/rotaract-connect/ios/Pods/Headers/Public/React-Fabric/react/renderer/mounting/ShadowViewMutation.h:60:7: warning: declaration is marked with '@deprecated' command but does not have a deprecation attribute [-Wdocumentation-deprecated-sync]
   60 |    * @deprecated Pass parentTag instead of parentShadowView.
      |      ~^~~~~~~~~~~~~~~~~~~~~~~~~~~~~~~~~~~~~~~~~~~~~~~~~~~~~~
/Users/jonahmicahinguito/dev/rotaract-connect/ios/Pods/Headers/Public/React-Fabric/react/renderer/mounting/ShadowViewMutation.h:62:3: note: add a deprecation attribute to the declaration to silence this warning
   62 |   static ShadowViewMutation RemoveMutation(const ShadowView &parentShadowView, ShadowView childShadowView, int index)
      |   ^
      |   FMT_DEPRECATED 
/Users/jonahmicahinguito/dev/rotaract-connect/ios/Pods/Headers/Public/React-Fabric/react/renderer/mounting/ShadowViewMutation.h:74:7: warning: declaration is marked with '@deprecated' command but does not have a deprecation attribute [-Wdocumentation-deprecated-sync]
   74 |    * @deprecated Pass parentTag instead of parentShadowView.
      |      ~^~~~~~~~~~~~~~~~~~~~~~~~~~~~~~~~~~~~~~~~~~~~~~~~~~~~~~
/Users/jonahmicahinguito/dev/rotaract-connect/ios/Pods/Headers/Public/React-Fabric/react/renderer/mounting/ShadowViewMutation.h:76:3: note: add a deprecation attribute to the declaration to silence this warning
   76 |   static ShadowViewMutation
      |   ^
      |   FMT_DEPRECATED 
/Users/jonahmicahinguito/dev/rotaract-connect/node_modules/react-native-screens/ios/RNSScreen.mm:1585:69: warning: 'statusBarFrame' is deprecated: first deprecated in iOS 13.0 - Use the statusBarManager property of the window scene instead. [-Wdeprecated-declarations]
 1585 |   CGSize fallbackStatusBarSize = [[UIApplication sharedApplication] statusBarFrame].size;
      |                                                                     ^
In file included from <built-in>:1:
In file included from /Users/jonahmicahinguito/dev/rotaract-connect/ios/Pods/Target Support Files/RNScreens/RNScreens-prefix.pch:2:
In file included from /Applications/Xcode.app/Contents/Developer/Platforms/iPhoneOS.platform/Developer/SDKs/iPhoneOS26.5.sdk/System/Library/Frameworks/UIKit.framework/Headers/UIKit.h:9:
In file included from /Applications/Xcode.app/Contents/Developer/Platforms/iPhoneOS.platform/Developer/SDKs/iPhoneOS26.5.sdk/System/Library/Frameworks/UIKit.framework/Headers/UIKitCore.h:34:
In file included from /Applications/Xcode.app/Contents/Developer/Platforms/iPhoneOS.platform/Developer/SDKs/iPhoneOS26.5.sdk/System/Library/Frameworks/UIKit.framework/Headers/UIAccessibility.h:20:
In file included from /Applications/Xcode.app/Contents/Developer/Platforms/iPhoneOS.platform/Developer/SDKs/iPhoneOS26.5.sdk/System/Library/Frameworks/UIKit.framework/Headers/UIAccessibilityElement.h:12:
In file included from /Applications/Xcode.app/Contents/Developer/Platforms/iPhoneOS.platform/Developer/SDKs/iPhoneOS26.5.sdk/System/Library/Frameworks/UIKit.framework/Headers/UIAccessibilityIdentification.h:13:
In file included from /Applications/Xcode.app/Contents/Developer/Platforms/iPhoneOS.platform/Developer/SDKs/iPhoneOS26.5.sdk/System/Library/Frameworks/UIKit.framework/Headers/UIAlertController.h:9:
In file included from /Applications/Xcode.app/Contents/Developer/Platforms/iPhoneOS.platform/Developer/SDKs/iPhoneOS26.5.sdk/System/Library/Frameworks/UIKit.framework/Headers/UIViewController.h:12:
/Applications/Xcode.app/Contents/Developer/Platforms/iPhoneOS.platform/Developer/SDKs/iPhoneOS26.5.sdk/System/Library/Frameworks/UIKit.framework/Headers/UIApplication.h:131:38: note: property 'statusBarFrame' is declared deprecated here
  131 | @property(nonatomic,readonly) CGRect statusBarFrame API_DEPRECATED("Use the statusBarManager property of the window scene instead.", ios(2.0, 13.0)) API_UNAVAILABLE(tvos) API_UNAVAILABLE(visionos, watchos); // returns CGRectZero if the status bar is hidden
      |                                      ^
/Applications/Xcode.app/Contents/Developer/Platforms/iPhoneOS.platform/Developer/SDKs/iPhoneOS26.5.sdk/System/Library/Frameworks/UIKit.framework/Headers/UIApplication.h:131:38: note: 'statusBarFrame' has been explicitly marked deprecated here
4 warnings generated.

/Users/jonahmicahinguito/dev/rotaract-connect/ios/Pods/Headers/Public/React-Fabric/react/renderer/mounting/ShadowViewMutation.h:46:7: Declaration is marked with '@deprecated' command but does not have a deprecation attribute

/Users/jonahmicahinguito/dev/rotaract-connect/ios/Pods/Headers/Public/React-Fabric/react/renderer/mounting/ShadowViewMutation.h:60:7: Declaration is marked with '@deprecated' command but does not have a deprecation attribute

/Users/jonahmicahinguito/dev/rotaract-connect/ios/Pods/Headers/Public/React-Fabric/react/renderer/mounting/ShadowViewMutation.h:74:7: Declaration is marked with '@deprecated' command but does not have a deprecation attribute

/Users/jonahmicahinguito/dev/rotaract-connect/node_modules/react-native-screens/ios/RNSScreen.mm:1585:69: 'statusBarFrame' is deprecated: first deprecated in iOS 13.0 - Use the statusBarManager property of the window scene instead.

CompileC /Users/jonahmicahinguito/Library/Developer/Xcode/DerivedData/rotaractconnect-cjwcbdlngckcsaantafkjnfzfbdk/Build/Intermediates.noindex/Pods.build/Debug-iphoneos/RNScreens.build/Objects-normal/arm64/RNSConversions-Tabs.o /Users/jonahmicahinguito/dev/rotaract-connect/node_modules/react-native-screens/ios/conversion/RNSConversions-Tabs.mm normal arm64 objective-c++ com.apple.compilers.llvm.clang.1_0.compiler (in target 'RNScreens' from project 'Pods')
    cd /Users/jonahmicahinguito/dev/rotaract-connect/ios/Pods
    
    Using response file: /Users/jonahmicahinguito/Library/Developer/Xcode/DerivedData/rotaractconnect-cjwcbdlngckcsaantafkjnfzfbdk/Build/Intermediates.noindex/Pods.build/Debug-iphoneos/RNScreens.build/Objects-normal/arm64/af3fcb34312c57c0f52879cdce924b91-common-args.resp
    
    /Applications/Xcode.app/Contents/Developer/Toolchains/XcodeDefault.xctoolchain/usr/bin/clang -x objective-c++ -ivfsstatcache /Users/jonahmicahinguito/Library/Developer/Xcode/DerivedData/SDKStatCaches.noindex/iphoneos26.5-23F81a-32daed1954a7d5dd0789fcaf2a9bb78b.sdkstatcache -target arm64-apple-ios15.1 -fmessage-length\=0 -fdiagnostics-show-note-include-stack -fmacro-backtrace-limit\=0 -fno-color-diagnostics -fmodules-prune-interval\=86400 -fmodules-prune-after\=345600 -fbuild-session-file\=/Users/jonahmicahinguito/Library/Developer/Xcode/DerivedData/ModuleCache.noindex/Session.modulevalidation -fmodules-validate-once-per-build-session -Wnon-modular-include-in-framework-module -Werror\=non-modular-include-in-framework-module -Wno-trigraphs -Wno-missing-field-initializers -Wno-missing-prototypes -Werror\=return-type -Wdocumentation -Wunreachable-code -Wno-implicit-atomic-properties -Werror\=deprecated-objc-isa-usage -Wno-objc-interface-ivars -Werror\=objc-root-class -Wno-arc-repeated-use-of-weak -Wimplicit-retain-self -Wno-non-virtual-dtor -Wno-overloaded-virtual -Wno-exit-time-destructors -Wduplicate-method-match -Wno-missing-braces -Wparentheses -Wswitch -Wunused-function -Wno-unused-label -Wno-unused-parameter -Wunused-variable -Wunused-value -Wempty-body -Wuninitialized -Wconditional-uninitialized -Wno-unknown-pragmas -Wno-shadow -Wno-four-char-constants -Wno-conversion -Wconstant-conversion -Wint-conversion -Wbool-conversion -Wenum-conversion -Wno-float-conversion -Wnon-literal-null-conversion -Wobjc-literal-conversion -Wshorten-64-to-32 -Wno-newline-eof -Wno-selector -Wno-strict-selector-match -Wundeclared-selector -Wdeprecated-implementations -Wno-c++11-extensions -Wno-implicit-fallthrough -isysroot /Applications/Xcode.app/Contents/Developer/Platforms/iPhoneOS.platform/Developer/SDKs/iPhoneOS26.5.sdk -fstrict-aliasing -Wprotocol -Wdeprecated-declarations -Winvalid-offsetof -Wno-sign-conversion -Winfinite-recursion -Wmove -Wcomma -Wblock-capture-autoreleasing -Wstrict-prototypes -Wrange-loop-analysis -Wno-semicolon-before-method-body -Wunguarded-availability -index-store-path /Users/jonahmicahinguito/Library/Developer/Xcode/DerivedData/rotaractconnect-cjwcbdlngckcsaantafkjnfzfbdk/Index.noindex/DataStore @/Users/jonahmicahinguito/Library/Developer/Xcode/DerivedData/rotaractconnect-cjwcbdlngckcsaantafkjnfzfbdk/Build/Intermediates.noindex/Pods.build/Debug-iphoneos/RNScreens.build/Objects-normal/arm64/af3fcb34312c57c0f52879cdce924b91-common-args.resp -DRCT_NEW_ARCH_ENABLED\=1 -include /Users/jonahmicahinguito/dev/rotaract-connect/ios/Pods/Target\ Support\ Files/RNScreens/RNScreens-prefix.pch -MMD -MT dependencies -MF /Users/jonahmicahinguito/Library/Developer/Xcode/DerivedData/rotaractconnect-cjwcbdlngckcsaantafkjnfzfbdk/Build/Intermediates.noindex/Pods.build/Debug-iphoneos/RNScreens.build/Objects-normal/arm64/RNSConversions-Tabs.d --serialize-diagnostics /Users/jonahmicahinguito/Library/Developer/Xcode/DerivedData/rotaractconnect-cjwcbdlngckcsaantafkjnfzfbdk/Build/Intermediates.noindex/Pods.build/Debug-iphoneos/RNScreens.build/Objects-normal/arm64/RNSConversions-Tabs.dia -c /Users/jonahmicahinguito/dev/rotaract-connect/node_modules/react-native-screens/ios/conversion/RNSConversions-Tabs.mm -o /Users/jonahmicahinguito/Library/Developer/Xcode/DerivedData/rotaractconnect-cjwcbdlngckcsaantafkjnfzfbdk/Build/Intermediates.noindex/Pods.build/Debug-iphoneos/RNScreens.build/Objects-normal/arm64/RNSConversions-Tabs.o -index-unit-output-path /Pods.build/Debug-iphoneos/RNScreens.build/Objects-normal/arm64/RNSConversions-Tabs.o

/Users/jonahmicahinguito/dev/rotaract-connect/node_modules/react-native-screens/ios/conversion/RNSConversions-Tabs.mm:330:11: warning: enumeration value 'RNSTabsScreenSystemItemNone' not handled in switch [-Wswitch]
  330 |   switch (systemItem) {
      |           ^~~~~~~~~~
/Users/jonahmicahinguito/dev/rotaract-connect/node_modules/react-native-screens/ios/conversion/RNSConversions-Tabs.mm:330:11: note: add missing switch cases
  330 |   switch (systemItem) {
      |           ^
  331 |     case RNSTabsScreenSystemItemBookmarks:
/Users/jonahmicahinguito/dev/rotaract-connect/node_modules/react-native-screens/ios/conversion/RNSConversions-Tabs.mm:356:100: warning: enum values with underlying type 'NSInteger' should not be used as format arguments; add an explicit cast to 'long' instead [-Wformat]
  356 |   RCTAssert(true, @"Attempt to convert unknown tabs screen systemItem to UITabBarSystemItem [%d]", systemItem);
      |                                                                                              ~~    ^~~~~~~~~~
      |                                                                                              %ld   static_cast<long>( )
In file included from /Users/jonahmicahinguito/dev/rotaract-connect/node_modules/react-native-screens/ios/conversion/RNSConversions-Tabs.mm:2:
In file included from /Users/jonahmicahinguito/dev/rotaract-connect/ios/Pods/Headers/Public/React-ImageManager/react/renderer/imagemanager/RCTImagePrimitivesConversions.h:10:
In file included from /Users/jonahmicahinguito/dev/rotaract-connect/ios/Pods/Headers/Public/React-Core/React/RCTConvert.h:16:
In file included from /Users/jonahmicahinguito/dev/rotaract-connect/ios/Pods/Headers/Public/React-Core/React/RCTLog.h:10:
/Users/jonahmicahinguito/dev/rotaract-connect/ios/Pods/Headers/Public/React-Core/React/RCTAssert.h:26:66: note: expanded from macro 'RCTAssert'
   26 |       _RCTAssertFormat(#condition, __FILE__, __LINE__, __func__, __VA_ARGS__);                       \
      |                                                                  ^~~~~~~~~~~
/Users/jonahmicahinguito/dev/rotaract-connect/node_modules/react-native-screens/ios/conversion/RNSConversions-Tabs.mm:356:100: warning: enum values with underlying type 'NSInteger' should not be used as format arguments; add an explicit cast to 'long' instead [-Wformat]
  356 |   RCTAssert(true, @"Attempt to convert unknown tabs screen systemItem to UITabBarSystemItem [%d]", systemItem);
      |                                                                                              ~~    ^~~~~~~~~~
      |                                                                                              %ld   static_cast<long>( )
In file included from /Users/jonahmicahinguito/dev/rotaract-connect/node_modules/react-native-screens/ios/conversion/RNSConversions-Tabs.mm:2:
In file included from /Users/jonahmicahinguito/dev/rotaract-connect/ios/Pods/Headers/Public/React-ImageManager/react/renderer/imagemanager/RCTImagePrimitivesConversions.h:10:
In file included from /Users/jonahmicahinguito/dev/rotaract-connect/ios/Pods/Headers/Public/React-Core/React/RCTConvert.h:16:
In file included from /Users/jonahmicahinguito/dev/rotaract-connect/ios/Pods/Headers/Public/React-Core/React/RCTLog.h:10:
/Users/jonahmicahinguito/dev/rotaract-connect/ios/Pods/Headers/Public/React-Core/React/RCTAssert.h:31:70: note: expanded from macro 'RCTAssert'
   31 |                                                          description:__VA_ARGS__];                   \
      |                                                                      ^~~~~~~~~~~
3 warnings generated.

/Users/jonahmicahinguito/dev/rotaract-connect/node_modules/react-native-screens/ios/conversion/RNSConversions-Tabs.mm:330:11: Enumeration value 'RNSTabsScreenSystemItemNone' not handled in switch

/Users/jonahmicahinguito/dev/rotaract-connect/node_modules/react-native-screens/ios/conversion/RNSConversions-Tabs.mm:356:100: Enum values with underlying type 'NSInteger' should not be used as format arguments; add an explicit cast to 'long' instead

/Users/jonahmicahinguito/dev/rotaract-connect/node_modules/react-native-screens/ios/conversion/RNSConversions-Tabs.mm:356:100: Enum values with underlying type 'NSInteger' should not be used as format arguments; add an explicit cast to 'long' instead

Libtool /Users/jonahmicahinguito/Library/Developer/Xcode/DerivedData/rotaractconnect-cjwcbdlngckcsaantafkjnfzfbdk/Build/Products/Debug-iphoneos/RNScreens/libRNScreens.a normal (in target 'RNScreens' from project 'Pods')
    cd /Users/jonahmicahinguito/dev/rotaract-connect/ios/Pods
    /Applications/Xcode.app/Contents/Developer/Toolchains/XcodeDefault.xctoolchain/usr/bin/libtool -static -arch_only arm64 -D -syslibroot /Applications/Xcode.app/Contents/Developer/Platforms/iPhoneOS.platform/Developer/SDKs/iPhoneOS26.5.sdk -L/Users/jonahmicahinguito/Library/Developer/Xcode/DerivedData/rotaractconnect-cjwcbdlngckcsaantafkjnfzfbdk/Build/Products/Debug-iphoneos/RNScreens -filelist /Users/jonahmicahinguito/Library/Developer/Xcode/DerivedData/rotaractconnect-cjwcbdlngckcsaantafkjnfzfbdk/Build/Intermediates.noindex/Pods.build/Debug-iphoneos/RNScreens.build/Objects-normal/arm64/RNScreens.LinkFileList -dependency_info /Users/jonahmicahinguito/Library/Developer/Xcode/DerivedData/rotaractconnect-cjwcbdlngckcsaantafkjnfzfbdk/Build/Intermediates.noindex/Pods.build/Debug-iphoneos/RNScreens.build/Objects-normal/arm64/RNScreens_libtool_dependency_info.dat -o /Users/jonahmicahinguito/Library/Developer/Xcode/DerivedData/rotaractconnect-cjwcbdlngckcsaantafkjnfzfbdk/Build/Products/Debug-iphoneos/RNScreens/libRNScreens.a

libtool: warning: 'NSString+RNSUtility.o' has no symbols
libtool: warning: 'RCTConvert+RNSTabs.o' has no symbols
libtool: warning: 'RCTSurfaceTouchHandler+RNSUtility.o' has no symbols
libtool: warning: 'RNSConversions-ScrollViewMarker.o' has no symbols
libtool: warning: 'RNSConversions-Stack.o' has no symbols
libtool: warning: 'RNSFormSheetHostState.o' has no symbols
libtool: warning: 'RNSScreenShadowNodeCommitHook.o' has no symbols
libtool: warning: 'RNSStackHeaderSubviewState.o' has no symbols
libtool: warning: 'RNSStackScreenState.o' has no symbols
libtool: warning: 'UINavigationBar+RNSUtility.o' has no symbols
libtool: warning: 'UIScrollView+RNScreens.o' has no symbols

'NSString+RNSUtility.o' has no symbols

'RCTConvert+RNSTabs.o' has no symbols

'RCTSurfaceTouchHandler+RNSUtility.o' has no symbols

'RNSConversions-ScrollViewMarker.o' has no symbols

'RNSConversions-Stack.o' has no symbols

'RNSFormSheetHostState.o' has no symbols

'RNSScreenShadowNodeCommitHook.o' has no symbols

'RNSStackHeaderSubviewState.o' has no symbols

'RNSStackScreenState.o' has no symbols

'UINavigationBar+RNSUtility.o' has no symbols

'UIScrollView+RNScreens.o' has no symbols


Build target RNGestureHandler of project Pods with configuration Debug

CompileC /Users/jonahmicahinguito/Library/Developer/Xcode/DerivedData/rotaractconnect-cjwcbdlngckcsaantafkjnfzfbdk/Build/Intermediates.noindex/Pods.build/Debug-iphoneos/RNGestureHandler.build/Objects-normal/arm64/RNNativeViewHandler.o /Users/jonahmicahinguito/dev/rotaract-connect/node_modules/react-native-gesture-handler/apple/Handlers/RNNativeViewHandler.mm normal arm64 objective-c++ com.apple.compilers.llvm.clang.1_0.compiler (in target 'RNGestureHandler' from project 'Pods')
    cd /Users/jonahmicahinguito/dev/rotaract-connect/ios/Pods
    
    Using response file: /Users/jonahmicahinguito/Library/Developer/Xcode/DerivedData/rotaractconnect-cjwcbdlngckcsaantafkjnfzfbdk/Build/Intermediates.noindex/Pods.build/Debug-iphoneos/RNGestureHandler.build/Objects-normal/arm64/af3fcb34312c57c0f52879cdce924b91-common-args.resp
    
    /Applications/Xcode.app/Contents/Developer/Toolchains/XcodeDefault.xctoolchain/usr/bin/clang -x objective-c++ -ivfsstatcache /Users/jonahmicahinguito/Library/Developer/Xcode/DerivedData/SDKStatCaches.noindex/iphoneos26.5-23F81a-32daed1954a7d5dd0789fcaf2a9bb78b.sdkstatcache -target arm64-apple-ios15.1 -fmessage-length\=0 -fdiagnostics-show-note-include-stack -fmacro-backtrace-limit\=0 -fno-color-diagnostics -fmodules-prune-interval\=86400 -fmodules-prune-after\=345600 -fbuild-session-file\=/Users/jonahmicahinguito/Library/Developer/Xcode/DerivedData/ModuleCache.noindex/Session.modulevalidation -fmodules-validate-once-per-build-session -Wnon-modular-include-in-framework-module -Werror\=non-modular-include-in-framework-module -Wno-trigraphs -Wno-missing-field-initializers -Wno-missing-prototypes -Werror\=return-type -Wdocumentation -Wunreachable-code -Wno-implicit-atomic-properties -Werror\=deprecated-objc-isa-usage -Wno-objc-interface-ivars -Werror\=objc-root-class -Wno-arc-repeated-use-of-weak -Wimplicit-retain-self -Wno-non-virtual-dtor -Wno-overloaded-virtual -Wno-exit-time-destructors -Wduplicate-method-match -Wno-missing-braces -Wparentheses -Wswitch -Wunused-function -Wno-unused-label -Wno-unused-parameter -Wunused-variable -Wunused-value -Wempty-body -Wuninitialized -Wconditional-uninitialized -Wno-unknown-pragmas -Wno-shadow -Wno-four-char-constants -Wno-conversion -Wconstant-conversion -Wint-conversion -Wbool-conversion -Wenum-conversion -Wno-float-conversion -Wnon-literal-null-conversion -Wobjc-literal-conversion -Wshorten-64-to-32 -Wno-newline-eof -Wno-selector -Wno-strict-selector-match -Wundeclared-selector -Wdeprecated-implementations -Wno-c++11-extensions -Wno-implicit-fallthrough -isysroot /Applications/Xcode.app/Contents/Developer/Platforms/iPhoneOS.platform/Developer/SDKs/iPhoneOS26.5.sdk -fstrict-aliasing -Wprotocol -Wdeprecated-declarations -Winvalid-offsetof -Wno-sign-conversion -Winfinite-recursion -Wmove -Wcomma -Wblock-capture-autoreleasing -Wstrict-prototypes -Wrange-loop-analysis -Wno-semicolon-before-method-body -Wunguarded-availability -index-store-path /Users/jonahmicahinguito/Library/Developer/Xcode/DerivedData/rotaractconnect-cjwcbdlngckcsaantafkjnfzfbdk/Index.noindex/DataStore @/Users/jonahmicahinguito/Library/Developer/Xcode/DerivedData/rotaractconnect-cjwcbdlngckcsaantafkjnfzfbdk/Build/Intermediates.noindex/Pods.build/Debug-iphoneos/RNGestureHandler.build/Objects-normal/arm64/af3fcb34312c57c0f52879cdce924b91-common-args.resp -DRCT_NEW_ARCH_ENABLED\=1 -include /Users/jonahmicahinguito/dev/rotaract-connect/ios/Pods/Target\ Support\ Files/RNGestureHandler/RNGestureHandler-prefix.pch -MMD -MT dependencies -MF /Users/jonahmicahinguito/Library/Developer/Xcode/DerivedData/rotaractconnect-cjwcbdlngckcsaantafkjnfzfbdk/Build/Intermediates.noindex/Pods.build/Debug-iphoneos/RNGestureHandler.build/Objects-normal/arm64/RNNativeViewHandler.d --serialize-diagnostics /Users/jonahmicahinguito/Library/Developer/Xcode/DerivedData/rotaractconnect-cjwcbdlngckcsaantafkjnfzfbdk/Build/Intermediates.noindex/Pods.build/Debug-iphoneos/RNGestureHandler.build/Objects-normal/arm64/RNNativeViewHandler.dia -c /Users/jonahmicahinguito/dev/rotaract-connect/node_modules/react-native-gesture-handler/apple/Handlers/RNNativeViewHandler.mm -o /Users/jonahmicahinguito/Library/Developer/Xcode/DerivedData/rotaractconnect-cjwcbdlngckcsaantafkjnfzfbdk/Build/Intermediates.noindex/Pods.build/Debug-iphoneos/RNGestureHandler.build/Objects-normal/arm64/RNNativeViewHandler.o -index-unit-output-path /Pods.build/Debug-iphoneos/RNGestureHandler.build/Objects-normal/arm64/RNNativeViewHandler.o

In file included from /Users/jonahmicahinguito/dev/rotaract-connect/node_modules/react-native-gesture-handler/apple/Handlers/RNNativeViewHandler.mm:19:
In file included from /Users/jonahmicahinguito/dev/rotaract-connect/ios/Pods/Headers/Public/React-RCTFabric/React/RCTScrollViewComponentView.h:12:
In file included from /Users/jonahmicahinguito/dev/rotaract-connect/ios/Pods/Headers/Public/React-RCTFabric/React/RCTMountingTransactionObserving.h:10:
In file included from /Users/jonahmicahinguito/dev/rotaract-connect/ios/Pods/Headers/Public/React-Fabric/react/renderer/mounting/MountingTransaction.h:10:
/Users/jonahmicahinguito/dev/rotaract-connect/ios/Pods/Headers/Public/React-Fabric/react/renderer/mounting/ShadowViewMutation.h:46:7: warning: declaration is marked with '@deprecated' command but does not have a deprecation attribute [-Wdocumentation-deprecated-sync]
   46 |    * @deprecated Pass parentTag instead of parentShadowView.
      |      ~^~~~~~~~~~~~~~~~~~~~~~~~~~~~~~~~~~~~~~~~~~~~~~~~~~~~~~
/Users/jonahmicahinguito/dev/rotaract-connect/ios/Pods/Headers/Public/React-Fabric/react/renderer/mounting/ShadowViewMutation.h:48:3: note: add a deprecation attribute to the declaration to silence this warning
   48 |   static ShadowViewMutation InsertMutation(const ShadowView &parentShadowView, ShadowView childShadowView, int index)
      |   ^
      |   FMT_DEPRECATED 
/Users/jonahmicahinguito/dev/rotaract-connect/ios/Pods/Headers/Public/React-Fabric/react/renderer/mounting/ShadowViewMutation.h:60:7: warning: declaration is marked with '@deprecated' command but does not have a deprecation attribute [-Wdocumentation-deprecated-sync]
   60 |    * @deprecated Pass parentTag instead of parentShadowView.
      |      ~^~~~~~~~~~~~~~~~~~~~~~~~~~~~~~~~~~~~~~~~~~~~~~~~~~~~~~
/Users/jonahmicahinguito/dev/rotaract-connect/ios/Pods/Headers/Public/React-Fabric/react/renderer/mounting/ShadowViewMutation.h:62:3: note: add a deprecation attribute to the declaration to silence this warning
   62 |   static ShadowViewMutation RemoveMutation(const ShadowView &parentShadowView, ShadowView childShadowView, int index)
      |   ^
      |   FMT_DEPRECATED 
/Users/jonahmicahinguito/dev/rotaract-connect/ios/Pods/Headers/Public/React-Fabric/react/renderer/mounting/ShadowViewMutation.h:74:7: warning: declaration is marked with '@deprecated' command but does not have a deprecation attribute [-Wdocumentation-deprecated-sync]
   74 |    * @deprecated Pass parentTag instead of parentShadowView.
      |      ~^~~~~~~~~~~~~~~~~~~~~~~~~~~~~~~~~~~~~~~~~~~~~~~~~~~~~~
/Users/jonahmicahinguito/dev/rotaract-connect/ios/Pods/Headers/Public/React-Fabric/react/renderer/mounting/ShadowViewMutation.h:76:3: note: add a deprecation attribute to the declaration to silence this warning
   76 |   static ShadowViewMutation
      |   ^
      |   FMT_DEPRECATED 
In file included from /Users/jonahmicahinguito/dev/rotaract-connect/node_modules/react-native-gesture-handler/apple/Handlers/RNNativeViewHandler.mm:9:
In file included from /Users/jonahmicahinguito/dev/rotaract-connect/node_modules/react-native-gesture-handler/apple/Handlers/RNNativeViewHandler.h:9:
In file included from /Users/jonahmicahinguito/dev/rotaract-connect/node_modules/react-native-gesture-handler/apple/RNGestureHandler.h:4:
In file included from /Users/jonahmicahinguito/dev/rotaract-connect/node_modules/react-native-gesture-handler/apple/RNGestureHandlerEvents.h:5:
/Users/jonahmicahinguito/dev/rotaract-connect/node_modules/react-native-gesture-handler/apple/RNGHStylusData.h:23:16: warning: unused function 'ghSpherical2tilt' [-Wunused-function]
   23 | static CGPoint ghSpherical2tilt(double altitudeAngle, double azimuthAngle)
      |                ^~~~~~~~~~~~~~~~
4 warnings generated.

/Users/jonahmicahinguito/dev/rotaract-connect/ios/Pods/Headers/Public/React-Fabric/react/renderer/mounting/ShadowViewMutation.h:46:7: Declaration is marked with '@deprecated' command but does not have a deprecation attribute

/Users/jonahmicahinguito/dev/rotaract-connect/ios/Pods/Headers/Public/React-Fabric/react/renderer/mounting/ShadowViewMutation.h:60:7: Declaration is marked with '@deprecated' command but does not have a deprecation attribute

/Users/jonahmicahinguito/dev/rotaract-connect/ios/Pods/Headers/Public/React-Fabric/react/renderer/mounting/ShadowViewMutation.h:74:7: Declaration is marked with '@deprecated' command but does not have a deprecation attribute

/Users/jonahmicahinguito/dev/rotaract-connect/node_modules/react-native-gesture-handler/apple/RNGHStylusData.h:23:16: Unused function 'ghSpherical2tilt'

CompileC /Users/jonahmicahinguito/Library/Developer/Xcode/DerivedData/rotaractconnect-cjwcbdlngckcsaantafkjnfzfbdk/Build/Intermediates.noindex/Pods.build/Debug-iphoneos/RNGestureHandler.build/Objects-normal/arm64/RNGestureHandlerModule.o /Users/jonahmicahinguito/dev/rotaract-connect/node_modules/react-native-gesture-handler/apple/RNGestureHandlerModule.mm normal arm64 objective-c++ com.apple.compilers.llvm.clang.1_0.compiler (in target 'RNGestureHandler' from project 'Pods')
    cd /Users/jonahmicahinguito/dev/rotaract-connect/ios/Pods
    
    Using response file: /Users/jonahmicahinguito/Library/Developer/Xcode/DerivedData/rotaractconnect-cjwcbdlngckcsaantafkjnfzfbdk/Build/Intermediates.noindex/Pods.build/Debug-iphoneos/RNGestureHandler.build/Objects-normal/arm64/af3fcb34312c57c0f52879cdce924b91-common-args.resp
    
    /Applications/Xcode.app/Contents/Developer/Toolchains/XcodeDefault.xctoolchain/usr/bin/clang -x objective-c++ -ivfsstatcache /Users/jonahmicahinguito/Library/Developer/Xcode/DerivedData/SDKStatCaches.noindex/iphoneos26.5-23F81a-32daed1954a7d5dd0789fcaf2a9bb78b.sdkstatcache -target arm64-apple-ios15.1 -fmessage-length\=0 -fdiagnostics-show-note-include-stack -fmacro-backtrace-limit\=0 -fno-color-diagnostics -fmodules-prune-interval\=86400 -fmodules-prune-after\=345600 -fbuild-session-file\=/Users/jonahmicahinguito/Library/Developer/Xcode/DerivedData/ModuleCache.noindex/Session.modulevalidation -fmodules-validate-once-per-build-session -Wnon-modular-include-in-framework-module -Werror\=non-modular-include-in-framework-module -Wno-trigraphs -Wno-missing-field-initializers -Wno-missing-prototypes -Werror\=return-type -Wdocumentation -Wunreachable-code -Wno-implicit-atomic-properties -Werror\=deprecated-objc-isa-usage -Wno-objc-interface-ivars -Werror\=objc-root-class -Wno-arc-repeated-use-of-weak -Wimplicit-retain-self -Wno-non-virtual-dtor -Wno-overloaded-virtual -Wno-exit-time-destructors -Wduplicate-method-match -Wno-missing-braces -Wparentheses -Wswitch -Wunused-function -Wno-unused-label -Wno-unused-parameter -Wunused-variable -Wunused-value -Wempty-body -Wuninitialized -Wconditional-uninitialized -Wno-unknown-pragmas -Wno-shadow -Wno-four-char-constants -Wno-conversion -Wconstant-conversion -Wint-conversion -Wbool-conversion -Wenum-conversion -Wno-float-conversion -Wnon-literal-null-conversion -Wobjc-literal-conversion -Wshorten-64-to-32 -Wno-newline-eof -Wno-selector -Wno-strict-selector-match -Wundeclared-selector -Wdeprecated-implementations -Wno-c++11-extensions -Wno-implicit-fallthrough -isysroot /Applications/Xcode.app/Contents/Developer/Platforms/iPhoneOS.platform/Developer/SDKs/iPhoneOS26.5.sdk -fstrict-aliasing -Wprotocol -Wdeprecated-declarations -Winvalid-offsetof -Wno-sign-conversion -Winfinite-recursion -Wmove -Wcomma -Wblock-capture-autoreleasing -Wstrict-prototypes -Wrange-loop-analysis -Wno-semicolon-before-method-body -Wunguarded-availability -index-store-path /Users/jonahmicahinguito/Library/Developer/Xcode/DerivedData/rotaractconnect-cjwcbdlngckcsaantafkjnfzfbdk/Index.noindex/DataStore @/Users/jonahmicahinguito/Library/Developer/Xcode/DerivedData/rotaractconnect-cjwcbdlngckcsaantafkjnfzfbdk/Build/Intermediates.noindex/Pods.build/Debug-iphoneos/RNGestureHandler.build/Objects-normal/arm64/af3fcb34312c57c0f52879cdce924b91-common-args.resp -DRCT_NEW_ARCH_ENABLED\=1 -include /Users/jonahmicahinguito/dev/rotaract-connect/ios/Pods/Target\ Support\ Files/RNGestureHandler/RNGestureHandler-prefix.pch -MMD -MT dependencies -MF /Users/jonahmicahinguito/Library/Developer/Xcode/DerivedData/rotaractconnect-cjwcbdlngckcsaantafkjnfzfbdk/Build/Intermediates.noindex/Pods.build/Debug-iphoneos/RNGestureHandler.build/Objects-normal/arm64/RNGestureHandlerModule.d --serialize-diagnostics /Users/jonahmicahinguito/Library/Developer/Xcode/DerivedData/rotaractconnect-cjwcbdlngckcsaantafkjnfzfbdk/Build/Intermediates.noindex/Pods.build/Debug-iphoneos/RNGestureHandler.build/Objects-normal/arm64/RNGestureHandlerModule.dia -c /Users/jonahmicahinguito/dev/rotaract-connect/node_modules/react-native-gesture-handler/apple/RNGestureHandlerModule.mm -o /Users/jonahmicahinguito/Library/Developer/Xcode/DerivedData/rotaractconnect-cjwcbdlngckcsaantafkjnfzfbdk/Build/Intermediates.noindex/Pods.build/Debug-iphoneos/RNGestureHandler.build/Objects-normal/arm64/RNGestureHandlerModule.o -index-unit-output-path /Pods.build/Debug-iphoneos/RNGestureHandler.build/Objects-normal/arm64/RNGestureHandlerModule.o

/Users/jonahmicahinguito/dev/rotaract-connect/node_modules/react-native-gesture-handler/apple/RNGestureHandlerModule.mm:80:1: warning: method possibly missing a [super invalidate] call [-Wobjc-missing-super-calls]
   80 | }
      | ^
In file included from /Users/jonahmicahinguito/dev/rotaract-connect/node_modules/react-native-gesture-handler/apple/RNGestureHandlerModule.mm:22:
In file included from /Users/jonahmicahinguito/dev/rotaract-connect/node_modules/react-native-gesture-handler/apple/RNGestureHandler.h:4:
In file included from /Users/jonahmicahinguito/dev/rotaract-connect/node_modules/react-native-gesture-handler/apple/RNGestureHandlerEvents.h:5:
/Users/jonahmicahinguito/dev/rotaract-connect/node_modules/react-native-gesture-handler/apple/RNGHStylusData.h:23:16: warning: unused function 'ghSpherical2tilt' [-Wunused-function]
   23 | static CGPoint ghSpherical2tilt(double altitudeAngle, double azimuthAngle)
      |                ^~~~~~~~~~~~~~~~
2 warnings generated.

/Users/jonahmicahinguito/dev/rotaract-connect/node_modules/react-native-gesture-handler/apple/RNGestureHandlerModule.mm:80:1: Method possibly missing a [super invalidate] call

/Users/jonahmicahinguito/dev/rotaract-connect/node_modules/react-native-gesture-handler/apple/RNGHStylusData.h:23:16: Unused function 'ghSpherical2tilt'

CompileC /Users/jonahmicahinguito/Library/Developer/Xcode/DerivedData/rotaractconnect-cjwcbdlngckcsaantafkjnfzfbdk/Build/Intermediates.noindex/Pods.build/Debug-iphoneos/RNGestureHandler.build/Objects-normal/arm64/RNGestureHandlerManager.o /Users/jonahmicahinguito/dev/rotaract-connect/node_modules/react-native-gesture-handler/apple/RNGestureHandlerManager.mm normal arm64 objective-c++ com.apple.compilers.llvm.clang.1_0.compiler (in target 'RNGestureHandler' from project 'Pods')
    cd /Users/jonahmicahinguito/dev/rotaract-connect/ios/Pods
    
    Using response file: /Users/jonahmicahinguito/Library/Developer/Xcode/DerivedData/rotaractconnect-cjwcbdlngckcsaantafkjnfzfbdk/Build/Intermediates.noindex/Pods.build/Debug-iphoneos/RNGestureHandler.build/Objects-normal/arm64/af3fcb34312c57c0f52879cdce924b91-common-args.resp
    
    /Applications/Xcode.app/Contents/Developer/Toolchains/XcodeDefault.xctoolchain/usr/bin/clang -x objective-c++ -ivfsstatcache /Users/jonahmicahinguito/Library/Developer/Xcode/DerivedData/SDKStatCaches.noindex/iphoneos26.5-23F81a-32daed1954a7d5dd0789fcaf2a9bb78b.sdkstatcache -target arm64-apple-ios15.1 -fmessage-length\=0 -fdiagnostics-show-note-include-stack -fmacro-backtrace-limit\=0 -fno-color-diagnostics -fmodules-prune-interval\=86400 -fmodules-prune-after\=345600 -fbuild-session-file\=/Users/jonahmicahinguito/Library/Developer/Xcode/DerivedData/ModuleCache.noindex/Session.modulevalidation -fmodules-validate-once-per-build-session -Wnon-modular-include-in-framework-module -Werror\=non-modular-include-in-framework-module -Wno-trigraphs -Wno-missing-field-initializers -Wno-missing-prototypes -Werror\=return-type -Wdocumentation -Wunreachable-code -Wno-implicit-atomic-properties -Werror\=deprecated-objc-isa-usage -Wno-objc-interface-ivars -Werror\=objc-root-class -Wno-arc-repeated-use-of-weak -Wimplicit-retain-self -Wno-non-virtual-dtor -Wno-overloaded-virtual -Wno-exit-time-destructors -Wduplicate-method-match -Wno-missing-braces -Wparentheses -Wswitch -Wunused-function -Wno-unused-label -Wno-unused-parameter -Wunused-variable -Wunused-value -Wempty-body -Wuninitialized -Wconditional-uninitialized -Wno-unknown-pragmas -Wno-shadow -Wno-four-char-constants -Wno-conversion -Wconstant-conversion -Wint-conversion -Wbool-conversion -Wenum-conversion -Wno-float-conversion -Wnon-literal-null-conversion -Wobjc-literal-conversion -Wshorten-64-to-32 -Wno-newline-eof -Wno-selector -Wno-strict-selector-match -Wundeclared-selector -Wdeprecated-implementations -Wno-c++11-extensions -Wno-implicit-fallthrough -isysroot /Applications/Xcode.app/Contents/Developer/Platforms/iPhoneOS.platform/Developer/SDKs/iPhoneOS26.5.sdk -fstrict-aliasing -Wprotocol -Wdeprecated-declarations -Winvalid-offsetof -Wno-sign-conversion -Winfinite-recursion -Wmove -Wcomma -Wblock-capture-autoreleasing -Wstrict-prototypes -Wrange-loop-analysis -Wno-semicolon-before-method-body -Wunguarded-availability -index-store-path /Users/jonahmicahinguito/Library/Developer/Xcode/DerivedData/rotaractconnect-cjwcbdlngckcsaantafkjnfzfbdk/Index.noindex/DataStore @/Users/jonahmicahinguito/Library/Developer/Xcode/DerivedData/rotaractconnect-cjwcbdlngckcsaantafkjnfzfbdk/Build/Intermediates.noindex/Pods.build/Debug-iphoneos/RNGestureHandler.build/Objects-normal/arm64/af3fcb34312c57c0f52879cdce924b91-common-args.resp -DRCT_NEW_ARCH_ENABLED\=1 -include /Users/jonahmicahinguito/dev/rotaract-connect/ios/Pods/Target\ Support\ Files/RNGestureHandler/RNGestureHandler-prefix.pch -MMD -MT dependencies -MF /Users/jonahmicahinguito/Library/Developer/Xcode/DerivedData/rotaractconnect-cjwcbdlngckcsaantafkjnfzfbdk/Build/Intermediates.noindex/Pods.build/Debug-iphoneos/RNGestureHandler.build/Objects-normal/arm64/RNGestureHandlerManager.d --serialize-diagnostics /Users/jonahmicahinguito/Library/Developer/Xcode/DerivedData/rotaractconnect-cjwcbdlngckcsaantafkjnfzfbdk/Build/Intermediates.noindex/Pods.build/Debug-iphoneos/RNGestureHandler.build/Objects-normal/arm64/RNGestureHandlerManager.dia -c /Users/jonahmicahinguito/dev/rotaract-connect/node_modules/react-native-gesture-handler/apple/RNGestureHandlerManager.mm -o /Users/jonahmicahinguito/Library/Developer/Xcode/DerivedData/rotaractconnect-cjwcbdlngckcsaantafkjnfzfbdk/Build/Intermediates.noindex/Pods.build/Debug-iphoneos/RNGestureHandler.build/Objects-normal/arm64/RNGestureHandlerManager.o -index-unit-output-path /Pods.build/Debug-iphoneos/RNGestureHandler.build/Objects-normal/arm64/RNGestureHandlerManager.o

/Users/jonahmicahinguito/dev/rotaract-connect/node_modules/react-native-gesture-handler/apple/RNGestureHandlerManager.mm:173:15: warning: block implicitly retains 'self'; explicitly mention 'self' to indicate this is intended behavior [-Wimplicit-retain-self]
  173 |         if (![_droppedHandlers containsObject:handlerTag]) {
      |               ^
      |               self->
/Users/jonahmicahinguito/dev/rotaract-connect/node_modules/react-native-gesture-handler/apple/RNGestureHandlerManager.mm:465:21: warning: 'sendDeviceEventWithName:body:' is deprecated: Subclass RCTEventEmitter instead [-Wdeprecated-declarations]
  465 |   [_eventDispatcher sendDeviceEventWithName:@"onGestureHandlerStateChange" body:body];
      |                     ^
In file included from /Users/jonahmicahinguito/dev/rotaract-connect/node_modules/react-native-gesture-handler/apple/RNGestureHandlerManager.mm:1:
In file included from /Users/jonahmicahinguito/dev/rotaract-connect/node_modules/react-native-gesture-handler/apple/RNGestureHandlerManager.h:5:
In file included from /Users/jonahmicahinguito/dev/rotaract-connect/node_modules/react-native-gesture-handler/apple/RNGestureHandler.h:4:
In file included from /Users/jonahmicahinguito/dev/rotaract-connect/node_modules/react-native-gesture-handler/apple/RNGestureHandlerEvents.h:1:
In file included from /Users/jonahmicahinguito/dev/rotaract-connect/ios/Pods/Headers/Public/React-Core/React/RCTEventDispatcher.h:11:
/Users/jonahmicahinguito/dev/rotaract-connect/ios/Pods/Headers/Public/React-Core/React/RCTEventDispatcherProtocol.h:95:64: note: 'sendDeviceEventWithName:body:' has been explicitly marked deprecated here
   95 | - (void)sendDeviceEventWithName:(NSString *)name body:(id)body __deprecated_msg("Subclass RCTEventEmitter instead");
      |                                                                ^
In file included from <built-in>:1:
In file included from /Users/jonahmicahinguito/dev/rotaract-connect/ios/Pods/Target Support Files/RNGestureHandler/RNGestureHandler-prefix.pch:2:
In file included from /Applications/Xcode.app/Contents/Developer/Platforms/iPhoneOS.platform/Developer/SDKs/iPhoneOS26.5.sdk/System/Library/Frameworks/UIKit.framework/Headers/UIKit.h:8:
In file included from /Applications/Xcode.app/Contents/Developer/Platforms/iPhoneOS.platform/Developer/SDKs/iPhoneOS26.5.sdk/System/Library/Frameworks/Foundation.framework/Headers/Foundation.h:6:
In file included from /Applications/Xcode.app/Contents/Developer/Platforms/iPhoneOS.platform/Developer/SDKs/iPhoneOS26.5.sdk/System/Library/Frameworks/CoreFoundation.framework/Headers/CoreFoundation.h:18:
In file included from /Applications/Xcode.app/Contents/Developer/Platforms/iPhoneOS.platform/Developer/SDKs/iPhoneOS26.5.sdk/usr/include/sys/types.h:75:
/Applications/Xcode.app/Contents/Developer/Platforms/iPhoneOS.platform/Developer/SDKs/iPhoneOS26.5.sdk/usr/include/sys/cdefs.h:227:48: note: expanded from macro '__deprecated_msg'
  227 |         #define __deprecated_msg(_msg) __attribute__((__deprecated__(_msg)))
      |                                                       ^
In file included from /Users/jonahmicahinguito/dev/rotaract-connect/node_modules/react-native-gesture-handler/apple/RNGestureHandlerManager.mm:1:
In file included from /Users/jonahmicahinguito/dev/rotaract-connect/node_modules/react-native-gesture-handler/apple/RNGestureHandlerManager.h:5:
In file included from /Users/jonahmicahinguito/dev/rotaract-connect/node_modules/react-native-gesture-handler/apple/RNGestureHandler.h:4:
In file included from /Users/jonahmicahinguito/dev/rotaract-connect/node_modules/react-native-gesture-handler/apple/RNGestureHandlerEvents.h:5:
/Users/jonahmicahinguito/dev/rotaract-connect/node_modules/react-native-gesture-handler/apple/RNGHStylusData.h:23:16: warning: unused function 'ghSpherical2tilt' [-Wunused-function]
   23 | static CGPoint ghSpherical2tilt(double altitudeAngle, double azimuthAngle)
      |                ^~~~~~~~~~~~~~~~
3 warnings generated.

/Users/jonahmicahinguito/dev/rotaract-connect/node_modules/react-native-gesture-handler/apple/RNGestureHandlerManager.mm:173:15: Block implicitly retains 'self'; explicitly mention 'self' to indicate this is intended behavior

/Users/jonahmicahinguito/dev/rotaract-connect/node_modules/react-native-gesture-handler/apple/RNGestureHandlerManager.mm:465:21: 'sendDeviceEventWithName:body:' is deprecated: Subclass RCTEventEmitter instead

/Users/jonahmicahinguito/dev/rotaract-connect/node_modules/react-native-gesture-handler/apple/RNGHStylusData.h:23:16: Unused function 'ghSpherical2tilt'

CompileC /Users/jonahmicahinguito/Library/Developer/Xcode/DerivedData/rotaractconnect-cjwcbdlngckcsaantafkjnfzfbdk/Build/Intermediates.noindex/Pods.build/Debug-iphoneos/RNGestureHandler.build/Objects-normal/arm64/RNGestureHandlerButtonManager.o /Users/jonahmicahinguito/dev/rotaract-connect/node_modules/react-native-gesture-handler/apple/RNGestureHandlerButtonManager.mm normal arm64 objective-c++ com.apple.compilers.llvm.clang.1_0.compiler (in target 'RNGestureHandler' from project 'Pods')
    cd /Users/jonahmicahinguito/dev/rotaract-connect/ios/Pods
    
    Using response file: /Users/jonahmicahinguito/Library/Developer/Xcode/DerivedData/rotaractconnect-cjwcbdlngckcsaantafkjnfzfbdk/Build/Intermediates.noindex/Pods.build/Debug-iphoneos/RNGestureHandler.build/Objects-normal/arm64/af3fcb34312c57c0f52879cdce924b91-common-args.resp
    
    /Applications/Xcode.app/Contents/Developer/Toolchains/XcodeDefault.xctoolchain/usr/bin/clang -x objective-c++ -ivfsstatcache /Users/jonahmicahinguito/Library/Developer/Xcode/DerivedData/SDKStatCaches.noindex/iphoneos26.5-23F81a-32daed1954a7d5dd0789fcaf2a9bb78b.sdkstatcache -target arm64-apple-ios15.1 -fmessage-length\=0 -fdiagnostics-show-note-include-stack -fmacro-backtrace-limit\=0 -fno-color-diagnostics -fmodules-prune-interval\=86400 -fmodules-prune-after\=345600 -fbuild-session-file\=/Users/jonahmicahinguito/Library/Developer/Xcode/DerivedData/ModuleCache.noindex/Session.modulevalidation -fmodules-validate-once-per-build-session -Wnon-modular-include-in-framework-module -Werror\=non-modular-include-in-framework-module -Wno-trigraphs -Wno-missing-field-initializers -Wno-missing-prototypes -Werror\=return-type -Wdocumentation -Wunreachable-code -Wno-implicit-atomic-properties -Werror\=deprecated-objc-isa-usage -Wno-objc-interface-ivars -Werror\=objc-root-class -Wno-arc-repeated-use-of-weak -Wimplicit-retain-self -Wno-non-virtual-dtor -Wno-overloaded-virtual -Wno-exit-time-destructors -Wduplicate-method-match -Wno-missing-braces -Wparentheses -Wswitch -Wunused-function -Wno-unused-label -Wno-unused-parameter -Wunused-variable -Wunused-value -Wempty-body -Wuninitialized -Wconditional-uninitialized -Wno-unknown-pragmas -Wno-shadow -Wno-four-char-constants -Wno-conversion -Wconstant-conversion -Wint-conversion -Wbool-conversion -Wenum-conversion -Wno-float-conversion -Wnon-literal-null-conversion -Wobjc-literal-conversion -Wshorten-64-to-32 -Wno-newline-eof -Wno-selector -Wno-strict-selector-match -Wundeclared-selector -Wdeprecated-implementations -Wno-c++11-extensions -Wno-implicit-fallthrough -isysroot /Applications/Xcode.app/Contents/Developer/Platforms/iPhoneOS.platform/Developer/SDKs/iPhoneOS26.5.sdk -fstrict-aliasing -Wprotocol -Wdeprecated-declarations -Winvalid-offsetof -Wno-sign-conversion -Winfinite-recursion -Wmove -Wcomma -Wblock-capture-autoreleasing -Wstrict-prototypes -Wrange-loop-analysis -Wno-semicolon-before-method-body -Wunguarded-availability -index-store-path /Users/jonahmicahinguito/Library/Developer/Xcode/DerivedData/rotaractconnect-cjwcbdlngckcsaantafkjnfzfbdk/Index.noindex/DataStore @/Users/jonahmicahinguito/Library/Developer/Xcode/DerivedData/rotaractconnect-cjwcbdlngckcsaantafkjnfzfbdk/Build/Intermediates.noindex/Pods.build/Debug-iphoneos/RNGestureHandler.build/Objects-normal/arm64/af3fcb34312c57c0f52879cdce924b91-common-args.resp -DRCT_NEW_ARCH_ENABLED\=1 -include /Users/jonahmicahinguito/dev/rotaract-connect/ios/Pods/Target\ Support\ Files/RNGestureHandler/RNGestureHandler-prefix.pch -MMD -MT dependencies -MF /Users/jonahmicahinguito/Library/Developer/Xcode/DerivedData/rotaractconnect-cjwcbdlngckcsaantafkjnfzfbdk/Build/Intermediates.noindex/Pods.build/Debug-iphoneos/RNGestureHandler.build/Objects-normal/arm64/RNGestureHandlerButtonManager.d --serialize-diagnostics /Users/jonahmicahinguito/Library/Developer/Xcode/DerivedData/rotaractconnect-cjwcbdlngckcsaantafkjnfzfbdk/Build/Intermediates.noindex/Pods.build/Debug-iphoneos/RNGestureHandler.build/Objects-normal/arm64/RNGestureHandlerButtonManager.dia -c /Users/jonahmicahinguito/dev/rotaract-connect/node_modules/react-native-gesture-handler/apple/RNGestureHandlerButtonManager.mm -o /Users/jonahmicahinguito/Library/Developer/Xcode/DerivedData/rotaractconnect-cjwcbdlngckcsaantafkjnfzfbdk/Build/Intermediates.noindex/Pods.build/Debug-iphoneos/RNGestureHandler.build/Objects-normal/arm64/RNGestureHandlerButtonManager.o -index-unit-output-path /Pods.build/Debug-iphoneos/RNGestureHandler.build/Objects-normal/arm64/RNGestureHandlerButtonManager.o

In file included from /Users/jonahmicahinguito/dev/rotaract-connect/node_modules/react-native-gesture-handler/apple/RNGestureHandlerButtonManager.mm:2:
In file included from /Users/jonahmicahinguito/dev/rotaract-connect/node_modules/react-native-gesture-handler/apple/RNGestureHandlerButton.h:9:
In file included from /Users/jonahmicahinguito/dev/rotaract-connect/node_modules/react-native-gesture-handler/apple/RNGestureHandler.h:4:
In file included from /Users/jonahmicahinguito/dev/rotaract-connect/node_modules/react-native-gesture-handler/apple/RNGestureHandlerEvents.h:5:
/Users/jonahmicahinguito/dev/rotaract-connect/node_modules/react-native-gesture-handler/apple/RNGHStylusData.h:23:16: warning: unused function 'ghSpherical2tilt' [-Wunused-function]
   23 | static CGPoint ghSpherical2tilt(double altitudeAngle, double azimuthAngle)
      |                ^~~~~~~~~~~~~~~~
1 warning generated.

/Users/jonahmicahinguito/dev/rotaract-connect/node_modules/react-native-gesture-handler/apple/RNGHStylusData.h:23:16: Unused function 'ghSpherical2tilt'

CompileC /Users/jonahmicahinguito/Library/Developer/Xcode/DerivedData/rotaractconnect-cjwcbdlngckcsaantafkjnfzfbdk/Build/Intermediates.noindex/Pods.build/Debug-iphoneos/RNGestureHandler.build/Objects-normal/arm64/RNGestureHandlerButtonComponentView.o /Users/jonahmicahinguito/dev/rotaract-connect/node_modules/react-native-gesture-handler/apple/RNGestureHandlerButtonComponentView.mm normal arm64 objective-c++ com.apple.compilers.llvm.clang.1_0.compiler (in target 'RNGestureHandler' from project 'Pods')
    cd /Users/jonahmicahinguito/dev/rotaract-connect/ios/Pods
    
    Using response file: /Users/jonahmicahinguito/Library/Developer/Xcode/DerivedData/rotaractconnect-cjwcbdlngckcsaantafkjnfzfbdk/Build/Intermediates.noindex/Pods.build/Debug-iphoneos/RNGestureHandler.build/Objects-normal/arm64/af3fcb34312c57c0f52879cdce924b91-common-args.resp
    
    /Applications/Xcode.app/Contents/Developer/Toolchains/XcodeDefault.xctoolchain/usr/bin/clang -x objective-c++ -ivfsstatcache /Users/jonahmicahinguito/Library/Developer/Xcode/DerivedData/SDKStatCaches.noindex/iphoneos26.5-23F81a-32daed1954a7d5dd0789fcaf2a9bb78b.sdkstatcache -target arm64-apple-ios15.1 -fmessage-length\=0 -fdiagnostics-show-note-include-stack -fmacro-backtrace-limit\=0 -fno-color-diagnostics -fmodules-prune-interval\=86400 -fmodules-prune-after\=345600 -fbuild-session-file\=/Users/jonahmicahinguito/Library/Developer/Xcode/DerivedData/ModuleCache.noindex/Session.modulevalidation -fmodules-validate-once-per-build-session -Wnon-modular-include-in-framework-module -Werror\=non-modular-include-in-framework-module -Wno-trigraphs -Wno-missing-field-initializers -Wno-missing-prototypes -Werror\=return-type -Wdocumentation -Wunreachable-code -Wno-implicit-atomic-properties -Werror\=deprecated-objc-isa-usage -Wno-objc-interface-ivars -Werror\=objc-root-class -Wno-arc-repeated-use-of-weak -Wimplicit-retain-self -Wno-non-virtual-dtor -Wno-overloaded-virtual -Wno-exit-time-destructors -Wduplicate-method-match -Wno-missing-braces -Wparentheses -Wswitch -Wunused-function -Wno-unused-label -Wno-unused-parameter -Wunused-variable -Wunused-value -Wempty-body -Wuninitialized -Wconditional-uninitialized -Wno-unknown-pragmas -Wno-shadow -Wno-four-char-constants -Wno-conversion -Wconstant-conversion -Wint-conversion -Wbool-conversion -Wenum-conversion -Wno-float-conversion -Wnon-literal-null-conversion -Wobjc-literal-conversion -Wshorten-64-to-32 -Wno-newline-eof -Wno-selector -Wno-strict-selector-match -Wundeclared-selector -Wdeprecated-implementations -Wno-c++11-extensions -Wno-implicit-fallthrough -isysroot /Applications/Xcode.app/Contents/Developer/Platforms/iPhoneOS.platform/Developer/SDKs/iPhoneOS26.5.sdk -fstrict-aliasing -Wprotocol -Wdeprecated-declarations -Winvalid-offsetof -Wno-sign-conversion -Winfinite-recursion -Wmove -Wcomma -Wblock-capture-autoreleasing -Wstrict-prototypes -Wrange-loop-analysis -Wno-semicolon-before-method-body -Wunguarded-availability -index-store-path /Users/jonahmicahinguito/Library/Developer/Xcode/DerivedData/rotaractconnect-cjwcbdlngckcsaantafkjnfzfbdk/Index.noindex/DataStore @/Users/jonahmicahinguito/Library/Developer/Xcode/DerivedData/rotaractconnect-cjwcbdlngckcsaantafkjnfzfbdk/Build/Intermediates.noindex/Pods.build/Debug-iphoneos/RNGestureHandler.build/Objects-normal/arm64/af3fcb34312c57c0f52879cdce924b91-common-args.resp -DRCT_NEW_ARCH_ENABLED\=1 -include /Users/jonahmicahinguito/dev/rotaract-connect/ios/Pods/Target\ Support\ Files/RNGestureHandler/RNGestureHandler-prefix.pch -MMD -MT dependencies -MF /Users/jonahmicahinguito/Library/Developer/Xcode/DerivedData/rotaractconnect-cjwcbdlngckcsaantafkjnfzfbdk/Build/Intermediates.noindex/Pods.build/Debug-iphoneos/RNGestureHandler.build/Objects-normal/arm64/RNGestureHandlerButtonComponentView.d --serialize-diagnostics /Users/jonahmicahinguito/Library/Developer/Xcode/DerivedData/rotaractconnect-cjwcbdlngckcsaantafkjnfzfbdk/Build/Intermediates.noindex/Pods.build/Debug-iphoneos/RNGestureHandler.build/Objects-normal/arm64/RNGestureHandlerButtonComponentView.dia -c /Users/jonahmicahinguito/dev/rotaract-connect/node_modules/react-native-gesture-handler/apple/RNGestureHandlerButtonComponentView.mm -o /Users/jonahmicahinguito/Library/Developer/Xcode/DerivedData/rotaractconnect-cjwcbdlngckcsaantafkjnfzfbdk/Build/Intermediates.noindex/Pods.build/Debug-iphoneos/RNGestureHandler.build/Objects-normal/arm64/RNGestureHandlerButtonComponentView.o -index-unit-output-path /Pods.build/Debug-iphoneos/RNGestureHandler.build/Objects-normal/arm64/RNGestureHandlerButtonComponentView.o

In file included from /Users/jonahmicahinguito/dev/rotaract-connect/node_modules/react-native-gesture-handler/apple/RNGestureHandlerButtonComponentView.mm:3:
In file included from /Users/jonahmicahinguito/dev/rotaract-connect/node_modules/react-native-gesture-handler/apple/RNGestureHandlerButtonComponentView.h:11:
In file included from /Users/jonahmicahinguito/dev/rotaract-connect/node_modules/react-native-gesture-handler/apple/RNGestureHandlerButton.h:9:
In file included from /Users/jonahmicahinguito/dev/rotaract-connect/node_modules/react-native-gesture-handler/apple/RNGestureHandler.h:4:
In file included from /Users/jonahmicahinguito/dev/rotaract-connect/node_modules/react-native-gesture-handler/apple/RNGestureHandlerEvents.h:5:
/Users/jonahmicahinguito/dev/rotaract-connect/node_modules/react-native-gesture-handler/apple/RNGHStylusData.h:23:16: warning: unused function 'ghSpherical2tilt' [-Wunused-function]
   23 | static CGPoint ghSpherical2tilt(double altitudeAngle, double azimuthAngle)
      |                ^~~~~~~~~~~~~~~~
1 warning generated.

/Users/jonahmicahinguito/dev/rotaract-connect/node_modules/react-native-gesture-handler/apple/RNGHStylusData.h:23:16: Unused function 'ghSpherical2tilt'

CompileC /Users/jonahmicahinguito/Library/Developer/Xcode/DerivedData/rotaractconnect-cjwcbdlngckcsaantafkjnfzfbdk/Build/Intermediates.noindex/Pods.build/Debug-iphoneos/RNGestureHandler.build/Objects-normal/arm64/RNGestureHandlerButton.o /Users/jonahmicahinguito/dev/rotaract-connect/node_modules/react-native-gesture-handler/apple/RNGestureHandlerButton.mm normal arm64 objective-c++ com.apple.compilers.llvm.clang.1_0.compiler (in target 'RNGestureHandler' from project 'Pods')
    cd /Users/jonahmicahinguito/dev/rotaract-connect/ios/Pods
    
    Using response file: /Users/jonahmicahinguito/Library/Developer/Xcode/DerivedData/rotaractconnect-cjwcbdlngckcsaantafkjnfzfbdk/Build/Intermediates.noindex/Pods.build/Debug-iphoneos/RNGestureHandler.build/Objects-normal/arm64/af3fcb34312c57c0f52879cdce924b91-common-args.resp
    
    /Applications/Xcode.app/Contents/Developer/Toolchains/XcodeDefault.xctoolchain/usr/bin/clang -x objective-c++ -ivfsstatcache /Users/jonahmicahinguito/Library/Developer/Xcode/DerivedData/SDKStatCaches.noindex/iphoneos26.5-23F81a-32daed1954a7d5dd0789fcaf2a9bb78b.sdkstatcache -target arm64-apple-ios15.1 -fmessage-length\=0 -fdiagnostics-show-note-include-stack -fmacro-backtrace-limit\=0 -fno-color-diagnostics -fmodules-prune-interval\=86400 -fmodules-prune-after\=345600 -fbuild-session-file\=/Users/jonahmicahinguito/Library/Developer/Xcode/DerivedData/ModuleCache.noindex/Session.modulevalidation -fmodules-validate-once-per-build-session -Wnon-modular-include-in-framework-module -Werror\=non-modular-include-in-framework-module -Wno-trigraphs -Wno-missing-field-initializers -Wno-missing-prototypes -Werror\=return-type -Wdocumentation -Wunreachable-code -Wno-implicit-atomic-properties -Werror\=deprecated-objc-isa-usage -Wno-objc-interface-ivars -Werror\=objc-root-class -Wno-arc-repeated-use-of-weak -Wimplicit-retain-self -Wno-non-virtual-dtor -Wno-overloaded-virtual -Wno-exit-time-destructors -Wduplicate-method-match -Wno-missing-braces -Wparentheses -Wswitch -Wunused-function -Wno-unused-label -Wno-unused-parameter -Wunused-variable -Wunused-value -Wempty-body -Wuninitialized -Wconditional-uninitialized -Wno-unknown-pragmas -Wno-shadow -Wno-four-char-constants -Wno-conversion -Wconstant-conversion -Wint-conversion -Wbool-conversion -Wenum-conversion -Wno-float-conversion -Wnon-literal-null-conversion -Wobjc-literal-conversion -Wshorten-64-to-32 -Wno-newline-eof -Wno-selector -Wno-strict-selector-match -Wundeclared-selector -Wdeprecated-implementations -Wno-c++11-extensions -Wno-implicit-fallthrough -isysroot /Applications/Xcode.app/Contents/Developer/Platforms/iPhoneOS.platform/Developer/SDKs/iPhoneOS26.5.sdk -fstrict-aliasing -Wprotocol -Wdeprecated-declarations -Winvalid-offsetof -Wno-sign-conversion -Winfinite-recursion -Wmove -Wcomma -Wblock-capture-autoreleasing -Wstrict-prototypes -Wrange-loop-analysis -Wno-semicolon-before-method-body -Wunguarded-availability -index-store-path /Users/jonahmicahinguito/Library/Developer/Xcode/DerivedData/rotaractconnect-cjwcbdlngckcsaantafkjnfzfbdk/Index.noindex/DataStore @/Users/jonahmicahinguito/Library/Developer/Xcode/DerivedData/rotaractconnect-cjwcbdlngckcsaantafkjnfzfbdk/Build/Intermediates.noindex/Pods.build/Debug-iphoneos/RNGestureHandler.build/Objects-normal/arm64/af3fcb34312c57c0f52879cdce924b91-common-args.resp -DRCT_NEW_ARCH_ENABLED\=1 -include /Users/jonahmicahinguito/dev/rotaract-connect/ios/Pods/Target\ Support\ Files/RNGestureHandler/RNGestureHandler-prefix.pch -MMD -MT dependencies -MF /Users/jonahmicahinguito/Library/Developer/Xcode/DerivedData/rotaractconnect-cjwcbdlngckcsaantafkjnfzfbdk/Build/Intermediates.noindex/Pods.build/Debug-iphoneos/RNGestureHandler.build/Objects-normal/arm64/RNGestureHandlerButton.d --serialize-diagnostics /Users/jonahmicahinguito/Library/Developer/Xcode/DerivedData/rotaractconnect-cjwcbdlngckcsaantafkjnfzfbdk/Build/Intermediates.noindex/Pods.build/Debug-iphoneos/RNGestureHandler.build/Objects-normal/arm64/RNGestureHandlerButton.dia -c /Users/jonahmicahinguito/dev/rotaract-connect/node_modules/react-native-gesture-handler/apple/RNGestureHandlerButton.mm -o /Users/jonahmicahinguito/Library/Developer/Xcode/DerivedData/rotaractconnect-cjwcbdlngckcsaantafkjnfzfbdk/Build/Intermediates.noindex/Pods.build/Debug-iphoneos/RNGestureHandler.build/Objects-normal/arm64/RNGestureHandlerButton.o -index-unit-output-path /Pods.build/Debug-iphoneos/RNGestureHandler.build/Objects-normal/arm64/RNGestureHandlerButton.o

In file included from /Users/jonahmicahinguito/dev/rotaract-connect/node_modules/react-native-gesture-handler/apple/RNGestureHandlerButton.mm:9:
In file included from /Users/jonahmicahinguito/dev/rotaract-connect/node_modules/react-native-gesture-handler/apple/RNGestureHandlerButton.h:9:
In file included from /Users/jonahmicahinguito/dev/rotaract-connect/node_modules/react-native-gesture-handler/apple/RNGestureHandler.h:4:
In file included from /Users/jonahmicahinguito/dev/rotaract-connect/node_modules/react-native-gesture-handler/apple/RNGestureHandlerEvents.h:5:
/Users/jonahmicahinguito/dev/rotaract-connect/node_modules/react-native-gesture-handler/apple/RNGHStylusData.h:23:16: warning: unused function 'ghSpherical2tilt' [-Wunused-function]
   23 | static CGPoint ghSpherical2tilt(double altitudeAngle, double azimuthAngle)
      |                ^~~~~~~~~~~~~~~~
1 warning generated.

/Users/jonahmicahinguito/dev/rotaract-connect/node_modules/react-native-gesture-handler/apple/RNGHStylusData.h:23:16: Unused function 'ghSpherical2tilt'

CompileC /Users/jonahmicahinguito/Library/Developer/Xcode/DerivedData/rotaractconnect-cjwcbdlngckcsaantafkjnfzfbdk/Build/Intermediates.noindex/Pods.build/Debug-iphoneos/RNGestureHandler.build/Objects-normal/arm64/RNGestureHandler.o /Users/jonahmicahinguito/dev/rotaract-connect/node_modules/react-native-gesture-handler/apple/RNGestureHandler.mm normal arm64 objective-c++ com.apple.compilers.llvm.clang.1_0.compiler (in target 'RNGestureHandler' from project 'Pods')
    cd /Users/jonahmicahinguito/dev/rotaract-connect/ios/Pods
    
    Using response file: /Users/jonahmicahinguito/Library/Developer/Xcode/DerivedData/rotaractconnect-cjwcbdlngckcsaantafkjnfzfbdk/Build/Intermediates.noindex/Pods.build/Debug-iphoneos/RNGestureHandler.build/Objects-normal/arm64/af3fcb34312c57c0f52879cdce924b91-common-args.resp
    
    /Applications/Xcode.app/Contents/Developer/Toolchains/XcodeDefault.xctoolchain/usr/bin/clang -x objective-c++ -ivfsstatcache /Users/jonahmicahinguito/Library/Developer/Xcode/DerivedData/SDKStatCaches.noindex/iphoneos26.5-23F81a-32daed1954a7d5dd0789fcaf2a9bb78b.sdkstatcache -target arm64-apple-ios15.1 -fmessage-length\=0 -fdiagnostics-show-note-include-stack -fmacro-backtrace-limit\=0 -fno-color-diagnostics -fmodules-prune-interval\=86400 -fmodules-prune-after\=345600 -fbuild-session-file\=/Users/jonahmicahinguito/Library/Developer/Xcode/DerivedData/ModuleCache.noindex/Session.modulevalidation -fmodules-validate-once-per-build-session -Wnon-modular-include-in-framework-module -Werror\=non-modular-include-in-framework-module -Wno-trigraphs -Wno-missing-field-initializers -Wno-missing-prototypes -Werror\=return-type -Wdocumentation -Wunreachable-code -Wno-implicit-atomic-properties -Werror\=deprecated-objc-isa-usage -Wno-objc-interface-ivars -Werror\=objc-root-class -Wno-arc-repeated-use-of-weak -Wimplicit-retain-self -Wno-non-virtual-dtor -Wno-overloaded-virtual -Wno-exit-time-destructors -Wduplicate-method-match -Wno-missing-braces -Wparentheses -Wswitch -Wunused-function -Wno-unused-label -Wno-unused-parameter -Wunused-variable -Wunused-value -Wempty-body -Wuninitialized -Wconditional-uninitialized -Wno-unknown-pragmas -Wno-shadow -Wno-four-char-constants -Wno-conversion -Wconstant-conversion -Wint-conversion -Wbool-conversion -Wenum-conversion -Wno-float-conversion -Wnon-literal-null-conversion -Wobjc-literal-conversion -Wshorten-64-to-32 -Wno-newline-eof -Wno-selector -Wno-strict-selector-match -Wundeclared-selector -Wdeprecated-implementations -Wno-c++11-extensions -Wno-implicit-fallthrough -isysroot /Applications/Xcode.app/Contents/Developer/Platforms/iPhoneOS.platform/Developer/SDKs/iPhoneOS26.5.sdk -fstrict-aliasing -Wprotocol -Wdeprecated-declarations -Winvalid-offsetof -Wno-sign-conversion -Winfinite-recursion -Wmove -Wcomma -Wblock-capture-autoreleasing -Wstrict-prototypes -Wrange-loop-analysis -Wno-semicolon-before-method-body -Wunguarded-availability -index-store-path /Users/jonahmicahinguito/Library/Developer/Xcode/DerivedData/rotaractconnect-cjwcbdlngckcsaantafkjnfzfbdk/Index.noindex/DataStore @/Users/jonahmicahinguito/Library/Developer/Xcode/DerivedData/rotaractconnect-cjwcbdlngckcsaantafkjnfzfbdk/Build/Intermediates.noindex/Pods.build/Debug-iphoneos/RNGestureHandler.build/Objects-normal/arm64/af3fcb34312c57c0f52879cdce924b91-common-args.resp -DRCT_NEW_ARCH_ENABLED\=1 -include /Users/jonahmicahinguito/dev/rotaract-connect/ios/Pods/Target\ Support\ Files/RNGestureHandler/RNGestureHandler-prefix.pch -MMD -MT dependencies -MF /Users/jonahmicahinguito/Library/Developer/Xcode/DerivedData/rotaractconnect-cjwcbdlngckcsaantafkjnfzfbdk/Build/Intermediates.noindex/Pods.build/Debug-iphoneos/RNGestureHandler.build/Objects-normal/arm64/RNGestureHandler.d --serialize-diagnostics /Users/jonahmicahinguito/Library/Developer/Xcode/DerivedData/rotaractconnect-cjwcbdlngckcsaantafkjnfzfbdk/Build/Intermediates.noindex/Pods.build/Debug-iphoneos/RNGestureHandler.build/Objects-normal/arm64/RNGestureHandler.dia -c /Users/jonahmicahinguito/dev/rotaract-connect/node_modules/react-native-gesture-handler/apple/RNGestureHandler.mm -o /Users/jonahmicahinguito/Library/Developer/Xcode/DerivedData/rotaractconnect-cjwcbdlngckcsaantafkjnfzfbdk/Build/Intermediates.noindex/Pods.build/Debug-iphoneos/RNGestureHandler.build/Objects-normal/arm64/RNGestureHandler.o -index-unit-output-path /Pods.build/Debug-iphoneos/RNGestureHandler.build/Objects-normal/arm64/RNGestureHandler.o

In file included from /Users/jonahmicahinguito/dev/rotaract-connect/node_modules/react-native-gesture-handler/apple/RNGestureHandler.mm:15:
In file included from /Users/jonahmicahinguito/dev/rotaract-connect/ios/Pods/Headers/Public/React-RCTFabric/React/RCTScrollViewComponentView.h:12:
In file included from /Users/jonahmicahinguito/dev/rotaract-connect/ios/Pods/Headers/Public/React-RCTFabric/React/RCTMountingTransactionObserving.h:10:
In file included from /Users/jonahmicahinguito/dev/rotaract-connect/ios/Pods/Headers/Public/React-Fabric/react/renderer/mounting/MountingTransaction.h:10:
/Users/jonahmicahinguito/dev/rotaract-connect/ios/Pods/Headers/Public/React-Fabric/react/renderer/mounting/ShadowViewMutation.h:46:7: warning: declaration is marked with '@deprecated' command but does not have a deprecation attribute [-Wdocumentation-deprecated-sync]
   46 |    * @deprecated Pass parentTag instead of parentShadowView.
      |      ~^~~~~~~~~~~~~~~~~~~~~~~~~~~~~~~~~~~~~~~~~~~~~~~~~~~~~~
/Users/jonahmicahinguito/dev/rotaract-connect/ios/Pods/Headers/Public/React-Fabric/react/renderer/mounting/ShadowViewMutation.h:48:3: note: add a deprecation attribute to the declaration to silence this warning
   48 |   static ShadowViewMutation InsertMutation(const ShadowView &parentShadowView, ShadowView childShadowView, int index)
      |   ^
      |   FMT_DEPRECATED 
/Users/jonahmicahinguito/dev/rotaract-connect/ios/Pods/Headers/Public/React-Fabric/react/renderer/mounting/ShadowViewMutation.h:60:7: warning: declaration is marked with '@deprecated' command but does not have a deprecation attribute [-Wdocumentation-deprecated-sync]
   60 |    * @deprecated Pass parentTag instead of parentShadowView.
      |      ~^~~~~~~~~~~~~~~~~~~~~~~~~~~~~~~~~~~~~~~~~~~~~~~~~~~~~~
/Users/jonahmicahinguito/dev/rotaract-connect/ios/Pods/Headers/Public/React-Fabric/react/renderer/mounting/ShadowViewMutation.h:62:3: note: add a deprecation attribute to the declaration to silence this warning
   62 |   static ShadowViewMutation RemoveMutation(const ShadowView &parentShadowView, ShadowView childShadowView, int index)
      |   ^
      |   FMT_DEPRECATED 
/Users/jonahmicahinguito/dev/rotaract-connect/ios/Pods/Headers/Public/React-Fabric/react/renderer/mounting/ShadowViewMutation.h:74:7: warning: declaration is marked with '@deprecated' command but does not have a deprecation attribute [-Wdocumentation-deprecated-sync]
   74 |    * @deprecated Pass parentTag instead of parentShadowView.
      |      ~^~~~~~~~~~~~~~~~~~~~~~~~~~~~~~~~~~~~~~~~~~~~~~~~~~~~~~
/Users/jonahmicahinguito/dev/rotaract-connect/ios/Pods/Headers/Public/React-Fabric/react/renderer/mounting/ShadowViewMutation.h:76:3: note: add a deprecation attribute to the declaration to silence this warning
   76 |   static ShadowViewMutation
      |   ^
      |   FMT_DEPRECATED 
In file included from /Users/jonahmicahinguito/dev/rotaract-connect/node_modules/react-native-gesture-handler/apple/RNGestureHandler.mm:1:
In file included from /Users/jonahmicahinguito/dev/rotaract-connect/node_modules/react-native-gesture-handler/apple/RNGestureHandler.h:4:
In file included from /Users/jonahmicahinguito/dev/rotaract-connect/node_modules/react-native-gesture-handler/apple/RNGestureHandlerEvents.h:5:
/Users/jonahmicahinguito/dev/rotaract-connect/node_modules/react-native-gesture-handler/apple/RNGHStylusData.h:23:16: warning: unused function 'ghSpherical2tilt' [-Wunused-function]
   23 | static CGPoint ghSpherical2tilt(double altitudeAngle, double azimuthAngle)
      |                ^~~~~~~~~~~~~~~~
4 warnings generated.

/Users/jonahmicahinguito/dev/rotaract-connect/ios/Pods/Headers/Public/React-Fabric/react/renderer/mounting/ShadowViewMutation.h:46:7: Declaration is marked with '@deprecated' command but does not have a deprecation attribute

/Users/jonahmicahinguito/dev/rotaract-connect/ios/Pods/Headers/Public/React-Fabric/react/renderer/mounting/ShadowViewMutation.h:60:7: Declaration is marked with '@deprecated' command but does not have a deprecation attribute

/Users/jonahmicahinguito/dev/rotaract-connect/ios/Pods/Headers/Public/React-Fabric/react/renderer/mounting/ShadowViewMutation.h:74:7: Declaration is marked with '@deprecated' command but does not have a deprecation attribute

/Users/jonahmicahinguito/dev/rotaract-connect/node_modules/react-native-gesture-handler/apple/RNGHStylusData.h:23:16: Unused function 'ghSpherical2tilt'

CompileC /Users/jonahmicahinguito/Library/Developer/Xcode/DerivedData/rotaractconnect-cjwcbdlngckcsaantafkjnfzfbdk/Build/Intermediates.noindex/Pods.build/Debug-iphoneos/RNGestureHandler.build/Objects-normal/arm64/RNGestureHandlerEvents.o /Users/jonahmicahinguito/dev/rotaract-connect/node_modules/react-native-gesture-handler/apple/RNGestureHandlerEvents.m normal arm64 objective-c com.apple.compilers.llvm.clang.1_0.compiler (in target 'RNGestureHandler' from project 'Pods')
    cd /Users/jonahmicahinguito/dev/rotaract-connect/ios/Pods
    
    Using response file: /Users/jonahmicahinguito/Library/Developer/Xcode/DerivedData/rotaractconnect-cjwcbdlngckcsaantafkjnfzfbdk/Build/Intermediates.noindex/Pods.build/Debug-iphoneos/RNGestureHandler.build/Objects-normal/arm64/e6072d4f65d7061329687fe24e3d63a7-common-args.resp
    
    /Applications/Xcode.app/Contents/Developer/Toolchains/XcodeDefault.xctoolchain/usr/bin/clang -x objective-c -ivfsstatcache /Users/jonahmicahinguito/Library/Developer/Xcode/DerivedData/SDKStatCaches.noindex/iphoneos26.5-23F81a-32daed1954a7d5dd0789fcaf2a9bb78b.sdkstatcache -target arm64-apple-ios15.1 -fmessage-length\=0 -fdiagnostics-show-note-include-stack -fmacro-backtrace-limit\=0 -fno-color-diagnostics -fmodules-prune-interval\=86400 -fmodules-prune-after\=345600 -fbuild-session-file\=/Users/jonahmicahinguito/Library/Developer/Xcode/DerivedData/ModuleCache.noindex/Session.modulevalidation -fmodules-validate-once-per-build-session -Wnon-modular-include-in-framework-module -Werror\=non-modular-include-in-framework-module -Wno-trigraphs -Wno-missing-field-initializers -Wno-missing-prototypes -Werror\=return-type -Wdocumentation -Wunreachable-code -Wno-implicit-atomic-properties -Werror\=deprecated-objc-isa-usage -Wno-objc-interface-ivars -Werror\=objc-root-class -Wno-arc-repeated-use-of-weak -Wimplicit-retain-self -Wduplicate-method-match -Wno-missing-braces -Wparentheses -Wswitch -Wunused-function -Wno-unused-label -Wno-unused-parameter -Wunused-variable -Wunused-value -Wempty-body -Wuninitialized -Wconditional-uninitialized -Wno-unknown-pragmas -Wno-shadow -Wno-four-char-constants -Wno-conversion -Wconstant-conversion -Wint-conversion -Wbool-conversion -Wenum-conversion -Wno-float-conversion -Wnon-literal-null-conversion -Wobjc-literal-conversion -Wshorten-64-to-32 -Wpointer-sign -Wno-newline-eof -Wno-selector -Wno-strict-selector-match -Wundeclared-selector -Wdeprecated-implementations -Wno-implicit-fallthrough -isysroot /Applications/Xcode.app/Contents/Developer/Platforms/iPhoneOS.platform/Developer/SDKs/iPhoneOS26.5.sdk -fstrict-aliasing -Wprotocol -Wdeprecated-declarations -Wno-sign-conversion -Winfinite-recursion -Wcomma -Wblock-capture-autoreleasing -Wstrict-prototypes -Wno-semicolon-before-method-body -Wunguarded-availability -index-store-path /Users/jonahmicahinguito/Library/Developer/Xcode/DerivedData/rotaractconnect-cjwcbdlngckcsaantafkjnfzfbdk/Index.noindex/DataStore @/Users/jonahmicahinguito/Library/Developer/Xcode/DerivedData/rotaractconnect-cjwcbdlngckcsaantafkjnfzfbdk/Build/Intermediates.noindex/Pods.build/Debug-iphoneos/RNGestureHandler.build/Objects-normal/arm64/e6072d4f65d7061329687fe24e3d63a7-common-args.resp -DRCT_NEW_ARCH_ENABLED\=1 -include /Users/jonahmicahinguito/dev/rotaract-connect/ios/Pods/Target\ Support\ Files/RNGestureHandler/RNGestureHandler-prefix.pch -MMD -MT dependencies -MF /Users/jonahmicahinguito/Library/Developer/Xcode/DerivedData/rotaractconnect-cjwcbdlngckcsaantafkjnfzfbdk/Build/Intermediates.noindex/Pods.build/Debug-iphoneos/RNGestureHandler.build/Objects-normal/arm64/RNGestureHandlerEvents.d --serialize-diagnostics /Users/jonahmicahinguito/Library/Developer/Xcode/DerivedData/rotaractconnect-cjwcbdlngckcsaantafkjnfzfbdk/Build/Intermediates.noindex/Pods.build/Debug-iphoneos/RNGestureHandler.build/Objects-normal/arm64/RNGestureHandlerEvents.dia -c /Users/jonahmicahinguito/dev/rotaract-connect/node_modules/react-native-gesture-handler/apple/RNGestureHandlerEvents.m -o /Users/jonahmicahinguito/Library/Developer/Xcode/DerivedData/rotaractconnect-cjwcbdlngckcsaantafkjnfzfbdk/Build/Intermediates.noindex/Pods.build/Debug-iphoneos/RNGestureHandler.build/Objects-normal/arm64/RNGestureHandlerEvents.o -index-unit-output-path /Pods.build/Debug-iphoneos/RNGestureHandler.build/Objects-normal/arm64/RNGestureHandlerEvents.o

In file included from /Users/jonahmicahinguito/dev/rotaract-connect/node_modules/react-native-gesture-handler/apple/RNGestureHandlerEvents.m:1:
In file included from /Users/jonahmicahinguito/dev/rotaract-connect/node_modules/react-native-gesture-handler/apple/RNGestureHandlerEvents.h:5:
/Users/jonahmicahinguito/dev/rotaract-connect/node_modules/react-native-gesture-handler/apple/RNGHStylusData.h:23:16: warning: unused function 'ghSpherical2tilt' [-Wunused-function]
   23 | static CGPoint ghSpherical2tilt(double altitudeAngle, double azimuthAngle)
      |                ^~~~~~~~~~~~~~~~
1 warning generated.

/Users/jonahmicahinguito/dev/rotaract-connect/node_modules/react-native-gesture-handler/apple/RNGHStylusData.h:23:16: Unused function 'ghSpherical2tilt'

CompileC /Users/jonahmicahinguito/Library/Developer/Xcode/DerivedData/rotaractconnect-cjwcbdlngckcsaantafkjnfzfbdk/Build/Intermediates.noindex/Pods.build/Debug-iphoneos/RNGestureHandler.build/Objects-normal/arm64/RNGHStylusData.o /Users/jonahmicahinguito/dev/rotaract-connect/node_modules/react-native-gesture-handler/apple/RNGHStylusData.m normal arm64 objective-c com.apple.compilers.llvm.clang.1_0.compiler (in target 'RNGestureHandler' from project 'Pods')
    cd /Users/jonahmicahinguito/dev/rotaract-connect/ios/Pods
    
    Using response file: /Users/jonahmicahinguito/Library/Developer/Xcode/DerivedData/rotaractconnect-cjwcbdlngckcsaantafkjnfzfbdk/Build/Intermediates.noindex/Pods.build/Debug-iphoneos/RNGestureHandler.build/Objects-normal/arm64/e6072d4f65d7061329687fe24e3d63a7-common-args.resp
    
    /Applications/Xcode.app/Contents/Developer/Toolchains/XcodeDefault.xctoolchain/usr/bin/clang -x objective-c -ivfsstatcache /Users/jonahmicahinguito/Library/Developer/Xcode/DerivedData/SDKStatCaches.noindex/iphoneos26.5-23F81a-32daed1954a7d5dd0789fcaf2a9bb78b.sdkstatcache -target arm64-apple-ios15.1 -fmessage-length\=0 -fdiagnostics-show-note-include-stack -fmacro-backtrace-limit\=0 -fno-color-diagnostics -fmodules-prune-interval\=86400 -fmodules-prune-after\=345600 -fbuild-session-file\=/Users/jonahmicahinguito/Library/Developer/Xcode/DerivedData/ModuleCache.noindex/Session.modulevalidation -fmodules-validate-once-per-build-session -Wnon-modular-include-in-framework-module -Werror\=non-modular-include-in-framework-module -Wno-trigraphs -Wno-missing-field-initializers -Wno-missing-prototypes -Werror\=return-type -Wdocumentation -Wunreachable-code -Wno-implicit-atomic-properties -Werror\=deprecated-objc-isa-usage -Wno-objc-interface-ivars -Werror\=objc-root-class -Wno-arc-repeated-use-of-weak -Wimplicit-retain-self -Wduplicate-method-match -Wno-missing-braces -Wparentheses -Wswitch -Wunused-function -Wno-unused-label -Wno-unused-parameter -Wunused-variable -Wunused-value -Wempty-body -Wuninitialized -Wconditional-uninitialized -Wno-unknown-pragmas -Wno-shadow -Wno-four-char-constants -Wno-conversion -Wconstant-conversion -Wint-conversion -Wbool-conversion -Wenum-conversion -Wno-float-conversion -Wnon-literal-null-conversion -Wobjc-literal-conversion -Wshorten-64-to-32 -Wpointer-sign -Wno-newline-eof -Wno-selector -Wno-strict-selector-match -Wundeclared-selector -Wdeprecated-implementations -Wno-implicit-fallthrough -isysroot /Applications/Xcode.app/Contents/Developer/Platforms/iPhoneOS.platform/Developer/SDKs/iPhoneOS26.5.sdk -fstrict-aliasing -Wprotocol -Wdeprecated-declarations -Wno-sign-conversion -Winfinite-recursion -Wcomma -Wblock-capture-autoreleasing -Wstrict-prototypes -Wno-semicolon-before-method-body -Wunguarded-availability -index-store-path /Users/jonahmicahinguito/Library/Developer/Xcode/DerivedData/rotaractconnect-cjwcbdlngckcsaantafkjnfzfbdk/Index.noindex/DataStore @/Users/jonahmicahinguito/Library/Developer/Xcode/DerivedData/rotaractconnect-cjwcbdlngckcsaantafkjnfzfbdk/Build/Intermediates.noindex/Pods.build/Debug-iphoneos/RNGestureHandler.build/Objects-normal/arm64/e6072d4f65d7061329687fe24e3d63a7-common-args.resp -DRCT_NEW_ARCH_ENABLED\=1 -include /Users/jonahmicahinguito/dev/rotaract-connect/ios/Pods/Target\ Support\ Files/RNGestureHandler/RNGestureHandler-prefix.pch -MMD -MT dependencies -MF /Users/jonahmicahinguito/Library/Developer/Xcode/DerivedData/rotaractconnect-cjwcbdlngckcsaantafkjnfzfbdk/Build/Intermediates.noindex/Pods.build/Debug-iphoneos/RNGestureHandler.build/Objects-normal/arm64/RNGHStylusData.d --serialize-diagnostics /Users/jonahmicahinguito/Library/Developer/Xcode/DerivedData/rotaractconnect-cjwcbdlngckcsaantafkjnfzfbdk/Build/Intermediates.noindex/Pods.build/Debug-iphoneos/RNGestureHandler.build/Objects-normal/arm64/RNGHStylusData.dia -c /Users/jonahmicahinguito/dev/rotaract-connect/node_modules/react-native-gesture-handler/apple/RNGHStylusData.m -o /Users/jonahmicahinguito/Library/Developer/Xcode/DerivedData/rotaractconnect-cjwcbdlngckcsaantafkjnfzfbdk/Build/Intermediates.noindex/Pods.build/Debug-iphoneos/RNGestureHandler.build/Objects-normal/arm64/RNGHStylusData.o -index-unit-output-path /Pods.build/Debug-iphoneos/RNGestureHandler.build/Objects-normal/arm64/RNGHStylusData.o

In file included from /Users/jonahmicahinguito/dev/rotaract-connect/node_modules/react-native-gesture-handler/apple/RNGHStylusData.m:8:
/Users/jonahmicahinguito/dev/rotaract-connect/node_modules/react-native-gesture-handler/apple/RNGHStylusData.h:23:16: warning: unused function 'ghSpherical2tilt' [-Wunused-function]
   23 | static CGPoint ghSpherical2tilt(double altitudeAngle, double azimuthAngle)
      |                ^~~~~~~~~~~~~~~~
1 warning generated.

/Users/jonahmicahinguito/dev/rotaract-connect/node_modules/react-native-gesture-handler/apple/RNGHStylusData.h:23:16: Unused function 'ghSpherical2tilt'

CompileC /Users/jonahmicahinguito/Library/Developer/Xcode/DerivedData/rotaractconnect-cjwcbdlngckcsaantafkjnfzfbdk/Build/Intermediates.noindex/Pods.build/Debug-iphoneos/RNGestureHandler.build/Objects-normal/arm64/RNTapHandler.o /Users/jonahmicahinguito/dev/rotaract-connect/node_modules/react-native-gesture-handler/apple/Handlers/RNTapHandler.m normal arm64 objective-c com.apple.compilers.llvm.clang.1_0.compiler (in target 'RNGestureHandler' from project 'Pods')
    cd /Users/jonahmicahinguito/dev/rotaract-connect/ios/Pods
    
    Using response file: /Users/jonahmicahinguito/Library/Developer/Xcode/DerivedData/rotaractconnect-cjwcbdlngckcsaantafkjnfzfbdk/Build/Intermediates.noindex/Pods.build/Debug-iphoneos/RNGestureHandler.build/Objects-normal/arm64/e6072d4f65d7061329687fe24e3d63a7-common-args.resp
    
    /Applications/Xcode.app/Contents/Developer/Toolchains/XcodeDefault.xctoolchain/usr/bin/clang -x objective-c -ivfsstatcache /Users/jonahmicahinguito/Library/Developer/Xcode/DerivedData/SDKStatCaches.noindex/iphoneos26.5-23F81a-32daed1954a7d5dd0789fcaf2a9bb78b.sdkstatcache -target arm64-apple-ios15.1 -fmessage-length\=0 -fdiagnostics-show-note-include-stack -fmacro-backtrace-limit\=0 -fno-color-diagnostics -fmodules-prune-interval\=86400 -fmodules-prune-after\=345600 -fbuild-session-file\=/Users/jonahmicahinguito/Library/Developer/Xcode/DerivedData/ModuleCache.noindex/Session.modulevalidation -fmodules-validate-once-per-build-session -Wnon-modular-include-in-framework-module -Werror\=non-modular-include-in-framework-module -Wno-trigraphs -Wno-missing-field-initializers -Wno-missing-prototypes -Werror\=return-type -Wdocumentation -Wunreachable-code -Wno-implicit-atomic-properties -Werror\=deprecated-objc-isa-usage -Wno-objc-interface-ivars -Werror\=objc-root-class -Wno-arc-repeated-use-of-weak -Wimplicit-retain-self -Wduplicate-method-match -Wno-missing-braces -Wparentheses -Wswitch -Wunused-function -Wno-unused-label -Wno-unused-parameter -Wunused-variable -Wunused-value -Wempty-body -Wuninitialized -Wconditional-uninitialized -Wno-unknown-pragmas -Wno-shadow -Wno-four-char-constants -Wno-conversion -Wconstant-conversion -Wint-conversion -Wbool-conversion -Wenum-conversion -Wno-float-conversion -Wnon-literal-null-conversion -Wobjc-literal-conversion -Wshorten-64-to-32 -Wpointer-sign -Wno-newline-eof -Wno-selector -Wno-strict-selector-match -Wundeclared-selector -Wdeprecated-implementations -Wno-implicit-fallthrough -isysroot /Applications/Xcode.app/Contents/Developer/Platforms/iPhoneOS.platform/Developer/SDKs/iPhoneOS26.5.sdk -fstrict-aliasing -Wprotocol -Wdeprecated-declarations -Wno-sign-conversion -Winfinite-recursion -Wcomma -Wblock-capture-autoreleasing -Wstrict-prototypes -Wno-semicolon-before-method-body -Wunguarded-availability -index-store-path /Users/jonahmicahinguito/Library/Developer/Xcode/DerivedData/rotaractconnect-cjwcbdlngckcsaantafkjnfzfbdk/Index.noindex/DataStore @/Users/jonahmicahinguito/Library/Developer/Xcode/DerivedData/rotaractconnect-cjwcbdlngckcsaantafkjnfzfbdk/Build/Intermediates.noindex/Pods.build/Debug-iphoneos/RNGestureHandler.build/Objects-normal/arm64/e6072d4f65d7061329687fe24e3d63a7-common-args.resp -DRCT_NEW_ARCH_ENABLED\=1 -include /Users/jonahmicahinguito/dev/rotaract-connect/ios/Pods/Target\ Support\ Files/RNGestureHandler/RNGestureHandler-prefix.pch -MMD -MT dependencies -MF /Users/jonahmicahinguito/Library/Developer/Xcode/DerivedData/rotaractconnect-cjwcbdlngckcsaantafkjnfzfbdk/Build/Intermediates.noindex/Pods.build/Debug-iphoneos/RNGestureHandler.build/Objects-normal/arm64/RNTapHandler.d --serialize-diagnostics /Users/jonahmicahinguito/Library/Developer/Xcode/DerivedData/rotaractconnect-cjwcbdlngckcsaantafkjnfzfbdk/Build/Intermediates.noindex/Pods.build/Debug-iphoneos/RNGestureHandler.build/Objects-normal/arm64/RNTapHandler.dia -c /Users/jonahmicahinguito/dev/rotaract-connect/node_modules/react-native-gesture-handler/apple/Handlers/RNTapHandler.m -o /Users/jonahmicahinguito/Library/Developer/Xcode/DerivedData/rotaractconnect-cjwcbdlngckcsaantafkjnfzfbdk/Build/Intermediates.noindex/Pods.build/Debug-iphoneos/RNGestureHandler.build/Objects-normal/arm64/RNTapHandler.o -index-unit-output-path /Pods.build/Debug-iphoneos/RNGestureHandler.build/Objects-normal/arm64/RNTapHandler.o

In file included from /Users/jonahmicahinguito/dev/rotaract-connect/node_modules/react-native-gesture-handler/apple/Handlers/RNTapHandler.m:9:
In file included from /Users/jonahmicahinguito/dev/rotaract-connect/node_modules/react-native-gesture-handler/apple/Handlers/RNTapHandler.h:9:
In file included from /Users/jonahmicahinguito/dev/rotaract-connect/node_modules/react-native-gesture-handler/apple/RNGestureHandler.h:4:
In file included from /Users/jonahmicahinguito/dev/rotaract-connect/node_modules/react-native-gesture-handler/apple/RNGestureHandlerEvents.h:5:
/Users/jonahmicahinguito/dev/rotaract-connect/node_modules/react-native-gesture-handler/apple/RNGHStylusData.h:23:16: warning: unused function 'ghSpherical2tilt' [-Wunused-function]
   23 | static CGPoint ghSpherical2tilt(double altitudeAngle, double azimuthAngle)
      |                ^~~~~~~~~~~~~~~~
1 warning generated.

/Users/jonahmicahinguito/dev/rotaract-connect/node_modules/react-native-gesture-handler/apple/RNGHStylusData.h:23:16: Unused function 'ghSpherical2tilt'

CompileC /Users/jonahmicahinguito/Library/Developer/Xcode/DerivedData/rotaractconnect-cjwcbdlngckcsaantafkjnfzfbdk/Build/Intermediates.noindex/Pods.build/Debug-iphoneos/RNGestureHandler.build/Objects-normal/arm64/RNRotationHandler.o /Users/jonahmicahinguito/dev/rotaract-connect/node_modules/react-native-gesture-handler/apple/Handlers/RNRotationHandler.m normal arm64 objective-c com.apple.compilers.llvm.clang.1_0.compiler (in target 'RNGestureHandler' from project 'Pods')
    cd /Users/jonahmicahinguito/dev/rotaract-connect/ios/Pods
    
    Using response file: /Users/jonahmicahinguito/Library/Developer/Xcode/DerivedData/rotaractconnect-cjwcbdlngckcsaantafkjnfzfbdk/Build/Intermediates.noindex/Pods.build/Debug-iphoneos/RNGestureHandler.build/Objects-normal/arm64/e6072d4f65d7061329687fe24e3d63a7-common-args.resp
    
    /Applications/Xcode.app/Contents/Developer/Toolchains/XcodeDefault.xctoolchain/usr/bin/clang -x objective-c -ivfsstatcache /Users/jonahmicahinguito/Library/Developer/Xcode/DerivedData/SDKStatCaches.noindex/iphoneos26.5-23F81a-32daed1954a7d5dd0789fcaf2a9bb78b.sdkstatcache -target arm64-apple-ios15.1 -fmessage-length\=0 -fdiagnostics-show-note-include-stack -fmacro-backtrace-limit\=0 -fno-color-diagnostics -fmodules-prune-interval\=86400 -fmodules-prune-after\=345600 -fbuild-session-file\=/Users/jonahmicahinguito/Library/Developer/Xcode/DerivedData/ModuleCache.noindex/Session.modulevalidation -fmodules-validate-once-per-build-session -Wnon-modular-include-in-framework-module -Werror\=non-modular-include-in-framework-module -Wno-trigraphs -Wno-missing-field-initializers -Wno-missing-prototypes -Werror\=return-type -Wdocumentation -Wunreachable-code -Wno-implicit-atomic-properties -Werror\=deprecated-objc-isa-usage -Wno-objc-interface-ivars -Werror\=objc-root-class -Wno-arc-repeated-use-of-weak -Wimplicit-retain-self -Wduplicate-method-match -Wno-missing-braces -Wparentheses -Wswitch -Wunused-function -Wno-unused-label -Wno-unused-parameter -Wunused-variable -Wunused-value -Wempty-body -Wuninitialized -Wconditional-uninitialized -Wno-unknown-pragmas -Wno-shadow -Wno-four-char-constants -Wno-conversion -Wconstant-conversion -Wint-conversion -Wbool-conversion -Wenum-conversion -Wno-float-conversion -Wnon-literal-null-conversion -Wobjc-literal-conversion -Wshorten-64-to-32 -Wpointer-sign -Wno-newline-eof -Wno-selector -Wno-strict-selector-match -Wundeclared-selector -Wdeprecated-implementations -Wno-implicit-fallthrough -isysroot /Applications/Xcode.app/Contents/Developer/Platforms/iPhoneOS.platform/Developer/SDKs/iPhoneOS26.5.sdk -fstrict-aliasing -Wprotocol -Wdeprecated-declarations -Wno-sign-conversion -Winfinite-recursion -Wcomma -Wblock-capture-autoreleasing -Wstrict-prototypes -Wno-semicolon-before-method-body -Wunguarded-availability -index-store-path /Users/jonahmicahinguito/Library/Developer/Xcode/DerivedData/rotaractconnect-cjwcbdlngckcsaantafkjnfzfbdk/Index.noindex/DataStore @/Users/jonahmicahinguito/Library/Developer/Xcode/DerivedData/rotaractconnect-cjwcbdlngckcsaantafkjnfzfbdk/Build/Intermediates.noindex/Pods.build/Debug-iphoneos/RNGestureHandler.build/Objects-normal/arm64/e6072d4f65d7061329687fe24e3d63a7-common-args.resp -DRCT_NEW_ARCH_ENABLED\=1 -include /Users/jonahmicahinguito/dev/rotaract-connect/ios/Pods/Target\ Support\ Files/RNGestureHandler/RNGestureHandler-prefix.pch -MMD -MT dependencies -MF /Users/jonahmicahinguito/Library/Developer/Xcode/DerivedData/rotaractconnect-cjwcbdlngckcsaantafkjnfzfbdk/Build/Intermediates.noindex/Pods.build/Debug-iphoneos/RNGestureHandler.build/Objects-normal/arm64/RNRotationHandler.d --serialize-diagnostics /Users/jonahmicahinguito/Library/Developer/Xcode/DerivedData/rotaractconnect-cjwcbdlngckcsaantafkjnfzfbdk/Build/Intermediates.noindex/Pods.build/Debug-iphoneos/RNGestureHandler.build/Objects-normal/arm64/RNRotationHandler.dia -c /Users/jonahmicahinguito/dev/rotaract-connect/node_modules/react-native-gesture-handler/apple/Handlers/RNRotationHandler.m -o /Users/jonahmicahinguito/Library/Developer/Xcode/DerivedData/rotaractconnect-cjwcbdlngckcsaantafkjnfzfbdk/Build/Intermediates.noindex/Pods.build/Debug-iphoneos/RNGestureHandler.build/Objects-normal/arm64/RNRotationHandler.o -index-unit-output-path /Pods.build/Debug-iphoneos/RNGestureHandler.build/Objects-normal/arm64/RNRotationHandler.o

In file included from /Users/jonahmicahinguito/dev/rotaract-connect/node_modules/react-native-gesture-handler/apple/Handlers/RNRotationHandler.m:9:
In file included from /Users/jonahmicahinguito/dev/rotaract-connect/node_modules/react-native-gesture-handler/apple/Handlers/RNRotationHandler.h:9:
In file included from /Users/jonahmicahinguito/dev/rotaract-connect/node_modules/react-native-gesture-handler/apple/RNGestureHandler.h:4:
In file included from /Users/jonahmicahinguito/dev/rotaract-connect/node_modules/react-native-gesture-handler/apple/RNGestureHandlerEvents.h:5:
/Users/jonahmicahinguito/dev/rotaract-connect/node_modules/react-native-gesture-handler/apple/RNGHStylusData.h:23:16: warning: unused function 'ghSpherical2tilt' [-Wunused-function]
   23 | static CGPoint ghSpherical2tilt(double altitudeAngle, double azimuthAngle)
      |                ^~~~~~~~~~~~~~~~
1 warning generated.

/Users/jonahmicahinguito/dev/rotaract-connect/node_modules/react-native-gesture-handler/apple/RNGHStylusData.h:23:16: Unused function 'ghSpherical2tilt'

CompileC /Users/jonahmicahinguito/Library/Developer/Xcode/DerivedData/rotaractconnect-cjwcbdlngckcsaantafkjnfzfbdk/Build/Intermediates.noindex/Pods.build/Debug-iphoneos/RNGestureHandler.build/Objects-normal/arm64/RNRootViewGestureRecognizer.o /Users/jonahmicahinguito/dev/rotaract-connect/node_modules/react-native-gesture-handler/apple/RNRootViewGestureRecognizer.m normal arm64 objective-c com.apple.compilers.llvm.clang.1_0.compiler (in target 'RNGestureHandler' from project 'Pods')
    cd /Users/jonahmicahinguito/dev/rotaract-connect/ios/Pods
    
    Using response file: /Users/jonahmicahinguito/Library/Developer/Xcode/DerivedData/rotaractconnect-cjwcbdlngckcsaantafkjnfzfbdk/Build/Intermediates.noindex/Pods.build/Debug-iphoneos/RNGestureHandler.build/Objects-normal/arm64/e6072d4f65d7061329687fe24e3d63a7-common-args.resp
    
    /Applications/Xcode.app/Contents/Developer/Toolchains/XcodeDefault.xctoolchain/usr/bin/clang -x objective-c -ivfsstatcache /Users/jonahmicahinguito/Library/Developer/Xcode/DerivedData/SDKStatCaches.noindex/iphoneos26.5-23F81a-32daed1954a7d5dd0789fcaf2a9bb78b.sdkstatcache -target arm64-apple-ios15.1 -fmessage-length\=0 -fdiagnostics-show-note-include-stack -fmacro-backtrace-limit\=0 -fno-color-diagnostics -fmodules-prune-interval\=86400 -fmodules-prune-after\=345600 -fbuild-session-file\=/Users/jonahmicahinguito/Library/Developer/Xcode/DerivedData/ModuleCache.noindex/Session.modulevalidation -fmodules-validate-once-per-build-session -Wnon-modular-include-in-framework-module -Werror\=non-modular-include-in-framework-module -Wno-trigraphs -Wno-missing-field-initializers -Wno-missing-prototypes -Werror\=return-type -Wdocumentation -Wunreachable-code -Wno-implicit-atomic-properties -Werror\=deprecated-objc-isa-usage -Wno-objc-interface-ivars -Werror\=objc-root-class -Wno-arc-repeated-use-of-weak -Wimplicit-retain-self -Wduplicate-method-match -Wno-missing-braces -Wparentheses -Wswitch -Wunused-function -Wno-unused-label -Wno-unused-parameter -Wunused-variable -Wunused-value -Wempty-body -Wuninitialized -Wconditional-uninitialized -Wno-unknown-pragmas -Wno-shadow -Wno-four-char-constants -Wno-conversion -Wconstant-conversion -Wint-conversion -Wbool-conversion -Wenum-conversion -Wno-float-conversion -Wnon-literal-null-conversion -Wobjc-literal-conversion -Wshorten-64-to-32 -Wpointer-sign -Wno-newline-eof -Wno-selector -Wno-strict-selector-match -Wundeclared-selector -Wdeprecated-implementations -Wno-implicit-fallthrough -isysroot /Applications/Xcode.app/Contents/Developer/Platforms/iPhoneOS.platform/Developer/SDKs/iPhoneOS26.5.sdk -fstrict-aliasing -Wprotocol -Wdeprecated-declarations -Wno-sign-conversion -Winfinite-recursion -Wcomma -Wblock-capture-autoreleasing -Wstrict-prototypes -Wno-semicolon-before-method-body -Wunguarded-availability -index-store-path /Users/jonahmicahinguito/Library/Developer/Xcode/DerivedData/rotaractconnect-cjwcbdlngckcsaantafkjnfzfbdk/Index.noindex/DataStore @/Users/jonahmicahinguito/Library/Developer/Xcode/DerivedData/rotaractconnect-cjwcbdlngckcsaantafkjnfzfbdk/Build/Intermediates.noindex/Pods.build/Debug-iphoneos/RNGestureHandler.build/Objects-normal/arm64/e6072d4f65d7061329687fe24e3d63a7-common-args.resp -DRCT_NEW_ARCH_ENABLED\=1 -include /Users/jonahmicahinguito/dev/rotaract-connect/ios/Pods/Target\ Support\ Files/RNGestureHandler/RNGestureHandler-prefix.pch -MMD -MT dependencies -MF /Users/jonahmicahinguito/Library/Developer/Xcode/DerivedData/rotaractconnect-cjwcbdlngckcsaantafkjnfzfbdk/Build/Intermediates.noindex/Pods.build/Debug-iphoneos/RNGestureHandler.build/Objects-normal/arm64/RNRootViewGestureRecognizer.d --serialize-diagnostics /Users/jonahmicahinguito/Library/Developer/Xcode/DerivedData/rotaractconnect-cjwcbdlngckcsaantafkjnfzfbdk/Build/Intermediates.noindex/Pods.build/Debug-iphoneos/RNGestureHandler.build/Objects-normal/arm64/RNRootViewGestureRecognizer.dia -c /Users/jonahmicahinguito/dev/rotaract-connect/node_modules/react-native-gesture-handler/apple/RNRootViewGestureRecognizer.m -o /Users/jonahmicahinguito/Library/Developer/Xcode/DerivedData/rotaractconnect-cjwcbdlngckcsaantafkjnfzfbdk/Build/Intermediates.noindex/Pods.build/Debug-iphoneos/RNGestureHandler.build/Objects-normal/arm64/RNRootViewGestureRecognizer.o -index-unit-output-path /Pods.build/Debug-iphoneos/RNGestureHandler.build/Objects-normal/arm64/RNRootViewGestureRecognizer.o

In file included from /Users/jonahmicahinguito/dev/rotaract-connect/node_modules/react-native-gesture-handler/apple/RNRootViewGestureRecognizer.m:9:
In file included from /Users/jonahmicahinguito/dev/rotaract-connect/node_modules/react-native-gesture-handler/apple/RNRootViewGestureRecognizer.h:9:
In file included from /Users/jonahmicahinguito/dev/rotaract-connect/node_modules/react-native-gesture-handler/apple/RNGestureHandler.h:4:
In file included from /Users/jonahmicahinguito/dev/rotaract-connect/node_modules/react-native-gesture-handler/apple/RNGestureHandlerEvents.h:5:
/Users/jonahmicahinguito/dev/rotaract-connect/node_modules/react-native-gesture-handler/apple/RNGHStylusData.h:23:16: warning: unused function 'ghSpherical2tilt' [-Wunused-function]
   23 | static CGPoint ghSpherical2tilt(double altitudeAngle, double azimuthAngle)
      |                ^~~~~~~~~~~~~~~~
1 warning generated.

/Users/jonahmicahinguito/dev/rotaract-connect/node_modules/react-native-gesture-handler/apple/RNGHStylusData.h:23:16: Unused function 'ghSpherical2tilt'

CompileC /Users/jonahmicahinguito/Library/Developer/Xcode/DerivedData/rotaractconnect-cjwcbdlngckcsaantafkjnfzfbdk/Build/Intermediates.noindex/Pods.build/Debug-iphoneos/RNGestureHandler.build/Objects-normal/arm64/RNPinchHandler.o /Users/jonahmicahinguito/dev/rotaract-connect/node_modules/react-native-gesture-handler/apple/Handlers/RNPinchHandler.m normal arm64 objective-c com.apple.compilers.llvm.clang.1_0.compiler (in target 'RNGestureHandler' from project 'Pods')
    cd /Users/jonahmicahinguito/dev/rotaract-connect/ios/Pods
    
    Using response file: /Users/jonahmicahinguito/Library/Developer/Xcode/DerivedData/rotaractconnect-cjwcbdlngckcsaantafkjnfzfbdk/Build/Intermediates.noindex/Pods.build/Debug-iphoneos/RNGestureHandler.build/Objects-normal/arm64/e6072d4f65d7061329687fe24e3d63a7-common-args.resp
    
    /Applications/Xcode.app/Contents/Developer/Toolchains/XcodeDefault.xctoolchain/usr/bin/clang -x objective-c -ivfsstatcache /Users/jonahmicahinguito/Library/Developer/Xcode/DerivedData/SDKStatCaches.noindex/iphoneos26.5-23F81a-32daed1954a7d5dd0789fcaf2a9bb78b.sdkstatcache -target arm64-apple-ios15.1 -fmessage-length\=0 -fdiagnostics-show-note-include-stack -fmacro-backtrace-limit\=0 -fno-color-diagnostics -fmodules-prune-interval\=86400 -fmodules-prune-after\=345600 -fbuild-session-file\=/Users/jonahmicahinguito/Library/Developer/Xcode/DerivedData/ModuleCache.noindex/Session.modulevalidation -fmodules-validate-once-per-build-session -Wnon-modular-include-in-framework-module -Werror\=non-modular-include-in-framework-module -Wno-trigraphs -Wno-missing-field-initializers -Wno-missing-prototypes -Werror\=return-type -Wdocumentation -Wunreachable-code -Wno-implicit-atomic-properties -Werror\=deprecated-objc-isa-usage -Wno-objc-interface-ivars -Werror\=objc-root-class -Wno-arc-repeated-use-of-weak -Wimplicit-retain-self -Wduplicate-method-match -Wno-missing-braces -Wparentheses -Wswitch -Wunused-function -Wno-unused-label -Wno-unused-parameter -Wunused-variable -Wunused-value -Wempty-body -Wuninitialized -Wconditional-uninitialized -Wno-unknown-pragmas -Wno-shadow -Wno-four-char-constants -Wno-conversion -Wconstant-conversion -Wint-conversion -Wbool-conversion -Wenum-conversion -Wno-float-conversion -Wnon-literal-null-conversion -Wobjc-literal-conversion -Wshorten-64-to-32 -Wpointer-sign -Wno-newline-eof -Wno-selector -Wno-strict-selector-match -Wundeclared-selector -Wdeprecated-implementations -Wno-implicit-fallthrough -isysroot /Applications/Xcode.app/Contents/Developer/Platforms/iPhoneOS.platform/Developer/SDKs/iPhoneOS26.5.sdk -fstrict-aliasing -Wprotocol -Wdeprecated-declarations -Wno-sign-conversion -Winfinite-recursion -Wcomma -Wblock-capture-autoreleasing -Wstrict-prototypes -Wno-semicolon-before-method-body -Wunguarded-availability -index-store-path /Users/jonahmicahinguito/Library/Developer/Xcode/DerivedData/rotaractconnect-cjwcbdlngckcsaantafkjnfzfbdk/Index.noindex/DataStore @/Users/jonahmicahinguito/Library/Developer/Xcode/DerivedData/rotaractconnect-cjwcbdlngckcsaantafkjnfzfbdk/Build/Intermediates.noindex/Pods.build/Debug-iphoneos/RNGestureHandler.build/Objects-normal/arm64/e6072d4f65d7061329687fe24e3d63a7-common-args.resp -DRCT_NEW_ARCH_ENABLED\=1 -include /Users/jonahmicahinguito/dev/rotaract-connect/ios/Pods/Target\ Support\ Files/RNGestureHandler/RNGestureHandler-prefix.pch -MMD -MT dependencies -MF /Users/jonahmicahinguito/Library/Developer/Xcode/DerivedData/rotaractconnect-cjwcbdlngckcsaantafkjnfzfbdk/Build/Intermediates.noindex/Pods.build/Debug-iphoneos/RNGestureHandler.build/Objects-normal/arm64/RNPinchHandler.d --serialize-diagnostics /Users/jonahmicahinguito/Library/Developer/Xcode/DerivedData/rotaractconnect-cjwcbdlngckcsaantafkjnfzfbdk/Build/Intermediates.noindex/Pods.build/Debug-iphoneos/RNGestureHandler.build/Objects-normal/arm64/RNPinchHandler.dia -c /Users/jonahmicahinguito/dev/rotaract-connect/node_modules/react-native-gesture-handler/apple/Handlers/RNPinchHandler.m -o /Users/jonahmicahinguito/Library/Developer/Xcode/DerivedData/rotaractconnect-cjwcbdlngckcsaantafkjnfzfbdk/Build/Intermediates.noindex/Pods.build/Debug-iphoneos/RNGestureHandler.build/Objects-normal/arm64/RNPinchHandler.o -index-unit-output-path /Pods.build/Debug-iphoneos/RNGestureHandler.build/Objects-normal/arm64/RNPinchHandler.o

In file included from /Users/jonahmicahinguito/dev/rotaract-connect/node_modules/react-native-gesture-handler/apple/Handlers/RNPinchHandler.m:11:
In file included from /Users/jonahmicahinguito/dev/rotaract-connect/node_modules/react-native-gesture-handler/apple/Handlers/RNPinchHandler.h:9:
In file included from /Users/jonahmicahinguito/dev/rotaract-connect/node_modules/react-native-gesture-handler/apple/RNGestureHandler.h:4:
In file included from /Users/jonahmicahinguito/dev/rotaract-connect/node_modules/react-native-gesture-handler/apple/RNGestureHandlerEvents.h:5:
/Users/jonahmicahinguito/dev/rotaract-connect/node_modules/react-native-gesture-handler/apple/RNGHStylusData.h:23:16: warning: unused function 'ghSpherical2tilt' [-Wunused-function]
   23 | static CGPoint ghSpherical2tilt(double altitudeAngle, double azimuthAngle)
      |                ^~~~~~~~~~~~~~~~
1 warning generated.

/Users/jonahmicahinguito/dev/rotaract-connect/node_modules/react-native-gesture-handler/apple/RNGHStylusData.h:23:16: Unused function 'ghSpherical2tilt'

CompileC /Users/jonahmicahinguito/Library/Developer/Xcode/DerivedData/rotaractconnect-cjwcbdlngckcsaantafkjnfzfbdk/Build/Intermediates.noindex/Pods.build/Debug-iphoneos/RNGestureHandler.build/Objects-normal/arm64/RNPanHandler.o /Users/jonahmicahinguito/dev/rotaract-connect/node_modules/react-native-gesture-handler/apple/Handlers/RNPanHandler.m normal arm64 objective-c com.apple.compilers.llvm.clang.1_0.compiler (in target 'RNGestureHandler' from project 'Pods')
    cd /Users/jonahmicahinguito/dev/rotaract-connect/ios/Pods
    
    Using response file: /Users/jonahmicahinguito/Library/Developer/Xcode/DerivedData/rotaractconnect-cjwcbdlngckcsaantafkjnfzfbdk/Build/Intermediates.noindex/Pods.build/Debug-iphoneos/RNGestureHandler.build/Objects-normal/arm64/e6072d4f65d7061329687fe24e3d63a7-common-args.resp
    
    /Applications/Xcode.app/Contents/Developer/Toolchains/XcodeDefault.xctoolchain/usr/bin/clang -x objective-c -ivfsstatcache /Users/jonahmicahinguito/Library/Developer/Xcode/DerivedData/SDKStatCaches.noindex/iphoneos26.5-23F81a-32daed1954a7d5dd0789fcaf2a9bb78b.sdkstatcache -target arm64-apple-ios15.1 -fmessage-length\=0 -fdiagnostics-show-note-include-stack -fmacro-backtrace-limit\=0 -fno-color-diagnostics -fmodules-prune-interval\=86400 -fmodules-prune-after\=345600 -fbuild-session-file\=/Users/jonahmicahinguito/Library/Developer/Xcode/DerivedData/ModuleCache.noindex/Session.modulevalidation -fmodules-validate-once-per-build-session -Wnon-modular-include-in-framework-module -Werror\=non-modular-include-in-framework-module -Wno-trigraphs -Wno-missing-field-initializers -Wno-missing-prototypes -Werror\=return-type -Wdocumentation -Wunreachable-code -Wno-implicit-atomic-properties -Werror\=deprecated-objc-isa-usage -Wno-objc-interface-ivars -Werror\=objc-root-class -Wno-arc-repeated-use-of-weak -Wimplicit-retain-self -Wduplicate-method-match -Wno-missing-braces -Wparentheses -Wswitch -Wunused-function -Wno-unused-label -Wno-unused-parameter -Wunused-variable -Wunused-value -Wempty-body -Wuninitialized -Wconditional-uninitialized -Wno-unknown-pragmas -Wno-shadow -Wno-four-char-constants -Wno-conversion -Wconstant-conversion -Wint-conversion -Wbool-conversion -Wenum-conversion -Wno-float-conversion -Wnon-literal-null-conversion -Wobjc-literal-conversion -Wshorten-64-to-32 -Wpointer-sign -Wno-newline-eof -Wno-selector -Wno-strict-selector-match -Wundeclared-selector -Wdeprecated-implementations -Wno-implicit-fallthrough -isysroot /Applications/Xcode.app/Contents/Developer/Platforms/iPhoneOS.platform/Developer/SDKs/iPhoneOS26.5.sdk -fstrict-aliasing -Wprotocol -Wdeprecated-declarations -Wno-sign-conversion -Winfinite-recursion -Wcomma -Wblock-capture-autoreleasing -Wstrict-prototypes -Wno-semicolon-before-method-body -Wunguarded-availability -index-store-path /Users/jonahmicahinguito/Library/Developer/Xcode/DerivedData/rotaractconnect-cjwcbdlngckcsaantafkjnfzfbdk/Index.noindex/DataStore @/Users/jonahmicahinguito/Library/Developer/Xcode/DerivedData/rotaractconnect-cjwcbdlngckcsaantafkjnfzfbdk/Build/Intermediates.noindex/Pods.build/Debug-iphoneos/RNGestureHandler.build/Objects-normal/arm64/e6072d4f65d7061329687fe24e3d63a7-common-args.resp -DRCT_NEW_ARCH_ENABLED\=1 -include /Users/jonahmicahinguito/dev/rotaract-connect/ios/Pods/Target\ Support\ Files/RNGestureHandler/RNGestureHandler-prefix.pch -MMD -MT dependencies -MF /Users/jonahmicahinguito/Library/Developer/Xcode/DerivedData/rotaractconnect-cjwcbdlngckcsaantafkjnfzfbdk/Build/Intermediates.noindex/Pods.build/Debug-iphoneos/RNGestureHandler.build/Objects-normal/arm64/RNPanHandler.d --serialize-diagnostics /Users/jonahmicahinguito/Library/Developer/Xcode/DerivedData/rotaractconnect-cjwcbdlngckcsaantafkjnfzfbdk/Build/Intermediates.noindex/Pods.build/Debug-iphoneos/RNGestureHandler.build/Objects-normal/arm64/RNPanHandler.dia -c /Users/jonahmicahinguito/dev/rotaract-connect/node_modules/react-native-gesture-handler/apple/Handlers/RNPanHandler.m -o /Users/jonahmicahinguito/Library/Developer/Xcode/DerivedData/rotaractconnect-cjwcbdlngckcsaantafkjnfzfbdk/Build/Intermediates.noindex/Pods.build/Debug-iphoneos/RNGestureHandler.build/Objects-normal/arm64/RNPanHandler.o -index-unit-output-path /Pods.build/Debug-iphoneos/RNGestureHandler.build/Objects-normal/arm64/RNPanHandler.o

/Users/jonahmicahinguito/dev/rotaract-connect/node_modules/react-native-gesture-handler/apple/Handlers/RNPanHandler.m:115:1: warning: conflicting return type in implementation of 'activateAfterLongPress': 'CGFloat' (aka 'double') vs 'void' [-Wmismatched-return-types]
  115 | - (void)activateAfterLongPress
      | ^  ~~~~
/Users/jonahmicahinguito/dev/rotaract-connect/node_modules/react-native-gesture-handler/apple/Handlers/RNPanHandler.m:33:31: note: previous definition is here
   33 | @property (nonatomic) CGFloat activateAfterLongPress;
      |                               ^
1 warning generated.

/Users/jonahmicahinguito/dev/rotaract-connect/node_modules/react-native-gesture-handler/apple/Handlers/RNPanHandler.m:115:1: Conflicting return type in implementation of 'activateAfterLongPress': 'CGFloat' (aka 'double') vs 'void'

CompileC /Users/jonahmicahinguito/Library/Developer/Xcode/DerivedData/rotaractconnect-cjwcbdlngckcsaantafkjnfzfbdk/Build/Intermediates.noindex/Pods.build/Debug-iphoneos/RNGestureHandler.build/Objects-normal/arm64/RNManualHandler.o /Users/jonahmicahinguito/dev/rotaract-connect/node_modules/react-native-gesture-handler/apple/Handlers/RNManualHandler.m normal arm64 objective-c com.apple.compilers.llvm.clang.1_0.compiler (in target 'RNGestureHandler' from project 'Pods')
    cd /Users/jonahmicahinguito/dev/rotaract-connect/ios/Pods
    
    Using response file: /Users/jonahmicahinguito/Library/Developer/Xcode/DerivedData/rotaractconnect-cjwcbdlngckcsaantafkjnfzfbdk/Build/Intermediates.noindex/Pods.build/Debug-iphoneos/RNGestureHandler.build/Objects-normal/arm64/e6072d4f65d7061329687fe24e3d63a7-common-args.resp
    
    /Applications/Xcode.app/Contents/Developer/Toolchains/XcodeDefault.xctoolchain/usr/bin/clang -x objective-c -ivfsstatcache /Users/jonahmicahinguito/Library/Developer/Xcode/DerivedData/SDKStatCaches.noindex/iphoneos26.5-23F81a-32daed1954a7d5dd0789fcaf2a9bb78b.sdkstatcache -target arm64-apple-ios15.1 -fmessage-length\=0 -fdiagnostics-show-note-include-stack -fmacro-backtrace-limit\=0 -fno-color-diagnostics -fmodules-prune-interval\=86400 -fmodules-prune-after\=345600 -fbuild-session-file\=/Users/jonahmicahinguito/Library/Developer/Xcode/DerivedData/ModuleCache.noindex/Session.modulevalidation -fmodules-validate-once-per-build-session -Wnon-modular-include-in-framework-module -Werror\=non-modular-include-in-framework-module -Wno-trigraphs -Wno-missing-field-initializers -Wno-missing-prototypes -Werror\=return-type -Wdocumentation -Wunreachable-code -Wno-implicit-atomic-properties -Werror\=deprecated-objc-isa-usage -Wno-objc-interface-ivars -Werror\=objc-root-class -Wno-arc-repeated-use-of-weak -Wimplicit-retain-self -Wduplicate-method-match -Wno-missing-braces -Wparentheses -Wswitch -Wunused-function -Wno-unused-label -Wno-unused-parameter -Wunused-variable -Wunused-value -Wempty-body -Wuninitialized -Wconditional-uninitialized -Wno-unknown-pragmas -Wno-shadow -Wno-four-char-constants -Wno-conversion -Wconstant-conversion -Wint-conversion -Wbool-conversion -Wenum-conversion -Wno-float-conversion -Wnon-literal-null-conversion -Wobjc-literal-conversion -Wshorten-64-to-32 -Wpointer-sign -Wno-newline-eof -Wno-selector -Wno-strict-selector-match -Wundeclared-selector -Wdeprecated-implementations -Wno-implicit-fallthrough -isysroot /Applications/Xcode.app/Contents/Developer/Platforms/iPhoneOS.platform/Developer/SDKs/iPhoneOS26.5.sdk -fstrict-aliasing -Wprotocol -Wdeprecated-declarations -Wno-sign-conversion -Winfinite-recursion -Wcomma -Wblock-capture-autoreleasing -Wstrict-prototypes -Wno-semicolon-before-method-body -Wunguarded-availability -index-store-path /Users/jonahmicahinguito/Library/Developer/Xcode/DerivedData/rotaractconnect-cjwcbdlngckcsaantafkjnfzfbdk/Index.noindex/DataStore @/Users/jonahmicahinguito/Library/Developer/Xcode/DerivedData/rotaractconnect-cjwcbdlngckcsaantafkjnfzfbdk/Build/Intermediates.noindex/Pods.build/Debug-iphoneos/RNGestureHandler.build/Objects-normal/arm64/e6072d4f65d7061329687fe24e3d63a7-common-args.resp -DRCT_NEW_ARCH_ENABLED\=1 -include /Users/jonahmicahinguito/dev/rotaract-connect/ios/Pods/Target\ Support\ Files/RNGestureHandler/RNGestureHandler-prefix.pch -MMD -MT dependencies -MF /Users/jonahmicahinguito/Library/Developer/Xcode/DerivedData/rotaractconnect-cjwcbdlngckcsaantafkjnfzfbdk/Build/Intermediates.noindex/Pods.build/Debug-iphoneos/RNGestureHandler.build/Objects-normal/arm64/RNManualHandler.d --serialize-diagnostics /Users/jonahmicahinguito/Library/Developer/Xcode/DerivedData/rotaractconnect-cjwcbdlngckcsaantafkjnfzfbdk/Build/Intermediates.noindex/Pods.build/Debug-iphoneos/RNGestureHandler.build/Objects-normal/arm64/RNManualHandler.dia -c /Users/jonahmicahinguito/dev/rotaract-connect/node_modules/react-native-gesture-handler/apple/Handlers/RNManualHandler.m -o /Users/jonahmicahinguito/Library/Developer/Xcode/DerivedData/rotaractconnect-cjwcbdlngckcsaantafkjnfzfbdk/Build/Intermediates.noindex/Pods.build/Debug-iphoneos/RNGestureHandler.build/Objects-normal/arm64/RNManualHandler.o -index-unit-output-path /Pods.build/Debug-iphoneos/RNGestureHandler.build/Objects-normal/arm64/RNManualHandler.o

In file included from /Users/jonahmicahinguito/dev/rotaract-connect/node_modules/react-native-gesture-handler/apple/Handlers/RNManualHandler.m:1:
In file included from /Users/jonahmicahinguito/dev/rotaract-connect/node_modules/react-native-gesture-handler/apple/Handlers/RNManualHandler.h:1:
In file included from /Users/jonahmicahinguito/dev/rotaract-connect/node_modules/react-native-gesture-handler/apple/RNGestureHandler.h:4:
In file included from /Users/jonahmicahinguito/dev/rotaract-connect/node_modules/react-native-gesture-handler/apple/RNGestureHandlerEvents.h:5:
/Users/jonahmicahinguito/dev/rotaract-connect/node_modules/react-native-gesture-handler/apple/RNGHStylusData.h:23:16: warning: unused function 'ghSpherical2tilt' [-Wunused-function]
   23 | static CGPoint ghSpherical2tilt(double altitudeAngle, double azimuthAngle)
      |                ^~~~~~~~~~~~~~~~
1 warning generated.

/Users/jonahmicahinguito/dev/rotaract-connect/node_modules/react-native-gesture-handler/apple/RNGHStylusData.h:23:16: Unused function 'ghSpherical2tilt'

CompileC /Users/jonahmicahinguito/Library/Developer/Xcode/DerivedData/rotaractconnect-cjwcbdlngckcsaantafkjnfzfbdk/Build/Intermediates.noindex/Pods.build/Debug-iphoneos/RNGestureHandler.build/Objects-normal/arm64/RNManualActivationRecognizer.o /Users/jonahmicahinguito/dev/rotaract-connect/node_modules/react-native-gesture-handler/apple/RNManualActivationRecognizer.m normal arm64 objective-c com.apple.compilers.llvm.clang.1_0.compiler (in target 'RNGestureHandler' from project 'Pods')
    cd /Users/jonahmicahinguito/dev/rotaract-connect/ios/Pods
    
    Using response file: /Users/jonahmicahinguito/Library/Developer/Xcode/DerivedData/rotaractconnect-cjwcbdlngckcsaantafkjnfzfbdk/Build/Intermediates.noindex/Pods.build/Debug-iphoneos/RNGestureHandler.build/Objects-normal/arm64/e6072d4f65d7061329687fe24e3d63a7-common-args.resp
    
    /Applications/Xcode.app/Contents/Developer/Toolchains/XcodeDefault.xctoolchain/usr/bin/clang -x objective-c -ivfsstatcache /Users/jonahmicahinguito/Library/Developer/Xcode/DerivedData/SDKStatCaches.noindex/iphoneos26.5-23F81a-32daed1954a7d5dd0789fcaf2a9bb78b.sdkstatcache -target arm64-apple-ios15.1 -fmessage-length\=0 -fdiagnostics-show-note-include-stack -fmacro-backtrace-limit\=0 -fno-color-diagnostics -fmodules-prune-interval\=86400 -fmodules-prune-after\=345600 -fbuild-session-file\=/Users/jonahmicahinguito/Library/Developer/Xcode/DerivedData/ModuleCache.noindex/Session.modulevalidation -fmodules-validate-once-per-build-session -Wnon-modular-include-in-framework-module -Werror\=non-modular-include-in-framework-module -Wno-trigraphs -Wno-missing-field-initializers -Wno-missing-prototypes -Werror\=return-type -Wdocumentation -Wunreachable-code -Wno-implicit-atomic-properties -Werror\=deprecated-objc-isa-usage -Wno-objc-interface-ivars -Werror\=objc-root-class -Wno-arc-repeated-use-of-weak -Wimplicit-retain-self -Wduplicate-method-match -Wno-missing-braces -Wparentheses -Wswitch -Wunused-function -Wno-unused-label -Wno-unused-parameter -Wunused-variable -Wunused-value -Wempty-body -Wuninitialized -Wconditional-uninitialized -Wno-unknown-pragmas -Wno-shadow -Wno-four-char-constants -Wno-conversion -Wconstant-conversion -Wint-conversion -Wbool-conversion -Wenum-conversion -Wno-float-conversion -Wnon-literal-null-conversion -Wobjc-literal-conversion -Wshorten-64-to-32 -Wpointer-sign -Wno-newline-eof -Wno-selector -Wno-strict-selector-match -Wundeclared-selector -Wdeprecated-implementations -Wno-implicit-fallthrough -isysroot /Applications/Xcode.app/Contents/Developer/Platforms/iPhoneOS.platform/Developer/SDKs/iPhoneOS26.5.sdk -fstrict-aliasing -Wprotocol -Wdeprecated-declarations -Wno-sign-conversion -Winfinite-recursion -Wcomma -Wblock-capture-autoreleasing -Wstrict-prototypes -Wno-semicolon-before-method-body -Wunguarded-availability -index-store-path /Users/jonahmicahinguito/Library/Developer/Xcode/DerivedData/rotaractconnect-cjwcbdlngckcsaantafkjnfzfbdk/Index.noindex/DataStore @/Users/jonahmicahinguito/Library/Developer/Xcode/DerivedData/rotaractconnect-cjwcbdlngckcsaantafkjnfzfbdk/Build/Intermediates.noindex/Pods.build/Debug-iphoneos/RNGestureHandler.build/Objects-normal/arm64/e6072d4f65d7061329687fe24e3d63a7-common-args.resp -DRCT_NEW_ARCH_ENABLED\=1 -include /Users/jonahmicahinguito/dev/rotaract-connect/ios/Pods/Target\ Support\ Files/RNGestureHandler/RNGestureHandler-prefix.pch -MMD -MT dependencies -MF /Users/jonahmicahinguito/Library/Developer/Xcode/DerivedData/rotaractconnect-cjwcbdlngckcsaantafkjnfzfbdk/Build/Intermediates.noindex/Pods.build/Debug-iphoneos/RNGestureHandler.build/Objects-normal/arm64/RNManualActivationRecognizer.d --serialize-diagnostics /Users/jonahmicahinguito/Library/Developer/Xcode/DerivedData/rotaractconnect-cjwcbdlngckcsaantafkjnfzfbdk/Build/Intermediates.noindex/Pods.build/Debug-iphoneos/RNGestureHandler.build/Objects-normal/arm64/RNManualActivationRecognizer.dia -c /Users/jonahmicahinguito/dev/rotaract-connect/node_modules/react-native-gesture-handler/apple/RNManualActivationRecognizer.m -o /Users/jonahmicahinguito/Library/Developer/Xcode/DerivedData/rotaractconnect-cjwcbdlngckcsaantafkjnfzfbdk/Build/Intermediates.noindex/Pods.build/Debug-iphoneos/RNGestureHandler.build/Objects-normal/arm64/RNManualActivationRecognizer.o -index-unit-output-path /Pods.build/Debug-iphoneos/RNGestureHandler.build/Objects-normal/arm64/RNManualActivationRecognizer.o

In file included from /Users/jonahmicahinguito/dev/rotaract-connect/node_modules/react-native-gesture-handler/apple/RNManualActivationRecognizer.m:2:
In file included from /Users/jonahmicahinguito/dev/rotaract-connect/node_modules/react-native-gesture-handler/apple/RNGestureHandler.h:4:
In file included from /Users/jonahmicahinguito/dev/rotaract-connect/node_modules/react-native-gesture-handler/apple/RNGestureHandlerEvents.h:5:
/Users/jonahmicahinguito/dev/rotaract-connect/node_modules/react-native-gesture-handler/apple/RNGHStylusData.h:23:16: warning: unused function 'ghSpherical2tilt' [-Wunused-function]
   23 | static CGPoint ghSpherical2tilt(double altitudeAngle, double azimuthAngle)
      |                ^~~~~~~~~~~~~~~~
1 warning generated.

/Users/jonahmicahinguito/dev/rotaract-connect/node_modules/react-native-gesture-handler/apple/RNGHStylusData.h:23:16: Unused function 'ghSpherical2tilt'

CompileC /Users/jonahmicahinguito/Library/Developer/Xcode/DerivedData/rotaractconnect-cjwcbdlngckcsaantafkjnfzfbdk/Build/Intermediates.noindex/Pods.build/Debug-iphoneos/RNGestureHandler.build/Objects-normal/arm64/RNLongPressHandler.o /Users/jonahmicahinguito/dev/rotaract-connect/node_modules/react-native-gesture-handler/apple/Handlers/RNLongPressHandler.m normal arm64 objective-c com.apple.compilers.llvm.clang.1_0.compiler (in target 'RNGestureHandler' from project 'Pods')
    cd /Users/jonahmicahinguito/dev/rotaract-connect/ios/Pods
    
    Using response file: /Users/jonahmicahinguito/Library/Developer/Xcode/DerivedData/rotaractconnect-cjwcbdlngckcsaantafkjnfzfbdk/Build/Intermediates.noindex/Pods.build/Debug-iphoneos/RNGestureHandler.build/Objects-normal/arm64/e6072d4f65d7061329687fe24e3d63a7-common-args.resp
    
    /Applications/Xcode.app/Contents/Developer/Toolchains/XcodeDefault.xctoolchain/usr/bin/clang -x objective-c -ivfsstatcache /Users/jonahmicahinguito/Library/Developer/Xcode/DerivedData/SDKStatCaches.noindex/iphoneos26.5-23F81a-32daed1954a7d5dd0789fcaf2a9bb78b.sdkstatcache -target arm64-apple-ios15.1 -fmessage-length\=0 -fdiagnostics-show-note-include-stack -fmacro-backtrace-limit\=0 -fno-color-diagnostics -fmodules-prune-interval\=86400 -fmodules-prune-after\=345600 -fbuild-session-file\=/Users/jonahmicahinguito/Library/Developer/Xcode/DerivedData/ModuleCache.noindex/Session.modulevalidation -fmodules-validate-once-per-build-session -Wnon-modular-include-in-framework-module -Werror\=non-modular-include-in-framework-module -Wno-trigraphs -Wno-missing-field-initializers -Wno-missing-prototypes -Werror\=return-type -Wdocumentation -Wunreachable-code -Wno-implicit-atomic-properties -Werror\=deprecated-objc-isa-usage -Wno-objc-interface-ivars -Werror\=objc-root-class -Wno-arc-repeated-use-of-weak -Wimplicit-retain-self -Wduplicate-method-match -Wno-missing-braces -Wparentheses -Wswitch -Wunused-function -Wno-unused-label -Wno-unused-parameter -Wunused-variable -Wunused-value -Wempty-body -Wuninitialized -Wconditional-uninitialized -Wno-unknown-pragmas -Wno-shadow -Wno-four-char-constants -Wno-conversion -Wconstant-conversion -Wint-conversion -Wbool-conversion -Wenum-conversion -Wno-float-conversion -Wnon-literal-null-conversion -Wobjc-literal-conversion -Wshorten-64-to-32 -Wpointer-sign -Wno-newline-eof -Wno-selector -Wno-strict-selector-match -Wundeclared-selector -Wdeprecated-implementations -Wno-implicit-fallthrough -isysroot /Applications/Xcode.app/Contents/Developer/Platforms/iPhoneOS.platform/Developer/SDKs/iPhoneOS26.5.sdk -fstrict-aliasing -Wprotocol -Wdeprecated-declarations -Wno-sign-conversion -Winfinite-recursion -Wcomma -Wblock-capture-autoreleasing -Wstrict-prototypes -Wno-semicolon-before-method-body -Wunguarded-availability -index-store-path /Users/jonahmicahinguito/Library/Developer/Xcode/DerivedData/rotaractconnect-cjwcbdlngckcsaantafkjnfzfbdk/Index.noindex/DataStore @/Users/jonahmicahinguito/Library/Developer/Xcode/DerivedData/rotaractconnect-cjwcbdlngckcsaantafkjnfzfbdk/Build/Intermediates.noindex/Pods.build/Debug-iphoneos/RNGestureHandler.build/Objects-normal/arm64/e6072d4f65d7061329687fe24e3d63a7-common-args.resp -DRCT_NEW_ARCH_ENABLED\=1 -include /Users/jonahmicahinguito/dev/rotaract-connect/ios/Pods/Target\ Support\ Files/RNGestureHandler/RNGestureHandler-prefix.pch -MMD -MT dependencies -MF /Users/jonahmicahinguito/Library/Developer/Xcode/DerivedData/rotaractconnect-cjwcbdlngckcsaantafkjnfzfbdk/Build/Intermediates.noindex/Pods.build/Debug-iphoneos/RNGestureHandler.build/Objects-normal/arm64/RNLongPressHandler.d --serialize-diagnostics /Users/jonahmicahinguito/Library/Developer/Xcode/DerivedData/rotaractconnect-cjwcbdlngckcsaantafkjnfzfbdk/Build/Intermediates.noindex/Pods.build/Debug-iphoneos/RNGestureHandler.build/Objects-normal/arm64/RNLongPressHandler.dia -c /Users/jonahmicahinguito/dev/rotaract-connect/node_modules/react-native-gesture-handler/apple/Handlers/RNLongPressHandler.m -o /Users/jonahmicahinguito/Library/Developer/Xcode/DerivedData/rotaractconnect-cjwcbdlngckcsaantafkjnfzfbdk/Build/Intermediates.noindex/Pods.build/Debug-iphoneos/RNGestureHandler.build/Objects-normal/arm64/RNLongPressHandler.o -index-unit-output-path /Pods.build/Debug-iphoneos/RNGestureHandler.build/Objects-normal/arm64/RNLongPressHandler.o

In file included from /Users/jonahmicahinguito/dev/rotaract-connect/node_modules/react-native-gesture-handler/apple/Handlers/RNLongPressHandler.m:9:
In file included from /Users/jonahmicahinguito/dev/rotaract-connect/node_modules/react-native-gesture-handler/apple/Handlers/RNLongPressHandler.h:9:
In file included from /Users/jonahmicahinguito/dev/rotaract-connect/node_modules/react-native-gesture-handler/apple/RNGestureHandler.h:4:
In file included from /Users/jonahmicahinguito/dev/rotaract-connect/node_modules/react-native-gesture-handler/apple/RNGestureHandlerEvents.h:5:
/Users/jonahmicahinguito/dev/rotaract-connect/node_modules/react-native-gesture-handler/apple/RNGHStylusData.h:23:16: warning: unused function 'ghSpherical2tilt' [-Wunused-function]
   23 | static CGPoint ghSpherical2tilt(double altitudeAngle, double azimuthAngle)
      |                ^~~~~~~~~~~~~~~~
1 warning generated.

/Users/jonahmicahinguito/dev/rotaract-connect/node_modules/react-native-gesture-handler/apple/RNGHStylusData.h:23:16: Unused function 'ghSpherical2tilt'

CompileC /Users/jonahmicahinguito/Library/Developer/Xcode/DerivedData/rotaractconnect-cjwcbdlngckcsaantafkjnfzfbdk/Build/Intermediates.noindex/Pods.build/Debug-iphoneos/RNGestureHandler.build/Objects-normal/arm64/RNHoverHandler.o /Users/jonahmicahinguito/dev/rotaract-connect/node_modules/react-native-gesture-handler/apple/Handlers/RNHoverHandler.m normal arm64 objective-c com.apple.compilers.llvm.clang.1_0.compiler (in target 'RNGestureHandler' from project 'Pods')
    cd /Users/jonahmicahinguito/dev/rotaract-connect/ios/Pods
    
    Using response file: /Users/jonahmicahinguito/Library/Developer/Xcode/DerivedData/rotaractconnect-cjwcbdlngckcsaantafkjnfzfbdk/Build/Intermediates.noindex/Pods.build/Debug-iphoneos/RNGestureHandler.build/Objects-normal/arm64/e6072d4f65d7061329687fe24e3d63a7-common-args.resp
    
    /Applications/Xcode.app/Contents/Developer/Toolchains/XcodeDefault.xctoolchain/usr/bin/clang -x objective-c -ivfsstatcache /Users/jonahmicahinguito/Library/Developer/Xcode/DerivedData/SDKStatCaches.noindex/iphoneos26.5-23F81a-32daed1954a7d5dd0789fcaf2a9bb78b.sdkstatcache -target arm64-apple-ios15.1 -fmessage-length\=0 -fdiagnostics-show-note-include-stack -fmacro-backtrace-limit\=0 -fno-color-diagnostics -fmodules-prune-interval\=86400 -fmodules-prune-after\=345600 -fbuild-session-file\=/Users/jonahmicahinguito/Library/Developer/Xcode/DerivedData/ModuleCache.noindex/Session.modulevalidation -fmodules-validate-once-per-build-session -Wnon-modular-include-in-framework-module -Werror\=non-modular-include-in-framework-module -Wno-trigraphs -Wno-missing-field-initializers -Wno-missing-prototypes -Werror\=return-type -Wdocumentation -Wunreachable-code -Wno-implicit-atomic-properties -Werror\=deprecated-objc-isa-usage -Wno-objc-interface-ivars -Werror\=objc-root-class -Wno-arc-repeated-use-of-weak -Wimplicit-retain-self -Wduplicate-method-match -Wno-missing-braces -Wparentheses -Wswitch -Wunused-function -Wno-unused-label -Wno-unused-parameter -Wunused-variable -Wunused-value -Wempty-body -Wuninitialized -Wconditional-uninitialized -Wno-unknown-pragmas -Wno-shadow -Wno-four-char-constants -Wno-conversion -Wconstant-conversion -Wint-conversion -Wbool-conversion -Wenum-conversion -Wno-float-conversion -Wnon-literal-null-conversion -Wobjc-literal-conversion -Wshorten-64-to-32 -Wpointer-sign -Wno-newline-eof -Wno-selector -Wno-strict-selector-match -Wundeclared-selector -Wdeprecated-implementations -Wno-implicit-fallthrough -isysroot /Applications/Xcode.app/Contents/Developer/Platforms/iPhoneOS.platform/Developer/SDKs/iPhoneOS26.5.sdk -fstrict-aliasing -Wprotocol -Wdeprecated-declarations -Wno-sign-conversion -Winfinite-recursion -Wcomma -Wblock-capture-autoreleasing -Wstrict-prototypes -Wno-semicolon-before-method-body -Wunguarded-availability -index-store-path /Users/jonahmicahinguito/Library/Developer/Xcode/DerivedData/rotaractconnect-cjwcbdlngckcsaantafkjnfzfbdk/Index.noindex/DataStore @/Users/jonahmicahinguito/Library/Developer/Xcode/DerivedData/rotaractconnect-cjwcbdlngckcsaantafkjnfzfbdk/Build/Intermediates.noindex/Pods.build/Debug-iphoneos/RNGestureHandler.build/Objects-normal/arm64/e6072d4f65d7061329687fe24e3d63a7-common-args.resp -DRCT_NEW_ARCH_ENABLED\=1 -include /Users/jonahmicahinguito/dev/rotaract-connect/ios/Pods/Target\ Support\ Files/RNGestureHandler/RNGestureHandler-prefix.pch -MMD -MT dependencies -MF /Users/jonahmicahinguito/Library/Developer/Xcode/DerivedData/rotaractconnect-cjwcbdlngckcsaantafkjnfzfbdk/Build/Intermediates.noindex/Pods.build/Debug-iphoneos/RNGestureHandler.build/Objects-normal/arm64/RNHoverHandler.d --serialize-diagnostics /Users/jonahmicahinguito/Library/Developer/Xcode/DerivedData/rotaractconnect-cjwcbdlngckcsaantafkjnfzfbdk/Build/Intermediates.noindex/Pods.build/Debug-iphoneos/RNGestureHandler.build/Objects-normal/arm64/RNHoverHandler.dia -c /Users/jonahmicahinguito/dev/rotaract-connect/node_modules/react-native-gesture-handler/apple/Handlers/RNHoverHandler.m -o /Users/jonahmicahinguito/Library/Developer/Xcode/DerivedData/rotaractconnect-cjwcbdlngckcsaantafkjnfzfbdk/Build/Intermediates.noindex/Pods.build/Debug-iphoneos/RNGestureHandler.build/Objects-normal/arm64/RNHoverHandler.o -index-unit-output-path /Pods.build/Debug-iphoneos/RNGestureHandler.build/Objects-normal/arm64/RNHoverHandler.o

In file included from /Users/jonahmicahinguito/dev/rotaract-connect/node_modules/react-native-gesture-handler/apple/Handlers/RNHoverHandler.m:8:
In file included from /Users/jonahmicahinguito/dev/rotaract-connect/node_modules/react-native-gesture-handler/apple/Handlers/RNHoverHandler.h:8:
In file included from /Users/jonahmicahinguito/dev/rotaract-connect/node_modules/react-native-gesture-handler/apple/RNGestureHandler.h:4:
In file included from /Users/jonahmicahinguito/dev/rotaract-connect/node_modules/react-native-gesture-handler/apple/RNGestureHandlerEvents.h:5:
/Users/jonahmicahinguito/dev/rotaract-connect/node_modules/react-native-gesture-handler/apple/RNGHStylusData.h:23:16: warning: unused function 'ghSpherical2tilt' [-Wunused-function]
   23 | static CGPoint ghSpherical2tilt(double altitudeAngle, double azimuthAngle)
      |                ^~~~~~~~~~~~~~~~
1 warning generated.

/Users/jonahmicahinguito/dev/rotaract-connect/node_modules/react-native-gesture-handler/apple/RNGHStylusData.h:23:16: Unused function 'ghSpherical2tilt'

CompileC /Users/jonahmicahinguito/Library/Developer/Xcode/DerivedData/rotaractconnect-cjwcbdlngckcsaantafkjnfzfbdk/Build/Intermediates.noindex/Pods.build/Debug-iphoneos/RNGestureHandler.build/Objects-normal/arm64/RNGestureHandlerRegistry.o /Users/jonahmicahinguito/dev/rotaract-connect/node_modules/react-native-gesture-handler/apple/RNGestureHandlerRegistry.m normal arm64 objective-c com.apple.compilers.llvm.clang.1_0.compiler (in target 'RNGestureHandler' from project 'Pods')
    cd /Users/jonahmicahinguito/dev/rotaract-connect/ios/Pods
    
    Using response file: /Users/jonahmicahinguito/Library/Developer/Xcode/DerivedData/rotaractconnect-cjwcbdlngckcsaantafkjnfzfbdk/Build/Intermediates.noindex/Pods.build/Debug-iphoneos/RNGestureHandler.build/Objects-normal/arm64/e6072d4f65d7061329687fe24e3d63a7-common-args.resp
    
    /Applications/Xcode.app/Contents/Developer/Toolchains/XcodeDefault.xctoolchain/usr/bin/clang -x objective-c -ivfsstatcache /Users/jonahmicahinguito/Library/Developer/Xcode/DerivedData/SDKStatCaches.noindex/iphoneos26.5-23F81a-32daed1954a7d5dd0789fcaf2a9bb78b.sdkstatcache -target arm64-apple-ios15.1 -fmessage-length\=0 -fdiagnostics-show-note-include-stack -fmacro-backtrace-limit\=0 -fno-color-diagnostics -fmodules-prune-interval\=86400 -fmodules-prune-after\=345600 -fbuild-session-file\=/Users/jonahmicahinguito/Library/Developer/Xcode/DerivedData/ModuleCache.noindex/Session.modulevalidation -fmodules-validate-once-per-build-session -Wnon-modular-include-in-framework-module -Werror\=non-modular-include-in-framework-module -Wno-trigraphs -Wno-missing-field-initializers -Wno-missing-prototypes -Werror\=return-type -Wdocumentation -Wunreachable-code -Wno-implicit-atomic-properties -Werror\=deprecated-objc-isa-usage -Wno-objc-interface-ivars -Werror\=objc-root-class -Wno-arc-repeated-use-of-weak -Wimplicit-retain-self -Wduplicate-method-match -Wno-missing-braces -Wparentheses -Wswitch -Wunused-function -Wno-unused-label -Wno-unused-parameter -Wunused-variable -Wunused-value -Wempty-body -Wuninitialized -Wconditional-uninitialized -Wno-unknown-pragmas -Wno-shadow -Wno-four-char-constants -Wno-conversion -Wconstant-conversion -Wint-conversion -Wbool-conversion -Wenum-conversion -Wno-float-conversion -Wnon-literal-null-conversion -Wobjc-literal-conversion -Wshorten-64-to-32 -Wpointer-sign -Wno-newline-eof -Wno-selector -Wno-strict-selector-match -Wundeclared-selector -Wdeprecated-implementations -Wno-implicit-fallthrough -isysroot /Applications/Xcode.app/Contents/Developer/Platforms/iPhoneOS.platform/Developer/SDKs/iPhoneOS26.5.sdk -fstrict-aliasing -Wprotocol -Wdeprecated-declarations -Wno-sign-conversion -Winfinite-recursion -Wcomma -Wblock-capture-autoreleasing -Wstrict-prototypes -Wno-semicolon-before-method-body -Wunguarded-availability -index-store-path /Users/jonahmicahinguito/Library/Developer/Xcode/DerivedData/rotaractconnect-cjwcbdlngckcsaantafkjnfzfbdk/Index.noindex/DataStore @/Users/jonahmicahinguito/Library/Developer/Xcode/DerivedData/rotaractconnect-cjwcbdlngckcsaantafkjnfzfbdk/Build/Intermediates.noindex/Pods.build/Debug-iphoneos/RNGestureHandler.build/Objects-normal/arm64/e6072d4f65d7061329687fe24e3d63a7-common-args.resp -DRCT_NEW_ARCH_ENABLED\=1 -include /Users/jonahmicahinguito/dev/rotaract-connect/ios/Pods/Target\ Support\ Files/RNGestureHandler/RNGestureHandler-prefix.pch -MMD -MT dependencies -MF /Users/jonahmicahinguito/Library/Developer/Xcode/DerivedData/rotaractconnect-cjwcbdlngckcsaantafkjnfzfbdk/Build/Intermediates.noindex/Pods.build/Debug-iphoneos/RNGestureHandler.build/Objects-normal/arm64/RNGestureHandlerRegistry.d --serialize-diagnostics /Users/jonahmicahinguito/Library/Developer/Xcode/DerivedData/rotaractconnect-cjwcbdlngckcsaantafkjnfzfbdk/Build/Intermediates.noindex/Pods.build/Debug-iphoneos/RNGestureHandler.build/Objects-normal/arm64/RNGestureHandlerRegistry.dia -c /Users/jonahmicahinguito/dev/rotaract-connect/node_modules/react-native-gesture-handler/apple/RNGestureHandlerRegistry.m -o /Users/jonahmicahinguito/Library/Developer/Xcode/DerivedData/rotaractconnect-cjwcbdlngckcsaantafkjnfzfbdk/Build/Intermediates.noindex/Pods.build/Debug-iphoneos/RNGestureHandler.build/Objects-normal/arm64/RNGestureHandlerRegistry.o -index-unit-output-path /Pods.build/Debug-iphoneos/RNGestureHandler.build/Objects-normal/arm64/RNGestureHandlerRegistry.o

In file included from /Users/jonahmicahinguito/dev/rotaract-connect/node_modules/react-native-gesture-handler/apple/RNGestureHandlerRegistry.m:9:
In file included from /Users/jonahmicahinguito/dev/rotaract-connect/node_modules/react-native-gesture-handler/apple/RNGestureHandlerRegistry.h:9:
In file included from /Users/jonahmicahinguito/dev/rotaract-connect/node_modules/react-native-gesture-handler/apple/RNGestureHandler.h:4:
In file included from /Users/jonahmicahinguito/dev/rotaract-connect/node_modules/react-native-gesture-handler/apple/RNGestureHandlerEvents.h:5:
/Users/jonahmicahinguito/dev/rotaract-connect/node_modules/react-native-gesture-handler/apple/RNGHStylusData.h:23:16: warning: unused function 'ghSpherical2tilt' [-Wunused-function]
   23 | static CGPoint ghSpherical2tilt(double altitudeAngle, double azimuthAngle)
      |                ^~~~~~~~~~~~~~~~
1 warning generated.

/Users/jonahmicahinguito/dev/rotaract-connect/node_modules/react-native-gesture-handler/apple/RNGHStylusData.h:23:16: Unused function 'ghSpherical2tilt'

CompileC /Users/jonahmicahinguito/Library/Developer/Xcode/DerivedData/rotaractconnect-cjwcbdlngckcsaantafkjnfzfbdk/Build/Intermediates.noindex/Pods.build/Debug-iphoneos/RNGestureHandler.build/Objects-normal/arm64/RNGestureHandlerPointerTracker.o /Users/jonahmicahinguito/dev/rotaract-connect/node_modules/react-native-gesture-handler/apple/RNGestureHandlerPointerTracker.m normal arm64 objective-c com.apple.compilers.llvm.clang.1_0.compiler (in target 'RNGestureHandler' from project 'Pods')
    cd /Users/jonahmicahinguito/dev/rotaract-connect/ios/Pods
    
    Using response file: /Users/jonahmicahinguito/Library/Developer/Xcode/DerivedData/rotaractconnect-cjwcbdlngckcsaantafkjnfzfbdk/Build/Intermediates.noindex/Pods.build/Debug-iphoneos/RNGestureHandler.build/Objects-normal/arm64/e6072d4f65d7061329687fe24e3d63a7-common-args.resp
    
    /Applications/Xcode.app/Contents/Developer/Toolchains/XcodeDefault.xctoolchain/usr/bin/clang -x objective-c -ivfsstatcache /Users/jonahmicahinguito/Library/Developer/Xcode/DerivedData/SDKStatCaches.noindex/iphoneos26.5-23F81a-32daed1954a7d5dd0789fcaf2a9bb78b.sdkstatcache -target arm64-apple-ios15.1 -fmessage-length\=0 -fdiagnostics-show-note-include-stack -fmacro-backtrace-limit\=0 -fno-color-diagnostics -fmodules-prune-interval\=86400 -fmodules-prune-after\=345600 -fbuild-session-file\=/Users/jonahmicahinguito/Library/Developer/Xcode/DerivedData/ModuleCache.noindex/Session.modulevalidation -fmodules-validate-once-per-build-session -Wnon-modular-include-in-framework-module -Werror\=non-modular-include-in-framework-module -Wno-trigraphs -Wno-missing-field-initializers -Wno-missing-prototypes -Werror\=return-type -Wdocumentation -Wunreachable-code -Wno-implicit-atomic-properties -Werror\=deprecated-objc-isa-usage -Wno-objc-interface-ivars -Werror\=objc-root-class -Wno-arc-repeated-use-of-weak -Wimplicit-retain-self -Wduplicate-method-match -Wno-missing-braces -Wparentheses -Wswitch -Wunused-function -Wno-unused-label -Wno-unused-parameter -Wunused-variable -Wunused-value -Wempty-body -Wuninitialized -Wconditional-uninitialized -Wno-unknown-pragmas -Wno-shadow -Wno-four-char-constants -Wno-conversion -Wconstant-conversion -Wint-conversion -Wbool-conversion -Wenum-conversion -Wno-float-conversion -Wnon-literal-null-conversion -Wobjc-literal-conversion -Wshorten-64-to-32 -Wpointer-sign -Wno-newline-eof -Wno-selector -Wno-strict-selector-match -Wundeclared-selector -Wdeprecated-implementations -Wno-implicit-fallthrough -isysroot /Applications/Xcode.app/Contents/Developer/Platforms/iPhoneOS.platform/Developer/SDKs/iPhoneOS26.5.sdk -fstrict-aliasing -Wprotocol -Wdeprecated-declarations -Wno-sign-conversion -Winfinite-recursion -Wcomma -Wblock-capture-autoreleasing -Wstrict-prototypes -Wno-semicolon-before-method-body -Wunguarded-availability -index-store-path /Users/jonahmicahinguito/Library/Developer/Xcode/DerivedData/rotaractconnect-cjwcbdlngckcsaantafkjnfzfbdk/Index.noindex/DataStore @/Users/jonahmicahinguito/Library/Developer/Xcode/DerivedData/rotaractconnect-cjwcbdlngckcsaantafkjnfzfbdk/Build/Intermediates.noindex/Pods.build/Debug-iphoneos/RNGestureHandler.build/Objects-normal/arm64/e6072d4f65d7061329687fe24e3d63a7-common-args.resp -DRCT_NEW_ARCH_ENABLED\=1 -include /Users/jonahmicahinguito/dev/rotaract-connect/ios/Pods/Target\ Support\ Files/RNGestureHandler/RNGestureHandler-prefix.pch -MMD -MT dependencies -MF /Users/jonahmicahinguito/Library/Developer/Xcode/DerivedData/rotaractconnect-cjwcbdlngckcsaantafkjnfzfbdk/Build/Intermediates.noindex/Pods.build/Debug-iphoneos/RNGestureHandler.build/Objects-normal/arm64/RNGestureHandlerPointerTracker.d --serialize-diagnostics /Users/jonahmicahinguito/Library/Developer/Xcode/DerivedData/rotaractconnect-cjwcbdlngckcsaantafkjnfzfbdk/Build/Intermediates.noindex/Pods.build/Debug-iphoneos/RNGestureHandler.build/Objects-normal/arm64/RNGestureHandlerPointerTracker.dia -c /Users/jonahmicahinguito/dev/rotaract-connect/node_modules/react-native-gesture-handler/apple/RNGestureHandlerPointerTracker.m -o /Users/jonahmicahinguito/Library/Developer/Xcode/DerivedData/rotaractconnect-cjwcbdlngckcsaantafkjnfzfbdk/Build/Intermediates.noindex/Pods.build/Debug-iphoneos/RNGestureHandler.build/Objects-normal/arm64/RNGestureHandlerPointerTracker.o -index-unit-output-path /Pods.build/Debug-iphoneos/RNGestureHandler.build/Objects-normal/arm64/RNGestureHandlerPointerTracker.o

In file included from /Users/jonahmicahinguito/dev/rotaract-connect/node_modules/react-native-gesture-handler/apple/RNGestureHandlerPointerTracker.m:2:
In file included from /Users/jonahmicahinguito/dev/rotaract-connect/node_modules/react-native-gesture-handler/apple/RNGestureHandler.h:4:
In file included from /Users/jonahmicahinguito/dev/rotaract-connect/node_modules/react-native-gesture-handler/apple/RNGestureHandlerEvents.h:5:
/Users/jonahmicahinguito/dev/rotaract-connect/node_modules/react-native-gesture-handler/apple/RNGHStylusData.h:23:16: warning: unused function 'ghSpherical2tilt' [-Wunused-function]
   23 | static CGPoint ghSpherical2tilt(double altitudeAngle, double azimuthAngle)
      |                ^~~~~~~~~~~~~~~~
1 warning generated.

/Users/jonahmicahinguito/dev/rotaract-connect/node_modules/react-native-gesture-handler/apple/RNGHStylusData.h:23:16: Unused function 'ghSpherical2tilt'

CompileC /Users/jonahmicahinguito/Library/Developer/Xcode/DerivedData/rotaractconnect-cjwcbdlngckcsaantafkjnfzfbdk/Build/Intermediates.noindex/Pods.build/Debug-iphoneos/RNGestureHandler.build/Objects-normal/arm64/RNForceTouchHandler.o /Users/jonahmicahinguito/dev/rotaract-connect/node_modules/react-native-gesture-handler/apple/Handlers/RNForceTouchHandler.m normal arm64 objective-c com.apple.compilers.llvm.clang.1_0.compiler (in target 'RNGestureHandler' from project 'Pods')
    cd /Users/jonahmicahinguito/dev/rotaract-connect/ios/Pods
    
    Using response file: /Users/jonahmicahinguito/Library/Developer/Xcode/DerivedData/rotaractconnect-cjwcbdlngckcsaantafkjnfzfbdk/Build/Intermediates.noindex/Pods.build/Debug-iphoneos/RNGestureHandler.build/Objects-normal/arm64/e6072d4f65d7061329687fe24e3d63a7-common-args.resp
    
    /Applications/Xcode.app/Contents/Developer/Toolchains/XcodeDefault.xctoolchain/usr/bin/clang -x objective-c -ivfsstatcache /Users/jonahmicahinguito/Library/Developer/Xcode/DerivedData/SDKStatCaches.noindex/iphoneos26.5-23F81a-32daed1954a7d5dd0789fcaf2a9bb78b.sdkstatcache -target arm64-apple-ios15.1 -fmessage-length\=0 -fdiagnostics-show-note-include-stack -fmacro-backtrace-limit\=0 -fno-color-diagnostics -fmodules-prune-interval\=86400 -fmodules-prune-after\=345600 -fbuild-session-file\=/Users/jonahmicahinguito/Library/Developer/Xcode/DerivedData/ModuleCache.noindex/Session.modulevalidation -fmodules-validate-once-per-build-session -Wnon-modular-include-in-framework-module -Werror\=non-modular-include-in-framework-module -Wno-trigraphs -Wno-missing-field-initializers -Wno-missing-prototypes -Werror\=return-type -Wdocumentation -Wunreachable-code -Wno-implicit-atomic-properties -Werror\=deprecated-objc-isa-usage -Wno-objc-interface-ivars -Werror\=objc-root-class -Wno-arc-repeated-use-of-weak -Wimplicit-retain-self -Wduplicate-method-match -Wno-missing-braces -Wparentheses -Wswitch -Wunused-function -Wno-unused-label -Wno-unused-parameter -Wunused-variable -Wunused-value -Wempty-body -Wuninitialized -Wconditional-uninitialized -Wno-unknown-pragmas -Wno-shadow -Wno-four-char-constants -Wno-conversion -Wconstant-conversion -Wint-conversion -Wbool-conversion -Wenum-conversion -Wno-float-conversion -Wnon-literal-null-conversion -Wobjc-literal-conversion -Wshorten-64-to-32 -Wpointer-sign -Wno-newline-eof -Wno-selector -Wno-strict-selector-match -Wundeclared-selector -Wdeprecated-implementations -Wno-implicit-fallthrough -isysroot /Applications/Xcode.app/Contents/Developer/Platforms/iPhoneOS.platform/Developer/SDKs/iPhoneOS26.5.sdk -fstrict-aliasing -Wprotocol -Wdeprecated-declarations -Wno-sign-conversion -Winfinite-recursion -Wcomma -Wblock-capture-autoreleasing -Wstrict-prototypes -Wno-semicolon-before-method-body -Wunguarded-availability -index-store-path /Users/jonahmicahinguito/Library/Developer/Xcode/DerivedData/rotaractconnect-cjwcbdlngckcsaantafkjnfzfbdk/Index.noindex/DataStore @/Users/jonahmicahinguito/Library/Developer/Xcode/DerivedData/rotaractconnect-cjwcbdlngckcsaantafkjnfzfbdk/Build/Intermediates.noindex/Pods.build/Debug-iphoneos/RNGestureHandler.build/Objects-normal/arm64/e6072d4f65d7061329687fe24e3d63a7-common-args.resp -DRCT_NEW_ARCH_ENABLED\=1 -include /Users/jonahmicahinguito/dev/rotaract-connect/ios/Pods/Target\ Support\ Files/RNGestureHandler/RNGestureHandler-prefix.pch -MMD -MT dependencies -MF /Users/jonahmicahinguito/Library/Developer/Xcode/DerivedData/rotaractconnect-cjwcbdlngckcsaantafkjnfzfbdk/Build/Intermediates.noindex/Pods.build/Debug-iphoneos/RNGestureHandler.build/Objects-normal/arm64/RNForceTouchHandler.d --serialize-diagnostics /Users/jonahmicahinguito/Library/Developer/Xcode/DerivedData/rotaractconnect-cjwcbdlngckcsaantafkjnfzfbdk/Build/Intermediates.noindex/Pods.build/Debug-iphoneos/RNGestureHandler.build/Objects-normal/arm64/RNForceTouchHandler.dia -c /Users/jonahmicahinguito/dev/rotaract-connect/node_modules/react-native-gesture-handler/apple/Handlers/RNForceTouchHandler.m -o /Users/jonahmicahinguito/Library/Developer/Xcode/DerivedData/rotaractconnect-cjwcbdlngckcsaantafkjnfzfbdk/Build/Intermediates.noindex/Pods.build/Debug-iphoneos/RNGestureHandler.build/Objects-normal/arm64/RNForceTouchHandler.o -index-unit-output-path /Pods.build/Debug-iphoneos/RNGestureHandler.build/Objects-normal/arm64/RNForceTouchHandler.o

In file included from /Users/jonahmicahinguito/dev/rotaract-connect/node_modules/react-native-gesture-handler/apple/Handlers/RNForceTouchHandler.m:1:
In file included from /Users/jonahmicahinguito/dev/rotaract-connect/node_modules/react-native-gesture-handler/apple/Handlers/RNForceTouchHandler.h:1:
In file included from /Users/jonahmicahinguito/dev/rotaract-connect/node_modules/react-native-gesture-handler/apple/RNGestureHandler.h:4:
In file included from /Users/jonahmicahinguito/dev/rotaract-connect/node_modules/react-native-gesture-handler/apple/RNGestureHandlerEvents.h:5:
/Users/jonahmicahinguito/dev/rotaract-connect/node_modules/react-native-gesture-handler/apple/RNGHStylusData.h:23:16: warning: unused function 'ghSpherical2tilt' [-Wunused-function]
   23 | static CGPoint ghSpherical2tilt(double altitudeAngle, double azimuthAngle)
      |                ^~~~~~~~~~~~~~~~
1 warning generated.

/Users/jonahmicahinguito/dev/rotaract-connect/node_modules/react-native-gesture-handler/apple/RNGHStylusData.h:23:16: Unused function 'ghSpherical2tilt'

CompileC /Users/jonahmicahinguito/Library/Developer/Xcode/DerivedData/rotaractconnect-cjwcbdlngckcsaantafkjnfzfbdk/Build/Intermediates.noindex/Pods.build/Debug-iphoneos/RNGestureHandler.build/Objects-normal/arm64/RNFlingHandler.o /Users/jonahmicahinguito/dev/rotaract-connect/node_modules/react-native-gesture-handler/apple/Handlers/RNFlingHandler.m normal arm64 objective-c com.apple.compilers.llvm.clang.1_0.compiler (in target 'RNGestureHandler' from project 'Pods')
    cd /Users/jonahmicahinguito/dev/rotaract-connect/ios/Pods
    
    Using response file: /Users/jonahmicahinguito/Library/Developer/Xcode/DerivedData/rotaractconnect-cjwcbdlngckcsaantafkjnfzfbdk/Build/Intermediates.noindex/Pods.build/Debug-iphoneos/RNGestureHandler.build/Objects-normal/arm64/e6072d4f65d7061329687fe24e3d63a7-common-args.resp
    
    /Applications/Xcode.app/Contents/Developer/Toolchains/XcodeDefault.xctoolchain/usr/bin/clang -x objective-c -ivfsstatcache /Users/jonahmicahinguito/Library/Developer/Xcode/DerivedData/SDKStatCaches.noindex/iphoneos26.5-23F81a-32daed1954a7d5dd0789fcaf2a9bb78b.sdkstatcache -target arm64-apple-ios15.1 -fmessage-length\=0 -fdiagnostics-show-note-include-stack -fmacro-backtrace-limit\=0 -fno-color-diagnostics -fmodules-prune-interval\=86400 -fmodules-prune-after\=345600 -fbuild-session-file\=/Users/jonahmicahinguito/Library/Developer/Xcode/DerivedData/ModuleCache.noindex/Session.modulevalidation -fmodules-validate-once-per-build-session -Wnon-modular-include-in-framework-module -Werror\=non-modular-include-in-framework-module -Wno-trigraphs -Wno-missing-field-initializers -Wno-missing-prototypes -Werror\=return-type -Wdocumentation -Wunreachable-code -Wno-implicit-atomic-properties -Werror\=deprecated-objc-isa-usage -Wno-objc-interface-ivars -Werror\=objc-root-class -Wno-arc-repeated-use-of-weak -Wimplicit-retain-self -Wduplicate-method-match -Wno-missing-braces -Wparentheses -Wswitch -Wunused-function -Wno-unused-label -Wno-unused-parameter -Wunused-variable -Wunused-value -Wempty-body -Wuninitialized -Wconditional-uninitialized -Wno-unknown-pragmas -Wno-shadow -Wno-four-char-constants -Wno-conversion -Wconstant-conversion -Wint-conversion -Wbool-conversion -Wenum-conversion -Wno-float-conversion -Wnon-literal-null-conversion -Wobjc-literal-conversion -Wshorten-64-to-32 -Wpointer-sign -Wno-newline-eof -Wno-selector -Wno-strict-selector-match -Wundeclared-selector -Wdeprecated-implementations -Wno-implicit-fallthrough -isysroot /Applications/Xcode.app/Contents/Developer/Platforms/iPhoneOS.platform/Developer/SDKs/iPhoneOS26.5.sdk -fstrict-aliasing -Wprotocol -Wdeprecated-declarations -Wno-sign-conversion -Winfinite-recursion -Wcomma -Wblock-capture-autoreleasing -Wstrict-prototypes -Wno-semicolon-before-method-body -Wunguarded-availability -index-store-path /Users/jonahmicahinguito/Library/Developer/Xcode/DerivedData/rotaractconnect-cjwcbdlngckcsaantafkjnfzfbdk/Index.noindex/DataStore @/Users/jonahmicahinguito/Library/Developer/Xcode/DerivedData/rotaractconnect-cjwcbdlngckcsaantafkjnfzfbdk/Build/Intermediates.noindex/Pods.build/Debug-iphoneos/RNGestureHandler.build/Objects-normal/arm64/e6072d4f65d7061329687fe24e3d63a7-common-args.resp -DRCT_NEW_ARCH_ENABLED\=1 -include /Users/jonahmicahinguito/dev/rotaract-connect/ios/Pods/Target\ Support\ Files/RNGestureHandler/RNGestureHandler-prefix.pch -MMD -MT dependencies -MF /Users/jonahmicahinguito/Library/Developer/Xcode/DerivedData/rotaractconnect-cjwcbdlngckcsaantafkjnfzfbdk/Build/Intermediates.noindex/Pods.build/Debug-iphoneos/RNGestureHandler.build/Objects-normal/arm64/RNFlingHandler.d --serialize-diagnostics /Users/jonahmicahinguito/Library/Developer/Xcode/DerivedData/rotaractconnect-cjwcbdlngckcsaantafkjnfzfbdk/Build/Intermediates.noindex/Pods.build/Debug-iphoneos/RNGestureHandler.build/Objects-normal/arm64/RNFlingHandler.dia -c /Users/jonahmicahinguito/dev/rotaract-connect/node_modules/react-native-gesture-handler/apple/Handlers/RNFlingHandler.m -o /Users/jonahmicahinguito/Library/Developer/Xcode/DerivedData/rotaractconnect-cjwcbdlngckcsaantafkjnfzfbdk/Build/Intermediates.noindex/Pods.build/Debug-iphoneos/RNGestureHandler.build/Objects-normal/arm64/RNFlingHandler.o -index-unit-output-path /Pods.build/Debug-iphoneos/RNGestureHandler.build/Objects-normal/arm64/RNFlingHandler.o

/Users/jonahmicahinguito/dev/rotaract-connect/node_modules/react-native-gesture-handler/apple/Handlers/RNFlingHandler.m:257:26: warning: implicit conversion from enumeration type 'enum RNGestureHandlerDirection' to different enumeration type 'UISwipeGestureRecognizerDirection' (aka 'enum UISwipeGestureRecognizerDirection') [-Wimplicit-enum-enum-cast]
  257 |   recognizer.direction = RNGestureHandlerDirectionRight;
      |                        ~ ^~~~~~~~~~~~~~~~~~~~~~~~~~~~~~
In file included from /Users/jonahmicahinguito/dev/rotaract-connect/node_modules/react-native-gesture-handler/apple/Handlers/RNFlingHandler.m:1:
In file included from /Users/jonahmicahinguito/dev/rotaract-connect/node_modules/react-native-gesture-handler/apple/Handlers/RNFlingHandler.h:2:
In file included from /Users/jonahmicahinguito/dev/rotaract-connect/node_modules/react-native-gesture-handler/apple/RNGestureHandler.h:4:
In file included from /Users/jonahmicahinguito/dev/rotaract-connect/node_modules/react-native-gesture-handler/apple/RNGestureHandlerEvents.h:5:
/Users/jonahmicahinguito/dev/rotaract-connect/node_modules/react-native-gesture-handler/apple/RNGHStylusData.h:23:16: warning: unused function 'ghSpherical2tilt' [-Wunused-function]
   23 | static CGPoint ghSpherical2tilt(double altitudeAngle, double azimuthAngle)
      |                ^~~~~~~~~~~~~~~~
2 warnings generated.

/Users/jonahmicahinguito/dev/rotaract-connect/node_modules/react-native-gesture-handler/apple/Handlers/RNFlingHandler.m:257:26: Implicit conversion from enumeration type 'enum RNGestureHandlerDirection' to different enumeration type 'UISwipeGestureRecognizerDirection' (aka 'enum UISwipeGestureRecognizerDirection')

/Users/jonahmicahinguito/dev/rotaract-connect/node_modules/react-native-gesture-handler/apple/RNGHStylusData.h:23:16: Unused function 'ghSpherical2tilt'


Build target RNDateTimePicker of project Pods with configuration Debug

CompileC /Users/jonahmicahinguito/Library/Developer/Xcode/DerivedData/rotaractconnect-cjwcbdlngckcsaantafkjnfzfbdk/Build/Intermediates.noindex/Pods.build/Debug-iphoneos/RNDateTimePicker.build/Objects-normal/arm64/ShadowNodes.o /Users/jonahmicahinguito/dev/rotaract-connect/node_modules/@react-native-community/datetimepicker/ios/fabric/cpp/react/renderer/components/RNDateTimePicker/ShadowNodes.cpp normal arm64 c++ com.apple.compilers.llvm.clang.1_0.compiler (in target 'RNDateTimePicker' from project 'Pods')
    cd /Users/jonahmicahinguito/dev/rotaract-connect/ios/Pods
    
    Using response file: /Users/jonahmicahinguito/Library/Developer/Xcode/DerivedData/rotaractconnect-cjwcbdlngckcsaantafkjnfzfbdk/Build/Intermediates.noindex/Pods.build/Debug-iphoneos/RNDateTimePicker.build/Objects-normal/arm64/82b82416624d2658e5098eb0a28c15c5-common-args.resp
    
    /Applications/Xcode.app/Contents/Developer/Toolchains/XcodeDefault.xctoolchain/usr/bin/clang -x c++ -ivfsstatcache /Users/jonahmicahinguito/Library/Developer/Xcode/DerivedData/SDKStatCaches.noindex/iphoneos26.5-23F81a-32daed1954a7d5dd0789fcaf2a9bb78b.sdkstatcache -target arm64-apple-ios15.1 -fmessage-length\=0 -fdiagnostics-show-note-include-stack -fmacro-backtrace-limit\=0 -fno-color-diagnostics -fmodules-prune-interval\=86400 -fmodules-prune-after\=345600 -fbuild-session-file\=/Users/jonahmicahinguito/Library/Developer/Xcode/DerivedData/ModuleCache.noindex/Session.modulevalidation -fmodules-validate-once-per-build-session -Wnon-modular-include-in-framework-module -Werror\=non-modular-include-in-framework-module -Wno-trigraphs -Wno-missing-field-initializers -Wno-missing-prototypes -Werror\=return-type -Wdocumentation -Wunreachable-code -Werror\=deprecated-objc-isa-usage -Werror\=objc-root-class -Wno-non-virtual-dtor -Wno-overloaded-virtual -Wno-exit-time-destructors -Wno-missing-braces -Wparentheses -Wswitch -Wunused-function -Wno-unused-label -Wno-unused-parameter -Wunused-variable -Wunused-value -Wempty-body -Wuninitialized -Wconditional-uninitialized -Wno-unknown-pragmas -Wno-shadow -Wno-four-char-constants -Wno-conversion -Wconstant-conversion -Wint-conversion -Wbool-conversion -Wenum-conversion -Wno-float-conversion -Wnon-literal-null-conversion -Wobjc-literal-conversion -Wshorten-64-to-32 -Wno-newline-eof -Wno-c++11-extensions -Wno-implicit-fallthrough -isysroot /Applications/Xcode.app/Contents/Developer/Platforms/iPhoneOS.platform/Developer/SDKs/iPhoneOS26.5.sdk -fstrict-aliasing -Wdeprecated-declarations -Winvalid-offsetof -Wno-sign-conversion -Winfinite-recursion -Wmove -Wcomma -Wblock-capture-autoreleasing -Wstrict-prototypes -Wrange-loop-analysis -Wno-semicolon-before-method-body -Wunguarded-availability -index-store-path /Users/jonahmicahinguito/Library/Developer/Xcode/DerivedData/rotaractconnect-cjwcbdlngckcsaantafkjnfzfbdk/Index.noindex/DataStore @/Users/jonahmicahinguito/Library/Developer/Xcode/DerivedData/rotaractconnect-cjwcbdlngckcsaantafkjnfzfbdk/Build/Intermediates.noindex/Pods.build/Debug-iphoneos/RNDateTimePicker.build/Objects-normal/arm64/82b82416624d2658e5098eb0a28c15c5-common-args.resp -DRCT_NEW_ARCH_ENABLED\=1 -include /Users/jonahmicahinguito/dev/rotaract-connect/ios/Pods/Target\ Support\ Files/RNDateTimePicker/RNDateTimePicker-prefix.pch -MMD -MT dependencies -MF /Users/jonahmicahinguito/Library/Developer/Xcode/DerivedData/rotaractconnect-cjwcbdlngckcsaantafkjnfzfbdk/Build/Intermediates.noindex/Pods.build/Debug-iphoneos/RNDateTimePicker.build/Objects-normal/arm64/ShadowNodes.d --serialize-diagnostics /Users/jonahmicahinguito/Library/Developer/Xcode/DerivedData/rotaractconnect-cjwcbdlngckcsaantafkjnfzfbdk/Build/Intermediates.noindex/Pods.build/Debug-iphoneos/RNDateTimePicker.build/Objects-normal/arm64/ShadowNodes.dia -c /Users/jonahmicahinguito/dev/rotaract-connect/node_modules/@react-native-community/datetimepicker/ios/fabric/cpp/react/renderer/components/RNDateTimePicker/ShadowNodes.cpp -o /Users/jonahmicahinguito/Library/Developer/Xcode/DerivedData/rotaractconnect-cjwcbdlngckcsaantafkjnfzfbdk/Build/Intermediates.noindex/Pods.build/Debug-iphoneos/RNDateTimePicker.build/Objects-normal/arm64/ShadowNodes.o -index-unit-output-path /Pods.build/Debug-iphoneos/RNDateTimePicker.build/Objects-normal/arm64/ShadowNodes.o

In file included from /Users/jonahmicahinguito/dev/rotaract-connect/node_modules/@react-native-community/datetimepicker/ios/fabric/cpp/react/renderer/components/RNDateTimePicker/ShadowNodes.cpp:9:
In file included from /Users/jonahmicahinguito/dev/rotaract-connect/node_modules/@react-native-community/datetimepicker/ios/fabric/cpp/react/renderer/components/RNDateTimePicker/ShadowNodes.h:11:
In file included from /Users/jonahmicahinguito/dev/rotaract-connect/node_modules/@react-native-community/datetimepicker/ios/fabric/cpp/react/renderer/components/RNDateTimePicker/RNDateTimePickerState.h:8:
/Users/jonahmicahinguito/dev/rotaract-connect/ios/Pods/Headers/Public/React-graphics/react/renderer/graphics/Geometry.h:18:2: warning: "The Geometry.h file is deprecated and will be removed in the next version of React Native. Please update your #include and #import statements to use the specific files. For example, if you imported Geometry.h to use Float.h, replase the #include <react/renderer/graphics/Geometry.h> with #include <react/renderer/graphics/Float.h>" [-W#warnings]
   18 | #warning \
      |  ^
1 warning generated.

/Users/jonahmicahinguito/dev/rotaract-connect/ios/Pods/Headers/Public/React-graphics/react/renderer/graphics/Geometry.h:18:2: "The Geometry.h file is deprecated and will be removed in the next version of React Native. Please update your #include and #import statements to use the specific files. For example, if you imported Geometry.h to use Float.h, replase the #include <react/renderer/graphics/Geometry.h> with #include <react/renderer/graphics/Float.h>"

CompileC /Users/jonahmicahinguito/Library/Developer/Xcode/DerivedData/rotaractconnect-cjwcbdlngckcsaantafkjnfzfbdk/Build/Intermediates.noindex/Pods.build/Debug-iphoneos/RNDateTimePicker.build/Objects-normal/arm64/RNDateTimePickerState.o /Users/jonahmicahinguito/dev/rotaract-connect/node_modules/@react-native-community/datetimepicker/ios/fabric/cpp/react/renderer/components/RNDateTimePicker/RNDateTimePickerState.cpp normal arm64 c++ com.apple.compilers.llvm.clang.1_0.compiler (in target 'RNDateTimePicker' from project 'Pods')
    cd /Users/jonahmicahinguito/dev/rotaract-connect/ios/Pods
    
    Using response file: /Users/jonahmicahinguito/Library/Developer/Xcode/DerivedData/rotaractconnect-cjwcbdlngckcsaantafkjnfzfbdk/Build/Intermediates.noindex/Pods.build/Debug-iphoneos/RNDateTimePicker.build/Objects-normal/arm64/82b82416624d2658e5098eb0a28c15c5-common-args.resp
    
    /Applications/Xcode.app/Contents/Developer/Toolchains/XcodeDefault.xctoolchain/usr/bin/clang -x c++ -ivfsstatcache /Users/jonahmicahinguito/Library/Developer/Xcode/DerivedData/SDKStatCaches.noindex/iphoneos26.5-23F81a-32daed1954a7d5dd0789fcaf2a9bb78b.sdkstatcache -target arm64-apple-ios15.1 -fmessage-length\=0 -fdiagnostics-show-note-include-stack -fmacro-backtrace-limit\=0 -fno-color-diagnostics -fmodules-prune-interval\=86400 -fmodules-prune-after\=345600 -fbuild-session-file\=/Users/jonahmicahinguito/Library/Developer/Xcode/DerivedData/ModuleCache.noindex/Session.modulevalidation -fmodules-validate-once-per-build-session -Wnon-modular-include-in-framework-module -Werror\=non-modular-include-in-framework-module -Wno-trigraphs -Wno-missing-field-initializers -Wno-missing-prototypes -Werror\=return-type -Wdocumentation -Wunreachable-code -Werror\=deprecated-objc-isa-usage -Werror\=objc-root-class -Wno-non-virtual-dtor -Wno-overloaded-virtual -Wno-exit-time-destructors -Wno-missing-braces -Wparentheses -Wswitch -Wunused-function -Wno-unused-label -Wno-unused-parameter -Wunused-variable -Wunused-value -Wempty-body -Wuninitialized -Wconditional-uninitialized -Wno-unknown-pragmas -Wno-shadow -Wno-four-char-constants -Wno-conversion -Wconstant-conversion -Wint-conversion -Wbool-conversion -Wenum-conversion -Wno-float-conversion -Wnon-literal-null-conversion -Wobjc-literal-conversion -Wshorten-64-to-32 -Wno-newline-eof -Wno-c++11-extensions -Wno-implicit-fallthrough -isysroot /Applications/Xcode.app/Contents/Developer/Platforms/iPhoneOS.platform/Developer/SDKs/iPhoneOS26.5.sdk -fstrict-aliasing -Wdeprecated-declarations -Winvalid-offsetof -Wno-sign-conversion -Winfinite-recursion -Wmove -Wcomma -Wblock-capture-autoreleasing -Wstrict-prototypes -Wrange-loop-analysis -Wno-semicolon-before-method-body -Wunguarded-availability -index-store-path /Users/jonahmicahinguito/Library/Developer/Xcode/DerivedData/rotaractconnect-cjwcbdlngckcsaantafkjnfzfbdk/Index.noindex/DataStore @/Users/jonahmicahinguito/Library/Developer/Xcode/DerivedData/rotaractconnect-cjwcbdlngckcsaantafkjnfzfbdk/Build/Intermediates.noindex/Pods.build/Debug-iphoneos/RNDateTimePicker.build/Objects-normal/arm64/82b82416624d2658e5098eb0a28c15c5-common-args.resp -DRCT_NEW_ARCH_ENABLED\=1 -include /Users/jonahmicahinguito/dev/rotaract-connect/ios/Pods/Target\ Support\ Files/RNDateTimePicker/RNDateTimePicker-prefix.pch -MMD -MT dependencies -MF /Users/jonahmicahinguito/Library/Developer/Xcode/DerivedData/rotaractconnect-cjwcbdlngckcsaantafkjnfzfbdk/Build/Intermediates.noindex/Pods.build/Debug-iphoneos/RNDateTimePicker.build/Objects-normal/arm64/RNDateTimePickerState.d --serialize-diagnostics /Users/jonahmicahinguito/Library/Developer/Xcode/DerivedData/rotaractconnect-cjwcbdlngckcsaantafkjnfzfbdk/Build/Intermediates.noindex/Pods.build/Debug-iphoneos/RNDateTimePicker.build/Objects-normal/arm64/RNDateTimePickerState.dia -c /Users/jonahmicahinguito/dev/rotaract-connect/node_modules/@react-native-community/datetimepicker/ios/fabric/cpp/react/renderer/components/RNDateTimePicker/RNDateTimePickerState.cpp -o /Users/jonahmicahinguito/Library/Developer/Xcode/DerivedData/rotaractconnect-cjwcbdlngckcsaantafkjnfzfbdk/Build/Intermediates.noindex/Pods.build/Debug-iphoneos/RNDateTimePicker.build/Objects-normal/arm64/RNDateTimePickerState.o -index-unit-output-path /Pods.build/Debug-iphoneos/RNDateTimePicker.build/Objects-normal/arm64/RNDateTimePickerState.o

In file included from /Users/jonahmicahinguito/dev/rotaract-connect/node_modules/@react-native-community/datetimepicker/ios/fabric/cpp/react/renderer/components/RNDateTimePicker/RNDateTimePickerState.cpp:6:
In file included from /Users/jonahmicahinguito/dev/rotaract-connect/node_modules/@react-native-community/datetimepicker/ios/fabric/cpp/react/renderer/components/RNDateTimePicker/RNDateTimePickerState.h:8:
/Users/jonahmicahinguito/dev/rotaract-connect/ios/Pods/Headers/Public/React-graphics/react/renderer/graphics/Geometry.h:18:2: warning: "The Geometry.h file is deprecated and will be removed in the next version of React Native. Please update your #include and #import statements to use the specific files. For example, if you imported Geometry.h to use Float.h, replase the #include <react/renderer/graphics/Geometry.h> with #include <react/renderer/graphics/Float.h>" [-W#warnings]
   18 | #warning \
      |  ^
1 warning generated.

/Users/jonahmicahinguito/dev/rotaract-connect/ios/Pods/Headers/Public/React-graphics/react/renderer/graphics/Geometry.h:18:2: "The Geometry.h file is deprecated and will be removed in the next version of React Native. Please update your #include and #import statements to use the specific files. For example, if you imported Geometry.h to use Float.h, replase the #include <react/renderer/graphics/Geometry.h> with #include <react/renderer/graphics/Float.h>"

CompileC /Users/jonahmicahinguito/Library/Developer/Xcode/DerivedData/rotaractconnect-cjwcbdlngckcsaantafkjnfzfbdk/Build/Intermediates.noindex/Pods.build/Debug-iphoneos/RNDateTimePicker.build/Objects-normal/arm64/RNDateTimePickerComponentView.o /Users/jonahmicahinguito/dev/rotaract-connect/node_modules/@react-native-community/datetimepicker/ios/fabric/RNDateTimePickerComponentView.mm normal arm64 objective-c++ com.apple.compilers.llvm.clang.1_0.compiler (in target 'RNDateTimePicker' from project 'Pods')
    cd /Users/jonahmicahinguito/dev/rotaract-connect/ios/Pods
    
    Using response file: /Users/jonahmicahinguito/Library/Developer/Xcode/DerivedData/rotaractconnect-cjwcbdlngckcsaantafkjnfzfbdk/Build/Intermediates.noindex/Pods.build/Debug-iphoneos/RNDateTimePicker.build/Objects-normal/arm64/af3fcb34312c57c0f52879cdce924b91-common-args.resp
    
    /Applications/Xcode.app/Contents/Developer/Toolchains/XcodeDefault.xctoolchain/usr/bin/clang -x objective-c++ -ivfsstatcache /Users/jonahmicahinguito/Library/Developer/Xcode/DerivedData/SDKStatCaches.noindex/iphoneos26.5-23F81a-32daed1954a7d5dd0789fcaf2a9bb78b.sdkstatcache -target arm64-apple-ios15.1 -fmessage-length\=0 -fdiagnostics-show-note-include-stack -fmacro-backtrace-limit\=0 -fno-color-diagnostics -fmodules-prune-interval\=86400 -fmodules-prune-after\=345600 -fbuild-session-file\=/Users/jonahmicahinguito/Library/Developer/Xcode/DerivedData/ModuleCache.noindex/Session.modulevalidation -fmodules-validate-once-per-build-session -Wnon-modular-include-in-framework-module -Werror\=non-modular-include-in-framework-module -Wno-trigraphs -Wno-missing-field-initializers -Wno-missing-prototypes -Werror\=return-type -Wdocumentation -Wunreachable-code -Wno-implicit-atomic-properties -Werror\=deprecated-objc-isa-usage -Wno-objc-interface-ivars -Werror\=objc-root-class -Wno-arc-repeated-use-of-weak -Wimplicit-retain-self -Wno-non-virtual-dtor -Wno-overloaded-virtual -Wno-exit-time-destructors -Wduplicate-method-match -Wno-missing-braces -Wparentheses -Wswitch -Wunused-function -Wno-unused-label -Wno-unused-parameter -Wunused-variable -Wunused-value -Wempty-body -Wuninitialized -Wconditional-uninitialized -Wno-unknown-pragmas -Wno-shadow -Wno-four-char-constants -Wno-conversion -Wconstant-conversion -Wint-conversion -Wbool-conversion -Wenum-conversion -Wno-float-conversion -Wnon-literal-null-conversion -Wobjc-literal-conversion -Wshorten-64-to-32 -Wno-newline-eof -Wno-selector -Wno-strict-selector-match -Wundeclared-selector -Wdeprecated-implementations -Wno-c++11-extensions -Wno-implicit-fallthrough -isysroot /Applications/Xcode.app/Contents/Developer/Platforms/iPhoneOS.platform/Developer/SDKs/iPhoneOS26.5.sdk -fstrict-aliasing -Wprotocol -Wdeprecated-declarations -Winvalid-offsetof -Wno-sign-conversion -Winfinite-recursion -Wmove -Wcomma -Wblock-capture-autoreleasing -Wstrict-prototypes -Wrange-loop-analysis -Wno-semicolon-before-method-body -Wunguarded-availability -index-store-path /Users/jonahmicahinguito/Library/Developer/Xcode/DerivedData/rotaractconnect-cjwcbdlngckcsaantafkjnfzfbdk/Index.noindex/DataStore @/Users/jonahmicahinguito/Library/Developer/Xcode/DerivedData/rotaractconnect-cjwcbdlngckcsaantafkjnfzfbdk/Build/Intermediates.noindex/Pods.build/Debug-iphoneos/RNDateTimePicker.build/Objects-normal/arm64/af3fcb34312c57c0f52879cdce924b91-common-args.resp -DRCT_NEW_ARCH_ENABLED\=1 -include /Users/jonahmicahinguito/dev/rotaract-connect/ios/Pods/Target\ Support\ Files/RNDateTimePicker/RNDateTimePicker-prefix.pch -MMD -MT dependencies -MF /Users/jonahmicahinguito/Library/Developer/Xcode/DerivedData/rotaractconnect-cjwcbdlngckcsaantafkjnfzfbdk/Build/Intermediates.noindex/Pods.build/Debug-iphoneos/RNDateTimePicker.build/Objects-normal/arm64/RNDateTimePickerComponentView.d --serialize-diagnostics /Users/jonahmicahinguito/Library/Developer/Xcode/DerivedData/rotaractconnect-cjwcbdlngckcsaantafkjnfzfbdk/Build/Intermediates.noindex/Pods.build/Debug-iphoneos/RNDateTimePicker.build/Objects-normal/arm64/RNDateTimePickerComponentView.dia -c /Users/jonahmicahinguito/dev/rotaract-connect/node_modules/@react-native-community/datetimepicker/ios/fabric/RNDateTimePickerComponentView.mm -o /Users/jonahmicahinguito/Library/Developer/Xcode/DerivedData/rotaractconnect-cjwcbdlngckcsaantafkjnfzfbdk/Build/Intermediates.noindex/Pods.build/Debug-iphoneos/RNDateTimePicker.build/Objects-normal/arm64/RNDateTimePickerComponentView.o -index-unit-output-path /Pods.build/Debug-iphoneos/RNDateTimePicker.build/Objects-normal/arm64/RNDateTimePickerComponentView.o

In file included from /Users/jonahmicahinguito/dev/rotaract-connect/node_modules/@react-native-community/datetimepicker/ios/fabric/RNDateTimePickerComponentView.mm:8:
In file included from /Users/jonahmicahinguito/dev/rotaract-connect/node_modules/@react-native-community/datetimepicker/ios/fabric/cpp/react/renderer/components/RNDateTimePicker/ComponentDescriptors.h:11:
In file included from /Users/jonahmicahinguito/dev/rotaract-connect/node_modules/@react-native-community/datetimepicker/ios/fabric/cpp/react/renderer/components/RNDateTimePicker/ShadowNodes.h:11:
In file included from /Users/jonahmicahinguito/dev/rotaract-connect/node_modules/@react-native-community/datetimepicker/ios/fabric/cpp/react/renderer/components/RNDateTimePicker/RNDateTimePickerState.h:8:
/Users/jonahmicahinguito/dev/rotaract-connect/ios/Pods/Headers/Public/React-graphics/react/renderer/graphics/Geometry.h:18:2: warning: "The Geometry.h file is deprecated and will be removed in the next version of React Native. Please update your #include and #import statements to use the specific files. For example, if you imported Geometry.h to use Float.h, replase the #include <react/renderer/graphics/Geometry.h> with #include <react/renderer/graphics/Float.h>" [-W#warnings]
   18 | #warning \
      |  ^
1 warning generated.

/Users/jonahmicahinguito/dev/rotaract-connect/ios/Pods/Headers/Public/React-graphics/react/renderer/graphics/Geometry.h:18:2: "The Geometry.h file is deprecated and will be removed in the next version of React Native. Please update your #include and #import statements to use the specific files. For example, if you imported Geometry.h to use Float.h, replase the #include <react/renderer/graphics/Geometry.h> with #include <react/renderer/graphics/Float.h>"

CompileC /Users/jonahmicahinguito/Library/Developer/Xcode/DerivedData/rotaractconnect-cjwcbdlngckcsaantafkjnfzfbdk/Build/Intermediates.noindex/Pods.build/Debug-iphoneos/RNDateTimePicker.build/Objects-normal/arm64/RNDateTimePickerManager.o /Users/jonahmicahinguito/dev/rotaract-connect/node_modules/@react-native-community/datetimepicker/ios/RNDateTimePickerManager.m normal arm64 objective-c com.apple.compilers.llvm.clang.1_0.compiler (in target 'RNDateTimePicker' from project 'Pods')
    cd /Users/jonahmicahinguito/dev/rotaract-connect/ios/Pods
    
    Using response file: /Users/jonahmicahinguito/Library/Developer/Xcode/DerivedData/rotaractconnect-cjwcbdlngckcsaantafkjnfzfbdk/Build/Intermediates.noindex/Pods.build/Debug-iphoneos/RNDateTimePicker.build/Objects-normal/arm64/e6072d4f65d7061329687fe24e3d63a7-common-args.resp
    
    /Applications/Xcode.app/Contents/Developer/Toolchains/XcodeDefault.xctoolchain/usr/bin/clang -x objective-c -ivfsstatcache /Users/jonahmicahinguito/Library/Developer/Xcode/DerivedData/SDKStatCaches.noindex/iphoneos26.5-23F81a-32daed1954a7d5dd0789fcaf2a9bb78b.sdkstatcache -target arm64-apple-ios15.1 -fmessage-length\=0 -fdiagnostics-show-note-include-stack -fmacro-backtrace-limit\=0 -fno-color-diagnostics -fmodules-prune-interval\=86400 -fmodules-prune-after\=345600 -fbuild-session-file\=/Users/jonahmicahinguito/Library/Developer/Xcode/DerivedData/ModuleCache.noindex/Session.modulevalidation -fmodules-validate-once-per-build-session -Wnon-modular-include-in-framework-module -Werror\=non-modular-include-in-framework-module -Wno-trigraphs -Wno-missing-field-initializers -Wno-missing-prototypes -Werror\=return-type -Wdocumentation -Wunreachable-code -Wno-implicit-atomic-properties -Werror\=deprecated-objc-isa-usage -Wno-objc-interface-ivars -Werror\=objc-root-class -Wno-arc-repeated-use-of-weak -Wimplicit-retain-self -Wduplicate-method-match -Wno-missing-braces -Wparentheses -Wswitch -Wunused-function -Wno-unused-label -Wno-unused-parameter -Wunused-variable -Wunused-value -Wempty-body -Wuninitialized -Wconditional-uninitialized -Wno-unknown-pragmas -Wno-shadow -Wno-four-char-constants -Wno-conversion -Wconstant-conversion -Wint-conversion -Wbool-conversion -Wenum-conversion -Wno-float-conversion -Wnon-literal-null-conversion -Wobjc-literal-conversion -Wshorten-64-to-32 -Wpointer-sign -Wno-newline-eof -Wno-selector -Wno-strict-selector-match -Wundeclared-selector -Wdeprecated-implementations -Wno-implicit-fallthrough -isysroot /Applications/Xcode.app/Contents/Developer/Platforms/iPhoneOS.platform/Developer/SDKs/iPhoneOS26.5.sdk -fstrict-aliasing -Wprotocol -Wdeprecated-declarations -Wno-sign-conversion -Winfinite-recursion -Wcomma -Wblock-capture-autoreleasing -Wstrict-prototypes -Wno-semicolon-before-method-body -Wunguarded-availability -index-store-path /Users/jonahmicahinguito/Library/Developer/Xcode/DerivedData/rotaractconnect-cjwcbdlngckcsaantafkjnfzfbdk/Index.noindex/DataStore @/Users/jonahmicahinguito/Library/Developer/Xcode/DerivedData/rotaractconnect-cjwcbdlngckcsaantafkjnfzfbdk/Build/Intermediates.noindex/Pods.build/Debug-iphoneos/RNDateTimePicker.build/Objects-normal/arm64/e6072d4f65d7061329687fe24e3d63a7-common-args.resp -DRCT_NEW_ARCH_ENABLED\=1 -include /Users/jonahmicahinguito/dev/rotaract-connect/ios/Pods/Target\ Support\ Files/RNDateTimePicker/RNDateTimePicker-prefix.pch -MMD -MT dependencies -MF /Users/jonahmicahinguito/Library/Developer/Xcode/DerivedData/rotaractconnect-cjwcbdlngckcsaantafkjnfzfbdk/Build/Intermediates.noindex/Pods.build/Debug-iphoneos/RNDateTimePicker.build/Objects-normal/arm64/RNDateTimePickerManager.d --serialize-diagnostics /Users/jonahmicahinguito/Library/Developer/Xcode/DerivedData/rotaractconnect-cjwcbdlngckcsaantafkjnfzfbdk/Build/Intermediates.noindex/Pods.build/Debug-iphoneos/RNDateTimePicker.build/Objects-normal/arm64/RNDateTimePickerManager.dia -c /Users/jonahmicahinguito/dev/rotaract-connect/node_modules/@react-native-community/datetimepicker/ios/RNDateTimePickerManager.m -o /Users/jonahmicahinguito/Library/Developer/Xcode/DerivedData/rotaractconnect-cjwcbdlngckcsaantafkjnfzfbdk/Build/Intermediates.noindex/Pods.build/Debug-iphoneos/RNDateTimePicker.build/Objects-normal/arm64/RNDateTimePickerManager.o -index-unit-output-path /Pods.build/Debug-iphoneos/RNDateTimePicker.build/Objects-normal/arm64/RNDateTimePickerManager.o

/Users/jonahmicahinguito/dev/rotaract-connect/node_modules/@react-native-community/datetimepicker/ios/RNDateTimePickerManager.m:47:1: warning: category is implementing a method which will also be implemented by its primary class [-Wobjc-protocol-method-implementation]
   47 | RCT_ENUM_CONVERTER(UIUserInterfaceStyle, (@{
      | ^
In file included from /Users/jonahmicahinguito/dev/rotaract-connect/node_modules/@react-native-community/datetimepicker/ios/RNDateTimePickerManager.m:8:
In file included from /Users/jonahmicahinguito/dev/rotaract-connect/node_modules/@react-native-community/datetimepicker/ios/RNDateTimePickerManager.h:8:
/Users/jonahmicahinguito/dev/rotaract-connect/ios/Pods/Headers/Public/React-Core/React/RCTConvert.h:246:3: note: expanded from macro 'RCT_ENUM_CONVERTER'
  246 |   +(type)type : (id)json RCT_DYNAMIC                                                        \
      |   ^
/Users/jonahmicahinguito/dev/rotaract-connect/ios/Pods/Headers/Public/React-Core/React/RCTConvert.h:81:1: note: method 'UIUserInterfaceStyle:' declared here
   81 | + (UIUserInterfaceStyle)UIUserInterfaceStyle:(id)json API_AVAILABLE(ios(12));
      | ^
1 warning generated.

/Users/jonahmicahinguito/dev/rotaract-connect/node_modules/@react-native-community/datetimepicker/ios/RNDateTimePickerManager.m:47:1: Category is implementing a method which will also be implemented by its primary class

Libtool /Users/jonahmicahinguito/Library/Developer/Xcode/DerivedData/rotaractconnect-cjwcbdlngckcsaantafkjnfzfbdk/Build/Products/Debug-iphoneos/RNDateTimePicker/libRNDateTimePicker.a normal (in target 'RNDateTimePicker' from project 'Pods')
    cd /Users/jonahmicahinguito/dev/rotaract-connect/ios/Pods
    /Applications/Xcode.app/Contents/Developer/Toolchains/XcodeDefault.xctoolchain/usr/bin/libtool -static -arch_only arm64 -D -syslibroot /Applications/Xcode.app/Contents/Developer/Platforms/iPhoneOS.platform/Developer/SDKs/iPhoneOS26.5.sdk -L/Users/jonahmicahinguito/Library/Developer/Xcode/DerivedData/rotaractconnect-cjwcbdlngckcsaantafkjnfzfbdk/Build/Products/Debug-iphoneos/RNDateTimePicker -filelist /Users/jonahmicahinguito/Library/Developer/Xcode/DerivedData/rotaractconnect-cjwcbdlngckcsaantafkjnfzfbdk/Build/Intermediates.noindex/Pods.build/Debug-iphoneos/RNDateTimePicker.build/Objects-normal/arm64/RNDateTimePicker.LinkFileList -dependency_info /Users/jonahmicahinguito/Library/Developer/Xcode/DerivedData/rotaractconnect-cjwcbdlngckcsaantafkjnfzfbdk/Build/Intermediates.noindex/Pods.build/Debug-iphoneos/RNDateTimePicker.build/Objects-normal/arm64/RNDateTimePicker_libtool_dependency_info.dat -o /Users/jonahmicahinguito/Library/Developer/Xcode/DerivedData/rotaractconnect-cjwcbdlngckcsaantafkjnfzfbdk/Build/Products/Debug-iphoneos/RNDateTimePicker/libRNDateTimePicker.a

libtool: warning: 'RNDateTimePickerState.o' has no symbols

'RNDateTimePickerState.o' has no symbols


Build target RCTDeprecation of project Pods with configuration Debug

Libtool /Users/jonahmicahinguito/Library/Developer/Xcode/DerivedData/rotaractconnect-cjwcbdlngckcsaantafkjnfzfbdk/Build/Products/Debug-iphoneos/RCTDeprecation/libRCTDeprecation.a normal (in target 'RCTDeprecation' from project 'Pods')
    cd /Users/jonahmicahinguito/dev/rotaract-connect/ios/Pods
    /Applications/Xcode.app/Contents/Developer/Toolchains/XcodeDefault.xctoolchain/usr/bin/libtool -static -arch_only arm64 -D -syslibroot /Applications/Xcode.app/Contents/Developer/Platforms/iPhoneOS.platform/Developer/SDKs/iPhoneOS26.5.sdk -L/Users/jonahmicahinguito/Library/Developer/Xcode/DerivedData/rotaractconnect-cjwcbdlngckcsaantafkjnfzfbdk/Build/Products/Debug-iphoneos/RCTDeprecation -filelist /Users/jonahmicahinguito/Library/Developer/Xcode/DerivedData/rotaractconnect-cjwcbdlngckcsaantafkjnfzfbdk/Build/Intermediates.noindex/Pods.build/Debug-iphoneos/RCTDeprecation.build/Objects-normal/arm64/RCTDeprecation.LinkFileList -dependency_info /Users/jonahmicahinguito/Library/Developer/Xcode/DerivedData/rotaractconnect-cjwcbdlngckcsaantafkjnfzfbdk/Build/Intermediates.noindex/Pods.build/Debug-iphoneos/RCTDeprecation.build/Objects-normal/arm64/RCTDeprecation_libtool_dependency_info.dat -o /Users/jonahmicahinguito/Library/Developer/Xcode/DerivedData/rotaractconnect-cjwcbdlngckcsaantafkjnfzfbdk/Build/Products/Debug-iphoneos/RCTDeprecation/libRCTDeprecation.a

libtool: warning: 'RCTDeprecation.o' has no symbols

'RCTDeprecation.o' has no symbols


Build target ExpoSplashScreen of project Pods with configuration Debug

SwiftCompile normal arm64 Compiling\ SplashScreenAppDelegateSubscriber.swift,\ SplashScreenManager.swift,\ SplashScreenModule.swift,\ SplashScreenOptions.swift /Users/jonahmicahinguito/dev/rotaract-connect/node_modules/expo-splash-screen/ios/SplashScreenAppDelegateSubscriber.swift /Users/jonahmicahinguito/dev/rotaract-connect/node_modules/expo-splash-screen/ios/SplashScreenManager.swift /Users/jonahmicahinguito/dev/rotaract-connect/node_modules/expo-splash-screen/ios/SplashScreenModule.swift /Users/jonahmicahinguito/dev/rotaract-connect/node_modules/expo-splash-screen/ios/SplashScreenOptions.swift (in target 'ExpoSplashScreen' from project 'Pods')

CompileSwift normal arm64 (in target 'ExpoSplashScreen' from project 'Pods')
    cd /Users/jonahmicahinguito/dev/rotaract-connect/ios/Pods
    

<module-includes>:1:9: note: in file included from <module-includes>:1:
#import "ExpoModulesCore-umbrella.h"
        ^
/Users/jonahmicahinguito/Library/Developer/Xcode/DerivedData/rotaractconnect-cjwcbdlngckcsaantafkjnfzfbdk/Build/Products/Debug-iphoneos/ExpoModulesCore/ExpoModulesCore-umbrella.h:19:9: note: in file included from /Users/jonahmicahinguito/Library/Developer/Xcode/DerivedData/rotaractconnect-cjwcbdlngckcsaantafkjnfzfbdk/Build/Products/Debug-iphoneos/ExpoModulesCore/ExpoModulesCore-umbrella.h:19:
#import "ExpoModulesCore/ExpoModulesCore.h"
        ^
/Users/jonahmicahinguito/dev/rotaract-connect/ios/Pods/Headers/Public/ExpoModulesCore/ExpoModulesCore/ExpoModulesCore.h:16:9: note: in file included from /Users/jonahmicahinguito/dev/rotaract-connect/ios/Pods/Headers/Public/ExpoModulesCore/ExpoModulesCore/ExpoModulesCore.h:16:
#import <ExpoModulesCore/EXFilePermissionModuleInterface.h>
        ^
/Users/jonahmicahinguito/dev/rotaract-connect/ios/Pods/Headers/Public/ExpoModulesCore/ExpoModulesCore/EXFilePermissionModuleInterface.h:3:9: note: in file included from /Users/jonahmicahinguito/dev/rotaract-connect/ios/Pods/Headers/Public/ExpoModulesCore/ExpoModulesCore/EXFilePermissionModuleInterface.h:3:
#import <ExpoModulesCore/EXFileSystemInterface.h>
        ^
/Users/jonahmicahinguito/dev/rotaract-connect/ios/Pods/Headers/Public/ExpoModulesCore/ExpoModulesCore/EXFileSystemInterface.h:14:42: warning: pointer is missing a nullability type specifier (_Nonnull, _Nullable, or _Null_unspecified)
@property (nonatomic, readonly) NSString *documentDirectory;
                                         ^
/Users/jonahmicahinguito/dev/rotaract-connect/ios/Pods/Headers/Public/ExpoModulesCore/ExpoModulesCore/EXFileSystemInterface.h:14:42: note: insert '_Nullable' if the pointer may be null
@property (nonatomic, readonly) NSString *documentDirectory;
                                         ^
/Users/jonahmicahinguito/dev/rotaract-connect/ios/Pods/Headers/Public/ExpoModulesCore/ExpoModulesCore/EXFileSystemInterface.h:14:42: note: insert '_Nonnull' if the pointer should never be null
@property (nonatomic, readonly) NSString *documentDirectory;
                                         ^
<module-includes>:1:9: note: in file included from <module-includes>:1:
#import "ExpoModulesCore-umbrella.h"
        ^
/Users/jonahmicahinguito/Library/Developer/Xcode/DerivedData/rotaractconnect-cjwcbdlngckcsaantafkjnfzfbdk/Build/Products/Debug-iphoneos/ExpoModulesCore/ExpoModulesCore-umbrella.h:19:9: note: in file included from /Users/jonahmicahinguito/Library/Developer/Xcode/DerivedData/rotaractconnect-cjwcbdlngckcsaantafkjnfzfbdk/Build/Products/Debug-iphoneos/ExpoModulesCore/ExpoModulesCore-umbrella.h:19:
#import "ExpoModulesCore/ExpoModulesCore.h"
        ^
/Users/jonahmicahinguito/dev/rotaract-connect/ios/Pods/Headers/Public/ExpoModulesCore/ExpoModulesCore/ExpoModulesCore.h:16:9: note: in file included from /Users/jonahmicahinguito/dev/rotaract-connect/ios/Pods/Headers/Public/ExpoModulesCore/ExpoModulesCore/ExpoModulesCore.h:16:
#import <ExpoModulesCore/EXFilePermissionModuleInterface.h>
        ^
/Users/jonahmicahinguito/dev/rotaract-connect/ios/Pods/Headers/Public/ExpoModulesCore/ExpoModulesCore/EXFilePermissionModuleInterface.h:3:9: note: in file included from /Users/jonahmicahinguito/dev/rotaract-connect/ios/Pods/Headers/Public/ExpoModulesCore/ExpoModulesCore/EXFilePermissionModuleInterface.h:3:
#import <ExpoModulesCore/EXFileSystemInterface.h>
        ^
/Users/jonahmicahinguito/dev/rotaract-connect/ios/Pods/Headers/Public/ExpoModulesCore/ExpoModulesCore/EXFileSystemInterface.h:20:57: warning: pointer is missing a nullability type specifier (_Nonnull, _Nullable, or _Null_unspecified)
- (nonnull NSString *)generatePathInDirectory:(NSString *)directory withExtension:(NSString *)extension;
                                                        ^
/Users/jonahmicahinguito/dev/rotaract-connect/ios/Pods/Headers/Public/ExpoModulesCore/ExpoModulesCore/EXFileSystemInterface.h:20:57: note: insert '_Nullable' if the pointer may be null
- (nonnull NSString *)generatePathInDirectory:(NSString *)directory withExtension:(NSString *)extension;
                                                        ^
/Users/jonahmicahinguito/dev/rotaract-connect/ios/Pods/Headers/Public/ExpoModulesCore/ExpoModulesCore/EXFileSystemInterface.h:20:57: note: insert '_Nonnull' if the pointer should never be null
- (nonnull NSString *)generatePathInDirectory:(NSString *)directory withExtension:(NSString *)extension;
                                                        ^
<module-includes>:1:9: note: in file included from <module-includes>:1:
#import "ExpoModulesCore-umbrella.h"
        ^
/Users/jonahmicahinguito/Library/Developer/Xcode/DerivedData/rotaractconnect-cjwcbdlngckcsaantafkjnfzfbdk/Build/Products/Debug-iphoneos/ExpoModulesCore/ExpoModulesCore-umbrella.h:19:9: note: in file included from /Users/jonahmicahinguito/Library/Developer/Xcode/DerivedData/rotaractconnect-cjwcbdlngckcsaantafkjnfzfbdk/Build/Products/Debug-iphoneos/ExpoModulesCore/ExpoModulesCore-umbrella.h:19:
#import "ExpoModulesCore/ExpoModulesCore.h"
        ^
/Users/jonahmicahinguito/dev/rotaract-connect/ios/Pods/Headers/Public/ExpoModulesCore/ExpoModulesCore/ExpoModulesCore.h:16:9: note: in file included from /Users/jonahmicahinguito/dev/rotaract-connect/ios/Pods/Headers/Public/ExpoModulesCore/ExpoModulesCore/ExpoModulesCore.h:16:
#import <ExpoModulesCore/EXFilePermissionModuleInterface.h>
        ^
/Users/jonahmicahinguito/dev/rotaract-connect/ios/Pods/Headers/Public/ExpoModulesCore/ExpoModulesCore/EXFilePermissionModuleInterface.h:3:9: note: in file included from /Users/jonahmicahinguito/dev/rotaract-connect/ios/Pods/Headers/Public/ExpoModulesCore/ExpoModulesCore/EXFilePermissionModuleInterface.h:3:
#import <ExpoModulesCore/EXFileSystemInterface.h>
        ^
/Users/jonahmicahinguito/dev/rotaract-connect/ios/Pods/Headers/Public/ExpoModulesCore/ExpoModulesCore/EXFileSystemInterface.h:20:93: warning: pointer is missing a nullability type specifier (_Nonnull, _Nullable, or _Null_unspecified)
- (nonnull NSString *)generatePathInDirectory:(NSString *)directory withExtension:(NSString *)extension;
                                                                                            ^
/Users/jonahmicahinguito/dev/rotaract-connect/ios/Pods/Headers/Public/ExpoModulesCore/ExpoModulesCore/EXFileSystemInterface.h:20:93: note: insert '_Nullable' if the pointer may be null
- (nonnull NSString *)generatePathInDirectory:(NSString *)directory withExtension:(NSString *)extension;
                                                                                            ^
/Users/jonahmicahinguito/dev/rotaract-connect/ios/Pods/Headers/Public/ExpoModulesCore/ExpoModulesCore/EXFileSystemInterface.h:20:93: note: insert '_Nonnull' if the pointer should never be null
- (nonnull NSString *)generatePathInDirectory:(NSString *)directory withExtension:(NSString *)extension;
                                                                                            ^
<module-includes>:1:9: note: in file included from <module-includes>:1:
#import "ExpoModulesCore-umbrella.h"
        ^
/Users/jonahmicahinguito/Library/Developer/Xcode/DerivedData/rotaractconnect-cjwcbdlngckcsaantafkjnfzfbdk/Build/Products/Debug-iphoneos/ExpoModulesCore/ExpoModulesCore-umbrella.h:19:9: note: in file included from /Users/jonahmicahinguito/Library/Developer/Xcode/DerivedData/rotaractconnect-cjwcbdlngckcsaantafkjnfzfbdk/Build/Products/Debug-iphoneos/ExpoModulesCore/ExpoModulesCore-umbrella.h:19:
#import "ExpoModulesCore/ExpoModulesCore.h"
        ^
/Users/jonahmicahinguito/dev/rotaract-connect/ios/Pods/Headers/Public/ExpoModulesCore/ExpoModulesCore/ExpoModulesCore.h:16:9: note: in file included from /Users/jonahmicahinguito/dev/rotaract-connect/ios/Pods/Headers/Public/ExpoModulesCore/ExpoModulesCore/ExpoModulesCore.h:16:
#import <ExpoModulesCore/EXFilePermissionModuleInterface.h>
        ^
/Users/jonahmicahinguito/dev/rotaract-connect/ios/Pods/Headers/Public/ExpoModulesCore/ExpoModulesCore/EXFilePermissionModuleInterface.h:3:9: note: in file included from /Users/jonahmicahinguito/dev/rotaract-connect/ios/Pods/Headers/Public/ExpoModulesCore/ExpoModulesCore/EXFilePermissionModuleInterface.h:3:
#import <ExpoModulesCore/EXFileSystemInterface.h>
        ^
/Users/jonahmicahinguito/dev/rotaract-connect/ios/Pods/Headers/Public/ExpoModulesCore/ExpoModulesCore/EXFileSystemInterface.h:21:43: warning: pointer is missing a nullability type specifier (_Nonnull, _Nullable, or _Null_unspecified)
- (BOOL)ensureDirExistsWithPath:(NSString *)path;
                                          ^
/Users/jonahmicahinguito/dev/rotaract-connect/ios/Pods/Headers/Public/ExpoModulesCore/ExpoModulesCore/EXFileSystemInterface.h:21:43: note: insert '_Nullable' if the pointer may be null
- (BOOL)ensureDirExistsWithPath:(NSString *)path;
                                          ^
/Users/jonahmicahinguito/dev/rotaract-connect/ios/Pods/Headers/Public/ExpoModulesCore/ExpoModulesCore/EXFileSystemInterface.h:21:43: note: insert '_Nonnull' if the pointer should never be null
- (BOOL)ensureDirExistsWithPath:(NSString *)path;
                                          ^
<module-includes>:1:9: note: in file included from <module-includes>:1:
#import "ExpoModulesCore-umbrella.h"
        ^
/Users/jonahmicahinguito/Library/Developer/Xcode/DerivedData/rotaractconnect-cjwcbdlngckcsaantafkjnfzfbdk/Build/Products/Debug-iphoneos/ExpoModulesCore/ExpoModulesCore-umbrella.h:19:9: note: in file included from /Users/jonahmicahinguito/Library/Developer/Xcode/DerivedData/rotaractconnect-cjwcbdlngckcsaantafkjnfzfbdk/Build/Products/Debug-iphoneos/ExpoModulesCore/ExpoModulesCore-umbrella.h:19:
#import "ExpoModulesCore/ExpoModulesCore.h"
        ^
/Users/jonahmicahinguito/dev/rotaract-connect/ios/Pods/Headers/Public/ExpoModulesCore/ExpoModulesCore/ExpoModulesCore.h:42:9: note: in file included from /Users/jonahmicahinguito/dev/rotaract-connect/ios/Pods/Headers/Public/ExpoModulesCore/ExpoModulesCore/ExpoModulesCore.h:42:
#import <ExpoModulesCore/EXModuleRegistryHolderReactModule.h>
        ^
/Users/jonahmicahinguito/dev/rotaract-connect/ios/Pods/Headers/Public/ExpoModulesCore/ExpoModulesCore/EXModuleRegistryHolderReactModule.h:7:58: warning: cannot find protocol definition for 'RCTBridgeModule'
@interface EXModuleRegistryHolderReactModule : NSObject <RCTBridgeModule>
                                                         ^
/Users/jonahmicahinguito/dev/rotaract-connect/ios/Pods/Headers/Public/ExpoModulesCore/ExpoModulesCore/EXModuleRegistryHolderReactModule.h:3:11: note: protocol 'RCTBridgeModule' has no definition
@protocol RCTBridgeModule;
          ^

/Users/jonahmicahinguito/dev/rotaract-connect/ios/Pods/<module-includes>:1:9: In file included from <module-includes>:1:

/Users/jonahmicahinguito/Library/Developer/Xcode/DerivedData/rotaractconnect-cjwcbdlngckcsaantafkjnfzfbdk/Build/Products/Debug-iphoneos/ExpoModulesCore/ExpoModulesCore-umbrella.h:19:9: In file included from /Users/jonahmicahinguito/Library/Developer/Xcode/DerivedData/rotaractconnect-cjwcbdlngckcsaantafkjnfzfbdk/Build/Products/Debug-iphoneos/ExpoModulesCore/ExpoModulesCore-umbrella.h:19:

/Users/jonahmicahinguito/dev/rotaract-connect/ios/Pods/Headers/Public/ExpoModulesCore/ExpoModulesCore/ExpoModulesCore.h:16:9: In file included from /Users/jonahmicahinguito/dev/rotaract-connect/ios/Pods/Headers/Public/ExpoModulesCore/ExpoModulesCore/ExpoModulesCore.h:16:

/Users/jonahmicahinguito/dev/rotaract-connect/ios/Pods/Headers/Public/ExpoModulesCore/ExpoModulesCore/EXFilePermissionModuleInterface.h:3:9: In file included from /Users/jonahmicahinguito/dev/rotaract-connect/ios/Pods/Headers/Public/ExpoModulesCore/ExpoModulesCore/EXFilePermissionModuleInterface.h:3:

/Users/jonahmicahinguito/dev/rotaract-connect/ios/Pods/Headers/Public/ExpoModulesCore/ExpoModulesCore/EXFileSystemInterface.h:14:42: Pointer is missing a nullability type specifier (_Nonnull, _Nullable, or _Null_unspecified)

/Users/jonahmicahinguito/dev/rotaract-connect/ios/Pods/Headers/Public/ExpoModulesCore/ExpoModulesCore/EXFileSystemInterface.h:20:57: Pointer is missing a nullability type specifier (_Nonnull, _Nullable, or _Null_unspecified)

/Users/jonahmicahinguito/dev/rotaract-connect/ios/Pods/Headers/Public/ExpoModulesCore/ExpoModulesCore/EXFileSystemInterface.h:20:93: Pointer is missing a nullability type specifier (_Nonnull, _Nullable, or _Null_unspecified)

/Users/jonahmicahinguito/dev/rotaract-connect/ios/Pods/Headers/Public/ExpoModulesCore/ExpoModulesCore/EXFileSystemInterface.h:21:43: Pointer is missing a nullability type specifier (_Nonnull, _Nullable, or _Null_unspecified)

/Users/jonahmicahinguito/dev/rotaract-connect/ios/Pods/Headers/Public/ExpoModulesCore/ExpoModulesCore/EXModuleRegistryHolderReactModule.h:7:58: Cannot find protocol definition for 'RCTBridgeModule'


Build target ExpoNotifications of project Pods with configuration Debug

SwiftCompile normal arm64 Compiling\ BackgroundEventTransformer.swift,\ BackgroundModule.swift,\ BadgeModule.swift,\ CategoriesModule.swift,\ DateComponentsSerializer.swift,\ EmitterModule.swift,\ ExpoNotificationsPermissionsRequester.swift,\ HandlerModule.swift,\ NotificationCenterManager.swift,\ NotificationRecords.swift,\ NotificationsAppDelegateSubscriber.swift,\ NotificationsBackgroundTaskConsumer.swift,\ NotificationSerializer.swift,\ PermissionsModule.swift,\ PresentationModule.swift,\ PushTokenModule.swift,\ SchedulerModule.swift,\ ServerRegistrationModule.swift,\ SingleNotificationHandlerTask.swift,\ TriggerRecords.swift /Users/jonahmicahinguito/dev/rotaract-connect/node_modules/expo-notifications/ios/ExpoNotifications/Notifications/Background/BackgroundEventTransformer.swift /Users/jonahmicahinguito/dev/rotaract-connect/node_modules/expo-notifications/ios/ExpoNotifications/Notifications/Background/BackgroundModule.swift /Users/jonahmicahinguito/dev/rotaract-connect/node_modules/expo-notifications/ios/ExpoNotifications/Badge/BadgeModule.swift /Users/jonahmicahinguito/dev/rotaract-connect/node_modules/expo-notifications/ios/ExpoNotifications/Notifications/Categories/CategoriesModule.swift /Users/jonahmicahinguito/dev/rotaract-connect/node_modules/expo-notifications/ios/ExpoNotifications/Notifications/DateComponentsSerializer.swift /Users/jonahmicahinguito/dev/rotaract-connect/node_modules/expo-notifications/ios/ExpoNotifications/Notifications/Emitter/EmitterModule.swift /Users/jonahmicahinguito/dev/rotaract-connect/node_modules/expo-notifications/ios/ExpoNotifications/Permissions/ExpoNotificationsPermissionsRequester.swift /Users/jonahmicahinguito/dev/rotaract-connect/node_modules/expo-notifications/ios/ExpoNotifications/Notifications/Handler/HandlerModule.swift /Users/jonahmicahinguito/dev/rotaract-connect/node_modules/expo-notifications/ios/ExpoNotifications/Notifications/NotificationCenterManager.swift /Users/jonahmicahinguito/dev/rotaract-connect/node_modules/expo-notifications/ios/ExpoNotifications/Notifications/NotificationRecords.swift /Users/jonahmicahinguito/dev/rotaract-connect/node_modules/expo-notifications/ios/ExpoNotifications/Notifications/NotificationsAppDelegateSubscriber.swift /Users/jonahmicahinguito/dev/rotaract-connect/node_modules/expo-notifications/ios/ExpoNotifications/Notifications/Background/NotificationsBackgroundTaskConsumer.swift /Users/jonahmicahinguito/dev/rotaract-connect/node_modules/expo-notifications/ios/ExpoNotifications/Notifications/NotificationSerializer.swift /Users/jonahmicahinguito/dev/rotaract-connect/node_modules/expo-notifications/ios/ExpoNotifications/Permissions/PermissionsModule.swift /Users/jonahmicahinguito/dev/rotaract-connect/node_modules/expo-notifications/ios/ExpoNotifications/Notifications/Presenting/PresentationModule.swift /Users/jonahmicahinguito/dev/rotaract-connect/node_modules/expo-notifications/ios/ExpoNotifications/PushToken/PushTokenModule.swift /Users/jonahmicahinguito/dev/rotaract-connect/node_modules/expo-notifications/ios/ExpoNotifications/Notifications/Scheduling/SchedulerModule.swift /Users/jonahmicahinguito/dev/rotaract-connect/node_modules/expo-notifications/ios/ExpoNotifications/ServerRegistration/ServerRegistrationModule.swift /Users/jonahmicahinguito/dev/rotaract-connect/node_modules/expo-notifications/ios/ExpoNotifications/Notifications/Handler/SingleNotificationHandlerTask.swift /Users/jonahmicahinguito/dev/rotaract-connect/node_modules/expo-notifications/ios/ExpoNotifications/Notifications/TriggerRecords.swift (in target 'ExpoNotifications' from project 'Pods')

CompileSwift normal arm64 (in target 'ExpoNotifications' from project 'Pods')
    cd /Users/jonahmicahinguito/dev/rotaract-connect/ios/Pods
    

<module-includes>:1:9: note: in file included from <module-includes>:1:
#import "ExpoModulesCore-umbrella.h"
        ^
/Users/jonahmicahinguito/Library/Developer/Xcode/DerivedData/rotaractconnect-cjwcbdlngckcsaantafkjnfzfbdk/Build/Products/Debug-iphoneos/ExpoModulesCore/ExpoModulesCore-umbrella.h:19:9: note: in file included from /Users/jonahmicahinguito/Library/Developer/Xcode/DerivedData/rotaractconnect-cjwcbdlngckcsaantafkjnfzfbdk/Build/Products/Debug-iphoneos/ExpoModulesCore/ExpoModulesCore-umbrella.h:19:
#import "ExpoModulesCore/ExpoModulesCore.h"
        ^
/Users/jonahmicahinguito/dev/rotaract-connect/ios/Pods/Headers/Public/ExpoModulesCore/ExpoModulesCore/ExpoModulesCore.h:16:9: note: in file included from /Users/jonahmicahinguito/dev/rotaract-connect/ios/Pods/Headers/Public/ExpoModulesCore/ExpoModulesCore/ExpoModulesCore.h:16:
#import <ExpoModulesCore/EXFilePermissionModuleInterface.h>
        ^
/Users/jonahmicahinguito/dev/rotaract-connect/ios/Pods/Headers/Public/ExpoModulesCore/ExpoModulesCore/EXFilePermissionModuleInterface.h:3:9: note: in file included from /Users/jonahmicahinguito/dev/rotaract-connect/ios/Pods/Headers/Public/ExpoModulesCore/ExpoModulesCore/EXFilePermissionModuleInterface.h:3:
#import <ExpoModulesCore/EXFileSystemInterface.h>
        ^
/Users/jonahmicahinguito/dev/rotaract-connect/ios/Pods/Headers/Public/ExpoModulesCore/ExpoModulesCore/EXFileSystemInterface.h:14:42: warning: pointer is missing a nullability type specifier (_Nonnull, _Nullable, or _Null_unspecified)
@property (nonatomic, readonly) NSString *documentDirectory;
                                         ^
/Users/jonahmicahinguito/dev/rotaract-connect/ios/Pods/Headers/Public/ExpoModulesCore/ExpoModulesCore/EXFileSystemInterface.h:14:42: note: insert '_Nullable' if the pointer may be null
@property (nonatomic, readonly) NSString *documentDirectory;
                                         ^
/Users/jonahmicahinguito/dev/rotaract-connect/ios/Pods/Headers/Public/ExpoModulesCore/ExpoModulesCore/EXFileSystemInterface.h:14:42: note: insert '_Nonnull' if the pointer should never be null
@property (nonatomic, readonly) NSString *documentDirectory;
                                         ^
<module-includes>:1:9: note: in file included from <module-includes>:1:
#import "ExpoModulesCore-umbrella.h"
        ^
/Users/jonahmicahinguito/Library/Developer/Xcode/DerivedData/rotaractconnect-cjwcbdlngckcsaantafkjnfzfbdk/Build/Products/Debug-iphoneos/ExpoModulesCore/ExpoModulesCore-umbrella.h:19:9: note: in file included from /Users/jonahmicahinguito/Library/Developer/Xcode/DerivedData/rotaractconnect-cjwcbdlngckcsaantafkjnfzfbdk/Build/Products/Debug-iphoneos/ExpoModulesCore/ExpoModulesCore-umbrella.h:19:
#import "ExpoModulesCore/ExpoModulesCore.h"
        ^
/Users/jonahmicahinguito/dev/rotaract-connect/ios/Pods/Headers/Public/ExpoModulesCore/ExpoModulesCore/ExpoModulesCore.h:16:9: note: in file included from /Users/jonahmicahinguito/dev/rotaract-connect/ios/Pods/Headers/Public/ExpoModulesCore/ExpoModulesCore/ExpoModulesCore.h:16:
#import <ExpoModulesCore/EXFilePermissionModuleInterface.h>
        ^
/Users/jonahmicahinguito/dev/rotaract-connect/ios/Pods/Headers/Public/ExpoModulesCore/ExpoModulesCore/EXFilePermissionModuleInterface.h:3:9: note: in file included from /Users/jonahmicahinguito/dev/rotaract-connect/ios/Pods/Headers/Public/ExpoModulesCore/ExpoModulesCore/EXFilePermissionModuleInterface.h:3:
#import <ExpoModulesCore/EXFileSystemInterface.h>
        ^
/Users/jonahmicahinguito/dev/rotaract-connect/ios/Pods/Headers/Public/ExpoModulesCore/ExpoModulesCore/EXFileSystemInterface.h:20:57: warning: pointer is missing a nullability type specifier (_Nonnull, _Nullable, or _Null_unspecified)
- (nonnull NSString *)generatePathInDirectory:(NSString *)directory withExtension:(NSString *)extension;
                                                        ^
/Users/jonahmicahinguito/dev/rotaract-connect/ios/Pods/Headers/Public/ExpoModulesCore/ExpoModulesCore/EXFileSystemInterface.h:20:57: note: insert '_Nullable' if the pointer may be null
- (nonnull NSString *)generatePathInDirectory:(NSString *)directory withExtension:(NSString *)extension;
                                                        ^
/Users/jonahmicahinguito/dev/rotaract-connect/ios/Pods/Headers/Public/ExpoModulesCore/ExpoModulesCore/EXFileSystemInterface.h:20:57: note: insert '_Nonnull' if the pointer should never be null
- (nonnull NSString *)generatePathInDirectory:(NSString *)directory withExtension:(NSString *)extension;
                                                        ^
<module-includes>:1:9: note: in file included from <module-includes>:1:
#import "ExpoModulesCore-umbrella.h"
        ^
/Users/jonahmicahinguito/Library/Developer/Xcode/DerivedData/rotaractconnect-cjwcbdlngckcsaantafkjnfzfbdk/Build/Products/Debug-iphoneos/ExpoModulesCore/ExpoModulesCore-umbrella.h:19:9: note: in file included from /Users/jonahmicahinguito/Library/Developer/Xcode/DerivedData/rotaractconnect-cjwcbdlngckcsaantafkjnfzfbdk/Build/Products/Debug-iphoneos/ExpoModulesCore/ExpoModulesCore-umbrella.h:19:
#import "ExpoModulesCore/ExpoModulesCore.h"
        ^
/Users/jonahmicahinguito/dev/rotaract-connect/ios/Pods/Headers/Public/ExpoModulesCore/ExpoModulesCore/ExpoModulesCore.h:16:9: note: in file included from /Users/jonahmicahinguito/dev/rotaract-connect/ios/Pods/Headers/Public/ExpoModulesCore/ExpoModulesCore/ExpoModulesCore.h:16:
#import <ExpoModulesCore/EXFilePermissionModuleInterface.h>
        ^
/Users/jonahmicahinguito/dev/rotaract-connect/ios/Pods/Headers/Public/ExpoModulesCore/ExpoModulesCore/EXFilePermissionModuleInterface.h:3:9: note: in file included from /Users/jonahmicahinguito/dev/rotaract-connect/ios/Pods/Headers/Public/ExpoModulesCore/ExpoModulesCore/EXFilePermissionModuleInterface.h:3:
#import <ExpoModulesCore/EXFileSystemInterface.h>
        ^
/Users/jonahmicahinguito/dev/rotaract-connect/ios/Pods/Headers/Public/ExpoModulesCore/ExpoModulesCore/EXFileSystemInterface.h:20:93: warning: pointer is missing a nullability type specifier (_Nonnull, _Nullable, or _Null_unspecified)
- (nonnull NSString *)generatePathInDirectory:(NSString *)directory withExtension:(NSString *)extension;
                                                                                            ^
/Users/jonahmicahinguito/dev/rotaract-connect/ios/Pods/Headers/Public/ExpoModulesCore/ExpoModulesCore/EXFileSystemInterface.h:20:93: note: insert '_Nullable' if the pointer may be null
- (nonnull NSString *)generatePathInDirectory:(NSString *)directory withExtension:(NSString *)extension;
                                                                                            ^
/Users/jonahmicahinguito/dev/rotaract-connect/ios/Pods/Headers/Public/ExpoModulesCore/ExpoModulesCore/EXFileSystemInterface.h:20:93: note: insert '_Nonnull' if the pointer should never be null
- (nonnull NSString *)generatePathInDirectory:(NSString *)directory withExtension:(NSString *)extension;
                                                                                            ^
<module-includes>:1:9: note: in file included from <module-includes>:1:
#import "ExpoModulesCore-umbrella.h"
        ^
/Users/jonahmicahinguito/Library/Developer/Xcode/DerivedData/rotaractconnect-cjwcbdlngckcsaantafkjnfzfbdk/Build/Products/Debug-iphoneos/ExpoModulesCore/ExpoModulesCore-umbrella.h:19:9: note: in file included from /Users/jonahmicahinguito/Library/Developer/Xcode/DerivedData/rotaractconnect-cjwcbdlngckcsaantafkjnfzfbdk/Build/Products/Debug-iphoneos/ExpoModulesCore/ExpoModulesCore-umbrella.h:19:
#import "ExpoModulesCore/ExpoModulesCore.h"
        ^
/Users/jonahmicahinguito/dev/rotaract-connect/ios/Pods/Headers/Public/ExpoModulesCore/ExpoModulesCore/ExpoModulesCore.h:16:9: note: in file included from /Users/jonahmicahinguito/dev/rotaract-connect/ios/Pods/Headers/Public/ExpoModulesCore/ExpoModulesCore/ExpoModulesCore.h:16:
#import <ExpoModulesCore/EXFilePermissionModuleInterface.h>
        ^
/Users/jonahmicahinguito/dev/rotaract-connect/ios/Pods/Headers/Public/ExpoModulesCore/ExpoModulesCore/EXFilePermissionModuleInterface.h:3:9: note: in file included from /Users/jonahmicahinguito/dev/rotaract-connect/ios/Pods/Headers/Public/ExpoModulesCore/ExpoModulesCore/EXFilePermissionModuleInterface.h:3:
#import <ExpoModulesCore/EXFileSystemInterface.h>
        ^
/Users/jonahmicahinguito/dev/rotaract-connect/ios/Pods/Headers/Public/ExpoModulesCore/ExpoModulesCore/EXFileSystemInterface.h:21:43: warning: pointer is missing a nullability type specifier (_Nonnull, _Nullable, or _Null_unspecified)
- (BOOL)ensureDirExistsWithPath:(NSString *)path;
                                          ^
/Users/jonahmicahinguito/dev/rotaract-connect/ios/Pods/Headers/Public/ExpoModulesCore/ExpoModulesCore/EXFileSystemInterface.h:21:43: note: insert '_Nullable' if the pointer may be null
- (BOOL)ensureDirExistsWithPath:(NSString *)path;
                                          ^
/Users/jonahmicahinguito/dev/rotaract-connect/ios/Pods/Headers/Public/ExpoModulesCore/ExpoModulesCore/EXFileSystemInterface.h:21:43: note: insert '_Nonnull' if the pointer should never be null
- (BOOL)ensureDirExistsWithPath:(NSString *)path;
                                          ^
<module-includes>:1:9: note: in file included from <module-includes>:1:
#import "ExpoModulesCore-umbrella.h"
        ^
/Users/jonahmicahinguito/Library/Developer/Xcode/DerivedData/rotaractconnect-cjwcbdlngckcsaantafkjnfzfbdk/Build/Products/Debug-iphoneos/ExpoModulesCore/ExpoModulesCore-umbrella.h:19:9: note: in file included from /Users/jonahmicahinguito/Library/Developer/Xcode/DerivedData/rotaractconnect-cjwcbdlngckcsaantafkjnfzfbdk/Build/Products/Debug-iphoneos/ExpoModulesCore/ExpoModulesCore-umbrella.h:19:
#import "ExpoModulesCore/ExpoModulesCore.h"
        ^
/Users/jonahmicahinguito/dev/rotaract-connect/ios/Pods/Headers/Public/ExpoModulesCore/ExpoModulesCore/ExpoModulesCore.h:42:9: note: in file included from /Users/jonahmicahinguito/dev/rotaract-connect/ios/Pods/Headers/Public/ExpoModulesCore/ExpoModulesCore/ExpoModulesCore.h:42:
#import <ExpoModulesCore/EXModuleRegistryHolderReactModule.h>
        ^
/Users/jonahmicahinguito/dev/rotaract-connect/ios/Pods/Headers/Public/ExpoModulesCore/ExpoModulesCore/EXModuleRegistryHolderReactModule.h:7:58: warning: cannot find protocol definition for 'RCTBridgeModule'
@interface EXModuleRegistryHolderReactModule : NSObject <RCTBridgeModule>
                                                         ^
/Users/jonahmicahinguito/dev/rotaract-connect/ios/Pods/Headers/Public/ExpoModulesCore/ExpoModulesCore/EXModuleRegistryHolderReactModule.h:3:11: note: protocol 'RCTBridgeModule' has no definition
@protocol RCTBridgeModule;
          ^
/Users/jonahmicahinguito/dev/rotaract-connect/node_modules/expo-notifications/ios/ExpoNotifications/Notifications/Handler/HandlerModule.swift:81:23: warning: 'alert' was deprecated in iOS 14.0
      options.insert(.alert)
                      ^
/Users/jonahmicahinguito/dev/rotaract-connect/node_modules/expo-notifications/ios/ExpoNotifications/Notifications/Scheduling/SchedulerModule.swift:91:17: warning: use of protocol 'TriggerRecord' as a type must be written 'any TriggerRecord'; this will be an error in a future Swift language mode
    let record: TriggerRecord? = switch triggerType {
                ^~~~~~~~~~~~~
                (any TriggerRecord)

/Users/jonahmicahinguito/dev/rotaract-connect/ios/Pods/<module-includes>:1:9: In file included from <module-includes>:1:

/Users/jonahmicahinguito/Library/Developer/Xcode/DerivedData/rotaractconnect-cjwcbdlngckcsaantafkjnfzfbdk/Build/Products/Debug-iphoneos/ExpoModulesCore/ExpoModulesCore-umbrella.h:19:9: In file included from /Users/jonahmicahinguito/Library/Developer/Xcode/DerivedData/rotaractconnect-cjwcbdlngckcsaantafkjnfzfbdk/Build/Products/Debug-iphoneos/ExpoModulesCore/ExpoModulesCore-umbrella.h:19:

/Users/jonahmicahinguito/dev/rotaract-connect/ios/Pods/Headers/Public/ExpoModulesCore/ExpoModulesCore/ExpoModulesCore.h:16:9: In file included from /Users/jonahmicahinguito/dev/rotaract-connect/ios/Pods/Headers/Public/ExpoModulesCore/ExpoModulesCore/ExpoModulesCore.h:16:

/Users/jonahmicahinguito/dev/rotaract-connect/ios/Pods/Headers/Public/ExpoModulesCore/ExpoModulesCore/EXFilePermissionModuleInterface.h:3:9: In file included from /Users/jonahmicahinguito/dev/rotaract-connect/ios/Pods/Headers/Public/ExpoModulesCore/ExpoModulesCore/EXFilePermissionModuleInterface.h:3:

/Users/jonahmicahinguito/dev/rotaract-connect/ios/Pods/Headers/Public/ExpoModulesCore/ExpoModulesCore/EXFileSystemInterface.h:14:42: Pointer is missing a nullability type specifier (_Nonnull, _Nullable, or _Null_unspecified)

/Users/jonahmicahinguito/dev/rotaract-connect/ios/Pods/Headers/Public/ExpoModulesCore/ExpoModulesCore/EXFileSystemInterface.h:20:57: Pointer is missing a nullability type specifier (_Nonnull, _Nullable, or _Null_unspecified)

/Users/jonahmicahinguito/dev/rotaract-connect/ios/Pods/Headers/Public/ExpoModulesCore/ExpoModulesCore/EXFileSystemInterface.h:20:93: Pointer is missing a nullability type specifier (_Nonnull, _Nullable, or _Null_unspecified)

/Users/jonahmicahinguito/dev/rotaract-connect/ios/Pods/Headers/Public/ExpoModulesCore/ExpoModulesCore/EXFileSystemInterface.h:21:43: Pointer is missing a nullability type specifier (_Nonnull, _Nullable, or _Null_unspecified)

/Users/jonahmicahinguito/dev/rotaract-connect/ios/Pods/Headers/Public/ExpoModulesCore/ExpoModulesCore/EXModuleRegistryHolderReactModule.h:7:58: Cannot find protocol definition for 'RCTBridgeModule'

/Users/jonahmicahinguito/dev/rotaract-connect/node_modules/expo-notifications/ios/ExpoNotifications/Notifications/Handler/HandlerModule.swift:81:23: 'alert' was deprecated in iOS 14.0

/Users/jonahmicahinguito/dev/rotaract-connect/node_modules/expo-notifications/ios/ExpoNotifications/Notifications/Scheduling/SchedulerModule.swift:91:17: Use of protocol 'TriggerRecord' as a type must be written 'any TriggerRecord'; this will be an error in a future Swift language mode


Build target ExpoModulesWorklets of project Pods with configuration Debug

SwiftEmitModule normal arm64 Emitting\ module\ for\ ExpoModulesWorklets (in target 'ExpoModulesWorklets' from project 'Pods')

EmitSwiftModule normal arm64 (in target 'ExpoModulesWorklets' from project 'Pods')
    cd /Users/jonahmicahinguito/dev/rotaract-connect/ios/Pods
    

<module-includes>:1:9: note: in file included from <module-includes>:1:
#import "ExpoModulesCore-umbrella.h"
        ^
/Users/jonahmicahinguito/Library/Developer/Xcode/DerivedData/rotaractconnect-cjwcbdlngckcsaantafkjnfzfbdk/Build/Products/Debug-iphoneos/ExpoModulesCore/ExpoModulesCore-umbrella.h:19:9: note: in file included from /Users/jonahmicahinguito/Library/Developer/Xcode/DerivedData/rotaractconnect-cjwcbdlngckcsaantafkjnfzfbdk/Build/Products/Debug-iphoneos/ExpoModulesCore/ExpoModulesCore-umbrella.h:19:
#import "ExpoModulesCore/ExpoModulesCore.h"
        ^
/Users/jonahmicahinguito/dev/rotaract-connect/ios/Pods/Headers/Public/ExpoModulesCore/ExpoModulesCore/ExpoModulesCore.h:16:9: note: in file included from /Users/jonahmicahinguito/dev/rotaract-connect/ios/Pods/Headers/Public/ExpoModulesCore/ExpoModulesCore/ExpoModulesCore.h:16:
#import <ExpoModulesCore/EXFilePermissionModuleInterface.h>
        ^
/Users/jonahmicahinguito/dev/rotaract-connect/ios/Pods/Headers/Public/ExpoModulesCore/ExpoModulesCore/EXFilePermissionModuleInterface.h:3:9: note: in file included from /Users/jonahmicahinguito/dev/rotaract-connect/ios/Pods/Headers/Public/ExpoModulesCore/ExpoModulesCore/EXFilePermissionModuleInterface.h:3:
#import <ExpoModulesCore/EXFileSystemInterface.h>
        ^
/Users/jonahmicahinguito/dev/rotaract-connect/ios/Pods/Headers/Public/ExpoModulesCore/ExpoModulesCore/EXFileSystemInterface.h:14:42: warning: pointer is missing a nullability type specifier (_Nonnull, _Nullable, or _Null_unspecified)
@property (nonatomic, readonly) NSString *documentDirectory;
                                         ^
/Users/jonahmicahinguito/dev/rotaract-connect/ios/Pods/Headers/Public/ExpoModulesCore/ExpoModulesCore/EXFileSystemInterface.h:14:42: note: insert '_Nullable' if the pointer may be null
@property (nonatomic, readonly) NSString *documentDirectory;
                                         ^
/Users/jonahmicahinguito/dev/rotaract-connect/ios/Pods/Headers/Public/ExpoModulesCore/ExpoModulesCore/EXFileSystemInterface.h:14:42: note: insert '_Nonnull' if the pointer should never be null
@property (nonatomic, readonly) NSString *documentDirectory;
                                         ^
<module-includes>:1:9: note: in file included from <module-includes>:1:
#import "ExpoModulesCore-umbrella.h"
        ^
/Users/jonahmicahinguito/Library/Developer/Xcode/DerivedData/rotaractconnect-cjwcbdlngckcsaantafkjnfzfbdk/Build/Products/Debug-iphoneos/ExpoModulesCore/ExpoModulesCore-umbrella.h:19:9: note: in file included from /Users/jonahmicahinguito/Library/Developer/Xcode/DerivedData/rotaractconnect-cjwcbdlngckcsaantafkjnfzfbdk/Build/Products/Debug-iphoneos/ExpoModulesCore/ExpoModulesCore-umbrella.h:19:
#import "ExpoModulesCore/ExpoModulesCore.h"
        ^
/Users/jonahmicahinguito/dev/rotaract-connect/ios/Pods/Headers/Public/ExpoModulesCore/ExpoModulesCore/ExpoModulesCore.h:16:9: note: in file included from /Users/jonahmicahinguito/dev/rotaract-connect/ios/Pods/Headers/Public/ExpoModulesCore/ExpoModulesCore/ExpoModulesCore.h:16:
#import <ExpoModulesCore/EXFilePermissionModuleInterface.h>
        ^
/Users/jonahmicahinguito/dev/rotaract-connect/ios/Pods/Headers/Public/ExpoModulesCore/ExpoModulesCore/EXFilePermissionModuleInterface.h:3:9: note: in file included from /Users/jonahmicahinguito/dev/rotaract-connect/ios/Pods/Headers/Public/ExpoModulesCore/ExpoModulesCore/EXFilePermissionModuleInterface.h:3:
#import <ExpoModulesCore/EXFileSystemInterface.h>
        ^
/Users/jonahmicahinguito/dev/rotaract-connect/ios/Pods/Headers/Public/ExpoModulesCore/ExpoModulesCore/EXFileSystemInterface.h:20:57: warning: pointer is missing a nullability type specifier (_Nonnull, _Nullable, or _Null_unspecified)
- (nonnull NSString *)generatePathInDirectory:(NSString *)directory withExtension:(NSString *)extension;
                                                        ^
/Users/jonahmicahinguito/dev/rotaract-connect/ios/Pods/Headers/Public/ExpoModulesCore/ExpoModulesCore/EXFileSystemInterface.h:20:57: note: insert '_Nullable' if the pointer may be null
- (nonnull NSString *)generatePathInDirectory:(NSString *)directory withExtension:(NSString *)extension;
                                                        ^
/Users/jonahmicahinguito/dev/rotaract-connect/ios/Pods/Headers/Public/ExpoModulesCore/ExpoModulesCore/EXFileSystemInterface.h:20:57: note: insert '_Nonnull' if the pointer should never be null
- (nonnull NSString *)generatePathInDirectory:(NSString *)directory withExtension:(NSString *)extension;
                                                        ^
<module-includes>:1:9: note: in file included from <module-includes>:1:
#import "ExpoModulesCore-umbrella.h"
        ^
/Users/jonahmicahinguito/Library/Developer/Xcode/DerivedData/rotaractconnect-cjwcbdlngckcsaantafkjnfzfbdk/Build/Products/Debug-iphoneos/ExpoModulesCore/ExpoModulesCore-umbrella.h:19:9: note: in file included from /Users/jonahmicahinguito/Library/Developer/Xcode/DerivedData/rotaractconnect-cjwcbdlngckcsaantafkjnfzfbdk/Build/Products/Debug-iphoneos/ExpoModulesCore/ExpoModulesCore-umbrella.h:19:
#import "ExpoModulesCore/ExpoModulesCore.h"
        ^
/Users/jonahmicahinguito/dev/rotaract-connect/ios/Pods/Headers/Public/ExpoModulesCore/ExpoModulesCore/ExpoModulesCore.h:16:9: note: in file included from /Users/jonahmicahinguito/dev/rotaract-connect/ios/Pods/Headers/Public/ExpoModulesCore/ExpoModulesCore/ExpoModulesCore.h:16:
#import <ExpoModulesCore/EXFilePermissionModuleInterface.h>
        ^
/Users/jonahmicahinguito/dev/rotaract-connect/ios/Pods/Headers/Public/ExpoModulesCore/ExpoModulesCore/EXFilePermissionModuleInterface.h:3:9: note: in file included from /Users/jonahmicahinguito/dev/rotaract-connect/ios/Pods/Headers/Public/ExpoModulesCore/ExpoModulesCore/EXFilePermissionModuleInterface.h:3:
#import <ExpoModulesCore/EXFileSystemInterface.h>
        ^
/Users/jonahmicahinguito/dev/rotaract-connect/ios/Pods/Headers/Public/ExpoModulesCore/ExpoModulesCore/EXFileSystemInterface.h:20:93: warning: pointer is missing a nullability type specifier (_Nonnull, _Nullable, or _Null_unspecified)
- (nonnull NSString *)generatePathInDirectory:(NSString *)directory withExtension:(NSString *)extension;
                                                                                            ^
/Users/jonahmicahinguito/dev/rotaract-connect/ios/Pods/Headers/Public/ExpoModulesCore/ExpoModulesCore/EXFileSystemInterface.h:20:93: note: insert '_Nullable' if the pointer may be null
- (nonnull NSString *)generatePathInDirectory:(NSString *)directory withExtension:(NSString *)extension;
                                                                                            ^
/Users/jonahmicahinguito/dev/rotaract-connect/ios/Pods/Headers/Public/ExpoModulesCore/ExpoModulesCore/EXFileSystemInterface.h:20:93: note: insert '_Nonnull' if the pointer should never be null
- (nonnull NSString *)generatePathInDirectory:(NSString *)directory withExtension:(NSString *)extension;
                                                                                            ^
<module-includes>:1:9: note: in file included from <module-includes>:1:
#import "ExpoModulesCore-umbrella.h"
        ^
/Users/jonahmicahinguito/Library/Developer/Xcode/DerivedData/rotaractconnect-cjwcbdlngckcsaantafkjnfzfbdk/Build/Products/Debug-iphoneos/ExpoModulesCore/ExpoModulesCore-umbrella.h:19:9: note: in file included from /Users/jonahmicahinguito/Library/Developer/Xcode/DerivedData/rotaractconnect-cjwcbdlngckcsaantafkjnfzfbdk/Build/Products/Debug-iphoneos/ExpoModulesCore/ExpoModulesCore-umbrella.h:19:
#import "ExpoModulesCore/ExpoModulesCore.h"
        ^
/Users/jonahmicahinguito/dev/rotaract-connect/ios/Pods/Headers/Public/ExpoModulesCore/ExpoModulesCore/ExpoModulesCore.h:16:9: note: in file included from /Users/jonahmicahinguito/dev/rotaract-connect/ios/Pods/Headers/Public/ExpoModulesCore/ExpoModulesCore/ExpoModulesCore.h:16:
#import <ExpoModulesCore/EXFilePermissionModuleInterface.h>
        ^
/Users/jonahmicahinguito/dev/rotaract-connect/ios/Pods/Headers/Public/ExpoModulesCore/ExpoModulesCore/EXFilePermissionModuleInterface.h:3:9: note: in file included from /Users/jonahmicahinguito/dev/rotaract-connect/ios/Pods/Headers/Public/ExpoModulesCore/ExpoModulesCore/EXFilePermissionModuleInterface.h:3:
#import <ExpoModulesCore/EXFileSystemInterface.h>
        ^
/Users/jonahmicahinguito/dev/rotaract-connect/ios/Pods/Headers/Public/ExpoModulesCore/ExpoModulesCore/EXFileSystemInterface.h:21:43: warning: pointer is missing a nullability type specifier (_Nonnull, _Nullable, or _Null_unspecified)
- (BOOL)ensureDirExistsWithPath:(NSString *)path;
                                          ^
/Users/jonahmicahinguito/dev/rotaract-connect/ios/Pods/Headers/Public/ExpoModulesCore/ExpoModulesCore/EXFileSystemInterface.h:21:43: note: insert '_Nullable' if the pointer may be null
- (BOOL)ensureDirExistsWithPath:(NSString *)path;
                                          ^
/Users/jonahmicahinguito/dev/rotaract-connect/ios/Pods/Headers/Public/ExpoModulesCore/ExpoModulesCore/EXFileSystemInterface.h:21:43: note: insert '_Nonnull' if the pointer should never be null
- (BOOL)ensureDirExistsWithPath:(NSString *)path;
                                          ^
<module-includes>:1:9: note: in file included from <module-includes>:1:
#import "ExpoModulesCore-umbrella.h"
        ^
/Users/jonahmicahinguito/Library/Developer/Xcode/DerivedData/rotaractconnect-cjwcbdlngckcsaantafkjnfzfbdk/Build/Products/Debug-iphoneos/ExpoModulesCore/ExpoModulesCore-umbrella.h:19:9: note: in file included from /Users/jonahmicahinguito/Library/Developer/Xcode/DerivedData/rotaractconnect-cjwcbdlngckcsaantafkjnfzfbdk/Build/Products/Debug-iphoneos/ExpoModulesCore/ExpoModulesCore-umbrella.h:19:
#import "ExpoModulesCore/ExpoModulesCore.h"
        ^
/Users/jonahmicahinguito/dev/rotaract-connect/ios/Pods/Headers/Public/ExpoModulesCore/ExpoModulesCore/ExpoModulesCore.h:42:9: note: in file included from /Users/jonahmicahinguito/dev/rotaract-connect/ios/Pods/Headers/Public/ExpoModulesCore/ExpoModulesCore/ExpoModulesCore.h:42:
#import <ExpoModulesCore/EXModuleRegistryHolderReactModule.h>
        ^
/Users/jonahmicahinguito/dev/rotaract-connect/ios/Pods/Headers/Public/ExpoModulesCore/ExpoModulesCore/EXModuleRegistryHolderReactModule.h:7:58: warning: cannot find protocol definition for 'RCTBridgeModule'
@interface EXModuleRegistryHolderReactModule : NSObject <RCTBridgeModule>
                                                         ^
/Users/jonahmicahinguito/dev/rotaract-connect/ios/Pods/Headers/Public/ExpoModulesCore/ExpoModulesCore/EXModuleRegistryHolderReactModule.h:3:11: note: protocol 'RCTBridgeModule' has no definition
@protocol RCTBridgeModule;
          ^
<module-includes>:1:9: note: in file included from <module-includes>:1:
#import "React-Core-umbrella.h"
        ^
/Users/jonahmicahinguito/dev/rotaract-connect/ios/Pods/Headers/Public/React/React-Core-umbrella.h:37:9: note: in file included from /Users/jonahmicahinguito/dev/rotaract-connect/ios/Pods/Headers/Public/React/React-Core-umbrella.h:37:
#import "React/RCTRedBox+Internal.h"
        ^
/Users/jonahmicahinguito/dev/rotaract-connect/ios/Pods/Headers/Public/React-Core/React/RCTRedBox+Internal.h:17:44: warning: pointer is missing a nullability type specifier (_Nonnull, _Nullable, or _Null_unspecified)
- (void)redBoxController:(UIViewController *)redBoxController openStackFrameInEditor:(RCTJSStackFrame *)stackFrame;
                                           ^
/Users/jonahmicahinguito/dev/rotaract-connect/ios/Pods/Headers/Public/React-Core/React/RCTRedBox+Internal.h:17:44: note: insert '_Nullable' if the pointer may be null
- (void)redBoxController:(UIViewController *)redBoxController openStackFrameInEditor:(RCTJSStackFrame *)stackFrame;
                                           ^
/Users/jonahmicahinguito/dev/rotaract-connect/ios/Pods/Headers/Public/React-Core/React/RCTRedBox+Internal.h:17:44: note: insert '_Nonnull' if the pointer should never be null
- (void)redBoxController:(UIViewController *)redBoxController openStackFrameInEditor:(RCTJSStackFrame *)stackFrame;
                                           ^
<module-includes>:1:9: note: in file included from <module-includes>:1:
#import "React-Core-umbrella.h"
        ^
/Users/jonahmicahinguito/dev/rotaract-connect/ios/Pods/Headers/Public/React/React-Core-umbrella.h:40:9: note: in file included from /Users/jonahmicahinguito/dev/rotaract-connect/ios/Pods/Headers/Public/React/React-Core-umbrella.h:40:
#import "React/RCTRedBox2Controller+Internal.h"
        ^
/Users/jonahmicahinguito/dev/rotaract-connect/ios/Pods/Headers/Public/React-Core/React/RCTRedBox2Controller+Internal.h:20:4: warning: pointer is missing a nullability type specifier (_Nonnull, _Nullable, or _Null_unspecified)
- (instancetype)initWithCustomButtonTitles:(NSArray<NSString *> *)customButtonTitles
   ^
/Users/jonahmicahinguito/dev/rotaract-connect/ios/Pods/Headers/Public/React-Core/React/RCTRedBox2Controller+Internal.h:20:4: note: insert '_Nullable' if the pointer may be null
- (instancetype)initWithCustomButtonTitles:(NSArray<NSString *> *)customButtonTitles
   ^
/Users/jonahmicahinguito/dev/rotaract-connect/ios/Pods/Headers/Public/React-Core/React/RCTRedBox2Controller+Internal.h:20:4: note: insert '_Nonnull' if the pointer should never be null
- (instancetype)initWithCustomButtonTitles:(NSArray<NSString *> *)customButtonTitles
   ^
<module-includes>:1:9: note: in file included from <module-includes>:1:
#import "React-Core-umbrella.h"
        ^
/Users/jonahmicahinguito/dev/rotaract-connect/ios/Pods/Headers/Public/React/React-Core-umbrella.h:41:9: note: in file included from /Users/jonahmicahinguito/dev/rotaract-connect/ios/Pods/Headers/Public/React/React-Core-umbrella.h:41:
#import "React/RCTRedBox2ErrorParser+Internal.h"
        ^
/Users/jonahmicahinguito/dev/rotaract-connect/ios/Pods/Headers/Public/React-Core/React/RCTRedBox2ErrorParser+Internal.h:17:38: warning: pointer is missing a nullability type specifier (_Nonnull, _Nullable, or _Null_unspecified)
@property (nonatomic, copy) NSString *title;
                                     ^
/Users/jonahmicahinguito/dev/rotaract-connect/ios/Pods/Headers/Public/React-Core/React/RCTRedBox2ErrorParser+Internal.h:17:38: note: insert '_Nullable' if the pointer may be null
@property (nonatomic, copy) NSString *title;
                                     ^
/Users/jonahmicahinguito/dev/rotaract-connect/ios/Pods/Headers/Public/React-Core/React/RCTRedBox2ErrorParser+Internal.h:17:38: note: insert '_Nonnull' if the pointer should never be null
@property (nonatomic, copy) NSString *title;
                                     ^
<module-includes>:1:9: note: in file included from <module-includes>:1:
#import "React-Core-umbrella.h"
        ^
/Users/jonahmicahinguito/dev/rotaract-connect/ios/Pods/Headers/Public/React/React-Core-umbrella.h:41:9: note: in file included from /Users/jonahmicahinguito/dev/rotaract-connect/ios/Pods/Headers/Public/React/React-Core-umbrella.h:41:
#import "React/RCTRedBox2ErrorParser+Internal.h"
        ^
/Users/jonahmicahinguito/dev/rotaract-connect/ios/Pods/Headers/Public/React-Core/React/RCTRedBox2ErrorParser+Internal.h:41:24: warning: pointer is missing a nullability type specifier (_Nonnull, _Nullable, or _Null_unspecified)
+ (RCTRedBox2ErrorData *)parseErrorMessage:(NSString *)message
                       ^
/Users/jonahmicahinguito/dev/rotaract-connect/ios/Pods/Headers/Public/React-Core/React/RCTRedBox2ErrorParser+Internal.h:41:24: note: insert '_Nullable' if the pointer may be null
+ (RCTRedBox2ErrorData *)parseErrorMessage:(NSString *)message
                       ^
/Users/jonahmicahinguito/dev/rotaract-connect/ios/Pods/Headers/Public/React-Core/React/RCTRedBox2ErrorParser+Internal.h:41:24: note: insert '_Nonnull' if the pointer should never be null
+ (RCTRedBox2ErrorData *)parseErrorMessage:(NSString *)message
                       ^
<module-includes>:1:9: note: in file included from <module-includes>:1:
#import "React-Core-umbrella.h"
        ^
/Users/jonahmicahinguito/dev/rotaract-connect/ios/Pods/Headers/Public/React/React-Core-umbrella.h:41:9: note: in file included from /Users/jonahmicahinguito/dev/rotaract-connect/ios/Pods/Headers/Public/React/React-Core-umbrella.h:41:
#import "React/RCTRedBox2ErrorParser+Internal.h"
        ^
/Users/jonahmicahinguito/dev/rotaract-connect/ios/Pods/Headers/Public/React-Core/React/RCTRedBox2ErrorParser+Internal.h:41:54: warning: pointer is missing a nullability type specifier (_Nonnull, _Nullable, or _Null_unspecified)
+ (RCTRedBox2ErrorData *)parseErrorMessage:(NSString *)message
                                                     ^
/Users/jonahmicahinguito/dev/rotaract-connect/ios/Pods/Headers/Public/React-Core/React/RCTRedBox2ErrorParser+Internal.h:41:54: note: insert '_Nullable' if the pointer may be null
+ (RCTRedBox2ErrorData *)parseErrorMessage:(NSString *)message
                                                     ^
/Users/jonahmicahinguito/dev/rotaract-connect/ios/Pods/Headers/Public/React-Core/React/RCTRedBox2ErrorParser+Internal.h:41:54: note: insert '_Nonnull' if the pointer should never be null
+ (RCTRedBox2ErrorData *)parseErrorMessage:(NSString *)message
                                                     ^
<module-includes>:1:9: note: in file included from <module-includes>:1:
#import "React-Core-umbrella.h"
        ^
/Users/jonahmicahinguito/dev/rotaract-connect/ios/Pods/Headers/Public/React/React-Core-umbrella.h:47:9: note: in file included from /Users/jonahmicahinguito/dev/rotaract-connect/ios/Pods/Headers/Public/React/React-Core-umbrella.h:47:
#import "React/RCTWebSocketModule.h"
        ^
/Users/jonahmicahinguito/dev/rotaract-connect/ios/Pods/Headers/Public/React-Core/React/RCTWebSocketModule.h:23:21: warning: pointer is missing a nullability type specifier (_Nonnull, _Nullable, or _Null_unspecified)
typedef SRWebSocket * (^SRWebSocketProvider)(NSURLRequest *request);
                    ^
/Users/jonahmicahinguito/dev/rotaract-connect/ios/Pods/Headers/Public/React-Core/React/RCTWebSocketModule.h:23:21: note: insert '_Nullable' if the pointer may be null
typedef SRWebSocket * (^SRWebSocketProvider)(NSURLRequest *request);
                    ^
/Users/jonahmicahinguito/dev/rotaract-connect/ios/Pods/Headers/Public/React-Core/React/RCTWebSocketModule.h:23:21: note: insert '_Nonnull' if the pointer should never be null
typedef SRWebSocket * (^SRWebSocketProvider)(NSURLRequest *request);
                    ^
<module-includes>:1:9: note: in file included from <module-includes>:1:
#import "React-Core-umbrella.h"
        ^
/Users/jonahmicahinguito/dev/rotaract-connect/ios/Pods/Headers/Public/React/React-Core-umbrella.h:87:9: note: in file included from /Users/jonahmicahinguito/dev/rotaract-connect/ios/Pods/Headers/Public/React/React-Core-umbrella.h:87:
#import "React/RCTMultipartDataTask.h"
        ^
/Users/jonahmicahinguito/dev/rotaract-connect/ios/Pods/Headers/Public/React-Core/React/RCTMultipartDataTask.h:15:18: warning: pointer is missing a nullability type specifier (_Nonnull, _Nullable, or _Null_unspecified)
    NSDictionary *headers,
                 ^
/Users/jonahmicahinguito/dev/rotaract-connect/ios/Pods/Headers/Public/React-Core/React/RCTMultipartDataTask.h:15:18: note: insert '_Nullable' if the pointer may be null
    NSDictionary *headers,
                 ^
/Users/jonahmicahinguito/dev/rotaract-connect/ios/Pods/Headers/Public/React-Core/React/RCTMultipartDataTask.h:15:18: note: insert '_Nonnull' if the pointer should never be null
    NSDictionary *headers,
                 ^
<module-includes>:1:9: note: in file included from <module-includes>:1:
#import "React-Core-umbrella.h"
        ^
/Users/jonahmicahinguito/dev/rotaract-connect/ios/Pods/Headers/Public/React/React-Core-umbrella.h:87:9: note: in file included from /Users/jonahmicahinguito/dev/rotaract-connect/ios/Pods/Headers/Public/React/React-Core-umbrella.h:87:
#import "React/RCTMultipartDataTask.h"
        ^
/Users/jonahmicahinguito/dev/rotaract-connect/ios/Pods/Headers/Public/React-Core/React/RCTMultipartDataTask.h:26:65: warning: block pointer is missing a nullability type specifier (_Nonnull, _Nullable, or _Null_unspecified)
RCT_EXTERN void RCTSetCustomMultipartDataTaskRequestInterceptor(RCTMultipartDataTaskRequestInterceptor /*interceptor*/);
                                                                ^
/Users/jonahmicahinguito/dev/rotaract-connect/ios/Pods/Headers/Public/React-Core/React/RCTMultipartDataTask.h:26:65: note: insert '_Nullable' if the block pointer may be null
RCT_EXTERN void RCTSetCustomMultipartDataTaskRequestInterceptor(RCTMultipartDataTaskRequestInterceptor /*interceptor*/);
                                                                ^
/Users/jonahmicahinguito/dev/rotaract-connect/ios/Pods/Headers/Public/React-Core/React/RCTMultipartDataTask.h:26:65: note: insert '_Nonnull' if the block pointer should never be null
RCT_EXTERN void RCTSetCustomMultipartDataTaskRequestInterceptor(RCTMultipartDataTaskRequestInterceptor /*interceptor*/);
                                                                ^
<module-includes>:1:9: note: in file included from <module-includes>:1:
#import "React-Core-umbrella.h"
        ^
/Users/jonahmicahinguito/dev/rotaract-connect/ios/Pods/Headers/Public/React/React-Core-umbrella.h:87:9: note: in file included from /Users/jonahmicahinguito/dev/rotaract-connect/ios/Pods/Headers/Public/React/React-Core-umbrella.h:87:
#import "React/RCTMultipartDataTask.h"
        ^
/Users/jonahmicahinguito/dev/rotaract-connect/ios/Pods/Headers/Public/React-Core/React/RCTMultipartDataTask.h:30:4: warning: pointer is missing a nullability type specifier (_Nonnull, _Nullable, or _Null_unspecified)
- (instancetype)initWithURL:(NSURL *)url
   ^
/Users/jonahmicahinguito/dev/rotaract-connect/ios/Pods/Headers/Public/React-Core/React/RCTMultipartDataTask.h:30:4: note: insert '_Nullable' if the pointer may be null
- (instancetype)initWithURL:(NSURL *)url
   ^
/Users/jonahmicahinguito/dev/rotaract-connect/ios/Pods/Headers/Public/React-Core/React/RCTMultipartDataTask.h:30:4: note: insert '_Nonnull' if the pointer should never be null
- (instancetype)initWithURL:(NSURL *)url
   ^
<module-includes>:1:9: note: in file included from <module-includes>:1:
#import "React-Core-umbrella.h"
        ^
/Users/jonahmicahinguito/dev/rotaract-connect/ios/Pods/Headers/Public/React/React-Core-umbrella.h:87:9: note: in file included from /Users/jonahmicahinguito/dev/rotaract-connect/ios/Pods/Headers/Public/React/React-Core-umbrella.h:87:
#import "React/RCTMultipartDataTask.h"
        ^
/Users/jonahmicahinguito/dev/rotaract-connect/ios/Pods/Headers/Public/React-Core/React/RCTMultipartDataTask.h:30:36: warning: pointer is missing a nullability type specifier (_Nonnull, _Nullable, or _Null_unspecified)
- (instancetype)initWithURL:(NSURL *)url
                                   ^
/Users/jonahmicahinguito/dev/rotaract-connect/ios/Pods/Headers/Public/React-Core/React/RCTMultipartDataTask.h:30:36: note: insert '_Nullable' if the pointer may be null
- (instancetype)initWithURL:(NSURL *)url
                                   ^
/Users/jonahmicahinguito/dev/rotaract-connect/ios/Pods/Headers/Public/React-Core/React/RCTMultipartDataTask.h:30:36: note: insert '_Nonnull' if the pointer should never be null
- (instancetype)initWithURL:(NSURL *)url
                                   ^
<module-includes>:1:9: note: in file included from <module-includes>:1:
#import "React-Core-umbrella.h"
        ^
/Users/jonahmicahinguito/dev/rotaract-connect/ios/Pods/Headers/Public/React/React-Core-umbrella.h:87:9: note: in file included from /Users/jonahmicahinguito/dev/rotaract-connect/ios/Pods/Headers/Public/React/React-Core-umbrella.h:87:
#import "React/RCTMultipartDataTask.h"
        ^
/Users/jonahmicahinguito/dev/rotaract-connect/ios/Pods/Headers/Public/React-Core/React/RCTMultipartDataTask.h:31:30: warning: block pointer is missing a nullability type specifier (_Nonnull, _Nullable, or _Null_unspecified)
                partHandler:(RCTMultipartDataTaskCallback)partHandler
                             ^
/Users/jonahmicahinguito/dev/rotaract-connect/ios/Pods/Headers/Public/React-Core/React/RCTMultipartDataTask.h:31:30: note: insert '_Nullable' if the block pointer may be null
                partHandler:(RCTMultipartDataTaskCallback)partHandler
                             ^
/Users/jonahmicahinguito/dev/rotaract-connect/ios/Pods/Headers/Public/React-Core/React/RCTMultipartDataTask.h:31:30: note: insert '_Nonnull' if the block pointer should never be null
                partHandler:(RCTMultipartDataTaskCallback)partHandler
                             ^
<module-includes>:1:9: note: in file included from <module-includes>:1:
#import "React-Core-umbrella.h"
        ^
/Users/jonahmicahinguito/dev/rotaract-connect/ios/Pods/Headers/Public/React/React-Core-umbrella.h:87:9: note: in file included from /Users/jonahmicahinguito/dev/rotaract-connect/ios/Pods/Headers/Public/React/React-Core-umbrella.h:87:
#import "React/RCTMultipartDataTask.h"
        ^
/Users/jonahmicahinguito/dev/rotaract-connect/ios/Pods/Headers/Public/React-Core/React/RCTMultipartDataTask.h:32:30: warning: block pointer is missing a nullability type specifier (_Nonnull, _Nullable, or _Null_unspecified)
            progressHandler:(RCTMultipartProgressCallback)progressHandler;
                             ^
/Users/jonahmicahinguito/dev/rotaract-connect/ios/Pods/Headers/Public/React-Core/React/RCTMultipartDataTask.h:32:30: note: insert '_Nullable' if the block pointer may be null
            progressHandler:(RCTMultipartProgressCallback)progressHandler;
                             ^
/Users/jonahmicahinguito/dev/rotaract-connect/ios/Pods/Headers/Public/React-Core/React/RCTMultipartDataTask.h:32:30: note: insert '_Nonnull' if the block pointer should never be null
            progressHandler:(RCTMultipartProgressCallback)progressHandler;
                             ^
<module-includes>:1:9: note: in file included from <module-includes>:1:
#import "React-Core-umbrella.h"
        ^
/Users/jonahmicahinguito/dev/rotaract-connect/ios/Pods/Headers/Public/React/React-Core-umbrella.h:150:9: note: in file included from /Users/jonahmicahinguito/dev/rotaract-connect/ios/Pods/Headers/Public/React/React-Core-umbrella.h:150:
#import "React/RCTModalHostView.h"
        ^
/Users/jonahmicahinguito/dev/rotaract-connect/ios/Pods/Headers/Public/React-Core/React/RCTModalHostView.h:55:31: warning: 'RCTModalHostView' is deprecated: This API will be removed along with the legacy architecture.
- (void)presentModalHostView:(RCTModalHostView *)modalHostView
                              ^
/Users/jonahmicahinguito/dev/rotaract-connect/ios/Pods/Headers/Public/React-Core/React/RCTModalHostView.h:21:16: note: 'RCTModalHostView' has been explicitly marked deprecated here
__attribute__((deprecated("This API will be removed along with the legacy architecture.")))
               ^
<module-includes>:1:9: note: in file included from <module-includes>:1:
#import "React-Core-umbrella.h"
        ^
/Users/jonahmicahinguito/dev/rotaract-connect/ios/Pods/Headers/Public/React/React-Core-umbrella.h:150:9: note: in file included from /Users/jonahmicahinguito/dev/rotaract-connect/ios/Pods/Headers/Public/React/React-Core-umbrella.h:150:
#import "React/RCTModalHostView.h"
        ^
/Users/jonahmicahinguito/dev/rotaract-connect/ios/Pods/Headers/Public/React-Core/React/RCTModalHostView.h:58:31: warning: 'RCTModalHostView' is deprecated: This API will be removed along with the legacy architecture.
- (void)dismissModalHostView:(RCTModalHostView *)modalHostView
                              ^
/Users/jonahmicahinguito/dev/rotaract-connect/ios/Pods/Headers/Public/React-Core/React/RCTModalHostView.h:21:16: note: 'RCTModalHostView' has been explicitly marked deprecated here
__attribute__((deprecated("This API will be removed along with the legacy architecture.")))
               ^
<module-includes>:1:9: note: in file included from <module-includes>:1:
#import "React-Core-umbrella.h"
        ^
/Users/jonahmicahinguito/dev/rotaract-connect/ios/Pods/Headers/Public/React/React-Core-umbrella.h:156:9: note: in file included from /Users/jonahmicahinguito/dev/rotaract-connect/ios/Pods/Headers/Public/React/React-Core-umbrella.h:156:
#import "React/RCTShadowView+Internal.h"
        ^
/Users/jonahmicahinguito/dev/rotaract-connect/ios/Pods/Headers/Public/React-Core/React/RCTShadowView+Internal.h:16:40: warning: 'RCTRootShadowView' is deprecated: This API will be removed along with the legacy architecture.
@property (nonatomic, weak, readwrite) RCTRootShadowView *rootView;
                                       ^
/Users/jonahmicahinguito/dev/rotaract-connect/ios/Pods/Headers/Public/React-Core/React/RCTRootShadowView.h:11:16: note: 'RCTRootShadowView' has been explicitly marked deprecated here
__attribute__((deprecated("This API will be removed along with the legacy architecture.")))
               ^
<module-includes>:1:9: note: in file included from <module-includes>:1:
#import "React-Core-umbrella.h"
        ^
/Users/jonahmicahinguito/dev/rotaract-connect/ios/Pods/Headers/Public/React/React-Core-umbrella.h:247:9: note: in file included from /Users/jonahmicahinguito/dev/rotaract-connect/ios/Pods/Headers/Public/React/React-Core-umbrella.h:247:
#import "React/RCTHTTPRequestHandler.h"
        ^
/Users/jonahmicahinguito/dev/rotaract-connect/ios/Pods/Headers/Public/React-Core/React/RCTHTTPRequestHandler.h:11:35: warning: pointer is missing a nullability type specifier (_Nonnull, _Nullable, or _Null_unspecified)
typedef NSURLSessionConfiguration * (^NSURLSessionConfigurationProvider)(void);
                                  ^
/Users/jonahmicahinguito/dev/rotaract-connect/ios/Pods/Headers/Public/React-Core/React/RCTHTTPRequestHandler.h:11:35: note: insert '_Nullable' if the pointer may be null
typedef NSURLSessionConfiguration * (^NSURLSessionConfigurationProvider)(void);
                                  ^
/Users/jonahmicahinguito/dev/rotaract-connect/ios/Pods/Headers/Public/React-Core/React/RCTHTTPRequestHandler.h:11:35: note: insert '_Nonnull' if the pointer should never be null
typedef NSURLSessionConfiguration * (^NSURLSessionConfigurationProvider)(void);
                                  ^
<module-includes>:1:9: note: in file included from <module-includes>:1:
#import "React-Core-umbrella.h"
        ^
/Users/jonahmicahinguito/dev/rotaract-connect/ios/Pods/Headers/Public/React/React-Core-umbrella.h:247:9: note: in file included from /Users/jonahmicahinguito/dev/rotaract-connect/ios/Pods/Headers/Public/React/React-Core-umbrella.h:247:
#import "React/RCTHTTPRequestHandler.h"
        ^
/Users/jonahmicahinguito/dev/rotaract-connect/ios/Pods/Headers/Public/React-Core/React/RCTHTTPRequestHandler.h:24:52: warning: block pointer is missing a nullability type specifier (_Nonnull, _Nullable, or _Null_unspecified)
RCT_EXTERN void RCTSetCustomHTTPRequestInterceptor(RCTHTTPRequestInterceptor /*interceptor*/);
                                                   ^
/Users/jonahmicahinguito/dev/rotaract-connect/ios/Pods/Headers/Public/React-Core/React/RCTHTTPRequestHandler.h:24:52: note: insert '_Nullable' if the block pointer may be null
RCT_EXTERN void RCTSetCustomHTTPRequestInterceptor(RCTHTTPRequestInterceptor /*interceptor*/);
                                                   ^
/Users/jonahmicahinguito/dev/rotaract-connect/ios/Pods/Headers/Public/React-Core/React/RCTHTTPRequestHandler.h:24:52: note: insert '_Nonnull' if the block pointer should never be null
RCT_EXTERN void RCTSetCustomHTTPRequestInterceptor(RCTHTTPRequestInterceptor /*interceptor*/);
                                                   ^
/Users/jonahmicahinguito/dev/rotaract-connect/node_modules/expo-modules-core/ios/Worklets/Core/DynamicSerializableType.swift:7:7: warning: stored property 'innerType' of 'Sendable'-conforming struct 'DynamicSerializableType' has non-Sendable type 'any AnySerializable.Type'
  let innerType: any AnySerializable.Type
      ^

/Users/jonahmicahinguito/dev/rotaract-connect/ios/Pods/<module-includes>:1:9: In file included from <module-includes>:1:

/Users/jonahmicahinguito/Library/Developer/Xcode/DerivedData/rotaractconnect-cjwcbdlngckcsaantafkjnfzfbdk/Build/Products/Debug-iphoneos/ExpoModulesCore/ExpoModulesCore-umbrella.h:19:9: In file included from /Users/jonahmicahinguito/Library/Developer/Xcode/DerivedData/rotaractconnect-cjwcbdlngckcsaantafkjnfzfbdk/Build/Products/Debug-iphoneos/ExpoModulesCore/ExpoModulesCore-umbrella.h:19:

/Users/jonahmicahinguito/dev/rotaract-connect/ios/Pods/Headers/Public/ExpoModulesCore/ExpoModulesCore/ExpoModulesCore.h:16:9: In file included from /Users/jonahmicahinguito/dev/rotaract-connect/ios/Pods/Headers/Public/ExpoModulesCore/ExpoModulesCore/ExpoModulesCore.h:16:

/Users/jonahmicahinguito/dev/rotaract-connect/ios/Pods/Headers/Public/ExpoModulesCore/ExpoModulesCore/EXFilePermissionModuleInterface.h:3:9: In file included from /Users/jonahmicahinguito/dev/rotaract-connect/ios/Pods/Headers/Public/ExpoModulesCore/ExpoModulesCore/EXFilePermissionModuleInterface.h:3:

/Users/jonahmicahinguito/dev/rotaract-connect/ios/Pods/Headers/Public/ExpoModulesCore/ExpoModulesCore/EXFileSystemInterface.h:14:42: Pointer is missing a nullability type specifier (_Nonnull, _Nullable, or _Null_unspecified)

/Users/jonahmicahinguito/dev/rotaract-connect/ios/Pods/Headers/Public/ExpoModulesCore/ExpoModulesCore/EXFileSystemInterface.h:20:57: Pointer is missing a nullability type specifier (_Nonnull, _Nullable, or _Null_unspecified)

/Users/jonahmicahinguito/dev/rotaract-connect/ios/Pods/Headers/Public/ExpoModulesCore/ExpoModulesCore/EXFileSystemInterface.h:20:93: Pointer is missing a nullability type specifier (_Nonnull, _Nullable, or _Null_unspecified)

/Users/jonahmicahinguito/dev/rotaract-connect/ios/Pods/Headers/Public/ExpoModulesCore/ExpoModulesCore/EXFileSystemInterface.h:21:43: Pointer is missing a nullability type specifier (_Nonnull, _Nullable, or _Null_unspecified)

/Users/jonahmicahinguito/dev/rotaract-connect/ios/Pods/Headers/Public/ExpoModulesCore/ExpoModulesCore/EXModuleRegistryHolderReactModule.h:7:58: Cannot find protocol definition for 'RCTBridgeModule'

/Users/jonahmicahinguito/dev/rotaract-connect/ios/Pods/Headers/Public/React-Core/React/RCTRedBox+Internal.h:17:44: Pointer is missing a nullability type specifier (_Nonnull, _Nullable, or _Null_unspecified)

/Users/jonahmicahinguito/dev/rotaract-connect/ios/Pods/Headers/Public/React-Core/React/RCTRedBox2Controller+Internal.h:20:4: Pointer is missing a nullability type specifier (_Nonnull, _Nullable, or _Null_unspecified)

/Users/jonahmicahinguito/dev/rotaract-connect/ios/Pods/Headers/Public/React-Core/React/RCTRedBox2ErrorParser+Internal.h:17:38: Pointer is missing a nullability type specifier (_Nonnull, _Nullable, or _Null_unspecified)

/Users/jonahmicahinguito/dev/rotaract-connect/ios/Pods/Headers/Public/React-Core/React/RCTRedBox2ErrorParser+Internal.h:41:24: Pointer is missing a nullability type specifier (_Nonnull, _Nullable, or _Null_unspecified)

/Users/jonahmicahinguito/dev/rotaract-connect/ios/Pods/Headers/Public/React-Core/React/RCTRedBox2ErrorParser+Internal.h:41:54: Pointer is missing a nullability type specifier (_Nonnull, _Nullable, or _Null_unspecified)

/Users/jonahmicahinguito/dev/rotaract-connect/ios/Pods/Headers/Public/React-Core/React/RCTWebSocketModule.h:23:21: Pointer is missing a nullability type specifier (_Nonnull, _Nullable, or _Null_unspecified)

/Users/jonahmicahinguito/dev/rotaract-connect/ios/Pods/Headers/Public/React-Core/React/RCTMultipartDataTask.h:15:18: Pointer is missing a nullability type specifier (_Nonnull, _Nullable, or _Null_unspecified)

/Users/jonahmicahinguito/dev/rotaract-connect/ios/Pods/Headers/Public/React-Core/React/RCTMultipartDataTask.h:26:65: Block pointer is missing a nullability type specifier (_Nonnull, _Nullable, or _Null_unspecified)

/Users/jonahmicahinguito/dev/rotaract-connect/ios/Pods/Headers/Public/React-Core/React/RCTMultipartDataTask.h:30:4: Pointer is missing a nullability type specifier (_Nonnull, _Nullable, or _Null_unspecified)

/Users/jonahmicahinguito/dev/rotaract-connect/ios/Pods/Headers/Public/React-Core/React/RCTMultipartDataTask.h:30:36: Pointer is missing a nullability type specifier (_Nonnull, _Nullable, or _Null_unspecified)

/Users/jonahmicahinguito/dev/rotaract-connect/ios/Pods/Headers/Public/React-Core/React/RCTMultipartDataTask.h:31:30: Block pointer is missing a nullability type specifier (_Nonnull, _Nullable, or _Null_unspecified)

/Users/jonahmicahinguito/dev/rotaract-connect/ios/Pods/Headers/Public/React-Core/React/RCTMultipartDataTask.h:32:30: Block pointer is missing a nullability type specifier (_Nonnull, _Nullable, or _Null_unspecified)

/Users/jonahmicahinguito/dev/rotaract-connect/ios/Pods/Headers/Public/React-Core/React/RCTModalHostView.h:55:31: 'RCTModalHostView' is deprecated: This API will be removed along with the legacy architecture.

/Users/jonahmicahinguito/dev/rotaract-connect/ios/Pods/Headers/Public/React-Core/React/RCTModalHostView.h:58:31: 'RCTModalHostView' is deprecated: This API will be removed along with the legacy architecture.

/Users/jonahmicahinguito/dev/rotaract-connect/ios/Pods/Headers/Public/React-Core/React/RCTShadowView+Internal.h:16:40: 'RCTRootShadowView' is deprecated: This API will be removed along with the legacy architecture.

/Users/jonahmicahinguito/dev/rotaract-connect/ios/Pods/Headers/Public/React-Core/React/RCTHTTPRequestHandler.h:11:35: Pointer is missing a nullability type specifier (_Nonnull, _Nullable, or _Null_unspecified)

/Users/jonahmicahinguito/dev/rotaract-connect/ios/Pods/Headers/Public/React-Core/React/RCTHTTPRequestHandler.h:24:52: Block pointer is missing a nullability type specifier (_Nonnull, _Nullable, or _Null_unspecified)

/Users/jonahmicahinguito/dev/rotaract-connect/node_modules/expo-modules-core/ios/Worklets/Core/DynamicSerializableType.swift:7:7: Stored property 'innerType' of 'Sendable'-conforming struct 'DynamicSerializableType' has non-Sendable type 'any AnySerializable.Type'

SwiftCompile normal arm64 Compiling\ DynamicSerializableType.swift /Users/jonahmicahinguito/dev/rotaract-connect/node_modules/expo-modules-core/ios/Worklets/Core/DynamicSerializableType.swift (in target 'ExpoModulesWorklets' from project 'Pods')

SwiftCompile normal arm64 /Users/jonahmicahinguito/dev/rotaract-connect/node_modules/expo-modules-core/ios/Worklets/Core/DynamicSerializableType.swift (in target 'ExpoModulesWorklets' from project 'Pods')
    cd /Users/jonahmicahinguito/dev/rotaract-connect/ios/Pods
    

/Users/jonahmicahinguito/dev/rotaract-connect/node_modules/expo-modules-core/ios/Worklets/Core/DynamicSerializableType.swift:7:7: warning: stored property 'innerType' of 'Sendable'-conforming struct 'DynamicSerializableType' has non-Sendable type 'any AnySerializable.Type'
  let innerType: any AnySerializable.Type
      ^
/Users/jonahmicahinguito/dev/rotaract-connect/node_modules/expo-modules-core/ios/Worklets/Core/DynamicSerializableType.swift:48:32: warning: 'from(_:runtime:)' is deprecated: renamed to 'representing(value:in:)'
    return try JavaScriptValue.from(value, runtime: appContext.runtime)
                               ^
/Users/jonahmicahinguito/dev/rotaract-connect/node_modules/expo-modules-core/ios/Worklets/Core/DynamicSerializableType.swift:48:32: note: use 'representing(value:in:)' instead
    return try JavaScriptValue.from(value, runtime: appContext.runtime)
                               ^~~~        ~~~~~~~
                               representing value:  in

/Users/jonahmicahinguito/dev/rotaract-connect/node_modules/expo-modules-core/ios/Worklets/Core/DynamicSerializableType.swift:7:7: Stored property 'innerType' of 'Sendable'-conforming struct 'DynamicSerializableType' has non-Sendable type 'any AnySerializable.Type'

/Users/jonahmicahinguito/dev/rotaract-connect/node_modules/expo-modules-core/ios/Worklets/Core/DynamicSerializableType.swift:48:32: 'from(_:runtime:)' is deprecated: renamed to 'representing(value:in:)'

SwiftCompile normal arm64 Compiling\ DynamicWorkletType.swift /Users/jonahmicahinguito/dev/rotaract-connect/node_modules/expo-modules-core/ios/Worklets/Core/DynamicWorkletType.swift (in target 'ExpoModulesWorklets' from project 'Pods')

SwiftCompile normal arm64 /Users/jonahmicahinguito/dev/rotaract-connect/node_modules/expo-modules-core/ios/Worklets/Core/DynamicWorkletType.swift (in target 'ExpoModulesWorklets' from project 'Pods')
    cd /Users/jonahmicahinguito/dev/rotaract-connect/ios/Pods
    

/Users/jonahmicahinguito/dev/rotaract-connect/node_modules/expo-modules-core/ios/Worklets/Core/DynamicWorkletType.swift:32:32: warning: 'from(_:runtime:)' is deprecated: renamed to 'representing(value:in:)'
    return try JavaScriptValue.from(value, runtime: appContext.runtime)
                               ^
/Users/jonahmicahinguito/dev/rotaract-connect/node_modules/expo-modules-core/ios/Worklets/Core/DynamicWorkletType.swift:32:32: note: use 'representing(value:in:)' instead
    return try JavaScriptValue.from(value, runtime: appContext.runtime)
                               ^~~~        ~~~~~~~
                               representing value:  in

/Users/jonahmicahinguito/dev/rotaract-connect/node_modules/expo-modules-core/ios/Worklets/Core/DynamicWorkletType.swift:32:32: 'from(_:runtime:)' is deprecated: renamed to 'representing(value:in:)'


Build target ExpoModulesCore of project Pods with configuration Debug

SwiftCompile normal arm64 Compiling\ AnyArgument.swift,\ AnyArrayBuffer.swift,\ AnyChild.swift,\ AnyClassDefinitionElement.swift,\ AnyCodingKey.swift,\ AnyDefinition.swift,\ AnyDynamicType.swift,\ AnyExpoView.swift,\ AnyField.swift,\ AnyFunctionDefinition.swift,\ AnyModule.swift,\ AnyTypedArray.swift,\ AnyViewDefinition.swift,\ AnyViewProp.swift,\ AppCodeSignEntitlements.swift,\ AppContext.swift,\ AppContextConfig.swift,\ AppleView.swift,\ ArrayBuffer.swift,\ AsyncFunctionDefinition.swift,\ AsyncFunctionFactories.swift,\ AutoSizingStack.swift,\ Callback.swift,\ CdpNetworkTypes.swift,\ ChainableException.swift,\ ClassComponentBuilder.swift,\ ClassDefinition.swift,\ ClassFactories.swift,\ ClassRegistry.swift,\ CodedError.swift,\ CommonExceptions.swift,\ ConcreteTypedArrays.swift,\ ConcreteViewProp.swift,\ ConcurrentFunctionDefinition.swift,\ ConcurrentFunctionFactories.swift,\ ConstantDefinition.swift,\ ConstantFactories.swift,\ ConstantsProvider.swift,\ Conversions.swift,\ Convertible.swift,\ Convertibles.swift,\ Convertibles+CMTime.swift,\ Convertibles+Color.swift,\ Convertibles+SwiftUI.swift,\ CoreModule.swift,\ DynamicArrayBufferType.swift,\ DynamicArrayType.swift,\ DynamicBoolType.swift,\ DynamicCodableType.swift,\ DynamicConvertibleType.swift,\ DynamicDataType.swift,\ DynamicDictionaryType.swift,\ DynamicEitherType.swift,\ DynamicEnumType.swift,\ DynamicJavaScriptType.swift,\ DynamicNumberType.swift,\ DynamicOptionalType.swift,\ DynamicRawType.swift,\ DynamicSharedObjectType.swift,\ DynamicStringType.swift,\ DynamicSwiftUIViewType.swift,\ DynamicType.swift,\ DynamicTypedArrayType.swift,\ DynamicValueOrUndefinedType.swift,\ DynamicViewType.swift,\ DynamicVoidType.swift,\ Either.swift,\ Enumerable.swift,\ EventDispatcher.swift,\ EventEmitter.swift,\ EventListener.swift,\ EventListenersFactories.swift,\ EventObservingDefinition.swift,\ Exception.swift,\ ExceptionOrigin.swift,\ Exceptions.swift,\ ExpoAppDelegateSubscriber.swift,\ ExpoAppDelegateSubscriberManager.swift,\ ExpoAppDelegateSubscriberRepository.swift,\ ExpoFabricView.swift,\ ExpoModulesCore.swift,\ ExpoModulesMacros.swift,\ ExpoReactDelegate.swift,\ ExpoReactDelegateHandler.swift,\ ExpoReactNativeFactoryProtocol.swift,\ ExpoRequestCdpInterceptor.swift,\ ExpoRequestInterceptorProtocol.swift,\ ExpoRuntime.swift,\ ExpoRuntimeInstaller.swift,\ ExpoSwiftUI.swift,\ ExpoSystemColors.swift,\ ExpoView.swift,\ Field.swift,\ FieldExtensions.swift,\ FieldOption.swift,\ FileSystemManager.swift,\ FileSystemUtilities.swift,\ FormattedRecord.swift,\ Formatter.swift,\ GenericException.swift,\ GenericTypedArray.swift,\ JavaScriptCodable+Enumerable.swift,\ JavaScriptCodable+Record.swift,\ JavaScriptCodable+SharedObject.swift,\ JavaScriptCodable+TypedArray.swift,\ JavaScriptObjectBuilder.swift,\ JavaScriptUtils.swift,\ JSLoggerModule.swift,\ JSValueDecoder.swift,\ JSValueEncoder.swift,\ LegacyEventEmitterCompat.swift,\ LegacyModuleRegistry.swift,\ Logger.swift,\ LoggerTimer.swift,\ LogHandlers.swift,\ LogType.swift,\ MainValueConverter.swift,\ Module.swift,\ ModuleDefinition.swift,\ ModuleDefinitionBuilder.swift,\ ModuleDefinitionEncoder.swift,\ ModuleFactories.swift,\ ModuleHolder.swift,\ ModulePriorities.swift,\ ModuleRegistry.swift,\ ModulesProvider.swift,\ Mutex.swift,\ NativeArrayBuffer.swift,\ NSLabel.swift,\ ObjectDefinition.swift,\ ObjectDefinitionBuilder.swift,\ ObjectFactories.swift,\ OptimizedAsyncFunctionDefinition.swift,\ OptimizedSyncFunctionDefinition.swift,\ PersistentFileLog.swift,\ Platform.swift,\ Promise.swift,\ PropertyDefinition.swift,\ PropertyFactories.swift,\ Record.swift,\ SceneGeometry.swift,\ SharedObject.swift,\ SharedObjectNativeState.swift,\ SharedObjectRegistry.swift,\ SharedRef.swift,\ StaticFunctionDefinition.swift,\ StaticFunctionFactories.swift,\ SwiftUIHostingView.swift,\ SwiftUILayoutMetrics.swift,\ SwiftUIShadowNodeProxy.swift,\ SwiftUIViewDefinition.swift,\ SwiftUIViewDefinitionBuilder.swift,\ SwiftUIViewDefinitionDefaultProps.swift,\ SwiftUIViewFrameObserver.swift,\ SwiftUIViewHost.swift,\ SwiftUIViewProps.swift,\ SwiftUIVirtualView.swift,\ SyncFunctionDefinition.swift,\ SyncFunctionFactories.swift,\ SystemMenuTouchGate.swift,\ TypedArray.swift,\ UnexpectedException.swift,\ UnimplementedExpoView.swift,\ URLAuthenticationChallengeForwardSender.swift,\ URLRequest+httpBodyData.swift,\ URLSessionSessionDelegateProxy.swift,\ Utilities.swift,\ Uuidv5.swift,\ ValueOrUndefined.swift,\ View+Modifiers.swift,\ ViewDefinition.swift,\ ViewDefinitionBuilder.swift,\ ViewFactories.swift,\ ViewLifecycleMethod.swift,\ ViewModuleWrapper.swift /Users/jonahmicahinguito/dev/rotaract-connect/node_modules/expo-modules-core/ios/Core/Arguments/AnyArgument.swift /Users/jonahmicahinguito/dev/rotaract-connect/node_modules/expo-modules-core/ios/Core/ArrayBuffers/AnyArrayBuffer.swift /Users/jonahmicahinguito/dev/rotaract-connect/node_modules/expo-modules-core/ios/Core/Views/SwiftUI/AnyChild.swift /Users/jonahmicahinguito/dev/rotaract-connect/node_modules/expo-modules-core/ios/Core/Classes/AnyClassDefinitionElement.swift /Users/jonahmicahinguito/dev/rotaract-connect/node_modules/expo-modules-core/ios/Core/AnyCodingKey.swift /Users/jonahmicahinguito/dev/rotaract-connect/node_modules/expo-modules-core/ios/Core/Protocols/AnyDefinition.swift /Users/jonahmicahinguito/dev/rotaract-connect/node_modules/expo-modules-core/ios/Core/DynamicTypes/AnyDynamicType.swift /Users/jonahmicahinguito/dev/rotaract-connect/node_modules/expo-modules-core/ios/Core/Protocols/AnyExpoView.swift /Users/jonahmicahinguito/dev/rotaract-connect/node_modules/expo-modules-core/ios/Core/Records/AnyField.swift /Users/jonahmicahinguito/dev/rotaract-connect/node_modules/expo-modules-core/ios/Core/Functions/AnyFunctionDefinition.swift /Users/jonahmicahinguito/dev/rotaract-connect/node_modules/expo-modules-core/ios/Core/Protocols/AnyModule.swift /Users/jonahmicahinguito/dev/rotaract-connect/node_modules/expo-modules-core/ios/Core/TypedArrays/AnyTypedArray.swift /Users/jonahmicahinguito/dev/rotaract-connect/node_modules/expo-modules-core/ios/Core/Protocols/AnyViewDefinition.swift /Users/jonahmicahinguito/dev/rotaract-connect/node_modules/expo-modules-core/ios/Core/Views/AnyViewProp.swift /Users/jonahmicahinguito/dev/rotaract-connect/node_modules/expo-modules-core/ios/Core/AppCodeSignEntitlements.swift /Users/jonahmicahinguito/dev/rotaract-connect/node_modules/expo-modules-core/ios/Core/AppContext.swift /Users/jonahmicahinguito/dev/rotaract-connect/node_modules/expo-modules-core/ios/Core/AppContextConfig.swift /Users/jonahmicahinguito/dev/rotaract-connect/node_modules/expo-modules-core/ios/Core/Views/AppleView.swift /Users/jonahmicahinguito/dev/rotaract-connect/node_modules/expo-modules-core/ios/Core/ArrayBuffers/ArrayBuffer.swift /Users/jonahmicahinguito/dev/rotaract-connect/node_modules/expo-modules-core/ios/Core/Functions/AsyncFunctionDefinition.swift /Users/jonahmicahinguito/dev/rotaract-connect/node_modules/expo-modules-core/ios/Api/Factories/AsyncFunctionFactories.swift /Users/jonahmicahinguito/dev/rotaract-connect/node_modules/expo-modules-core/ios/Core/Views/SwiftUI/AutoSizingStack.swift /Users/jonahmicahinguito/dev/rotaract-connect/node_modules/expo-modules-core/ios/Core/Events/Callback.swift /Users/jonahmicahinguito/dev/rotaract-connect/node_modules/expo-modules-core/ios/DevTools/CdpNetworkTypes.swift /Users/jonahmicahinguito/dev/rotaract-connect/node_modules/expo-modules-core/ios/Core/Exceptions/ChainableException.swift /Users/jonahmicahinguito/dev/rotaract-connect/node_modules/expo-modules-core/ios/Api/Builders/ClassComponentBuilder.swift /Users/jonahmicahinguito/dev/rotaract-connect/node_modules/expo-modules-core/ios/Core/Classes/ClassDefinition.swift /Users/jonahmicahinguito/dev/rotaract-connect/node_modules/expo-modules-core/ios/Api/Factories/ClassFactories.swift /Users/jonahmicahinguito/dev/rotaract-connect/node_modules/expo-modules-core/ios/Core/Classes/ClassRegistry.swift /Users/jonahmicahinguito/dev/rotaract-connect/node_modules/expo-modules-core/ios/Core/Exceptions/CodedError.swift /Users/jonahmicahinguito/dev/rotaract-connect/node_modules/expo-modules-core/ios/Core/Exceptions/CommonExceptions.swift /Users/jonahmicahinguito/dev/rotaract-connect/node_modules/expo-modules-core/ios/Core/TypedArrays/ConcreteTypedArrays.swift /Users/jonahmicahinguito/dev/rotaract-connect/node_modules/expo-modules-core/ios/Core/Views/ConcreteViewProp.swift /Users/jonahmicahinguito/dev/rotaract-connect/node_modules/expo-modules-core/ios/Core/Functions/ConcurrentFunctionDefinition.swift /Users/jonahmicahinguito/dev/rotaract-connect/node_modules/expo-modules-core/ios/Api/Factories/ConcurrentFunctionFactories.swift /Users/jonahmicahinguito/dev/rotaract-connect/node_modules/expo-modules-core/ios/Core/Objects/ConstantDefinition.swift /Users/jonahmicahinguito/dev/rotaract-connect/node_modules/expo-modules-core/ios/Api/Factories/ConstantFactories.swift /Users/jonahmicahinguito/dev/rotaract-connect/node_modules/expo-modules-core/ios/Utilities/ConstantsProvider.swift /Users/jonahmicahinguito/dev/rotaract-connect/node_modules/expo-modules-core/ios/Core/Conversions.swift /Users/jonahmicahinguito/dev/rotaract-connect/node_modules/expo-modules-core/ios/Core/Arguments/Convertible.swift /Users/jonahmicahinguito/dev/rotaract-connect/node_modules/expo-modules-core/ios/Core/Arguments/Convertibles.swift /Users/jonahmicahinguito/dev/rotaract-connect/node_modules/expo-modules-core/ios/Core/Convertibles/Convertibles+CMTime.swift /Users/jonahmicahinguito/dev/rotaract-connect/node_modules/expo-modules-core/ios/Core/Convertibles/Convertibles+Color.swift /Users/jonahmicahinguito/dev/rotaract-connect/node_modules/expo-modules-core/ios/Core/Views/SwiftUI/Convertibles+SwiftUI.swift /Users/jonahmicahinguito/dev/rotaract-connect/node_modules/expo-modules-core/ios/Core/Modules/CoreModule.swift /Users/jonahmicahinguito/dev/rotaract-connect/node_modules/expo-modules-core/ios/Core/DynamicTypes/DynamicArrayBufferType.swift /Users/jonahmicahinguito/dev/rotaract-connect/node_modules/expo-modules-core/ios/Core/DynamicTypes/DynamicArrayType.swift /Users/jonahmicahinguito/dev/rotaract-connect/node_modules/expo-modules-core/ios/Core/DynamicTypes/DynamicBoolType.swift /Users/jonahmicahinguito/dev/rotaract-connect/node_modules/expo-modules-core/ios/Core/DynamicTypes/DynamicCodableType.swift /Users/jonahmicahinguito/dev/rotaract-connect/node_modules/expo-modules-core/ios/Core/DynamicTypes/DynamicConvertibleType.swift /Users/jonahmicahinguito/dev/rotaract-connect/node_modules/expo-modules-core/ios/Core/DynamicTypes/DynamicDataType.swift /Users/jonahmicahinguito/dev/rotaract-connect/node_modules/expo-modules-core/ios/Core/DynamicTypes/DynamicDictionaryType.swift /Users/jonahmicahinguito/dev/rotaract-connect/node_modules/expo-modules-core/ios/Core/DynamicTypes/DynamicEitherType.swift /Users/jonahmicahinguito/dev/rotaract-connect/node_modules/expo-modules-core/ios/Core/DynamicTypes/DynamicEnumType.swift /Users/jonahmicahinguito/dev/rotaract-connect/node_modules/expo-modules-core/ios/Core/DynamicTypes/DynamicJavaScriptType.swift /Users/jonahmicahinguito/dev/rotaract-connect/node_modules/expo-modules-core/ios/Core/DynamicTypes/DynamicNumberType.swift /Users/jonahmicahinguito/dev/rotaract-connect/node_modules/expo-modules-core/ios/Core/DynamicTypes/DynamicOptionalType.swift /Users/jonahmicahinguito/dev/rotaract-connect/node_modules/expo-modules-core/ios/Core/DynamicTypes/DynamicRawType.swift /Users/jonahmicahinguito/dev/rotaract-connect/node_modules/expo-modules-core/ios/Core/DynamicTypes/DynamicSharedObjectType.swift /Users/jonahmicahinguito/dev/rotaract-connect/node_modules/expo-modules-core/ios/Core/DynamicTypes/DynamicStringType.swift /Users/jonahmicahinguito/dev/rotaract-connect/node_modules/expo-modules-core/ios/Core/DynamicTypes/DynamicSwiftUIViewType.swift /Users/jonahmicahinguito/dev/rotaract-connect/node_modules/expo-modules-core/ios/Core/DynamicTypes/DynamicType.swift /Users/jonahmicahinguito/dev/rotaract-connect/node_modules/expo-modules-core/ios/Core/DynamicTypes/DynamicTypedArrayType.swift /Users/jonahmicahinguito/dev/rotaract-connect/node_modules/expo-modules-core/ios/Core/DynamicTypes/DynamicValueOrUndefinedType.swift /Users/jonahmicahinguito/dev/rotaract-connect/node_modules/expo-modules-core/ios/Core/DynamicTypes/DynamicViewType.swift /Users/jonahmicahinguito/dev/rotaract-connect/node_modules/expo-modules-core/ios/Core/DynamicTypes/DynamicVoidType.swift /Users/jonahmicahinguito/dev/rotaract-connect/node_modules/expo-modules-core/ios/Core/Arguments/Either.swift /Users/jonahmicahinguito/dev/rotaract-connect/node_modules/expo-modules-core/ios/Core/Arguments/Enumerable.swift /Users/jonahmicahinguito/dev/rotaract-connect/node_modules/expo-modules-core/ios/Core/Events/EventDispatcher.swift /Users/jonahmicahinguito/dev/rotaract-connect/node_modules/expo-modules-core/ios/Core/Events/EventEmitter.swift /Users/jonahmicahinguito/dev/rotaract-connect/node_modules/expo-modules-core/ios/Core/EventListener.swift /Users/jonahmicahinguito/dev/rotaract-connect/node_modules/expo-modules-core/ios/Api/Factories/EventListenersFactories.swift /Users/jonahmicahinguito/dev/rotaract-connect/node_modules/expo-modules-core/ios/Core/Events/EventObservingDefinition.swift /Users/jonahmicahinguito/dev/rotaract-connect/node_modules/expo-modules-core/ios/Core/Exceptions/Exception.swift /Users/jonahmicahinguito/dev/rotaract-connect/node_modules/expo-modules-core/ios/Core/Exceptions/ExceptionOrigin.swift /Users/jonahmicahinguito/dev/rotaract-connect/node_modules/expo-modules-core/ios/Uuidv5/Exceptions.swift /Users/jonahmicahinguito/dev/rotaract-connect/node_modules/expo-modules-core/ios/AppDelegates/ExpoAppDelegateSubscriber.swift /Users/jonahmicahinguito/dev/rotaract-connect/node_modules/expo-modules-core/ios/AppDelegates/ExpoAppDelegateSubscriberManager.swift /Users/jonahmicahinguito/dev/rotaract-connect/node_modules/expo-modules-core/ios/AppDelegates/ExpoAppDelegateSubscriberRepository.swift /Users/jonahmicahinguito/dev/rotaract-connect/node_modules/expo-modules-core/ios/Fabric/ExpoFabricView.swift /Users/jonahmicahinguito/dev/rotaract-connect/node_modules/expo-modules-core/ios/ExpoModulesCore.swift /Users/jonahmicahinguito/dev/rotaract-connect/node_modules/expo-modules-core/ios/Core/ExpoModulesMacros.swift /Users/jonahmicahinguito/dev/rotaract-connect/node_modules/expo-modules-core/ios/ReactDelegates/ExpoReactDelegate.swift /Users/jonahmicahinguito/dev/rotaract-connect/node_modules/expo-modules-core/ios/ReactDelegates/ExpoReactDelegateHandler.swift /Users/jonahmicahinguito/dev/rotaract-connect/node_modules/expo-modules-core/ios/AppDelegates/ExpoReactNativeFactoryProtocol.swift /Users/jonahmicahinguito/dev/rotaract-connect/node_modules/expo-modules-core/ios/DevTools/ExpoRequestCdpInterceptor.swift /Users/jonahmicahinguito/dev/rotaract-connect/node_modules/expo-modules-core/ios/DevTools/ExpoRequestInterceptorProtocol.swift /Users/jonahmicahinguito/dev/rotaract-connect/node_modules/expo-modules-core/ios/Core/ExpoRuntime.swift /Users/jonahmicahinguito/dev/rotaract-connect/node_modules/expo-modules-core/ios/JS/ExpoRuntimeInstaller.swift /Users/jonahmicahinguito/dev/rotaract-connect/node_modules/expo-modules-core/ios/Core/Views/SwiftUI/ExpoSwiftUI.swift /Users/jonahmicahinguito/dev/rotaract-connect/node_modules/expo-modules-core/ios/Core/Views/SwiftUI/ExpoSystemColors.swift /Users/jonahmicahinguito/dev/rotaract-connect/node_modules/expo-modules-core/ios/Core/Views/ExpoView.swift /Users/jonahmicahinguito/dev/rotaract-connect/node_modules/expo-modules-core/ios/Core/Records/Field.swift /Users/jonahmicahinguito/dev/rotaract-connect/node_modules/expo-modules-core/ios/Core/Records/FieldExtensions.swift /Users/jonahmicahinguito/dev/rotaract-connect/node_modules/expo-modules-core/ios/Core/Records/FieldOption.swift /Users/jonahmicahinguito/dev/rotaract-connect/node_modules/expo-modules-core/ios/FileSystemUtilities/FileSystemManager.swift /Users/jonahmicahinguito/dev/rotaract-connect/node_modules/expo-modules-core/ios/FileSystemUtilities/FileSystemUtilities.swift /Users/jonahmicahinguito/dev/rotaract-connect/node_modules/expo-modules-core/ios/Core/Records/FormattedRecord.swift /Users/jonahmicahinguito/dev/rotaract-connect/node_modules/expo-modules-core/ios/Core/Records/Formatter.swift /Users/jonahmicahinguito/dev/rotaract-connect/node_modules/expo-modules-core/ios/Core/Exceptions/GenericException.swift /Users/jonahmicahinguito/dev/rotaract-connect/node_modules/expo-modules-core/ios/Core/TypedArrays/GenericTypedArray.swift /Users/jonahmicahinguito/dev/rotaract-connect/node_modules/expo-modules-core/ios/Core/Coding/JavaScriptCodable+Enumerable.swift /Users/jonahmicahinguito/dev/rotaract-connect/node_modules/expo-modules-core/ios/Core/Coding/JavaScriptCodable+Record.swift /Users/jonahmicahinguito/dev/rotaract-connect/node_modules/expo-modules-core/ios/Core/Coding/JavaScriptCodable+SharedObject.swift /Users/jonahmicahinguito/dev/rotaract-connect/node_modules/expo-modules-core/ios/Core/Coding/JavaScriptCodable+TypedArray.swift /Users/jonahmicahinguito/dev/rotaract-connect/node_modules/expo-modules-core/ios/Core/Objects/JavaScriptObjectBuilder.swift /Users/jonahmicahinguito/dev/rotaract-connect/node_modules/expo-modules-core/ios/Core/JavaScriptUtils.swift /Users/jonahmicahinguito/dev/rotaract-connect/node_modules/expo-modules-core/ios/Core/Modules/JSLoggerModule.swift /Users/jonahmicahinguito/dev/rotaract-connect/node_modules/expo-modules-core/ios/Core/JSValueDecoder.swift /Users/jonahmicahinguito/dev/rotaract-connect/node_modules/expo-modules-core/ios/Core/JSValueEncoder.swift /Users/jonahmicahinguito/dev/rotaract-connect/node_modules/expo-modules-core/ios/Core/Events/LegacyEventEmitterCompat.swift /Users/jonahmicahinguito/dev/rotaract-connect/node_modules/expo-modules-core/ios/Legacy/LegacyModuleRegistry.swift /Users/jonahmicahinguito/dev/rotaract-connect/node_modules/expo-modules-core/ios/Core/Logging/Logger.swift /Users/jonahmicahinguito/dev/rotaract-connect/node_modules/expo-modules-core/ios/Core/Logging/LoggerTimer.swift /Users/jonahmicahinguito/dev/rotaract-connect/node_modules/expo-modules-core/ios/Core/Logging/LogHandlers.swift /Users/jonahmicahinguito/dev/rotaract-connect/node_modules/expo-modules-core/ios/Core/Logging/LogType.swift /Users/jonahmicahinguito/dev/rotaract-connect/node_modules/expo-modules-core/ios/Core/MainValueConverter.swift /Users/jonahmicahinguito/dev/rotaract-connect/node_modules/expo-modules-core/ios/Core/Modules/Module.swift /Users/jonahmicahinguito/dev/rotaract-connect/node_modules/expo-modules-core/ios/Core/Modules/ModuleDefinition.swift /Users/jonahmicahinguito/dev/rotaract-connect/node_modules/expo-modules-core/ios/Core/Modules/ModuleDefinitionBuilder.swift /Users/jonahmicahinguito/dev/rotaract-connect/node_modules/expo-modules-core/ios/DevTools/ModuleDefinitionEncoder.swift /Users/jonahmicahinguito/dev/rotaract-connect/node_modules/expo-modules-core/ios/Api/Factories/ModuleFactories.swift /Users/jonahmicahinguito/dev/rotaract-connect/node_modules/expo-modules-core/ios/Core/ModuleHolder.swift /Users/jonahmicahinguito/dev/rotaract-connect/node_modules/expo-modules-core/ios/AppDelegates/ModulePriorities.swift /Users/jonahmicahinguito/dev/rotaract-connect/node_modules/expo-modules-core/ios/Core/ModuleRegistry.swift /Users/jonahmicahinguito/dev/rotaract-connect/node_modules/expo-modules-core/ios/Core/ModulesProvider.swift /Users/jonahmicahinguito/dev/rotaract-connect/node_modules/expo-modules-core/ios/Utilities/Mutex.swift /Users/jonahmicahinguito/dev/rotaract-connect/node_modules/expo-modules-core/ios/Core/ArrayBuffers/NativeArrayBuffer.swift /Users/jonahmicahinguito/dev/rotaract-connect/node_modules/expo-modules-core/ios/Platform/NSLabel.swift /Users/jonahmicahinguito/dev/rotaract-connect/node_modules/expo-modules-core/ios/Core/Objects/ObjectDefinition.swift /Users/jonahmicahinguito/dev/rotaract-connect/node_modules/expo-modules-core/ios/Api/Builders/ObjectDefinitionBuilder.swift /Users/jonahmicahinguito/dev/rotaract-connect/node_modules/expo-modules-core/ios/Api/Factories/ObjectFactories.swift /Users/jonahmicahinguito/dev/rotaract-connect/node_modules/expo-modules-core/ios/Core/Functions/OptimizedAsyncFunctionDefinition.swift /Users/jonahmicahinguito/dev/rotaract-connect/node_modules/expo-modules-core/ios/Core/Functions/OptimizedSyncFunctionDefinition.swift /Users/jonahmicahinguito/dev/rotaract-connect/node_modules/expo-modules-core/ios/Core/Logging/PersistentFileLog.swift /Users/jonahmicahinguito/dev/rotaract-connect/node_modules/expo-modules-core/ios/Platform/Platform.swift /Users/jonahmicahinguito/dev/rotaract-connect/node_modules/expo-modules-core/ios/Core/Promise.swift /Users/jonahmicahinguito/dev/rotaract-connect/node_modules/expo-modules-core/ios/Core/Objects/PropertyDefinition.swift /Users/jonahmicahinguito/dev/rotaract-connect/node_modules/expo-modules-core/ios/Api/Factories/PropertyFactories.swift /Users/jonahmicahinguito/dev/rotaract-connect/node_modules/expo-modules-core/ios/Core/Records/Record.swift /Users/jonahmicahinguito/dev/rotaract-connect/node_modules/expo-modules-core/ios/Utilities/SceneGeometry.swift /Users/jonahmicahinguito/dev/rotaract-connect/node_modules/expo-modules-core/ios/Core/SharedObjects/SharedObject.swift /Users/jonahmicahinguito/dev/rotaract-connect/node_modules/expo-modules-core/ios/Core/SharedObjects/SharedObjectNativeState.swift /Users/jonahmicahinguito/dev/rotaract-connect/node_modules/expo-modules-core/ios/Core/SharedObjects/SharedObjectRegistry.swift /Users/jonahmicahinguito/dev/rotaract-connect/node_modules/expo-modules-core/ios/Core/SharedObjects/SharedRef.swift /Users/jonahmicahinguito/dev/rotaract-connect/node_modules/expo-modules-core/ios/Core/Functions/StaticFunctionDefinition.swift /Users/jonahmicahinguito/dev/rotaract-connect/node_modules/expo-modules-core/ios/Api/Factories/StaticFunctionFactories.swift /Users/jonahmicahinguito/dev/rotaract-connect/node_modules/expo-modules-core/ios/Core/Views/SwiftUI/SwiftUIHostingView.swift /Users/jonahmicahinguito/dev/rotaract-connect/node_modules/expo-modules-core/ios/Core/Views/SwiftUI/SwiftUILayoutMetrics.swift /Users/jonahmicahinguito/dev/rotaract-connect/node_modules/expo-modules-core/ios/Core/Views/SwiftUI/SwiftUIShadowNodeProxy.swift /Users/jonahmicahinguito/dev/rotaract-connect/node_modules/expo-modules-core/ios/Core/Views/SwiftUI/SwiftUIViewDefinition.swift /Users/jonahmicahinguito/dev/rotaract-connect/node_modules/expo-modules-core/ios/Core/Views/SwiftUI/SwiftUIViewDefinitionBuilder.swift /Users/jonahmicahinguito/dev/rotaract-connect/node_modules/expo-modules-core/ios/Core/Views/SwiftUI/SwiftUIViewDefinitionDefaultProps.swift /Users/jonahmicahinguito/dev/rotaract-connect/node_modules/expo-modules-core/ios/Core/Views/SwiftUI/SwiftUIViewFrameObserver.swift /Users/jonahmicahinguito/dev/rotaract-connect/node_modules/expo-modules-core/ios/Core/Views/SwiftUI/SwiftUIViewHost.swift /Users/jonahmicahinguito/dev/rotaract-connect/node_modules/expo-modules-core/ios/Core/Views/SwiftUI/SwiftUIViewProps.swift /Users/jonahmicahinguito/dev/rotaract-connect/node_modules/expo-modules-core/ios/Core/Views/SwiftUI/SwiftUIVirtualView.swift /Users/jonahmicahinguito/dev/rotaract-connect/node_modules/expo-modules-core/ios/Core/Functions/SyncFunctionDefinition.swift /Users/jonahmicahinguito/dev/rotaract-connect/node_modules/expo-modules-core/ios/Api/Factories/SyncFunctionFactories.swift /Users/jonahmicahinguito/dev/rotaract-connect/node_modules/expo-modules-core/ios/Core/Views/SwiftUI/SystemMenuTouchGate.swift /Users/jonahmicahinguito/dev/rotaract-connect/node_modules/expo-modules-core/ios/Core/TypedArrays/TypedArray.swift /Users/jonahmicahinguito/dev/rotaract-connect/node_modules/expo-modules-core/ios/Core/Exceptions/UnexpectedException.swift /Users/jonahmicahinguito/dev/rotaract-connect/node_modules/expo-modules-core/ios/Core/Views/UnimplementedExpoView.swift /Users/jonahmicahinguito/dev/rotaract-connect/node_modules/expo-modules-core/ios/DevTools/URLAuthenticationChallengeForwardSender.swift /Users/jonahmicahinguito/dev/rotaract-connect/node_modules/expo-modules-core/ios/DevTools/URLRequest+httpBodyData.swift /Users/jonahmicahinguito/dev/rotaract-connect/node_modules/expo-modules-core/ios/DevTools/URLSessionSessionDelegateProxy.swift /Users/jonahmicahinguito/dev/rotaract-connect/node_modules/expo-modules-core/ios/Utilities/Utilities.swift /Users/jonahmicahinguito/dev/rotaract-connect/node_modules/expo-modules-core/ios/Uuidv5/Uuidv5.swift /Users/jonahmicahinguito/dev/rotaract-connect/node_modules/expo-modules-core/ios/Core/Arguments/ValueOrUndefined.swift /Users/jonahmicahinguito/dev/rotaract-connect/node_modules/expo-modules-core/ios/Core/Views/SwiftUI/View+Modifiers.swift /Users/jonahmicahinguito/dev/rotaract-connect/node_modules/expo-modules-core/ios/Core/Views/ViewDefinition.swift /Users/jonahmicahinguito/dev/rotaract-connect/node_modules/expo-modules-core/ios/Api/Builders/ViewDefinitionBuilder.swift /Users/jonahmicahinguito/dev/rotaract-connect/node_modules/expo-modules-core/ios/Api/Factories/ViewFactories.swift /Users/jonahmicahinguito/dev/rotaract-connect/node_modules/expo-modules-core/ios/Core/Views/ViewLifecycleMethod.swift /Users/jonahmicahinguito/dev/rotaract-connect/node_modules/expo-modules-core/ios/Core/Views/ViewModuleWrapper.swift (in target 'ExpoModulesCore' from project 'Pods')

CompileSwift normal arm64 (in target 'ExpoModulesCore' from project 'Pods')
    cd /Users/jonahmicahinguito/dev/rotaract-connect/ios/Pods
    

<module-includes>:1:9: note: in file included from <module-includes>:1:
#import "React-Core-umbrella.h"
        ^
/Users/jonahmicahinguito/dev/rotaract-connect/ios/Pods/Headers/Public/React/React-Core-umbrella.h:37:9: note: in file included from /Users/jonahmicahinguito/dev/rotaract-connect/ios/Pods/Headers/Public/React/React-Core-umbrella.h:37:
#import "React/RCTRedBox+Internal.h"
        ^
/Users/jonahmicahinguito/dev/rotaract-connect/ios/Pods/Headers/Public/React-Core/React/RCTRedBox+Internal.h:17:44: warning: pointer is missing a nullability type specifier (_Nonnull, _Nullable, or _Null_unspecified)
- (void)redBoxController:(UIViewController *)redBoxController openStackFrameInEditor:(RCTJSStackFrame *)stackFrame;
                                           ^
/Users/jonahmicahinguito/dev/rotaract-connect/ios/Pods/Headers/Public/React-Core/React/RCTRedBox+Internal.h:17:44: note: insert '_Nullable' if the pointer may be null
- (void)redBoxController:(UIViewController *)redBoxController openStackFrameInEditor:(RCTJSStackFrame *)stackFrame;
                                           ^
/Users/jonahmicahinguito/dev/rotaract-connect/ios/Pods/Headers/Public/React-Core/React/RCTRedBox+Internal.h:17:44: note: insert '_Nonnull' if the pointer should never be null
- (void)redBoxController:(UIViewController *)redBoxController openStackFrameInEditor:(RCTJSStackFrame *)stackFrame;
                                           ^
<module-includes>:1:9: note: in file included from <module-includes>:1:
#import "React-Core-umbrella.h"
        ^
/Users/jonahmicahinguito/dev/rotaract-connect/ios/Pods/Headers/Public/React/React-Core-umbrella.h:40:9: note: in file included from /Users/jonahmicahinguito/dev/rotaract-connect/ios/Pods/Headers/Public/React/React-Core-umbrella.h:40:
#import "React/RCTRedBox2Controller+Internal.h"
        ^
/Users/jonahmicahinguito/dev/rotaract-connect/ios/Pods/Headers/Public/React-Core/React/RCTRedBox2Controller+Internal.h:20:4: warning: pointer is missing a nullability type specifier (_Nonnull, _Nullable, or _Null_unspecified)
- (instancetype)initWithCustomButtonTitles:(NSArray<NSString *> *)customButtonTitles
   ^
/Users/jonahmicahinguito/dev/rotaract-connect/ios/Pods/Headers/Public/React-Core/React/RCTRedBox2Controller+Internal.h:20:4: note: insert '_Nullable' if the pointer may be null
- (instancetype)initWithCustomButtonTitles:(NSArray<NSString *> *)customButtonTitles
   ^
/Users/jonahmicahinguito/dev/rotaract-connect/ios/Pods/Headers/Public/React-Core/React/RCTRedBox2Controller+Internal.h:20:4: note: insert '_Nonnull' if the pointer should never be null
- (instancetype)initWithCustomButtonTitles:(NSArray<NSString *> *)customButtonTitles
   ^
<module-includes>:1:9: note: in file included from <module-includes>:1:
#import "React-Core-umbrella.h"
        ^
/Users/jonahmicahinguito/dev/rotaract-connect/ios/Pods/Headers/Public/React/React-Core-umbrella.h:41:9: note: in file included from /Users/jonahmicahinguito/dev/rotaract-connect/ios/Pods/Headers/Public/React/React-Core-umbrella.h:41:
#import "React/RCTRedBox2ErrorParser+Internal.h"
        ^
/Users/jonahmicahinguito/dev/rotaract-connect/ios/Pods/Headers/Public/React-Core/React/RCTRedBox2ErrorParser+Internal.h:17:38: warning: pointer is missing a nullability type specifier (_Nonnull, _Nullable, or _Null_unspecified)
@property (nonatomic, copy) NSString *title;
                                     ^
/Users/jonahmicahinguito/dev/rotaract-connect/ios/Pods/Headers/Public/React-Core/React/RCTRedBox2ErrorParser+Internal.h:17:38: note: insert '_Nullable' if the pointer may be null
@property (nonatomic, copy) NSString *title;
                                     ^
/Users/jonahmicahinguito/dev/rotaract-connect/ios/Pods/Headers/Public/React-Core/React/RCTRedBox2ErrorParser+Internal.h:17:38: note: insert '_Nonnull' if the pointer should never be null
@property (nonatomic, copy) NSString *title;
                                     ^
<module-includes>:1:9: note: in file included from <module-includes>:1:
#import "React-Core-umbrella.h"
        ^
/Users/jonahmicahinguito/dev/rotaract-connect/ios/Pods/Headers/Public/React/React-Core-umbrella.h:41:9: note: in file included from /Users/jonahmicahinguito/dev/rotaract-connect/ios/Pods/Headers/Public/React/React-Core-umbrella.h:41:
#import "React/RCTRedBox2ErrorParser+Internal.h"
        ^
/Users/jonahmicahinguito/dev/rotaract-connect/ios/Pods/Headers/Public/React-Core/React/RCTRedBox2ErrorParser+Internal.h:41:24: warning: pointer is missing a nullability type specifier (_Nonnull, _Nullable, or _Null_unspecified)
+ (RCTRedBox2ErrorData *)parseErrorMessage:(NSString *)message
                       ^
/Users/jonahmicahinguito/dev/rotaract-connect/ios/Pods/Headers/Public/React-Core/React/RCTRedBox2ErrorParser+Internal.h:41:24: note: insert '_Nullable' if the pointer may be null
+ (RCTRedBox2ErrorData *)parseErrorMessage:(NSString *)message
                       ^
/Users/jonahmicahinguito/dev/rotaract-connect/ios/Pods/Headers/Public/React-Core/React/RCTRedBox2ErrorParser+Internal.h:41:24: note: insert '_Nonnull' if the pointer should never be null
+ (RCTRedBox2ErrorData *)parseErrorMessage:(NSString *)message
                       ^
<module-includes>:1:9: note: in file included from <module-includes>:1:
#import "React-Core-umbrella.h"
        ^
/Users/jonahmicahinguito/dev/rotaract-connect/ios/Pods/Headers/Public/React/React-Core-umbrella.h:41:9: note: in file included from /Users/jonahmicahinguito/dev/rotaract-connect/ios/Pods/Headers/Public/React/React-Core-umbrella.h:41:
#import "React/RCTRedBox2ErrorParser+Internal.h"
        ^
/Users/jonahmicahinguito/dev/rotaract-connect/ios/Pods/Headers/Public/React-Core/React/RCTRedBox2ErrorParser+Internal.h:41:54: warning: pointer is missing a nullability type specifier (_Nonnull, _Nullable, or _Null_unspecified)
+ (RCTRedBox2ErrorData *)parseErrorMessage:(NSString *)message
                                                     ^
/Users/jonahmicahinguito/dev/rotaract-connect/ios/Pods/Headers/Public/React-Core/React/RCTRedBox2ErrorParser+Internal.h:41:54: note: insert '_Nullable' if the pointer may be null
+ (RCTRedBox2ErrorData *)parseErrorMessage:(NSString *)message
                                                     ^
/Users/jonahmicahinguito/dev/rotaract-connect/ios/Pods/Headers/Public/React-Core/React/RCTRedBox2ErrorParser+Internal.h:41:54: note: insert '_Nonnull' if the pointer should never be null
+ (RCTRedBox2ErrorData *)parseErrorMessage:(NSString *)message
                                                     ^
<module-includes>:1:9: note: in file included from <module-includes>:1:
#import "React-Core-umbrella.h"
        ^
/Users/jonahmicahinguito/dev/rotaract-connect/ios/Pods/Headers/Public/React/React-Core-umbrella.h:47:9: note: in file included from /Users/jonahmicahinguito/dev/rotaract-connect/ios/Pods/Headers/Public/React/React-Core-umbrella.h:47:
#import "React/RCTWebSocketModule.h"
        ^
/Users/jonahmicahinguito/dev/rotaract-connect/ios/Pods/Headers/Public/React-Core/React/RCTWebSocketModule.h:23:21: warning: pointer is missing a nullability type specifier (_Nonnull, _Nullable, or _Null_unspecified)
typedef SRWebSocket * (^SRWebSocketProvider)(NSURLRequest *request);
                    ^
/Users/jonahmicahinguito/dev/rotaract-connect/ios/Pods/Headers/Public/React-Core/React/RCTWebSocketModule.h:23:21: note: insert '_Nullable' if the pointer may be null
typedef SRWebSocket * (^SRWebSocketProvider)(NSURLRequest *request);
                    ^
/Users/jonahmicahinguito/dev/rotaract-connect/ios/Pods/Headers/Public/React-Core/React/RCTWebSocketModule.h:23:21: note: insert '_Nonnull' if the pointer should never be null
typedef SRWebSocket * (^SRWebSocketProvider)(NSURLRequest *request);
                    ^
<module-includes>:1:9: note: in file included from <module-includes>:1:
#import "React-Core-umbrella.h"
        ^
/Users/jonahmicahinguito/dev/rotaract-connect/ios/Pods/Headers/Public/React/React-Core-umbrella.h:87:9: note: in file included from /Users/jonahmicahinguito/dev/rotaract-connect/ios/Pods/Headers/Public/React/React-Core-umbrella.h:87:
#import "React/RCTMultipartDataTask.h"
        ^
/Users/jonahmicahinguito/dev/rotaract-connect/ios/Pods/Headers/Public/React-Core/React/RCTMultipartDataTask.h:15:18: warning: pointer is missing a nullability type specifier (_Nonnull, _Nullable, or _Null_unspecified)
    NSDictionary *headers,
                 ^
/Users/jonahmicahinguito/dev/rotaract-connect/ios/Pods/Headers/Public/React-Core/React/RCTMultipartDataTask.h:15:18: note: insert '_Nullable' if the pointer may be null
    NSDictionary *headers,
                 ^
/Users/jonahmicahinguito/dev/rotaract-connect/ios/Pods/Headers/Public/React-Core/React/RCTMultipartDataTask.h:15:18: note: insert '_Nonnull' if the pointer should never be null
    NSDictionary *headers,
                 ^
<module-includes>:1:9: note: in file included from <module-includes>:1:
#import "React-Core-umbrella.h"
        ^
/Users/jonahmicahinguito/dev/rotaract-connect/ios/Pods/Headers/Public/React/React-Core-umbrella.h:87:9: note: in file included from /Users/jonahmicahinguito/dev/rotaract-connect/ios/Pods/Headers/Public/React/React-Core-umbrella.h:87:
#import "React/RCTMultipartDataTask.h"
        ^
/Users/jonahmicahinguito/dev/rotaract-connect/ios/Pods/Headers/Public/React-Core/React/RCTMultipartDataTask.h:26:65: warning: block pointer is missing a nullability type specifier (_Nonnull, _Nullable, or _Null_unspecified)
RCT_EXTERN void RCTSetCustomMultipartDataTaskRequestInterceptor(RCTMultipartDataTaskRequestInterceptor /*interceptor*/);
                                                                ^
/Users/jonahmicahinguito/dev/rotaract-connect/ios/Pods/Headers/Public/React-Core/React/RCTMultipartDataTask.h:26:65: note: insert '_Nullable' if the block pointer may be null
RCT_EXTERN void RCTSetCustomMultipartDataTaskRequestInterceptor(RCTMultipartDataTaskRequestInterceptor /*interceptor*/);
                                                                ^
/Users/jonahmicahinguito/dev/rotaract-connect/ios/Pods/Headers/Public/React-Core/React/RCTMultipartDataTask.h:26:65: note: insert '_Nonnull' if the block pointer should never be null
RCT_EXTERN void RCTSetCustomMultipartDataTaskRequestInterceptor(RCTMultipartDataTaskRequestInterceptor /*interceptor*/);
                                                                ^
<module-includes>:1:9: note: in file included from <module-includes>:1:
#import "React-Core-umbrella.h"
        ^
/Users/jonahmicahinguito/dev/rotaract-connect/ios/Pods/Headers/Public/React/React-Core-umbrella.h:87:9: note: in file included from /Users/jonahmicahinguito/dev/rotaract-connect/ios/Pods/Headers/Public/React/React-Core-umbrella.h:87:
#import "React/RCTMultipartDataTask.h"
        ^
/Users/jonahmicahinguito/dev/rotaract-connect/ios/Pods/Headers/Public/React-Core/React/RCTMultipartDataTask.h:30:4: warning: pointer is missing a nullability type specifier (_Nonnull, _Nullable, or _Null_unspecified)
- (instancetype)initWithURL:(NSURL *)url
   ^
/Users/jonahmicahinguito/dev/rotaract-connect/ios/Pods/Headers/Public/React-Core/React/RCTMultipartDataTask.h:30:4: note: insert '_Nullable' if the pointer may be null
- (instancetype)initWithURL:(NSURL *)url
   ^
/Users/jonahmicahinguito/dev/rotaract-connect/ios/Pods/Headers/Public/React-Core/React/RCTMultipartDataTask.h:30:4: note: insert '_Nonnull' if the pointer should never be null
- (instancetype)initWithURL:(NSURL *)url
   ^
<module-includes>:1:9: note: in file included from <module-includes>:1:
#import "React-Core-umbrella.h"
        ^
/Users/jonahmicahinguito/dev/rotaract-connect/ios/Pods/Headers/Public/React/React-Core-umbrella.h:87:9: note: in file included from /Users/jonahmicahinguito/dev/rotaract-connect/ios/Pods/Headers/Public/React/React-Core-umbrella.h:87:
#import "React/RCTMultipartDataTask.h"
        ^
/Users/jonahmicahinguito/dev/rotaract-connect/ios/Pods/Headers/Public/React-Core/React/RCTMultipartDataTask.h:30:36: warning: pointer is missing a nullability type specifier (_Nonnull, _Nullable, or _Null_unspecified)
- (instancetype)initWithURL:(NSURL *)url
                                   ^
/Users/jonahmicahinguito/dev/rotaract-connect/ios/Pods/Headers/Public/React-Core/React/RCTMultipartDataTask.h:30:36: note: insert '_Nullable' if the pointer may be null
- (instancetype)initWithURL:(NSURL *)url
                                   ^
/Users/jonahmicahinguito/dev/rotaract-connect/ios/Pods/Headers/Public/React-Core/React/RCTMultipartDataTask.h:30:36: note: insert '_Nonnull' if the pointer should never be null
- (instancetype)initWithURL:(NSURL *)url
                                   ^
<module-includes>:1:9: note: in file included from <module-includes>:1:
#import "React-Core-umbrella.h"
        ^
/Users/jonahmicahinguito/dev/rotaract-connect/ios/Pods/Headers/Public/React/React-Core-umbrella.h:87:9: note: in file included from /Users/jonahmicahinguito/dev/rotaract-connect/ios/Pods/Headers/Public/React/React-Core-umbrella.h:87:
#import "React/RCTMultipartDataTask.h"
        ^
/Users/jonahmicahinguito/dev/rotaract-connect/ios/Pods/Headers/Public/React-Core/React/RCTMultipartDataTask.h:31:30: warning: block pointer is missing a nullability type specifier (_Nonnull, _Nullable, or _Null_unspecified)
                partHandler:(RCTMultipartDataTaskCallback)partHandler
                             ^
/Users/jonahmicahinguito/dev/rotaract-connect/ios/Pods/Headers/Public/React-Core/React/RCTMultipartDataTask.h:31:30: note: insert '_Nullable' if the block pointer may be null
                partHandler:(RCTMultipartDataTaskCallback)partHandler
                             ^
/Users/jonahmicahinguito/dev/rotaract-connect/ios/Pods/Headers/Public/React-Core/React/RCTMultipartDataTask.h:31:30: note: insert '_Nonnull' if the block pointer should never be null
                partHandler:(RCTMultipartDataTaskCallback)partHandler
                             ^
<module-includes>:1:9: note: in file included from <module-includes>:1:
#import "React-Core-umbrella.h"
        ^
/Users/jonahmicahinguito/dev/rotaract-connect/ios/Pods/Headers/Public/React/React-Core-umbrella.h:87:9: note: in file included from /Users/jonahmicahinguito/dev/rotaract-connect/ios/Pods/Headers/Public/React/React-Core-umbrella.h:87:
#import "React/RCTMultipartDataTask.h"
        ^
/Users/jonahmicahinguito/dev/rotaract-connect/ios/Pods/Headers/Public/React-Core/React/RCTMultipartDataTask.h:32:30: warning: block pointer is missing a nullability type specifier (_Nonnull, _Nullable, or _Null_unspecified)
            progressHandler:(RCTMultipartProgressCallback)progressHandler;
                             ^
/Users/jonahmicahinguito/dev/rotaract-connect/ios/Pods/Headers/Public/React-Core/React/RCTMultipartDataTask.h:32:30: note: insert '_Nullable' if the block pointer may be null
            progressHandler:(RCTMultipartProgressCallback)progressHandler;
                             ^
/Users/jonahmicahinguito/dev/rotaract-connect/ios/Pods/Headers/Public/React-Core/React/RCTMultipartDataTask.h:32:30: note: insert '_Nonnull' if the block pointer should never be null
            progressHandler:(RCTMultipartProgressCallback)progressHandler;
                             ^
<module-includes>:1:9: note: in file included from <module-includes>:1:
#import "React-Core-umbrella.h"
        ^
/Users/jonahmicahinguito/dev/rotaract-connect/ios/Pods/Headers/Public/React/React-Core-umbrella.h:150:9: note: in file included from /Users/jonahmicahinguito/dev/rotaract-connect/ios/Pods/Headers/Public/React/React-Core-umbrella.h:150:
#import "React/RCTModalHostView.h"
        ^
/Users/jonahmicahinguito/dev/rotaract-connect/ios/Pods/Headers/Public/React-Core/React/RCTModalHostView.h:55:31: warning: 'RCTModalHostView' is deprecated: This API will be removed along with the legacy architecture.
- (void)presentModalHostView:(RCTModalHostView *)modalHostView
                              ^
/Users/jonahmicahinguito/dev/rotaract-connect/ios/Pods/Headers/Public/React-Core/React/RCTModalHostView.h:21:16: note: 'RCTModalHostView' has been explicitly marked deprecated here
__attribute__((deprecated("This API will be removed along with the legacy architecture.")))
               ^
<module-includes>:1:9: note: in file included from <module-includes>:1:
#import "React-Core-umbrella.h"
        ^
/Users/jonahmicahinguito/dev/rotaract-connect/ios/Pods/Headers/Public/React/React-Core-umbrella.h:150:9: note: in file included from /Users/jonahmicahinguito/dev/rotaract-connect/ios/Pods/Headers/Public/React/React-Core-umbrella.h:150:
#import "React/RCTModalHostView.h"
        ^
/Users/jonahmicahinguito/dev/rotaract-connect/ios/Pods/Headers/Public/React-Core/React/RCTModalHostView.h:58:31: warning: 'RCTModalHostView' is deprecated: This API will be removed along with the legacy architecture.
- (void)dismissModalHostView:(RCTModalHostView *)modalHostView
                              ^
/Users/jonahmicahinguito/dev/rotaract-connect/ios/Pods/Headers/Public/React-Core/React/RCTModalHostView.h:21:16: note: 'RCTModalHostView' has been explicitly marked deprecated here
__attribute__((deprecated("This API will be removed along with the legacy architecture.")))
               ^
<module-includes>:1:9: note: in file included from <module-includes>:1:
#import "React-Core-umbrella.h"
        ^
/Users/jonahmicahinguito/dev/rotaract-connect/ios/Pods/Headers/Public/React/React-Core-umbrella.h:156:9: note: in file included from /Users/jonahmicahinguito/dev/rotaract-connect/ios/Pods/Headers/Public/React/React-Core-umbrella.h:156:
#import "React/RCTShadowView+Internal.h"
        ^
/Users/jonahmicahinguito/dev/rotaract-connect/ios/Pods/Headers/Public/React-Core/React/RCTShadowView+Internal.h:16:40: warning: 'RCTRootShadowView' is deprecated: This API will be removed along with the legacy architecture.
@property (nonatomic, weak, readwrite) RCTRootShadowView *rootView;
                                       ^
/Users/jonahmicahinguito/dev/rotaract-connect/ios/Pods/Headers/Public/React-Core/React/RCTRootShadowView.h:11:16: note: 'RCTRootShadowView' has been explicitly marked deprecated here
__attribute__((deprecated("This API will be removed along with the legacy architecture.")))
               ^
<module-includes>:1:9: note: in file included from <module-includes>:1:
#import "React-Core-umbrella.h"
        ^
/Users/jonahmicahinguito/dev/rotaract-connect/ios/Pods/Headers/Public/React/React-Core-umbrella.h:247:9: note: in file included from /Users/jonahmicahinguito/dev/rotaract-connect/ios/Pods/Headers/Public/React/React-Core-umbrella.h:247:
#import "React/RCTHTTPRequestHandler.h"
        ^
/Users/jonahmicahinguito/dev/rotaract-connect/ios/Pods/Headers/Public/React-Core/React/RCTHTTPRequestHandler.h:11:35: warning: pointer is missing a nullability type specifier (_Nonnull, _Nullable, or _Null_unspecified)
typedef NSURLSessionConfiguration * (^NSURLSessionConfigurationProvider)(void);
                                  ^
/Users/jonahmicahinguito/dev/rotaract-connect/ios/Pods/Headers/Public/React-Core/React/RCTHTTPRequestHandler.h:11:35: note: insert '_Nullable' if the pointer may be null
typedef NSURLSessionConfiguration * (^NSURLSessionConfigurationProvider)(void);
                                  ^
/Users/jonahmicahinguito/dev/rotaract-connect/ios/Pods/Headers/Public/React-Core/React/RCTHTTPRequestHandler.h:11:35: note: insert '_Nonnull' if the pointer should never be null
typedef NSURLSessionConfiguration * (^NSURLSessionConfigurationProvider)(void);
                                  ^
<module-includes>:1:9: note: in file included from <module-includes>:1:
#import "React-Core-umbrella.h"
        ^
/Users/jonahmicahinguito/dev/rotaract-connect/ios/Pods/Headers/Public/React/React-Core-umbrella.h:247:9: note: in file included from /Users/jonahmicahinguito/dev/rotaract-connect/ios/Pods/Headers/Public/React/React-Core-umbrella.h:247:
#import "React/RCTHTTPRequestHandler.h"
        ^
/Users/jonahmicahinguito/dev/rotaract-connect/ios/Pods/Headers/Public/React-Core/React/RCTHTTPRequestHandler.h:24:52: warning: block pointer is missing a nullability type specifier (_Nonnull, _Nullable, or _Null_unspecified)
RCT_EXTERN void RCTSetCustomHTTPRequestInterceptor(RCTHTTPRequestInterceptor /*interceptor*/);
                                                   ^
/Users/jonahmicahinguito/dev/rotaract-connect/ios/Pods/Headers/Public/React-Core/React/RCTHTTPRequestHandler.h:24:52: note: insert '_Nullable' if the block pointer may be null
RCT_EXTERN void RCTSetCustomHTTPRequestInterceptor(RCTHTTPRequestInterceptor /*interceptor*/);
                                                   ^
/Users/jonahmicahinguito/dev/rotaract-connect/ios/Pods/Headers/Public/React-Core/React/RCTHTTPRequestHandler.h:24:52: note: insert '_Nonnull' if the block pointer should never be null
RCT_EXTERN void RCTSetCustomHTTPRequestInterceptor(RCTHTTPRequestInterceptor /*interceptor*/);
                                                   ^
/Users/jonahmicahinguito/dev/rotaract-connect/node_modules/expo-modules-core/ios/Core/AppContext.swift:784:43: warning: converting non-Sendable function value to '@MainActor @Sendable @convention(block) () -> Void' may introduce data races
        DispatchQueue.main.async(execute: trigger)
                                          ^
/Users/jonahmicahinguito/dev/rotaract-connect/node_modules/expo-modules-core/ios/Core/Functions/AsyncFunctionDefinition.swift:164:23: warning: capture of 'arguments' with non-Sendable type '[Any]' in a '@Sendable' closure
        let viewTag = arguments.first as? Int,
                      ^
/Users/jonahmicahinguito/dev/rotaract-connect/node_modules/expo-modules-core/ios/Core/Functions/AsyncFunctionDefinition.swift:170:136: warning: capture of 'block' with non-Sendable type '() -> Void' in a '@Sendable' closure
        self.dispatchOnQueueUntilViewRegisters(appContext: appContext, arguments: arguments, queue: queue, retryCount: retryCount + 1, block)
                                                                                                                                       ^
/Users/jonahmicahinguito/dev/rotaract-connect/node_modules/expo-modules-core/ios/Core/Functions/AsyncFunctionDefinition.swift:170:136: note: a function type must be marked '@Sendable' to conform to 'Sendable'
        self.dispatchOnQueueUntilViewRegisters(appContext: appContext, arguments: arguments, queue: queue, retryCount: retryCount + 1, block)
                                                                                                                                       ^
/Users/jonahmicahinguito/dev/rotaract-connect/node_modules/expo-modules-core/ios/Core/Exceptions/CommonExceptions.swift:10:22: warning: class 'AppContextLost' must restate inherited '@unchecked Sendable' conformance
  public final class AppContextLost: Exception {
                     ^
                                              , @unchecked Sendable
/Users/jonahmicahinguito/dev/rotaract-connect/node_modules/expo-modules-core/ios/Core/Exceptions/CommonExceptions.swift:19:22: warning: class 'RuntimeLost' must restate inherited '@unchecked Sendable' conformance
  public final class RuntimeLost: Exception {
                     ^
                                           , @unchecked Sendable
/Users/jonahmicahinguito/dev/rotaract-connect/node_modules/expo-modules-core/ios/Core/Exceptions/CommonExceptions.swift:28:22: warning: class 'UIRuntimeLost' must restate inherited '@unchecked Sendable' conformance
  public final class UIRuntimeLost: Exception {
                     ^
                                             , @unchecked Sendable
/Users/jonahmicahinguito/dev/rotaract-connect/node_modules/expo-modules-core/ios/Core/Exceptions/CommonExceptions.swift:37:22: warning: class 'AppContextNotFound' must restate inherited '@unchecked Sendable' conformance
  public final class AppContextNotFound: Exception {
                     ^
                                                  , @unchecked Sendable
/Users/jonahmicahinguito/dev/rotaract-connect/node_modules/expo-modules-core/ios/Core/Exceptions/CommonExceptions.swift:46:22: warning: class 'SimulatorNotSupported' must restate inherited '@unchecked Sendable' conformance
  public final class SimulatorNotSupported: Exception {
                     ^
                                                     , @unchecked Sendable
/Users/jonahmicahinguito/dev/rotaract-connect/node_modules/expo-modules-core/ios/Core/Exceptions/CommonExceptions.swift:55:22: warning: class 'ViewNotFound' must restate inherited '@unchecked Sendable' conformance
  public final class ViewNotFound<ViewType: UIView>: GenericException<(tag: Int, type: ViewType.Type)> {
                     ^
                                                                                                      , @unchecked Sendable
/Users/jonahmicahinguito/dev/rotaract-connect/node_modules/expo-modules-core/ios/Core/Exceptions/CommonExceptions.swift:60:22: warning: class 'SwiftUIViewNotFound' must restate inherited '@unchecked Sendable' conformance
  public final class SwiftUIViewNotFound<ViewType: ExpoSwiftUIView>: GenericException<(tag: Int, type: ViewType.Type)> {
                     ^
                                                                                                                      , @unchecked Sendable
/Users/jonahmicahinguito/dev/rotaract-connect/node_modules/expo-modules-core/ios/Core/Exceptions/CommonExceptions.swift:72:22: warning: class 'ArgumentsRangeMismatch' must restate inherited '@unchecked Sendable' conformance
  public final class ArgumentsRangeMismatch: GenericException<(functionName: String, received: Int, required: Int, maximum: Int)> {
                     ^
                                                                                                                                 , @unchecked Sendable
/Users/jonahmicahinguito/dev/rotaract-connect/node_modules/expo-modules-core/ios/Core/Exceptions/CommonExceptions.swift:84:22: warning: class 'FileSystemModuleNotFound' must restate inherited '@unchecked Sendable' conformance
  public final class FileSystemModuleNotFound: Exception {
                     ^
                                                        , @unchecked Sendable
/Users/jonahmicahinguito/dev/rotaract-connect/node_modules/expo-modules-core/ios/Core/Exceptions/CommonExceptions.swift:95:22: warning: class 'PermissionsModuleNotFound' must restate inherited '@unchecked Sendable' conformance
  public final class PermissionsModuleNotFound: Exception {
                     ^
                                                         , @unchecked Sendable
/Users/jonahmicahinguito/dev/rotaract-connect/node_modules/expo-modules-core/ios/Utilities/ConstantsProvider.swift:51:44: warning: 'statusBarFrame' was deprecated in iOS 13.0: Use the statusBarManager property of the window scene instead.
  let statusBarSize = UIApplication.shared.statusBarFrame.size
                                           ^
/Users/jonahmicahinguito/dev/rotaract-connect/node_modules/expo-modules-core/ios/Core/Conversions.swift:230:18: warning: class 'TooManyArgumentsException' must restate inherited '@unchecked Sendable' conformance
  internal class TooManyArgumentsException: GenericException<(count: Int, limit: Int)> {
                 ^
                                                                                      , @unchecked Sendable
/Users/jonahmicahinguito/dev/rotaract-connect/node_modules/expo-modules-core/ios/Core/Conversions.swift:239:24: warning: class 'ConversionToJSFailedException' must restate inherited '@unchecked Sendable' conformance
  internal final class ConversionToJSFailedException: GenericException<(kind: JavaScriptValue.Kind, nativeType: Any.Type)> {
                       ^
                                                                                                                          , @unchecked Sendable
/Users/jonahmicahinguito/dev/rotaract-connect/node_modules/expo-modules-core/ios/Core/Conversions.swift:251:24: warning: class 'ConversionToNativeFailedException' must restate inherited '@unchecked Sendable' conformance
  internal final class ConversionToNativeFailedException: GenericException<(kind: JavaScriptValue.Kind, nativeType: Any.Type)> {
                       ^
                                                                                                                              , @unchecked Sendable
/Users/jonahmicahinguito/dev/rotaract-connect/node_modules/expo-modules-core/ios/Core/Conversions.swift:263:16: warning: class 'ConvertingException' must restate inherited '@unchecked Sendable' conformance
  public class ConvertingException<TargetType>: GenericException<Any?> {
               ^
                                                                      , @unchecked Sendable
/Users/jonahmicahinguito/dev/rotaract-connect/node_modules/expo-modules-core/ios/Core/Conversions.swift:275:18: warning: class 'CastingException' must restate inherited '@unchecked Sendable' conformance
  internal class CastingException<TargetType>: GenericException<Any> {
                 ^
                                                                    , @unchecked Sendable
/Users/jonahmicahinguito/dev/rotaract-connect/node_modules/expo-modules-core/ios/Core/Conversions.swift:306:18: warning: class 'CastingValuesException' must restate inherited '@unchecked Sendable' conformance
  internal class CastingValuesException<ValueType>: GenericException<[String]> {
                 ^
                                                                              , @unchecked Sendable
/Users/jonahmicahinguito/dev/rotaract-connect/node_modules/expo-modules-core/ios/Core/Conversions.swift:319:18: warning: class 'MissingKeysException' must restate inherited '@unchecked Sendable' conformance
  internal class MissingKeysException<ValueType>: GenericException<[String]> {
                 ^
                                                                            , @unchecked Sendable
/Users/jonahmicahinguito/dev/rotaract-connect/node_modules/expo-modules-core/ios/Core/Conversions.swift:328:18: warning: class 'NullCastException' must restate inherited '@unchecked Sendable' conformance
  internal class NullCastException<TargetType>: Exception {
                 ^
                                                         , @unchecked Sendable
/Users/jonahmicahinguito/dev/rotaract-connect/node_modules/expo-modules-core/ios/Core/Conversions.swift:121:30: warning: use of protocol 'Record' as a type must be written 'any Record'; this will be an error in a future Swift language mode
    if let value = value as? Record {
                             ^~~~~~
                             (any Record)
/Users/jonahmicahinguito/dev/rotaract-connect/node_modules/expo-modules-core/ios/Core/Conversions.swift:124:31: warning: use of protocol 'Record' as a type must be written 'any Record'; this will be an error in a future Swift language mode
    if let value = value as? [Record] {
                              ^~~~~~
                              any Record
/Users/jonahmicahinguito/dev/rotaract-connect/node_modules/expo-modules-core/ios/Core/Arguments/Convertibles.swift:49:16: warning: class 'UrlContainsInvalidCharactersException' must restate inherited '@unchecked Sendable' conformance
internal class UrlContainsInvalidCharactersException: Exception {
               ^
                                                               , @unchecked Sendable
/Users/jonahmicahinguito/dev/rotaract-connect/node_modules/expo-modules-core/ios/Core/DynamicTypes/DynamicArrayBufferType.swift:6:7: warning: stored property 'innerType' of 'Sendable'-conforming struct 'DynamicArrayBufferType' has non-Sendable type 'any AnyArrayBuffer.Type'
  let innerType: any AnyArrayBuffer.Type
      ^
/Users/jonahmicahinguito/dev/rotaract-connect/node_modules/expo-modules-core/ios/Core/DynamicTypes/DynamicConvertibleType.swift:9:7: warning: stored property 'innerType' of 'Sendable'-conforming struct 'DynamicConvertibleType' has non-Sendable type 'any Convertible.Type'
  let innerType: Convertible.Type
      ^
/Users/jonahmicahinguito/dev/rotaract-connect/node_modules/expo-modules-core/ios/Core/DynamicTypes/DynamicConvertibleType.swift:29:48: warning: 'getAny()' is deprecated: Use typed accessors (getBool, getInt, getString, getObject, getArray) instead
    return try innerType.convert(from: jsValue.getAny(), appContext: appContext)
                                               ^
/Users/jonahmicahinguito/dev/rotaract-connect/node_modules/expo-modules-core/ios/Core/DynamicTypes/DynamicDataType.swift:16:17: warning: cast from 'any AnyDynamicType' to unrelated type 'Data.Type' always fails
    return type is Data.Type
           ~~~~ ^  ~~~~~~~~~
/Users/jonahmicahinguito/dev/rotaract-connect/node_modules/expo-modules-core/ios/Core/DynamicTypes/DynamicEitherType.swift:6:7: warning: stored property 'eitherType' of 'Sendable'-conforming generic struct 'DynamicEitherType' has non-Sendable type 'EitherType.Type'
  let eitherType: EitherType.Type
      ^
/Users/jonahmicahinguito/dev/rotaract-connect/node_modules/expo-modules-core/ios/Core/DynamicTypes/DynamicEnumType.swift:9:7: warning: stored property 'innerType' of 'Sendable'-conforming struct 'DynamicEnumType' has non-Sendable type 'any Enumerable.Type'
  let innerType: any Enumerable.Type
      ^
/Users/jonahmicahinguito/dev/rotaract-connect/node_modules/expo-modules-core/ios/Core/DynamicTypes/DynamicRawType.swift:21:29: warning: 'getAny()' is deprecated: Use typed accessors (getBool, getInt, getString, getObject, getArray) instead
    return try cast(jsValue.getAny(), appContext: appContext)
                            ^
/Users/jonahmicahinguito/dev/rotaract-connect/node_modules/expo-modules-core/ios/Core/DynamicTypes/DynamicSharedObjectType.swift:9:7: warning: stored property 'innerType' of 'Sendable'-conforming struct 'DynamicSharedObjectType' has non-Sendable type 'any AnySharedObject.Type'
  let innerType: AnySharedObject.Type
      ^
/Users/jonahmicahinguito/dev/rotaract-connect/node_modules/expo-modules-core/ios/Core/DynamicTypes/DynamicSwiftUIViewType.swift:6:7: warning: stored property 'innerType' of 'Sendable'-conforming generic struct 'DynamicSwiftUIViewType' has non-Sendable type 'ViewType.Type'
  let innerType: ViewType.Type
      ^
/Users/jonahmicahinguito/dev/rotaract-connect/node_modules/expo-modules-core/ios/Core/DynamicTypes/DynamicSwiftUIViewType.swift:47:21: warning: main actor-isolated property 'contentView' can not be referenced from a nonisolated context
        return view.contentView
                    ^
/Users/jonahmicahinguito/dev/rotaract-connect/node_modules/expo-modules-core/ios/Core/Views/SwiftUI/SwiftUIVirtualView.swift:35:9: note: property declared here
    let contentView: ContentView
        ^
/Users/jonahmicahinguito/dev/rotaract-connect/node_modules/expo-modules-core/ios/Core/DynamicTypes/DynamicSwiftUIViewType.swift:50:21: warning: main actor-isolated property 'contentView' can not be referenced from a nonisolated context
        return view.contentView
                    ^
/Users/jonahmicahinguito/dev/rotaract-connect/node_modules/expo-modules-core/ios/Core/Views/SwiftUI/SwiftUIVirtualView.swift:197:9: note: property declared here
    let contentView: ContentView
        ^
/Users/jonahmicahinguito/dev/rotaract-connect/node_modules/expo-modules-core/ios/Core/DynamicTypes/DynamicTypedArrayType.swift:6:7: warning: stored property 'innerType' of 'Sendable'-conforming struct 'DynamicTypedArrayType' has non-Sendable type 'any AnyTypedArray.Type'
  let innerType: AnyTypedArray.Type
      ^
/Users/jonahmicahinguito/dev/rotaract-connect/node_modules/expo-modules-core/ios/Core/DynamicTypes/DynamicTypedArrayType.swift:56:22: warning: class 'ArrayTypeMismatchException' must restate inherited '@unchecked Sendable' conformance
internal final class ArrayTypeMismatchException: GenericException<(received: Any.Type, expected: Any.Type)> {
                     ^
                                                                                                           , @unchecked Sendable
/Users/jonahmicahinguito/dev/rotaract-connect/node_modules/expo-modules-core/ios/Core/DynamicTypes/DynamicTypedArrayType.swift:62:22: warning: class 'NotTypedArrayException' must restate inherited '@unchecked Sendable' conformance
internal final class NotTypedArrayException: GenericException<AnyTypedArray.Type> {
                     ^
                                                                                 , @unchecked Sendable
/Users/jonahmicahinguito/dev/rotaract-connect/node_modules/expo-modules-core/ios/Core/DynamicTypes/DynamicValueOrUndefinedType.swift:6:7: warning: stored property 'innerType' of 'Sendable'-conforming generic struct 'DynamicValueOrUndefinedType' has non-Sendable type 'InnerType.Type'
  let innerType: InnerType.Type = InnerType.self
      ^
/Users/jonahmicahinguito/dev/rotaract-connect/node_modules/expo-modules-core/ios/Core/DynamicTypes/DynamicViewType.swift:60:22: warning: class 'InvalidViewTagException' must restate inherited '@unchecked Sendable' conformance
internal final class InvalidViewTagException: Exception {
                     ^
                                                       , @unchecked Sendable
/Users/jonahmicahinguito/dev/rotaract-connect/node_modules/expo-modules-core/ios/Core/Arguments/Enumerable.swift:69:16: warning: class 'EnumCastingException' must restate inherited '@unchecked Sendable' conformance
internal class EnumCastingException: GenericException<(type: Any.Type, value: Any)> {
               ^
                                                                                   , @unchecked Sendable
/Users/jonahmicahinguito/dev/rotaract-connect/node_modules/expo-modules-core/ios/Core/Arguments/Enumerable.swift:78:16: warning: class 'EnumNoSuchValueException' must restate inherited '@unchecked Sendable' conformance
internal class EnumNoSuchValueException: GenericException<(type: Enumerable.Type, value: Any)> {
               ^
                                                                                              , @unchecked Sendable
/Users/jonahmicahinguito/dev/rotaract-connect/node_modules/expo-modules-core/ios/Core/Events/EventDispatcher.swift:47:41: warning: use of protocol 'Record' as a type must be written 'any Record'; this will be an error in a future Swift language mode
  public func callAsFunction(_ payload: Record) {
                                        ^~~~~~
                                        any Record
/Users/jonahmicahinguito/dev/rotaract-connect/node_modules/expo-modules-core/ios/Uuidv5/Exceptions.swift:3:16: warning: class 'InvalidNamespaceException' must restate inherited '@unchecked Sendable' conformance
internal class InvalidNamespaceException: GenericException<String> {
               ^
                                                                  , @unchecked Sendable
/Users/jonahmicahinguito/dev/rotaract-connect/node_modules/expo-modules-core/ios/AppDelegates/ExpoAppDelegateSubscriberManager.swift:400:52: warning: 'application(_:performFetchWithCompletionHandler:)' was deprecated in iOS 13.0: Use a BGAppRefreshTask in the BackgroundTasks framework instead
    let selector = #selector(UIApplicationDelegate.application(_:performFetchWithCompletionHandler:))
                                                   ^
/Users/jonahmicahinguito/dev/rotaract-connect/node_modules/expo-modules-core/ios/AppDelegates/ExpoAppDelegateSubscriberManager.swift:433:18: warning: 'application(_:performFetchWithCompletionHandler:)' was deprecated in iOS 13.0: Use a BGAppRefreshTask in the BackgroundTasks framework instead
      subscriber.application?(application, performFetchWithCompletionHandler: aggregatedHandler)
                 ^
/Users/jonahmicahinguito/dev/rotaract-connect/node_modules/expo-modules-core/ios/Fabric/ExpoFabricView.swift:202:14: warning: weak variable 'weakAppContext' was never mutated; consider changing to 'let' constant
    weak var weakAppContext = appContext
         ~~~ ^
         let
/Users/jonahmicahinguito/dev/rotaract-connect/node_modules/expo-modules-core/ios/Fabric/ExpoFabricView.swift:229:53: warning: use '#selector' instead of explicitly constructing a 'Selector'
    class_replaceMethod(object_getClass(viewClass), Selector("new"), newBlockImp, "@@:")
                                                    ^~~~~~~~~~~~~~~
                                                    #selector(self.new)
/Users/jonahmicahinguito/dev/rotaract-connect/node_modules/expo-modules-core/ios/ReactDelegates/ExpoReactDelegate.swift:41:39: warning: call to main actor-isolated initializer 'init()' in a synchronous nonisolated context
      .first(where: { _ in true }) ?? UIViewController()
                                      ^
/Applications/Xcode.app/Contents/Developer/Platforms/iPhoneOS.platform/Developer/SDKs/iPhoneOS26.5.sdk/usr/include/objc/NSObject.h:66:1: note: calls to initializer 'init()' from outside of its actor context are implicitly asynchronous
- (instancetype)init
^
/Users/jonahmicahinguito/dev/rotaract-connect/node_modules/expo-modules-core/ios/Core/Records/FormattedRecord.swift:50:9: warning: expression implicitly coerced from 'Any?' to 'Any'
        action(record, field.get())
        ^~~~~~~~~~~~~~~~~~~~~~~~~~~
/Users/jonahmicahinguito/dev/rotaract-connect/node_modules/expo-modules-core/ios/Core/Records/FormattedRecord.swift:50:9: note: provide a default value to avoid this warning
        action(record, field.get())
        ^~~~~~~~~~~~~~~~~~~~~~~~~~~
                                    ?? <#default value#>
/Users/jonahmicahinguito/dev/rotaract-connect/node_modules/expo-modules-core/ios/Core/Records/FormattedRecord.swift:50:9: note: force-unwrap the value to avoid this warning
        action(record, field.get())
        ^~~~~~~~~~~~~~~~~~~~~~~~~~~
                                   !
/Users/jonahmicahinguito/dev/rotaract-connect/node_modules/expo-modules-core/ios/Core/Records/FormattedRecord.swift:50:9: note: explicitly cast to 'Any' with 'as Any' to silence this warning
        action(record, field.get())
        ^~~~~~~~~~~~~~~~~~~~~~~~~~~
                                    as Any
/Users/jonahmicahinguito/dev/rotaract-connect/node_modules/expo-modules-core/ios/Legacy/LegacyModuleRegistry.swift:20:3: warning: 'nonisolated(unsafe)' is unnecessary for a constant with 'Sendable' type 'LegacyModuleRegistry', consider removing it
  nonisolated(unsafe) public static let shared = LegacyModuleRegistry()
  ^~~~~~~~~~~~~~~~~~~~
  
/Users/jonahmicahinguito/dev/rotaract-connect/node_modules/expo-modules-core/ios/Core/Modules/Module.swift:25:17: warning: 'eventEmitter' is deprecated: Use `sendEvent` directly on the module instance instead
    appContext?.eventEmitter?.sendEvent(withName: eventName, body: body)
                ^
/Users/jonahmicahinguito/dev/rotaract-connect/node_modules/expo-modules-core/ios/Core/ModuleHolder.swift:208:18: warning: class 'ModuleNotFoundException' must restate inherited '@unchecked Sendable' conformance
  internal class ModuleNotFoundException: GenericException<String> {
                 ^
                                                                  , @unchecked Sendable
/Users/jonahmicahinguito/dev/rotaract-connect/node_modules/expo-modules-core/ios/Core/ModuleHolder.swift:214:18: warning: class 'FunctionNotFoundException' must restate inherited '@unchecked Sendable' conformance
  internal class FunctionNotFoundException: GenericException<(functionName: String, moduleName: String)> {
                 ^
                                                                                                        , @unchecked Sendable
/Users/jonahmicahinguito/dev/rotaract-connect/node_modules/expo-modules-core/ios/Core/Logging/PersistentFileLog.swift:61:7: warning: capture of 'self' with non-Sendable type 'PersistentFileLog' in a '@Sendable' closure
      self.ensureFileExists()
      ^
/Users/jonahmicahinguito/dev/rotaract-connect/node_modules/expo-modules-core/ios/Core/Logging/PersistentFileLog.swift:29:14: note: class 'PersistentFileLog' does not conform to the 'Sendable' protocol
public class PersistentFileLog {
             ^
/Users/jonahmicahinguito/dev/rotaract-connect/node_modules/expo-modules-core/ios/Core/Logging/PersistentFileLog.swift:64:9: warning: capture of 'completionHandler' with non-Sendable type 'PersistentFileLogCompletionHandler?' (aka 'Optional<(Optional<any Error>) -> ()>') in a '@Sendable' closure
        completionHandler?(nil)
        ^
/Users/jonahmicahinguito/dev/rotaract-connect/node_modules/expo-modules-core/ios/Core/Logging/PersistentFileLog.swift:64:9: note: a function type must be marked '@Sendable' to conform to 'Sendable'
        completionHandler?(nil)
        ^
/Users/jonahmicahinguito/dev/rotaract-connect/node_modules/expo-modules-core/ios/Core/Logging/PersistentFileLog.swift:76:7: warning: capture of 'self' with non-Sendable type 'PersistentFileLog' in a '@Sendable' closure
      self.ensureFileExists()
      ^
/Users/jonahmicahinguito/dev/rotaract-connect/node_modules/expo-modules-core/ios/Core/Logging/PersistentFileLog.swift:29:14: note: class 'PersistentFileLog' does not conform to the 'Sendable' protocol
public class PersistentFileLog {
             ^
/Users/jonahmicahinguito/dev/rotaract-connect/node_modules/expo-modules-core/ios/Core/Logging/PersistentFileLog.swift:79:54: warning: capture of 'filter' with non-Sendable type 'PersistentFileLogFilter' (aka '(String) -> Bool') in a '@Sendable' closure
        let newcontents = contents.filter { entry in filter(entry) }
                                                     ^
/Users/jonahmicahinguito/dev/rotaract-connect/node_modules/expo-modules-core/ios/Core/Logging/PersistentFileLog.swift:79:54: note: a function type must be marked '@Sendable' to conform to 'Sendable'
        let newcontents = contents.filter { entry in filter(entry) }
                                                     ^
/Users/jonahmicahinguito/dev/rotaract-connect/node_modules/expo-modules-core/ios/Core/Logging/PersistentFileLog.swift:81:9: warning: capture of 'completionHandler' with non-Sendable type 'PersistentFileLogCompletionHandler' (aka '(Optional<any Error>) -> ()') in a '@Sendable' closure
        completionHandler(nil)
        ^
/Users/jonahmicahinguito/dev/rotaract-connect/node_modules/expo-modules-core/ios/Core/Logging/PersistentFileLog.swift:81:9: note: a function type must be marked '@Sendable' to conform to 'Sendable'
        completionHandler(nil)
        ^
/Users/jonahmicahinguito/dev/rotaract-connect/node_modules/expo-modules-core/ios/Core/Logging/PersistentFileLog.swift:79:54: warning: capture of 'filter' with non-Sendable type 'PersistentFileLogFilter' (aka '(String) -> Bool') in an isolated closure
        let newcontents = contents.filter { entry in filter(entry) }
                                                     ^
/Users/jonahmicahinguito/dev/rotaract-connect/node_modules/expo-modules-core/ios/Core/Logging/PersistentFileLog.swift:79:54: note: a function type must be marked '@Sendable' to conform to 'Sendable'
        let newcontents = contents.filter { entry in filter(entry) }
                                                     ^
/Users/jonahmicahinguito/dev/rotaract-connect/node_modules/expo-modules-core/ios/Core/Logging/PersistentFileLog.swift:94:13: warning: capture of 'self' with non-Sendable type 'PersistentFileLog' in a '@Sendable' closure
        try self.deleteFileSync()
            ^
/Users/jonahmicahinguito/dev/rotaract-connect/node_modules/expo-modules-core/ios/Core/Logging/PersistentFileLog.swift:29:14: note: class 'PersistentFileLog' does not conform to the 'Sendable' protocol
public class PersistentFileLog {
             ^
/Users/jonahmicahinguito/dev/rotaract-connect/node_modules/expo-modules-core/ios/Core/Logging/PersistentFileLog.swift:95:9: warning: capture of 'completionHandler' with non-Sendable type 'PersistentFileLogCompletionHandler' (aka '(Optional<any Error>) -> ()') in a '@Sendable' closure
        completionHandler(nil)
        ^
/Users/jonahmicahinguito/dev/rotaract-connect/node_modules/expo-modules-core/ios/Core/Logging/PersistentFileLog.swift:95:9: note: a function type must be marked '@Sendable' to conform to 'Sendable'
        completionHandler(nil)
        ^
/Users/jonahmicahinguito/dev/rotaract-connect/node_modules/expo-modules-core/ios/Core/Records/Record.swift:196:34: warning: use of protocol 'Record' as a type must be written 'any Record'; this will be an error in a future Swift language mode
internal func fieldsOf(_ record: Record) -> [AnyFieldInternal] {
                                 ^~~~~~
                                 any Record
/Users/jonahmicahinguito/dev/rotaract-connect/node_modules/expo-modules-core/ios/Core/Records/Record.swift:159:31: warning: use of protocol 'Record' as a type must be written 'any Record'; this will be an error in a future Swift language mode
    if let value = result as? Record {
                              ^~~~~~
                              (any Record)
/Users/jonahmicahinguito/dev/rotaract-connect/node_modules/expo-modules-core/ios/Utilities/SceneGeometry.swift:14:34: warning: main actor-isolated property 'windowScene' can not be referenced from a nonisolated context
    if let scene = view?.window?.windowScene {
                                 ^
/Applications/Xcode.app/Contents/Developer/Platforms/iPhoneOS.platform/Developer/SDKs/iPhoneOS26.5.sdk/System/Library/Frameworks/UIKit.framework/Headers/UIWindow.h:32:53: note: property declared here
@property(nullable, nonatomic, weak) UIWindowScene *windowScene API_AVAILABLE(ios(13.0)) API_UNAVAILABLE(watchos);
                                                    ^
/Users/jonahmicahinguito/dev/rotaract-connect/node_modules/expo-modules-core/ios/Utilities/SceneGeometry.swift:13:22: note: add '@MainActor' to make static method 'windowScene(for:)' part of global actor 'MainActor'
  public static func windowScene(for view: UIView? = nil) -> UIWindowScene? {
                     ^
  @MainActor 
/Users/jonahmicahinguito/dev/rotaract-connect/node_modules/expo-modules-core/ios/Utilities/SceneGeometry.swift:14:26: warning: main actor-isolated property 'window' can not be referenced from a nonisolated context
    if let scene = view?.window?.windowScene {
                         ^
/Applications/Xcode.app/Contents/Developer/Platforms/iPhoneOS.platform/Developer/SDKs/iPhoneOS26.5.sdk/System/Library/Frameworks/UIKit.framework/Headers/UIView.h:227:55: note: property declared here
@property(nullable, nonatomic,readonly) UIWindow     *window;
                                                      ^
/Users/jonahmicahinguito/dev/rotaract-connect/node_modules/expo-modules-core/ios/Utilities/SceneGeometry.swift:13:22: note: add '@MainActor' to make static method 'windowScene(for:)' part of global actor 'MainActor'
  public static func windowScene(for view: UIView? = nil) -> UIWindowScene? {
                     ^
  @MainActor 
/Users/jonahmicahinguito/dev/rotaract-connect/node_modules/expo-modules-core/ios/Utilities/SceneGeometry.swift:22:38: warning: main actor-isolated property 'activationState' can not be referenced from a nonisolated context
    return windowScenes().first { $0.activationState == .foregroundActive }
                                     ^
/Applications/Xcode.app/Contents/Developer/Platforms/iPhoneOS.platform/Developer/SDKs/iPhoneOS26.5.sdk/System/Library/Frameworks/UIKit.framework/Headers/UIScene.h:38:56: note: property declared here
@property (nonatomic, readonly) UISceneActivationState activationState;
                                                       ^
/Users/jonahmicahinguito/dev/rotaract-connect/node_modules/expo-modules-core/ios/Utilities/SceneGeometry.swift:28:30: warning: main actor-isolated property 'activationState' can not be referenced from a nonisolated context
    return scenes.first { $0.activationState == .foregroundActive }
                             ^
/Applications/Xcode.app/Contents/Developer/Platforms/iPhoneOS.platform/Developer/SDKs/iPhoneOS26.5.sdk/System/Library/Frameworks/UIKit.framework/Headers/UIScene.h:38:56: note: property declared here
@property (nonatomic, readonly) UISceneActivationState activationState;
                                                       ^
/Users/jonahmicahinguito/dev/rotaract-connect/node_modules/expo-modules-core/ios/Utilities/SceneGeometry.swift:29:28: warning: main actor-isolated property 'activationState' can not be referenced from a nonisolated context
      ?? scenes.first { $0.activationState == .foregroundInactive }
                           ^
/Applications/Xcode.app/Contents/Developer/Platforms/iPhoneOS.platform/Developer/SDKs/iPhoneOS26.5.sdk/System/Library/Frameworks/UIKit.framework/Headers/UIScene.h:38:56: note: property declared here
@property (nonatomic, readonly) UISceneActivationState activationState;
                                                       ^
/Users/jonahmicahinguito/dev/rotaract-connect/node_modules/expo-modules-core/ios/Utilities/SceneGeometry.swift:33:33: warning: main actor-isolated property 'connectedScenes' can not be referenced from a nonisolated context
    return UIApplication.shared.connectedScenes.compactMap { $0 as? UIWindowScene }
                                ^
/Applications/Xcode.app/Contents/Developer/Platforms/iPhoneOS.platform/Developer/SDKs/iPhoneOS26.5.sdk/System/Library/Frameworks/UIKit.framework/Headers/UIApplication.h:170:50: note: property declared here
@property(nonatomic, readonly) NSSet<UIScene *> *connectedScenes API_AVAILABLE(ios(13.0)) API_UNAVAILABLE(watchos);
                                                 ^
/Users/jonahmicahinguito/dev/rotaract-connect/node_modules/expo-modules-core/ios/Utilities/SceneGeometry.swift:32:23: note: add '@MainActor' to make static method 'windowScenes()' part of global actor 'MainActor'
  private static func windowScenes() -> [UIWindowScene] {
                      ^
  @MainActor 
/Users/jonahmicahinguito/dev/rotaract-connect/node_modules/expo-modules-core/ios/Utilities/SceneGeometry.swift:33:26: warning: main actor-isolated class property 'shared' can not be referenced from a nonisolated context
    return UIApplication.shared.connectedScenes.compactMap { $0 as? UIWindowScene }
                         ^
/Applications/Xcode.app/Contents/Developer/Platforms/iPhoneOS.platform/Developer/SDKs/iPhoneOS26.5.sdk/System/Library/Frameworks/UIKit.framework/Headers/UIApplication.h:87:54: note: class property declared here
@property(class, nonatomic, readonly) UIApplication *sharedApplication NS_EXTENSION_UNAVAILABLE_IOS("Use view controller based solutions where appropriate instead.");
                                                     ^
/Users/jonahmicahinguito/dev/rotaract-connect/node_modules/expo-modules-core/ios/Utilities/SceneGeometry.swift:32:23: note: add '@MainActor' to make static method 'windowScenes()' part of global actor 'MainActor'
  private static func windowScenes() -> [UIWindowScene] {
                      ^
  @MainActor 
/Users/jonahmicahinguito/dev/rotaract-connect/node_modules/expo-modules-core/ios/Utilities/SceneGeometry.swift:40:18: warning: main actor-isolated property 'windows' can not be referenced from a nonisolated context
    return scene.windows.first { $0.isKeyWindow } ?? scene.windows.first
                 ^
/Applications/Xcode.app/Contents/Developer/Platforms/iPhoneOS.platform/Developer/SDKs/iPhoneOS26.5.sdk/System/Library/Frameworks/UIKit.framework/Headers/UIWindowScene.h:41:54: note: property declared here
@property (nonatomic, readonly) NSArray<UIWindow *> *windows;
                                                     ^
/Users/jonahmicahinguito/dev/rotaract-connect/node_modules/expo-modules-core/ios/Utilities/SceneGeometry.swift:36:22: note: add '@MainActor' to make static method 'keyWindow(for:)' part of global actor 'MainActor'
  public static func keyWindow(for view: UIView? = nil) -> UIWindow? {
                     ^
  @MainActor 
/Users/jonahmicahinguito/dev/rotaract-connect/node_modules/expo-modules-core/ios/Utilities/SceneGeometry.swift:40:37: warning: main actor-isolated property 'isKeyWindow' can not be referenced from a nonisolated context
    return scene.windows.first { $0.isKeyWindow } ?? scene.windows.first
                                    ^
/Applications/Xcode.app/Contents/Developer/Platforms/iPhoneOS.platform/Developer/SDKs/iPhoneOS26.5.sdk/System/Library/Frameworks/UIKit.framework/Headers/UIWindow.h:45:55: note: property declared here
@property(nonatomic,readonly,getter=isKeyWindow) BOOL keyWindow;
                                                      ^
/Users/jonahmicahinguito/dev/rotaract-connect/node_modules/expo-modules-core/ios/Utilities/SceneGeometry.swift:40:60: warning: main actor-isolated property 'windows' can not be referenced from a nonisolated autoclosure
    return scene.windows.first { $0.isKeyWindow } ?? scene.windows.first
                                                           ^
/Applications/Xcode.app/Contents/Developer/Platforms/iPhoneOS.platform/Developer/SDKs/iPhoneOS26.5.sdk/System/Library/Frameworks/UIKit.framework/Headers/UIWindowScene.h:41:54: note: property declared here
@property (nonatomic, readonly) NSArray<UIWindow *> *windows;
                                                     ^
/Users/jonahmicahinguito/dev/rotaract-connect/node_modules/expo-modules-core/ios/Utilities/SceneGeometry.swift:44:52: warning: main actor-isolated property 'bounds' can not be referenced from a nonisolated context
    return (view?.window ?? keyWindow(for: view))?.bounds ?? .zero
                                                   ^
/Applications/Xcode.app/Contents/Developer/Platforms/iPhoneOS.platform/Developer/SDKs/iPhoneOS26.5.sdk/System/Library/Frameworks/UIKit.framework/Headers/UIView.h:192:40: note: property declared here
@property(nonatomic) CGRect            bounds;      // default bounds is zero origin, frame size. animatable
                                       ^
/Users/jonahmicahinguito/dev/rotaract-connect/node_modules/expo-modules-core/ios/Utilities/SceneGeometry.swift:43:22: note: add '@MainActor' to make static method 'bounds(for:)' part of global actor 'MainActor'
  public static func bounds(for view: UIView? = nil) -> CGRect {
                     ^
  @MainActor 
/Users/jonahmicahinguito/dev/rotaract-connect/node_modules/expo-modules-core/ios/Utilities/SceneGeometry.swift:44:19: warning: main actor-isolated property 'window' can not be referenced from a nonisolated context
    return (view?.window ?? keyWindow(for: view))?.bounds ?? .zero
                  ^
/Applications/Xcode.app/Contents/Developer/Platforms/iPhoneOS.platform/Developer/SDKs/iPhoneOS26.5.sdk/System/Library/Frameworks/UIKit.framework/Headers/UIView.h:227:55: note: property declared here
@property(nullable, nonatomic,readonly) UIWindow     *window;
                                                      ^
/Users/jonahmicahinguito/dev/rotaract-connect/node_modules/expo-modules-core/ios/Utilities/SceneGeometry.swift:43:22: note: add '@MainActor' to make static method 'bounds(for:)' part of global actor 'MainActor'
  public static func bounds(for view: UIView? = nil) -> CGRect {
                     ^
  @MainActor 
/Users/jonahmicahinguito/dev/rotaract-connect/node_modules/expo-modules-core/ios/Utilities/SceneGeometry.swift:48:30: warning: main actor-isolated property 'window' can not be referenced from a nonisolated context
    guard let window = view?.window ?? keyWindow(for: view) else {
                             ^
/Applications/Xcode.app/Contents/Developer/Platforms/iPhoneOS.platform/Developer/SDKs/iPhoneOS26.5.sdk/System/Library/Frameworks/UIKit.framework/Headers/UIView.h:227:55: note: property declared here
@property(nullable, nonatomic,readonly) UIWindow     *window;
                                                      ^
/Users/jonahmicahinguito/dev/rotaract-connect/node_modules/expo-modules-core/ios/Utilities/SceneGeometry.swift:47:22: note: add '@MainActor' to make static method 'safeAreaSize(for:)' part of global actor 'MainActor'
  public static func safeAreaSize(for view: UIView? = nil) -> CGSize {
                     ^
  @MainActor 
/Users/jonahmicahinguito/dev/rotaract-connect/node_modules/expo-modules-core/ios/Utilities/SceneGeometry.swift:51:47: warning: main actor-isolated property 'layoutFrame' can not be referenced from a nonisolated context
    let safeArea = window.safeAreaLayoutGuide.layoutFrame.size
                                              ^
/Applications/Xcode.app/Contents/Developer/Platforms/iPhoneOS.platform/Developer/SDKs/iPhoneOS26.5.sdk/System/Library/Frameworks/UIKit.framework/Headers/UILayoutGuide.h:29:38: note: property declared here
@property(nonatomic,readonly) CGRect layoutFrame;
                                     ^
/Users/jonahmicahinguito/dev/rotaract-connect/node_modules/expo-modules-core/ios/Utilities/SceneGeometry.swift:47:22: note: add '@MainActor' to make static method 'safeAreaSize(for:)' part of global actor 'MainActor'
  public static func safeAreaSize(for view: UIView? = nil) -> CGSize {
                     ^
  @MainActor 
/Users/jonahmicahinguito/dev/rotaract-connect/node_modules/expo-modules-core/ios/Utilities/SceneGeometry.swift:51:27: warning: main actor-isolated property 'safeAreaLayoutGuide' can not be referenced from a nonisolated context
    let safeArea = window.safeAreaLayoutGuide.layoutFrame.size
                          ^
/Applications/Xcode.app/Contents/Developer/Platforms/iPhoneOS.platform/Developer/SDKs/iPhoneOS26.5.sdk/System/Library/Frameworks/UIKit.framework/Headers/UIView.h:302:53: note: property declared here
@property(nonatomic,readonly,strong) UILayoutGuide *safeAreaLayoutGuide API_AVAILABLE(ios(11.0), tvos(11.0)) API_UNAVAILABLE(watchos);
                                                    ^
/Users/jonahmicahinguito/dev/rotaract-connect/node_modules/expo-modules-core/ios/Utilities/SceneGeometry.swift:47:22: note: add '@MainActor' to make static method 'safeAreaSize(for:)' part of global actor 'MainActor'
  public static func safeAreaSize(for view: UIView? = nil) -> CGSize {
                     ^
  @MainActor 
/Users/jonahmicahinguito/dev/rotaract-connect/node_modules/expo-modules-core/ios/Utilities/SceneGeometry.swift:55:19: warning: main actor-isolated property 'bounds' can not be referenced from a nonisolated context
    return window.bounds.size
                  ^
/Applications/Xcode.app/Contents/Developer/Platforms/iPhoneOS.platform/Developer/SDKs/iPhoneOS26.5.sdk/System/Library/Frameworks/UIKit.framework/Headers/UIView.h:192:40: note: property declared here
@property(nonatomic) CGRect            bounds;      // default bounds is zero origin, frame size. animatable
                                       ^
/Users/jonahmicahinguito/dev/rotaract-connect/node_modules/expo-modules-core/ios/Utilities/SceneGeometry.swift:47:22: note: add '@MainActor' to make static method 'safeAreaSize(for:)' part of global actor 'MainActor'
  public static func safeAreaSize(for view: UIView? = nil) -> CGSize {
                     ^
  @MainActor 
/Users/jonahmicahinguito/dev/rotaract-connect/node_modules/expo-modules-core/ios/Utilities/SceneGeometry.swift:61:13: warning: main actor-isolated property 'traitCollection' can not be referenced from a nonisolated context
      view?.traitCollection.displayScale,
            ^
/Applications/Xcode.app/Contents/Developer/Platforms/iPhoneOS.platform/Developer/SDKs/iPhoneOS26.5.sdk/System/Library/Frameworks/UIKit.framework/Headers/UITraitCollection.h:195:52: note: property declared here
@property (nonatomic, readonly) UITraitCollection *traitCollection API_AVAILABLE(ios(8.0));
                                                   ^
/Users/jonahmicahinguito/dev/rotaract-connect/node_modules/expo-modules-core/ios/Utilities/SceneGeometry.swift:59:22: note: add '@MainActor' to make static method 'displayScale(for:)' part of global actor 'MainActor'
  public static func displayScale(for view: UIView? = nil) -> CGFloat {
                     ^
  @MainActor 
/Users/jonahmicahinguito/dev/rotaract-connect/node_modules/expo-modules-core/ios/Utilities/SceneGeometry.swift:62:31: warning: main actor-isolated property 'traitCollection' can not be referenced from a nonisolated context
      windowScene(for: view)?.traitCollection.displayScale,
                              ^
/Applications/Xcode.app/Contents/Developer/Platforms/iPhoneOS.platform/Developer/SDKs/iPhoneOS26.5.sdk/System/Library/Frameworks/UIKit.framework/Headers/UIWindowScene.h:27:52: note: property declared here
@property (nonatomic, readonly) UITraitCollection *traitCollection;
                                                   ^
/Users/jonahmicahinguito/dev/rotaract-connect/node_modules/expo-modules-core/ios/Utilities/SceneGeometry.swift:59:22: note: add '@MainActor' to make static method 'displayScale(for:)' part of global actor 'MainActor'
  public static func displayScale(for view: UIView? = nil) -> CGFloat {
                     ^
  @MainActor 
/Users/jonahmicahinguito/dev/rotaract-connect/node_modules/expo-modules-core/ios/Utilities/SceneGeometry.swift:80:36: warning: main actor-isolated property 'effectiveGeometry' can not be referenced from a nonisolated context
    return windowScene(for: view)?.effectiveGeometry.interfaceOrientation ?? .unknown
                                   ^
/Applications/Xcode.app/Contents/Developer/Platforms/iPhoneOS.platform/Developer/SDKs/iPhoneOS26.5.sdk/System/Library/Frameworks/UIKit.framework/Headers/UIWindowScene.h:33:56: note: property declared here
@property (nonatomic, readonly) UIWindowSceneGeometry *effectiveGeometry API_AVAILABLE(ios(16.0)) API_UNAVAILABLE(watchos);
                                                       ^
/Users/jonahmicahinguito/dev/rotaract-connect/node_modules/expo-modules-core/ios/Utilities/SceneGeometry.swift:79:15: note: add '@MainActor' to make static method 'interfaceOrientation(for:)' part of global actor 'MainActor'
  static func interfaceOrientation(for view: UIView? = nil) -> UIInterfaceOrientation {
              ^
  @MainActor 
/Users/jonahmicahinguito/dev/rotaract-connect/node_modules/expo-modules-core/ios/Core/Views/SwiftUI/SwiftUIViewFrameObserver.swift:29:38: warning: main actor-isolated property 'frame' can not be referenced from a Sendable closure
        callback(CGRect(origin: view.frame.origin, size: newValue.size))
                                     ^
/Applications/Xcode.app/Contents/Developer/Platforms/iPhoneOS.platform/Developer/SDKs/iPhoneOS26.5.sdk/System/Library/Frameworks/UIKit.framework/Headers/UIView.h:189:40: note: property declared here
@property(nonatomic) CGRect            frame;
                                       ^
/Users/jonahmicahinguito/dev/rotaract-connect/node_modules/expo-modules-core/ios/Core/Exceptions/UnexpectedException.swift:6:14: warning: class 'UnexpectedException' must restate inherited '@unchecked Sendable' conformance
public class UnexpectedException: Exception {
             ^
                                           , @unchecked Sendable
/Users/jonahmicahinguito/dev/rotaract-connect/node_modules/expo-modules-core/ios/DevTools/URLAuthenticationChallengeForwardSender.swift:7:7: warning: stored property 'completionHandler' of 'Sendable'-conforming class 'URLAuthenticationChallengeForwardSender' has non-Sendable type '(URLSession.AuthChallengeDisposition, Optional<URLCredential>) -> ()'
  let completionHandler: (URLSession.AuthChallengeDisposition, URLCredential?) -> Void
      ^
/Users/jonahmicahinguito/dev/rotaract-connect/node_modules/expo-modules-core/ios/DevTools/URLAuthenticationChallengeForwardSender.swift:7:7: note: a function type must be marked '@Sendable' to conform to 'Sendable'
  let completionHandler: (URLSession.AuthChallengeDisposition, URLCredential?) -> Void
      ^
/Users/jonahmicahinguito/dev/rotaract-connect/node_modules/expo-modules-core/ios/DevTools/URLSessionSessionDelegateProxy.swift:8:15: warning: stored property 'delegateMap' of 'Sendable'-conforming class 'URLSessionSessionDelegateProxy' is mutable
  private var delegateMap: [AnyHashable: URLSessionDataDelegate] = [:]
              ^
/Users/jonahmicahinguito/dev/rotaract-connect/node_modules/expo-modules-core/ios/DevTools/URLSessionSessionDelegateProxy.swift:65:28: warning: passing non-Sendable parameter 'completionHandler' to function expecting a '@Sendable' closure
        completionHandler: completionHandler)
                           ^
/Users/jonahmicahinguito/dev/rotaract-connect/node_modules/expo-modules-core/ios/DevTools/URLSessionSessionDelegateProxy.swift:58:5: note: parameter 'completionHandler' is implicitly non-Sendable
    completionHandler: @escaping (URLSession.ResponseDisposition) -> Void
    ^
                       @Sendable 
/Users/jonahmicahinguito/dev/rotaract-connect/node_modules/expo-modules-core/ios/DevTools/URLSessionSessionDelegateProxy.swift:82:28: warning: passing non-Sendable parameter 'completionHandler' to function expecting a '@Sendable' closure
        completionHandler: completionHandler)
                           ^
/Users/jonahmicahinguito/dev/rotaract-connect/node_modules/expo-modules-core/ios/DevTools/URLSessionSessionDelegateProxy.swift:74:5: note: parameter 'completionHandler' is implicitly non-Sendable
    completionHandler: @escaping (URLRequest?) -> Void
    ^
                       @Sendable 
/Users/jonahmicahinguito/dev/rotaract-connect/node_modules/expo-modules-core/ios/DevTools/URLSessionSessionDelegateProxy.swift:98:28: warning: passing non-Sendable parameter 'completionHandler' to function expecting a '@Sendable' closure
        completionHandler: completionHandler)
                           ^
/Users/jonahmicahinguito/dev/rotaract-connect/node_modules/expo-modules-core/ios/DevTools/URLSessionSessionDelegateProxy.swift:90:5: note: parameter 'completionHandler' is implicitly non-Sendable
    completionHandler: @escaping (URLSession.AuthChallengeDisposition, URLCredential?) -> Void
    ^
                       @Sendable 
/Users/jonahmicahinguito/dev/rotaract-connect/node_modules/expo-modules-core/ios/Utilities/Utilities.swift:144:45: warning: 'keyWindow' was deprecated in iOS 13.0: Should not be used for applications that support multiple scenes as it returns a key window across all connected scenes
      var controller = UIApplication.shared.keyWindow?.rootViewController
                                            ^
/Users/jonahmicahinguito/dev/rotaract-connect/node_modules/expo-modules-core/ios/Uuidv5/Uuidv5.swift:15:8: warning: result of call to 'withUnsafeBytes' is unused
  data.withUnsafeBytes { (ptr: UnsafeRawBufferPointer) in CC_SHA1(ptr.baseAddress, CC_LONG(data.count), &digest) }
       ^               ~~~~~~~~~~~~~~~~~~~~~~~~~~~~~~~~~~~~~~~~~~~~~~~~~~~~~~~~~~~~~~~~~~~~~~~~~~~~~~~~~~~~~~~~~~~
/Users/jonahmicahinguito/dev/rotaract-connect/node_modules/expo-modules-core/ios/Core/DynamicTypes/DynamicConvertibleType.swift:82:19: warning: sending 'value' risks causing data races
        try value.toObject(appContext: appContext).asValue()
~~~~~~~~~~~~~~~~~~^~~~~~~~~~~~~~~~~~~~~~~~~~~~~~~~~~~~~~~~~~
/Users/jonahmicahinguito/dev/rotaract-connect/node_modules/expo-modules-core/ios/Core/DynamicTypes/DynamicConvertibleType.swift:82:19: note: task-isolated 'value' is captured by a global actor 'JavaScriptActor'-isolated closure. global actor 'JavaScriptActor'-isolated uses in closure may race against later nonisolated uses
        try value.toObject(appContext: appContext).asValue()
            ~~~~~~^~~~~~~~~~~~~~~~~~~~~~~~~~~~~~~~
/Users/jonahmicahinguito/dev/rotaract-connect/node_modules/expo-modules-core/ios/Core/DynamicTypes/DynamicConvertibleType.swift:80:26: note: isolated conformance to protocol 'Record' can be introduced here
    if let value = value as? any Record {
                         ^
/Users/jonahmicahinguito/dev/rotaract-connect/node_modules/expo-modules-core/ios/Core/DynamicTypes/DynamicConvertibleType.swift:88:19: warning: sending 'value' risks causing data races
        try value.toObject(appContext: appContext).asValue()
~~~~~~~~~~~~~~~~~~^~~~~~~~~~~~~~~~~~~~~~~~~~~~~~~~~~~~~~~~~~
/Users/jonahmicahinguito/dev/rotaract-connect/node_modules/expo-modules-core/ios/Core/DynamicTypes/DynamicConvertibleType.swift:88:19: note: task-isolated 'value' is captured by a global actor 'JavaScriptActor'-isolated closure. global actor 'JavaScriptActor'-isolated uses in closure may race against later nonisolated uses
        try value.toObject(appContext: appContext).asValue()
            ~~~~~~^~~~~~~~~~~~~~~~~~~~~~~~~~~~~~~~
/Users/jonahmicahinguito/dev/rotaract-connect/node_modules/expo-modules-core/ios/Core/DynamicTypes/DynamicConvertibleType.swift:86:26: note: isolated conformance to protocol 'RecordObjectConvertible' can be introduced here
    if let value = value as? any RecordObjectConvertible {
                         ^
/Users/jonahmicahinguito/dev/rotaract-connect/node_modules/expo-modules-core/ios/Core/DynamicTypes/DynamicRawType.swift:63:34: warning: sending 'objectBuilder' risks causing data races
        return try objectBuilder.build(appContext: appContext).asValue()
~~~~~~~~~~~~~~~~~~~~~~~~~~~~~~~~~^~~~~~~~~~~~~~~~~~~~~~~~~~~~~~~~~~~~~~~
/Users/jonahmicahinguito/dev/rotaract-connect/node_modules/expo-modules-core/ios/Core/DynamicTypes/DynamicRawType.swift:63:34: note: task-isolated 'objectBuilder' is captured by a global actor 'JavaScriptActor'-isolated closure. global actor 'JavaScriptActor'-isolated uses in closure may race against later nonisolated uses
        return try objectBuilder.build(appContext: appContext).asValue()
                   ~~~~~~~~~~~~~~^~~~~~~~~~~~~~~~~~~~~~~~~~~~~
/Users/jonahmicahinguito/dev/rotaract-connect/node_modules/expo-modules-core/ios/Core/DynamicTypes/DynamicRawType.swift:61:35: note: isolated conformance to protocol 'JavaScriptObjectBuilder' can be introduced here
    if let objectBuilder = result as? JavaScriptObjectBuilder {
                                  ^

/Users/jonahmicahinguito/dev/rotaract-connect/ios/Pods/<module-includes>:1:9: In file included from <module-includes>:1:

/Users/jonahmicahinguito/dev/rotaract-connect/ios/Pods/Headers/Public/React/React-Core-umbrella.h:37:9: In file included from /Users/jonahmicahinguito/dev/rotaract-connect/ios/Pods/Headers/Public/React/React-Core-umbrella.h:37:

/Users/jonahmicahinguito/dev/rotaract-connect/ios/Pods/Headers/Public/React-Core/React/RCTRedBox+Internal.h:17:44: Pointer is missing a nullability type specifier (_Nonnull, _Nullable, or _Null_unspecified)

/Users/jonahmicahinguito/dev/rotaract-connect/ios/Pods/Headers/Public/React-Core/React/RCTRedBox2Controller+Internal.h:20:4: Pointer is missing a nullability type specifier (_Nonnull, _Nullable, or _Null_unspecified)

/Users/jonahmicahinguito/dev/rotaract-connect/ios/Pods/Headers/Public/React-Core/React/RCTRedBox2ErrorParser+Internal.h:17:38: Pointer is missing a nullability type specifier (_Nonnull, _Nullable, or _Null_unspecified)

/Users/jonahmicahinguito/dev/rotaract-connect/ios/Pods/Headers/Public/React-Core/React/RCTRedBox2ErrorParser+Internal.h:41:24: Pointer is missing a nullability type specifier (_Nonnull, _Nullable, or _Null_unspecified)

/Users/jonahmicahinguito/dev/rotaract-connect/ios/Pods/Headers/Public/React-Core/React/RCTRedBox2ErrorParser+Internal.h:41:54: Pointer is missing a nullability type specifier (_Nonnull, _Nullable, or _Null_unspecified)

/Users/jonahmicahinguito/dev/rotaract-connect/ios/Pods/Headers/Public/React-Core/React/RCTWebSocketModule.h:23:21: Pointer is missing a nullability type specifier (_Nonnull, _Nullable, or _Null_unspecified)

/Users/jonahmicahinguito/dev/rotaract-connect/ios/Pods/Headers/Public/React-Core/React/RCTMultipartDataTask.h:15:18: Pointer is missing a nullability type specifier (_Nonnull, _Nullable, or _Null_unspecified)

/Users/jonahmicahinguito/dev/rotaract-connect/ios/Pods/Headers/Public/React-Core/React/RCTMultipartDataTask.h:26:65: Block pointer is missing a nullability type specifier (_Nonnull, _Nullable, or _Null_unspecified)

/Users/jonahmicahinguito/dev/rotaract-connect/ios/Pods/Headers/Public/React-Core/React/RCTMultipartDataTask.h:30:4: Pointer is missing a nullability type specifier (_Nonnull, _Nullable, or _Null_unspecified)

/Users/jonahmicahinguito/dev/rotaract-connect/ios/Pods/Headers/Public/React-Core/React/RCTMultipartDataTask.h:30:36: Pointer is missing a nullability type specifier (_Nonnull, _Nullable, or _Null_unspecified)

/Users/jonahmicahinguito/dev/rotaract-connect/ios/Pods/Headers/Public/React-Core/React/RCTMultipartDataTask.h:31:30: Block pointer is missing a nullability type specifier (_Nonnull, _Nullable, or _Null_unspecified)

/Users/jonahmicahinguito/dev/rotaract-connect/ios/Pods/Headers/Public/React-Core/React/RCTMultipartDataTask.h:32:30: Block pointer is missing a nullability type specifier (_Nonnull, _Nullable, or _Null_unspecified)

/Users/jonahmicahinguito/dev/rotaract-connect/ios/Pods/Headers/Public/React-Core/React/RCTModalHostView.h:55:31: 'RCTModalHostView' is deprecated: This API will be removed along with the legacy architecture.

/Users/jonahmicahinguito/dev/rotaract-connect/ios/Pods/Headers/Public/React-Core/React/RCTModalHostView.h:58:31: 'RCTModalHostView' is deprecated: This API will be removed along with the legacy architecture.

/Users/jonahmicahinguito/dev/rotaract-connect/ios/Pods/Headers/Public/React-Core/React/RCTShadowView+Internal.h:16:40: 'RCTRootShadowView' is deprecated: This API will be removed along with the legacy architecture.

/Users/jonahmicahinguito/dev/rotaract-connect/ios/Pods/Headers/Public/React-Core/React/RCTHTTPRequestHandler.h:11:35: Pointer is missing a nullability type specifier (_Nonnull, _Nullable, or _Null_unspecified)

/Users/jonahmicahinguito/dev/rotaract-connect/ios/Pods/Headers/Public/React-Core/React/RCTHTTPRequestHandler.h:24:52: Block pointer is missing a nullability type specifier (_Nonnull, _Nullable, or _Null_unspecified)

/Users/jonahmicahinguito/dev/rotaract-connect/node_modules/expo-modules-core/ios/Core/AppContext.swift:784:43: Converting non-Sendable function value to '@MainActor @Sendable @convention(block) () -> Void' may introduce data races

/Users/jonahmicahinguito/dev/rotaract-connect/node_modules/expo-modules-core/ios/Core/Functions/AsyncFunctionDefinition.swift:164:23: Capture of 'arguments' with non-Sendable type '[Any]' in a '@Sendable' closure

/Users/jonahmicahinguito/dev/rotaract-connect/node_modules/expo-modules-core/ios/Core/Functions/AsyncFunctionDefinition.swift:170:136: Capture of 'block' with non-Sendable type '() -> Void' in a '@Sendable' closure

/Users/jonahmicahinguito/dev/rotaract-connect/node_modules/expo-modules-core/ios/Core/Exceptions/CommonExceptions.swift:10:22: Class 'AppContextLost' must restate inherited '@unchecked Sendable' conformance

/Users/jonahmicahinguito/dev/rotaract-connect/node_modules/expo-modules-core/ios/Core/Exceptions/CommonExceptions.swift:19:22: Class 'RuntimeLost' must restate inherited '@unchecked Sendable' conformance

/Users/jonahmicahinguito/dev/rotaract-connect/node_modules/expo-modules-core/ios/Core/Exceptions/CommonExceptions.swift:28:22: Class 'UIRuntimeLost' must restate inherited '@unchecked Sendable' conformance

/Users/jonahmicahinguito/dev/rotaract-connect/node_modules/expo-modules-core/ios/Core/Exceptions/CommonExceptions.swift:37:22: Class 'AppContextNotFound' must restate inherited '@unchecked Sendable' conformance

/Users/jonahmicahinguito/dev/rotaract-connect/node_modules/expo-modules-core/ios/Core/Exceptions/CommonExceptions.swift:46:22: Class 'SimulatorNotSupported' must restate inherited '@unchecked Sendable' conformance

/Users/jonahmicahinguito/dev/rotaract-connect/node_modules/expo-modules-core/ios/Core/Exceptions/CommonExceptions.swift:55:22: Class 'ViewNotFound' must restate inherited '@unchecked Sendable' conformance

/Users/jonahmicahinguito/dev/rotaract-connect/node_modules/expo-modules-core/ios/Core/Exceptions/CommonExceptions.swift:60:22: Class 'SwiftUIViewNotFound' must restate inherited '@unchecked Sendable' conformance

/Users/jonahmicahinguito/dev/rotaract-connect/node_modules/expo-modules-core/ios/Core/Exceptions/CommonExceptions.swift:72:22: Class 'ArgumentsRangeMismatch' must restate inherited '@unchecked Sendable' conformance

/Users/jonahmicahinguito/dev/rotaract-connect/node_modules/expo-modules-core/ios/Core/Exceptions/CommonExceptions.swift:84:22: Class 'FileSystemModuleNotFound' must restate inherited '@unchecked Sendable' conformance

/Users/jonahmicahinguito/dev/rotaract-connect/node_modules/expo-modules-core/ios/Core/Exceptions/CommonExceptions.swift:95:22: Class 'PermissionsModuleNotFound' must restate inherited '@unchecked Sendable' conformance

/Users/jonahmicahinguito/dev/rotaract-connect/node_modules/expo-modules-core/ios/Utilities/ConstantsProvider.swift:51:44: 'statusBarFrame' was deprecated in iOS 13.0: Use the statusBarManager property of the window scene instead.

/Users/jonahmicahinguito/dev/rotaract-connect/node_modules/expo-modules-core/ios/Core/Conversions.swift:230:18: Class 'TooManyArgumentsException' must restate inherited '@unchecked Sendable' conformance

/Users/jonahmicahinguito/dev/rotaract-connect/node_modules/expo-modules-core/ios/Core/Conversions.swift:239:24: Class 'ConversionToJSFailedException' must restate inherited '@unchecked Sendable' conformance

/Users/jonahmicahinguito/dev/rotaract-connect/node_modules/expo-modules-core/ios/Core/Conversions.swift:251:24: Class 'ConversionToNativeFailedException' must restate inherited '@unchecked Sendable' conformance

/Users/jonahmicahinguito/dev/rotaract-connect/node_modules/expo-modules-core/ios/Core/Conversions.swift:263:16: Class 'ConvertingException' must restate inherited '@unchecked Sendable' conformance

/Users/jonahmicahinguito/dev/rotaract-connect/node_modules/expo-modules-core/ios/Core/Conversions.swift:275:18: Class 'CastingException' must restate inherited '@unchecked Sendable' conformance

/Users/jonahmicahinguito/dev/rotaract-connect/node_modules/expo-modules-core/ios/Core/Conversions.swift:306:18: Class 'CastingValuesException' must restate inherited '@unchecked Sendable' conformance

/Users/jonahmicahinguito/dev/rotaract-connect/node_modules/expo-modules-core/ios/Core/Conversions.swift:319:18: Class 'MissingKeysException' must restate inherited '@unchecked Sendable' conformance

/Users/jonahmicahinguito/dev/rotaract-connect/node_modules/expo-modules-core/ios/Core/Conversions.swift:328:18: Class 'NullCastException' must restate inherited '@unchecked Sendable' conformance

/Users/jonahmicahinguito/dev/rotaract-connect/node_modules/expo-modules-core/ios/Core/Conversions.swift:121:30: Use of protocol 'Record' as a type must be written 'any Record'; this will be an error in a future Swift language mode

/Users/jonahmicahinguito/dev/rotaract-connect/node_modules/expo-modules-core/ios/Core/Conversions.swift:124:31: Use of protocol 'Record' as a type must be written 'any Record'; this will be an error in a future Swift language mode

/Users/jonahmicahinguito/dev/rotaract-connect/node_modules/expo-modules-core/ios/Core/Arguments/Convertibles.swift:49:16: Class 'UrlContainsInvalidCharactersException' must restate inherited '@unchecked Sendable' conformance

/Users/jonahmicahinguito/dev/rotaract-connect/node_modules/expo-modules-core/ios/Core/DynamicTypes/DynamicArrayBufferType.swift:6:7: Stored property 'innerType' of 'Sendable'-conforming struct 'DynamicArrayBufferType' has non-Sendable type 'any AnyArrayBuffer.Type'

/Users/jonahmicahinguito/dev/rotaract-connect/node_modules/expo-modules-core/ios/Core/DynamicTypes/DynamicConvertibleType.swift:9:7: Stored property 'innerType' of 'Sendable'-conforming struct 'DynamicConvertibleType' has non-Sendable type 'any Convertible.Type'

/Users/jonahmicahinguito/dev/rotaract-connect/node_modules/expo-modules-core/ios/Core/DynamicTypes/DynamicConvertibleType.swift:29:48: 'getAny()' is deprecated: Use typed accessors (getBool, getInt, getString, getObject, getArray) instead

/Users/jonahmicahinguito/dev/rotaract-connect/node_modules/expo-modules-core/ios/Core/DynamicTypes/DynamicDataType.swift:16:17: Cast from 'any AnyDynamicType' to unrelated type 'Data.Type' always fails

/Users/jonahmicahinguito/dev/rotaract-connect/node_modules/expo-modules-core/ios/Core/DynamicTypes/DynamicEitherType.swift:6:7: Stored property 'eitherType' of 'Sendable'-conforming generic struct 'DynamicEitherType' has non-Sendable type 'EitherType.Type'

/Users/jonahmicahinguito/dev/rotaract-connect/node_modules/expo-modules-core/ios/Core/DynamicTypes/DynamicEnumType.swift:9:7: Stored property 'innerType' of 'Sendable'-conforming struct 'DynamicEnumType' has non-Sendable type 'any Enumerable.Type'

/Users/jonahmicahinguito/dev/rotaract-connect/node_modules/expo-modules-core/ios/Core/DynamicTypes/DynamicRawType.swift:21:29: 'getAny()' is deprecated: Use typed accessors (getBool, getInt, getString, getObject, getArray) instead

/Users/jonahmicahinguito/dev/rotaract-connect/node_modules/expo-modules-core/ios/Core/DynamicTypes/DynamicSharedObjectType.swift:9:7: Stored property 'innerType' of 'Sendable'-conforming struct 'DynamicSharedObjectType' has non-Sendable type 'any AnySharedObject.Type'

/Users/jonahmicahinguito/dev/rotaract-connect/node_modules/expo-modules-core/ios/Core/DynamicTypes/DynamicSwiftUIViewType.swift:6:7: Stored property 'innerType' of 'Sendable'-conforming generic struct 'DynamicSwiftUIViewType' has non-Sendable type 'ViewType.Type'

/Users/jonahmicahinguito/dev/rotaract-connect/node_modules/expo-modules-core/ios/Core/DynamicTypes/DynamicSwiftUIViewType.swift:47:21: Main actor-isolated property 'contentView' can not be referenced from a nonisolated context

/Users/jonahmicahinguito/dev/rotaract-connect/node_modules/expo-modules-core/ios/Core/DynamicTypes/DynamicSwiftUIViewType.swift:50:21: Main actor-isolated property 'contentView' can not be referenced from a nonisolated context

/Users/jonahmicahinguito/dev/rotaract-connect/node_modules/expo-modules-core/ios/Core/DynamicTypes/DynamicTypedArrayType.swift:6:7: Stored property 'innerType' of 'Sendable'-conforming struct 'DynamicTypedArrayType' has non-Sendable type 'any AnyTypedArray.Type'

/Users/jonahmicahinguito/dev/rotaract-connect/node_modules/expo-modules-core/ios/Core/DynamicTypes/DynamicTypedArrayType.swift:56:22: Class 'ArrayTypeMismatchException' must restate inherited '@unchecked Sendable' conformance

/Users/jonahmicahinguito/dev/rotaract-connect/node_modules/expo-modules-core/ios/Core/DynamicTypes/DynamicTypedArrayType.swift:62:22: Class 'NotTypedArrayException' must restate inherited '@unchecked Sendable' conformance

/Users/jonahmicahinguito/dev/rotaract-connect/node_modules/expo-modules-core/ios/Core/DynamicTypes/DynamicValueOrUndefinedType.swift:6:7: Stored property 'innerType' of 'Sendable'-conforming generic struct 'DynamicValueOrUndefinedType' has non-Sendable type 'InnerType.Type'

/Users/jonahmicahinguito/dev/rotaract-connect/node_modules/expo-modules-core/ios/Core/DynamicTypes/DynamicViewType.swift:60:22: Class 'InvalidViewTagException' must restate inherited '@unchecked Sendable' conformance

/Users/jonahmicahinguito/dev/rotaract-connect/node_modules/expo-modules-core/ios/Core/Arguments/Enumerable.swift:69:16: Class 'EnumCastingException' must restate inherited '@unchecked Sendable' conformance

/Users/jonahmicahinguito/dev/rotaract-connect/node_modules/expo-modules-core/ios/Core/Arguments/Enumerable.swift:78:16: Class 'EnumNoSuchValueException' must restate inherited '@unchecked Sendable' conformance

/Users/jonahmicahinguito/dev/rotaract-connect/node_modules/expo-modules-core/ios/Core/Events/EventDispatcher.swift:47:41: Use of protocol 'Record' as a type must be written 'any Record'; this will be an error in a future Swift language mode

/Users/jonahmicahinguito/dev/rotaract-connect/node_modules/expo-modules-core/ios/Uuidv5/Exceptions.swift:3:16: Class 'InvalidNamespaceException' must restate inherited '@unchecked Sendable' conformance

/Users/jonahmicahinguito/dev/rotaract-connect/node_modules/expo-modules-core/ios/AppDelegates/ExpoAppDelegateSubscriberManager.swift:400:52: 'application(_:performFetchWithCompletionHandler:)' was deprecated in iOS 13.0: Use a BGAppRefreshTask in the BackgroundTasks framework instead

/Users/jonahmicahinguito/dev/rotaract-connect/node_modules/expo-modules-core/ios/AppDelegates/ExpoAppDelegateSubscriberManager.swift:433:18: 'application(_:performFetchWithCompletionHandler:)' was deprecated in iOS 13.0: Use a BGAppRefreshTask in the BackgroundTasks framework instead

/Users/jonahmicahinguito/dev/rotaract-connect/node_modules/expo-modules-core/ios/Fabric/ExpoFabricView.swift:202:14: Weak variable 'weakAppContext' was never mutated; consider changing to 'let' constant

/Users/jonahmicahinguito/dev/rotaract-connect/node_modules/expo-modules-core/ios/Fabric/ExpoFabricView.swift:229:53: Use '#selector' instead of explicitly constructing a 'Selector'

/Users/jonahmicahinguito/dev/rotaract-connect/node_modules/expo-modules-core/ios/ReactDelegates/ExpoReactDelegate.swift:41:39: Call to main actor-isolated initializer 'init()' in a synchronous nonisolated context

/Users/jonahmicahinguito/dev/rotaract-connect/node_modules/expo-modules-core/ios/Core/Records/FormattedRecord.swift:50:9: Expression implicitly coerced from 'Any?' to 'Any'

/Users/jonahmicahinguito/dev/rotaract-connect/node_modules/expo-modules-core/ios/Legacy/LegacyModuleRegistry.swift:20:3: 'nonisolated(unsafe)' is unnecessary for a constant with 'Sendable' type 'LegacyModuleRegistry', consider removing it

/Users/jonahmicahinguito/dev/rotaract-connect/node_modules/expo-modules-core/ios/Core/Modules/Module.swift:25:17: 'eventEmitter' is deprecated: Use `sendEvent` directly on the module instance instead

/Users/jonahmicahinguito/dev/rotaract-connect/node_modules/expo-modules-core/ios/Core/ModuleHolder.swift:208:18: Class 'ModuleNotFoundException' must restate inherited '@unchecked Sendable' conformance

/Users/jonahmicahinguito/dev/rotaract-connect/node_modules/expo-modules-core/ios/Core/ModuleHolder.swift:214:18: Class 'FunctionNotFoundException' must restate inherited '@unchecked Sendable' conformance

/Users/jonahmicahinguito/dev/rotaract-connect/node_modules/expo-modules-core/ios/Core/Logging/PersistentFileLog.swift:61:7: Capture of 'self' with non-Sendable type 'PersistentFileLog' in a '@Sendable' closure

/Users/jonahmicahinguito/dev/rotaract-connect/node_modules/expo-modules-core/ios/Core/Logging/PersistentFileLog.swift:64:9: Capture of 'completionHandler' with non-Sendable type 'PersistentFileLogCompletionHandler?' (aka 'Optional<(Optional<any Error>) -> ()>') in a '@Sendable' closure

/Users/jonahmicahinguito/dev/rotaract-connect/node_modules/expo-modules-core/ios/Core/Logging/PersistentFileLog.swift:76:7: Capture of 'self' with non-Sendable type 'PersistentFileLog' in a '@Sendable' closure

/Users/jonahmicahinguito/dev/rotaract-connect/node_modules/expo-modules-core/ios/Core/Logging/PersistentFileLog.swift:79:54: Capture of 'filter' with non-Sendable type 'PersistentFileLogFilter' (aka '(String) -> Bool') in a '@Sendable' closure

/Users/jonahmicahinguito/dev/rotaract-connect/node_modules/expo-modules-core/ios/Core/Logging/PersistentFileLog.swift:81:9: Capture of 'completionHandler' with non-Sendable type 'PersistentFileLogCompletionHandler' (aka '(Optional<any Error>) -> ()') in a '@Sendable' closure

/Users/jonahmicahinguito/dev/rotaract-connect/node_modules/expo-modules-core/ios/Core/Logging/PersistentFileLog.swift:79:54: Capture of 'filter' with non-Sendable type 'PersistentFileLogFilter' (aka '(String) -> Bool') in an isolated closure

/Users/jonahmicahinguito/dev/rotaract-connect/node_modules/expo-modules-core/ios/Core/Logging/PersistentFileLog.swift:94:13: Capture of 'self' with non-Sendable type 'PersistentFileLog' in a '@Sendable' closure

/Users/jonahmicahinguito/dev/rotaract-connect/node_modules/expo-modules-core/ios/Core/Logging/PersistentFileLog.swift:95:9: Capture of 'completionHandler' with non-Sendable type 'PersistentFileLogCompletionHandler' (aka '(Optional<any Error>) -> ()') in a '@Sendable' closure

/Users/jonahmicahinguito/dev/rotaract-connect/node_modules/expo-modules-core/ios/Core/Records/Record.swift:196:34: Use of protocol 'Record' as a type must be written 'any Record'; this will be an error in a future Swift language mode

/Users/jonahmicahinguito/dev/rotaract-connect/node_modules/expo-modules-core/ios/Core/Records/Record.swift:159:31: Use of protocol 'Record' as a type must be written 'any Record'; this will be an error in a future Swift language mode

/Users/jonahmicahinguito/dev/rotaract-connect/node_modules/expo-modules-core/ios/Utilities/SceneGeometry.swift:14:34: Main actor-isolated property 'windowScene' can not be referenced from a nonisolated context

/Users/jonahmicahinguito/dev/rotaract-connect/node_modules/expo-modules-core/ios/Utilities/SceneGeometry.swift:14:26: Main actor-isolated property 'window' can not be referenced from a nonisolated context

/Users/jonahmicahinguito/dev/rotaract-connect/node_modules/expo-modules-core/ios/Utilities/SceneGeometry.swift:22:38: Main actor-isolated property 'activationState' can not be referenced from a nonisolated context

/Users/jonahmicahinguito/dev/rotaract-connect/node_modules/expo-modules-core/ios/Utilities/SceneGeometry.swift:28:30: Main actor-isolated property 'activationState' can not be referenced from a nonisolated context

/Users/jonahmicahinguito/dev/rotaract-connect/node_modules/expo-modules-core/ios/Utilities/SceneGeometry.swift:29:28: Main actor-isolated property 'activationState' can not be referenced from a nonisolated context

/Users/jonahmicahinguito/dev/rotaract-connect/node_modules/expo-modules-core/ios/Utilities/SceneGeometry.swift:33:33: Main actor-isolated property 'connectedScenes' can not be referenced from a nonisolated context

/Users/jonahmicahinguito/dev/rotaract-connect/node_modules/expo-modules-core/ios/Utilities/SceneGeometry.swift:33:26: Main actor-isolated class property 'shared' can not be referenced from a nonisolated context

/Users/jonahmicahinguito/dev/rotaract-connect/node_modules/expo-modules-core/ios/Utilities/SceneGeometry.swift:40:18: Main actor-isolated property 'windows' can not be referenced from a nonisolated context

/Users/jonahmicahinguito/dev/rotaract-connect/node_modules/expo-modules-core/ios/Utilities/SceneGeometry.swift:40:37: Main actor-isolated property 'isKeyWindow' can not be referenced from a nonisolated context

/Users/jonahmicahinguito/dev/rotaract-connect/node_modules/expo-modules-core/ios/Utilities/SceneGeometry.swift:40:60: Main actor-isolated property 'windows' can not be referenced from a nonisolated autoclosure

/Users/jonahmicahinguito/dev/rotaract-connect/node_modules/expo-modules-core/ios/Utilities/SceneGeometry.swift:44:52: Main actor-isolated property 'bounds' can not be referenced from a nonisolated context

/Users/jonahmicahinguito/dev/rotaract-connect/node_modules/expo-modules-core/ios/Utilities/SceneGeometry.swift:44:19: Main actor-isolated property 'window' can not be referenced from a nonisolated context

/Users/jonahmicahinguito/dev/rotaract-connect/node_modules/expo-modules-core/ios/Utilities/SceneGeometry.swift:48:30: Main actor-isolated property 'window' can not be referenced from a nonisolated context

/Users/jonahmicahinguito/dev/rotaract-connect/node_modules/expo-modules-core/ios/Utilities/SceneGeometry.swift:51:47: Main actor-isolated property 'layoutFrame' can not be referenced from a nonisolated context

/Users/jonahmicahinguito/dev/rotaract-connect/node_modules/expo-modules-core/ios/Utilities/SceneGeometry.swift:51:27: Main actor-isolated property 'safeAreaLayoutGuide' can not be referenced from a nonisolated context

/Users/jonahmicahinguito/dev/rotaract-connect/node_modules/expo-modules-core/ios/Utilities/SceneGeometry.swift:55:19: Main actor-isolated property 'bounds' can not be referenced from a nonisolated context

/Users/jonahmicahinguito/dev/rotaract-connect/node_modules/expo-modules-core/ios/Utilities/SceneGeometry.swift:61:13: Main actor-isolated property 'traitCollection' can not be referenced from a nonisolated context

/Users/jonahmicahinguito/dev/rotaract-connect/node_modules/expo-modules-core/ios/Utilities/SceneGeometry.swift:62:31: Main actor-isolated property 'traitCollection' can not be referenced from a nonisolated context

/Users/jonahmicahinguito/dev/rotaract-connect/node_modules/expo-modules-core/ios/Utilities/SceneGeometry.swift:80:36: Main actor-isolated property 'effectiveGeometry' can not be referenced from a nonisolated context

/Users/jonahmicahinguito/dev/rotaract-connect/node_modules/expo-modules-core/ios/Core/Views/SwiftUI/SwiftUIViewFrameObserver.swift:29:38: Main actor-isolated property 'frame' can not be referenced from a Sendable closure

/Users/jonahmicahinguito/dev/rotaract-connect/node_modules/expo-modules-core/ios/Core/Exceptions/UnexpectedException.swift:6:14: Class 'UnexpectedException' must restate inherited '@unchecked Sendable' conformance

/Users/jonahmicahinguito/dev/rotaract-connect/node_modules/expo-modules-core/ios/DevTools/URLAuthenticationChallengeForwardSender.swift:7:7: Stored property 'completionHandler' of 'Sendable'-conforming class 'URLAuthenticationChallengeForwardSender' has non-Sendable type '(URLSession.AuthChallengeDisposition, Optional<URLCredential>) -> ()'

/Users/jonahmicahinguito/dev/rotaract-connect/node_modules/expo-modules-core/ios/DevTools/URLSessionSessionDelegateProxy.swift:8:15: Stored property 'delegateMap' of 'Sendable'-conforming class 'URLSessionSessionDelegateProxy' is mutable

/Users/jonahmicahinguito/dev/rotaract-connect/node_modules/expo-modules-core/ios/DevTools/URLSessionSessionDelegateProxy.swift:65:28: Passing non-Sendable parameter 'completionHandler' to function expecting a '@Sendable' closure

/Users/jonahmicahinguito/dev/rotaract-connect/node_modules/expo-modules-core/ios/DevTools/URLSessionSessionDelegateProxy.swift:82:28: Passing non-Sendable parameter 'completionHandler' to function expecting a '@Sendable' closure

/Users/jonahmicahinguito/dev/rotaract-connect/node_modules/expo-modules-core/ios/DevTools/URLSessionSessionDelegateProxy.swift:98:28: Passing non-Sendable parameter 'completionHandler' to function expecting a '@Sendable' closure

/Users/jonahmicahinguito/dev/rotaract-connect/node_modules/expo-modules-core/ios/Utilities/Utilities.swift:144:45: 'keyWindow' was deprecated in iOS 13.0: Should not be used for applications that support multiple scenes as it returns a key window across all connected scenes

/Users/jonahmicahinguito/dev/rotaract-connect/node_modules/expo-modules-core/ios/Uuidv5/Uuidv5.swift:15:8: Result of call to 'withUnsafeBytes' is unused

/Users/jonahmicahinguito/dev/rotaract-connect/node_modules/expo-modules-core/ios/Core/DynamicTypes/DynamicConvertibleType.swift:82:19: Sending 'value' risks causing data races

/Users/jonahmicahinguito/dev/rotaract-connect/node_modules/expo-modules-core/ios/Core/DynamicTypes/DynamicConvertibleType.swift:88:19: Sending 'value' risks causing data races

/Users/jonahmicahinguito/dev/rotaract-connect/node_modules/expo-modules-core/ios/Core/DynamicTypes/DynamicRawType.swift:63:34: Sending 'objectBuilder' risks causing data races

CompileC /Users/jonahmicahinguito/Library/Developer/Xcode/DerivedData/rotaractconnect-cjwcbdlngckcsaantafkjnfzfbdk/Build/Intermediates.noindex/Pods.build/Debug-iphoneos/ExpoModulesCore.build/Objects-normal/arm64/ExpoFabricViewObjC.o /Users/jonahmicahinguito/dev/rotaract-connect/node_modules/expo-modules-core/ios/Fabric/ExpoFabricViewObjC.mm normal arm64 objective-c++ com.apple.compilers.llvm.clang.1_0.compiler (in target 'ExpoModulesCore' from project 'Pods')
    cd /Users/jonahmicahinguito/dev/rotaract-connect/ios/Pods
    
    Using response file: /Users/jonahmicahinguito/Library/Developer/Xcode/DerivedData/rotaractconnect-cjwcbdlngckcsaantafkjnfzfbdk/Build/Intermediates.noindex/Pods.build/Debug-iphoneos/ExpoModulesCore.build/Objects-normal/arm64/af3fcb34312c57c0f52879cdce924b91-common-args.resp
    
    /Applications/Xcode.app/Contents/Developer/Toolchains/XcodeDefault.xctoolchain/usr/bin/clang -x objective-c++ -ivfsstatcache /Users/jonahmicahinguito/Library/Developer/Xcode/DerivedData/SDKStatCaches.noindex/iphoneos26.5-23F81a-32daed1954a7d5dd0789fcaf2a9bb78b.sdkstatcache -target arm64-apple-ios16.4 -fmessage-length\=0 -fdiagnostics-show-note-include-stack -fmacro-backtrace-limit\=0 -fno-color-diagnostics -fmodules-prune-interval\=86400 -fmodules-prune-after\=345600 -fbuild-session-file\=/Users/jonahmicahinguito/Library/Developer/Xcode/DerivedData/ModuleCache.noindex/Session.modulevalidation -fmodules-validate-once-per-build-session -Wnon-modular-include-in-framework-module -Werror\=non-modular-include-in-framework-module -Wno-trigraphs -Wno-missing-field-initializers -Wno-missing-prototypes -Werror\=return-type -Wdocumentation -Wunreachable-code -Wno-implicit-atomic-properties -Werror\=deprecated-objc-isa-usage -Wno-objc-interface-ivars -Werror\=objc-root-class -Wno-arc-repeated-use-of-weak -Wimplicit-retain-self -Wno-non-virtual-dtor -Wno-overloaded-virtual -Wno-exit-time-destructors -Wduplicate-method-match -Wno-missing-braces -Wparentheses -Wswitch -Wunused-function -Wno-unused-label -Wno-unused-parameter -Wunused-variable -Wunused-value -Wempty-body -Wuninitialized -Wconditional-uninitialized -Wno-unknown-pragmas -Wno-shadow -Wno-four-char-constants -Wno-conversion -Wconstant-conversion -Wint-conversion -Wbool-conversion -Wenum-conversion -Wno-float-conversion -Wnon-literal-null-conversion -Wobjc-literal-conversion -Wshorten-64-to-32 -Wno-newline-eof -Wno-selector -Wno-strict-selector-match -Wundeclared-selector -Wdeprecated-implementations -Wno-c++11-extensions -Wno-implicit-fallthrough -isysroot /Applications/Xcode.app/Contents/Developer/Platforms/iPhoneOS.platform/Developer/SDKs/iPhoneOS26.5.sdk -fstrict-aliasing -Wprotocol -Wdeprecated-declarations -Winvalid-offsetof -Wno-sign-conversion -Winfinite-recursion -Wmove -Wcomma -Wblock-capture-autoreleasing -Wstrict-prototypes -Wrange-loop-analysis -Wno-semicolon-before-method-body -Wunguarded-availability -index-store-path /Users/jonahmicahinguito/Library/Developer/Xcode/DerivedData/rotaractconnect-cjwcbdlngckcsaantafkjnfzfbdk/Index.noindex/DataStore @/Users/jonahmicahinguito/Library/Developer/Xcode/DerivedData/rotaractconnect-cjwcbdlngckcsaantafkjnfzfbdk/Build/Intermediates.noindex/Pods.build/Debug-iphoneos/ExpoModulesCore.build/Objects-normal/arm64/af3fcb34312c57c0f52879cdce924b91-common-args.resp -DFOLLY_MOBILE\=1 -DFOLLY_USE_LIBCPP\=1 -DFOLLY_CFG_NO_COROUTINES\=1 -DFOLLY_HAVE_CLOCK_GETTIME\=1 -Wno-comma -Wno-shorten-64-to-32 -DREACT_NATIVE_TARGET_VERSION\=86 -DUSE_HERMES -DRCT_NEW_ARCH_ENABLED -include /Users/jonahmicahinguito/dev/rotaract-connect/ios/Pods/Target\ Support\ Files/ExpoModulesCore/ExpoModulesCore-prefix.pch -MMD -MT dependencies -MF /Users/jonahmicahinguito/Library/Developer/Xcode/DerivedData/rotaractconnect-cjwcbdlngckcsaantafkjnfzfbdk/Build/Intermediates.noindex/Pods.build/Debug-iphoneos/ExpoModulesCore.build/Objects-normal/arm64/ExpoFabricViewObjC.d --serialize-diagnostics /Users/jonahmicahinguito/Library/Developer/Xcode/DerivedData/rotaractconnect-cjwcbdlngckcsaantafkjnfzfbdk/Build/Intermediates.noindex/Pods.build/Debug-iphoneos/ExpoModulesCore.build/Objects-normal/arm64/ExpoFabricViewObjC.dia -c /Users/jonahmicahinguito/dev/rotaract-connect/node_modules/expo-modules-core/ios/Fabric/ExpoFabricViewObjC.mm -o /Users/jonahmicahinguito/Library/Developer/Xcode/DerivedData/rotaractconnect-cjwcbdlngckcsaantafkjnfzfbdk/Build/Intermediates.noindex/Pods.build/Debug-iphoneos/ExpoModulesCore.build/Objects-normal/arm64/ExpoFabricViewObjC.o -index-unit-output-path /Pods.build/Debug-iphoneos/ExpoModulesCore.build/Objects-normal/arm64/ExpoFabricViewObjC.o

/Users/jonahmicahinguito/dev/rotaract-connect/node_modules/expo-modules-core/ios/Fabric/ExpoFabricViewObjC.mm:285:30: warning: performSelector may cause a leak because its selector is unknown [-Warc-performSelector-leaks]
  285 |     moduleName = [viewModule performSelector:moduleNameSelector];
      |                              ^
/Users/jonahmicahinguito/dev/rotaract-connect/node_modules/expo-modules-core/ios/Fabric/ExpoFabricViewObjC.mm:285:46: note: used here
  285 |     moduleName = [viewModule performSelector:moduleNameSelector];
      |                                              ^
/Users/jonahmicahinguito/dev/rotaract-connect/node_modules/expo-modules-core/ios/Fabric/ExpoFabricViewObjC.mm:291:28: warning: performSelector may cause a leak because its selector is unknown [-Warc-performSelector-leaks]
  291 |     viewName = [viewModule performSelector:viewNameSelector];
      |                            ^
/Users/jonahmicahinguito/dev/rotaract-connect/node_modules/expo-modules-core/ios/Fabric/ExpoFabricViewObjC.mm:291:44: note: used here
  291 |     viewName = [viewModule performSelector:viewNameSelector];
      |                                            ^
2 warnings generated.

/Users/jonahmicahinguito/dev/rotaract-connect/node_modules/expo-modules-core/ios/Fabric/ExpoFabricViewObjC.mm:285:30: PerformSelector may cause a leak because its selector is unknown

/Users/jonahmicahinguito/dev/rotaract-connect/node_modules/expo-modules-core/ios/Fabric/ExpoFabricViewObjC.mm:291:28: PerformSelector may cause a leak because its selector is unknown

CompileC /Users/jonahmicahinguito/Library/Developer/Xcode/DerivedData/rotaractconnect-cjwcbdlngckcsaantafkjnfzfbdk/Build/Intermediates.noindex/Pods.build/Debug-iphoneos/ExpoModulesCore.build/Objects-normal/arm64/EXHostWrapper.o /Users/jonahmicahinguito/dev/rotaract-connect/node_modules/expo-modules-core/ios/Fabric/EXHostWrapper.mm normal arm64 objective-c++ com.apple.compilers.llvm.clang.1_0.compiler (in target 'ExpoModulesCore' from project 'Pods')
    cd /Users/jonahmicahinguito/dev/rotaract-connect/ios/Pods
    
    Using response file: /Users/jonahmicahinguito/Library/Developer/Xcode/DerivedData/rotaractconnect-cjwcbdlngckcsaantafkjnfzfbdk/Build/Intermediates.noindex/Pods.build/Debug-iphoneos/ExpoModulesCore.build/Objects-normal/arm64/af3fcb34312c57c0f52879cdce924b91-common-args.resp
    
    /Applications/Xcode.app/Contents/Developer/Toolchains/XcodeDefault.xctoolchain/usr/bin/clang -x objective-c++ -ivfsstatcache /Users/jonahmicahinguito/Library/Developer/Xcode/DerivedData/SDKStatCaches.noindex/iphoneos26.5-23F81a-32daed1954a7d5dd0789fcaf2a9bb78b.sdkstatcache -target arm64-apple-ios16.4 -fmessage-length\=0 -fdiagnostics-show-note-include-stack -fmacro-backtrace-limit\=0 -fno-color-diagnostics -fmodules-prune-interval\=86400 -fmodules-prune-after\=345600 -fbuild-session-file\=/Users/jonahmicahinguito/Library/Developer/Xcode/DerivedData/ModuleCache.noindex/Session.modulevalidation -fmodules-validate-once-per-build-session -Wnon-modular-include-in-framework-module -Werror\=non-modular-include-in-framework-module -Wno-trigraphs -Wno-missing-field-initializers -Wno-missing-prototypes -Werror\=return-type -Wdocumentation -Wunreachable-code -Wno-implicit-atomic-properties -Werror\=deprecated-objc-isa-usage -Wno-objc-interface-ivars -Werror\=objc-root-class -Wno-arc-repeated-use-of-weak -Wimplicit-retain-self -Wno-non-virtual-dtor -Wno-overloaded-virtual -Wno-exit-time-destructors -Wduplicate-method-match -Wno-missing-braces -Wparentheses -Wswitch -Wunused-function -Wno-unused-label -Wno-unused-parameter -Wunused-variable -Wunused-value -Wempty-body -Wuninitialized -Wconditional-uninitialized -Wno-unknown-pragmas -Wno-shadow -Wno-four-char-constants -Wno-conversion -Wconstant-conversion -Wint-conversion -Wbool-conversion -Wenum-conversion -Wno-float-conversion -Wnon-literal-null-conversion -Wobjc-literal-conversion -Wshorten-64-to-32 -Wno-newline-eof -Wno-selector -Wno-strict-selector-match -Wundeclared-selector -Wdeprecated-implementations -Wno-c++11-extensions -Wno-implicit-fallthrough -isysroot /Applications/Xcode.app/Contents/Developer/Platforms/iPhoneOS.platform/Developer/SDKs/iPhoneOS26.5.sdk -fstrict-aliasing -Wprotocol -Wdeprecated-declarations -Winvalid-offsetof -Wno-sign-conversion -Winfinite-recursion -Wmove -Wcomma -Wblock-capture-autoreleasing -Wstrict-prototypes -Wrange-loop-analysis -Wno-semicolon-before-method-body -Wunguarded-availability -index-store-path /Users/jonahmicahinguito/Library/Developer/Xcode/DerivedData/rotaractconnect-cjwcbdlngckcsaantafkjnfzfbdk/Index.noindex/DataStore @/Users/jonahmicahinguito/Library/Developer/Xcode/DerivedData/rotaractconnect-cjwcbdlngckcsaantafkjnfzfbdk/Build/Intermediates.noindex/Pods.build/Debug-iphoneos/ExpoModulesCore.build/Objects-normal/arm64/af3fcb34312c57c0f52879cdce924b91-common-args.resp -DFOLLY_MOBILE\=1 -DFOLLY_USE_LIBCPP\=1 -DFOLLY_CFG_NO_COROUTINES\=1 -DFOLLY_HAVE_CLOCK_GETTIME\=1 -Wno-comma -Wno-shorten-64-to-32 -DREACT_NATIVE_TARGET_VERSION\=86 -DUSE_HERMES -DRCT_NEW_ARCH_ENABLED -include /Users/jonahmicahinguito/dev/rotaract-connect/ios/Pods/Target\ Support\ Files/ExpoModulesCore/ExpoModulesCore-prefix.pch -MMD -MT dependencies -MF /Users/jonahmicahinguito/Library/Developer/Xcode/DerivedData/rotaractconnect-cjwcbdlngckcsaantafkjnfzfbdk/Build/Intermediates.noindex/Pods.build/Debug-iphoneos/ExpoModulesCore.build/Objects-normal/arm64/EXHostWrapper.d --serialize-diagnostics /Users/jonahmicahinguito/Library/Developer/Xcode/DerivedData/rotaractconnect-cjwcbdlngckcsaantafkjnfzfbdk/Build/Intermediates.noindex/Pods.build/Debug-iphoneos/ExpoModulesCore.build/Objects-normal/arm64/EXHostWrapper.dia -c /Users/jonahmicahinguito/dev/rotaract-connect/node_modules/expo-modules-core/ios/Fabric/EXHostWrapper.mm -o /Users/jonahmicahinguito/Library/Developer/Xcode/DerivedData/rotaractconnect-cjwcbdlngckcsaantafkjnfzfbdk/Build/Intermediates.noindex/Pods.build/Debug-iphoneos/ExpoModulesCore.build/Objects-normal/arm64/EXHostWrapper.o -index-unit-output-path /Pods.build/Debug-iphoneos/ExpoModulesCore.build/Objects-normal/arm64/EXHostWrapper.o

In file included from /Users/jonahmicahinguito/dev/rotaract-connect/node_modules/expo-modules-core/ios/Fabric/EXHostWrapper.mm:8:
In file included from /Users/jonahmicahinguito/dev/rotaract-connect/ios/Pods/Headers/Public/React-RCTFabric/React/RCTMountingManager.h:15:
In file included from /Users/jonahmicahinguito/dev/rotaract-connect/ios/Pods/Headers/Public/React-Fabric/react/renderer/mounting/MountingCoordinator.h:15:
In file included from /Users/jonahmicahinguito/dev/rotaract-connect/ios/Pods/Headers/Public/React-Fabric/react/renderer/mounting/Differentiator.h:11:
/Users/jonahmicahinguito/dev/rotaract-connect/ios/Pods/Headers/Public/React-Fabric/react/renderer/mounting/ShadowViewMutation.h:46:7: warning: declaration is marked with '@deprecated' command but does not have a deprecation attribute [-Wdocumentation-deprecated-sync]
   46 |    * @deprecated Pass parentTag instead of parentShadowView.
      |      ~^~~~~~~~~~~~~~~~~~~~~~~~~~~~~~~~~~~~~~~~~~~~~~~~~~~~~~
/Users/jonahmicahinguito/dev/rotaract-connect/ios/Pods/Headers/Public/React-Fabric/react/renderer/mounting/ShadowViewMutation.h:48:3: note: add a deprecation attribute to the declaration to silence this warning
   48 |   static ShadowViewMutation InsertMutation(const ShadowView &parentShadowView, ShadowView childShadowView, int index)
      |   ^
      |   FMT_DEPRECATED 
/Users/jonahmicahinguito/dev/rotaract-connect/ios/Pods/Headers/Public/React-Fabric/react/renderer/mounting/ShadowViewMutation.h:60:7: warning: declaration is marked with '@deprecated' command but does not have a deprecation attribute [-Wdocumentation-deprecated-sync]
   60 |    * @deprecated Pass parentTag instead of parentShadowView.
      |      ~^~~~~~~~~~~~~~~~~~~~~~~~~~~~~~~~~~~~~~~~~~~~~~~~~~~~~~
/Users/jonahmicahinguito/dev/rotaract-connect/ios/Pods/Headers/Public/React-Fabric/react/renderer/mounting/ShadowViewMutation.h:62:3: note: add a deprecation attribute to the declaration to silence this warning
   62 |   static ShadowViewMutation RemoveMutation(const ShadowView &parentShadowView, ShadowView childShadowView, int index)
      |   ^
      |   FMT_DEPRECATED 
/Users/jonahmicahinguito/dev/rotaract-connect/ios/Pods/Headers/Public/React-Fabric/react/renderer/mounting/ShadowViewMutation.h:74:7: warning: declaration is marked with '@deprecated' command but does not have a deprecation attribute [-Wdocumentation-deprecated-sync]
   74 |    * @deprecated Pass parentTag instead of parentShadowView.
      |      ~^~~~~~~~~~~~~~~~~~~~~~~~~~~~~~~~~~~~~~~~~~~~~~~~~~~~~~
/Users/jonahmicahinguito/dev/rotaract-connect/ios/Pods/Headers/Public/React-Fabric/react/renderer/mounting/ShadowViewMutation.h:76:3: note: add a deprecation attribute to the declaration to silence this warning
   76 |   static ShadowViewMutation
      |   ^
      |   FMT_DEPRECATED 
3 warnings generated.

/Users/jonahmicahinguito/dev/rotaract-connect/ios/Pods/Headers/Public/React-Fabric/react/renderer/mounting/ShadowViewMutation.h:46:7: Declaration is marked with '@deprecated' command but does not have a deprecation attribute

/Users/jonahmicahinguito/dev/rotaract-connect/ios/Pods/Headers/Public/React-Fabric/react/renderer/mounting/ShadowViewMutation.h:60:7: Declaration is marked with '@deprecated' command but does not have a deprecation attribute

/Users/jonahmicahinguito/dev/rotaract-connect/ios/Pods/Headers/Public/React-Fabric/react/renderer/mounting/ShadowViewMutation.h:74:7: Declaration is marked with '@deprecated' command but does not have a deprecation attribute

CompileC /Users/jonahmicahinguito/Library/Developer/Xcode/DerivedData/rotaractconnect-cjwcbdlngckcsaantafkjnfzfbdk/Build/Intermediates.noindex/Pods.build/Debug-iphoneos/ExpoModulesCore.build/Objects-normal/arm64/EXUtilities.o /Users/jonahmicahinguito/dev/rotaract-connect/node_modules/expo-modules-core/ios/Legacy/EXUtilities.m normal arm64 objective-c com.apple.compilers.llvm.clang.1_0.compiler (in target 'ExpoModulesCore' from project 'Pods')
    cd /Users/jonahmicahinguito/dev/rotaract-connect/ios/Pods
    
    Using response file: /Users/jonahmicahinguito/Library/Developer/Xcode/DerivedData/rotaractconnect-cjwcbdlngckcsaantafkjnfzfbdk/Build/Intermediates.noindex/Pods.build/Debug-iphoneos/ExpoModulesCore.build/Objects-normal/arm64/e6072d4f65d7061329687fe24e3d63a7-common-args.resp
    
    /Applications/Xcode.app/Contents/Developer/Toolchains/XcodeDefault.xctoolchain/usr/bin/clang -x objective-c -ivfsstatcache /Users/jonahmicahinguito/Library/Developer/Xcode/DerivedData/SDKStatCaches.noindex/iphoneos26.5-23F81a-32daed1954a7d5dd0789fcaf2a9bb78b.sdkstatcache -target arm64-apple-ios16.4 -fmessage-length\=0 -fdiagnostics-show-note-include-stack -fmacro-backtrace-limit\=0 -fno-color-diagnostics -fmodules-prune-interval\=86400 -fmodules-prune-after\=345600 -fbuild-session-file\=/Users/jonahmicahinguito/Library/Developer/Xcode/DerivedData/ModuleCache.noindex/Session.modulevalidation -fmodules-validate-once-per-build-session -Wnon-modular-include-in-framework-module -Werror\=non-modular-include-in-framework-module -Wno-trigraphs -Wno-missing-field-initializers -Wno-missing-prototypes -Werror\=return-type -Wdocumentation -Wunreachable-code -Wno-implicit-atomic-properties -Werror\=deprecated-objc-isa-usage -Wno-objc-interface-ivars -Werror\=objc-root-class -Wno-arc-repeated-use-of-weak -Wimplicit-retain-self -Wduplicate-method-match -Wno-missing-braces -Wparentheses -Wswitch -Wunused-function -Wno-unused-label -Wno-unused-parameter -Wunused-variable -Wunused-value -Wempty-body -Wuninitialized -Wconditional-uninitialized -Wno-unknown-pragmas -Wno-shadow -Wno-four-char-constants -Wno-conversion -Wconstant-conversion -Wint-conversion -Wbool-conversion -Wenum-conversion -Wno-float-conversion -Wnon-literal-null-conversion -Wobjc-literal-conversion -Wshorten-64-to-32 -Wpointer-sign -Wno-newline-eof -Wno-selector -Wno-strict-selector-match -Wundeclared-selector -Wdeprecated-implementations -Wno-implicit-fallthrough -isysroot /Applications/Xcode.app/Contents/Developer/Platforms/iPhoneOS.platform/Developer/SDKs/iPhoneOS26.5.sdk -fstrict-aliasing -Wprotocol -Wdeprecated-declarations -Wno-sign-conversion -Winfinite-recursion -Wcomma -Wblock-capture-autoreleasing -Wstrict-prototypes -Wno-semicolon-before-method-body -Wunguarded-availability -index-store-path /Users/jonahmicahinguito/Library/Developer/Xcode/DerivedData/rotaractconnect-cjwcbdlngckcsaantafkjnfzfbdk/Index.noindex/DataStore @/Users/jonahmicahinguito/Library/Developer/Xcode/DerivedData/rotaractconnect-cjwcbdlngckcsaantafkjnfzfbdk/Build/Intermediates.noindex/Pods.build/Debug-iphoneos/ExpoModulesCore.build/Objects-normal/arm64/e6072d4f65d7061329687fe24e3d63a7-common-args.resp -DFOLLY_MOBILE\=1 -DFOLLY_USE_LIBCPP\=1 -DFOLLY_CFG_NO_COROUTINES\=1 -DFOLLY_HAVE_CLOCK_GETTIME\=1 -Wno-comma -Wno-shorten-64-to-32 -DREACT_NATIVE_TARGET_VERSION\=86 -DUSE_HERMES -DRCT_NEW_ARCH_ENABLED -include /Users/jonahmicahinguito/dev/rotaract-connect/ios/Pods/Target\ Support\ Files/ExpoModulesCore/ExpoModulesCore-prefix.pch -MMD -MT dependencies -MF /Users/jonahmicahinguito/Library/Developer/Xcode/DerivedData/rotaractconnect-cjwcbdlngckcsaantafkjnfzfbdk/Build/Intermediates.noindex/Pods.build/Debug-iphoneos/ExpoModulesCore.build/Objects-normal/arm64/EXUtilities.d --serialize-diagnostics /Users/jonahmicahinguito/Library/Developer/Xcode/DerivedData/rotaractconnect-cjwcbdlngckcsaantafkjnfzfbdk/Build/Intermediates.noindex/Pods.build/Debug-iphoneos/ExpoModulesCore.build/Objects-normal/arm64/EXUtilities.dia -c /Users/jonahmicahinguito/dev/rotaract-connect/node_modules/expo-modules-core/ios/Legacy/EXUtilities.m -o /Users/jonahmicahinguito/Library/Developer/Xcode/DerivedData/rotaractconnect-cjwcbdlngckcsaantafkjnfzfbdk/Build/Intermediates.noindex/Pods.build/Debug-iphoneos/ExpoModulesCore.build/Objects-normal/arm64/EXUtilities.o -index-unit-output-path /Pods.build/Debug-iphoneos/ExpoModulesCore.build/Objects-normal/arm64/EXUtilities.o

/Users/jonahmicahinguito/dev/rotaract-connect/node_modules/expo-modules-core/ios/Legacy/EXUtilities.m:50:70: warning: 'keyWindow' is deprecated: first deprecated in iOS 13.0 - Should not be used for applications that support multiple scenes as it returns a key window across all connected scenes [-Wdeprecated-declarations]
   50 |   UIViewController *controller = [[[UIApplication sharedApplication] keyWindow] rootViewController];
      |                                                                      ^
In module 'UIKit' imported from /Users/jonahmicahinguito/dev/rotaract-connect/ios/Pods/Target Support Files/ExpoModulesCore/ExpoModulesCore-prefix.pch:2:
/Applications/Xcode.app/Contents/Developer/Platforms/iPhoneOS.platform/Developer/SDKs/iPhoneOS26.5.sdk/System/Library/Frameworks/UIKit.framework/Headers/UIApplication.h:108:51: note: property 'keyWindow' is declared deprecated here
  108 | @property(nullable, nonatomic,readonly) UIWindow *keyWindow API_DEPRECATED("Should not be used for applications that support multiple scenes as it returns a key window across all connected scenes", ios(2.0, 13.0)) API_UNAVAILABLE(visionos, watchos);
      |                                                   ^
/Applications/Xcode.app/Contents/Developer/Platforms/iPhoneOS.platform/Developer/SDKs/iPhoneOS26.5.sdk/System/Library/Frameworks/UIKit.framework/Headers/UIApplication.h:108:51: note: 'keyWindow' has been explicitly marked deprecated here
1 warning generated.

/Users/jonahmicahinguito/dev/rotaract-connect/node_modules/expo-modules-core/ios/Legacy/EXUtilities.m:50:70: 'keyWindow' is deprecated: first deprecated in iOS 13.0 - Should not be used for applications that support multiple scenes as it returns a key window across all connected scenes

CompileC /Users/jonahmicahinguito/Library/Developer/Xcode/DerivedData/rotaractconnect-cjwcbdlngckcsaantafkjnfzfbdk/Build/Intermediates.noindex/Pods.build/Debug-iphoneos/ExpoModulesCore.build/Objects-normal/arm64/EXModuleRegistryHolderReactModule.o /Users/jonahmicahinguito/dev/rotaract-connect/node_modules/expo-modules-core/ios/Legacy/ModuleRegistryAdapter/EXModuleRegistryHolderReactModule.m normal arm64 objective-c com.apple.compilers.llvm.clang.1_0.compiler (in target 'ExpoModulesCore' from project 'Pods')
    cd /Users/jonahmicahinguito/dev/rotaract-connect/ios/Pods
    
    Using response file: /Users/jonahmicahinguito/Library/Developer/Xcode/DerivedData/rotaractconnect-cjwcbdlngckcsaantafkjnfzfbdk/Build/Intermediates.noindex/Pods.build/Debug-iphoneos/ExpoModulesCore.build/Objects-normal/arm64/e6072d4f65d7061329687fe24e3d63a7-common-args.resp
    
    /Applications/Xcode.app/Contents/Developer/Toolchains/XcodeDefault.xctoolchain/usr/bin/clang -x objective-c -ivfsstatcache /Users/jonahmicahinguito/Library/Developer/Xcode/DerivedData/SDKStatCaches.noindex/iphoneos26.5-23F81a-32daed1954a7d5dd0789fcaf2a9bb78b.sdkstatcache -target arm64-apple-ios16.4 -fmessage-length\=0 -fdiagnostics-show-note-include-stack -fmacro-backtrace-limit\=0 -fno-color-diagnostics -fmodules-prune-interval\=86400 -fmodules-prune-after\=345600 -fbuild-session-file\=/Users/jonahmicahinguito/Library/Developer/Xcode/DerivedData/ModuleCache.noindex/Session.modulevalidation -fmodules-validate-once-per-build-session -Wnon-modular-include-in-framework-module -Werror\=non-modular-include-in-framework-module -Wno-trigraphs -Wno-missing-field-initializers -Wno-missing-prototypes -Werror\=return-type -Wdocumentation -Wunreachable-code -Wno-implicit-atomic-properties -Werror\=deprecated-objc-isa-usage -Wno-objc-interface-ivars -Werror\=objc-root-class -Wno-arc-repeated-use-of-weak -Wimplicit-retain-self -Wduplicate-method-match -Wno-missing-braces -Wparentheses -Wswitch -Wunused-function -Wno-unused-label -Wno-unused-parameter -Wunused-variable -Wunused-value -Wempty-body -Wuninitialized -Wconditional-uninitialized -Wno-unknown-pragmas -Wno-shadow -Wno-four-char-constants -Wno-conversion -Wconstant-conversion -Wint-conversion -Wbool-conversion -Wenum-conversion -Wno-float-conversion -Wnon-literal-null-conversion -Wobjc-literal-conversion -Wshorten-64-to-32 -Wpointer-sign -Wno-newline-eof -Wno-selector -Wno-strict-selector-match -Wundeclared-selector -Wdeprecated-implementations -Wno-implicit-fallthrough -isysroot /Applications/Xcode.app/Contents/Developer/Platforms/iPhoneOS.platform/Developer/SDKs/iPhoneOS26.5.sdk -fstrict-aliasing -Wprotocol -Wdeprecated-declarations -Wno-sign-conversion -Winfinite-recursion -Wcomma -Wblock-capture-autoreleasing -Wstrict-prototypes -Wno-semicolon-before-method-body -Wunguarded-availability -index-store-path /Users/jonahmicahinguito/Library/Developer/Xcode/DerivedData/rotaractconnect-cjwcbdlngckcsaantafkjnfzfbdk/Index.noindex/DataStore @/Users/jonahmicahinguito/Library/Developer/Xcode/DerivedData/rotaractconnect-cjwcbdlngckcsaantafkjnfzfbdk/Build/Intermediates.noindex/Pods.build/Debug-iphoneos/ExpoModulesCore.build/Objects-normal/arm64/e6072d4f65d7061329687fe24e3d63a7-common-args.resp -DFOLLY_MOBILE\=1 -DFOLLY_USE_LIBCPP\=1 -DFOLLY_CFG_NO_COROUTINES\=1 -DFOLLY_HAVE_CLOCK_GETTIME\=1 -Wno-comma -Wno-shorten-64-to-32 -DREACT_NATIVE_TARGET_VERSION\=86 -DUSE_HERMES -DRCT_NEW_ARCH_ENABLED -include /Users/jonahmicahinguito/dev/rotaract-connect/ios/Pods/Target\ Support\ Files/ExpoModulesCore/ExpoModulesCore-prefix.pch -MMD -MT dependencies -MF /Users/jonahmicahinguito/Library/Developer/Xcode/DerivedData/rotaractconnect-cjwcbdlngckcsaantafkjnfzfbdk/Build/Intermediates.noindex/Pods.build/Debug-iphoneos/ExpoModulesCore.build/Objects-normal/arm64/EXModuleRegistryHolderReactModule.d --serialize-diagnostics /Users/jonahmicahinguito/Library/Developer/Xcode/DerivedData/rotaractconnect-cjwcbdlngckcsaantafkjnfzfbdk/Build/Intermediates.noindex/Pods.build/Debug-iphoneos/ExpoModulesCore.build/Objects-normal/arm64/EXModuleRegistryHolderReactModule.dia -c /Users/jonahmicahinguito/dev/rotaract-connect/node_modules/expo-modules-core/ios/Legacy/ModuleRegistryAdapter/EXModuleRegistryHolderReactModule.m -o /Users/jonahmicahinguito/Library/Developer/Xcode/DerivedData/rotaractconnect-cjwcbdlngckcsaantafkjnfzfbdk/Build/Intermediates.noindex/Pods.build/Debug-iphoneos/ExpoModulesCore.build/Objects-normal/arm64/EXModuleRegistryHolderReactModule.o -index-unit-output-path /Pods.build/Debug-iphoneos/ExpoModulesCore.build/Objects-normal/arm64/EXModuleRegistryHolderReactModule.o

In file included from /Users/jonahmicahinguito/dev/rotaract-connect/node_modules/expo-modules-core/ios/Legacy/ModuleRegistryAdapter/EXModuleRegistryHolderReactModule.m:3:
/Users/jonahmicahinguito/dev/rotaract-connect/node_modules/expo-modules-core/ios/Legacy/ModuleRegistryAdapter/EXModuleRegistryHolderReactModule.h:7:58: warning: cannot find protocol definition for 'RCTBridgeModule'
    7 | @interface EXModuleRegistryHolderReactModule : NSObject <RCTBridgeModule>
      |                                                          ^
/Users/jonahmicahinguito/dev/rotaract-connect/node_modules/expo-modules-core/ios/Legacy/ModuleRegistryAdapter/EXModuleRegistryHolderReactModule.h:3:11: note: protocol 'RCTBridgeModule' has no definition
    3 | @protocol RCTBridgeModule;
      |           ^
1 warning generated.

/Users/jonahmicahinguito/dev/rotaract-connect/node_modules/expo-modules-core/ios/Legacy/ModuleRegistryAdapter/EXModuleRegistryHolderReactModule.h:7:58: Cannot find protocol definition for 'RCTBridgeModule'

CompileC /Users/jonahmicahinguito/Library/Developer/Xcode/DerivedData/rotaractconnect-cjwcbdlngckcsaantafkjnfzfbdk/Build/Intermediates.noindex/Pods.build/Debug-iphoneos/ExpoModulesCore.build/Objects-normal/arm64/EXModuleRegistryAdapter.o /Users/jonahmicahinguito/dev/rotaract-connect/node_modules/expo-modules-core/ios/Legacy/ModuleRegistryAdapter/EXModuleRegistryAdapter.m normal arm64 objective-c com.apple.compilers.llvm.clang.1_0.compiler (in target 'ExpoModulesCore' from project 'Pods')
    cd /Users/jonahmicahinguito/dev/rotaract-connect/ios/Pods
    
    Using response file: /Users/jonahmicahinguito/Library/Developer/Xcode/DerivedData/rotaractconnect-cjwcbdlngckcsaantafkjnfzfbdk/Build/Intermediates.noindex/Pods.build/Debug-iphoneos/ExpoModulesCore.build/Objects-normal/arm64/e6072d4f65d7061329687fe24e3d63a7-common-args.resp
    
    /Applications/Xcode.app/Contents/Developer/Toolchains/XcodeDefault.xctoolchain/usr/bin/clang -x objective-c -ivfsstatcache /Users/jonahmicahinguito/Library/Developer/Xcode/DerivedData/SDKStatCaches.noindex/iphoneos26.5-23F81a-32daed1954a7d5dd0789fcaf2a9bb78b.sdkstatcache -target arm64-apple-ios16.4 -fmessage-length\=0 -fdiagnostics-show-note-include-stack -fmacro-backtrace-limit\=0 -fno-color-diagnostics -fmodules-prune-interval\=86400 -fmodules-prune-after\=345600 -fbuild-session-file\=/Users/jonahmicahinguito/Library/Developer/Xcode/DerivedData/ModuleCache.noindex/Session.modulevalidation -fmodules-validate-once-per-build-session -Wnon-modular-include-in-framework-module -Werror\=non-modular-include-in-framework-module -Wno-trigraphs -Wno-missing-field-initializers -Wno-missing-prototypes -Werror\=return-type -Wdocumentation -Wunreachable-code -Wno-implicit-atomic-properties -Werror\=deprecated-objc-isa-usage -Wno-objc-interface-ivars -Werror\=objc-root-class -Wno-arc-repeated-use-of-weak -Wimplicit-retain-self -Wduplicate-method-match -Wno-missing-braces -Wparentheses -Wswitch -Wunused-function -Wno-unused-label -Wno-unused-parameter -Wunused-variable -Wunused-value -Wempty-body -Wuninitialized -Wconditional-uninitialized -Wno-unknown-pragmas -Wno-shadow -Wno-four-char-constants -Wno-conversion -Wconstant-conversion -Wint-conversion -Wbool-conversion -Wenum-conversion -Wno-float-conversion -Wnon-literal-null-conversion -Wobjc-literal-conversion -Wshorten-64-to-32 -Wpointer-sign -Wno-newline-eof -Wno-selector -Wno-strict-selector-match -Wundeclared-selector -Wdeprecated-implementations -Wno-implicit-fallthrough -isysroot /Applications/Xcode.app/Contents/Developer/Platforms/iPhoneOS.platform/Developer/SDKs/iPhoneOS26.5.sdk -fstrict-aliasing -Wprotocol -Wdeprecated-declarations -Wno-sign-conversion -Winfinite-recursion -Wcomma -Wblock-capture-autoreleasing -Wstrict-prototypes -Wno-semicolon-before-method-body -Wunguarded-availability -index-store-path /Users/jonahmicahinguito/Library/Developer/Xcode/DerivedData/rotaractconnect-cjwcbdlngckcsaantafkjnfzfbdk/Index.noindex/DataStore @/Users/jonahmicahinguito/Library/Developer/Xcode/DerivedData/rotaractconnect-cjwcbdlngckcsaantafkjnfzfbdk/Build/Intermediates.noindex/Pods.build/Debug-iphoneos/ExpoModulesCore.build/Objects-normal/arm64/e6072d4f65d7061329687fe24e3d63a7-common-args.resp -DFOLLY_MOBILE\=1 -DFOLLY_USE_LIBCPP\=1 -DFOLLY_CFG_NO_COROUTINES\=1 -DFOLLY_HAVE_CLOCK_GETTIME\=1 -Wno-comma -Wno-shorten-64-to-32 -DREACT_NATIVE_TARGET_VERSION\=86 -DUSE_HERMES -DRCT_NEW_ARCH_ENABLED -include /Users/jonahmicahinguito/dev/rotaract-connect/ios/Pods/Target\ Support\ Files/ExpoModulesCore/ExpoModulesCore-prefix.pch -MMD -MT dependencies -MF /Users/jonahmicahinguito/Library/Developer/Xcode/DerivedData/rotaractconnect-cjwcbdlngckcsaantafkjnfzfbdk/Build/Intermediates.noindex/Pods.build/Debug-iphoneos/ExpoModulesCore.build/Objects-normal/arm64/EXModuleRegistryAdapter.d --serialize-diagnostics /Users/jonahmicahinguito/Library/Developer/Xcode/DerivedData/rotaractconnect-cjwcbdlngckcsaantafkjnfzfbdk/Build/Intermediates.noindex/Pods.build/Debug-iphoneos/ExpoModulesCore.build/Objects-normal/arm64/EXModuleRegistryAdapter.dia -c /Users/jonahmicahinguito/dev/rotaract-connect/node_modules/expo-modules-core/ios/Legacy/ModuleRegistryAdapter/EXModuleRegistryAdapter.m -o /Users/jonahmicahinguito/Library/Developer/Xcode/DerivedData/rotaractconnect-cjwcbdlngckcsaantafkjnfzfbdk/Build/Intermediates.noindex/Pods.build/Debug-iphoneos/ExpoModulesCore.build/Objects-normal/arm64/EXModuleRegistryAdapter.o -index-unit-output-path /Pods.build/Debug-iphoneos/ExpoModulesCore.build/Objects-normal/arm64/EXModuleRegistryAdapter.o

In file included from /Users/jonahmicahinguito/dev/rotaract-connect/node_modules/expo-modules-core/ios/Legacy/ModuleRegistryAdapter/EXModuleRegistryAdapter.m:5:
/Users/jonahmicahinguito/dev/rotaract-connect/node_modules/expo-modules-core/ios/Legacy/ModuleRegistryAdapter/EXModuleRegistryHolderReactModule.h:7:58: warning: cannot find protocol definition for 'RCTBridgeModule'
    7 | @interface EXModuleRegistryHolderReactModule : NSObject <RCTBridgeModule>
      |                                                          ^
/Users/jonahmicahinguito/dev/rotaract-connect/node_modules/expo-modules-core/ios/Legacy/ModuleRegistryAdapter/EXModuleRegistryHolderReactModule.h:3:11: note: protocol 'RCTBridgeModule' has no definition
    3 | @protocol RCTBridgeModule;
      |           ^
/Users/jonahmicahinguito/dev/rotaract-connect/node_modules/expo-modules-core/ios/Legacy/ModuleRegistryAdapter/EXModuleRegistryAdapter.m:35:36: warning: @protocol is using a forward protocol declaration of 'RCTBridgeModule' [-Wat-protocol]
   35 |     if ([module conformsToProtocol:@protocol(RCTBridgeModule)]) {
      |                                    ^
In file included from /Users/jonahmicahinguito/dev/rotaract-connect/node_modules/expo-modules-core/ios/Legacy/ModuleRegistryAdapter/EXModuleRegistryAdapter.m:5:
/Users/jonahmicahinguito/dev/rotaract-connect/node_modules/expo-modules-core/ios/Legacy/ModuleRegistryAdapter/EXModuleRegistryHolderReactModule.h:3:11: note: 'RCTBridgeModule' declared here
    3 | @protocol RCTBridgeModule;
      |           ^
2 warnings generated.

/Users/jonahmicahinguito/dev/rotaract-connect/node_modules/expo-modules-core/ios/Legacy/ModuleRegistryAdapter/EXModuleRegistryHolderReactModule.h:7:58: Cannot find protocol definition for 'RCTBridgeModule'

/Users/jonahmicahinguito/dev/rotaract-connect/node_modules/expo-modules-core/ios/Legacy/ModuleRegistryAdapter/EXModuleRegistryAdapter.m:35:36: @protocol is using a forward protocol declaration of 'RCTBridgeModule'


Build target ExpoLogBox of project Pods with configuration Debug

Libtool /Users/jonahmicahinguito/Library/Developer/Xcode/DerivedData/rotaractconnect-cjwcbdlngckcsaantafkjnfzfbdk/Build/Products/Debug-iphoneos/ExpoLogBox/libExpoLogBox.a normal (in target 'ExpoLogBox' from project 'Pods')
    cd /Users/jonahmicahinguito/dev/rotaract-connect/ios/Pods
    /Applications/Xcode.app/Contents/Developer/Toolchains/XcodeDefault.xctoolchain/usr/bin/libtool -static -arch_only arm64 -D -syslibroot /Applications/Xcode.app/Contents/Developer/Platforms/iPhoneOS.platform/Developer/SDKs/iPhoneOS26.5.sdk -L/Users/jonahmicahinguito/Library/Developer/Xcode/DerivedData/rotaractconnect-cjwcbdlngckcsaantafkjnfzfbdk/Build/Products/Debug-iphoneos/ExpoLogBox -filelist /Users/jonahmicahinguito/Library/Developer/Xcode/DerivedData/rotaractconnect-cjwcbdlngckcsaantafkjnfzfbdk/Build/Intermediates.noindex/Pods.build/Debug-iphoneos/ExpoLogBox.build/Objects-normal/arm64/ExpoLogBox.LinkFileList -dependency_info /Users/jonahmicahinguito/Library/Developer/Xcode/DerivedData/rotaractconnect-cjwcbdlngckcsaantafkjnfzfbdk/Build/Intermediates.noindex/Pods.build/Debug-iphoneos/ExpoLogBox.build/Objects-normal/arm64/ExpoLogBox_libtool_dependency_info.dat -o /Users/jonahmicahinguito/Library/Developer/Xcode/DerivedData/rotaractconnect-cjwcbdlngckcsaantafkjnfzfbdk/Build/Products/Debug-iphoneos/ExpoLogBox/libExpoLogBox.a

libtool: warning: 'ExpoRedBoxSwap.o' has no symbols

'ExpoRedBoxSwap.o' has no symbols


Build target ExpoLocation of project Pods with configuration Debug

SwiftEmitModule normal arm64 Emitting\ module\ for\ ExpoLocation (in target 'ExpoLocation' from project 'Pods')

EmitSwiftModule normal arm64 (in target 'ExpoLocation' from project 'Pods')
    cd /Users/jonahmicahinguito/dev/rotaract-connect/ios/Pods
    

<module-includes>:1:9: note: in file included from <module-includes>:1:
#import "ExpoModulesCore-umbrella.h"
        ^
/Users/jonahmicahinguito/Library/Developer/Xcode/DerivedData/rotaractconnect-cjwcbdlngckcsaantafkjnfzfbdk/Build/Products/Debug-iphoneos/ExpoModulesCore/ExpoModulesCore-umbrella.h:19:9: note: in file included from /Users/jonahmicahinguito/Library/Developer/Xcode/DerivedData/rotaractconnect-cjwcbdlngckcsaantafkjnfzfbdk/Build/Products/Debug-iphoneos/ExpoModulesCore/ExpoModulesCore-umbrella.h:19:
#import "ExpoModulesCore/ExpoModulesCore.h"
        ^
/Users/jonahmicahinguito/dev/rotaract-connect/ios/Pods/Headers/Public/ExpoModulesCore/ExpoModulesCore/ExpoModulesCore.h:16:9: note: in file included from /Users/jonahmicahinguito/dev/rotaract-connect/ios/Pods/Headers/Public/ExpoModulesCore/ExpoModulesCore/ExpoModulesCore.h:16:
#import <ExpoModulesCore/EXFilePermissionModuleInterface.h>
        ^
/Users/jonahmicahinguito/dev/rotaract-connect/ios/Pods/Headers/Public/ExpoModulesCore/ExpoModulesCore/EXFilePermissionModuleInterface.h:3:9: note: in file included from /Users/jonahmicahinguito/dev/rotaract-connect/ios/Pods/Headers/Public/ExpoModulesCore/ExpoModulesCore/EXFilePermissionModuleInterface.h:3:
#import <ExpoModulesCore/EXFileSystemInterface.h>
        ^
/Users/jonahmicahinguito/dev/rotaract-connect/ios/Pods/Headers/Public/ExpoModulesCore/ExpoModulesCore/EXFileSystemInterface.h:14:42: warning: pointer is missing a nullability type specifier (_Nonnull, _Nullable, or _Null_unspecified)
@property (nonatomic, readonly) NSString *documentDirectory;
                                         ^
/Users/jonahmicahinguito/dev/rotaract-connect/ios/Pods/Headers/Public/ExpoModulesCore/ExpoModulesCore/EXFileSystemInterface.h:14:42: note: insert '_Nullable' if the pointer may be null
@property (nonatomic, readonly) NSString *documentDirectory;
                                         ^
/Users/jonahmicahinguito/dev/rotaract-connect/ios/Pods/Headers/Public/ExpoModulesCore/ExpoModulesCore/EXFileSystemInterface.h:14:42: note: insert '_Nonnull' if the pointer should never be null
@property (nonatomic, readonly) NSString *documentDirectory;
                                         ^
<module-includes>:1:9: note: in file included from <module-includes>:1:
#import "ExpoModulesCore-umbrella.h"
        ^
/Users/jonahmicahinguito/Library/Developer/Xcode/DerivedData/rotaractconnect-cjwcbdlngckcsaantafkjnfzfbdk/Build/Products/Debug-iphoneos/ExpoModulesCore/ExpoModulesCore-umbrella.h:19:9: note: in file included from /Users/jonahmicahinguito/Library/Developer/Xcode/DerivedData/rotaractconnect-cjwcbdlngckcsaantafkjnfzfbdk/Build/Products/Debug-iphoneos/ExpoModulesCore/ExpoModulesCore-umbrella.h:19:
#import "ExpoModulesCore/ExpoModulesCore.h"
        ^
/Users/jonahmicahinguito/dev/rotaract-connect/ios/Pods/Headers/Public/ExpoModulesCore/ExpoModulesCore/ExpoModulesCore.h:16:9: note: in file included from /Users/jonahmicahinguito/dev/rotaract-connect/ios/Pods/Headers/Public/ExpoModulesCore/ExpoModulesCore/ExpoModulesCore.h:16:
#import <ExpoModulesCore/EXFilePermissionModuleInterface.h>
        ^
/Users/jonahmicahinguito/dev/rotaract-connect/ios/Pods/Headers/Public/ExpoModulesCore/ExpoModulesCore/EXFilePermissionModuleInterface.h:3:9: note: in file included from /Users/jonahmicahinguito/dev/rotaract-connect/ios/Pods/Headers/Public/ExpoModulesCore/ExpoModulesCore/EXFilePermissionModuleInterface.h:3:
#import <ExpoModulesCore/EXFileSystemInterface.h>
        ^
/Users/jonahmicahinguito/dev/rotaract-connect/ios/Pods/Headers/Public/ExpoModulesCore/ExpoModulesCore/EXFileSystemInterface.h:20:57: warning: pointer is missing a nullability type specifier (_Nonnull, _Nullable, or _Null_unspecified)
- (nonnull NSString *)generatePathInDirectory:(NSString *)directory withExtension:(NSString *)extension;
                                                        ^
/Users/jonahmicahinguito/dev/rotaract-connect/ios/Pods/Headers/Public/ExpoModulesCore/ExpoModulesCore/EXFileSystemInterface.h:20:57: note: insert '_Nullable' if the pointer may be null
- (nonnull NSString *)generatePathInDirectory:(NSString *)directory withExtension:(NSString *)extension;
                                                        ^
/Users/jonahmicahinguito/dev/rotaract-connect/ios/Pods/Headers/Public/ExpoModulesCore/ExpoModulesCore/EXFileSystemInterface.h:20:57: note: insert '_Nonnull' if the pointer should never be null
- (nonnull NSString *)generatePathInDirectory:(NSString *)directory withExtension:(NSString *)extension;
                                                        ^
<module-includes>:1:9: note: in file included from <module-includes>:1:
#import "ExpoModulesCore-umbrella.h"
        ^
/Users/jonahmicahinguito/Library/Developer/Xcode/DerivedData/rotaractconnect-cjwcbdlngckcsaantafkjnfzfbdk/Build/Products/Debug-iphoneos/ExpoModulesCore/ExpoModulesCore-umbrella.h:19:9: note: in file included from /Users/jonahmicahinguito/Library/Developer/Xcode/DerivedData/rotaractconnect-cjwcbdlngckcsaantafkjnfzfbdk/Build/Products/Debug-iphoneos/ExpoModulesCore/ExpoModulesCore-umbrella.h:19:
#import "ExpoModulesCore/ExpoModulesCore.h"
        ^
/Users/jonahmicahinguito/dev/rotaract-connect/ios/Pods/Headers/Public/ExpoModulesCore/ExpoModulesCore/ExpoModulesCore.h:16:9: note: in file included from /Users/jonahmicahinguito/dev/rotaract-connect/ios/Pods/Headers/Public/ExpoModulesCore/ExpoModulesCore/ExpoModulesCore.h:16:
#import <ExpoModulesCore/EXFilePermissionModuleInterface.h>
        ^
/Users/jonahmicahinguito/dev/rotaract-connect/ios/Pods/Headers/Public/ExpoModulesCore/ExpoModulesCore/EXFilePermissionModuleInterface.h:3:9: note: in file included from /Users/jonahmicahinguito/dev/rotaract-connect/ios/Pods/Headers/Public/ExpoModulesCore/ExpoModulesCore/EXFilePermissionModuleInterface.h:3:
#import <ExpoModulesCore/EXFileSystemInterface.h>
        ^
/Users/jonahmicahinguito/dev/rotaract-connect/ios/Pods/Headers/Public/ExpoModulesCore/ExpoModulesCore/EXFileSystemInterface.h:20:93: warning: pointer is missing a nullability type specifier (_Nonnull, _Nullable, or _Null_unspecified)
- (nonnull NSString *)generatePathInDirectory:(NSString *)directory withExtension:(NSString *)extension;
                                                                                            ^
/Users/jonahmicahinguito/dev/rotaract-connect/ios/Pods/Headers/Public/ExpoModulesCore/ExpoModulesCore/EXFileSystemInterface.h:20:93: note: insert '_Nullable' if the pointer may be null
- (nonnull NSString *)generatePathInDirectory:(NSString *)directory withExtension:(NSString *)extension;
                                                                                            ^
/Users/jonahmicahinguito/dev/rotaract-connect/ios/Pods/Headers/Public/ExpoModulesCore/ExpoModulesCore/EXFileSystemInterface.h:20:93: note: insert '_Nonnull' if the pointer should never be null
- (nonnull NSString *)generatePathInDirectory:(NSString *)directory withExtension:(NSString *)extension;
                                                                                            ^
<module-includes>:1:9: note: in file included from <module-includes>:1:
#import "ExpoModulesCore-umbrella.h"
        ^
/Users/jonahmicahinguito/Library/Developer/Xcode/DerivedData/rotaractconnect-cjwcbdlngckcsaantafkjnfzfbdk/Build/Products/Debug-iphoneos/ExpoModulesCore/ExpoModulesCore-umbrella.h:19:9: note: in file included from /Users/jonahmicahinguito/Library/Developer/Xcode/DerivedData/rotaractconnect-cjwcbdlngckcsaantafkjnfzfbdk/Build/Products/Debug-iphoneos/ExpoModulesCore/ExpoModulesCore-umbrella.h:19:
#import "ExpoModulesCore/ExpoModulesCore.h"
        ^
/Users/jonahmicahinguito/dev/rotaract-connect/ios/Pods/Headers/Public/ExpoModulesCore/ExpoModulesCore/ExpoModulesCore.h:16:9: note: in file included from /Users/jonahmicahinguito/dev/rotaract-connect/ios/Pods/Headers/Public/ExpoModulesCore/ExpoModulesCore/ExpoModulesCore.h:16:
#import <ExpoModulesCore/EXFilePermissionModuleInterface.h>
        ^
/Users/jonahmicahinguito/dev/rotaract-connect/ios/Pods/Headers/Public/ExpoModulesCore/ExpoModulesCore/EXFilePermissionModuleInterface.h:3:9: note: in file included from /Users/jonahmicahinguito/dev/rotaract-connect/ios/Pods/Headers/Public/ExpoModulesCore/ExpoModulesCore/EXFilePermissionModuleInterface.h:3:
#import <ExpoModulesCore/EXFileSystemInterface.h>
        ^
/Users/jonahmicahinguito/dev/rotaract-connect/ios/Pods/Headers/Public/ExpoModulesCore/ExpoModulesCore/EXFileSystemInterface.h:21:43: warning: pointer is missing a nullability type specifier (_Nonnull, _Nullable, or _Null_unspecified)
- (BOOL)ensureDirExistsWithPath:(NSString *)path;
                                          ^
/Users/jonahmicahinguito/dev/rotaract-connect/ios/Pods/Headers/Public/ExpoModulesCore/ExpoModulesCore/EXFileSystemInterface.h:21:43: note: insert '_Nullable' if the pointer may be null
- (BOOL)ensureDirExistsWithPath:(NSString *)path;
                                          ^
/Users/jonahmicahinguito/dev/rotaract-connect/ios/Pods/Headers/Public/ExpoModulesCore/ExpoModulesCore/EXFileSystemInterface.h:21:43: note: insert '_Nonnull' if the pointer should never be null
- (BOOL)ensureDirExistsWithPath:(NSString *)path;
                                          ^
<module-includes>:1:9: note: in file included from <module-includes>:1:
#import "ExpoModulesCore-umbrella.h"
        ^
/Users/jonahmicahinguito/Library/Developer/Xcode/DerivedData/rotaractconnect-cjwcbdlngckcsaantafkjnfzfbdk/Build/Products/Debug-iphoneos/ExpoModulesCore/ExpoModulesCore-umbrella.h:19:9: note: in file included from /Users/jonahmicahinguito/Library/Developer/Xcode/DerivedData/rotaractconnect-cjwcbdlngckcsaantafkjnfzfbdk/Build/Products/Debug-iphoneos/ExpoModulesCore/ExpoModulesCore-umbrella.h:19:
#import "ExpoModulesCore/ExpoModulesCore.h"
        ^
/Users/jonahmicahinguito/dev/rotaract-connect/ios/Pods/Headers/Public/ExpoModulesCore/ExpoModulesCore/ExpoModulesCore.h:42:9: note: in file included from /Users/jonahmicahinguito/dev/rotaract-connect/ios/Pods/Headers/Public/ExpoModulesCore/ExpoModulesCore/ExpoModulesCore.h:42:
#import <ExpoModulesCore/EXModuleRegistryHolderReactModule.h>
        ^
/Users/jonahmicahinguito/dev/rotaract-connect/ios/Pods/Headers/Public/ExpoModulesCore/ExpoModulesCore/EXModuleRegistryHolderReactModule.h:7:58: warning: cannot find protocol definition for 'RCTBridgeModule'
@interface EXModuleRegistryHolderReactModule : NSObject <RCTBridgeModule>
                                                         ^
/Users/jonahmicahinguito/dev/rotaract-connect/ios/Pods/Headers/Public/ExpoModulesCore/ExpoModulesCore/EXModuleRegistryHolderReactModule.h:3:11: note: protocol 'RCTBridgeModule' has no definition
@protocol RCTBridgeModule;
          ^
/Users/jonahmicahinguito/dev/rotaract-connect/node_modules/expo-location/ios/Convertibles+CLLocation.swift:5:1: warning: extension declares a conformance of imported type 'CLLocation' to imported protocols 'Convertible', 'AnyArgument'; this will not behave correctly if the owners of '_LocationEssentials' introduce this conformance in the future
extension CLLocation: Convertible {
^
/Users/jonahmicahinguito/dev/rotaract-connect/node_modules/expo-location/ios/Convertibles+CLLocation.swift:5:1: note: add '@retroactive' to silence this warning
extension CLLocation: Convertible {
^                     ~~~~~~~~~~~
                      @retroactive Convertible
/Users/jonahmicahinguito/dev/rotaract-connect/node_modules/expo-location/ios/LocationExceptions.swift:6:24: warning: class 'LocationUnavailable' must restate inherited '@unchecked Sendable' conformance
  internal final class LocationUnavailable: Exception {
                       ^
                                                     , @unchecked Sendable
/Users/jonahmicahinguito/dev/rotaract-connect/node_modules/expo-location/ios/LocationExceptions.swift:12:24: warning: class 'LocationRequestCanceled' must restate inherited '@unchecked Sendable' conformance
  internal final class LocationRequestCanceled: Exception {
                       ^
                                                         , @unchecked Sendable
/Users/jonahmicahinguito/dev/rotaract-connect/node_modules/expo-location/ios/LocationExceptions.swift:18:24: warning: class 'GeocodingNetwork' must restate inherited '@unchecked Sendable' conformance
  internal final class GeocodingNetwork: Exception {
                       ^
                                                  , @unchecked Sendable
/Users/jonahmicahinguito/dev/rotaract-connect/node_modules/expo-location/ios/LocationExceptions.swift:24:24: warning: class 'GeocodingFailed' must restate inherited '@unchecked Sendable' conformance
  internal final class GeocodingFailed: Exception {
                       ^
                                                 , @unchecked Sendable
/Users/jonahmicahinguito/dev/rotaract-connect/node_modules/expo-location/ios/LocationExceptions.swift:30:24: warning: class 'TaskManagerUnavailable' must restate inherited '@unchecked Sendable' conformance
  internal final class TaskManagerUnavailable: Exception {
                       ^
                                                        , @unchecked Sendable
/Users/jonahmicahinguito/dev/rotaract-connect/node_modules/expo-location/ios/LocationExceptions.swift:36:24: warning: class 'LocationUpdatesUnavailable' must restate inherited '@unchecked Sendable' conformance
  internal final class LocationUpdatesUnavailable: Exception {
                       ^
                                                            , @unchecked Sendable
/Users/jonahmicahinguito/dev/rotaract-connect/node_modules/expo-location/ios/LocationExceptions.swift:42:24: warning: class 'HeadingUnavailableException' must restate inherited '@unchecked Sendable' conformance
  internal final class HeadingUnavailableException: Exception {
                       ^
                                                             , @unchecked Sendable
/Users/jonahmicahinguito/dev/rotaract-connect/node_modules/expo-location/ios/LocationExceptions.swift:48:24: warning: class 'GeofencingUnavailable' must restate inherited '@unchecked Sendable' conformance
  internal final class GeofencingUnavailable: Exception {
                       ^
                                                       , @unchecked Sendable
/Users/jonahmicahinguito/dev/rotaract-connect/node_modules/expo-location/ios/LocationExceptions.swift:54:24: warning: class 'LocationServicesDisabled' must restate inherited '@unchecked Sendable' conformance
  internal final class LocationServicesDisabled: Exception {
                       ^
                                                          , @unchecked Sendable
/Users/jonahmicahinguito/dev/rotaract-connect/node_modules/expo-location/ios/LocationExceptions.swift:60:24: warning: class 'DeniedForegroundLocationPermission' must restate inherited '@unchecked Sendable' conformance
  internal final class DeniedForegroundLocationPermission: Exception {
                       ^
                                                                    , @unchecked Sendable
/Users/jonahmicahinguito/dev/rotaract-connect/node_modules/expo-location/ios/LocationExceptions.swift:66:24: warning: class 'DeniedBackgroundLocationPermission' must restate inherited '@unchecked Sendable' conformance
  internal final class DeniedBackgroundLocationPermission: Exception {
                       ^
                                                                    , @unchecked Sendable
/Users/jonahmicahinguito/dev/rotaract-connect/node_modules/expo-location/ios/LocationExceptions.swift:72:24: warning: class 'MotionActivityUnavailable' must restate inherited '@unchecked Sendable' conformance
  internal final class MotionActivityUnavailable: Exception {
                       ^
                                                           , @unchecked Sendable
/Users/jonahmicahinguito/dev/rotaract-connect/node_modules/expo-location/ios/LocationExceptions.swift:80:24: warning: class 'MotionActivityUnauthorized' must restate inherited '@unchecked Sendable' conformance
  internal final class MotionActivityUnauthorized: Exception {
                       ^
                                                            , @unchecked Sendable

/Users/jonahmicahinguito/dev/rotaract-connect/ios/Pods/<module-includes>:1:9: In file included from <module-includes>:1:

/Users/jonahmicahinguito/Library/Developer/Xcode/DerivedData/rotaractconnect-cjwcbdlngckcsaantafkjnfzfbdk/Build/Products/Debug-iphoneos/ExpoModulesCore/ExpoModulesCore-umbrella.h:19:9: In file included from /Users/jonahmicahinguito/Library/Developer/Xcode/DerivedData/rotaractconnect-cjwcbdlngckcsaantafkjnfzfbdk/Build/Products/Debug-iphoneos/ExpoModulesCore/ExpoModulesCore-umbrella.h:19:

/Users/jonahmicahinguito/dev/rotaract-connect/ios/Pods/Headers/Public/ExpoModulesCore/ExpoModulesCore/ExpoModulesCore.h:16:9: In file included from /Users/jonahmicahinguito/dev/rotaract-connect/ios/Pods/Headers/Public/ExpoModulesCore/ExpoModulesCore/ExpoModulesCore.h:16:

/Users/jonahmicahinguito/dev/rotaract-connect/ios/Pods/Headers/Public/ExpoModulesCore/ExpoModulesCore/EXFilePermissionModuleInterface.h:3:9: In file included from /Users/jonahmicahinguito/dev/rotaract-connect/ios/Pods/Headers/Public/ExpoModulesCore/ExpoModulesCore/EXFilePermissionModuleInterface.h:3:

/Users/jonahmicahinguito/dev/rotaract-connect/ios/Pods/Headers/Public/ExpoModulesCore/ExpoModulesCore/EXFileSystemInterface.h:14:42: Pointer is missing a nullability type specifier (_Nonnull, _Nullable, or _Null_unspecified)

/Users/jonahmicahinguito/dev/rotaract-connect/ios/Pods/Headers/Public/ExpoModulesCore/ExpoModulesCore/EXFileSystemInterface.h:20:57: Pointer is missing a nullability type specifier (_Nonnull, _Nullable, or _Null_unspecified)

/Users/jonahmicahinguito/dev/rotaract-connect/ios/Pods/Headers/Public/ExpoModulesCore/ExpoModulesCore/EXFileSystemInterface.h:20:93: Pointer is missing a nullability type specifier (_Nonnull, _Nullable, or _Null_unspecified)

/Users/jonahmicahinguito/dev/rotaract-connect/ios/Pods/Headers/Public/ExpoModulesCore/ExpoModulesCore/EXFileSystemInterface.h:21:43: Pointer is missing a nullability type specifier (_Nonnull, _Nullable, or _Null_unspecified)

/Users/jonahmicahinguito/dev/rotaract-connect/ios/Pods/Headers/Public/ExpoModulesCore/ExpoModulesCore/EXModuleRegistryHolderReactModule.h:7:58: Cannot find protocol definition for 'RCTBridgeModule'

/Users/jonahmicahinguito/dev/rotaract-connect/node_modules/expo-location/ios/Convertibles+CLLocation.swift:5:1: Extension declares a conformance of imported type 'CLLocation' to imported protocols 'Convertible', 'AnyArgument'; this will not behave correctly if the owners of '_LocationEssentials' introduce this conformance in the future

/Users/jonahmicahinguito/dev/rotaract-connect/node_modules/expo-location/ios/LocationExceptions.swift:6:24: Class 'LocationUnavailable' must restate inherited '@unchecked Sendable' conformance

/Users/jonahmicahinguito/dev/rotaract-connect/node_modules/expo-location/ios/LocationExceptions.swift:12:24: Class 'LocationRequestCanceled' must restate inherited '@unchecked Sendable' conformance

/Users/jonahmicahinguito/dev/rotaract-connect/node_modules/expo-location/ios/LocationExceptions.swift:18:24: Class 'GeocodingNetwork' must restate inherited '@unchecked Sendable' conformance

/Users/jonahmicahinguito/dev/rotaract-connect/node_modules/expo-location/ios/LocationExceptions.swift:24:24: Class 'GeocodingFailed' must restate inherited '@unchecked Sendable' conformance

/Users/jonahmicahinguito/dev/rotaract-connect/node_modules/expo-location/ios/LocationExceptions.swift:30:24: Class 'TaskManagerUnavailable' must restate inherited '@unchecked Sendable' conformance

/Users/jonahmicahinguito/dev/rotaract-connect/node_modules/expo-location/ios/LocationExceptions.swift:36:24: Class 'LocationUpdatesUnavailable' must restate inherited '@unchecked Sendable' conformance

/Users/jonahmicahinguito/dev/rotaract-connect/node_modules/expo-location/ios/LocationExceptions.swift:42:24: Class 'HeadingUnavailableException' must restate inherited '@unchecked Sendable' conformance

/Users/jonahmicahinguito/dev/rotaract-connect/node_modules/expo-location/ios/LocationExceptions.swift:48:24: Class 'GeofencingUnavailable' must restate inherited '@unchecked Sendable' conformance

/Users/jonahmicahinguito/dev/rotaract-connect/node_modules/expo-location/ios/LocationExceptions.swift:54:24: Class 'LocationServicesDisabled' must restate inherited '@unchecked Sendable' conformance

/Users/jonahmicahinguito/dev/rotaract-connect/node_modules/expo-location/ios/LocationExceptions.swift:60:24: Class 'DeniedForegroundLocationPermission' must restate inherited '@unchecked Sendable' conformance

/Users/jonahmicahinguito/dev/rotaract-connect/node_modules/expo-location/ios/LocationExceptions.swift:66:24: Class 'DeniedBackgroundLocationPermission' must restate inherited '@unchecked Sendable' conformance

/Users/jonahmicahinguito/dev/rotaract-connect/node_modules/expo-location/ios/LocationExceptions.swift:72:24: Class 'MotionActivityUnavailable' must restate inherited '@unchecked Sendable' conformance

/Users/jonahmicahinguito/dev/rotaract-connect/node_modules/expo-location/ios/LocationExceptions.swift:80:24: Class 'MotionActivityUnauthorized' must restate inherited '@unchecked Sendable' conformance

SwiftCompile normal arm64 Compiling\ Convertibles+CLLocation.swift,\ DeviceHeadingStreamer.swift /Users/jonahmicahinguito/dev/rotaract-connect/node_modules/expo-location/ios/Convertibles+CLLocation.swift /Users/jonahmicahinguito/dev/rotaract-connect/node_modules/expo-location/ios/Providers/DeviceHeadingStreamer.swift (in target 'ExpoLocation' from project 'Pods')

SwiftCompile normal arm64 /Users/jonahmicahinguito/dev/rotaract-connect/node_modules/expo-location/ios/Convertibles+CLLocation.swift (in target 'ExpoLocation' from project 'Pods')
    cd /Users/jonahmicahinguito/dev/rotaract-connect/ios/Pods
    

/Users/jonahmicahinguito/dev/rotaract-connect/node_modules/expo-location/ios/Convertibles+CLLocation.swift:5:1: warning: extension declares a conformance of imported type 'CLLocation' to imported protocols 'Convertible', 'AnyArgument'; this will not behave correctly if the owners of '_LocationEssentials' introduce this conformance in the future
extension CLLocation: Convertible {
^
/Users/jonahmicahinguito/dev/rotaract-connect/node_modules/expo-location/ios/Convertibles+CLLocation.swift:5:1: note: add '@retroactive' to silence this warning
extension CLLocation: Convertible {
^                     ~~~~~~~~~~~
                      @retroactive Convertible

/Users/jonahmicahinguito/dev/rotaract-connect/node_modules/expo-location/ios/Convertibles+CLLocation.swift:5:1: Extension declares a conformance of imported type 'CLLocation' to imported protocols 'Convertible', 'AnyArgument'; this will not behave correctly if the owners of '_LocationEssentials' introduce this conformance in the future

SwiftCompile normal arm64 Compiling\ LocationAccuracy.swift,\ LocationExceptions.swift /Users/jonahmicahinguito/dev/rotaract-connect/node_modules/expo-location/ios/LocationAccuracy.swift /Users/jonahmicahinguito/dev/rotaract-connect/node_modules/expo-location/ios/LocationExceptions.swift (in target 'ExpoLocation' from project 'Pods')

SwiftCompile normal arm64 /Users/jonahmicahinguito/dev/rotaract-connect/node_modules/expo-location/ios/LocationExceptions.swift (in target 'ExpoLocation' from project 'Pods')
    cd /Users/jonahmicahinguito/dev/rotaract-connect/ios/Pods
    

/Users/jonahmicahinguito/dev/rotaract-connect/node_modules/expo-location/ios/LocationExceptions.swift:6:24: warning: class 'LocationUnavailable' must restate inherited '@unchecked Sendable' conformance
  internal final class LocationUnavailable: Exception {
                       ^
                                                     , @unchecked Sendable
/Users/jonahmicahinguito/dev/rotaract-connect/node_modules/expo-location/ios/LocationExceptions.swift:12:24: warning: class 'LocationRequestCanceled' must restate inherited '@unchecked Sendable' conformance
  internal final class LocationRequestCanceled: Exception {
                       ^
                                                         , @unchecked Sendable
/Users/jonahmicahinguito/dev/rotaract-connect/node_modules/expo-location/ios/LocationExceptions.swift:18:24: warning: class 'GeocodingNetwork' must restate inherited '@unchecked Sendable' conformance
  internal final class GeocodingNetwork: Exception {
                       ^
                                                  , @unchecked Sendable
/Users/jonahmicahinguito/dev/rotaract-connect/node_modules/expo-location/ios/LocationExceptions.swift:24:24: warning: class 'GeocodingFailed' must restate inherited '@unchecked Sendable' conformance
  internal final class GeocodingFailed: Exception {
                       ^
                                                 , @unchecked Sendable
/Users/jonahmicahinguito/dev/rotaract-connect/node_modules/expo-location/ios/LocationExceptions.swift:30:24: warning: class 'TaskManagerUnavailable' must restate inherited '@unchecked Sendable' conformance
  internal final class TaskManagerUnavailable: Exception {
                       ^
                                                        , @unchecked Sendable
/Users/jonahmicahinguito/dev/rotaract-connect/node_modules/expo-location/ios/LocationExceptions.swift:36:24: warning: class 'LocationUpdatesUnavailable' must restate inherited '@unchecked Sendable' conformance
  internal final class LocationUpdatesUnavailable: Exception {
                       ^
                                                            , @unchecked Sendable
/Users/jonahmicahinguito/dev/rotaract-connect/node_modules/expo-location/ios/LocationExceptions.swift:42:24: warning: class 'HeadingUnavailableException' must restate inherited '@unchecked Sendable' conformance
  internal final class HeadingUnavailableException: Exception {
                       ^
                                                             , @unchecked Sendable
/Users/jonahmicahinguito/dev/rotaract-connect/node_modules/expo-location/ios/LocationExceptions.swift:48:24: warning: class 'GeofencingUnavailable' must restate inherited '@unchecked Sendable' conformance
  internal final class GeofencingUnavailable: Exception {
                       ^
                                                       , @unchecked Sendable
/Users/jonahmicahinguito/dev/rotaract-connect/node_modules/expo-location/ios/LocationExceptions.swift:54:24: warning: class 'LocationServicesDisabled' must restate inherited '@unchecked Sendable' conformance
  internal final class LocationServicesDisabled: Exception {
                       ^
                                                          , @unchecked Sendable
/Users/jonahmicahinguito/dev/rotaract-connect/node_modules/expo-location/ios/LocationExceptions.swift:60:24: warning: class 'DeniedForegroundLocationPermission' must restate inherited '@unchecked Sendable' conformance
  internal final class DeniedForegroundLocationPermission: Exception {
                       ^
                                                                    , @unchecked Sendable
/Users/jonahmicahinguito/dev/rotaract-connect/node_modules/expo-location/ios/LocationExceptions.swift:66:24: warning: class 'DeniedBackgroundLocationPermission' must restate inherited '@unchecked Sendable' conformance
  internal final class DeniedBackgroundLocationPermission: Exception {
                       ^
                                                                    , @unchecked Sendable
/Users/jonahmicahinguito/dev/rotaract-connect/node_modules/expo-location/ios/LocationExceptions.swift:72:24: warning: class 'MotionActivityUnavailable' must restate inherited '@unchecked Sendable' conformance
  internal final class MotionActivityUnavailable: Exception {
                       ^
                                                           , @unchecked Sendable
/Users/jonahmicahinguito/dev/rotaract-connect/node_modules/expo-location/ios/LocationExceptions.swift:80:24: warning: class 'MotionActivityUnauthorized' must restate inherited '@unchecked Sendable' conformance
  internal final class MotionActivityUnauthorized: Exception {
                       ^
                                                            , @unchecked Sendable

/Users/jonahmicahinguito/dev/rotaract-connect/node_modules/expo-location/ios/LocationExceptions.swift:6:24: Class 'LocationUnavailable' must restate inherited '@unchecked Sendable' conformance

/Users/jonahmicahinguito/dev/rotaract-connect/node_modules/expo-location/ios/LocationExceptions.swift:12:24: Class 'LocationRequestCanceled' must restate inherited '@unchecked Sendable' conformance

/Users/jonahmicahinguito/dev/rotaract-connect/node_modules/expo-location/ios/LocationExceptions.swift:18:24: Class 'GeocodingNetwork' must restate inherited '@unchecked Sendable' conformance

/Users/jonahmicahinguito/dev/rotaract-connect/node_modules/expo-location/ios/LocationExceptions.swift:24:24: Class 'GeocodingFailed' must restate inherited '@unchecked Sendable' conformance

/Users/jonahmicahinguito/dev/rotaract-connect/node_modules/expo-location/ios/LocationExceptions.swift:30:24: Class 'TaskManagerUnavailable' must restate inherited '@unchecked Sendable' conformance

/Users/jonahmicahinguito/dev/rotaract-connect/node_modules/expo-location/ios/LocationExceptions.swift:36:24: Class 'LocationUpdatesUnavailable' must restate inherited '@unchecked Sendable' conformance

/Users/jonahmicahinguito/dev/rotaract-connect/node_modules/expo-location/ios/LocationExceptions.swift:42:24: Class 'HeadingUnavailableException' must restate inherited '@unchecked Sendable' conformance

/Users/jonahmicahinguito/dev/rotaract-connect/node_modules/expo-location/ios/LocationExceptions.swift:48:24: Class 'GeofencingUnavailable' must restate inherited '@unchecked Sendable' conformance

/Users/jonahmicahinguito/dev/rotaract-connect/node_modules/expo-location/ios/LocationExceptions.swift:54:24: Class 'LocationServicesDisabled' must restate inherited '@unchecked Sendable' conformance

/Users/jonahmicahinguito/dev/rotaract-connect/node_modules/expo-location/ios/LocationExceptions.swift:60:24: Class 'DeniedForegroundLocationPermission' must restate inherited '@unchecked Sendable' conformance

/Users/jonahmicahinguito/dev/rotaract-connect/node_modules/expo-location/ios/LocationExceptions.swift:66:24: Class 'DeniedBackgroundLocationPermission' must restate inherited '@unchecked Sendable' conformance

/Users/jonahmicahinguito/dev/rotaract-connect/node_modules/expo-location/ios/LocationExceptions.swift:72:24: Class 'MotionActivityUnavailable' must restate inherited '@unchecked Sendable' conformance

/Users/jonahmicahinguito/dev/rotaract-connect/node_modules/expo-location/ios/LocationExceptions.swift:80:24: Class 'MotionActivityUnauthorized' must restate inherited '@unchecked Sendable' conformance

CompileC /Users/jonahmicahinguito/Library/Developer/Xcode/DerivedData/rotaractconnect-cjwcbdlngckcsaantafkjnfzfbdk/Build/Intermediates.noindex/Pods.build/Debug-iphoneos/ExpoLocation.build/Objects-normal/arm64/EXBaseLocationRequester.o /Users/jonahmicahinguito/dev/rotaract-connect/node_modules/expo-location/ios/Requesters/EXBaseLocationRequester.m normal arm64 objective-c com.apple.compilers.llvm.clang.1_0.compiler (in target 'ExpoLocation' from project 'Pods')
    cd /Users/jonahmicahinguito/dev/rotaract-connect/ios/Pods
    
    Using response file: /Users/jonahmicahinguito/Library/Developer/Xcode/DerivedData/rotaractconnect-cjwcbdlngckcsaantafkjnfzfbdk/Build/Intermediates.noindex/Pods.build/Debug-iphoneos/ExpoLocation.build/Objects-normal/arm64/e6072d4f65d7061329687fe24e3d63a7-common-args.resp
    
    /Applications/Xcode.app/Contents/Developer/Toolchains/XcodeDefault.xctoolchain/usr/bin/clang -x objective-c -ivfsstatcache /Users/jonahmicahinguito/Library/Developer/Xcode/DerivedData/SDKStatCaches.noindex/iphoneos26.5-23F81a-32daed1954a7d5dd0789fcaf2a9bb78b.sdkstatcache -target arm64-apple-ios16.4 -fmessage-length\=0 -fdiagnostics-show-note-include-stack -fmacro-backtrace-limit\=0 -fno-color-diagnostics -fmodules-prune-interval\=86400 -fmodules-prune-after\=345600 -fbuild-session-file\=/Users/jonahmicahinguito/Library/Developer/Xcode/DerivedData/ModuleCache.noindex/Session.modulevalidation -fmodules-validate-once-per-build-session -Wnon-modular-include-in-framework-module -Werror\=non-modular-include-in-framework-module -Wno-trigraphs -Wno-missing-field-initializers -Wno-missing-prototypes -Werror\=return-type -Wdocumentation -Wunreachable-code -Wno-implicit-atomic-properties -Werror\=deprecated-objc-isa-usage -Wno-objc-interface-ivars -Werror\=objc-root-class -Wno-arc-repeated-use-of-weak -Wimplicit-retain-self -Wduplicate-method-match -Wno-missing-braces -Wparentheses -Wswitch -Wunused-function -Wno-unused-label -Wno-unused-parameter -Wunused-variable -Wunused-value -Wempty-body -Wuninitialized -Wconditional-uninitialized -Wno-unknown-pragmas -Wno-shadow -Wno-four-char-constants -Wno-conversion -Wconstant-conversion -Wint-conversion -Wbool-conversion -Wenum-conversion -Wno-float-conversion -Wnon-literal-null-conversion -Wobjc-literal-conversion -Wshorten-64-to-32 -Wpointer-sign -Wno-newline-eof -Wno-selector -Wno-strict-selector-match -Wundeclared-selector -Wdeprecated-implementations -Wno-implicit-fallthrough -isysroot /Applications/Xcode.app/Contents/Developer/Platforms/iPhoneOS.platform/Developer/SDKs/iPhoneOS26.5.sdk -fstrict-aliasing -Wprotocol -Wdeprecated-declarations -Wno-sign-conversion -Winfinite-recursion -Wcomma -Wblock-capture-autoreleasing -Wstrict-prototypes -Wno-semicolon-before-method-body -Wunguarded-availability -index-store-path /Users/jonahmicahinguito/Library/Developer/Xcode/DerivedData/rotaractconnect-cjwcbdlngckcsaantafkjnfzfbdk/Index.noindex/DataStore @/Users/jonahmicahinguito/Library/Developer/Xcode/DerivedData/rotaractconnect-cjwcbdlngckcsaantafkjnfzfbdk/Build/Intermediates.noindex/Pods.build/Debug-iphoneos/ExpoLocation.build/Objects-normal/arm64/e6072d4f65d7061329687fe24e3d63a7-common-args.resp -include /Users/jonahmicahinguito/dev/rotaract-connect/ios/Pods/Target\ Support\ Files/ExpoLocation/ExpoLocation-prefix.pch -MMD -MT dependencies -MF /Users/jonahmicahinguito/Library/Developer/Xcode/DerivedData/rotaractconnect-cjwcbdlngckcsaantafkjnfzfbdk/Build/Intermediates.noindex/Pods.build/Debug-iphoneos/ExpoLocation.build/Objects-normal/arm64/EXBaseLocationRequester.d --serialize-diagnostics /Users/jonahmicahinguito/Library/Developer/Xcode/DerivedData/rotaractconnect-cjwcbdlngckcsaantafkjnfzfbdk/Build/Intermediates.noindex/Pods.build/Debug-iphoneos/ExpoLocation.build/Objects-normal/arm64/EXBaseLocationRequester.dia -c /Users/jonahmicahinguito/dev/rotaract-connect/node_modules/expo-location/ios/Requesters/EXBaseLocationRequester.m -o /Users/jonahmicahinguito/Library/Developer/Xcode/DerivedData/rotaractconnect-cjwcbdlngckcsaantafkjnfzfbdk/Build/Intermediates.noindex/Pods.build/Debug-iphoneos/ExpoLocation.build/Objects-normal/arm64/EXBaseLocationRequester.o -index-unit-output-path /Pods.build/Debug-iphoneos/ExpoLocation.build/Objects-normal/arm64/EXBaseLocationRequester.o

/Users/jonahmicahinguito/dev/rotaract-connect/node_modules/expo-location/ios/Requesters/EXBaseLocationRequester.m:43:39: warning: 'authorizationStatus' is deprecated: first deprecated in iOS 14.0 [-Wdeprecated-declarations]
   43 |     systemStatus = [CLLocationManager authorizationStatus];
      |                                       ^~~~~~~~~~~~~~~~~~~
      |                                       authorizationStatus
In module 'CoreLocation' imported from /Users/jonahmicahinguito/dev/rotaract-connect/node_modules/expo-location/ios/Requesters/EXBaseLocationRequester.h:3:
/Applications/Xcode.app/Contents/Developer/Platforms/iPhoneOS.platform/Developer/SDKs/iPhoneOS26.5.sdk/System/Library/Frameworks/CoreLocation.framework/Headers/CLLocationManager.h:224:1: note: 'authorizationStatus' has been explicitly marked deprecated here
  224 | + (CLAuthorizationStatus)authorizationStatus API_DEPRECATED_WITH_REPLACEMENT("-authorizationStatus", ios(4.2, 14.0), macos(10.7, 11.0), watchos(1.0, 7.0), tvos(9.0, 14.0));
      | ^
1 warning generated.

/Users/jonahmicahinguito/dev/rotaract-connect/node_modules/expo-location/ios/Requesters/EXBaseLocationRequester.m:43:39: 'authorizationStatus' is deprecated: first deprecated in iOS 14.0


Build target ExpoKeepAwake of project Pods with configuration Debug

SwiftCompile normal arm64 Compiling\ KeepAwakeModule.swift /Users/jonahmicahinguito/dev/rotaract-connect/node_modules/expo-keep-awake/ios/KeepAwakeModule.swift (in target 'ExpoKeepAwake' from project 'Pods')

SwiftCompile normal arm64 /Users/jonahmicahinguito/dev/rotaract-connect/node_modules/expo-keep-awake/ios/KeepAwakeModule.swift (in target 'ExpoKeepAwake' from project 'Pods')
    cd /Users/jonahmicahinguito/dev/rotaract-connect/ios/Pods
    

<module-includes>:1:9: note: in file included from <module-includes>:1:
#import "ExpoModulesCore-umbrella.h"
        ^
/Users/jonahmicahinguito/Library/Developer/Xcode/DerivedData/rotaractconnect-cjwcbdlngckcsaantafkjnfzfbdk/Build/Products/Debug-iphoneos/ExpoModulesCore/ExpoModulesCore-umbrella.h:19:9: note: in file included from /Users/jonahmicahinguito/Library/Developer/Xcode/DerivedData/rotaractconnect-cjwcbdlngckcsaantafkjnfzfbdk/Build/Products/Debug-iphoneos/ExpoModulesCore/ExpoModulesCore-umbrella.h:19:
#import "ExpoModulesCore/ExpoModulesCore.h"
        ^
/Users/jonahmicahinguito/dev/rotaract-connect/ios/Pods/Headers/Public/ExpoModulesCore/ExpoModulesCore/ExpoModulesCore.h:16:9: note: in file included from /Users/jonahmicahinguito/dev/rotaract-connect/ios/Pods/Headers/Public/ExpoModulesCore/ExpoModulesCore/ExpoModulesCore.h:16:
#import <ExpoModulesCore/EXFilePermissionModuleInterface.h>
        ^
/Users/jonahmicahinguito/dev/rotaract-connect/ios/Pods/Headers/Public/ExpoModulesCore/ExpoModulesCore/EXFilePermissionModuleInterface.h:3:9: note: in file included from /Users/jonahmicahinguito/dev/rotaract-connect/ios/Pods/Headers/Public/ExpoModulesCore/ExpoModulesCore/EXFilePermissionModuleInterface.h:3:
#import <ExpoModulesCore/EXFileSystemInterface.h>
        ^
/Users/jonahmicahinguito/dev/rotaract-connect/ios/Pods/Headers/Public/ExpoModulesCore/ExpoModulesCore/EXFileSystemInterface.h:14:42: warning: pointer is missing a nullability type specifier (_Nonnull, _Nullable, or _Null_unspecified)
@property (nonatomic, readonly) NSString *documentDirectory;
                                         ^
/Users/jonahmicahinguito/dev/rotaract-connect/ios/Pods/Headers/Public/ExpoModulesCore/ExpoModulesCore/EXFileSystemInterface.h:14:42: note: insert '_Nullable' if the pointer may be null
@property (nonatomic, readonly) NSString *documentDirectory;
                                         ^
/Users/jonahmicahinguito/dev/rotaract-connect/ios/Pods/Headers/Public/ExpoModulesCore/ExpoModulesCore/EXFileSystemInterface.h:14:42: note: insert '_Nonnull' if the pointer should never be null
@property (nonatomic, readonly) NSString *documentDirectory;
                                         ^
<module-includes>:1:9: note: in file included from <module-includes>:1:
#import "ExpoModulesCore-umbrella.h"
        ^
/Users/jonahmicahinguito/Library/Developer/Xcode/DerivedData/rotaractconnect-cjwcbdlngckcsaantafkjnfzfbdk/Build/Products/Debug-iphoneos/ExpoModulesCore/ExpoModulesCore-umbrella.h:19:9: note: in file included from /Users/jonahmicahinguito/Library/Developer/Xcode/DerivedData/rotaractconnect-cjwcbdlngckcsaantafkjnfzfbdk/Build/Products/Debug-iphoneos/ExpoModulesCore/ExpoModulesCore-umbrella.h:19:
#import "ExpoModulesCore/ExpoModulesCore.h"
        ^
/Users/jonahmicahinguito/dev/rotaract-connect/ios/Pods/Headers/Public/ExpoModulesCore/ExpoModulesCore/ExpoModulesCore.h:16:9: note: in file included from /Users/jonahmicahinguito/dev/rotaract-connect/ios/Pods/Headers/Public/ExpoModulesCore/ExpoModulesCore/ExpoModulesCore.h:16:
#import <ExpoModulesCore/EXFilePermissionModuleInterface.h>
        ^
/Users/jonahmicahinguito/dev/rotaract-connect/ios/Pods/Headers/Public/ExpoModulesCore/ExpoModulesCore/EXFilePermissionModuleInterface.h:3:9: note: in file included from /Users/jonahmicahinguito/dev/rotaract-connect/ios/Pods/Headers/Public/ExpoModulesCore/ExpoModulesCore/EXFilePermissionModuleInterface.h:3:
#import <ExpoModulesCore/EXFileSystemInterface.h>
        ^
/Users/jonahmicahinguito/dev/rotaract-connect/ios/Pods/Headers/Public/ExpoModulesCore/ExpoModulesCore/EXFileSystemInterface.h:20:57: warning: pointer is missing a nullability type specifier (_Nonnull, _Nullable, or _Null_unspecified)
- (nonnull NSString *)generatePathInDirectory:(NSString *)directory withExtension:(NSString *)extension;
                                                        ^
/Users/jonahmicahinguito/dev/rotaract-connect/ios/Pods/Headers/Public/ExpoModulesCore/ExpoModulesCore/EXFileSystemInterface.h:20:57: note: insert '_Nullable' if the pointer may be null
- (nonnull NSString *)generatePathInDirectory:(NSString *)directory withExtension:(NSString *)extension;
                                                        ^
/Users/jonahmicahinguito/dev/rotaract-connect/ios/Pods/Headers/Public/ExpoModulesCore/ExpoModulesCore/EXFileSystemInterface.h:20:57: note: insert '_Nonnull' if the pointer should never be null
- (nonnull NSString *)generatePathInDirectory:(NSString *)directory withExtension:(NSString *)extension;
                                                        ^
<module-includes>:1:9: note: in file included from <module-includes>:1:
#import "ExpoModulesCore-umbrella.h"
        ^
/Users/jonahmicahinguito/Library/Developer/Xcode/DerivedData/rotaractconnect-cjwcbdlngckcsaantafkjnfzfbdk/Build/Products/Debug-iphoneos/ExpoModulesCore/ExpoModulesCore-umbrella.h:19:9: note: in file included from /Users/jonahmicahinguito/Library/Developer/Xcode/DerivedData/rotaractconnect-cjwcbdlngckcsaantafkjnfzfbdk/Build/Products/Debug-iphoneos/ExpoModulesCore/ExpoModulesCore-umbrella.h:19:
#import "ExpoModulesCore/ExpoModulesCore.h"
        ^
/Users/jonahmicahinguito/dev/rotaract-connect/ios/Pods/Headers/Public/ExpoModulesCore/ExpoModulesCore/ExpoModulesCore.h:16:9: note: in file included from /Users/jonahmicahinguito/dev/rotaract-connect/ios/Pods/Headers/Public/ExpoModulesCore/ExpoModulesCore/ExpoModulesCore.h:16:
#import <ExpoModulesCore/EXFilePermissionModuleInterface.h>
        ^
/Users/jonahmicahinguito/dev/rotaract-connect/ios/Pods/Headers/Public/ExpoModulesCore/ExpoModulesCore/EXFilePermissionModuleInterface.h:3:9: note: in file included from /Users/jonahmicahinguito/dev/rotaract-connect/ios/Pods/Headers/Public/ExpoModulesCore/ExpoModulesCore/EXFilePermissionModuleInterface.h:3:
#import <ExpoModulesCore/EXFileSystemInterface.h>
        ^
/Users/jonahmicahinguito/dev/rotaract-connect/ios/Pods/Headers/Public/ExpoModulesCore/ExpoModulesCore/EXFileSystemInterface.h:20:93: warning: pointer is missing a nullability type specifier (_Nonnull, _Nullable, or _Null_unspecified)
- (nonnull NSString *)generatePathInDirectory:(NSString *)directory withExtension:(NSString *)extension;
                                                                                            ^
/Users/jonahmicahinguito/dev/rotaract-connect/ios/Pods/Headers/Public/ExpoModulesCore/ExpoModulesCore/EXFileSystemInterface.h:20:93: note: insert '_Nullable' if the pointer may be null
- (nonnull NSString *)generatePathInDirectory:(NSString *)directory withExtension:(NSString *)extension;
                                                                                            ^
/Users/jonahmicahinguito/dev/rotaract-connect/ios/Pods/Headers/Public/ExpoModulesCore/ExpoModulesCore/EXFileSystemInterface.h:20:93: note: insert '_Nonnull' if the pointer should never be null
- (nonnull NSString *)generatePathInDirectory:(NSString *)directory withExtension:(NSString *)extension;
                                                                                            ^
<module-includes>:1:9: note: in file included from <module-includes>:1:
#import "ExpoModulesCore-umbrella.h"
        ^
/Users/jonahmicahinguito/Library/Developer/Xcode/DerivedData/rotaractconnect-cjwcbdlngckcsaantafkjnfzfbdk/Build/Products/Debug-iphoneos/ExpoModulesCore/ExpoModulesCore-umbrella.h:19:9: note: in file included from /Users/jonahmicahinguito/Library/Developer/Xcode/DerivedData/rotaractconnect-cjwcbdlngckcsaantafkjnfzfbdk/Build/Products/Debug-iphoneos/ExpoModulesCore/ExpoModulesCore-umbrella.h:19:
#import "ExpoModulesCore/ExpoModulesCore.h"
        ^
/Users/jonahmicahinguito/dev/rotaract-connect/ios/Pods/Headers/Public/ExpoModulesCore/ExpoModulesCore/ExpoModulesCore.h:16:9: note: in file included from /Users/jonahmicahinguito/dev/rotaract-connect/ios/Pods/Headers/Public/ExpoModulesCore/ExpoModulesCore/ExpoModulesCore.h:16:
#import <ExpoModulesCore/EXFilePermissionModuleInterface.h>
        ^
/Users/jonahmicahinguito/dev/rotaract-connect/ios/Pods/Headers/Public/ExpoModulesCore/ExpoModulesCore/EXFilePermissionModuleInterface.h:3:9: note: in file included from /Users/jonahmicahinguito/dev/rotaract-connect/ios/Pods/Headers/Public/ExpoModulesCore/ExpoModulesCore/EXFilePermissionModuleInterface.h:3:
#import <ExpoModulesCore/EXFileSystemInterface.h>
        ^
/Users/jonahmicahinguito/dev/rotaract-connect/ios/Pods/Headers/Public/ExpoModulesCore/ExpoModulesCore/EXFileSystemInterface.h:21:43: warning: pointer is missing a nullability type specifier (_Nonnull, _Nullable, or _Null_unspecified)
- (BOOL)ensureDirExistsWithPath:(NSString *)path;
                                          ^
/Users/jonahmicahinguito/dev/rotaract-connect/ios/Pods/Headers/Public/ExpoModulesCore/ExpoModulesCore/EXFileSystemInterface.h:21:43: note: insert '_Nullable' if the pointer may be null
- (BOOL)ensureDirExistsWithPath:(NSString *)path;
                                          ^
/Users/jonahmicahinguito/dev/rotaract-connect/ios/Pods/Headers/Public/ExpoModulesCore/ExpoModulesCore/EXFileSystemInterface.h:21:43: note: insert '_Nonnull' if the pointer should never be null
- (BOOL)ensureDirExistsWithPath:(NSString *)path;
                                          ^
<module-includes>:1:9: note: in file included from <module-includes>:1:
#import "ExpoModulesCore-umbrella.h"
        ^
/Users/jonahmicahinguito/Library/Developer/Xcode/DerivedData/rotaractconnect-cjwcbdlngckcsaantafkjnfzfbdk/Build/Products/Debug-iphoneos/ExpoModulesCore/ExpoModulesCore-umbrella.h:19:9: note: in file included from /Users/jonahmicahinguito/Library/Developer/Xcode/DerivedData/rotaractconnect-cjwcbdlngckcsaantafkjnfzfbdk/Build/Products/Debug-iphoneos/ExpoModulesCore/ExpoModulesCore-umbrella.h:19:
#import "ExpoModulesCore/ExpoModulesCore.h"
        ^
/Users/jonahmicahinguito/dev/rotaract-connect/ios/Pods/Headers/Public/ExpoModulesCore/ExpoModulesCore/ExpoModulesCore.h:42:9: note: in file included from /Users/jonahmicahinguito/dev/rotaract-connect/ios/Pods/Headers/Public/ExpoModulesCore/ExpoModulesCore/ExpoModulesCore.h:42:
#import <ExpoModulesCore/EXModuleRegistryHolderReactModule.h>
        ^
/Users/jonahmicahinguito/dev/rotaract-connect/ios/Pods/Headers/Public/ExpoModulesCore/ExpoModulesCore/EXModuleRegistryHolderReactModule.h:7:58: warning: cannot find protocol definition for 'RCTBridgeModule'
@interface EXModuleRegistryHolderReactModule : NSObject <RCTBridgeModule>
                                                         ^
/Users/jonahmicahinguito/dev/rotaract-connect/ios/Pods/Headers/Public/ExpoModulesCore/ExpoModulesCore/EXModuleRegistryHolderReactModule.h:3:11: note: protocol 'RCTBridgeModule' has no definition
@protocol RCTBridgeModule;
          ^

/Users/jonahmicahinguito/dev/rotaract-connect/ios/Pods/<module-includes>:1:9: In file included from <module-includes>:1:

/Users/jonahmicahinguito/Library/Developer/Xcode/DerivedData/rotaractconnect-cjwcbdlngckcsaantafkjnfzfbdk/Build/Products/Debug-iphoneos/ExpoModulesCore/ExpoModulesCore-umbrella.h:19:9: In file included from /Users/jonahmicahinguito/Library/Developer/Xcode/DerivedData/rotaractconnect-cjwcbdlngckcsaantafkjnfzfbdk/Build/Products/Debug-iphoneos/ExpoModulesCore/ExpoModulesCore-umbrella.h:19:

/Users/jonahmicahinguito/dev/rotaract-connect/ios/Pods/Headers/Public/ExpoModulesCore/ExpoModulesCore/ExpoModulesCore.h:16:9: In file included from /Users/jonahmicahinguito/dev/rotaract-connect/ios/Pods/Headers/Public/ExpoModulesCore/ExpoModulesCore/ExpoModulesCore.h:16:

/Users/jonahmicahinguito/dev/rotaract-connect/ios/Pods/Headers/Public/ExpoModulesCore/ExpoModulesCore/EXFilePermissionModuleInterface.h:3:9: In file included from /Users/jonahmicahinguito/dev/rotaract-connect/ios/Pods/Headers/Public/ExpoModulesCore/ExpoModulesCore/EXFilePermissionModuleInterface.h:3:

/Users/jonahmicahinguito/dev/rotaract-connect/ios/Pods/Headers/Public/ExpoModulesCore/ExpoModulesCore/EXFileSystemInterface.h:14:42: Pointer is missing a nullability type specifier (_Nonnull, _Nullable, or _Null_unspecified)

/Users/jonahmicahinguito/dev/rotaract-connect/ios/Pods/Headers/Public/ExpoModulesCore/ExpoModulesCore/EXFileSystemInterface.h:20:57: Pointer is missing a nullability type specifier (_Nonnull, _Nullable, or _Null_unspecified)

/Users/jonahmicahinguito/dev/rotaract-connect/ios/Pods/Headers/Public/ExpoModulesCore/ExpoModulesCore/EXFileSystemInterface.h:20:93: Pointer is missing a nullability type specifier (_Nonnull, _Nullable, or _Null_unspecified)

/Users/jonahmicahinguito/dev/rotaract-connect/ios/Pods/Headers/Public/ExpoModulesCore/ExpoModulesCore/EXFileSystemInterface.h:21:43: Pointer is missing a nullability type specifier (_Nonnull, _Nullable, or _Null_unspecified)

/Users/jonahmicahinguito/dev/rotaract-connect/ios/Pods/Headers/Public/ExpoModulesCore/ExpoModulesCore/EXModuleRegistryHolderReactModule.h:7:58: Cannot find protocol definition for 'RCTBridgeModule'


Build target ExpoImagePicker of project Pods with configuration Debug

SwiftCompile normal arm64 Compiling\ ImagePickerExceptions.swift,\ ImagePickerHandler.swift,\ ImagePickerModule.swift,\ ImagePickerOptions.swift,\ ImagePickerPermissionRequesters.swift,\ ImagePickerResponse.swift,\ ImagePickerUtils.swift,\ ImageUtils.swift,\ MediaHandler.swift,\ NSItemProvider+Async.swift,\ StatusBarVisibilityController.swift,\ UIImage+fixOrientation.swift,\ UIImagePickerControllerExtentsion.swift,\ VideoUtils.swift /Users/jonahmicahinguito/dev/rotaract-connect/node_modules/expo-image-picker/ios/ImagePickerExceptions.swift /Users/jonahmicahinguito/dev/rotaract-connect/node_modules/expo-image-picker/ios/ImagePickerHandler.swift /Users/jonahmicahinguito/dev/rotaract-connect/node_modules/expo-image-picker/ios/ImagePickerModule.swift /Users/jonahmicahinguito/dev/rotaract-connect/node_modules/expo-image-picker/ios/ImagePickerOptions.swift /Users/jonahmicahinguito/dev/rotaract-connect/node_modules/expo-image-picker/ios/ImagePickerPermissionRequesters.swift /Users/jonahmicahinguito/dev/rotaract-connect/node_modules/expo-image-picker/ios/ImagePickerResponse.swift /Users/jonahmicahinguito/dev/rotaract-connect/node_modules/expo-image-picker/ios/ImagePickerUtils.swift /Users/jonahmicahinguito/dev/rotaract-connect/node_modules/expo-image-picker/ios/ImageUtils.swift /Users/jonahmicahinguito/dev/rotaract-connect/node_modules/expo-image-picker/ios/MediaHandler.swift /Users/jonahmicahinguito/dev/rotaract-connect/node_modules/expo-image-picker/ios/NSItemProvider+Async.swift /Users/jonahmicahinguito/dev/rotaract-connect/node_modules/expo-image-picker/ios/StatusBarVisibilityController.swift /Users/jonahmicahinguito/dev/rotaract-connect/node_modules/expo-image-picker/ios/UIImage+fixOrientation.swift /Users/jonahmicahinguito/dev/rotaract-connect/node_modules/expo-image-picker/ios/UIImagePickerControllerExtentsion.swift /Users/jonahmicahinguito/dev/rotaract-connect/node_modules/expo-image-picker/ios/VideoUtils.swift (in target 'ExpoImagePicker' from project 'Pods')

CompileSwift normal arm64 (in target 'ExpoImagePicker' from project 'Pods')
    cd /Users/jonahmicahinguito/dev/rotaract-connect/ios/Pods
    

<module-includes>:1:9: note: in file included from <module-includes>:1:
#import "ExpoModulesCore-umbrella.h"
        ^
/Users/jonahmicahinguito/Library/Developer/Xcode/DerivedData/rotaractconnect-cjwcbdlngckcsaantafkjnfzfbdk/Build/Products/Debug-iphoneos/ExpoModulesCore/ExpoModulesCore-umbrella.h:19:9: note: in file included from /Users/jonahmicahinguito/Library/Developer/Xcode/DerivedData/rotaractconnect-cjwcbdlngckcsaantafkjnfzfbdk/Build/Products/Debug-iphoneos/ExpoModulesCore/ExpoModulesCore-umbrella.h:19:
#import "ExpoModulesCore/ExpoModulesCore.h"
        ^
/Users/jonahmicahinguito/dev/rotaract-connect/ios/Pods/Headers/Public/ExpoModulesCore/ExpoModulesCore/ExpoModulesCore.h:16:9: note: in file included from /Users/jonahmicahinguito/dev/rotaract-connect/ios/Pods/Headers/Public/ExpoModulesCore/ExpoModulesCore/ExpoModulesCore.h:16:
#import <ExpoModulesCore/EXFilePermissionModuleInterface.h>
        ^
/Users/jonahmicahinguito/dev/rotaract-connect/ios/Pods/Headers/Public/ExpoModulesCore/ExpoModulesCore/EXFilePermissionModuleInterface.h:3:9: note: in file included from /Users/jonahmicahinguito/dev/rotaract-connect/ios/Pods/Headers/Public/ExpoModulesCore/ExpoModulesCore/EXFilePermissionModuleInterface.h:3:
#import <ExpoModulesCore/EXFileSystemInterface.h>
        ^
/Users/jonahmicahinguito/dev/rotaract-connect/ios/Pods/Headers/Public/ExpoModulesCore/ExpoModulesCore/EXFileSystemInterface.h:14:42: warning: pointer is missing a nullability type specifier (_Nonnull, _Nullable, or _Null_unspecified)
@property (nonatomic, readonly) NSString *documentDirectory;
                                         ^
/Users/jonahmicahinguito/dev/rotaract-connect/ios/Pods/Headers/Public/ExpoModulesCore/ExpoModulesCore/EXFileSystemInterface.h:14:42: note: insert '_Nullable' if the pointer may be null
@property (nonatomic, readonly) NSString *documentDirectory;
                                         ^
/Users/jonahmicahinguito/dev/rotaract-connect/ios/Pods/Headers/Public/ExpoModulesCore/ExpoModulesCore/EXFileSystemInterface.h:14:42: note: insert '_Nonnull' if the pointer should never be null
@property (nonatomic, readonly) NSString *documentDirectory;
                                         ^
<module-includes>:1:9: note: in file included from <module-includes>:1:
#import "ExpoModulesCore-umbrella.h"
        ^
/Users/jonahmicahinguito/Library/Developer/Xcode/DerivedData/rotaractconnect-cjwcbdlngckcsaantafkjnfzfbdk/Build/Products/Debug-iphoneos/ExpoModulesCore/ExpoModulesCore-umbrella.h:19:9: note: in file included from /Users/jonahmicahinguito/Library/Developer/Xcode/DerivedData/rotaractconnect-cjwcbdlngckcsaantafkjnfzfbdk/Build/Products/Debug-iphoneos/ExpoModulesCore/ExpoModulesCore-umbrella.h:19:
#import "ExpoModulesCore/ExpoModulesCore.h"
        ^
/Users/jonahmicahinguito/dev/rotaract-connect/ios/Pods/Headers/Public/ExpoModulesCore/ExpoModulesCore/ExpoModulesCore.h:16:9: note: in file included from /Users/jonahmicahinguito/dev/rotaract-connect/ios/Pods/Headers/Public/ExpoModulesCore/ExpoModulesCore/ExpoModulesCore.h:16:
#import <ExpoModulesCore/EXFilePermissionModuleInterface.h>
        ^
/Users/jonahmicahinguito/dev/rotaract-connect/ios/Pods/Headers/Public/ExpoModulesCore/ExpoModulesCore/EXFilePermissionModuleInterface.h:3:9: note: in file included from /Users/jonahmicahinguito/dev/rotaract-connect/ios/Pods/Headers/Public/ExpoModulesCore/ExpoModulesCore/EXFilePermissionModuleInterface.h:3:
#import <ExpoModulesCore/EXFileSystemInterface.h>
        ^
/Users/jonahmicahinguito/dev/rotaract-connect/ios/Pods/Headers/Public/ExpoModulesCore/ExpoModulesCore/EXFileSystemInterface.h:20:57: warning: pointer is missing a nullability type specifier (_Nonnull, _Nullable, or _Null_unspecified)
- (nonnull NSString *)generatePathInDirectory:(NSString *)directory withExtension:(NSString *)extension;
                                                        ^
/Users/jonahmicahinguito/dev/rotaract-connect/ios/Pods/Headers/Public/ExpoModulesCore/ExpoModulesCore/EXFileSystemInterface.h:20:57: note: insert '_Nullable' if the pointer may be null
- (nonnull NSString *)generatePathInDirectory:(NSString *)directory withExtension:(NSString *)extension;
                                                        ^
/Users/jonahmicahinguito/dev/rotaract-connect/ios/Pods/Headers/Public/ExpoModulesCore/ExpoModulesCore/EXFileSystemInterface.h:20:57: note: insert '_Nonnull' if the pointer should never be null
- (nonnull NSString *)generatePathInDirectory:(NSString *)directory withExtension:(NSString *)extension;
                                                        ^
<module-includes>:1:9: note: in file included from <module-includes>:1:
#import "ExpoModulesCore-umbrella.h"
        ^
/Users/jonahmicahinguito/Library/Developer/Xcode/DerivedData/rotaractconnect-cjwcbdlngckcsaantafkjnfzfbdk/Build/Products/Debug-iphoneos/ExpoModulesCore/ExpoModulesCore-umbrella.h:19:9: note: in file included from /Users/jonahmicahinguito/Library/Developer/Xcode/DerivedData/rotaractconnect-cjwcbdlngckcsaantafkjnfzfbdk/Build/Products/Debug-iphoneos/ExpoModulesCore/ExpoModulesCore-umbrella.h:19:
#import "ExpoModulesCore/ExpoModulesCore.h"
        ^
/Users/jonahmicahinguito/dev/rotaract-connect/ios/Pods/Headers/Public/ExpoModulesCore/ExpoModulesCore/ExpoModulesCore.h:16:9: note: in file included from /Users/jonahmicahinguito/dev/rotaract-connect/ios/Pods/Headers/Public/ExpoModulesCore/ExpoModulesCore/ExpoModulesCore.h:16:
#import <ExpoModulesCore/EXFilePermissionModuleInterface.h>
        ^
/Users/jonahmicahinguito/dev/rotaract-connect/ios/Pods/Headers/Public/ExpoModulesCore/ExpoModulesCore/EXFilePermissionModuleInterface.h:3:9: note: in file included from /Users/jonahmicahinguito/dev/rotaract-connect/ios/Pods/Headers/Public/ExpoModulesCore/ExpoModulesCore/EXFilePermissionModuleInterface.h:3:
#import <ExpoModulesCore/EXFileSystemInterface.h>
        ^
/Users/jonahmicahinguito/dev/rotaract-connect/ios/Pods/Headers/Public/ExpoModulesCore/ExpoModulesCore/EXFileSystemInterface.h:20:93: warning: pointer is missing a nullability type specifier (_Nonnull, _Nullable, or _Null_unspecified)
- (nonnull NSString *)generatePathInDirectory:(NSString *)directory withExtension:(NSString *)extension;
                                                                                            ^
/Users/jonahmicahinguito/dev/rotaract-connect/ios/Pods/Headers/Public/ExpoModulesCore/ExpoModulesCore/EXFileSystemInterface.h:20:93: note: insert '_Nullable' if the pointer may be null
- (nonnull NSString *)generatePathInDirectory:(NSString *)directory withExtension:(NSString *)extension;
                                                                                            ^
/Users/jonahmicahinguito/dev/rotaract-connect/ios/Pods/Headers/Public/ExpoModulesCore/ExpoModulesCore/EXFileSystemInterface.h:20:93: note: insert '_Nonnull' if the pointer should never be null
- (nonnull NSString *)generatePathInDirectory:(NSString *)directory withExtension:(NSString *)extension;
                                                                                            ^
<module-includes>:1:9: note: in file included from <module-includes>:1:
#import "ExpoModulesCore-umbrella.h"
        ^
/Users/jonahmicahinguito/Library/Developer/Xcode/DerivedData/rotaractconnect-cjwcbdlngckcsaantafkjnfzfbdk/Build/Products/Debug-iphoneos/ExpoModulesCore/ExpoModulesCore-umbrella.h:19:9: note: in file included from /Users/jonahmicahinguito/Library/Developer/Xcode/DerivedData/rotaractconnect-cjwcbdlngckcsaantafkjnfzfbdk/Build/Products/Debug-iphoneos/ExpoModulesCore/ExpoModulesCore-umbrella.h:19:
#import "ExpoModulesCore/ExpoModulesCore.h"
        ^
/Users/jonahmicahinguito/dev/rotaract-connect/ios/Pods/Headers/Public/ExpoModulesCore/ExpoModulesCore/ExpoModulesCore.h:16:9: note: in file included from /Users/jonahmicahinguito/dev/rotaract-connect/ios/Pods/Headers/Public/ExpoModulesCore/ExpoModulesCore/ExpoModulesCore.h:16:
#import <ExpoModulesCore/EXFilePermissionModuleInterface.h>
        ^
/Users/jonahmicahinguito/dev/rotaract-connect/ios/Pods/Headers/Public/ExpoModulesCore/ExpoModulesCore/EXFilePermissionModuleInterface.h:3:9: note: in file included from /Users/jonahmicahinguito/dev/rotaract-connect/ios/Pods/Headers/Public/ExpoModulesCore/ExpoModulesCore/EXFilePermissionModuleInterface.h:3:
#import <ExpoModulesCore/EXFileSystemInterface.h>
        ^
/Users/jonahmicahinguito/dev/rotaract-connect/ios/Pods/Headers/Public/ExpoModulesCore/ExpoModulesCore/EXFileSystemInterface.h:21:43: warning: pointer is missing a nullability type specifier (_Nonnull, _Nullable, or _Null_unspecified)
- (BOOL)ensureDirExistsWithPath:(NSString *)path;
                                          ^
/Users/jonahmicahinguito/dev/rotaract-connect/ios/Pods/Headers/Public/ExpoModulesCore/ExpoModulesCore/EXFileSystemInterface.h:21:43: note: insert '_Nullable' if the pointer may be null
- (BOOL)ensureDirExistsWithPath:(NSString *)path;
                                          ^
/Users/jonahmicahinguito/dev/rotaract-connect/ios/Pods/Headers/Public/ExpoModulesCore/ExpoModulesCore/EXFileSystemInterface.h:21:43: note: insert '_Nonnull' if the pointer should never be null
- (BOOL)ensureDirExistsWithPath:(NSString *)path;
                                          ^
<module-includes>:1:9: note: in file included from <module-includes>:1:
#import "ExpoModulesCore-umbrella.h"
        ^
/Users/jonahmicahinguito/Library/Developer/Xcode/DerivedData/rotaractconnect-cjwcbdlngckcsaantafkjnfzfbdk/Build/Products/Debug-iphoneos/ExpoModulesCore/ExpoModulesCore-umbrella.h:19:9: note: in file included from /Users/jonahmicahinguito/Library/Developer/Xcode/DerivedData/rotaractconnect-cjwcbdlngckcsaantafkjnfzfbdk/Build/Products/Debug-iphoneos/ExpoModulesCore/ExpoModulesCore-umbrella.h:19:
#import "ExpoModulesCore/ExpoModulesCore.h"
        ^
/Users/jonahmicahinguito/dev/rotaract-connect/ios/Pods/Headers/Public/ExpoModulesCore/ExpoModulesCore/ExpoModulesCore.h:42:9: note: in file included from /Users/jonahmicahinguito/dev/rotaract-connect/ios/Pods/Headers/Public/ExpoModulesCore/ExpoModulesCore/ExpoModulesCore.h:42:
#import <ExpoModulesCore/EXModuleRegistryHolderReactModule.h>
        ^
/Users/jonahmicahinguito/dev/rotaract-connect/ios/Pods/Headers/Public/ExpoModulesCore/ExpoModulesCore/EXModuleRegistryHolderReactModule.h:7:58: warning: cannot find protocol definition for 'RCTBridgeModule'
@interface EXModuleRegistryHolderReactModule : NSObject <RCTBridgeModule>
                                                         ^
/Users/jonahmicahinguito/dev/rotaract-connect/ios/Pods/Headers/Public/ExpoModulesCore/ExpoModulesCore/EXModuleRegistryHolderReactModule.h:3:11: note: protocol 'RCTBridgeModule' has no definition
@protocol RCTBridgeModule;
          ^
/Users/jonahmicahinguito/dev/rotaract-connect/node_modules/expo-image-picker/ios/ImagePickerExceptions.swift:5:22: warning: class 'PermissionsModuleNotFoundException' must restate inherited '@unchecked Sendable' conformance
internal final class PermissionsModuleNotFoundException: Exception {
                     ^
                                                                  , @unchecked Sendable
/Users/jonahmicahinguito/dev/rotaract-connect/node_modules/expo-image-picker/ios/ImagePickerExceptions.swift:11:22: warning: class 'FileSystemModuleNotFoundException' must restate inherited '@unchecked Sendable' conformance
internal final class FileSystemModuleNotFoundException: Exception {
                     ^
                                                                 , @unchecked Sendable
/Users/jonahmicahinguito/dev/rotaract-connect/node_modules/expo-image-picker/ios/ImagePickerExceptions.swift:17:22: warning: class 'MissingCameraPermissionException' must restate inherited '@unchecked Sendable' conformance
internal final class MissingCameraPermissionException: Exception {
                     ^
                                                                , @unchecked Sendable
/Users/jonahmicahinguito/dev/rotaract-connect/node_modules/expo-image-picker/ios/ImagePickerExceptions.swift:23:22: warning: class 'MissingMicrophonePermissionException' must restate inherited '@unchecked Sendable' conformance
internal final class MissingMicrophonePermissionException: Exception {
                     ^
                                                                    , @unchecked Sendable
/Users/jonahmicahinguito/dev/rotaract-connect/node_modules/expo-image-picker/ios/ImagePickerExceptions.swift:29:22: warning: class 'MissingCurrentViewControllerException' must restate inherited '@unchecked Sendable' conformance
internal final class MissingCurrentViewControllerException: Exception {
                     ^
                                                                     , @unchecked Sendable
/Users/jonahmicahinguito/dev/rotaract-connect/node_modules/expo-image-picker/ios/ImagePickerExceptions.swift:35:22: warning: class 'MaxDurationWhileEditingExceededException' must restate inherited '@unchecked Sendable' conformance
internal final class MaxDurationWhileEditingExceededException: Exception {
                     ^
                                                                        , @unchecked Sendable
/Users/jonahmicahinguito/dev/rotaract-connect/node_modules/expo-image-picker/ios/ImagePickerExceptions.swift:41:22: warning: class 'InvalidMediaTypeException' must restate inherited '@unchecked Sendable' conformance
internal final class InvalidMediaTypeException: GenericException<String?> {
                     ^
                                                                         , @unchecked Sendable
/Users/jonahmicahinguito/dev/rotaract-connect/node_modules/expo-image-picker/ios/ImagePickerExceptions.swift:47:22: warning: class 'FailedToCreateGifException' must restate inherited '@unchecked Sendable' conformance
internal final class FailedToCreateGifException: Exception {
                     ^
                                                          , @unchecked Sendable
/Users/jonahmicahinguito/dev/rotaract-connect/node_modules/expo-image-picker/ios/ImagePickerExceptions.swift:53:22: warning: class 'FailedToExportGifException' must restate inherited '@unchecked Sendable' conformance
internal final class FailedToExportGifException: Exception {
                     ^
                                                          , @unchecked Sendable
/Users/jonahmicahinguito/dev/rotaract-connect/node_modules/expo-image-picker/ios/ImagePickerExceptions.swift:59:22: warning: class 'FailedToWriteImageException' must restate inherited '@unchecked Sendable' conformance
internal final class FailedToWriteImageException: Exception {
                     ^
                                                           , @unchecked Sendable
/Users/jonahmicahinguito/dev/rotaract-connect/node_modules/expo-image-picker/ios/ImagePickerExceptions.swift:65:22: warning: class 'FailedToReadImageException' must restate inherited '@unchecked Sendable' conformance
internal final class FailedToReadImageException: Exception {
                     ^
                                                          , @unchecked Sendable
/Users/jonahmicahinguito/dev/rotaract-connect/node_modules/expo-image-picker/ios/ImagePickerExceptions.swift:71:22: warning: class 'FailedToReadImageDataException' must restate inherited '@unchecked Sendable' conformance
internal final class FailedToReadImageDataException: Exception {
                     ^
                                                              , @unchecked Sendable
/Users/jonahmicahinguito/dev/rotaract-connect/node_modules/expo-image-picker/ios/ImagePickerExceptions.swift:77:22: warning: class 'FailedToReadVideoSizeException' must restate inherited '@unchecked Sendable' conformance
internal final class FailedToReadVideoSizeException: Exception {
                     ^
                                                              , @unchecked Sendable
/Users/jonahmicahinguito/dev/rotaract-connect/node_modules/expo-image-picker/ios/ImagePickerExceptions.swift:83:22: warning: class 'FailedToReadVideoException' must restate inherited '@unchecked Sendable' conformance
internal final class FailedToReadVideoException: Exception {
                     ^
                                                          , @unchecked Sendable
/Users/jonahmicahinguito/dev/rotaract-connect/node_modules/expo-image-picker/ios/ImagePickerExceptions.swift:89:22: warning: class 'FailedToTranscodeVideoException' must restate inherited '@unchecked Sendable' conformance
internal final class FailedToTranscodeVideoException: Exception {
                     ^
                                                               , @unchecked Sendable
/Users/jonahmicahinguito/dev/rotaract-connect/node_modules/expo-image-picker/ios/ImagePickerExceptions.swift:95:22: warning: class 'UnsupportedVideoExportPresetException' must restate inherited '@unchecked Sendable' conformance
internal final class UnsupportedVideoExportPresetException: GenericException<String> {
                     ^
                                                                                    , @unchecked Sendable
/Users/jonahmicahinguito/dev/rotaract-connect/node_modules/expo-image-picker/ios/ImagePickerExceptions.swift:101:22: warning: class 'FailedToPickVideoException' must restate inherited '@unchecked Sendable' conformance
internal final class FailedToPickVideoException: Exception {
                     ^
                                                          , @unchecked Sendable
/Users/jonahmicahinguito/dev/rotaract-connect/node_modules/expo-image-picker/ios/ImagePickerExceptions.swift:107:22: warning: class 'FailedToReadImageDataForBase64Exception' must restate inherited '@unchecked Sendable' conformance
internal final class FailedToReadImageDataForBase64Exception: Exception {
                     ^
                                                                       , @unchecked Sendable
/Users/jonahmicahinguito/dev/rotaract-connect/node_modules/expo-image-picker/ios/ImagePickerExceptions.swift:113:22: warning: class 'FailedToPickLivePhotoException' must restate inherited '@unchecked Sendable' conformance
internal final class FailedToPickLivePhotoException: Exception {
                     ^
                                                              , @unchecked Sendable
/Users/jonahmicahinguito/dev/rotaract-connect/node_modules/expo-image-picker/ios/ImageUtils.swift:70:35: warning: 'referenceURL' was deprecated in iOS 11.0: Will be removed in a future release, use PHPicker.
    let referenceUrl = mediaInfo[.referenceURL] as? URL
                                  ^
/Users/jonahmicahinguito/dev/rotaract-connect/node_modules/expo-image-picker/ios/ImageUtils.swift:236:37: warning: 'referenceURL' was deprecated in iOS 11.0: Will be removed in a future release, use PHPicker.
    guard let imageUrl = mediaInfo[.referenceURL] as? URL else {
                                    ^
/Users/jonahmicahinguito/dev/rotaract-connect/node_modules/expo-image-picker/ios/ImageUtils.swift:241:26: warning: 'fetchAssets(withALAssetURLs:options:)' was deprecated in iOS 11: Will be removed in a future release
    let assets = PHAsset.fetchAssets(withALAssetURLs: [imageUrl], options: nil)
                         ^
/Users/jonahmicahinguito/dev/rotaract-connect/node_modules/expo-image-picker/ios/ImageUtils.swift:281:37: warning: 'referenceURL' was deprecated in iOS 11.0: Will be removed in a future release, use PHPicker.
    guard let imageUrl = mediaInfo[.referenceURL] as? URL else {
                                    ^
/Users/jonahmicahinguito/dev/rotaract-connect/node_modules/expo-image-picker/ios/ImageUtils.swift:286:26: warning: 'fetchAssets(withALAssetURLs:options:)' was deprecated in iOS 11: Will be removed in a future release
    let assets = PHAsset.fetchAssets(withALAssetURLs: [imageUrl], options: nil)
                         ^
/Users/jonahmicahinguito/dev/rotaract-connect/node_modules/expo-image-picker/ios/StatusBarVisibilityController.swift:13:56: warning: 'isStatusBarHidden' was deprecated in iOS 13.0: Use the statusBarManager property of the window scene instead.
    guard shouldHideStatusBar && !UIApplication.shared.isStatusBarHidden else {
                                                       ^
/Users/jonahmicahinguito/dev/rotaract-connect/node_modules/expo-image-picker/ios/VideoUtils.swift:24:25: warning: 'duration' was deprecated in iOS 16.0: Use load(.duration) instead
    return Double(asset.duration.value) / Double(asset.duration.timescale) * 1000
                        ^
/Users/jonahmicahinguito/dev/rotaract-connect/node_modules/expo-image-picker/ios/VideoUtils.swift:24:56: warning: 'duration' was deprecated in iOS 16.0: Use load(.duration) instead
    return Double(asset.duration.value) / Double(asset.duration.timescale) * 1000
                                                       ^
/Users/jonahmicahinguito/dev/rotaract-connect/node_modules/expo-image-picker/ios/VideoUtils.swift:29:34: warning: 'tracks(withMediaType:)' was deprecated in iOS 16.0: Use loadTracks(withMediaType:) instead
    guard let assetTrack = asset.tracks(withMediaType: .video).first else {
                                 ^
/Users/jonahmicahinguito/dev/rotaract-connect/node_modules/expo-image-picker/ios/VideoUtils.swift:33:27: warning: 'naturalSize' was deprecated in iOS 16.0: Use load(.naturalSize) instead
    let size = assetTrack.naturalSize.applying(assetTrack.preferredTransform)
                          ^
/Users/jonahmicahinguito/dev/rotaract-connect/node_modules/expo-image-picker/ios/VideoUtils.swift:33:59: warning: 'preferredTransform' was deprecated in iOS 16.0: Use load(.preferredTransform) instead
    let size = assetTrack.naturalSize.applying(assetTrack.preferredTransform)
                                                          ^
/Users/jonahmicahinguito/dev/rotaract-connect/node_modules/expo-image-picker/ios/VideoUtils.swift:38:55: warning: 'referenceURL' was deprecated in iOS 11.0: Will be removed in a future release, use PHPicker.
    return mediaInfo[.mediaURL] as? URL ?? mediaInfo[.referenceURL] as? URL
                                                      ^

/Users/jonahmicahinguito/dev/rotaract-connect/ios/Pods/<module-includes>:1:9: In file included from <module-includes>:1:

/Users/jonahmicahinguito/Library/Developer/Xcode/DerivedData/rotaractconnect-cjwcbdlngckcsaantafkjnfzfbdk/Build/Products/Debug-iphoneos/ExpoModulesCore/ExpoModulesCore-umbrella.h:19:9: In file included from /Users/jonahmicahinguito/Library/Developer/Xcode/DerivedData/rotaractconnect-cjwcbdlngckcsaantafkjnfzfbdk/Build/Products/Debug-iphoneos/ExpoModulesCore/ExpoModulesCore-umbrella.h:19:

/Users/jonahmicahinguito/dev/rotaract-connect/ios/Pods/Headers/Public/ExpoModulesCore/ExpoModulesCore/ExpoModulesCore.h:16:9: In file included from /Users/jonahmicahinguito/dev/rotaract-connect/ios/Pods/Headers/Public/ExpoModulesCore/ExpoModulesCore/ExpoModulesCore.h:16:

/Users/jonahmicahinguito/dev/rotaract-connect/ios/Pods/Headers/Public/ExpoModulesCore/ExpoModulesCore/EXFilePermissionModuleInterface.h:3:9: In file included from /Users/jonahmicahinguito/dev/rotaract-connect/ios/Pods/Headers/Public/ExpoModulesCore/ExpoModulesCore/EXFilePermissionModuleInterface.h:3:

/Users/jonahmicahinguito/dev/rotaract-connect/ios/Pods/Headers/Public/ExpoModulesCore/ExpoModulesCore/EXFileSystemInterface.h:14:42: Pointer is missing a nullability type specifier (_Nonnull, _Nullable, or _Null_unspecified)

/Users/jonahmicahinguito/dev/rotaract-connect/ios/Pods/Headers/Public/ExpoModulesCore/ExpoModulesCore/EXFileSystemInterface.h:20:57: Pointer is missing a nullability type specifier (_Nonnull, _Nullable, or _Null_unspecified)

/Users/jonahmicahinguito/dev/rotaract-connect/ios/Pods/Headers/Public/ExpoModulesCore/ExpoModulesCore/EXFileSystemInterface.h:20:93: Pointer is missing a nullability type specifier (_Nonnull, _Nullable, or _Null_unspecified)

/Users/jonahmicahinguito/dev/rotaract-connect/ios/Pods/Headers/Public/ExpoModulesCore/ExpoModulesCore/EXFileSystemInterface.h:21:43: Pointer is missing a nullability type specifier (_Nonnull, _Nullable, or _Null_unspecified)

/Users/jonahmicahinguito/dev/rotaract-connect/ios/Pods/Headers/Public/ExpoModulesCore/ExpoModulesCore/EXModuleRegistryHolderReactModule.h:7:58: Cannot find protocol definition for 'RCTBridgeModule'

/Users/jonahmicahinguito/dev/rotaract-connect/node_modules/expo-image-picker/ios/ImagePickerExceptions.swift:5:22: Class 'PermissionsModuleNotFoundException' must restate inherited '@unchecked Sendable' conformance

/Users/jonahmicahinguito/dev/rotaract-connect/node_modules/expo-image-picker/ios/ImagePickerExceptions.swift:11:22: Class 'FileSystemModuleNotFoundException' must restate inherited '@unchecked Sendable' conformance

/Users/jonahmicahinguito/dev/rotaract-connect/node_modules/expo-image-picker/ios/ImagePickerExceptions.swift:17:22: Class 'MissingCameraPermissionException' must restate inherited '@unchecked Sendable' conformance

/Users/jonahmicahinguito/dev/rotaract-connect/node_modules/expo-image-picker/ios/ImagePickerExceptions.swift:23:22: Class 'MissingMicrophonePermissionException' must restate inherited '@unchecked Sendable' conformance

/Users/jonahmicahinguito/dev/rotaract-connect/node_modules/expo-image-picker/ios/ImagePickerExceptions.swift:29:22: Class 'MissingCurrentViewControllerException' must restate inherited '@unchecked Sendable' conformance

/Users/jonahmicahinguito/dev/rotaract-connect/node_modules/expo-image-picker/ios/ImagePickerExceptions.swift:35:22: Class 'MaxDurationWhileEditingExceededException' must restate inherited '@unchecked Sendable' conformance

/Users/jonahmicahinguito/dev/rotaract-connect/node_modules/expo-image-picker/ios/ImagePickerExceptions.swift:41:22: Class 'InvalidMediaTypeException' must restate inherited '@unchecked Sendable' conformance

/Users/jonahmicahinguito/dev/rotaract-connect/node_modules/expo-image-picker/ios/ImagePickerExceptions.swift:47:22: Class 'FailedToCreateGifException' must restate inherited '@unchecked Sendable' conformance

/Users/jonahmicahinguito/dev/rotaract-connect/node_modules/expo-image-picker/ios/ImagePickerExceptions.swift:53:22: Class 'FailedToExportGifException' must restate inherited '@unchecked Sendable' conformance

/Users/jonahmicahinguito/dev/rotaract-connect/node_modules/expo-image-picker/ios/ImagePickerExceptions.swift:59:22: Class 'FailedToWriteImageException' must restate inherited '@unchecked Sendable' conformance

/Users/jonahmicahinguito/dev/rotaract-connect/node_modules/expo-image-picker/ios/ImagePickerExceptions.swift:65:22: Class 'FailedToReadImageException' must restate inherited '@unchecked Sendable' conformance

/Users/jonahmicahinguito/dev/rotaract-connect/node_modules/expo-image-picker/ios/ImagePickerExceptions.swift:71:22: Class 'FailedToReadImageDataException' must restate inherited '@unchecked Sendable' conformance

/Users/jonahmicahinguito/dev/rotaract-connect/node_modules/expo-image-picker/ios/ImagePickerExceptions.swift:77:22: Class 'FailedToReadVideoSizeException' must restate inherited '@unchecked Sendable' conformance

/Users/jonahmicahinguito/dev/rotaract-connect/node_modules/expo-image-picker/ios/ImagePickerExceptions.swift:83:22: Class 'FailedToReadVideoException' must restate inherited '@unchecked Sendable' conformance

/Users/jonahmicahinguito/dev/rotaract-connect/node_modules/expo-image-picker/ios/ImagePickerExceptions.swift:89:22: Class 'FailedToTranscodeVideoException' must restate inherited '@unchecked Sendable' conformance

/Users/jonahmicahinguito/dev/rotaract-connect/node_modules/expo-image-picker/ios/ImagePickerExceptions.swift:95:22: Class 'UnsupportedVideoExportPresetException' must restate inherited '@unchecked Sendable' conformance

/Users/jonahmicahinguito/dev/rotaract-connect/node_modules/expo-image-picker/ios/ImagePickerExceptions.swift:101:22: Class 'FailedToPickVideoException' must restate inherited '@unchecked Sendable' conformance

/Users/jonahmicahinguito/dev/rotaract-connect/node_modules/expo-image-picker/ios/ImagePickerExceptions.swift:107:22: Class 'FailedToReadImageDataForBase64Exception' must restate inherited '@unchecked Sendable' conformance

/Users/jonahmicahinguito/dev/rotaract-connect/node_modules/expo-image-picker/ios/ImagePickerExceptions.swift:113:22: Class 'FailedToPickLivePhotoException' must restate inherited '@unchecked Sendable' conformance

/Users/jonahmicahinguito/dev/rotaract-connect/node_modules/expo-image-picker/ios/ImageUtils.swift:70:35: 'referenceURL' was deprecated in iOS 11.0: Will be removed in a future release, use PHPicker.

/Users/jonahmicahinguito/dev/rotaract-connect/node_modules/expo-image-picker/ios/ImageUtils.swift:236:37: 'referenceURL' was deprecated in iOS 11.0: Will be removed in a future release, use PHPicker.

/Users/jonahmicahinguito/dev/rotaract-connect/node_modules/expo-image-picker/ios/ImageUtils.swift:241:26: 'fetchAssets(withALAssetURLs:options:)' was deprecated in iOS 11: Will be removed in a future release

/Users/jonahmicahinguito/dev/rotaract-connect/node_modules/expo-image-picker/ios/ImageUtils.swift:281:37: 'referenceURL' was deprecated in iOS 11.0: Will be removed in a future release, use PHPicker.

/Users/jonahmicahinguito/dev/rotaract-connect/node_modules/expo-image-picker/ios/ImageUtils.swift:286:26: 'fetchAssets(withALAssetURLs:options:)' was deprecated in iOS 11: Will be removed in a future release

/Users/jonahmicahinguito/dev/rotaract-connect/node_modules/expo-image-picker/ios/StatusBarVisibilityController.swift:13:56: 'isStatusBarHidden' was deprecated in iOS 13.0: Use the statusBarManager property of the window scene instead.

/Users/jonahmicahinguito/dev/rotaract-connect/node_modules/expo-image-picker/ios/VideoUtils.swift:24:25: 'duration' was deprecated in iOS 16.0: Use load(.duration) instead

/Users/jonahmicahinguito/dev/rotaract-connect/node_modules/expo-image-picker/ios/VideoUtils.swift:24:56: 'duration' was deprecated in iOS 16.0: Use load(.duration) instead

/Users/jonahmicahinguito/dev/rotaract-connect/node_modules/expo-image-picker/ios/VideoUtils.swift:29:34: 'tracks(withMediaType:)' was deprecated in iOS 16.0: Use loadTracks(withMediaType:) instead

/Users/jonahmicahinguito/dev/rotaract-connect/node_modules/expo-image-picker/ios/VideoUtils.swift:33:27: 'naturalSize' was deprecated in iOS 16.0: Use load(.naturalSize) instead

/Users/jonahmicahinguito/dev/rotaract-connect/node_modules/expo-image-picker/ios/VideoUtils.swift:33:59: 'preferredTransform' was deprecated in iOS 16.0: Use load(.preferredTransform) instead

/Users/jonahmicahinguito/dev/rotaract-connect/node_modules/expo-image-picker/ios/VideoUtils.swift:38:55: 'referenceURL' was deprecated in iOS 11.0: Will be removed in a future release, use PHPicker.


Build target ExpoFont of project Pods with configuration Debug

SwiftEmitModule normal arm64 Emitting\ module\ for\ ExpoFont (in target 'ExpoFont' from project 'Pods')

EmitSwiftModule normal arm64 (in target 'ExpoFont' from project 'Pods')
    cd /Users/jonahmicahinguito/dev/rotaract-connect/ios/Pods
    

<module-includes>:1:9: note: in file included from <module-includes>:1:
#import "ExpoModulesCore-umbrella.h"
        ^
/Users/jonahmicahinguito/Library/Developer/Xcode/DerivedData/rotaractconnect-cjwcbdlngckcsaantafkjnfzfbdk/Build/Products/Debug-iphoneos/ExpoModulesCore/ExpoModulesCore-umbrella.h:19:9: note: in file included from /Users/jonahmicahinguito/Library/Developer/Xcode/DerivedData/rotaractconnect-cjwcbdlngckcsaantafkjnfzfbdk/Build/Products/Debug-iphoneos/ExpoModulesCore/ExpoModulesCore-umbrella.h:19:
#import "ExpoModulesCore/ExpoModulesCore.h"
        ^
/Users/jonahmicahinguito/dev/rotaract-connect/ios/Pods/Headers/Public/ExpoModulesCore/ExpoModulesCore/ExpoModulesCore.h:16:9: note: in file included from /Users/jonahmicahinguito/dev/rotaract-connect/ios/Pods/Headers/Public/ExpoModulesCore/ExpoModulesCore/ExpoModulesCore.h:16:
#import <ExpoModulesCore/EXFilePermissionModuleInterface.h>
        ^
/Users/jonahmicahinguito/dev/rotaract-connect/ios/Pods/Headers/Public/ExpoModulesCore/ExpoModulesCore/EXFilePermissionModuleInterface.h:3:9: note: in file included from /Users/jonahmicahinguito/dev/rotaract-connect/ios/Pods/Headers/Public/ExpoModulesCore/ExpoModulesCore/EXFilePermissionModuleInterface.h:3:
#import <ExpoModulesCore/EXFileSystemInterface.h>
        ^
/Users/jonahmicahinguito/dev/rotaract-connect/ios/Pods/Headers/Public/ExpoModulesCore/ExpoModulesCore/EXFileSystemInterface.h:14:42: warning: pointer is missing a nullability type specifier (_Nonnull, _Nullable, or _Null_unspecified)
@property (nonatomic, readonly) NSString *documentDirectory;
                                         ^
/Users/jonahmicahinguito/dev/rotaract-connect/ios/Pods/Headers/Public/ExpoModulesCore/ExpoModulesCore/EXFileSystemInterface.h:14:42: note: insert '_Nullable' if the pointer may be null
@property (nonatomic, readonly) NSString *documentDirectory;
                                         ^
/Users/jonahmicahinguito/dev/rotaract-connect/ios/Pods/Headers/Public/ExpoModulesCore/ExpoModulesCore/EXFileSystemInterface.h:14:42: note: insert '_Nonnull' if the pointer should never be null
@property (nonatomic, readonly) NSString *documentDirectory;
                                         ^
<module-includes>:1:9: note: in file included from <module-includes>:1:
#import "ExpoModulesCore-umbrella.h"
        ^
/Users/jonahmicahinguito/Library/Developer/Xcode/DerivedData/rotaractconnect-cjwcbdlngckcsaantafkjnfzfbdk/Build/Products/Debug-iphoneos/ExpoModulesCore/ExpoModulesCore-umbrella.h:19:9: note: in file included from /Users/jonahmicahinguito/Library/Developer/Xcode/DerivedData/rotaractconnect-cjwcbdlngckcsaantafkjnfzfbdk/Build/Products/Debug-iphoneos/ExpoModulesCore/ExpoModulesCore-umbrella.h:19:
#import "ExpoModulesCore/ExpoModulesCore.h"
        ^
/Users/jonahmicahinguito/dev/rotaract-connect/ios/Pods/Headers/Public/ExpoModulesCore/ExpoModulesCore/ExpoModulesCore.h:16:9: note: in file included from /Users/jonahmicahinguito/dev/rotaract-connect/ios/Pods/Headers/Public/ExpoModulesCore/ExpoModulesCore/ExpoModulesCore.h:16:
#import <ExpoModulesCore/EXFilePermissionModuleInterface.h>
        ^
/Users/jonahmicahinguito/dev/rotaract-connect/ios/Pods/Headers/Public/ExpoModulesCore/ExpoModulesCore/EXFilePermissionModuleInterface.h:3:9: note: in file included from /Users/jonahmicahinguito/dev/rotaract-connect/ios/Pods/Headers/Public/ExpoModulesCore/ExpoModulesCore/EXFilePermissionModuleInterface.h:3:
#import <ExpoModulesCore/EXFileSystemInterface.h>
        ^
/Users/jonahmicahinguito/dev/rotaract-connect/ios/Pods/Headers/Public/ExpoModulesCore/ExpoModulesCore/EXFileSystemInterface.h:20:57: warning: pointer is missing a nullability type specifier (_Nonnull, _Nullable, or _Null_unspecified)
- (nonnull NSString *)generatePathInDirectory:(NSString *)directory withExtension:(NSString *)extension;
                                                        ^
/Users/jonahmicahinguito/dev/rotaract-connect/ios/Pods/Headers/Public/ExpoModulesCore/ExpoModulesCore/EXFileSystemInterface.h:20:57: note: insert '_Nullable' if the pointer may be null
- (nonnull NSString *)generatePathInDirectory:(NSString *)directory withExtension:(NSString *)extension;
                                                        ^
/Users/jonahmicahinguito/dev/rotaract-connect/ios/Pods/Headers/Public/ExpoModulesCore/ExpoModulesCore/EXFileSystemInterface.h:20:57: note: insert '_Nonnull' if the pointer should never be null
- (nonnull NSString *)generatePathInDirectory:(NSString *)directory withExtension:(NSString *)extension;
                                                        ^
<module-includes>:1:9: note: in file included from <module-includes>:1:
#import "ExpoModulesCore-umbrella.h"
        ^
/Users/jonahmicahinguito/Library/Developer/Xcode/DerivedData/rotaractconnect-cjwcbdlngckcsaantafkjnfzfbdk/Build/Products/Debug-iphoneos/ExpoModulesCore/ExpoModulesCore-umbrella.h:19:9: note: in file included from /Users/jonahmicahinguito/Library/Developer/Xcode/DerivedData/rotaractconnect-cjwcbdlngckcsaantafkjnfzfbdk/Build/Products/Debug-iphoneos/ExpoModulesCore/ExpoModulesCore-umbrella.h:19:
#import "ExpoModulesCore/ExpoModulesCore.h"
        ^
/Users/jonahmicahinguito/dev/rotaract-connect/ios/Pods/Headers/Public/ExpoModulesCore/ExpoModulesCore/ExpoModulesCore.h:16:9: note: in file included from /Users/jonahmicahinguito/dev/rotaract-connect/ios/Pods/Headers/Public/ExpoModulesCore/ExpoModulesCore/ExpoModulesCore.h:16:
#import <ExpoModulesCore/EXFilePermissionModuleInterface.h>
        ^
/Users/jonahmicahinguito/dev/rotaract-connect/ios/Pods/Headers/Public/ExpoModulesCore/ExpoModulesCore/EXFilePermissionModuleInterface.h:3:9: note: in file included from /Users/jonahmicahinguito/dev/rotaract-connect/ios/Pods/Headers/Public/ExpoModulesCore/ExpoModulesCore/EXFilePermissionModuleInterface.h:3:
#import <ExpoModulesCore/EXFileSystemInterface.h>
        ^
/Users/jonahmicahinguito/dev/rotaract-connect/ios/Pods/Headers/Public/ExpoModulesCore/ExpoModulesCore/EXFileSystemInterface.h:20:93: warning: pointer is missing a nullability type specifier (_Nonnull, _Nullable, or _Null_unspecified)
- (nonnull NSString *)generatePathInDirectory:(NSString *)directory withExtension:(NSString *)extension;
                                                                                            ^
/Users/jonahmicahinguito/dev/rotaract-connect/ios/Pods/Headers/Public/ExpoModulesCore/ExpoModulesCore/EXFileSystemInterface.h:20:93: note: insert '_Nullable' if the pointer may be null
- (nonnull NSString *)generatePathInDirectory:(NSString *)directory withExtension:(NSString *)extension;
                                                                                            ^
/Users/jonahmicahinguito/dev/rotaract-connect/ios/Pods/Headers/Public/ExpoModulesCore/ExpoModulesCore/EXFileSystemInterface.h:20:93: note: insert '_Nonnull' if the pointer should never be null
- (nonnull NSString *)generatePathInDirectory:(NSString *)directory withExtension:(NSString *)extension;
                                                                                            ^
<module-includes>:1:9: note: in file included from <module-includes>:1:
#import "ExpoModulesCore-umbrella.h"
        ^
/Users/jonahmicahinguito/Library/Developer/Xcode/DerivedData/rotaractconnect-cjwcbdlngckcsaantafkjnfzfbdk/Build/Products/Debug-iphoneos/ExpoModulesCore/ExpoModulesCore-umbrella.h:19:9: note: in file included from /Users/jonahmicahinguito/Library/Developer/Xcode/DerivedData/rotaractconnect-cjwcbdlngckcsaantafkjnfzfbdk/Build/Products/Debug-iphoneos/ExpoModulesCore/ExpoModulesCore-umbrella.h:19:
#import "ExpoModulesCore/ExpoModulesCore.h"
        ^
/Users/jonahmicahinguito/dev/rotaract-connect/ios/Pods/Headers/Public/ExpoModulesCore/ExpoModulesCore/ExpoModulesCore.h:16:9: note: in file included from /Users/jonahmicahinguito/dev/rotaract-connect/ios/Pods/Headers/Public/ExpoModulesCore/ExpoModulesCore/ExpoModulesCore.h:16:
#import <ExpoModulesCore/EXFilePermissionModuleInterface.h>
        ^
/Users/jonahmicahinguito/dev/rotaract-connect/ios/Pods/Headers/Public/ExpoModulesCore/ExpoModulesCore/EXFilePermissionModuleInterface.h:3:9: note: in file included from /Users/jonahmicahinguito/dev/rotaract-connect/ios/Pods/Headers/Public/ExpoModulesCore/ExpoModulesCore/EXFilePermissionModuleInterface.h:3:
#import <ExpoModulesCore/EXFileSystemInterface.h>
        ^
/Users/jonahmicahinguito/dev/rotaract-connect/ios/Pods/Headers/Public/ExpoModulesCore/ExpoModulesCore/EXFileSystemInterface.h:21:43: warning: pointer is missing a nullability type specifier (_Nonnull, _Nullable, or _Null_unspecified)
- (BOOL)ensureDirExistsWithPath:(NSString *)path;
                                          ^
/Users/jonahmicahinguito/dev/rotaract-connect/ios/Pods/Headers/Public/ExpoModulesCore/ExpoModulesCore/EXFileSystemInterface.h:21:43: note: insert '_Nullable' if the pointer may be null
- (BOOL)ensureDirExistsWithPath:(NSString *)path;
                                          ^
/Users/jonahmicahinguito/dev/rotaract-connect/ios/Pods/Headers/Public/ExpoModulesCore/ExpoModulesCore/EXFileSystemInterface.h:21:43: note: insert '_Nonnull' if the pointer should never be null
- (BOOL)ensureDirExistsWithPath:(NSString *)path;
                                          ^
<module-includes>:1:9: note: in file included from <module-includes>:1:
#import "ExpoModulesCore-umbrella.h"
        ^
/Users/jonahmicahinguito/Library/Developer/Xcode/DerivedData/rotaractconnect-cjwcbdlngckcsaantafkjnfzfbdk/Build/Products/Debug-iphoneos/ExpoModulesCore/ExpoModulesCore-umbrella.h:19:9: note: in file included from /Users/jonahmicahinguito/Library/Developer/Xcode/DerivedData/rotaractconnect-cjwcbdlngckcsaantafkjnfzfbdk/Build/Products/Debug-iphoneos/ExpoModulesCore/ExpoModulesCore-umbrella.h:19:
#import "ExpoModulesCore/ExpoModulesCore.h"
        ^
/Users/jonahmicahinguito/dev/rotaract-connect/ios/Pods/Headers/Public/ExpoModulesCore/ExpoModulesCore/ExpoModulesCore.h:42:9: note: in file included from /Users/jonahmicahinguito/dev/rotaract-connect/ios/Pods/Headers/Public/ExpoModulesCore/ExpoModulesCore/ExpoModulesCore.h:42:
#import <ExpoModulesCore/EXModuleRegistryHolderReactModule.h>
        ^
/Users/jonahmicahinguito/dev/rotaract-connect/ios/Pods/Headers/Public/ExpoModulesCore/ExpoModulesCore/EXModuleRegistryHolderReactModule.h:7:58: warning: cannot find protocol definition for 'RCTBridgeModule'
@interface EXModuleRegistryHolderReactModule : NSObject <RCTBridgeModule>
                                                         ^
/Users/jonahmicahinguito/dev/rotaract-connect/ios/Pods/Headers/Public/ExpoModulesCore/ExpoModulesCore/EXModuleRegistryHolderReactModule.h:3:11: note: protocol 'RCTBridgeModule' has no definition
@protocol RCTBridgeModule;
          ^
/Users/jonahmicahinguito/dev/rotaract-connect/node_modules/expo-font/ios/FontExceptions.swift:3:22: warning: class 'FontFileNotFoundException' must restate inherited '@unchecked Sendable' conformance
internal final class FontFileNotFoundException: GenericException<String> {
                     ^
                                                                        , @unchecked Sendable
/Users/jonahmicahinguito/dev/rotaract-connect/node_modules/expo-font/ios/FontExceptions.swift:9:22: warning: class 'FontCreationFailedException' must restate inherited '@unchecked Sendable' conformance
internal final class FontCreationFailedException: GenericException<String> {
                     ^
                                                                          , @unchecked Sendable
/Users/jonahmicahinguito/dev/rotaract-connect/node_modules/expo-font/ios/FontExceptions.swift:15:22: warning: class 'FontNoPostScriptException' must restate inherited '@unchecked Sendable' conformance
internal final class FontNoPostScriptException: GenericException<String> {
                     ^
                                                                        , @unchecked Sendable
/Users/jonahmicahinguito/dev/rotaract-connect/node_modules/expo-font/ios/FontExceptions.swift:27:22: warning: class 'FontRegistrationFailedException' must restate inherited '@unchecked Sendable' conformance
internal final class FontRegistrationFailedException: GenericException<FontRegistrationErrorInfo> {
                     ^
                                                                                                 , @unchecked Sendable
/Users/jonahmicahinguito/dev/rotaract-connect/node_modules/expo-font/ios/FontExceptions.swift:34:22: warning: class 'UnregisteringFontFailedException' must restate inherited '@unchecked Sendable' conformance
internal final class UnregisteringFontFailedException: GenericException<CFError> {
                     ^
                                                                                , @unchecked Sendable
/Users/jonahmicahinguito/dev/rotaract-connect/node_modules/expo-font/ios/FontExceptions.swift:40:22: warning: class 'CreateImageException' must restate inherited '@unchecked Sendable' conformance
internal final class CreateImageException: Exception {
                     ^
                                                    , @unchecked Sendable
/Users/jonahmicahinguito/dev/rotaract-connect/node_modules/expo-font/ios/FontExceptions.swift:46:22: warning: class 'SaveImageException' must restate inherited '@unchecked Sendable' conformance
internal final class SaveImageException: GenericException<String> {
                     ^
                                                                 , @unchecked Sendable

/Users/jonahmicahinguito/dev/rotaract-connect/ios/Pods/<module-includes>:1:9: In file included from <module-includes>:1:

/Users/jonahmicahinguito/Library/Developer/Xcode/DerivedData/rotaractconnect-cjwcbdlngckcsaantafkjnfzfbdk/Build/Products/Debug-iphoneos/ExpoModulesCore/ExpoModulesCore-umbrella.h:19:9: In file included from /Users/jonahmicahinguito/Library/Developer/Xcode/DerivedData/rotaractconnect-cjwcbdlngckcsaantafkjnfzfbdk/Build/Products/Debug-iphoneos/ExpoModulesCore/ExpoModulesCore-umbrella.h:19:

/Users/jonahmicahinguito/dev/rotaract-connect/ios/Pods/Headers/Public/ExpoModulesCore/ExpoModulesCore/ExpoModulesCore.h:16:9: In file included from /Users/jonahmicahinguito/dev/rotaract-connect/ios/Pods/Headers/Public/ExpoModulesCore/ExpoModulesCore/ExpoModulesCore.h:16:

/Users/jonahmicahinguito/dev/rotaract-connect/ios/Pods/Headers/Public/ExpoModulesCore/ExpoModulesCore/EXFilePermissionModuleInterface.h:3:9: In file included from /Users/jonahmicahinguito/dev/rotaract-connect/ios/Pods/Headers/Public/ExpoModulesCore/ExpoModulesCore/EXFilePermissionModuleInterface.h:3:

/Users/jonahmicahinguito/dev/rotaract-connect/ios/Pods/Headers/Public/ExpoModulesCore/ExpoModulesCore/EXFileSystemInterface.h:14:42: Pointer is missing a nullability type specifier (_Nonnull, _Nullable, or _Null_unspecified)

/Users/jonahmicahinguito/dev/rotaract-connect/ios/Pods/Headers/Public/ExpoModulesCore/ExpoModulesCore/EXFileSystemInterface.h:20:57: Pointer is missing a nullability type specifier (_Nonnull, _Nullable, or _Null_unspecified)

/Users/jonahmicahinguito/dev/rotaract-connect/ios/Pods/Headers/Public/ExpoModulesCore/ExpoModulesCore/EXFileSystemInterface.h:20:93: Pointer is missing a nullability type specifier (_Nonnull, _Nullable, or _Null_unspecified)

/Users/jonahmicahinguito/dev/rotaract-connect/ios/Pods/Headers/Public/ExpoModulesCore/ExpoModulesCore/EXFileSystemInterface.h:21:43: Pointer is missing a nullability type specifier (_Nonnull, _Nullable, or _Null_unspecified)

/Users/jonahmicahinguito/dev/rotaract-connect/ios/Pods/Headers/Public/ExpoModulesCore/ExpoModulesCore/EXModuleRegistryHolderReactModule.h:7:58: Cannot find protocol definition for 'RCTBridgeModule'

/Users/jonahmicahinguito/dev/rotaract-connect/node_modules/expo-font/ios/FontExceptions.swift:3:22: Class 'FontFileNotFoundException' must restate inherited '@unchecked Sendable' conformance

/Users/jonahmicahinguito/dev/rotaract-connect/node_modules/expo-font/ios/FontExceptions.swift:9:22: Class 'FontCreationFailedException' must restate inherited '@unchecked Sendable' conformance

/Users/jonahmicahinguito/dev/rotaract-connect/node_modules/expo-font/ios/FontExceptions.swift:15:22: Class 'FontNoPostScriptException' must restate inherited '@unchecked Sendable' conformance

/Users/jonahmicahinguito/dev/rotaract-connect/node_modules/expo-font/ios/FontExceptions.swift:27:22: Class 'FontRegistrationFailedException' must restate inherited '@unchecked Sendable' conformance

/Users/jonahmicahinguito/dev/rotaract-connect/node_modules/expo-font/ios/FontExceptions.swift:34:22: Class 'UnregisteringFontFailedException' must restate inherited '@unchecked Sendable' conformance

/Users/jonahmicahinguito/dev/rotaract-connect/node_modules/expo-font/ios/FontExceptions.swift:40:22: Class 'CreateImageException' must restate inherited '@unchecked Sendable' conformance

/Users/jonahmicahinguito/dev/rotaract-connect/node_modules/expo-font/ios/FontExceptions.swift:46:22: Class 'SaveImageException' must restate inherited '@unchecked Sendable' conformance

SwiftCompile normal arm64 Compiling\ FontExceptions.swift /Users/jonahmicahinguito/dev/rotaract-connect/node_modules/expo-font/ios/FontExceptions.swift (in target 'ExpoFont' from project 'Pods')

SwiftCompile normal arm64 /Users/jonahmicahinguito/dev/rotaract-connect/node_modules/expo-font/ios/FontExceptions.swift (in target 'ExpoFont' from project 'Pods')
    cd /Users/jonahmicahinguito/dev/rotaract-connect/ios/Pods
    

/Users/jonahmicahinguito/dev/rotaract-connect/node_modules/expo-font/ios/FontExceptions.swift:3:22: warning: class 'FontFileNotFoundException' must restate inherited '@unchecked Sendable' conformance
internal final class FontFileNotFoundException: GenericException<String> {
                     ^
                                                                        , @unchecked Sendable
/Users/jonahmicahinguito/dev/rotaract-connect/node_modules/expo-font/ios/FontExceptions.swift:9:22: warning: class 'FontCreationFailedException' must restate inherited '@unchecked Sendable' conformance
internal final class FontCreationFailedException: GenericException<String> {
                     ^
                                                                          , @unchecked Sendable
/Users/jonahmicahinguito/dev/rotaract-connect/node_modules/expo-font/ios/FontExceptions.swift:15:22: warning: class 'FontNoPostScriptException' must restate inherited '@unchecked Sendable' conformance
internal final class FontNoPostScriptException: GenericException<String> {
                     ^
                                                                        , @unchecked Sendable
/Users/jonahmicahinguito/dev/rotaract-connect/node_modules/expo-font/ios/FontExceptions.swift:27:22: warning: class 'FontRegistrationFailedException' must restate inherited '@unchecked Sendable' conformance
internal final class FontRegistrationFailedException: GenericException<FontRegistrationErrorInfo> {
                     ^
                                                                                                 , @unchecked Sendable
/Users/jonahmicahinguito/dev/rotaract-connect/node_modules/expo-font/ios/FontExceptions.swift:34:22: warning: class 'UnregisteringFontFailedException' must restate inherited '@unchecked Sendable' conformance
internal final class UnregisteringFontFailedException: GenericException<CFError> {
                     ^
                                                                                , @unchecked Sendable
/Users/jonahmicahinguito/dev/rotaract-connect/node_modules/expo-font/ios/FontExceptions.swift:40:22: warning: class 'CreateImageException' must restate inherited '@unchecked Sendable' conformance
internal final class CreateImageException: Exception {
                     ^
                                                    , @unchecked Sendable
/Users/jonahmicahinguito/dev/rotaract-connect/node_modules/expo-font/ios/FontExceptions.swift:46:22: warning: class 'SaveImageException' must restate inherited '@unchecked Sendable' conformance
internal final class SaveImageException: GenericException<String> {
                     ^
                                                                 , @unchecked Sendable

/Users/jonahmicahinguito/dev/rotaract-connect/node_modules/expo-font/ios/FontExceptions.swift:3:22: Class 'FontFileNotFoundException' must restate inherited '@unchecked Sendable' conformance

/Users/jonahmicahinguito/dev/rotaract-connect/node_modules/expo-font/ios/FontExceptions.swift:9:22: Class 'FontCreationFailedException' must restate inherited '@unchecked Sendable' conformance

/Users/jonahmicahinguito/dev/rotaract-connect/node_modules/expo-font/ios/FontExceptions.swift:15:22: Class 'FontNoPostScriptException' must restate inherited '@unchecked Sendable' conformance

/Users/jonahmicahinguito/dev/rotaract-connect/node_modules/expo-font/ios/FontExceptions.swift:27:22: Class 'FontRegistrationFailedException' must restate inherited '@unchecked Sendable' conformance

/Users/jonahmicahinguito/dev/rotaract-connect/node_modules/expo-font/ios/FontExceptions.swift:34:22: Class 'UnregisteringFontFailedException' must restate inherited '@unchecked Sendable' conformance

/Users/jonahmicahinguito/dev/rotaract-connect/node_modules/expo-font/ios/FontExceptions.swift:40:22: Class 'CreateImageException' must restate inherited '@unchecked Sendable' conformance

/Users/jonahmicahinguito/dev/rotaract-connect/node_modules/expo-font/ios/FontExceptions.swift:46:22: Class 'SaveImageException' must restate inherited '@unchecked Sendable' conformance


Build target ExpoFileSystem of project Pods with configuration Debug

SwiftEmitModule normal arm64 Emitting\ module\ for\ ExpoFileSystem (in target 'ExpoFileSystem' from project 'Pods')

EmitSwiftModule normal arm64 (in target 'ExpoFileSystem' from project 'Pods')
    cd /Users/jonahmicahinguito/dev/rotaract-connect/ios/Pods
    

/Users/jonahmicahinguito/dev/rotaract-connect/node_modules/expo-file-system/ios/FileSystemExceptions.swift:4:22: warning: class 'CopyOrMoveDirectoryToFileException' must restate inherited '@unchecked Sendable' conformance
internal final class CopyOrMoveDirectoryToFileException: Exception {
                     ^
                                                                  , @unchecked Sendable
/Users/jonahmicahinguito/dev/rotaract-connect/node_modules/expo-file-system/ios/FileSystemExceptions.swift:10:22: warning: class 'UnableToDownloadException' must restate inherited '@unchecked Sendable' conformance
internal final class UnableToDownloadException: GenericException<String> {
                     ^
                                                                        , @unchecked Sendable
/Users/jonahmicahinguito/dev/rotaract-connect/node_modules/expo-file-system/ios/FileSystemExceptions.swift:16:22: warning: class 'UnableToWriteBase64DataException' must restate inherited '@unchecked Sendable' conformance
internal final class UnableToWriteBase64DataException: GenericException<String> {
                     ^
                                                                               , @unchecked Sendable
/Users/jonahmicahinguito/dev/rotaract-connect/node_modules/expo-file-system/ios/FileSystemExceptions.swift:22:22: warning: class 'InvalidTypeFileException' must restate inherited '@unchecked Sendable' conformance
internal final class InvalidTypeFileException: Exception {
                     ^
                                                        , @unchecked Sendable
/Users/jonahmicahinguito/dev/rotaract-connect/node_modules/expo-file-system/ios/FileSystemExceptions.swift:28:22: warning: class 'InvalidTypeDirectoryException' must restate inherited '@unchecked Sendable' conformance
internal final class InvalidTypeDirectoryException: Exception {
                     ^
                                                             , @unchecked Sendable
/Users/jonahmicahinguito/dev/rotaract-connect/node_modules/expo-file-system/ios/FileSystemExceptions.swift:34:22: warning: class 'UnableToGetFileAttribute' must restate inherited '@unchecked Sendable' conformance
internal final class UnableToGetFileAttribute: GenericException<String> {
                     ^
                                                                       , @unchecked Sendable
/Users/jonahmicahinguito/dev/rotaract-connect/node_modules/expo-file-system/ios/FileSystemExceptions.swift:40:22: warning: class 'UnableToGetSizeException' must restate inherited '@unchecked Sendable' conformance
internal final class UnableToGetSizeException: GenericException<String> {
                     ^
                                                                       , @unchecked Sendable
/Users/jonahmicahinguito/dev/rotaract-connect/node_modules/expo-file-system/ios/FileSystemExceptions.swift:46:22: warning: class 'UnableToDeleteException' must restate inherited '@unchecked Sendable' conformance
internal final class UnableToDeleteException: GenericException<String> {
                     ^
                                                                      , @unchecked Sendable
/Users/jonahmicahinguito/dev/rotaract-connect/node_modules/expo-file-system/ios/FileSystemExceptions.swift:52:22: warning: class 'UnableToCreateException' must restate inherited '@unchecked Sendable' conformance
internal final class UnableToCreateException: GenericException<String> {
                     ^
                                                                      , @unchecked Sendable
/Users/jonahmicahinguito/dev/rotaract-connect/node_modules/expo-file-system/ios/FileSystemExceptions.swift:58:22: warning: class 'UnableToReadHandleException' must restate inherited '@unchecked Sendable' conformance
internal final class UnableToReadHandleException: GenericException<String> {
                     ^
                                                                          , @unchecked Sendable
/Users/jonahmicahinguito/dev/rotaract-connect/node_modules/expo-file-system/ios/FileSystemExceptions.swift:64:22: warning: class 'UnableToWriteHandleException' must restate inherited '@unchecked Sendable' conformance
internal final class UnableToWriteHandleException: GenericException<String> {
                     ^
                                                                           , @unchecked Sendable
/Users/jonahmicahinguito/dev/rotaract-connect/node_modules/expo-file-system/ios/FileSystemExceptions.swift:70:22: warning: class 'UnableToGetInfoException' must restate inherited '@unchecked Sendable' conformance
internal final class UnableToGetInfoException: GenericException<String> {
                     ^
                                                                       , @unchecked Sendable
/Users/jonahmicahinguito/dev/rotaract-connect/node_modules/expo-file-system/ios/FileSystemExceptions.swift:76:22: warning: class 'DestinationAlreadyExistsException' must restate inherited '@unchecked Sendable' conformance
internal final class DestinationAlreadyExistsException: Exception {
                     ^
                                                                 , @unchecked Sendable
/Users/jonahmicahinguito/dev/rotaract-connect/node_modules/expo-file-system/ios/FileSystemExceptions.swift:82:22: warning: class 'MissingPermissionException' must restate inherited '@unchecked Sendable' conformance
internal final class MissingPermissionException: GenericException<String> {
                     ^
                                                                         , @unchecked Sendable
/Users/jonahmicahinguito/dev/rotaract-connect/node_modules/expo-file-system/ios/FileSystemExceptions.swift:88:22: warning: class 'PickingInProgressException' must restate inherited '@unchecked Sendable' conformance
internal final class PickingInProgressException: Exception {
                     ^
                                                          , @unchecked Sendable
/Users/jonahmicahinguito/dev/rotaract-connect/node_modules/expo-file-system/ios/FileSystemExceptions.swift:94:22: warning: class 'MissingViewControllerException' must restate inherited '@unchecked Sendable' conformance
internal final class MissingViewControllerException: Exception {
                     ^
                                                              , @unchecked Sendable
/Users/jonahmicahinguito/dev/rotaract-connect/node_modules/expo-file-system/ios/FileSystemExceptions.swift:100:22: warning: class 'FilePickingCancelledException' must restate inherited '@unchecked Sendable' conformance
internal final class FilePickingCancelledException: Exception {
                     ^
                                                             , @unchecked Sendable
/Users/jonahmicahinguito/dev/rotaract-connect/node_modules/expo-file-system/ios/FileSystemExceptions.swift:106:22: warning: class 'NotImplementedException' must restate inherited '@unchecked Sendable' conformance
internal final class NotImplementedException: Exception {
                     ^
                                                       , @unchecked Sendable
/Users/jonahmicahinguito/dev/rotaract-connect/node_modules/expo-file-system/ios/FileSystemExceptions.swift:112:22: warning: class 'FeatureNotAvailableOnPlatformException' must restate inherited '@unchecked Sendable' conformance
internal final class FeatureNotAvailableOnPlatformException: Exception {
                     ^
                                                                      , @unchecked Sendable
/Users/jonahmicahinguito/dev/rotaract-connect/node_modules/expo-file-system/ios/FileSystemExceptions.swift:118:22: warning: class 'UnableToUploadException' must restate inherited '@unchecked Sendable' conformance
internal final class UnableToUploadException: GenericException<String> {
                     ^
                                                                      , @unchecked Sendable
/Users/jonahmicahinguito/dev/rotaract-connect/node_modules/expo-file-system/ios/FileSystemExceptions.swift:124:22: warning: class 'InvalidUrlException' must restate inherited '@unchecked Sendable' conformance
internal final class InvalidUrlException: GenericException<String> {
                     ^
                                                                  , @unchecked Sendable
/Users/jonahmicahinguito/dev/rotaract-connect/node_modules/expo-file-system/ios/FileSystemExceptions.swift:130:22: warning: class 'InvalidResumeDataException' must restate inherited '@unchecked Sendable' conformance
internal final class InvalidResumeDataException: Exception {
                     ^
                                                          , @unchecked Sendable
/Users/jonahmicahinguito/dev/rotaract-connect/node_modules/expo-file-system/ios/FileSystemExceptions.swift:136:22: warning: class 'DownloadCancelledException' must restate inherited '@unchecked Sendable' conformance
internal final class DownloadCancelledException: Exception {
                     ^
                                                          , @unchecked Sendable
/Users/jonahmicahinguito/dev/rotaract-connect/node_modules/expo-file-system/ios/FileSystemExceptions.swift:142:22: warning: class 'UploadCancelledException' must restate inherited '@unchecked Sendable' conformance
internal final class UploadCancelledException: Exception {
                     ^
                                                        , @unchecked Sendable
/Users/jonahmicahinguito/dev/rotaract-connect/node_modules/expo-file-system/ios/FileSystemExceptions.swift:148:22: warning: class 'UploadFailedToCreateBodyException' must restate inherited '@unchecked Sendable' conformance
internal final class UploadFailedToCreateBodyException: Exception {
                     ^
                                                                 , @unchecked Sendable
/Users/jonahmicahinguito/dev/rotaract-connect/node_modules/expo-file-system/ios/FileSystemExceptions.swift:154:22: warning: class 'UploadFailedToAccessCacheException' must restate inherited '@unchecked Sendable' conformance
internal final class UploadFailedToAccessCacheException: Exception {
                     ^
                                                                  , @unchecked Sendable
/Users/jonahmicahinguito/dev/rotaract-connect/node_modules/expo-file-system/ios/FileSystemExceptions.swift:160:22: warning: class 'WatcherSetupException' must restate inherited '@unchecked Sendable' conformance
internal final class WatcherSetupException: GenericException<String> {
                     ^
                                                                    , @unchecked Sendable
/Users/jonahmicahinguito/dev/rotaract-connect/node_modules/expo-file-system/ios/FileSystemExceptions.swift:166:22: warning: class 'WatcherPermissionException' must restate inherited '@unchecked Sendable' conformance
internal final class WatcherPermissionException: GenericException<String> {
                     ^
                                                                         , @unchecked Sendable
/Users/jonahmicahinguito/dev/rotaract-connect/node_modules/expo-file-system/ios/FileSystemExceptions.swift:172:22: warning: class 'WatcherPathNotFoundException' must restate inherited '@unchecked Sendable' conformance
internal final class WatcherPathNotFoundException: GenericException<String> {
                     ^
                                                                           , @unchecked Sendable
/Users/jonahmicahinguito/dev/rotaract-connect/node_modules/expo-file-system/ios/FileSystemExceptions.swift:178:22: warning: class 'WatcherUnsupportedPathException' must restate inherited '@unchecked Sendable' conformance
internal final class WatcherUnsupportedPathException: GenericException<String> {
                     ^
                                                                              , @unchecked Sendable
/Users/jonahmicahinguito/dev/rotaract-connect/node_modules/expo-file-system/ios/Legacy/FileSystemLegacyExceptions.swift:5:13: warning: class 'FileNotExistsException' must restate inherited '@unchecked Sendable' conformance
final class FileNotExistsException: GenericException<String> {
            ^
                                                            , @unchecked Sendable
/Users/jonahmicahinguito/dev/rotaract-connect/node_modules/expo-file-system/ios/Legacy/FileSystemLegacyExceptions.swift:11:13: warning: class 'FileAlreadyExistsException' must restate inherited '@unchecked Sendable' conformance
final class FileAlreadyExistsException: GenericException<String> {
            ^
                                                                , @unchecked Sendable
/Users/jonahmicahinguito/dev/rotaract-connect/node_modules/expo-file-system/ios/Legacy/FileSystemLegacyExceptions.swift:17:13: warning: class 'DirectoryNotExistsException' must restate inherited '@unchecked Sendable' conformance
final class DirectoryNotExistsException: GenericException<String> {
            ^
                                                                 , @unchecked Sendable
/Users/jonahmicahinguito/dev/rotaract-connect/node_modules/expo-file-system/ios/Legacy/FileSystemLegacyExceptions.swift:23:13: warning: class 'FileNotReadableException' must restate inherited '@unchecked Sendable' conformance
final class FileNotReadableException: GenericException<String> {
            ^
                                                              , @unchecked Sendable
/Users/jonahmicahinguito/dev/rotaract-connect/node_modules/expo-file-system/ios/Legacy/FileSystemLegacyExceptions.swift:29:13: warning: class 'FileNotWritableException' must restate inherited '@unchecked Sendable' conformance
final class FileNotWritableException: GenericException<String> {
            ^
                                                              , @unchecked Sendable
/Users/jonahmicahinguito/dev/rotaract-connect/node_modules/expo-file-system/ios/Legacy/FileSystemLegacyExceptions.swift:35:13: warning: class 'FileWriteFailedException' must restate inherited '@unchecked Sendable' conformance
final class FileWriteFailedException: GenericException<String> {
            ^
                                                              , @unchecked Sendable
/Users/jonahmicahinguito/dev/rotaract-connect/node_modules/expo-file-system/ios/Legacy/FileSystemLegacyExceptions.swift:41:13: warning: class 'FileCannotDeleteException' must restate inherited '@unchecked Sendable' conformance
final class FileCannotDeleteException: GenericException<String> {
            ^
                                                               , @unchecked Sendable
/Users/jonahmicahinguito/dev/rotaract-connect/node_modules/expo-file-system/ios/Legacy/FileSystemLegacyExceptions.swift:47:13: warning: class 'InvalidFileUrlException' must restate inherited '@unchecked Sendable' conformance
final class InvalidFileUrlException: GenericException<URL> {
            ^
                                                          , @unchecked Sendable
/Users/jonahmicahinguito/dev/rotaract-connect/node_modules/expo-file-system/ios/Legacy/FileSystemLegacyExceptions.swift:53:13: warning: class 'UnsupportedSchemeException' must restate inherited '@unchecked Sendable' conformance
final class UnsupportedSchemeException: GenericException<String?> {
            ^
                                                                 , @unchecked Sendable
/Users/jonahmicahinguito/dev/rotaract-connect/node_modules/expo-file-system/ios/Legacy/FileSystemLegacyExceptions.swift:59:13: warning: class 'HeaderEncodingFailedException' must restate inherited '@unchecked Sendable' conformance
final class HeaderEncodingFailedException: GenericException<String> {
            ^
                                                                   , @unchecked Sendable
/Users/jonahmicahinguito/dev/rotaract-connect/node_modules/expo-file-system/ios/Legacy/FileSystemLegacyExceptions.swift:65:13: warning: class 'DownloadTaskNotFoundException' must restate inherited '@unchecked Sendable' conformance
final class DownloadTaskNotFoundException: GenericException<String> {
            ^
                                                                   , @unchecked Sendable
/Users/jonahmicahinguito/dev/rotaract-connect/node_modules/expo-file-system/ios/Legacy/FileSystemLegacyExceptions.swift:71:13: warning: class 'CannotDetermineDiskCapacity' must restate inherited '@unchecked Sendable' conformance
final class CannotDetermineDiskCapacity: Exception {
            ^
                                                  , @unchecked Sendable
/Users/jonahmicahinguito/dev/rotaract-connect/node_modules/expo-file-system/ios/Legacy/FileSystemLegacyExceptions.swift:77:13: warning: class 'FailedToCreateBodyException' must restate inherited '@unchecked Sendable' conformance
final class FailedToCreateBodyException: Exception {
            ^
                                                  , @unchecked Sendable
/Users/jonahmicahinguito/dev/rotaract-connect/node_modules/expo-file-system/ios/Legacy/FileSystemLegacyExceptions.swift:83:13: warning: class 'FailedToAccessDirectoryException' must restate inherited '@unchecked Sendable' conformance
final class FailedToAccessDirectoryException: Exception {
            ^
                                                       , @unchecked Sendable
/Users/jonahmicahinguito/dev/rotaract-connect/node_modules/expo-file-system/ios/Legacy/FileSystemLegacyExceptions.swift:89:13: warning: class 'FailedToCopyAssetException' must restate inherited '@unchecked Sendable' conformance
final class FailedToCopyAssetException: GenericException<String> {
            ^
                                                                , @unchecked Sendable
/Users/jonahmicahinguito/dev/rotaract-connect/node_modules/expo-file-system/ios/Legacy/FileSystemLegacyExceptions.swift:95:13: warning: class 'FailedToFindAssetException' must restate inherited '@unchecked Sendable' conformance
final class FailedToFindAssetException: GenericException<String> {
            ^
                                                                , @unchecked Sendable

/Users/jonahmicahinguito/dev/rotaract-connect/node_modules/expo-file-system/ios/FileSystemExceptions.swift:4:22: Class 'CopyOrMoveDirectoryToFileException' must restate inherited '@unchecked Sendable' conformance

/Users/jonahmicahinguito/dev/rotaract-connect/node_modules/expo-file-system/ios/FileSystemExceptions.swift:10:22: Class 'UnableToDownloadException' must restate inherited '@unchecked Sendable' conformance

/Users/jonahmicahinguito/dev/rotaract-connect/node_modules/expo-file-system/ios/FileSystemExceptions.swift:16:22: Class 'UnableToWriteBase64DataException' must restate inherited '@unchecked Sendable' conformance

/Users/jonahmicahinguito/dev/rotaract-connect/node_modules/expo-file-system/ios/FileSystemExceptions.swift:22:22: Class 'InvalidTypeFileException' must restate inherited '@unchecked Sendable' conformance

/Users/jonahmicahinguito/dev/rotaract-connect/node_modules/expo-file-system/ios/FileSystemExceptions.swift:28:22: Class 'InvalidTypeDirectoryException' must restate inherited '@unchecked Sendable' conformance

/Users/jonahmicahinguito/dev/rotaract-connect/node_modules/expo-file-system/ios/FileSystemExceptions.swift:34:22: Class 'UnableToGetFileAttribute' must restate inherited '@unchecked Sendable' conformance

/Users/jonahmicahinguito/dev/rotaract-connect/node_modules/expo-file-system/ios/FileSystemExceptions.swift:40:22: Class 'UnableToGetSizeException' must restate inherited '@unchecked Sendable' conformance

/Users/jonahmicahinguito/dev/rotaract-connect/node_modules/expo-file-system/ios/FileSystemExceptions.swift:46:22: Class 'UnableToDeleteException' must restate inherited '@unchecked Sendable' conformance

/Users/jonahmicahinguito/dev/rotaract-connect/node_modules/expo-file-system/ios/FileSystemExceptions.swift:52:22: Class 'UnableToCreateException' must restate inherited '@unchecked Sendable' conformance

/Users/jonahmicahinguito/dev/rotaract-connect/node_modules/expo-file-system/ios/FileSystemExceptions.swift:58:22: Class 'UnableToReadHandleException' must restate inherited '@unchecked Sendable' conformance

/Users/jonahmicahinguito/dev/rotaract-connect/node_modules/expo-file-system/ios/FileSystemExceptions.swift:64:22: Class 'UnableToWriteHandleException' must restate inherited '@unchecked Sendable' conformance

/Users/jonahmicahinguito/dev/rotaract-connect/node_modules/expo-file-system/ios/FileSystemExceptions.swift:70:22: Class 'UnableToGetInfoException' must restate inherited '@unchecked Sendable' conformance

/Users/jonahmicahinguito/dev/rotaract-connect/node_modules/expo-file-system/ios/FileSystemExceptions.swift:76:22: Class 'DestinationAlreadyExistsException' must restate inherited '@unchecked Sendable' conformance

/Users/jonahmicahinguito/dev/rotaract-connect/node_modules/expo-file-system/ios/FileSystemExceptions.swift:82:22: Class 'MissingPermissionException' must restate inherited '@unchecked Sendable' conformance

/Users/jonahmicahinguito/dev/rotaract-connect/node_modules/expo-file-system/ios/FileSystemExceptions.swift:88:22: Class 'PickingInProgressException' must restate inherited '@unchecked Sendable' conformance

/Users/jonahmicahinguito/dev/rotaract-connect/node_modules/expo-file-system/ios/FileSystemExceptions.swift:94:22: Class 'MissingViewControllerException' must restate inherited '@unchecked Sendable' conformance

/Users/jonahmicahinguito/dev/rotaract-connect/node_modules/expo-file-system/ios/FileSystemExceptions.swift:100:22: Class 'FilePickingCancelledException' must restate inherited '@unchecked Sendable' conformance

/Users/jonahmicahinguito/dev/rotaract-connect/node_modules/expo-file-system/ios/FileSystemExceptions.swift:106:22: Class 'NotImplementedException' must restate inherited '@unchecked Sendable' conformance

/Users/jonahmicahinguito/dev/rotaract-connect/node_modules/expo-file-system/ios/FileSystemExceptions.swift:112:22: Class 'FeatureNotAvailableOnPlatformException' must restate inherited '@unchecked Sendable' conformance

/Users/jonahmicahinguito/dev/rotaract-connect/node_modules/expo-file-system/ios/FileSystemExceptions.swift:118:22: Class 'UnableToUploadException' must restate inherited '@unchecked Sendable' conformance

/Users/jonahmicahinguito/dev/rotaract-connect/node_modules/expo-file-system/ios/FileSystemExceptions.swift:124:22: Class 'InvalidUrlException' must restate inherited '@unchecked Sendable' conformance

/Users/jonahmicahinguito/dev/rotaract-connect/node_modules/expo-file-system/ios/FileSystemExceptions.swift:130:22: Class 'InvalidResumeDataException' must restate inherited '@unchecked Sendable' conformance

/Users/jonahmicahinguito/dev/rotaract-connect/node_modules/expo-file-system/ios/FileSystemExceptions.swift:136:22: Class 'DownloadCancelledException' must restate inherited '@unchecked Sendable' conformance

/Users/jonahmicahinguito/dev/rotaract-connect/node_modules/expo-file-system/ios/FileSystemExceptions.swift:142:22: Class 'UploadCancelledException' must restate inherited '@unchecked Sendable' conformance

/Users/jonahmicahinguito/dev/rotaract-connect/node_modules/expo-file-system/ios/FileSystemExceptions.swift:148:22: Class 'UploadFailedToCreateBodyException' must restate inherited '@unchecked Sendable' conformance

/Users/jonahmicahinguito/dev/rotaract-connect/node_modules/expo-file-system/ios/FileSystemExceptions.swift:154:22: Class 'UploadFailedToAccessCacheException' must restate inherited '@unchecked Sendable' conformance

/Users/jonahmicahinguito/dev/rotaract-connect/node_modules/expo-file-system/ios/FileSystemExceptions.swift:160:22: Class 'WatcherSetupException' must restate inherited '@unchecked Sendable' conformance

/Users/jonahmicahinguito/dev/rotaract-connect/node_modules/expo-file-system/ios/FileSystemExceptions.swift:166:22: Class 'WatcherPermissionException' must restate inherited '@unchecked Sendable' conformance

/Users/jonahmicahinguito/dev/rotaract-connect/node_modules/expo-file-system/ios/FileSystemExceptions.swift:172:22: Class 'WatcherPathNotFoundException' must restate inherited '@unchecked Sendable' conformance

/Users/jonahmicahinguito/dev/rotaract-connect/node_modules/expo-file-system/ios/FileSystemExceptions.swift:178:22: Class 'WatcherUnsupportedPathException' must restate inherited '@unchecked Sendable' conformance

/Users/jonahmicahinguito/dev/rotaract-connect/node_modules/expo-file-system/ios/Legacy/FileSystemLegacyExceptions.swift:5:13: Class 'FileNotExistsException' must restate inherited '@unchecked Sendable' conformance

/Users/jonahmicahinguito/dev/rotaract-connect/node_modules/expo-file-system/ios/Legacy/FileSystemLegacyExceptions.swift:11:13: Class 'FileAlreadyExistsException' must restate inherited '@unchecked Sendable' conformance

/Users/jonahmicahinguito/dev/rotaract-connect/node_modules/expo-file-system/ios/Legacy/FileSystemLegacyExceptions.swift:17:13: Class 'DirectoryNotExistsException' must restate inherited '@unchecked Sendable' conformance

/Users/jonahmicahinguito/dev/rotaract-connect/node_modules/expo-file-system/ios/Legacy/FileSystemLegacyExceptions.swift:23:13: Class 'FileNotReadableException' must restate inherited '@unchecked Sendable' conformance

/Users/jonahmicahinguito/dev/rotaract-connect/node_modules/expo-file-system/ios/Legacy/FileSystemLegacyExceptions.swift:29:13: Class 'FileNotWritableException' must restate inherited '@unchecked Sendable' conformance

/Users/jonahmicahinguito/dev/rotaract-connect/node_modules/expo-file-system/ios/Legacy/FileSystemLegacyExceptions.swift:35:13: Class 'FileWriteFailedException' must restate inherited '@unchecked Sendable' conformance

/Users/jonahmicahinguito/dev/rotaract-connect/node_modules/expo-file-system/ios/Legacy/FileSystemLegacyExceptions.swift:41:13: Class 'FileCannotDeleteException' must restate inherited '@unchecked Sendable' conformance

/Users/jonahmicahinguito/dev/rotaract-connect/node_modules/expo-file-system/ios/Legacy/FileSystemLegacyExceptions.swift:47:13: Class 'InvalidFileUrlException' must restate inherited '@unchecked Sendable' conformance

/Users/jonahmicahinguito/dev/rotaract-connect/node_modules/expo-file-system/ios/Legacy/FileSystemLegacyExceptions.swift:53:13: Class 'UnsupportedSchemeException' must restate inherited '@unchecked Sendable' conformance

/Users/jonahmicahinguito/dev/rotaract-connect/node_modules/expo-file-system/ios/Legacy/FileSystemLegacyExceptions.swift:59:13: Class 'HeaderEncodingFailedException' must restate inherited '@unchecked Sendable' conformance

/Users/jonahmicahinguito/dev/rotaract-connect/node_modules/expo-file-system/ios/Legacy/FileSystemLegacyExceptions.swift:65:13: Class 'DownloadTaskNotFoundException' must restate inherited '@unchecked Sendable' conformance

/Users/jonahmicahinguito/dev/rotaract-connect/node_modules/expo-file-system/ios/Legacy/FileSystemLegacyExceptions.swift:71:13: Class 'CannotDetermineDiskCapacity' must restate inherited '@unchecked Sendable' conformance

/Users/jonahmicahinguito/dev/rotaract-connect/node_modules/expo-file-system/ios/Legacy/FileSystemLegacyExceptions.swift:77:13: Class 'FailedToCreateBodyException' must restate inherited '@unchecked Sendable' conformance

/Users/jonahmicahinguito/dev/rotaract-connect/node_modules/expo-file-system/ios/Legacy/FileSystemLegacyExceptions.swift:83:13: Class 'FailedToAccessDirectoryException' must restate inherited '@unchecked Sendable' conformance

/Users/jonahmicahinguito/dev/rotaract-connect/node_modules/expo-file-system/ios/Legacy/FileSystemLegacyExceptions.swift:89:13: Class 'FailedToCopyAssetException' must restate inherited '@unchecked Sendable' conformance

/Users/jonahmicahinguito/dev/rotaract-connect/node_modules/expo-file-system/ios/Legacy/FileSystemLegacyExceptions.swift:95:13: Class 'FailedToFindAssetException' must restate inherited '@unchecked Sendable' conformance

SwiftCompile normal arm64 Compiling\ FileSystemExceptions.swift,\ FileSystemFile.swift /Users/jonahmicahinguito/dev/rotaract-connect/node_modules/expo-file-system/ios/FileSystemExceptions.swift /Users/jonahmicahinguito/dev/rotaract-connect/node_modules/expo-file-system/ios/FileSystemFile.swift (in target 'ExpoFileSystem' from project 'Pods')

SwiftCompile normal arm64 /Users/jonahmicahinguito/dev/rotaract-connect/node_modules/expo-file-system/ios/FileSystemExceptions.swift (in target 'ExpoFileSystem' from project 'Pods')
    cd /Users/jonahmicahinguito/dev/rotaract-connect/ios/Pods
    

/Users/jonahmicahinguito/dev/rotaract-connect/node_modules/expo-file-system/ios/FileSystemExceptions.swift:4:22: warning: class 'CopyOrMoveDirectoryToFileException' must restate inherited '@unchecked Sendable' conformance
internal final class CopyOrMoveDirectoryToFileException: Exception {
                     ^
                                                                  , @unchecked Sendable
/Users/jonahmicahinguito/dev/rotaract-connect/node_modules/expo-file-system/ios/FileSystemExceptions.swift:10:22: warning: class 'UnableToDownloadException' must restate inherited '@unchecked Sendable' conformance
internal final class UnableToDownloadException: GenericException<String> {
                     ^
                                                                        , @unchecked Sendable
/Users/jonahmicahinguito/dev/rotaract-connect/node_modules/expo-file-system/ios/FileSystemExceptions.swift:16:22: warning: class 'UnableToWriteBase64DataException' must restate inherited '@unchecked Sendable' conformance
internal final class UnableToWriteBase64DataException: GenericException<String> {
                     ^
                                                                               , @unchecked Sendable
/Users/jonahmicahinguito/dev/rotaract-connect/node_modules/expo-file-system/ios/FileSystemExceptions.swift:22:22: warning: class 'InvalidTypeFileException' must restate inherited '@unchecked Sendable' conformance
internal final class InvalidTypeFileException: Exception {
                     ^
                                                        , @unchecked Sendable
/Users/jonahmicahinguito/dev/rotaract-connect/node_modules/expo-file-system/ios/FileSystemExceptions.swift:28:22: warning: class 'InvalidTypeDirectoryException' must restate inherited '@unchecked Sendable' conformance
internal final class InvalidTypeDirectoryException: Exception {
                     ^
                                                             , @unchecked Sendable
/Users/jonahmicahinguito/dev/rotaract-connect/node_modules/expo-file-system/ios/FileSystemExceptions.swift:34:22: warning: class 'UnableToGetFileAttribute' must restate inherited '@unchecked Sendable' conformance
internal final class UnableToGetFileAttribute: GenericException<String> {
                     ^
                                                                       , @unchecked Sendable
/Users/jonahmicahinguito/dev/rotaract-connect/node_modules/expo-file-system/ios/FileSystemExceptions.swift:40:22: warning: class 'UnableToGetSizeException' must restate inherited '@unchecked Sendable' conformance
internal final class UnableToGetSizeException: GenericException<String> {
                     ^
                                                                       , @unchecked Sendable
/Users/jonahmicahinguito/dev/rotaract-connect/node_modules/expo-file-system/ios/FileSystemExceptions.swift:46:22: warning: class 'UnableToDeleteException' must restate inherited '@unchecked Sendable' conformance
internal final class UnableToDeleteException: GenericException<String> {
                     ^
                                                                      , @unchecked Sendable
/Users/jonahmicahinguito/dev/rotaract-connect/node_modules/expo-file-system/ios/FileSystemExceptions.swift:52:22: warning: class 'UnableToCreateException' must restate inherited '@unchecked Sendable' conformance
internal final class UnableToCreateException: GenericException<String> {
                     ^
                                                                      , @unchecked Sendable
/Users/jonahmicahinguito/dev/rotaract-connect/node_modules/expo-file-system/ios/FileSystemExceptions.swift:58:22: warning: class 'UnableToReadHandleException' must restate inherited '@unchecked Sendable' conformance
internal final class UnableToReadHandleException: GenericException<String> {
                     ^
                                                                          , @unchecked Sendable
/Users/jonahmicahinguito/dev/rotaract-connect/node_modules/expo-file-system/ios/FileSystemExceptions.swift:64:22: warning: class 'UnableToWriteHandleException' must restate inherited '@unchecked Sendable' conformance
internal final class UnableToWriteHandleException: GenericException<String> {
                     ^
                                                                           , @unchecked Sendable
/Users/jonahmicahinguito/dev/rotaract-connect/node_modules/expo-file-system/ios/FileSystemExceptions.swift:70:22: warning: class 'UnableToGetInfoException' must restate inherited '@unchecked Sendable' conformance
internal final class UnableToGetInfoException: GenericException<String> {
                     ^
                                                                       , @unchecked Sendable
/Users/jonahmicahinguito/dev/rotaract-connect/node_modules/expo-file-system/ios/FileSystemExceptions.swift:76:22: warning: class 'DestinationAlreadyExistsException' must restate inherited '@unchecked Sendable' conformance
internal final class DestinationAlreadyExistsException: Exception {
                     ^
                                                                 , @unchecked Sendable
/Users/jonahmicahinguito/dev/rotaract-connect/node_modules/expo-file-system/ios/FileSystemExceptions.swift:82:22: warning: class 'MissingPermissionException' must restate inherited '@unchecked Sendable' conformance
internal final class MissingPermissionException: GenericException<String> {
                     ^
                                                                         , @unchecked Sendable
/Users/jonahmicahinguito/dev/rotaract-connect/node_modules/expo-file-system/ios/FileSystemExceptions.swift:88:22: warning: class 'PickingInProgressException' must restate inherited '@unchecked Sendable' conformance
internal final class PickingInProgressException: Exception {
                     ^
                                                          , @unchecked Sendable
/Users/jonahmicahinguito/dev/rotaract-connect/node_modules/expo-file-system/ios/FileSystemExceptions.swift:94:22: warning: class 'MissingViewControllerException' must restate inherited '@unchecked Sendable' conformance
internal final class MissingViewControllerException: Exception {
                     ^
                                                              , @unchecked Sendable
/Users/jonahmicahinguito/dev/rotaract-connect/node_modules/expo-file-system/ios/FileSystemExceptions.swift:100:22: warning: class 'FilePickingCancelledException' must restate inherited '@unchecked Sendable' conformance
internal final class FilePickingCancelledException: Exception {
                     ^
                                                             , @unchecked Sendable
/Users/jonahmicahinguito/dev/rotaract-connect/node_modules/expo-file-system/ios/FileSystemExceptions.swift:106:22: warning: class 'NotImplementedException' must restate inherited '@unchecked Sendable' conformance
internal final class NotImplementedException: Exception {
                     ^
                                                       , @unchecked Sendable
/Users/jonahmicahinguito/dev/rotaract-connect/node_modules/expo-file-system/ios/FileSystemExceptions.swift:112:22: warning: class 'FeatureNotAvailableOnPlatformException' must restate inherited '@unchecked Sendable' conformance
internal final class FeatureNotAvailableOnPlatformException: Exception {
                     ^
                                                                      , @unchecked Sendable
/Users/jonahmicahinguito/dev/rotaract-connect/node_modules/expo-file-system/ios/FileSystemExceptions.swift:118:22: warning: class 'UnableToUploadException' must restate inherited '@unchecked Sendable' conformance
internal final class UnableToUploadException: GenericException<String> {
                     ^
                                                                      , @unchecked Sendable
/Users/jonahmicahinguito/dev/rotaract-connect/node_modules/expo-file-system/ios/FileSystemExceptions.swift:124:22: warning: class 'InvalidUrlException' must restate inherited '@unchecked Sendable' conformance
internal final class InvalidUrlException: GenericException<String> {
                     ^
                                                                  , @unchecked Sendable
/Users/jonahmicahinguito/dev/rotaract-connect/node_modules/expo-file-system/ios/FileSystemExceptions.swift:130:22: warning: class 'InvalidResumeDataException' must restate inherited '@unchecked Sendable' conformance
internal final class InvalidResumeDataException: Exception {
                     ^
                                                          , @unchecked Sendable
/Users/jonahmicahinguito/dev/rotaract-connect/node_modules/expo-file-system/ios/FileSystemExceptions.swift:136:22: warning: class 'DownloadCancelledException' must restate inherited '@unchecked Sendable' conformance
internal final class DownloadCancelledException: Exception {
                     ^
                                                          , @unchecked Sendable
/Users/jonahmicahinguito/dev/rotaract-connect/node_modules/expo-file-system/ios/FileSystemExceptions.swift:142:22: warning: class 'UploadCancelledException' must restate inherited '@unchecked Sendable' conformance
internal final class UploadCancelledException: Exception {
                     ^
                                                        , @unchecked Sendable
/Users/jonahmicahinguito/dev/rotaract-connect/node_modules/expo-file-system/ios/FileSystemExceptions.swift:148:22: warning: class 'UploadFailedToCreateBodyException' must restate inherited '@unchecked Sendable' conformance
internal final class UploadFailedToCreateBodyException: Exception {
                     ^
                                                                 , @unchecked Sendable
/Users/jonahmicahinguito/dev/rotaract-connect/node_modules/expo-file-system/ios/FileSystemExceptions.swift:154:22: warning: class 'UploadFailedToAccessCacheException' must restate inherited '@unchecked Sendable' conformance
internal final class UploadFailedToAccessCacheException: Exception {
                     ^
                                                                  , @unchecked Sendable
/Users/jonahmicahinguito/dev/rotaract-connect/node_modules/expo-file-system/ios/FileSystemExceptions.swift:160:22: warning: class 'WatcherSetupException' must restate inherited '@unchecked Sendable' conformance
internal final class WatcherSetupException: GenericException<String> {
                     ^
                                                                    , @unchecked Sendable
/Users/jonahmicahinguito/dev/rotaract-connect/node_modules/expo-file-system/ios/FileSystemExceptions.swift:166:22: warning: class 'WatcherPermissionException' must restate inherited '@unchecked Sendable' conformance
internal final class WatcherPermissionException: GenericException<String> {
                     ^
                                                                         , @unchecked Sendable
/Users/jonahmicahinguito/dev/rotaract-connect/node_modules/expo-file-system/ios/FileSystemExceptions.swift:172:22: warning: class 'WatcherPathNotFoundException' must restate inherited '@unchecked Sendable' conformance
internal final class WatcherPathNotFoundException: GenericException<String> {
                     ^
                                                                           , @unchecked Sendable
/Users/jonahmicahinguito/dev/rotaract-connect/node_modules/expo-file-system/ios/FileSystemExceptions.swift:178:22: warning: class 'WatcherUnsupportedPathException' must restate inherited '@unchecked Sendable' conformance
internal final class WatcherUnsupportedPathException: GenericException<String> {
                     ^
                                                                              , @unchecked Sendable

/Users/jonahmicahinguito/dev/rotaract-connect/node_modules/expo-file-system/ios/FileSystemExceptions.swift:4:22: Class 'CopyOrMoveDirectoryToFileException' must restate inherited '@unchecked Sendable' conformance

/Users/jonahmicahinguito/dev/rotaract-connect/node_modules/expo-file-system/ios/FileSystemExceptions.swift:10:22: Class 'UnableToDownloadException' must restate inherited '@unchecked Sendable' conformance

/Users/jonahmicahinguito/dev/rotaract-connect/node_modules/expo-file-system/ios/FileSystemExceptions.swift:16:22: Class 'UnableToWriteBase64DataException' must restate inherited '@unchecked Sendable' conformance

/Users/jonahmicahinguito/dev/rotaract-connect/node_modules/expo-file-system/ios/FileSystemExceptions.swift:22:22: Class 'InvalidTypeFileException' must restate inherited '@unchecked Sendable' conformance

/Users/jonahmicahinguito/dev/rotaract-connect/node_modules/expo-file-system/ios/FileSystemExceptions.swift:28:22: Class 'InvalidTypeDirectoryException' must restate inherited '@unchecked Sendable' conformance

/Users/jonahmicahinguito/dev/rotaract-connect/node_modules/expo-file-system/ios/FileSystemExceptions.swift:34:22: Class 'UnableToGetFileAttribute' must restate inherited '@unchecked Sendable' conformance

/Users/jonahmicahinguito/dev/rotaract-connect/node_modules/expo-file-system/ios/FileSystemExceptions.swift:40:22: Class 'UnableToGetSizeException' must restate inherited '@unchecked Sendable' conformance

/Users/jonahmicahinguito/dev/rotaract-connect/node_modules/expo-file-system/ios/FileSystemExceptions.swift:46:22: Class 'UnableToDeleteException' must restate inherited '@unchecked Sendable' conformance

/Users/jonahmicahinguito/dev/rotaract-connect/node_modules/expo-file-system/ios/FileSystemExceptions.swift:52:22: Class 'UnableToCreateException' must restate inherited '@unchecked Sendable' conformance

/Users/jonahmicahinguito/dev/rotaract-connect/node_modules/expo-file-system/ios/FileSystemExceptions.swift:58:22: Class 'UnableToReadHandleException' must restate inherited '@unchecked Sendable' conformance

/Users/jonahmicahinguito/dev/rotaract-connect/node_modules/expo-file-system/ios/FileSystemExceptions.swift:64:22: Class 'UnableToWriteHandleException' must restate inherited '@unchecked Sendable' conformance

/Users/jonahmicahinguito/dev/rotaract-connect/node_modules/expo-file-system/ios/FileSystemExceptions.swift:70:22: Class 'UnableToGetInfoException' must restate inherited '@unchecked Sendable' conformance

/Users/jonahmicahinguito/dev/rotaract-connect/node_modules/expo-file-system/ios/FileSystemExceptions.swift:76:22: Class 'DestinationAlreadyExistsException' must restate inherited '@unchecked Sendable' conformance

/Users/jonahmicahinguito/dev/rotaract-connect/node_modules/expo-file-system/ios/FileSystemExceptions.swift:82:22: Class 'MissingPermissionException' must restate inherited '@unchecked Sendable' conformance

/Users/jonahmicahinguito/dev/rotaract-connect/node_modules/expo-file-system/ios/FileSystemExceptions.swift:88:22: Class 'PickingInProgressException' must restate inherited '@unchecked Sendable' conformance

/Users/jonahmicahinguito/dev/rotaract-connect/node_modules/expo-file-system/ios/FileSystemExceptions.swift:94:22: Class 'MissingViewControllerException' must restate inherited '@unchecked Sendable' conformance

/Users/jonahmicahinguito/dev/rotaract-connect/node_modules/expo-file-system/ios/FileSystemExceptions.swift:100:22: Class 'FilePickingCancelledException' must restate inherited '@unchecked Sendable' conformance

/Users/jonahmicahinguito/dev/rotaract-connect/node_modules/expo-file-system/ios/FileSystemExceptions.swift:106:22: Class 'NotImplementedException' must restate inherited '@unchecked Sendable' conformance

/Users/jonahmicahinguito/dev/rotaract-connect/node_modules/expo-file-system/ios/FileSystemExceptions.swift:112:22: Class 'FeatureNotAvailableOnPlatformException' must restate inherited '@unchecked Sendable' conformance

/Users/jonahmicahinguito/dev/rotaract-connect/node_modules/expo-file-system/ios/FileSystemExceptions.swift:118:22: Class 'UnableToUploadException' must restate inherited '@unchecked Sendable' conformance

/Users/jonahmicahinguito/dev/rotaract-connect/node_modules/expo-file-system/ios/FileSystemExceptions.swift:124:22: Class 'InvalidUrlException' must restate inherited '@unchecked Sendable' conformance

/Users/jonahmicahinguito/dev/rotaract-connect/node_modules/expo-file-system/ios/FileSystemExceptions.swift:130:22: Class 'InvalidResumeDataException' must restate inherited '@unchecked Sendable' conformance

/Users/jonahmicahinguito/dev/rotaract-connect/node_modules/expo-file-system/ios/FileSystemExceptions.swift:136:22: Class 'DownloadCancelledException' must restate inherited '@unchecked Sendable' conformance

/Users/jonahmicahinguito/dev/rotaract-connect/node_modules/expo-file-system/ios/FileSystemExceptions.swift:142:22: Class 'UploadCancelledException' must restate inherited '@unchecked Sendable' conformance

/Users/jonahmicahinguito/dev/rotaract-connect/node_modules/expo-file-system/ios/FileSystemExceptions.swift:148:22: Class 'UploadFailedToCreateBodyException' must restate inherited '@unchecked Sendable' conformance

/Users/jonahmicahinguito/dev/rotaract-connect/node_modules/expo-file-system/ios/FileSystemExceptions.swift:154:22: Class 'UploadFailedToAccessCacheException' must restate inherited '@unchecked Sendable' conformance

/Users/jonahmicahinguito/dev/rotaract-connect/node_modules/expo-file-system/ios/FileSystemExceptions.swift:160:22: Class 'WatcherSetupException' must restate inherited '@unchecked Sendable' conformance

/Users/jonahmicahinguito/dev/rotaract-connect/node_modules/expo-file-system/ios/FileSystemExceptions.swift:166:22: Class 'WatcherPermissionException' must restate inherited '@unchecked Sendable' conformance

/Users/jonahmicahinguito/dev/rotaract-connect/node_modules/expo-file-system/ios/FileSystemExceptions.swift:172:22: Class 'WatcherPathNotFoundException' must restate inherited '@unchecked Sendable' conformance

/Users/jonahmicahinguito/dev/rotaract-connect/node_modules/expo-file-system/ios/FileSystemExceptions.swift:178:22: Class 'WatcherUnsupportedPathException' must restate inherited '@unchecked Sendable' conformance

SwiftCompile normal arm64 Compiling\ FileSystemLegacyExceptions.swift,\ FileSystemLegacyModule.swift /Users/jonahmicahinguito/dev/rotaract-connect/node_modules/expo-file-system/ios/Legacy/FileSystemLegacyExceptions.swift /Users/jonahmicahinguito/dev/rotaract-connect/node_modules/expo-file-system/ios/Legacy/FileSystemLegacyModule.swift (in target 'ExpoFileSystem' from project 'Pods')

SwiftCompile normal arm64 /Users/jonahmicahinguito/dev/rotaract-connect/node_modules/expo-file-system/ios/Legacy/FileSystemLegacyExceptions.swift (in target 'ExpoFileSystem' from project 'Pods')
    cd /Users/jonahmicahinguito/dev/rotaract-connect/ios/Pods
    

/Users/jonahmicahinguito/dev/rotaract-connect/node_modules/expo-file-system/ios/Legacy/FileSystemLegacyExceptions.swift:5:13: warning: class 'FileNotExistsException' must restate inherited '@unchecked Sendable' conformance
final class FileNotExistsException: GenericException<String> {
            ^
                                                            , @unchecked Sendable
/Users/jonahmicahinguito/dev/rotaract-connect/node_modules/expo-file-system/ios/Legacy/FileSystemLegacyExceptions.swift:11:13: warning: class 'FileAlreadyExistsException' must restate inherited '@unchecked Sendable' conformance
final class FileAlreadyExistsException: GenericException<String> {
            ^
                                                                , @unchecked Sendable
/Users/jonahmicahinguito/dev/rotaract-connect/node_modules/expo-file-system/ios/Legacy/FileSystemLegacyExceptions.swift:17:13: warning: class 'DirectoryNotExistsException' must restate inherited '@unchecked Sendable' conformance
final class DirectoryNotExistsException: GenericException<String> {
            ^
                                                                 , @unchecked Sendable
/Users/jonahmicahinguito/dev/rotaract-connect/node_modules/expo-file-system/ios/Legacy/FileSystemLegacyExceptions.swift:23:13: warning: class 'FileNotReadableException' must restate inherited '@unchecked Sendable' conformance
final class FileNotReadableException: GenericException<String> {
            ^
                                                              , @unchecked Sendable
/Users/jonahmicahinguito/dev/rotaract-connect/node_modules/expo-file-system/ios/Legacy/FileSystemLegacyExceptions.swift:29:13: warning: class 'FileNotWritableException' must restate inherited '@unchecked Sendable' conformance
final class FileNotWritableException: GenericException<String> {
            ^
                                                              , @unchecked Sendable
/Users/jonahmicahinguito/dev/rotaract-connect/node_modules/expo-file-system/ios/Legacy/FileSystemLegacyExceptions.swift:35:13: warning: class 'FileWriteFailedException' must restate inherited '@unchecked Sendable' conformance
final class FileWriteFailedException: GenericException<String> {
            ^
                                                              , @unchecked Sendable
/Users/jonahmicahinguito/dev/rotaract-connect/node_modules/expo-file-system/ios/Legacy/FileSystemLegacyExceptions.swift:41:13: warning: class 'FileCannotDeleteException' must restate inherited '@unchecked Sendable' conformance
final class FileCannotDeleteException: GenericException<String> {
            ^
                                                               , @unchecked Sendable
/Users/jonahmicahinguito/dev/rotaract-connect/node_modules/expo-file-system/ios/Legacy/FileSystemLegacyExceptions.swift:47:13: warning: class 'InvalidFileUrlException' must restate inherited '@unchecked Sendable' conformance
final class InvalidFileUrlException: GenericException<URL> {
            ^
                                                          , @unchecked Sendable
/Users/jonahmicahinguito/dev/rotaract-connect/node_modules/expo-file-system/ios/Legacy/FileSystemLegacyExceptions.swift:53:13: warning: class 'UnsupportedSchemeException' must restate inherited '@unchecked Sendable' conformance
final class UnsupportedSchemeException: GenericException<String?> {
            ^
                                                                 , @unchecked Sendable
/Users/jonahmicahinguito/dev/rotaract-connect/node_modules/expo-file-system/ios/Legacy/FileSystemLegacyExceptions.swift:59:13: warning: class 'HeaderEncodingFailedException' must restate inherited '@unchecked Sendable' conformance
final class HeaderEncodingFailedException: GenericException<String> {
            ^
                                                                   , @unchecked Sendable
/Users/jonahmicahinguito/dev/rotaract-connect/node_modules/expo-file-system/ios/Legacy/FileSystemLegacyExceptions.swift:65:13: warning: class 'DownloadTaskNotFoundException' must restate inherited '@unchecked Sendable' conformance
final class DownloadTaskNotFoundException: GenericException<String> {
            ^
                                                                   , @unchecked Sendable
/Users/jonahmicahinguito/dev/rotaract-connect/node_modules/expo-file-system/ios/Legacy/FileSystemLegacyExceptions.swift:71:13: warning: class 'CannotDetermineDiskCapacity' must restate inherited '@unchecked Sendable' conformance
final class CannotDetermineDiskCapacity: Exception {
            ^
                                                  , @unchecked Sendable
/Users/jonahmicahinguito/dev/rotaract-connect/node_modules/expo-file-system/ios/Legacy/FileSystemLegacyExceptions.swift:77:13: warning: class 'FailedToCreateBodyException' must restate inherited '@unchecked Sendable' conformance
final class FailedToCreateBodyException: Exception {
            ^
                                                  , @unchecked Sendable
/Users/jonahmicahinguito/dev/rotaract-connect/node_modules/expo-file-system/ios/Legacy/FileSystemLegacyExceptions.swift:83:13: warning: class 'FailedToAccessDirectoryException' must restate inherited '@unchecked Sendable' conformance
final class FailedToAccessDirectoryException: Exception {
            ^
                                                       , @unchecked Sendable
/Users/jonahmicahinguito/dev/rotaract-connect/node_modules/expo-file-system/ios/Legacy/FileSystemLegacyExceptions.swift:89:13: warning: class 'FailedToCopyAssetException' must restate inherited '@unchecked Sendable' conformance
final class FailedToCopyAssetException: GenericException<String> {
            ^
                                                                , @unchecked Sendable
/Users/jonahmicahinguito/dev/rotaract-connect/node_modules/expo-file-system/ios/Legacy/FileSystemLegacyExceptions.swift:95:13: warning: class 'FailedToFindAssetException' must restate inherited '@unchecked Sendable' conformance
final class FailedToFindAssetException: GenericException<String> {
            ^
                                                                , @unchecked Sendable

/Users/jonahmicahinguito/dev/rotaract-connect/node_modules/expo-file-system/ios/Legacy/FileSystemLegacyExceptions.swift:5:13: Class 'FileNotExistsException' must restate inherited '@unchecked Sendable' conformance

/Users/jonahmicahinguito/dev/rotaract-connect/node_modules/expo-file-system/ios/Legacy/FileSystemLegacyExceptions.swift:11:13: Class 'FileAlreadyExistsException' must restate inherited '@unchecked Sendable' conformance

/Users/jonahmicahinguito/dev/rotaract-connect/node_modules/expo-file-system/ios/Legacy/FileSystemLegacyExceptions.swift:17:13: Class 'DirectoryNotExistsException' must restate inherited '@unchecked Sendable' conformance

/Users/jonahmicahinguito/dev/rotaract-connect/node_modules/expo-file-system/ios/Legacy/FileSystemLegacyExceptions.swift:23:13: Class 'FileNotReadableException' must restate inherited '@unchecked Sendable' conformance

/Users/jonahmicahinguito/dev/rotaract-connect/node_modules/expo-file-system/ios/Legacy/FileSystemLegacyExceptions.swift:29:13: Class 'FileNotWritableException' must restate inherited '@unchecked Sendable' conformance

/Users/jonahmicahinguito/dev/rotaract-connect/node_modules/expo-file-system/ios/Legacy/FileSystemLegacyExceptions.swift:35:13: Class 'FileWriteFailedException' must restate inherited '@unchecked Sendable' conformance

/Users/jonahmicahinguito/dev/rotaract-connect/node_modules/expo-file-system/ios/Legacy/FileSystemLegacyExceptions.swift:41:13: Class 'FileCannotDeleteException' must restate inherited '@unchecked Sendable' conformance

/Users/jonahmicahinguito/dev/rotaract-connect/node_modules/expo-file-system/ios/Legacy/FileSystemLegacyExceptions.swift:47:13: Class 'InvalidFileUrlException' must restate inherited '@unchecked Sendable' conformance

/Users/jonahmicahinguito/dev/rotaract-connect/node_modules/expo-file-system/ios/Legacy/FileSystemLegacyExceptions.swift:53:13: Class 'UnsupportedSchemeException' must restate inherited '@unchecked Sendable' conformance

/Users/jonahmicahinguito/dev/rotaract-connect/node_modules/expo-file-system/ios/Legacy/FileSystemLegacyExceptions.swift:59:13: Class 'HeaderEncodingFailedException' must restate inherited '@unchecked Sendable' conformance

/Users/jonahmicahinguito/dev/rotaract-connect/node_modules/expo-file-system/ios/Legacy/FileSystemLegacyExceptions.swift:65:13: Class 'DownloadTaskNotFoundException' must restate inherited '@unchecked Sendable' conformance

/Users/jonahmicahinguito/dev/rotaract-connect/node_modules/expo-file-system/ios/Legacy/FileSystemLegacyExceptions.swift:71:13: Class 'CannotDetermineDiskCapacity' must restate inherited '@unchecked Sendable' conformance

/Users/jonahmicahinguito/dev/rotaract-connect/node_modules/expo-file-system/ios/Legacy/FileSystemLegacyExceptions.swift:77:13: Class 'FailedToCreateBodyException' must restate inherited '@unchecked Sendable' conformance

/Users/jonahmicahinguito/dev/rotaract-connect/node_modules/expo-file-system/ios/Legacy/FileSystemLegacyExceptions.swift:83:13: Class 'FailedToAccessDirectoryException' must restate inherited '@unchecked Sendable' conformance

/Users/jonahmicahinguito/dev/rotaract-connect/node_modules/expo-file-system/ios/Legacy/FileSystemLegacyExceptions.swift:89:13: Class 'FailedToCopyAssetException' must restate inherited '@unchecked Sendable' conformance

/Users/jonahmicahinguito/dev/rotaract-connect/node_modules/expo-file-system/ios/Legacy/FileSystemLegacyExceptions.swift:95:13: Class 'FailedToFindAssetException' must restate inherited '@unchecked Sendable' conformance

SwiftCompile normal arm64 Compiling\ Encoding.swift,\ FilePickingHandler.swift,\ FilePickingUtils.swift /Users/jonahmicahinguito/dev/rotaract-connect/node_modules/expo-file-system/ios/Legacy/Encoding.swift /Users/jonahmicahinguito/dev/rotaract-connect/node_modules/expo-file-system/ios/FilePickingHandler.swift /Users/jonahmicahinguito/dev/rotaract-connect/node_modules/expo-file-system/ios/FilePickingUtils.swift (in target 'ExpoFileSystem' from project 'Pods')

SwiftCompile normal arm64 /Users/jonahmicahinguito/dev/rotaract-connect/node_modules/expo-file-system/ios/FilePickingUtils.swift (in target 'ExpoFileSystem' from project 'Pods')
    cd /Users/jonahmicahinguito/dev/rotaract-connect/ios/Pods
    

/Users/jonahmicahinguito/dev/rotaract-connect/node_modules/expo-file-system/ios/FilePickingUtils.swift:98:16: warning: 'init(documentTypes:in:)' was deprecated in iOS 14.0
  let picker = UIDocumentPickerViewController(documentTypes: [kUTTypeFolder as String], in: .open)
               ^
/Users/jonahmicahinguito/dev/rotaract-connect/node_modules/expo-file-system/ios/FilePickingUtils.swift:98:63: warning: 'kUTTypeFolder' was deprecated in iOS 15.0: Use UTTypeFolder or UTType.folder (swift) instead.
  let picker = UIDocumentPickerViewController(documentTypes: [kUTTypeFolder as String], in: .open)
                                                              ^

/Users/jonahmicahinguito/dev/rotaract-connect/node_modules/expo-file-system/ios/FilePickingUtils.swift:98:16: 'init(documentTypes:in:)' was deprecated in iOS 14.0

/Users/jonahmicahinguito/dev/rotaract-connect/node_modules/expo-file-system/ios/FilePickingUtils.swift:98:63: 'kUTTypeFolder' was deprecated in iOS 15.0: Use UTTypeFolder or UTType.folder (swift) instead.

SwiftCompile normal arm64 Compiling\ FileSystemWatcher.swift,\ NetworkingHelpers.swift /Users/jonahmicahinguito/dev/rotaract-connect/node_modules/expo-file-system/ios/FileSystemWatcher.swift /Users/jonahmicahinguito/dev/rotaract-connect/node_modules/expo-file-system/ios/Legacy/NetworkingHelpers.swift (in target 'ExpoFileSystem' from project 'Pods')

SwiftCompile normal arm64 /Users/jonahmicahinguito/dev/rotaract-connect/node_modules/expo-file-system/ios/FileSystemWatcher.swift (in target 'ExpoFileSystem' from project 'Pods')
    cd /Users/jonahmicahinguito/dev/rotaract-connect/ios/Pods
    

/Users/jonahmicahinguito/dev/rotaract-connect/node_modules/expo-file-system/ios/FileSystemWatcher.swift:143:7: warning: 'emit(event:arguments:)' is deprecated: Use `emit(event:payload:)` and pass a single value (typically a dictionary). Multi-argument event emission is no longer supported.
      emit(
      ^
/Users/jonahmicahinguito/dev/rotaract-connect/node_modules/expo-file-system/ios/FileSystemWatcher.swift:143:7: note: use 'emit(event:payload:)' instead
      emit(
      ^

/Users/jonahmicahinguito/dev/rotaract-connect/node_modules/expo-file-system/ios/FileSystemWatcher.swift:143:7: 'emit(event:arguments:)' is deprecated: Use `emit(event:payload:)` and pass a single value (typically a dictionary). Multi-argument event emission is no longer supported.

SwiftCompile normal arm64 /Users/jonahmicahinguito/dev/rotaract-connect/node_modules/expo-file-system/ios/Legacy/NetworkingHelpers.swift (in target 'ExpoFileSystem' from project 'Pods')
    cd /Users/jonahmicahinguito/dev/rotaract-connect/ios/Pods
    

/Users/jonahmicahinguito/dev/rotaract-connect/node_modules/expo-file-system/ios/Legacy/NetworkingHelpers.swift:7:23: warning: 'UTTypeCreatePreferredIdentifierForTag' was deprecated in iOS 15.0: Use the UTType class instead.
  if let identifier = UTTypeCreatePreferredIdentifierForTag(kUTTagClassFilenameExtension, attachment.pathExtension as CFString, nil)?.takeRetainedValue() {
                      ^
/Users/jonahmicahinguito/dev/rotaract-connect/node_modules/expo-file-system/ios/Legacy/NetworkingHelpers.swift:7:61: warning: 'kUTTagClassFilenameExtension' was deprecated in iOS 15.0: Use UTTagClassFilenameExtension instead.
  if let identifier = UTTypeCreatePreferredIdentifierForTag(kUTTagClassFilenameExtension, attachment.pathExtension as CFString, nil)?.takeRetainedValue() {
                                                            ^
/Users/jonahmicahinguito/dev/rotaract-connect/node_modules/expo-file-system/ios/Legacy/NetworkingHelpers.swift:8:19: warning: 'UTTypeCopyPreferredTagWithClass' was deprecated in iOS 15.0: Use the UTType class instead.
    if let type = UTTypeCopyPreferredTagWithClass(identifier, kUTTagClassMIMEType)?.takeRetainedValue() {
                  ^
/Users/jonahmicahinguito/dev/rotaract-connect/node_modules/expo-file-system/ios/Legacy/NetworkingHelpers.swift:8:63: warning: 'kUTTagClassMIMEType' was deprecated in iOS 15.0: Use UTTagClassMIMEType instead.
    if let type = UTTypeCopyPreferredTagWithClass(identifier, kUTTagClassMIMEType)?.takeRetainedValue() {
                                                              ^

/Users/jonahmicahinguito/dev/rotaract-connect/node_modules/expo-file-system/ios/Legacy/NetworkingHelpers.swift:7:23: 'UTTypeCreatePreferredIdentifierForTag' was deprecated in iOS 15.0: Use the UTType class instead.

/Users/jonahmicahinguito/dev/rotaract-connect/node_modules/expo-file-system/ios/Legacy/NetworkingHelpers.swift:7:61: 'kUTTagClassFilenameExtension' was deprecated in iOS 15.0: Use UTTagClassFilenameExtension instead.

/Users/jonahmicahinguito/dev/rotaract-connect/node_modules/expo-file-system/ios/Legacy/NetworkingHelpers.swift:8:19: 'UTTypeCopyPreferredTagWithClass' was deprecated in iOS 15.0: Use the UTType class instead.

/Users/jonahmicahinguito/dev/rotaract-connect/node_modules/expo-file-system/ios/Legacy/NetworkingHelpers.swift:8:63: 'kUTTagClassMIMEType' was deprecated in iOS 15.0: Use UTTagClassMIMEType instead.

CompileC /Users/jonahmicahinguito/Library/Developer/Xcode/DerivedData/rotaractconnect-cjwcbdlngckcsaantafkjnfzfbdk/Build/Intermediates.noindex/Pods.build/Debug-iphoneos/ExpoFileSystem.build/Objects-normal/arm64/EXTaskHandlersManager.o /Users/jonahmicahinguito/dev/rotaract-connect/node_modules/expo-file-system/ios/Legacy/EXSessionTasks/EXTaskHandlersManager.m normal arm64 objective-c com.apple.compilers.llvm.clang.1_0.compiler (in target 'ExpoFileSystem' from project 'Pods')
    cd /Users/jonahmicahinguito/dev/rotaract-connect/ios/Pods
    
    Using response file: /Users/jonahmicahinguito/Library/Developer/Xcode/DerivedData/rotaractconnect-cjwcbdlngckcsaantafkjnfzfbdk/Build/Intermediates.noindex/Pods.build/Debug-iphoneos/ExpoFileSystem.build/Objects-normal/arm64/e6072d4f65d7061329687fe24e3d63a7-common-args.resp
    
    /Applications/Xcode.app/Contents/Developer/Toolchains/XcodeDefault.xctoolchain/usr/bin/clang -x objective-c -ivfsstatcache /Users/jonahmicahinguito/Library/Developer/Xcode/DerivedData/SDKStatCaches.noindex/iphoneos26.5-23F81a-32daed1954a7d5dd0789fcaf2a9bb78b.sdkstatcache -target arm64-apple-ios16.4 -fmessage-length\=0 -fdiagnostics-show-note-include-stack -fmacro-backtrace-limit\=0 -fno-color-diagnostics -fmodules-prune-interval\=86400 -fmodules-prune-after\=345600 -fbuild-session-file\=/Users/jonahmicahinguito/Library/Developer/Xcode/DerivedData/ModuleCache.noindex/Session.modulevalidation -fmodules-validate-once-per-build-session -Wnon-modular-include-in-framework-module -Werror\=non-modular-include-in-framework-module -Wno-trigraphs -Wno-missing-field-initializers -Wno-missing-prototypes -Werror\=return-type -Wdocumentation -Wunreachable-code -Wno-implicit-atomic-properties -Werror\=deprecated-objc-isa-usage -Wno-objc-interface-ivars -Werror\=objc-root-class -Wno-arc-repeated-use-of-weak -Wimplicit-retain-self -Wduplicate-method-match -Wno-missing-braces -Wparentheses -Wswitch -Wunused-function -Wno-unused-label -Wno-unused-parameter -Wunused-variable -Wunused-value -Wempty-body -Wuninitialized -Wconditional-uninitialized -Wno-unknown-pragmas -Wno-shadow -Wno-four-char-constants -Wno-conversion -Wconstant-conversion -Wint-conversion -Wbool-conversion -Wenum-conversion -Wno-float-conversion -Wnon-literal-null-conversion -Wobjc-literal-conversion -Wshorten-64-to-32 -Wpointer-sign -Wno-newline-eof -Wno-selector -Wno-strict-selector-match -Wundeclared-selector -Wdeprecated-implementations -Wno-implicit-fallthrough -isysroot /Applications/Xcode.app/Contents/Developer/Platforms/iPhoneOS.platform/Developer/SDKs/iPhoneOS26.5.sdk -fstrict-aliasing -Wprotocol -Wdeprecated-declarations -Wno-sign-conversion -Winfinite-recursion -Wcomma -Wblock-capture-autoreleasing -Wstrict-prototypes -Wno-semicolon-before-method-body -Wunguarded-availability -index-store-path /Users/jonahmicahinguito/Library/Developer/Xcode/DerivedData/rotaractconnect-cjwcbdlngckcsaantafkjnfzfbdk/Index.noindex/DataStore @/Users/jonahmicahinguito/Library/Developer/Xcode/DerivedData/rotaractconnect-cjwcbdlngckcsaantafkjnfzfbdk/Build/Intermediates.noindex/Pods.build/Debug-iphoneos/ExpoFileSystem.build/Objects-normal/arm64/e6072d4f65d7061329687fe24e3d63a7-common-args.resp -include /Users/jonahmicahinguito/dev/rotaract-connect/ios/Pods/Target\ Support\ Files/ExpoFileSystem/ExpoFileSystem-prefix.pch -MMD -MT dependencies -MF /Users/jonahmicahinguito/Library/Developer/Xcode/DerivedData/rotaractconnect-cjwcbdlngckcsaantafkjnfzfbdk/Build/Intermediates.noindex/Pods.build/Debug-iphoneos/ExpoFileSystem.build/Objects-normal/arm64/EXTaskHandlersManager.d --serialize-diagnostics /Users/jonahmicahinguito/Library/Developer/Xcode/DerivedData/rotaractconnect-cjwcbdlngckcsaantafkjnfzfbdk/Build/Intermediates.noindex/Pods.build/Debug-iphoneos/ExpoFileSystem.build/Objects-normal/arm64/EXTaskHandlersManager.dia -c /Users/jonahmicahinguito/dev/rotaract-connect/node_modules/expo-file-system/ios/Legacy/EXSessionTasks/EXTaskHandlersManager.m -o /Users/jonahmicahinguito/Library/Developer/Xcode/DerivedData/rotaractconnect-cjwcbdlngckcsaantafkjnfzfbdk/Build/Intermediates.noindex/Pods.build/Debug-iphoneos/ExpoFileSystem.build/Objects-normal/arm64/EXTaskHandlersManager.o -index-unit-output-path /Pods.build/Debug-iphoneos/ExpoFileSystem.build/Objects-normal/arm64/EXTaskHandlersManager.o

/Users/jonahmicahinguito/dev/rotaract-connect/node_modules/expo-file-system/ios/Legacy/EXSessionTasks/EXTaskHandlersManager.m:45:12: warning: incompatible pointer types returning 'NSURLSessionDownloadTask *' from a function with result type 'NSURLSessionUploadTask * _Nullable' [-Wincompatible-pointer-types]
   45 |     return (NSURLSessionDownloadTask *)task;
      |            ^~~~~~~~~~~~~~~~~~~~~~~~~~~~~~~~
1 warning generated.

/Users/jonahmicahinguito/dev/rotaract-connect/node_modules/expo-file-system/ios/Legacy/EXSessionTasks/EXTaskHandlersManager.m:45:12: Incompatible pointer types returning 'NSURLSessionDownloadTask *' from a function with result type 'NSURLSessionUploadTask * _Nullable'

CompileC /Users/jonahmicahinguito/Library/Developer/Xcode/DerivedData/rotaractconnect-cjwcbdlngckcsaantafkjnfzfbdk/Build/Intermediates.noindex/Pods.build/Debug-iphoneos/ExpoFileSystem.build/Objects-normal/arm64/EXSessionUploadTaskDelegate.o /Users/jonahmicahinguito/dev/rotaract-connect/node_modules/expo-file-system/ios/Legacy/EXSessionTasks/EXSessionUploadTaskDelegate.m normal arm64 objective-c com.apple.compilers.llvm.clang.1_0.compiler (in target 'ExpoFileSystem' from project 'Pods')
    cd /Users/jonahmicahinguito/dev/rotaract-connect/ios/Pods
    
    Using response file: /Users/jonahmicahinguito/Library/Developer/Xcode/DerivedData/rotaractconnect-cjwcbdlngckcsaantafkjnfzfbdk/Build/Intermediates.noindex/Pods.build/Debug-iphoneos/ExpoFileSystem.build/Objects-normal/arm64/e6072d4f65d7061329687fe24e3d63a7-common-args.resp
    
    /Applications/Xcode.app/Contents/Developer/Toolchains/XcodeDefault.xctoolchain/usr/bin/clang -x objective-c -ivfsstatcache /Users/jonahmicahinguito/Library/Developer/Xcode/DerivedData/SDKStatCaches.noindex/iphoneos26.5-23F81a-32daed1954a7d5dd0789fcaf2a9bb78b.sdkstatcache -target arm64-apple-ios16.4 -fmessage-length\=0 -fdiagnostics-show-note-include-stack -fmacro-backtrace-limit\=0 -fno-color-diagnostics -fmodules-prune-interval\=86400 -fmodules-prune-after\=345600 -fbuild-session-file\=/Users/jonahmicahinguito/Library/Developer/Xcode/DerivedData/ModuleCache.noindex/Session.modulevalidation -fmodules-validate-once-per-build-session -Wnon-modular-include-in-framework-module -Werror\=non-modular-include-in-framework-module -Wno-trigraphs -Wno-missing-field-initializers -Wno-missing-prototypes -Werror\=return-type -Wdocumentation -Wunreachable-code -Wno-implicit-atomic-properties -Werror\=deprecated-objc-isa-usage -Wno-objc-interface-ivars -Werror\=objc-root-class -Wno-arc-repeated-use-of-weak -Wimplicit-retain-self -Wduplicate-method-match -Wno-missing-braces -Wparentheses -Wswitch -Wunused-function -Wno-unused-label -Wno-unused-parameter -Wunused-variable -Wunused-value -Wempty-body -Wuninitialized -Wconditional-uninitialized -Wno-unknown-pragmas -Wno-shadow -Wno-four-char-constants -Wno-conversion -Wconstant-conversion -Wint-conversion -Wbool-conversion -Wenum-conversion -Wno-float-conversion -Wnon-literal-null-conversion -Wobjc-literal-conversion -Wshorten-64-to-32 -Wpointer-sign -Wno-newline-eof -Wno-selector -Wno-strict-selector-match -Wundeclared-selector -Wdeprecated-implementations -Wno-implicit-fallthrough -isysroot /Applications/Xcode.app/Contents/Developer/Platforms/iPhoneOS.platform/Developer/SDKs/iPhoneOS26.5.sdk -fstrict-aliasing -Wprotocol -Wdeprecated-declarations -Wno-sign-conversion -Winfinite-recursion -Wcomma -Wblock-capture-autoreleasing -Wstrict-prototypes -Wno-semicolon-before-method-body -Wunguarded-availability -index-store-path /Users/jonahmicahinguito/Library/Developer/Xcode/DerivedData/rotaractconnect-cjwcbdlngckcsaantafkjnfzfbdk/Index.noindex/DataStore @/Users/jonahmicahinguito/Library/Developer/Xcode/DerivedData/rotaractconnect-cjwcbdlngckcsaantafkjnfzfbdk/Build/Intermediates.noindex/Pods.build/Debug-iphoneos/ExpoFileSystem.build/Objects-normal/arm64/e6072d4f65d7061329687fe24e3d63a7-common-args.resp -include /Users/jonahmicahinguito/dev/rotaract-connect/ios/Pods/Target\ Support\ Files/ExpoFileSystem/ExpoFileSystem-prefix.pch -MMD -MT dependencies -MF /Users/jonahmicahinguito/Library/Developer/Xcode/DerivedData/rotaractconnect-cjwcbdlngckcsaantafkjnfzfbdk/Build/Intermediates.noindex/Pods.build/Debug-iphoneos/ExpoFileSystem.build/Objects-normal/arm64/EXSessionUploadTaskDelegate.d --serialize-diagnostics /Users/jonahmicahinguito/Library/Developer/Xcode/DerivedData/rotaractconnect-cjwcbdlngckcsaantafkjnfzfbdk/Build/Intermediates.noindex/Pods.build/Debug-iphoneos/ExpoFileSystem.build/Objects-normal/arm64/EXSessionUploadTaskDelegate.dia -c /Users/jonahmicahinguito/dev/rotaract-connect/node_modules/expo-file-system/ios/Legacy/EXSessionTasks/EXSessionUploadTaskDelegate.m -o /Users/jonahmicahinguito/Library/Developer/Xcode/DerivedData/rotaractconnect-cjwcbdlngckcsaantafkjnfzfbdk/Build/Intermediates.noindex/Pods.build/Debug-iphoneos/ExpoFileSystem.build/Objects-normal/arm64/EXSessionUploadTaskDelegate.o -index-unit-output-path /Pods.build/Debug-iphoneos/ExpoFileSystem.build/Objects-normal/arm64/EXSessionUploadTaskDelegate.o

In file included from /Users/jonahmicahinguito/dev/rotaract-connect/node_modules/expo-file-system/ios/Legacy/EXSessionTasks/EXSessionUploadTaskDelegate.m:3:
In file included from /Users/jonahmicahinguito/dev/rotaract-connect/node_modules/expo-file-system/ios/Legacy/EXSessionTasks/EXSessionUploadTaskDelegate.h:3:
/Users/jonahmicahinguito/dev/rotaract-connect/node_modules/expo-file-system/ios/Legacy/EXSessionTasks/EXSessionTaskDelegate.h:8:41: warning: block pointer is missing a nullability type specifier (_Nonnull, _Nullable, or _Null_unspecified) [-Wnullability-completeness]
    8 | @property (nonatomic, strong, readonly) EXPromiseResolveBlock resolve;
      |                                         ^
/Users/jonahmicahinguito/dev/rotaract-connect/node_modules/expo-file-system/ios/Legacy/EXSessionTasks/EXSessionTaskDelegate.h:8:41: note: insert '_Nullable' if the block pointer may be null
    8 | @property (nonatomic, strong, readonly) EXPromiseResolveBlock resolve;
      |                                         ^
      |                                                               _Nullable
/Users/jonahmicahinguito/dev/rotaract-connect/node_modules/expo-file-system/ios/Legacy/EXSessionTasks/EXSessionTaskDelegate.h:8:41: note: insert '_Nonnull' if the block pointer should never be null
    8 | @property (nonatomic, strong, readonly) EXPromiseResolveBlock resolve;
      |                                         ^
      |                                                               _Nonnull
/Users/jonahmicahinguito/dev/rotaract-connect/node_modules/expo-file-system/ios/Legacy/EXSessionTasks/EXSessionTaskDelegate.h:11:42: warning: block pointer is missing a nullability type specifier (_Nonnull, _Nullable, or _Null_unspecified) [-Wnullability-completeness]
   11 | - (nonnull instancetype)initWithResolve:(EXPromiseResolveBlock)resolve
      |                                          ^
/Users/jonahmicahinguito/dev/rotaract-connect/node_modules/expo-file-system/ios/Legacy/EXSessionTasks/EXSessionTaskDelegate.h:11:42: note: insert '_Nullable' if the block pointer may be null
   11 | - (nonnull instancetype)initWithResolve:(EXPromiseResolveBlock)resolve
      |                                          ^                    
      |                                                                _Nullable 
/Users/jonahmicahinguito/dev/rotaract-connect/node_modules/expo-file-system/ios/Legacy/EXSessionTasks/EXSessionTaskDelegate.h:11:42: note: insert '_Nonnull' if the block pointer should never be null
   11 | - (nonnull instancetype)initWithResolve:(EXPromiseResolveBlock)resolve
      |                                          ^                    
      |                                                                _Nonnull 
/Users/jonahmicahinguito/dev/rotaract-connect/node_modules/expo-file-system/ios/Legacy/EXSessionTasks/EXSessionTaskDelegate.h:12:42: warning: block pointer is missing a nullability type specifier (_Nonnull, _Nullable, or _Null_unspecified) [-Wnullability-completeness]
   12 |                                  reject:(EXPromiseRejectBlock)reject;
      |                                          ^
/Users/jonahmicahinguito/dev/rotaract-connect/node_modules/expo-file-system/ios/Legacy/EXSessionTasks/EXSessionTaskDelegate.h:12:42: note: insert '_Nullable' if the block pointer may be null
   12 |                                  reject:(EXPromiseRejectBlock)reject;
      |                                          ^                   
      |                                                               _Nullable 
/Users/jonahmicahinguito/dev/rotaract-connect/node_modules/expo-file-system/ios/Legacy/EXSessionTasks/EXSessionTaskDelegate.h:12:42: note: insert '_Nonnull' if the block pointer should never be null
   12 |                                  reject:(EXPromiseRejectBlock)reject;
      |                                          ^                   
      |                                                               _Nonnull 
/Users/jonahmicahinguito/dev/rotaract-connect/node_modules/expo-file-system/ios/Legacy/EXSessionTasks/EXSessionTaskDelegate.h:14:34: warning: pointer is missing a nullability type specifier (_Nonnull, _Nullable, or _Null_unspecified) [-Wnullability-completeness]
   14 | - (void)URLSession:(NSURLSession *)session downloadTask:(NSURLSessionDownloadTask *)downloadTask didFinishDownloadingToURL:(NSURL *)location;
      |                                  ^
/Users/jonahmicahinguito/dev/rotaract-connect/node_modules/expo-file-system/ios/Legacy/EXSessionTasks/EXSessionTaskDelegate.h:14:34: note: insert '_Nullable' if the pointer may be null
   14 | - (void)URLSession:(NSURLSession *)session downloadTask:(NSURLSessionDownloadTask *)downloadTask didFinishDownloadingToURL:(NSURL *)location;
      |                                  ^
      |                                   _Nullable
/Users/jonahmicahinguito/dev/rotaract-connect/node_modules/expo-file-system/ios/Legacy/EXSessionTasks/EXSessionTaskDelegate.h:14:34: note: insert '_Nonnull' if the pointer should never be null
   14 | - (void)URLSession:(NSURLSession *)session downloadTask:(NSURLSessionDownloadTask *)downloadTask didFinishDownloadingToURL:(NSURL *)location;
      |                                  ^
      |                                   _Nonnull
/Users/jonahmicahinguito/dev/rotaract-connect/node_modules/expo-file-system/ios/Legacy/EXSessionTasks/EXSessionTaskDelegate.h:14:83: warning: pointer is missing a nullability type specifier (_Nonnull, _Nullable, or _Null_unspecified) [-Wnullability-completeness]
   14 | - (void)URLSession:(NSURLSession *)session downloadTask:(NSURLSessionDownloadTask *)downloadTask didFinishDownloadingToURL:(NSURL *)location;
      |                                                                                   ^
/Users/jonahmicahinguito/dev/rotaract-connect/node_modules/expo-file-system/ios/Legacy/EXSessionTasks/EXSessionTaskDelegate.h:14:83: note: insert '_Nullable' if the pointer may be null
   14 | - (void)URLSession:(NSURLSession *)session downloadTask:(NSURLSessionDownloadTask *)downloadTask didFinishDownloadingToURL:(NSURL *)location;
      |                                                                                   ^
      |                                                                                    _Nullable
/Users/jonahmicahinguito/dev/rotaract-connect/node_modules/expo-file-system/ios/Legacy/EXSessionTasks/EXSessionTaskDelegate.h:14:83: note: insert '_Nonnull' if the pointer should never be null
   14 | - (void)URLSession:(NSURLSession *)session downloadTask:(NSURLSessionDownloadTask *)downloadTask didFinishDownloadingToURL:(NSURL *)location;
      |                                                                                   ^
      |                                                                                    _Nonnull
/Users/jonahmicahinguito/dev/rotaract-connect/node_modules/expo-file-system/ios/Legacy/EXSessionTasks/EXSessionTaskDelegate.h:14:131: warning: pointer is missing a nullability type specifier (_Nonnull, _Nullable, or _Null_unspecified) [-Wnullability-completeness]
   14 | - (void)URLSession:(NSURLSession *)session downloadTask:(NSURLSessionDownloadTask *)downloadTask didFinishDownloadingToURL:(NSURL *)location;
      |                                                                                                                                   ^
/Users/jonahmicahinguito/dev/rotaract-connect/node_modules/expo-file-system/ios/Legacy/EXSessionTasks/EXSessionTaskDelegate.h:14:131: note: insert '_Nullable' if the pointer may be null
   14 | - (void)URLSession:(NSURLSession *)session downloadTask:(NSURLSessionDownloadTask *)downloadTask didFinishDownloadingToURL:(NSURL *)location;
      |                                                                                                                                   ^
      |                                                                                                                                    _Nullable
/Users/jonahmicahinguito/dev/rotaract-connect/node_modules/expo-file-system/ios/Legacy/EXSessionTasks/EXSessionTaskDelegate.h:14:131: note: insert '_Nonnull' if the pointer should never be null
   14 | - (void)URLSession:(NSURLSession *)session downloadTask:(NSURLSessionDownloadTask *)downloadTask didFinishDownloadingToURL:(NSURL *)location;
      |                                                                                                                                   ^
      |                                                                                                                                    _Nonnull
/Users/jonahmicahinguito/dev/rotaract-connect/node_modules/expo-file-system/ios/Legacy/EXSessionTasks/EXSessionTaskDelegate.h:16:34: warning: pointer is missing a nullability type specifier (_Nonnull, _Nullable, or _Null_unspecified) [-Wnullability-completeness]
   16 | - (void)URLSession:(NSURLSession *)session task:(NSURLSessionTask *)task didCompleteWithError:(NSError *)error;
      |                                  ^
/Users/jonahmicahinguito/dev/rotaract-connect/node_modules/expo-file-system/ios/Legacy/EXSessionTasks/EXSessionTaskDelegate.h:16:34: note: insert '_Nullable' if the pointer may be null
   16 | - (void)URLSession:(NSURLSession *)session task:(NSURLSessionTask *)task didCompleteWithError:(NSError *)error;
      |                                  ^
      |                                   _Nullable
/Users/jonahmicahinguito/dev/rotaract-connect/node_modules/expo-file-system/ios/Legacy/EXSessionTasks/EXSessionTaskDelegate.h:16:34: note: insert '_Nonnull' if the pointer should never be null
   16 | - (void)URLSession:(NSURLSession *)session task:(NSURLSessionTask *)task didCompleteWithError:(NSError *)error;
      |                                  ^
      |                                   _Nonnull
/Users/jonahmicahinguito/dev/rotaract-connect/node_modules/expo-file-system/ios/Legacy/EXSessionTasks/EXSessionTaskDelegate.h:16:67: warning: pointer is missing a nullability type specifier (_Nonnull, _Nullable, or _Null_unspecified) [-Wnullability-completeness]
   16 | - (void)URLSession:(NSURLSession *)session task:(NSURLSessionTask *)task didCompleteWithError:(NSError *)error;
      |                                                                   ^
/Users/jonahmicahinguito/dev/rotaract-connect/node_modules/expo-file-system/ios/Legacy/EXSessionTasks/EXSessionTaskDelegate.h:16:67: note: insert '_Nullable' if the pointer may be null
   16 | - (void)URLSession:(NSURLSession *)session task:(NSURLSessionTask *)task didCompleteWithError:(NSError *)error;
      |                                                                   ^
      |                                                                    _Nullable
/Users/jonahmicahinguito/dev/rotaract-connect/node_modules/expo-file-system/ios/Legacy/EXSessionTasks/EXSessionTaskDelegate.h:16:67: note: insert '_Nonnull' if the pointer should never be null
   16 | - (void)URLSession:(NSURLSession *)session task:(NSURLSessionTask *)task didCompleteWithError:(NSError *)error;
      |                                                                   ^
      |                                                                    _Nonnull
/Users/jonahmicahinguito/dev/rotaract-connect/node_modules/expo-file-system/ios/Legacy/EXSessionTasks/EXSessionTaskDelegate.h:16:104: warning: pointer is missing a nullability type specifier (_Nonnull, _Nullable, or _Null_unspecified) [-Wnullability-completeness]
   16 | - (void)URLSession:(NSURLSession *)session task:(NSURLSessionTask *)task didCompleteWithError:(NSError *)error;
      |                                                                                                        ^
/Users/jonahmicahinguito/dev/rotaract-connect/node_modules/expo-file-system/ios/Legacy/EXSessionTasks/EXSessionTaskDelegate.h:16:104: note: insert '_Nullable' if the pointer may be null
   16 | - (void)URLSession:(NSURLSession *)session task:(NSURLSessionTask *)task didCompleteWithError:(NSError *)error;
      |                                                                                                        ^
      |                                                                                                         _Nullable
/Users/jonahmicahinguito/dev/rotaract-connect/node_modules/expo-file-system/ios/Legacy/EXSessionTasks/EXSessionTaskDelegate.h:16:104: note: insert '_Nonnull' if the pointer should never be null
   16 | - (void)URLSession:(NSURLSession *)session task:(NSURLSessionTask *)task didCompleteWithError:(NSError *)error;
      |                                                                                                        ^
      |                                                                                                         _Nonnull
/Users/jonahmicahinguito/dev/rotaract-connect/node_modules/expo-file-system/ios/Legacy/EXSessionTasks/EXSessionTaskDelegate.h:18:34: warning: pointer is missing a nullability type specifier (_Nonnull, _Nullable, or _Null_unspecified) [-Wnullability-completeness]
   18 | - (void)URLSession:(NSURLSession *)session downloadTask:(NSURLSessionDownloadTask *)downloadTask
      |                                  ^
/Users/jonahmicahinguito/dev/rotaract-connect/node_modules/expo-file-system/ios/Legacy/EXSessionTasks/EXSessionTaskDelegate.h:18:34: note: insert '_Nullable' if the pointer may be null
   18 | - (void)URLSession:(NSURLSession *)session downloadTask:(NSURLSessionDownloadTask *)downloadTask
      |                                  ^
      |                                   _Nullable
/Users/jonahmicahinguito/dev/rotaract-connect/node_modules/expo-file-system/ios/Legacy/EXSessionTasks/EXSessionTaskDelegate.h:18:34: note: insert '_Nonnull' if the pointer should never be null
   18 | - (void)URLSession:(NSURLSession *)session downloadTask:(NSURLSessionDownloadTask *)downloadTask
      |                                  ^
      |                                   _Nonnull
/Users/jonahmicahinguito/dev/rotaract-connect/node_modules/expo-file-system/ios/Legacy/EXSessionTasks/EXSessionTaskDelegate.h:18:83: warning: pointer is missing a nullability type specifier (_Nonnull, _Nullable, or _Null_unspecified) [-Wnullability-completeness]
   18 | - (void)URLSession:(NSURLSession *)session downloadTask:(NSURLSessionDownloadTask *)downloadTask
      |                                                                                   ^
/Users/jonahmicahinguito/dev/rotaract-connect/node_modules/expo-file-system/ios/Legacy/EXSessionTasks/EXSessionTaskDelegate.h:18:83: note: insert '_Nullable' if the pointer may be null
   18 | - (void)URLSession:(NSURLSession *)session downloadTask:(NSURLSessionDownloadTask *)downloadTask
      |                                                                                   ^
      |                                                                                    _Nullable
/Users/jonahmicahinguito/dev/rotaract-connect/node_modules/expo-file-system/ios/Legacy/EXSessionTasks/EXSessionTaskDelegate.h:18:83: note: insert '_Nonnull' if the pointer should never be null
   18 | - (void)URLSession:(NSURLSession *)session downloadTask:(NSURLSessionDownloadTask *)downloadTask
      |                                                                                   ^
      |                                                                                    _Nonnull
/Users/jonahmicahinguito/dev/rotaract-connect/node_modules/expo-file-system/ios/Legacy/EXSessionTasks/EXSessionTaskDelegate.h:23:34: warning: pointer is missing a nullability type specifier (_Nonnull, _Nullable, or _Null_unspecified) [-Wnullability-completeness]
   23 | - (void)URLSession:(NSURLSession *)session dataTask:(NSURLSessionDataTask *)dataTask didReceiveData:(NSData *)data;
      |                                  ^
/Users/jonahmicahinguito/dev/rotaract-connect/node_modules/expo-file-system/ios/Legacy/EXSessionTasks/EXSessionTaskDelegate.h:23:34: note: insert '_Nullable' if the pointer may be null
   23 | - (void)URLSession:(NSURLSession *)session dataTask:(NSURLSessionDataTask *)dataTask didReceiveData:(NSData *)data;
      |                                  ^
      |                                   _Nullable
/Users/jonahmicahinguito/dev/rotaract-connect/node_modules/expo-file-system/ios/Legacy/EXSessionTasks/EXSessionTaskDelegate.h:23:34: note: insert '_Nonnull' if the pointer should never be null
   23 | - (void)URLSession:(NSURLSession *)session dataTask:(NSURLSessionDataTask *)dataTask didReceiveData:(NSData *)data;
      |                                  ^
      |                                   _Nonnull
/Users/jonahmicahinguito/dev/rotaract-connect/node_modules/expo-file-system/ios/Legacy/EXSessionTasks/EXSessionTaskDelegate.h:23:75: warning: pointer is missing a nullability type specifier (_Nonnull, _Nullable, or _Null_unspecified) [-Wnullability-completeness]
   23 | - (void)URLSession:(NSURLSession *)session dataTask:(NSURLSessionDataTask *)dataTask didReceiveData:(NSData *)data;
      |                                                                           ^
/Users/jonahmicahinguito/dev/rotaract-connect/node_modules/expo-file-system/ios/Legacy/EXSessionTasks/EXSessionTaskDelegate.h:23:75: note: insert '_Nullable' if the pointer may be null
   23 | - (void)URLSession:(NSURLSession *)session dataTask:(NSURLSessionDataTask *)dataTask didReceiveData:(NSData *)data;
      |                                                                           ^
      |                                                                            _Nullable
/Users/jonahmicahinguito/dev/rotaract-connect/node_modules/expo-file-system/ios/Legacy/EXSessionTasks/EXSessionTaskDelegate.h:23:75: note: insert '_Nonnull' if the pointer should never be null
   23 | - (void)URLSession:(NSURLSession *)session dataTask:(NSURLSessionDataTask *)dataTask didReceiveData:(NSData *)data;
      |                                                                           ^
      |                                                                            _Nonnull
/Users/jonahmicahinguito/dev/rotaract-connect/node_modules/expo-file-system/ios/Legacy/EXSessionTasks/EXSessionTaskDelegate.h:23:109: warning: pointer is missing a nullability type specifier (_Nonnull, _Nullable, or _Null_unspecified) [-Wnullability-completeness]
   23 | - (void)URLSession:(NSURLSession *)session dataTask:(NSURLSessionDataTask *)dataTask didReceiveData:(NSData *)data;
      |                                                                                                             ^
/Users/jonahmicahinguito/dev/rotaract-connect/node_modules/expo-file-system/ios/Legacy/EXSessionTasks/EXSessionTaskDelegate.h:23:109: note: insert '_Nullable' if the pointer may be null
   23 | - (void)URLSession:(NSURLSession *)session dataTask:(NSURLSessionDataTask *)dataTask didReceiveData:(NSData *)data;
      |                                                                                                             ^
      |                                                                                                              _Nullable
/Users/jonahmicahinguito/dev/rotaract-connect/node_modules/expo-file-system/ios/Legacy/EXSessionTasks/EXSessionTaskDelegate.h:23:109: note: insert '_Nonnull' if the pointer should never be null
   23 | - (void)URLSession:(NSURLSession *)session dataTask:(NSURLSessionDataTask *)dataTask didReceiveData:(NSData *)data;
      |                                                                                                             ^
      |                                                                                                              _Nonnull
/Users/jonahmicahinguito/dev/rotaract-connect/node_modules/expo-file-system/ios/Legacy/EXSessionTasks/EXSessionTaskDelegate.h:25:34: warning: pointer is missing a nullability type specifier (_Nonnull, _Nullable, or _Null_unspecified) [-Wnullability-completeness]
   25 | - (void)URLSession:(NSURLSession *)session task:(NSURLSessionTask *)task
      |                                  ^
/Users/jonahmicahinguito/dev/rotaract-connect/node_modules/expo-file-system/ios/Legacy/EXSessionTasks/EXSessionTaskDelegate.h:25:34: note: insert '_Nullable' if the pointer may be null
   25 | - (void)URLSession:(NSURLSession *)session task:(NSURLSessionTask *)task
      |                                  ^
      |                                   _Nullable
/Users/jonahmicahinguito/dev/rotaract-connect/node_modules/expo-file-system/ios/Legacy/EXSessionTasks/EXSessionTaskDelegate.h:25:34: note: insert '_Nonnull' if the pointer should never be null
   25 | - (void)URLSession:(NSURLSession *)session task:(NSURLSessionTask *)task
      |                                  ^
      |                                   _Nonnull
/Users/jonahmicahinguito/dev/rotaract-connect/node_modules/expo-file-system/ios/Legacy/EXSessionTasks/EXSessionTaskDelegate.h:25:67: warning: pointer is missing a nullability type specifier (_Nonnull, _Nullable, or _Null_unspecified) [-Wnullability-completeness]
   25 | - (void)URLSession:(NSURLSession *)session task:(NSURLSessionTask *)task
      |                                                                   ^
/Users/jonahmicahinguito/dev/rotaract-connect/node_modules/expo-file-system/ios/Legacy/EXSessionTasks/EXSessionTaskDelegate.h:25:67: note: insert '_Nullable' if the pointer may be null
   25 | - (void)URLSession:(NSURLSession *)session task:(NSURLSessionTask *)task
      |                                                                   ^
      |                                                                    _Nullable
/Users/jonahmicahinguito/dev/rotaract-connect/node_modules/expo-file-system/ios/Legacy/EXSessionTasks/EXSessionTaskDelegate.h:25:67: note: insert '_Nonnull' if the pointer should never be null
   25 | - (void)URLSession:(NSURLSession *)session task:(NSURLSessionTask *)task
      |                                                                   ^
      |                                                                    _Nonnull
/Users/jonahmicahinguito/dev/rotaract-connect/node_modules/expo-file-system/ios/Legacy/EXSessionTasks/EXSessionTaskDelegate.h:30:17: warning: pointer is missing a nullability type specifier (_Nonnull, _Nullable, or _Null_unspecified) [-Wnullability-completeness]
   30 | - (NSDictionary *)parseServerResponse:(NSURLResponse *)response;
      |                 ^
/Users/jonahmicahinguito/dev/rotaract-connect/node_modules/expo-file-system/ios/Legacy/EXSessionTasks/EXSessionTaskDelegate.h:30:17: note: insert '_Nullable' if the pointer may be null
   30 | - (NSDictionary *)parseServerResponse:(NSURLResponse *)response;
      |                 ^
      |                  _Nullable
/Users/jonahmicahinguito/dev/rotaract-connect/node_modules/expo-file-system/ios/Legacy/EXSessionTasks/EXSessionTaskDelegate.h:30:17: note: insert '_Nonnull' if the pointer should never be null
   30 | - (NSDictionary *)parseServerResponse:(NSURLResponse *)response;
      |                 ^
      |                  _Nonnull
/Users/jonahmicahinguito/dev/rotaract-connect/node_modules/expo-file-system/ios/Legacy/EXSessionTasks/EXSessionTaskDelegate.h:30:54: warning: pointer is missing a nullability type specifier (_Nonnull, _Nullable, or _Null_unspecified) [-Wnullability-completeness]
   30 | - (NSDictionary *)parseServerResponse:(NSURLResponse *)response;
      |                                                      ^
/Users/jonahmicahinguito/dev/rotaract-connect/node_modules/expo-file-system/ios/Legacy/EXSessionTasks/EXSessionTaskDelegate.h:30:54: note: insert '_Nullable' if the pointer may be null
   30 | - (NSDictionary *)parseServerResponse:(NSURLResponse *)response;
      |                                                      ^
      |                                                       _Nullable
/Users/jonahmicahinguito/dev/rotaract-connect/node_modules/expo-file-system/ios/Legacy/EXSessionTasks/EXSessionTaskDelegate.h:30:54: note: insert '_Nonnull' if the pointer should never be null
   30 | - (NSDictionary *)parseServerResponse:(NSURLResponse *)response;
      |                                                      ^
      |                                                       _Nonnull
18 warnings generated.

/Users/jonahmicahinguito/dev/rotaract-connect/node_modules/expo-file-system/ios/Legacy/EXSessionTasks/EXSessionTaskDelegate.h:8:41: Block pointer is missing a nullability type specifier (_Nonnull, _Nullable, or _Null_unspecified)

/Users/jonahmicahinguito/dev/rotaract-connect/node_modules/expo-file-system/ios/Legacy/EXSessionTasks/EXSessionTaskDelegate.h:11:42: Block pointer is missing a nullability type specifier (_Nonnull, _Nullable, or _Null_unspecified)

/Users/jonahmicahinguito/dev/rotaract-connect/node_modules/expo-file-system/ios/Legacy/EXSessionTasks/EXSessionTaskDelegate.h:12:42: Block pointer is missing a nullability type specifier (_Nonnull, _Nullable, or _Null_unspecified)

/Users/jonahmicahinguito/dev/rotaract-connect/node_modules/expo-file-system/ios/Legacy/EXSessionTasks/EXSessionTaskDelegate.h:14:34: Pointer is missing a nullability type specifier (_Nonnull, _Nullable, or _Null_unspecified)

/Users/jonahmicahinguito/dev/rotaract-connect/node_modules/expo-file-system/ios/Legacy/EXSessionTasks/EXSessionTaskDelegate.h:14:83: Pointer is missing a nullability type specifier (_Nonnull, _Nullable, or _Null_unspecified)

/Users/jonahmicahinguito/dev/rotaract-connect/node_modules/expo-file-system/ios/Legacy/EXSessionTasks/EXSessionTaskDelegate.h:14:131: Pointer is missing a nullability type specifier (_Nonnull, _Nullable, or _Null_unspecified)

/Users/jonahmicahinguito/dev/rotaract-connect/node_modules/expo-file-system/ios/Legacy/EXSessionTasks/EXSessionTaskDelegate.h:16:34: Pointer is missing a nullability type specifier (_Nonnull, _Nullable, or _Null_unspecified)

/Users/jonahmicahinguito/dev/rotaract-connect/node_modules/expo-file-system/ios/Legacy/EXSessionTasks/EXSessionTaskDelegate.h:16:67: Pointer is missing a nullability type specifier (_Nonnull, _Nullable, or _Null_unspecified)

/Users/jonahmicahinguito/dev/rotaract-connect/node_modules/expo-file-system/ios/Legacy/EXSessionTasks/EXSessionTaskDelegate.h:16:104: Pointer is missing a nullability type specifier (_Nonnull, _Nullable, or _Null_unspecified)

/Users/jonahmicahinguito/dev/rotaract-connect/node_modules/expo-file-system/ios/Legacy/EXSessionTasks/EXSessionTaskDelegate.h:18:34: Pointer is missing a nullability type specifier (_Nonnull, _Nullable, or _Null_unspecified)

/Users/jonahmicahinguito/dev/rotaract-connect/node_modules/expo-file-system/ios/Legacy/EXSessionTasks/EXSessionTaskDelegate.h:18:83: Pointer is missing a nullability type specifier (_Nonnull, _Nullable, or _Null_unspecified)

/Users/jonahmicahinguito/dev/rotaract-connect/node_modules/expo-file-system/ios/Legacy/EXSessionTasks/EXSessionTaskDelegate.h:23:34: Pointer is missing a nullability type specifier (_Nonnull, _Nullable, or _Null_unspecified)

/Users/jonahmicahinguito/dev/rotaract-connect/node_modules/expo-file-system/ios/Legacy/EXSessionTasks/EXSessionTaskDelegate.h:23:75: Pointer is missing a nullability type specifier (_Nonnull, _Nullable, or _Null_unspecified)

/Users/jonahmicahinguito/dev/rotaract-connect/node_modules/expo-file-system/ios/Legacy/EXSessionTasks/EXSessionTaskDelegate.h:23:109: Pointer is missing a nullability type specifier (_Nonnull, _Nullable, or _Null_unspecified)

/Users/jonahmicahinguito/dev/rotaract-connect/node_modules/expo-file-system/ios/Legacy/EXSessionTasks/EXSessionTaskDelegate.h:25:34: Pointer is missing a nullability type specifier (_Nonnull, _Nullable, or _Null_unspecified)

/Users/jonahmicahinguito/dev/rotaract-connect/node_modules/expo-file-system/ios/Legacy/EXSessionTasks/EXSessionTaskDelegate.h:25:67: Pointer is missing a nullability type specifier (_Nonnull, _Nullable, or _Null_unspecified)

/Users/jonahmicahinguito/dev/rotaract-connect/node_modules/expo-file-system/ios/Legacy/EXSessionTasks/EXSessionTaskDelegate.h:30:17: Pointer is missing a nullability type specifier (_Nonnull, _Nullable, or _Null_unspecified)

/Users/jonahmicahinguito/dev/rotaract-connect/node_modules/expo-file-system/ios/Legacy/EXSessionTasks/EXSessionTaskDelegate.h:30:54: Pointer is missing a nullability type specifier (_Nonnull, _Nullable, or _Null_unspecified)

CompileC /Users/jonahmicahinguito/Library/Developer/Xcode/DerivedData/rotaractconnect-cjwcbdlngckcsaantafkjnfzfbdk/Build/Intermediates.noindex/Pods.build/Debug-iphoneos/ExpoFileSystem.build/Objects-normal/arm64/EXSessionTaskDispatcher.o /Users/jonahmicahinguito/dev/rotaract-connect/node_modules/expo-file-system/ios/Legacy/EXSessionTasks/EXSessionTaskDispatcher.m normal arm64 objective-c com.apple.compilers.llvm.clang.1_0.compiler (in target 'ExpoFileSystem' from project 'Pods')
    cd /Users/jonahmicahinguito/dev/rotaract-connect/ios/Pods
    
    Using response file: /Users/jonahmicahinguito/Library/Developer/Xcode/DerivedData/rotaractconnect-cjwcbdlngckcsaantafkjnfzfbdk/Build/Intermediates.noindex/Pods.build/Debug-iphoneos/ExpoFileSystem.build/Objects-normal/arm64/e6072d4f65d7061329687fe24e3d63a7-common-args.resp
    
    /Applications/Xcode.app/Contents/Developer/Toolchains/XcodeDefault.xctoolchain/usr/bin/clang -x objective-c -ivfsstatcache /Users/jonahmicahinguito/Library/Developer/Xcode/DerivedData/SDKStatCaches.noindex/iphoneos26.5-23F81a-32daed1954a7d5dd0789fcaf2a9bb78b.sdkstatcache -target arm64-apple-ios16.4 -fmessage-length\=0 -fdiagnostics-show-note-include-stack -fmacro-backtrace-limit\=0 -fno-color-diagnostics -fmodules-prune-interval\=86400 -fmodules-prune-after\=345600 -fbuild-session-file\=/Users/jonahmicahinguito/Library/Developer/Xcode/DerivedData/ModuleCache.noindex/Session.modulevalidation -fmodules-validate-once-per-build-session -Wnon-modular-include-in-framework-module -Werror\=non-modular-include-in-framework-module -Wno-trigraphs -Wno-missing-field-initializers -Wno-missing-prototypes -Werror\=return-type -Wdocumentation -Wunreachable-code -Wno-implicit-atomic-properties -Werror\=deprecated-objc-isa-usage -Wno-objc-interface-ivars -Werror\=objc-root-class -Wno-arc-repeated-use-of-weak -Wimplicit-retain-self -Wduplicate-method-match -Wno-missing-braces -Wparentheses -Wswitch -Wunused-function -Wno-unused-label -Wno-unused-parameter -Wunused-variable -Wunused-value -Wempty-body -Wuninitialized -Wconditional-uninitialized -Wno-unknown-pragmas -Wno-shadow -Wno-four-char-constants -Wno-conversion -Wconstant-conversion -Wint-conversion -Wbool-conversion -Wenum-conversion -Wno-float-conversion -Wnon-literal-null-conversion -Wobjc-literal-conversion -Wshorten-64-to-32 -Wpointer-sign -Wno-newline-eof -Wno-selector -Wno-strict-selector-match -Wundeclared-selector -Wdeprecated-implementations -Wno-implicit-fallthrough -isysroot /Applications/Xcode.app/Contents/Developer/Platforms/iPhoneOS.platform/Developer/SDKs/iPhoneOS26.5.sdk -fstrict-aliasing -Wprotocol -Wdeprecated-declarations -Wno-sign-conversion -Winfinite-recursion -Wcomma -Wblock-capture-autoreleasing -Wstrict-prototypes -Wno-semicolon-before-method-body -Wunguarded-availability -index-store-path /Users/jonahmicahinguito/Library/Developer/Xcode/DerivedData/rotaractconnect-cjwcbdlngckcsaantafkjnfzfbdk/Index.noindex/DataStore @/Users/jonahmicahinguito/Library/Developer/Xcode/DerivedData/rotaractconnect-cjwcbdlngckcsaantafkjnfzfbdk/Build/Intermediates.noindex/Pods.build/Debug-iphoneos/ExpoFileSystem.build/Objects-normal/arm64/e6072d4f65d7061329687fe24e3d63a7-common-args.resp -include /Users/jonahmicahinguito/dev/rotaract-connect/ios/Pods/Target\ Support\ Files/ExpoFileSystem/ExpoFileSystem-prefix.pch -MMD -MT dependencies -MF /Users/jonahmicahinguito/Library/Developer/Xcode/DerivedData/rotaractconnect-cjwcbdlngckcsaantafkjnfzfbdk/Build/Intermediates.noindex/Pods.build/Debug-iphoneos/ExpoFileSystem.build/Objects-normal/arm64/EXSessionTaskDispatcher.d --serialize-diagnostics /Users/jonahmicahinguito/Library/Developer/Xcode/DerivedData/rotaractconnect-cjwcbdlngckcsaantafkjnfzfbdk/Build/Intermediates.noindex/Pods.build/Debug-iphoneos/ExpoFileSystem.build/Objects-normal/arm64/EXSessionTaskDispatcher.dia -c /Users/jonahmicahinguito/dev/rotaract-connect/node_modules/expo-file-system/ios/Legacy/EXSessionTasks/EXSessionTaskDispatcher.m -o /Users/jonahmicahinguito/Library/Developer/Xcode/DerivedData/rotaractconnect-cjwcbdlngckcsaantafkjnfzfbdk/Build/Intermediates.noindex/Pods.build/Debug-iphoneos/ExpoFileSystem.build/Objects-normal/arm64/EXSessionTaskDispatcher.o -index-unit-output-path /Pods.build/Debug-iphoneos/ExpoFileSystem.build/Objects-normal/arm64/EXSessionTaskDispatcher.o

In file included from /Users/jonahmicahinguito/dev/rotaract-connect/node_modules/expo-file-system/ios/Legacy/EXSessionTasks/EXSessionTaskDispatcher.m:3:
In file included from /Users/jonahmicahinguito/dev/rotaract-connect/node_modules/expo-file-system/ios/Legacy/EXSessionTasks/EXSessionTaskDispatcher.h:4:
/Users/jonahmicahinguito/dev/rotaract-connect/node_modules/expo-file-system/ios/Legacy/EXSessionTasks/EXSessionTaskDelegate.h:8:41: warning: block pointer is missing a nullability type specifier (_Nonnull, _Nullable, or _Null_unspecified) [-Wnullability-completeness]
    8 | @property (nonatomic, strong, readonly) EXPromiseResolveBlock resolve;
      |                                         ^
/Users/jonahmicahinguito/dev/rotaract-connect/node_modules/expo-file-system/ios/Legacy/EXSessionTasks/EXSessionTaskDelegate.h:8:41: note: insert '_Nullable' if the block pointer may be null
    8 | @property (nonatomic, strong, readonly) EXPromiseResolveBlock resolve;
      |                                         ^
      |                                                               _Nullable
/Users/jonahmicahinguito/dev/rotaract-connect/node_modules/expo-file-system/ios/Legacy/EXSessionTasks/EXSessionTaskDelegate.h:8:41: note: insert '_Nonnull' if the block pointer should never be null
    8 | @property (nonatomic, strong, readonly) EXPromiseResolveBlock resolve;
      |                                         ^
      |                                                               _Nonnull
/Users/jonahmicahinguito/dev/rotaract-connect/node_modules/expo-file-system/ios/Legacy/EXSessionTasks/EXSessionTaskDelegate.h:11:42: warning: block pointer is missing a nullability type specifier (_Nonnull, _Nullable, or _Null_unspecified) [-Wnullability-completeness]
   11 | - (nonnull instancetype)initWithResolve:(EXPromiseResolveBlock)resolve
      |                                          ^
/Users/jonahmicahinguito/dev/rotaract-connect/node_modules/expo-file-system/ios/Legacy/EXSessionTasks/EXSessionTaskDelegate.h:11:42: note: insert '_Nullable' if the block pointer may be null
   11 | - (nonnull instancetype)initWithResolve:(EXPromiseResolveBlock)resolve
      |                                          ^                    
      |                                                                _Nullable 
/Users/jonahmicahinguito/dev/rotaract-connect/node_modules/expo-file-system/ios/Legacy/EXSessionTasks/EXSessionTaskDelegate.h:11:42: note: insert '_Nonnull' if the block pointer should never be null
   11 | - (nonnull instancetype)initWithResolve:(EXPromiseResolveBlock)resolve
      |                                          ^                    
      |                                                                _Nonnull 
/Users/jonahmicahinguito/dev/rotaract-connect/node_modules/expo-file-system/ios/Legacy/EXSessionTasks/EXSessionTaskDelegate.h:12:42: warning: block pointer is missing a nullability type specifier (_Nonnull, _Nullable, or _Null_unspecified) [-Wnullability-completeness]
   12 |                                  reject:(EXPromiseRejectBlock)reject;
      |                                          ^
/Users/jonahmicahinguito/dev/rotaract-connect/node_modules/expo-file-system/ios/Legacy/EXSessionTasks/EXSessionTaskDelegate.h:12:42: note: insert '_Nullable' if the block pointer may be null
   12 |                                  reject:(EXPromiseRejectBlock)reject;
      |                                          ^                   
      |                                                               _Nullable 
/Users/jonahmicahinguito/dev/rotaract-connect/node_modules/expo-file-system/ios/Legacy/EXSessionTasks/EXSessionTaskDelegate.h:12:42: note: insert '_Nonnull' if the block pointer should never be null
   12 |                                  reject:(EXPromiseRejectBlock)reject;
      |                                          ^                   
      |                                                               _Nonnull 
/Users/jonahmicahinguito/dev/rotaract-connect/node_modules/expo-file-system/ios/Legacy/EXSessionTasks/EXSessionTaskDelegate.h:14:34: warning: pointer is missing a nullability type specifier (_Nonnull, _Nullable, or _Null_unspecified) [-Wnullability-completeness]
   14 | - (void)URLSession:(NSURLSession *)session downloadTask:(NSURLSessionDownloadTask *)downloadTask didFinishDownloadingToURL:(NSURL *)location;
      |                                  ^
/Users/jonahmicahinguito/dev/rotaract-connect/node_modules/expo-file-system/ios/Legacy/EXSessionTasks/EXSessionTaskDelegate.h:14:34: note: insert '_Nullable' if the pointer may be null
   14 | - (void)URLSession:(NSURLSession *)session downloadTask:(NSURLSessionDownloadTask *)downloadTask didFinishDownloadingToURL:(NSURL *)location;
      |                                  ^
      |                                   _Nullable
/Users/jonahmicahinguito/dev/rotaract-connect/node_modules/expo-file-system/ios/Legacy/EXSessionTasks/EXSessionTaskDelegate.h:14:34: note: insert '_Nonnull' if the pointer should never be null
   14 | - (void)URLSession:(NSURLSession *)session downloadTask:(NSURLSessionDownloadTask *)downloadTask didFinishDownloadingToURL:(NSURL *)location;
      |                                  ^
      |                                   _Nonnull
/Users/jonahmicahinguito/dev/rotaract-connect/node_modules/expo-file-system/ios/Legacy/EXSessionTasks/EXSessionTaskDelegate.h:14:83: warning: pointer is missing a nullability type specifier (_Nonnull, _Nullable, or _Null_unspecified) [-Wnullability-completeness]
   14 | - (void)URLSession:(NSURLSession *)session downloadTask:(NSURLSessionDownloadTask *)downloadTask didFinishDownloadingToURL:(NSURL *)location;
      |                                                                                   ^
/Users/jonahmicahinguito/dev/rotaract-connect/node_modules/expo-file-system/ios/Legacy/EXSessionTasks/EXSessionTaskDelegate.h:14:83: note: insert '_Nullable' if the pointer may be null
   14 | - (void)URLSession:(NSURLSession *)session downloadTask:(NSURLSessionDownloadTask *)downloadTask didFinishDownloadingToURL:(NSURL *)location;
      |                                                                                   ^
      |                                                                                    _Nullable
/Users/jonahmicahinguito/dev/rotaract-connect/node_modules/expo-file-system/ios/Legacy/EXSessionTasks/EXSessionTaskDelegate.h:14:83: note: insert '_Nonnull' if the pointer should never be null
   14 | - (void)URLSession:(NSURLSession *)session downloadTask:(NSURLSessionDownloadTask *)downloadTask didFinishDownloadingToURL:(NSURL *)location;
      |                                                                                   ^
      |                                                                                    _Nonnull
/Users/jonahmicahinguito/dev/rotaract-connect/node_modules/expo-file-system/ios/Legacy/EXSessionTasks/EXSessionTaskDelegate.h:14:131: warning: pointer is missing a nullability type specifier (_Nonnull, _Nullable, or _Null_unspecified) [-Wnullability-completeness]
   14 | - (void)URLSession:(NSURLSession *)session downloadTask:(NSURLSessionDownloadTask *)downloadTask didFinishDownloadingToURL:(NSURL *)location;
      |                                                                                                                                   ^
/Users/jonahmicahinguito/dev/rotaract-connect/node_modules/expo-file-system/ios/Legacy/EXSessionTasks/EXSessionTaskDelegate.h:14:131: note: insert '_Nullable' if the pointer may be null
   14 | - (void)URLSession:(NSURLSession *)session downloadTask:(NSURLSessionDownloadTask *)downloadTask didFinishDownloadingToURL:(NSURL *)location;
      |                                                                                                                                   ^
      |                                                                                                                                    _Nullable
/Users/jonahmicahinguito/dev/rotaract-connect/node_modules/expo-file-system/ios/Legacy/EXSessionTasks/EXSessionTaskDelegate.h:14:131: note: insert '_Nonnull' if the pointer should never be null
   14 | - (void)URLSession:(NSURLSession *)session downloadTask:(NSURLSessionDownloadTask *)downloadTask didFinishDownloadingToURL:(NSURL *)location;
      |                                                                                                                                   ^
      |                                                                                                                                    _Nonnull
/Users/jonahmicahinguito/dev/rotaract-connect/node_modules/expo-file-system/ios/Legacy/EXSessionTasks/EXSessionTaskDelegate.h:16:34: warning: pointer is missing a nullability type specifier (_Nonnull, _Nullable, or _Null_unspecified) [-Wnullability-completeness]
   16 | - (void)URLSession:(NSURLSession *)session task:(NSURLSessionTask *)task didCompleteWithError:(NSError *)error;
      |                                  ^
/Users/jonahmicahinguito/dev/rotaract-connect/node_modules/expo-file-system/ios/Legacy/EXSessionTasks/EXSessionTaskDelegate.h:16:34: note: insert '_Nullable' if the pointer may be null
   16 | - (void)URLSession:(NSURLSession *)session task:(NSURLSessionTask *)task didCompleteWithError:(NSError *)error;
      |                                  ^
      |                                   _Nullable
/Users/jonahmicahinguito/dev/rotaract-connect/node_modules/expo-file-system/ios/Legacy/EXSessionTasks/EXSessionTaskDelegate.h:16:34: note: insert '_Nonnull' if the pointer should never be null
   16 | - (void)URLSession:(NSURLSession *)session task:(NSURLSessionTask *)task didCompleteWithError:(NSError *)error;
      |                                  ^
      |                                   _Nonnull
/Users/jonahmicahinguito/dev/rotaract-connect/node_modules/expo-file-system/ios/Legacy/EXSessionTasks/EXSessionTaskDelegate.h:16:67: warning: pointer is missing a nullability type specifier (_Nonnull, _Nullable, or _Null_unspecified) [-Wnullability-completeness]
   16 | - (void)URLSession:(NSURLSession *)session task:(NSURLSessionTask *)task didCompleteWithError:(NSError *)error;
      |                                                                   ^
/Users/jonahmicahinguito/dev/rotaract-connect/node_modules/expo-file-system/ios/Legacy/EXSessionTasks/EXSessionTaskDelegate.h:16:67: note: insert '_Nullable' if the pointer may be null
   16 | - (void)URLSession:(NSURLSession *)session task:(NSURLSessionTask *)task didCompleteWithError:(NSError *)error;
      |                                                                   ^
      |                                                                    _Nullable
/Users/jonahmicahinguito/dev/rotaract-connect/node_modules/expo-file-system/ios/Legacy/EXSessionTasks/EXSessionTaskDelegate.h:16:67: note: insert '_Nonnull' if the pointer should never be null
   16 | - (void)URLSession:(NSURLSession *)session task:(NSURLSessionTask *)task didCompleteWithError:(NSError *)error;
      |                                                                   ^
      |                                                                    _Nonnull
/Users/jonahmicahinguito/dev/rotaract-connect/node_modules/expo-file-system/ios/Legacy/EXSessionTasks/EXSessionTaskDelegate.h:16:104: warning: pointer is missing a nullability type specifier (_Nonnull, _Nullable, or _Null_unspecified) [-Wnullability-completeness]
   16 | - (void)URLSession:(NSURLSession *)session task:(NSURLSessionTask *)task didCompleteWithError:(NSError *)error;
      |                                                                                                        ^
/Users/jonahmicahinguito/dev/rotaract-connect/node_modules/expo-file-system/ios/Legacy/EXSessionTasks/EXSessionTaskDelegate.h:16:104: note: insert '_Nullable' if the pointer may be null
   16 | - (void)URLSession:(NSURLSession *)session task:(NSURLSessionTask *)task didCompleteWithError:(NSError *)error;
      |                                                                                                        ^
      |                                                                                                         _Nullable
/Users/jonahmicahinguito/dev/rotaract-connect/node_modules/expo-file-system/ios/Legacy/EXSessionTasks/EXSessionTaskDelegate.h:16:104: note: insert '_Nonnull' if the pointer should never be null
   16 | - (void)URLSession:(NSURLSession *)session task:(NSURLSessionTask *)task didCompleteWithError:(NSError *)error;
      |                                                                                                        ^
      |                                                                                                         _Nonnull
/Users/jonahmicahinguito/dev/rotaract-connect/node_modules/expo-file-system/ios/Legacy/EXSessionTasks/EXSessionTaskDelegate.h:18:34: warning: pointer is missing a nullability type specifier (_Nonnull, _Nullable, or _Null_unspecified) [-Wnullability-completeness]
   18 | - (void)URLSession:(NSURLSession *)session downloadTask:(NSURLSessionDownloadTask *)downloadTask
      |                                  ^
/Users/jonahmicahinguito/dev/rotaract-connect/node_modules/expo-file-system/ios/Legacy/EXSessionTasks/EXSessionTaskDelegate.h:18:34: note: insert '_Nullable' if the pointer may be null
   18 | - (void)URLSession:(NSURLSession *)session downloadTask:(NSURLSessionDownloadTask *)downloadTask
      |                                  ^
      |                                   _Nullable
/Users/jonahmicahinguito/dev/rotaract-connect/node_modules/expo-file-system/ios/Legacy/EXSessionTasks/EXSessionTaskDelegate.h:18:34: note: insert '_Nonnull' if the pointer should never be null
   18 | - (void)URLSession:(NSURLSession *)session downloadTask:(NSURLSessionDownloadTask *)downloadTask
      |                                  ^
      |                                   _Nonnull
/Users/jonahmicahinguito/dev/rotaract-connect/node_modules/expo-file-system/ios/Legacy/EXSessionTasks/EXSessionTaskDelegate.h:18:83: warning: pointer is missing a nullability type specifier (_Nonnull, _Nullable, or _Null_unspecified) [-Wnullability-completeness]
   18 | - (void)URLSession:(NSURLSession *)session downloadTask:(NSURLSessionDownloadTask *)downloadTask
      |                                                                                   ^
/Users/jonahmicahinguito/dev/rotaract-connect/node_modules/expo-file-system/ios/Legacy/EXSessionTasks/EXSessionTaskDelegate.h:18:83: note: insert '_Nullable' if the pointer may be null
   18 | - (void)URLSession:(NSURLSession *)session downloadTask:(NSURLSessionDownloadTask *)downloadTask
      |                                                                                   ^
      |                                                                                    _Nullable
/Users/jonahmicahinguito/dev/rotaract-connect/node_modules/expo-file-system/ios/Legacy/EXSessionTasks/EXSessionTaskDelegate.h:18:83: note: insert '_Nonnull' if the pointer should never be null
   18 | - (void)URLSession:(NSURLSession *)session downloadTask:(NSURLSessionDownloadTask *)downloadTask
      |                                                                                   ^
      |                                                                                    _Nonnull
/Users/jonahmicahinguito/dev/rotaract-connect/node_modules/expo-file-system/ios/Legacy/EXSessionTasks/EXSessionTaskDelegate.h:23:34: warning: pointer is missing a nullability type specifier (_Nonnull, _Nullable, or _Null_unspecified) [-Wnullability-completeness]
   23 | - (void)URLSession:(NSURLSession *)session dataTask:(NSURLSessionDataTask *)dataTask didReceiveData:(NSData *)data;
      |                                  ^
/Users/jonahmicahinguito/dev/rotaract-connect/node_modules/expo-file-system/ios/Legacy/EXSessionTasks/EXSessionTaskDelegate.h:23:34: note: insert '_Nullable' if the pointer may be null
   23 | - (void)URLSession:(NSURLSession *)session dataTask:(NSURLSessionDataTask *)dataTask didReceiveData:(NSData *)data;
      |                                  ^
      |                                   _Nullable
/Users/jonahmicahinguito/dev/rotaract-connect/node_modules/expo-file-system/ios/Legacy/EXSessionTasks/EXSessionTaskDelegate.h:23:34: note: insert '_Nonnull' if the pointer should never be null
   23 | - (void)URLSession:(NSURLSession *)session dataTask:(NSURLSessionDataTask *)dataTask didReceiveData:(NSData *)data;
      |                                  ^
      |                                   _Nonnull
/Users/jonahmicahinguito/dev/rotaract-connect/node_modules/expo-file-system/ios/Legacy/EXSessionTasks/EXSessionTaskDelegate.h:23:75: warning: pointer is missing a nullability type specifier (_Nonnull, _Nullable, or _Null_unspecified) [-Wnullability-completeness]
   23 | - (void)URLSession:(NSURLSession *)session dataTask:(NSURLSessionDataTask *)dataTask didReceiveData:(NSData *)data;
      |                                                                           ^
/Users/jonahmicahinguito/dev/rotaract-connect/node_modules/expo-file-system/ios/Legacy/EXSessionTasks/EXSessionTaskDelegate.h:23:75: note: insert '_Nullable' if the pointer may be null
   23 | - (void)URLSession:(NSURLSession *)session dataTask:(NSURLSessionDataTask *)dataTask didReceiveData:(NSData *)data;
      |                                                                           ^
      |                                                                            _Nullable
/Users/jonahmicahinguito/dev/rotaract-connect/node_modules/expo-file-system/ios/Legacy/EXSessionTasks/EXSessionTaskDelegate.h:23:75: note: insert '_Nonnull' if the pointer should never be null
   23 | - (void)URLSession:(NSURLSession *)session dataTask:(NSURLSessionDataTask *)dataTask didReceiveData:(NSData *)data;
      |                                                                           ^
      |                                                                            _Nonnull
/Users/jonahmicahinguito/dev/rotaract-connect/node_modules/expo-file-system/ios/Legacy/EXSessionTasks/EXSessionTaskDelegate.h:23:109: warning: pointer is missing a nullability type specifier (_Nonnull, _Nullable, or _Null_unspecified) [-Wnullability-completeness]
   23 | - (void)URLSession:(NSURLSession *)session dataTask:(NSURLSessionDataTask *)dataTask didReceiveData:(NSData *)data;
      |                                                                                                             ^
/Users/jonahmicahinguito/dev/rotaract-connect/node_modules/expo-file-system/ios/Legacy/EXSessionTasks/EXSessionTaskDelegate.h:23:109: note: insert '_Nullable' if the pointer may be null
   23 | - (void)URLSession:(NSURLSession *)session dataTask:(NSURLSessionDataTask *)dataTask didReceiveData:(NSData *)data;
      |                                                                                                             ^
      |                                                                                                              _Nullable
/Users/jonahmicahinguito/dev/rotaract-connect/node_modules/expo-file-system/ios/Legacy/EXSessionTasks/EXSessionTaskDelegate.h:23:109: note: insert '_Nonnull' if the pointer should never be null
   23 | - (void)URLSession:(NSURLSession *)session dataTask:(NSURLSessionDataTask *)dataTask didReceiveData:(NSData *)data;
      |                                                                                                             ^
      |                                                                                                              _Nonnull
/Users/jonahmicahinguito/dev/rotaract-connect/node_modules/expo-file-system/ios/Legacy/EXSessionTasks/EXSessionTaskDelegate.h:25:34: warning: pointer is missing a nullability type specifier (_Nonnull, _Nullable, or _Null_unspecified) [-Wnullability-completeness]
   25 | - (void)URLSession:(NSURLSession *)session task:(NSURLSessionTask *)task
      |                                  ^
/Users/jonahmicahinguito/dev/rotaract-connect/node_modules/expo-file-system/ios/Legacy/EXSessionTasks/EXSessionTaskDelegate.h:25:34: note: insert '_Nullable' if the pointer may be null
   25 | - (void)URLSession:(NSURLSession *)session task:(NSURLSessionTask *)task
      |                                  ^
      |                                   _Nullable
/Users/jonahmicahinguito/dev/rotaract-connect/node_modules/expo-file-system/ios/Legacy/EXSessionTasks/EXSessionTaskDelegate.h:25:34: note: insert '_Nonnull' if the pointer should never be null
   25 | - (void)URLSession:(NSURLSession *)session task:(NSURLSessionTask *)task
      |                                  ^
      |                                   _Nonnull
/Users/jonahmicahinguito/dev/rotaract-connect/node_modules/expo-file-system/ios/Legacy/EXSessionTasks/EXSessionTaskDelegate.h:25:67: warning: pointer is missing a nullability type specifier (_Nonnull, _Nullable, or _Null_unspecified) [-Wnullability-completeness]
   25 | - (void)URLSession:(NSURLSession *)session task:(NSURLSessionTask *)task
      |                                                                   ^
/Users/jonahmicahinguito/dev/rotaract-connect/node_modules/expo-file-system/ios/Legacy/EXSessionTasks/EXSessionTaskDelegate.h:25:67: note: insert '_Nullable' if the pointer may be null
   25 | - (void)URLSession:(NSURLSession *)session task:(NSURLSessionTask *)task
      |                                                                   ^
      |                                                                    _Nullable
/Users/jonahmicahinguito/dev/rotaract-connect/node_modules/expo-file-system/ios/Legacy/EXSessionTasks/EXSessionTaskDelegate.h:25:67: note: insert '_Nonnull' if the pointer should never be null
   25 | - (void)URLSession:(NSURLSession *)session task:(NSURLSessionTask *)task
      |                                                                   ^
      |                                                                    _Nonnull
/Users/jonahmicahinguito/dev/rotaract-connect/node_modules/expo-file-system/ios/Legacy/EXSessionTasks/EXSessionTaskDelegate.h:30:17: warning: pointer is missing a nullability type specifier (_Nonnull, _Nullable, or _Null_unspecified) [-Wnullability-completeness]
   30 | - (NSDictionary *)parseServerResponse:(NSURLResponse *)response;
      |                 ^
/Users/jonahmicahinguito/dev/rotaract-connect/node_modules/expo-file-system/ios/Legacy/EXSessionTasks/EXSessionTaskDelegate.h:30:17: note: insert '_Nullable' if the pointer may be null
   30 | - (NSDictionary *)parseServerResponse:(NSURLResponse *)response;
      |                 ^
      |                  _Nullable
/Users/jonahmicahinguito/dev/rotaract-connect/node_modules/expo-file-system/ios/Legacy/EXSessionTasks/EXSessionTaskDelegate.h:30:17: note: insert '_Nonnull' if the pointer should never be null
   30 | - (NSDictionary *)parseServerResponse:(NSURLResponse *)response;
      |                 ^
      |                  _Nonnull
/Users/jonahmicahinguito/dev/rotaract-connect/node_modules/expo-file-system/ios/Legacy/EXSessionTasks/EXSessionTaskDelegate.h:30:54: warning: pointer is missing a nullability type specifier (_Nonnull, _Nullable, or _Null_unspecified) [-Wnullability-completeness]
   30 | - (NSDictionary *)parseServerResponse:(NSURLResponse *)response;
      |                                                      ^
/Users/jonahmicahinguito/dev/rotaract-connect/node_modules/expo-file-system/ios/Legacy/EXSessionTasks/EXSessionTaskDelegate.h:30:54: note: insert '_Nullable' if the pointer may be null
   30 | - (NSDictionary *)parseServerResponse:(NSURLResponse *)response;
      |                                                      ^
      |                                                       _Nullable
/Users/jonahmicahinguito/dev/rotaract-connect/node_modules/expo-file-system/ios/Legacy/EXSessionTasks/EXSessionTaskDelegate.h:30:54: note: insert '_Nonnull' if the pointer should never be null
   30 | - (NSDictionary *)parseServerResponse:(NSURLResponse *)response;
      |                                                      ^
      |                                                       _Nonnull
In file included from /Users/jonahmicahinguito/dev/rotaract-connect/node_modules/expo-file-system/ios/Legacy/EXSessionTasks/EXSessionTaskDispatcher.m:4:
In file included from /Users/jonahmicahinguito/dev/rotaract-connect/node_modules/expo-file-system/ios/Legacy/EXSessionTasks/EXSessionResumableDownloadTaskDelegate.h:3:
/Users/jonahmicahinguito/dev/rotaract-connect/node_modules/expo-file-system/ios/Legacy/EXSessionTasks/EXSessionDownloadTaskDelegate.h:7:42: warning: block pointer is missing a nullability type specifier (_Nonnull, _Nullable, or _Null_unspecified) [-Wnullability-completeness]
    7 | - (nonnull instancetype)initWithResolve:(EXPromiseResolveBlock)resolve
      |                                          ^
/Users/jonahmicahinguito/dev/rotaract-connect/node_modules/expo-file-system/ios/Legacy/EXSessionTasks/EXSessionDownloadTaskDelegate.h:7:42: note: insert '_Nullable' if the block pointer may be null
    7 | - (nonnull instancetype)initWithResolve:(EXPromiseResolveBlock)resolve
      |                                          ^                    
      |                                                                _Nullable 
/Users/jonahmicahinguito/dev/rotaract-connect/node_modules/expo-file-system/ios/Legacy/EXSessionTasks/EXSessionDownloadTaskDelegate.h:7:42: note: insert '_Nonnull' if the block pointer should never be null
    7 | - (nonnull instancetype)initWithResolve:(EXPromiseResolveBlock)resolve
      |                                          ^                    
      |                                                                _Nonnull 
/Users/jonahmicahinguito/dev/rotaract-connect/node_modules/expo-file-system/ios/Legacy/EXSessionTasks/EXSessionDownloadTaskDelegate.h:8:42: warning: block pointer is missing a nullability type specifier (_Nonnull, _Nullable, or _Null_unspecified) [-Wnullability-completeness]
    8 |                                  reject:(EXPromiseRejectBlock)reject
      |                                          ^
/Users/jonahmicahinguito/dev/rotaract-connect/node_modules/expo-file-system/ios/Legacy/EXSessionTasks/EXSessionDownloadTaskDelegate.h:8:42: note: insert '_Nullable' if the block pointer may be null
    8 |                                  reject:(EXPromiseRejectBlock)reject
      |                                          ^                   
      |                                                               _Nullable 
/Users/jonahmicahinguito/dev/rotaract-connect/node_modules/expo-file-system/ios/Legacy/EXSessionTasks/EXSessionDownloadTaskDelegate.h:8:42: note: insert '_Nonnull' if the block pointer should never be null
    8 |                                  reject:(EXPromiseRejectBlock)reject
      |                                          ^                   
      |                                                               _Nonnull 
/Users/jonahmicahinguito/dev/rotaract-connect/node_modules/expo-file-system/ios/Legacy/EXSessionTasks/EXSessionDownloadTaskDelegate.h:9:48: warning: pointer is missing a nullability type specifier (_Nonnull, _Nullable, or _Null_unspecified) [-Wnullability-completeness]
    9 |                                localUrl:(NSURL *)localUrl
      |                                                ^
/Users/jonahmicahinguito/dev/rotaract-connect/node_modules/expo-file-system/ios/Legacy/EXSessionTasks/EXSessionDownloadTaskDelegate.h:9:48: note: insert '_Nullable' if the pointer may be null
    9 |                                localUrl:(NSURL *)localUrl
      |                                                ^
      |                                                 _Nullable
/Users/jonahmicahinguito/dev/rotaract-connect/node_modules/expo-file-system/ios/Legacy/EXSessionTasks/EXSessionDownloadTaskDelegate.h:9:48: note: insert '_Nonnull' if the pointer should never be null
    9 |                                localUrl:(NSURL *)localUrl
      |                                                ^
      |                                                 _Nonnull
In file included from /Users/jonahmicahinguito/dev/rotaract-connect/node_modules/expo-file-system/ios/Legacy/EXSessionTasks/EXSessionTaskDispatcher.m:4:
/Users/jonahmicahinguito/dev/rotaract-connect/node_modules/expo-file-system/ios/Legacy/EXSessionTasks/EXSessionResumableDownloadTaskDelegate.h:6:76: warning: pointer is missing a nullability type specifier (_Nonnull, _Nullable, or _Null_unspecified) [-Wnullability-completeness]
    6 | typedef void (^EXDownloadDelegateOnWriteCallback)(NSURLSessionDownloadTask *task, int64_t bytesWritten, int64_t totalBytesWritten, int64_t totalBytesExpectedToWrite);
      |                                                                            ^
/Users/jonahmicahinguito/dev/rotaract-connect/node_modules/expo-file-system/ios/Legacy/EXSessionTasks/EXSessionResumableDownloadTaskDelegate.h:6:76: note: insert '_Nullable' if the pointer may be null
    6 | typedef void (^EXDownloadDelegateOnWriteCallback)(NSURLSessionDownloadTask *task, int64_t bytesWritten, int64_t totalBytesWritten, int64_t totalBytesExpectedToWrite);
      |                                                                            ^
      |                                                                              _Nullable 
/Users/jonahmicahinguito/dev/rotaract-connect/node_modules/expo-file-system/ios/Legacy/EXSessionTasks/EXSessionResumableDownloadTaskDelegate.h:6:76: note: insert '_Nonnull' if the pointer should never be null
    6 | typedef void (^EXDownloadDelegateOnWriteCallback)(NSURLSessionDownloadTask *task, int64_t bytesWritten, int64_t totalBytesWritten, int64_t totalBytesExpectedToWrite);
      |                                                                            ^
      |                                                                              _Nonnull 
/Users/jonahmicahinguito/dev/rotaract-connect/node_modules/expo-file-system/ios/Legacy/EXSessionTasks/EXSessionResumableDownloadTaskDelegate.h:10:42: warning: block pointer is missing a nullability type specifier (_Nonnull, _Nullable, or _Null_unspecified) [-Wnullability-completeness]
   10 | - (nonnull instancetype)initWithResolve:(EXPromiseResolveBlock)resolve
      |                                          ^
/Users/jonahmicahinguito/dev/rotaract-connect/node_modules/expo-file-system/ios/Legacy/EXSessionTasks/EXSessionResumableDownloadTaskDelegate.h:10:42: note: insert '_Nullable' if the block pointer may be null
   10 | - (nonnull instancetype)initWithResolve:(EXPromiseResolveBlock)resolve
      |                                          ^                    
      |                                                                _Nullable 
/Users/jonahmicahinguito/dev/rotaract-connect/node_modules/expo-file-system/ios/Legacy/EXSessionTasks/EXSessionResumableDownloadTaskDelegate.h:10:42: note: insert '_Nonnull' if the block pointer should never be null
   10 | - (nonnull instancetype)initWithResolve:(EXPromiseResolveBlock)resolve
      |                                          ^                    
      |                                                                _Nonnull 
/Users/jonahmicahinguito/dev/rotaract-connect/node_modules/expo-file-system/ios/Legacy/EXSessionTasks/EXSessionResumableDownloadTaskDelegate.h:11:42: warning: block pointer is missing a nullability type specifier (_Nonnull, _Nullable, or _Null_unspecified) [-Wnullability-completeness]
   11 |                                  reject:(EXPromiseRejectBlock)reject
      |                                          ^
/Users/jonahmicahinguito/dev/rotaract-connect/node_modules/expo-file-system/ios/Legacy/EXSessionTasks/EXSessionResumableDownloadTaskDelegate.h:11:42: note: insert '_Nullable' if the block pointer may be null
   11 |                                  reject:(EXPromiseRejectBlock)reject
      |                                          ^                   
      |                                                               _Nullable 
/Users/jonahmicahinguito/dev/rotaract-connect/node_modules/expo-file-system/ios/Legacy/EXSessionTasks/EXSessionResumableDownloadTaskDelegate.h:11:42: note: insert '_Nonnull' if the block pointer should never be null
   11 |                                  reject:(EXPromiseRejectBlock)reject
      |                                          ^                   
      |                                                               _Nonnull 
/Users/jonahmicahinguito/dev/rotaract-connect/node_modules/expo-file-system/ios/Legacy/EXSessionTasks/EXSessionResumableDownloadTaskDelegate.h:12:48: warning: pointer is missing a nullability type specifier (_Nonnull, _Nullable, or _Null_unspecified) [-Wnullability-completeness]
   12 |                                localUrl:(NSURL *)localUrl
      |                                                ^
/Users/jonahmicahinguito/dev/rotaract-connect/node_modules/expo-file-system/ios/Legacy/EXSessionTasks/EXSessionResumableDownloadTaskDelegate.h:12:48: note: insert '_Nullable' if the pointer may be null
   12 |                                localUrl:(NSURL *)localUrl
      |                                                ^
      |                                                 _Nullable
/Users/jonahmicahinguito/dev/rotaract-connect/node_modules/expo-file-system/ios/Legacy/EXSessionTasks/EXSessionResumableDownloadTaskDelegate.h:12:48: note: insert '_Nonnull' if the pointer should never be null
   12 |                                localUrl:(NSURL *)localUrl
      |                                                ^
      |                                                 _Nonnull
/Users/jonahmicahinguito/dev/rotaract-connect/node_modules/expo-file-system/ios/Legacy/EXSessionTasks/EXSessionResumableDownloadTaskDelegate.h:14:42: warning: block pointer is missing a nullability type specifier (_Nonnull, _Nullable, or _Null_unspecified) [-Wnullability-completeness]
   14 |                         onWriteCallback:(EXDownloadDelegateOnWriteCallback)onWriteCallback
      |                                          ^
/Users/jonahmicahinguito/dev/rotaract-connect/node_modules/expo-file-system/ios/Legacy/EXSessionTasks/EXSessionResumableDownloadTaskDelegate.h:14:42: note: insert '_Nullable' if the block pointer may be null
   14 |                         onWriteCallback:(EXDownloadDelegateOnWriteCallback)onWriteCallback
      |                                          ^                                
      |                                                                            _Nullable 
/Users/jonahmicahinguito/dev/rotaract-connect/node_modules/expo-file-system/ios/Legacy/EXSessionTasks/EXSessionResumableDownloadTaskDelegate.h:14:42: note: insert '_Nonnull' if the block pointer should never be null
   14 |                         onWriteCallback:(EXDownloadDelegateOnWriteCallback)onWriteCallback
      |                                          ^                                
      |                                                                            _Nonnull 
/Users/jonahmicahinguito/dev/rotaract-connect/node_modules/expo-file-system/ios/Legacy/EXSessionTasks/EXSessionResumableDownloadTaskDelegate.h:15:64: warning: pointer is missing a nullability type specifier (_Nonnull, _Nullable, or _Null_unspecified) [-Wnullability-completeness]
   15 |                        resumableManager:(EXTaskHandlersManager *)manager
      |                                                                ^
/Users/jonahmicahinguito/dev/rotaract-connect/node_modules/expo-file-system/ios/Legacy/EXSessionTasks/EXSessionResumableDownloadTaskDelegate.h:15:64: note: insert '_Nullable' if the pointer may be null
   15 |                        resumableManager:(EXTaskHandlersManager *)manager
      |                                                                ^
      |                                                                 _Nullable
/Users/jonahmicahinguito/dev/rotaract-connect/node_modules/expo-file-system/ios/Legacy/EXSessionTasks/EXSessionResumableDownloadTaskDelegate.h:15:64: note: insert '_Nonnull' if the pointer should never be null
   15 |                        resumableManager:(EXTaskHandlersManager *)manager
      |                                                                ^
      |                                                                 _Nonnull
/Users/jonahmicahinguito/dev/rotaract-connect/node_modules/expo-file-system/ios/Legacy/EXSessionTasks/EXSessionResumableDownloadTaskDelegate.h:16:51: warning: pointer is missing a nullability type specifier (_Nonnull, _Nullable, or _Null_unspecified) [-Wnullability-completeness]
   16 |                                    uuid:(NSString *)uuid;
      |                                                   ^
/Users/jonahmicahinguito/dev/rotaract-connect/node_modules/expo-file-system/ios/Legacy/EXSessionTasks/EXSessionResumableDownloadTaskDelegate.h:16:51: note: insert '_Nullable' if the pointer may be null
   16 |                                    uuid:(NSString *)uuid;
      |                                                   ^
      |                                                    _Nullable
/Users/jonahmicahinguito/dev/rotaract-connect/node_modules/expo-file-system/ios/Legacy/EXSessionTasks/EXSessionResumableDownloadTaskDelegate.h:16:51: note: insert '_Nonnull' if the pointer should never be null
   16 |                                    uuid:(NSString *)uuid;
      |                                                   ^
      |                                                    _Nonnull
28 warnings generated.

/Users/jonahmicahinguito/dev/rotaract-connect/node_modules/expo-file-system/ios/Legacy/EXSessionTasks/EXSessionTaskDelegate.h:8:41: Block pointer is missing a nullability type specifier (_Nonnull, _Nullable, or _Null_unspecified)

/Users/jonahmicahinguito/dev/rotaract-connect/node_modules/expo-file-system/ios/Legacy/EXSessionTasks/EXSessionTaskDelegate.h:11:42: Block pointer is missing a nullability type specifier (_Nonnull, _Nullable, or _Null_unspecified)

/Users/jonahmicahinguito/dev/rotaract-connect/node_modules/expo-file-system/ios/Legacy/EXSessionTasks/EXSessionTaskDelegate.h:12:42: Block pointer is missing a nullability type specifier (_Nonnull, _Nullable, or _Null_unspecified)

/Users/jonahmicahinguito/dev/rotaract-connect/node_modules/expo-file-system/ios/Legacy/EXSessionTasks/EXSessionTaskDelegate.h:14:34: Pointer is missing a nullability type specifier (_Nonnull, _Nullable, or _Null_unspecified)

/Users/jonahmicahinguito/dev/rotaract-connect/node_modules/expo-file-system/ios/Legacy/EXSessionTasks/EXSessionTaskDelegate.h:14:83: Pointer is missing a nullability type specifier (_Nonnull, _Nullable, or _Null_unspecified)

/Users/jonahmicahinguito/dev/rotaract-connect/node_modules/expo-file-system/ios/Legacy/EXSessionTasks/EXSessionTaskDelegate.h:14:131: Pointer is missing a nullability type specifier (_Nonnull, _Nullable, or _Null_unspecified)

/Users/jonahmicahinguito/dev/rotaract-connect/node_modules/expo-file-system/ios/Legacy/EXSessionTasks/EXSessionTaskDelegate.h:16:34: Pointer is missing a nullability type specifier (_Nonnull, _Nullable, or _Null_unspecified)

/Users/jonahmicahinguito/dev/rotaract-connect/node_modules/expo-file-system/ios/Legacy/EXSessionTasks/EXSessionTaskDelegate.h:16:67: Pointer is missing a nullability type specifier (_Nonnull, _Nullable, or _Null_unspecified)

/Users/jonahmicahinguito/dev/rotaract-connect/node_modules/expo-file-system/ios/Legacy/EXSessionTasks/EXSessionTaskDelegate.h:16:104: Pointer is missing a nullability type specifier (_Nonnull, _Nullable, or _Null_unspecified)

/Users/jonahmicahinguito/dev/rotaract-connect/node_modules/expo-file-system/ios/Legacy/EXSessionTasks/EXSessionTaskDelegate.h:18:34: Pointer is missing a nullability type specifier (_Nonnull, _Nullable, or _Null_unspecified)

/Users/jonahmicahinguito/dev/rotaract-connect/node_modules/expo-file-system/ios/Legacy/EXSessionTasks/EXSessionTaskDelegate.h:18:83: Pointer is missing a nullability type specifier (_Nonnull, _Nullable, or _Null_unspecified)

/Users/jonahmicahinguito/dev/rotaract-connect/node_modules/expo-file-system/ios/Legacy/EXSessionTasks/EXSessionTaskDelegate.h:23:34: Pointer is missing a nullability type specifier (_Nonnull, _Nullable, or _Null_unspecified)

/Users/jonahmicahinguito/dev/rotaract-connect/node_modules/expo-file-system/ios/Legacy/EXSessionTasks/EXSessionTaskDelegate.h:23:75: Pointer is missing a nullability type specifier (_Nonnull, _Nullable, or _Null_unspecified)

/Users/jonahmicahinguito/dev/rotaract-connect/node_modules/expo-file-system/ios/Legacy/EXSessionTasks/EXSessionTaskDelegate.h:23:109: Pointer is missing a nullability type specifier (_Nonnull, _Nullable, or _Null_unspecified)

/Users/jonahmicahinguito/dev/rotaract-connect/node_modules/expo-file-system/ios/Legacy/EXSessionTasks/EXSessionTaskDelegate.h:25:34: Pointer is missing a nullability type specifier (_Nonnull, _Nullable, or _Null_unspecified)

/Users/jonahmicahinguito/dev/rotaract-connect/node_modules/expo-file-system/ios/Legacy/EXSessionTasks/EXSessionTaskDelegate.h:25:67: Pointer is missing a nullability type specifier (_Nonnull, _Nullable, or _Null_unspecified)

/Users/jonahmicahinguito/dev/rotaract-connect/node_modules/expo-file-system/ios/Legacy/EXSessionTasks/EXSessionTaskDelegate.h:30:17: Pointer is missing a nullability type specifier (_Nonnull, _Nullable, or _Null_unspecified)

/Users/jonahmicahinguito/dev/rotaract-connect/node_modules/expo-file-system/ios/Legacy/EXSessionTasks/EXSessionTaskDelegate.h:30:54: Pointer is missing a nullability type specifier (_Nonnull, _Nullable, or _Null_unspecified)

/Users/jonahmicahinguito/dev/rotaract-connect/node_modules/expo-file-system/ios/Legacy/EXSessionTasks/EXSessionDownloadTaskDelegate.h:7:42: Block pointer is missing a nullability type specifier (_Nonnull, _Nullable, or _Null_unspecified)

/Users/jonahmicahinguito/dev/rotaract-connect/node_modules/expo-file-system/ios/Legacy/EXSessionTasks/EXSessionDownloadTaskDelegate.h:8:42: Block pointer is missing a nullability type specifier (_Nonnull, _Nullable, or _Null_unspecified)

/Users/jonahmicahinguito/dev/rotaract-connect/node_modules/expo-file-system/ios/Legacy/EXSessionTasks/EXSessionDownloadTaskDelegate.h:9:48: Pointer is missing a nullability type specifier (_Nonnull, _Nullable, or _Null_unspecified)

/Users/jonahmicahinguito/dev/rotaract-connect/node_modules/expo-file-system/ios/Legacy/EXSessionTasks/EXSessionResumableDownloadTaskDelegate.h:6:76: Pointer is missing a nullability type specifier (_Nonnull, _Nullable, or _Null_unspecified)

/Users/jonahmicahinguito/dev/rotaract-connect/node_modules/expo-file-system/ios/Legacy/EXSessionTasks/EXSessionResumableDownloadTaskDelegate.h:10:42: Block pointer is missing a nullability type specifier (_Nonnull, _Nullable, or _Null_unspecified)

/Users/jonahmicahinguito/dev/rotaract-connect/node_modules/expo-file-system/ios/Legacy/EXSessionTasks/EXSessionResumableDownloadTaskDelegate.h:11:42: Block pointer is missing a nullability type specifier (_Nonnull, _Nullable, or _Null_unspecified)

/Users/jonahmicahinguito/dev/rotaract-connect/node_modules/expo-file-system/ios/Legacy/EXSessionTasks/EXSessionResumableDownloadTaskDelegate.h:12:48: Pointer is missing a nullability type specifier (_Nonnull, _Nullable, or _Null_unspecified)

/Users/jonahmicahinguito/dev/rotaract-connect/node_modules/expo-file-system/ios/Legacy/EXSessionTasks/EXSessionResumableDownloadTaskDelegate.h:14:42: Block pointer is missing a nullability type specifier (_Nonnull, _Nullable, or _Null_unspecified)

/Users/jonahmicahinguito/dev/rotaract-connect/node_modules/expo-file-system/ios/Legacy/EXSessionTasks/EXSessionResumableDownloadTaskDelegate.h:15:64: Pointer is missing a nullability type specifier (_Nonnull, _Nullable, or _Null_unspecified)

/Users/jonahmicahinguito/dev/rotaract-connect/node_modules/expo-file-system/ios/Legacy/EXSessionTasks/EXSessionResumableDownloadTaskDelegate.h:16:51: Pointer is missing a nullability type specifier (_Nonnull, _Nullable, or _Null_unspecified)

CompileC /Users/jonahmicahinguito/Library/Developer/Xcode/DerivedData/rotaractconnect-cjwcbdlngckcsaantafkjnfzfbdk/Build/Intermediates.noindex/Pods.build/Debug-iphoneos/ExpoFileSystem.build/Objects-normal/arm64/EXSessionTaskDelegate.o /Users/jonahmicahinguito/dev/rotaract-connect/node_modules/expo-file-system/ios/Legacy/EXSessionTasks/EXSessionTaskDelegate.m normal arm64 objective-c com.apple.compilers.llvm.clang.1_0.compiler (in target 'ExpoFileSystem' from project 'Pods')
    cd /Users/jonahmicahinguito/dev/rotaract-connect/ios/Pods
    
    Using response file: /Users/jonahmicahinguito/Library/Developer/Xcode/DerivedData/rotaractconnect-cjwcbdlngckcsaantafkjnfzfbdk/Build/Intermediates.noindex/Pods.build/Debug-iphoneos/ExpoFileSystem.build/Objects-normal/arm64/e6072d4f65d7061329687fe24e3d63a7-common-args.resp
    
    /Applications/Xcode.app/Contents/Developer/Toolchains/XcodeDefault.xctoolchain/usr/bin/clang -x objective-c -ivfsstatcache /Users/jonahmicahinguito/Library/Developer/Xcode/DerivedData/SDKStatCaches.noindex/iphoneos26.5-23F81a-32daed1954a7d5dd0789fcaf2a9bb78b.sdkstatcache -target arm64-apple-ios16.4 -fmessage-length\=0 -fdiagnostics-show-note-include-stack -fmacro-backtrace-limit\=0 -fno-color-diagnostics -fmodules-prune-interval\=86400 -fmodules-prune-after\=345600 -fbuild-session-file\=/Users/jonahmicahinguito/Library/Developer/Xcode/DerivedData/ModuleCache.noindex/Session.modulevalidation -fmodules-validate-once-per-build-session -Wnon-modular-include-in-framework-module -Werror\=non-modular-include-in-framework-module -Wno-trigraphs -Wno-missing-field-initializers -Wno-missing-prototypes -Werror\=return-type -Wdocumentation -Wunreachable-code -Wno-implicit-atomic-properties -Werror\=deprecated-objc-isa-usage -Wno-objc-interface-ivars -Werror\=objc-root-class -Wno-arc-repeated-use-of-weak -Wimplicit-retain-self -Wduplicate-method-match -Wno-missing-braces -Wparentheses -Wswitch -Wunused-function -Wno-unused-label -Wno-unused-parameter -Wunused-variable -Wunused-value -Wempty-body -Wuninitialized -Wconditional-uninitialized -Wno-unknown-pragmas -Wno-shadow -Wno-four-char-constants -Wno-conversion -Wconstant-conversion -Wint-conversion -Wbool-conversion -Wenum-conversion -Wno-float-conversion -Wnon-literal-null-conversion -Wobjc-literal-conversion -Wshorten-64-to-32 -Wpointer-sign -Wno-newline-eof -Wno-selector -Wno-strict-selector-match -Wundeclared-selector -Wdeprecated-implementations -Wno-implicit-fallthrough -isysroot /Applications/Xcode.app/Contents/Developer/Platforms/iPhoneOS.platform/Developer/SDKs/iPhoneOS26.5.sdk -fstrict-aliasing -Wprotocol -Wdeprecated-declarations -Wno-sign-conversion -Winfinite-recursion -Wcomma -Wblock-capture-autoreleasing -Wstrict-prototypes -Wno-semicolon-before-method-body -Wunguarded-availability -index-store-path /Users/jonahmicahinguito/Library/Developer/Xcode/DerivedData/rotaractconnect-cjwcbdlngckcsaantafkjnfzfbdk/Index.noindex/DataStore @/Users/jonahmicahinguito/Library/Developer/Xcode/DerivedData/rotaractconnect-cjwcbdlngckcsaantafkjnfzfbdk/Build/Intermediates.noindex/Pods.build/Debug-iphoneos/ExpoFileSystem.build/Objects-normal/arm64/e6072d4f65d7061329687fe24e3d63a7-common-args.resp -include /Users/jonahmicahinguito/dev/rotaract-connect/ios/Pods/Target\ Support\ Files/ExpoFileSystem/ExpoFileSystem-prefix.pch -MMD -MT dependencies -MF /Users/jonahmicahinguito/Library/Developer/Xcode/DerivedData/rotaractconnect-cjwcbdlngckcsaantafkjnfzfbdk/Build/Intermediates.noindex/Pods.build/Debug-iphoneos/ExpoFileSystem.build/Objects-normal/arm64/EXSessionTaskDelegate.d --serialize-diagnostics /Users/jonahmicahinguito/Library/Developer/Xcode/DerivedData/rotaractconnect-cjwcbdlngckcsaantafkjnfzfbdk/Build/Intermediates.noindex/Pods.build/Debug-iphoneos/ExpoFileSystem.build/Objects-normal/arm64/EXSessionTaskDelegate.dia -c /Users/jonahmicahinguito/dev/rotaract-connect/node_modules/expo-file-system/ios/Legacy/EXSessionTasks/EXSessionTaskDelegate.m -o /Users/jonahmicahinguito/Library/Developer/Xcode/DerivedData/rotaractconnect-cjwcbdlngckcsaantafkjnfzfbdk/Build/Intermediates.noindex/Pods.build/Debug-iphoneos/ExpoFileSystem.build/Objects-normal/arm64/EXSessionTaskDelegate.o -index-unit-output-path /Pods.build/Debug-iphoneos/ExpoFileSystem.build/Objects-normal/arm64/EXSessionTaskDelegate.o

In file included from /Users/jonahmicahinguito/dev/rotaract-connect/node_modules/expo-file-system/ios/Legacy/EXSessionTasks/EXSessionTaskDelegate.m:3:
/Users/jonahmicahinguito/dev/rotaract-connect/node_modules/expo-file-system/ios/Legacy/EXSessionTasks/EXSessionTaskDelegate.h:8:41: warning: block pointer is missing a nullability type specifier (_Nonnull, _Nullable, or _Null_unspecified) [-Wnullability-completeness]
    8 | @property (nonatomic, strong, readonly) EXPromiseResolveBlock resolve;
      |                                         ^
/Users/jonahmicahinguito/dev/rotaract-connect/node_modules/expo-file-system/ios/Legacy/EXSessionTasks/EXSessionTaskDelegate.h:8:41: note: insert '_Nullable' if the block pointer may be null
    8 | @property (nonatomic, strong, readonly) EXPromiseResolveBlock resolve;
      |                                         ^
      |                                                               _Nullable
/Users/jonahmicahinguito/dev/rotaract-connect/node_modules/expo-file-system/ios/Legacy/EXSessionTasks/EXSessionTaskDelegate.h:8:41: note: insert '_Nonnull' if the block pointer should never be null
    8 | @property (nonatomic, strong, readonly) EXPromiseResolveBlock resolve;
      |                                         ^
      |                                                               _Nonnull
/Users/jonahmicahinguito/dev/rotaract-connect/node_modules/expo-file-system/ios/Legacy/EXSessionTasks/EXSessionTaskDelegate.h:11:42: warning: block pointer is missing a nullability type specifier (_Nonnull, _Nullable, or _Null_unspecified) [-Wnullability-completeness]
   11 | - (nonnull instancetype)initWithResolve:(EXPromiseResolveBlock)resolve
      |                                          ^
/Users/jonahmicahinguito/dev/rotaract-connect/node_modules/expo-file-system/ios/Legacy/EXSessionTasks/EXSessionTaskDelegate.h:11:42: note: insert '_Nullable' if the block pointer may be null
   11 | - (nonnull instancetype)initWithResolve:(EXPromiseResolveBlock)resolve
      |                                          ^                    
      |                                                                _Nullable 
/Users/jonahmicahinguito/dev/rotaract-connect/node_modules/expo-file-system/ios/Legacy/EXSessionTasks/EXSessionTaskDelegate.h:11:42: note: insert '_Nonnull' if the block pointer should never be null
   11 | - (nonnull instancetype)initWithResolve:(EXPromiseResolveBlock)resolve
      |                                          ^                    
      |                                                                _Nonnull 
/Users/jonahmicahinguito/dev/rotaract-connect/node_modules/expo-file-system/ios/Legacy/EXSessionTasks/EXSessionTaskDelegate.h:12:42: warning: block pointer is missing a nullability type specifier (_Nonnull, _Nullable, or _Null_unspecified) [-Wnullability-completeness]
   12 |                                  reject:(EXPromiseRejectBlock)reject;
      |                                          ^
/Users/jonahmicahinguito/dev/rotaract-connect/node_modules/expo-file-system/ios/Legacy/EXSessionTasks/EXSessionTaskDelegate.h:12:42: note: insert '_Nullable' if the block pointer may be null
   12 |                                  reject:(EXPromiseRejectBlock)reject;
      |                                          ^                   
      |                                                               _Nullable 
/Users/jonahmicahinguito/dev/rotaract-connect/node_modules/expo-file-system/ios/Legacy/EXSessionTasks/EXSessionTaskDelegate.h:12:42: note: insert '_Nonnull' if the block pointer should never be null
   12 |                                  reject:(EXPromiseRejectBlock)reject;
      |                                          ^                   
      |                                                               _Nonnull 
/Users/jonahmicahinguito/dev/rotaract-connect/node_modules/expo-file-system/ios/Legacy/EXSessionTasks/EXSessionTaskDelegate.h:14:34: warning: pointer is missing a nullability type specifier (_Nonnull, _Nullable, or _Null_unspecified) [-Wnullability-completeness]
   14 | - (void)URLSession:(NSURLSession *)session downloadTask:(NSURLSessionDownloadTask *)downloadTask didFinishDownloadingToURL:(NSURL *)location;
      |                                  ^
/Users/jonahmicahinguito/dev/rotaract-connect/node_modules/expo-file-system/ios/Legacy/EXSessionTasks/EXSessionTaskDelegate.h:14:34: note: insert '_Nullable' if the pointer may be null
   14 | - (void)URLSession:(NSURLSession *)session downloadTask:(NSURLSessionDownloadTask *)downloadTask didFinishDownloadingToURL:(NSURL *)location;
      |                                  ^
      |                                   _Nullable
/Users/jonahmicahinguito/dev/rotaract-connect/node_modules/expo-file-system/ios/Legacy/EXSessionTasks/EXSessionTaskDelegate.h:14:34: note: insert '_Nonnull' if the pointer should never be null
   14 | - (void)URLSession:(NSURLSession *)session downloadTask:(NSURLSessionDownloadTask *)downloadTask didFinishDownloadingToURL:(NSURL *)location;
      |                                  ^
      |                                   _Nonnull
/Users/jonahmicahinguito/dev/rotaract-connect/node_modules/expo-file-system/ios/Legacy/EXSessionTasks/EXSessionTaskDelegate.h:14:83: warning: pointer is missing a nullability type specifier (_Nonnull, _Nullable, or _Null_unspecified) [-Wnullability-completeness]
   14 | - (void)URLSession:(NSURLSession *)session downloadTask:(NSURLSessionDownloadTask *)downloadTask didFinishDownloadingToURL:(NSURL *)location;
      |                                                                                   ^
/Users/jonahmicahinguito/dev/rotaract-connect/node_modules/expo-file-system/ios/Legacy/EXSessionTasks/EXSessionTaskDelegate.h:14:83: note: insert '_Nullable' if the pointer may be null
   14 | - (void)URLSession:(NSURLSession *)session downloadTask:(NSURLSessionDownloadTask *)downloadTask didFinishDownloadingToURL:(NSURL *)location;
      |                                                                                   ^
      |                                                                                    _Nullable
/Users/jonahmicahinguito/dev/rotaract-connect/node_modules/expo-file-system/ios/Legacy/EXSessionTasks/EXSessionTaskDelegate.h:14:83: note: insert '_Nonnull' if the pointer should never be null
   14 | - (void)URLSession:(NSURLSession *)session downloadTask:(NSURLSessionDownloadTask *)downloadTask didFinishDownloadingToURL:(NSURL *)location;
      |                                                                                   ^
      |                                                                                    _Nonnull
/Users/jonahmicahinguito/dev/rotaract-connect/node_modules/expo-file-system/ios/Legacy/EXSessionTasks/EXSessionTaskDelegate.h:14:131: warning: pointer is missing a nullability type specifier (_Nonnull, _Nullable, or _Null_unspecified) [-Wnullability-completeness]
   14 | - (void)URLSession:(NSURLSession *)session downloadTask:(NSURLSessionDownloadTask *)downloadTask didFinishDownloadingToURL:(NSURL *)location;
      |                                                                                                                                   ^
/Users/jonahmicahinguito/dev/rotaract-connect/node_modules/expo-file-system/ios/Legacy/EXSessionTasks/EXSessionTaskDelegate.h:14:131: note: insert '_Nullable' if the pointer may be null
   14 | - (void)URLSession:(NSURLSession *)session downloadTask:(NSURLSessionDownloadTask *)downloadTask didFinishDownloadingToURL:(NSURL *)location;
      |                                                                                                                                   ^
      |                                                                                                                                    _Nullable
/Users/jonahmicahinguito/dev/rotaract-connect/node_modules/expo-file-system/ios/Legacy/EXSessionTasks/EXSessionTaskDelegate.h:14:131: note: insert '_Nonnull' if the pointer should never be null
   14 | - (void)URLSession:(NSURLSession *)session downloadTask:(NSURLSessionDownloadTask *)downloadTask didFinishDownloadingToURL:(NSURL *)location;
      |                                                                                                                                   ^
      |                                                                                                                                    _Nonnull
/Users/jonahmicahinguito/dev/rotaract-connect/node_modules/expo-file-system/ios/Legacy/EXSessionTasks/EXSessionTaskDelegate.h:16:34: warning: pointer is missing a nullability type specifier (_Nonnull, _Nullable, or _Null_unspecified) [-Wnullability-completeness]
   16 | - (void)URLSession:(NSURLSession *)session task:(NSURLSessionTask *)task didCompleteWithError:(NSError *)error;
      |                                  ^
/Users/jonahmicahinguito/dev/rotaract-connect/node_modules/expo-file-system/ios/Legacy/EXSessionTasks/EXSessionTaskDelegate.h:16:34: note: insert '_Nullable' if the pointer may be null
   16 | - (void)URLSession:(NSURLSession *)session task:(NSURLSessionTask *)task didCompleteWithError:(NSError *)error;
      |                                  ^
      |                                   _Nullable
/Users/jonahmicahinguito/dev/rotaract-connect/node_modules/expo-file-system/ios/Legacy/EXSessionTasks/EXSessionTaskDelegate.h:16:34: note: insert '_Nonnull' if the pointer should never be null
   16 | - (void)URLSession:(NSURLSession *)session task:(NSURLSessionTask *)task didCompleteWithError:(NSError *)error;
      |                                  ^
      |                                   _Nonnull
/Users/jonahmicahinguito/dev/rotaract-connect/node_modules/expo-file-system/ios/Legacy/EXSessionTasks/EXSessionTaskDelegate.h:16:67: warning: pointer is missing a nullability type specifier (_Nonnull, _Nullable, or _Null_unspecified) [-Wnullability-completeness]
   16 | - (void)URLSession:(NSURLSession *)session task:(NSURLSessionTask *)task didCompleteWithError:(NSError *)error;
      |                                                                   ^
/Users/jonahmicahinguito/dev/rotaract-connect/node_modules/expo-file-system/ios/Legacy/EXSessionTasks/EXSessionTaskDelegate.h:16:67: note: insert '_Nullable' if the pointer may be null
   16 | - (void)URLSession:(NSURLSession *)session task:(NSURLSessionTask *)task didCompleteWithError:(NSError *)error;
      |                                                                   ^
      |                                                                    _Nullable
/Users/jonahmicahinguito/dev/rotaract-connect/node_modules/expo-file-system/ios/Legacy/EXSessionTasks/EXSessionTaskDelegate.h:16:67: note: insert '_Nonnull' if the pointer should never be null
   16 | - (void)URLSession:(NSURLSession *)session task:(NSURLSessionTask *)task didCompleteWithError:(NSError *)error;
      |                                                                   ^
      |                                                                    _Nonnull
/Users/jonahmicahinguito/dev/rotaract-connect/node_modules/expo-file-system/ios/Legacy/EXSessionTasks/EXSessionTaskDelegate.h:16:104: warning: pointer is missing a nullability type specifier (_Nonnull, _Nullable, or _Null_unspecified) [-Wnullability-completeness]
   16 | - (void)URLSession:(NSURLSession *)session task:(NSURLSessionTask *)task didCompleteWithError:(NSError *)error;
      |                                                                                                        ^
/Users/jonahmicahinguito/dev/rotaract-connect/node_modules/expo-file-system/ios/Legacy/EXSessionTasks/EXSessionTaskDelegate.h:16:104: note: insert '_Nullable' if the pointer may be null
   16 | - (void)URLSession:(NSURLSession *)session task:(NSURLSessionTask *)task didCompleteWithError:(NSError *)error;
      |                                                                                                        ^
      |                                                                                                         _Nullable
/Users/jonahmicahinguito/dev/rotaract-connect/node_modules/expo-file-system/ios/Legacy/EXSessionTasks/EXSessionTaskDelegate.h:16:104: note: insert '_Nonnull' if the pointer should never be null
   16 | - (void)URLSession:(NSURLSession *)session task:(NSURLSessionTask *)task didCompleteWithError:(NSError *)error;
      |                                                                                                        ^
      |                                                                                                         _Nonnull
/Users/jonahmicahinguito/dev/rotaract-connect/node_modules/expo-file-system/ios/Legacy/EXSessionTasks/EXSessionTaskDelegate.h:18:34: warning: pointer is missing a nullability type specifier (_Nonnull, _Nullable, or _Null_unspecified) [-Wnullability-completeness]
   18 | - (void)URLSession:(NSURLSession *)session downloadTask:(NSURLSessionDownloadTask *)downloadTask
      |                                  ^
/Users/jonahmicahinguito/dev/rotaract-connect/node_modules/expo-file-system/ios/Legacy/EXSessionTasks/EXSessionTaskDelegate.h:18:34: note: insert '_Nullable' if the pointer may be null
   18 | - (void)URLSession:(NSURLSession *)session downloadTask:(NSURLSessionDownloadTask *)downloadTask
      |                                  ^
      |                                   _Nullable
/Users/jonahmicahinguito/dev/rotaract-connect/node_modules/expo-file-system/ios/Legacy/EXSessionTasks/EXSessionTaskDelegate.h:18:34: note: insert '_Nonnull' if the pointer should never be null
   18 | - (void)URLSession:(NSURLSession *)session downloadTask:(NSURLSessionDownloadTask *)downloadTask
      |                                  ^
      |                                   _Nonnull
/Users/jonahmicahinguito/dev/rotaract-connect/node_modules/expo-file-system/ios/Legacy/EXSessionTasks/EXSessionTaskDelegate.h:18:83: warning: pointer is missing a nullability type specifier (_Nonnull, _Nullable, or _Null_unspecified) [-Wnullability-completeness]
   18 | - (void)URLSession:(NSURLSession *)session downloadTask:(NSURLSessionDownloadTask *)downloadTask
      |                                                                                   ^
/Users/jonahmicahinguito/dev/rotaract-connect/node_modules/expo-file-system/ios/Legacy/EXSessionTasks/EXSessionTaskDelegate.h:18:83: note: insert '_Nullable' if the pointer may be null
   18 | - (void)URLSession:(NSURLSession *)session downloadTask:(NSURLSessionDownloadTask *)downloadTask
      |                                                                                   ^
      |                                                                                    _Nullable
/Users/jonahmicahinguito/dev/rotaract-connect/node_modules/expo-file-system/ios/Legacy/EXSessionTasks/EXSessionTaskDelegate.h:18:83: note: insert '_Nonnull' if the pointer should never be null
   18 | - (void)URLSession:(NSURLSession *)session downloadTask:(NSURLSessionDownloadTask *)downloadTask
      |                                                                                   ^
      |                                                                                    _Nonnull
/Users/jonahmicahinguito/dev/rotaract-connect/node_modules/expo-file-system/ios/Legacy/EXSessionTasks/EXSessionTaskDelegate.h:23:34: warning: pointer is missing a nullability type specifier (_Nonnull, _Nullable, or _Null_unspecified) [-Wnullability-completeness]
   23 | - (void)URLSession:(NSURLSession *)session dataTask:(NSURLSessionDataTask *)dataTask didReceiveData:(NSData *)data;
      |                                  ^
/Users/jonahmicahinguito/dev/rotaract-connect/node_modules/expo-file-system/ios/Legacy/EXSessionTasks/EXSessionTaskDelegate.h:23:34: note: insert '_Nullable' if the pointer may be null
   23 | - (void)URLSession:(NSURLSession *)session dataTask:(NSURLSessionDataTask *)dataTask didReceiveData:(NSData *)data;
      |                                  ^
      |                                   _Nullable
/Users/jonahmicahinguito/dev/rotaract-connect/node_modules/expo-file-system/ios/Legacy/EXSessionTasks/EXSessionTaskDelegate.h:23:34: note: insert '_Nonnull' if the pointer should never be null
   23 | - (void)URLSession:(NSURLSession *)session dataTask:(NSURLSessionDataTask *)dataTask didReceiveData:(NSData *)data;
      |                                  ^
      |                                   _Nonnull
/Users/jonahmicahinguito/dev/rotaract-connect/node_modules/expo-file-system/ios/Legacy/EXSessionTasks/EXSessionTaskDelegate.h:23:75: warning: pointer is missing a nullability type specifier (_Nonnull, _Nullable, or _Null_unspecified) [-Wnullability-completeness]
   23 | - (void)URLSession:(NSURLSession *)session dataTask:(NSURLSessionDataTask *)dataTask didReceiveData:(NSData *)data;
      |                                                                           ^
/Users/jonahmicahinguito/dev/rotaract-connect/node_modules/expo-file-system/ios/Legacy/EXSessionTasks/EXSessionTaskDelegate.h:23:75: note: insert '_Nullable' if the pointer may be null
   23 | - (void)URLSession:(NSURLSession *)session dataTask:(NSURLSessionDataTask *)dataTask didReceiveData:(NSData *)data;
      |                                                                           ^
      |                                                                            _Nullable
/Users/jonahmicahinguito/dev/rotaract-connect/node_modules/expo-file-system/ios/Legacy/EXSessionTasks/EXSessionTaskDelegate.h:23:75: note: insert '_Nonnull' if the pointer should never be null
   23 | - (void)URLSession:(NSURLSession *)session dataTask:(NSURLSessionDataTask *)dataTask didReceiveData:(NSData *)data;
      |                                                                           ^
      |                                                                            _Nonnull
/Users/jonahmicahinguito/dev/rotaract-connect/node_modules/expo-file-system/ios/Legacy/EXSessionTasks/EXSessionTaskDelegate.h:23:109: warning: pointer is missing a nullability type specifier (_Nonnull, _Nullable, or _Null_unspecified) [-Wnullability-completeness]
   23 | - (void)URLSession:(NSURLSession *)session dataTask:(NSURLSessionDataTask *)dataTask didReceiveData:(NSData *)data;
      |                                                                                                             ^
/Users/jonahmicahinguito/dev/rotaract-connect/node_modules/expo-file-system/ios/Legacy/EXSessionTasks/EXSessionTaskDelegate.h:23:109: note: insert '_Nullable' if the pointer may be null
   23 | - (void)URLSession:(NSURLSession *)session dataTask:(NSURLSessionDataTask *)dataTask didReceiveData:(NSData *)data;
      |                                                                                                             ^
      |                                                                                                              _Nullable
/Users/jonahmicahinguito/dev/rotaract-connect/node_modules/expo-file-system/ios/Legacy/EXSessionTasks/EXSessionTaskDelegate.h:23:109: note: insert '_Nonnull' if the pointer should never be null
   23 | - (void)URLSession:(NSURLSession *)session dataTask:(NSURLSessionDataTask *)dataTask didReceiveData:(NSData *)data;
      |                                                                                                             ^
      |                                                                                                              _Nonnull
/Users/jonahmicahinguito/dev/rotaract-connect/node_modules/expo-file-system/ios/Legacy/EXSessionTasks/EXSessionTaskDelegate.h:25:34: warning: pointer is missing a nullability type specifier (_Nonnull, _Nullable, or _Null_unspecified) [-Wnullability-completeness]
   25 | - (void)URLSession:(NSURLSession *)session task:(NSURLSessionTask *)task
      |                                  ^
/Users/jonahmicahinguito/dev/rotaract-connect/node_modules/expo-file-system/ios/Legacy/EXSessionTasks/EXSessionTaskDelegate.h:25:34: note: insert '_Nullable' if the pointer may be null
   25 | - (void)URLSession:(NSURLSession *)session task:(NSURLSessionTask *)task
      |                                  ^
      |                                   _Nullable
/Users/jonahmicahinguito/dev/rotaract-connect/node_modules/expo-file-system/ios/Legacy/EXSessionTasks/EXSessionTaskDelegate.h:25:34: note: insert '_Nonnull' if the pointer should never be null
   25 | - (void)URLSession:(NSURLSession *)session task:(NSURLSessionTask *)task
      |                                  ^
      |                                   _Nonnull
/Users/jonahmicahinguito/dev/rotaract-connect/node_modules/expo-file-system/ios/Legacy/EXSessionTasks/EXSessionTaskDelegate.h:25:67: warning: pointer is missing a nullability type specifier (_Nonnull, _Nullable, or _Null_unspecified) [-Wnullability-completeness]
   25 | - (void)URLSession:(NSURLSession *)session task:(NSURLSessionTask *)task
      |                                                                   ^
/Users/jonahmicahinguito/dev/rotaract-connect/node_modules/expo-file-system/ios/Legacy/EXSessionTasks/EXSessionTaskDelegate.h:25:67: note: insert '_Nullable' if the pointer may be null
   25 | - (void)URLSession:(NSURLSession *)session task:(NSURLSessionTask *)task
      |                                                                   ^
      |                                                                    _Nullable
/Users/jonahmicahinguito/dev/rotaract-connect/node_modules/expo-file-system/ios/Legacy/EXSessionTasks/EXSessionTaskDelegate.h:25:67: note: insert '_Nonnull' if the pointer should never be null
   25 | - (void)URLSession:(NSURLSession *)session task:(NSURLSessionTask *)task
      |                                                                   ^
      |                                                                    _Nonnull
/Users/jonahmicahinguito/dev/rotaract-connect/node_modules/expo-file-system/ios/Legacy/EXSessionTasks/EXSessionTaskDelegate.h:30:17: warning: pointer is missing a nullability type specifier (_Nonnull, _Nullable, or _Null_unspecified) [-Wnullability-completeness]
   30 | - (NSDictionary *)parseServerResponse:(NSURLResponse *)response;
      |                 ^
/Users/jonahmicahinguito/dev/rotaract-connect/node_modules/expo-file-system/ios/Legacy/EXSessionTasks/EXSessionTaskDelegate.h:30:17: note: insert '_Nullable' if the pointer may be null
   30 | - (NSDictionary *)parseServerResponse:(NSURLResponse *)response;
      |                 ^
      |                  _Nullable
/Users/jonahmicahinguito/dev/rotaract-connect/node_modules/expo-file-system/ios/Legacy/EXSessionTasks/EXSessionTaskDelegate.h:30:17: note: insert '_Nonnull' if the pointer should never be null
   30 | - (NSDictionary *)parseServerResponse:(NSURLResponse *)response;
      |                 ^
      |                  _Nonnull
/Users/jonahmicahinguito/dev/rotaract-connect/node_modules/expo-file-system/ios/Legacy/EXSessionTasks/EXSessionTaskDelegate.h:30:54: warning: pointer is missing a nullability type specifier (_Nonnull, _Nullable, or _Null_unspecified) [-Wnullability-completeness]
   30 | - (NSDictionary *)parseServerResponse:(NSURLResponse *)response;
      |                                                      ^
/Users/jonahmicahinguito/dev/rotaract-connect/node_modules/expo-file-system/ios/Legacy/EXSessionTasks/EXSessionTaskDelegate.h:30:54: note: insert '_Nullable' if the pointer may be null
   30 | - (NSDictionary *)parseServerResponse:(NSURLResponse *)response;
      |                                                      ^
      |                                                       _Nullable
/Users/jonahmicahinguito/dev/rotaract-connect/node_modules/expo-file-system/ios/Legacy/EXSessionTasks/EXSessionTaskDelegate.h:30:54: note: insert '_Nonnull' if the pointer should never be null
   30 | - (NSDictionary *)parseServerResponse:(NSURLResponse *)response;
      |                                                      ^
      |                                                       _Nonnull
18 warnings generated.

/Users/jonahmicahinguito/dev/rotaract-connect/node_modules/expo-file-system/ios/Legacy/EXSessionTasks/EXSessionTaskDelegate.h:8:41: Block pointer is missing a nullability type specifier (_Nonnull, _Nullable, or _Null_unspecified)

/Users/jonahmicahinguito/dev/rotaract-connect/node_modules/expo-file-system/ios/Legacy/EXSessionTasks/EXSessionTaskDelegate.h:11:42: Block pointer is missing a nullability type specifier (_Nonnull, _Nullable, or _Null_unspecified)

/Users/jonahmicahinguito/dev/rotaract-connect/node_modules/expo-file-system/ios/Legacy/EXSessionTasks/EXSessionTaskDelegate.h:12:42: Block pointer is missing a nullability type specifier (_Nonnull, _Nullable, or _Null_unspecified)

/Users/jonahmicahinguito/dev/rotaract-connect/node_modules/expo-file-system/ios/Legacy/EXSessionTasks/EXSessionTaskDelegate.h:14:34: Pointer is missing a nullability type specifier (_Nonnull, _Nullable, or _Null_unspecified)

/Users/jonahmicahinguito/dev/rotaract-connect/node_modules/expo-file-system/ios/Legacy/EXSessionTasks/EXSessionTaskDelegate.h:14:83: Pointer is missing a nullability type specifier (_Nonnull, _Nullable, or _Null_unspecified)

/Users/jonahmicahinguito/dev/rotaract-connect/node_modules/expo-file-system/ios/Legacy/EXSessionTasks/EXSessionTaskDelegate.h:14:131: Pointer is missing a nullability type specifier (_Nonnull, _Nullable, or _Null_unspecified)

/Users/jonahmicahinguito/dev/rotaract-connect/node_modules/expo-file-system/ios/Legacy/EXSessionTasks/EXSessionTaskDelegate.h:16:34: Pointer is missing a nullability type specifier (_Nonnull, _Nullable, or _Null_unspecified)

/Users/jonahmicahinguito/dev/rotaract-connect/node_modules/expo-file-system/ios/Legacy/EXSessionTasks/EXSessionTaskDelegate.h:16:67: Pointer is missing a nullability type specifier (_Nonnull, _Nullable, or _Null_unspecified)

/Users/jonahmicahinguito/dev/rotaract-connect/node_modules/expo-file-system/ios/Legacy/EXSessionTasks/EXSessionTaskDelegate.h:16:104: Pointer is missing a nullability type specifier (_Nonnull, _Nullable, or _Null_unspecified)

/Users/jonahmicahinguito/dev/rotaract-connect/node_modules/expo-file-system/ios/Legacy/EXSessionTasks/EXSessionTaskDelegate.h:18:34: Pointer is missing a nullability type specifier (_Nonnull, _Nullable, or _Null_unspecified)

/Users/jonahmicahinguito/dev/rotaract-connect/node_modules/expo-file-system/ios/Legacy/EXSessionTasks/EXSessionTaskDelegate.h:18:83: Pointer is missing a nullability type specifier (_Nonnull, _Nullable, or _Null_unspecified)

/Users/jonahmicahinguito/dev/rotaract-connect/node_modules/expo-file-system/ios/Legacy/EXSessionTasks/EXSessionTaskDelegate.h:23:34: Pointer is missing a nullability type specifier (_Nonnull, _Nullable, or _Null_unspecified)

/Users/jonahmicahinguito/dev/rotaract-connect/node_modules/expo-file-system/ios/Legacy/EXSessionTasks/EXSessionTaskDelegate.h:23:75: Pointer is missing a nullability type specifier (_Nonnull, _Nullable, or _Null_unspecified)

/Users/jonahmicahinguito/dev/rotaract-connect/node_modules/expo-file-system/ios/Legacy/EXSessionTasks/EXSessionTaskDelegate.h:23:109: Pointer is missing a nullability type specifier (_Nonnull, _Nullable, or _Null_unspecified)

/Users/jonahmicahinguito/dev/rotaract-connect/node_modules/expo-file-system/ios/Legacy/EXSessionTasks/EXSessionTaskDelegate.h:25:34: Pointer is missing a nullability type specifier (_Nonnull, _Nullable, or _Null_unspecified)

/Users/jonahmicahinguito/dev/rotaract-connect/node_modules/expo-file-system/ios/Legacy/EXSessionTasks/EXSessionTaskDelegate.h:25:67: Pointer is missing a nullability type specifier (_Nonnull, _Nullable, or _Null_unspecified)

/Users/jonahmicahinguito/dev/rotaract-connect/node_modules/expo-file-system/ios/Legacy/EXSessionTasks/EXSessionTaskDelegate.h:30:17: Pointer is missing a nullability type specifier (_Nonnull, _Nullable, or _Null_unspecified)

/Users/jonahmicahinguito/dev/rotaract-connect/node_modules/expo-file-system/ios/Legacy/EXSessionTasks/EXSessionTaskDelegate.h:30:54: Pointer is missing a nullability type specifier (_Nonnull, _Nullable, or _Null_unspecified)

CompileC /Users/jonahmicahinguito/Library/Developer/Xcode/DerivedData/rotaractconnect-cjwcbdlngckcsaantafkjnfzfbdk/Build/Intermediates.noindex/Pods.build/Debug-iphoneos/ExpoFileSystem.build/Objects-normal/arm64/NSData+EXFileSystem.o /Users/jonahmicahinguito/dev/rotaract-connect/node_modules/expo-file-system/ios/Legacy/NSData+EXFileSystem.m normal arm64 objective-c com.apple.compilers.llvm.clang.1_0.compiler (in target 'ExpoFileSystem' from project 'Pods')
    cd /Users/jonahmicahinguito/dev/rotaract-connect/ios/Pods
    
    Using response file: /Users/jonahmicahinguito/Library/Developer/Xcode/DerivedData/rotaractconnect-cjwcbdlngckcsaantafkjnfzfbdk/Build/Intermediates.noindex/Pods.build/Debug-iphoneos/ExpoFileSystem.build/Objects-normal/arm64/e6072d4f65d7061329687fe24e3d63a7-common-args.resp
    
    /Applications/Xcode.app/Contents/Developer/Toolchains/XcodeDefault.xctoolchain/usr/bin/clang -x objective-c -ivfsstatcache /Users/jonahmicahinguito/Library/Developer/Xcode/DerivedData/SDKStatCaches.noindex/iphoneos26.5-23F81a-32daed1954a7d5dd0789fcaf2a9bb78b.sdkstatcache -target arm64-apple-ios16.4 -fmessage-length\=0 -fdiagnostics-show-note-include-stack -fmacro-backtrace-limit\=0 -fno-color-diagnostics -fmodules-prune-interval\=86400 -fmodules-prune-after\=345600 -fbuild-session-file\=/Users/jonahmicahinguito/Library/Developer/Xcode/DerivedData/ModuleCache.noindex/Session.modulevalidation -fmodules-validate-once-per-build-session -Wnon-modular-include-in-framework-module -Werror\=non-modular-include-in-framework-module -Wno-trigraphs -Wno-missing-field-initializers -Wno-missing-prototypes -Werror\=return-type -Wdocumentation -Wunreachable-code -Wno-implicit-atomic-properties -Werror\=deprecated-objc-isa-usage -Wno-objc-interface-ivars -Werror\=objc-root-class -Wno-arc-repeated-use-of-weak -Wimplicit-retain-self -Wduplicate-method-match -Wno-missing-braces -Wparentheses -Wswitch -Wunused-function -Wno-unused-label -Wno-unused-parameter -Wunused-variable -Wunused-value -Wempty-body -Wuninitialized -Wconditional-uninitialized -Wno-unknown-pragmas -Wno-shadow -Wno-four-char-constants -Wno-conversion -Wconstant-conversion -Wint-conversion -Wbool-conversion -Wenum-conversion -Wno-float-conversion -Wnon-literal-null-conversion -Wobjc-literal-conversion -Wshorten-64-to-32 -Wpointer-sign -Wno-newline-eof -Wno-selector -Wno-strict-selector-match -Wundeclared-selector -Wdeprecated-implementations -Wno-implicit-fallthrough -isysroot /Applications/Xcode.app/Contents/Developer/Platforms/iPhoneOS.platform/Developer/SDKs/iPhoneOS26.5.sdk -fstrict-aliasing -Wprotocol -Wdeprecated-declarations -Wno-sign-conversion -Winfinite-recursion -Wcomma -Wblock-capture-autoreleasing -Wstrict-prototypes -Wno-semicolon-before-method-body -Wunguarded-availability -index-store-path /Users/jonahmicahinguito/Library/Developer/Xcode/DerivedData/rotaractconnect-cjwcbdlngckcsaantafkjnfzfbdk/Index.noindex/DataStore @/Users/jonahmicahinguito/Library/Developer/Xcode/DerivedData/rotaractconnect-cjwcbdlngckcsaantafkjnfzfbdk/Build/Intermediates.noindex/Pods.build/Debug-iphoneos/ExpoFileSystem.build/Objects-normal/arm64/e6072d4f65d7061329687fe24e3d63a7-common-args.resp -include /Users/jonahmicahinguito/dev/rotaract-connect/ios/Pods/Target\ Support\ Files/ExpoFileSystem/ExpoFileSystem-prefix.pch -MMD -MT dependencies -MF /Users/jonahmicahinguito/Library/Developer/Xcode/DerivedData/rotaractconnect-cjwcbdlngckcsaantafkjnfzfbdk/Build/Intermediates.noindex/Pods.build/Debug-iphoneos/ExpoFileSystem.build/Objects-normal/arm64/NSData+EXFileSystem.d --serialize-diagnostics /Users/jonahmicahinguito/Library/Developer/Xcode/DerivedData/rotaractconnect-cjwcbdlngckcsaantafkjnfzfbdk/Build/Intermediates.noindex/Pods.build/Debug-iphoneos/ExpoFileSystem.build/Objects-normal/arm64/NSData+EXFileSystem.dia -c /Users/jonahmicahinguito/dev/rotaract-connect/node_modules/expo-file-system/ios/Legacy/NSData+EXFileSystem.m -o /Users/jonahmicahinguito/Library/Developer/Xcode/DerivedData/rotaractconnect-cjwcbdlngckcsaantafkjnfzfbdk/Build/Intermediates.noindex/Pods.build/Debug-iphoneos/ExpoFileSystem.build/Objects-normal/arm64/NSData+EXFileSystem.o -index-unit-output-path /Pods.build/Debug-iphoneos/ExpoFileSystem.build/Objects-normal/arm64/NSData+EXFileSystem.o

/Users/jonahmicahinguito/dev/rotaract-connect/node_modules/expo-file-system/ios/Legacy/NSData+EXFileSystem.m:11:3: warning: 'CC_MD5' is deprecated: first deprecated in iOS 13.0 - This function is cryptographically broken and should not be used in security contexts. Clients should migrate to SHA256 (or stronger). [-Wdeprecated-declarations]
   11 |   CC_MD5(self.bytes, (CC_LONG) self.length, digest);
      |   ^
In module 'CommonCrypto' imported from /Users/jonahmicahinguito/dev/rotaract-connect/node_modules/expo-file-system/ios/Legacy/NSData+EXFileSystem.m:4:
/Applications/Xcode.app/Contents/Developer/Platforms/iPhoneOS.platform/Developer/SDKs/iPhoneOS26.5.sdk/usr/include/CommonCrypto/CommonDigest.h:142:23: note: 'CC_MD5' has been explicitly marked deprecated here
  142 | extern unsigned char *CC_MD5(const void *data, CC_LONG len, unsigned char *md)
      |                       ^
1 warning generated.

/Users/jonahmicahinguito/dev/rotaract-connect/node_modules/expo-file-system/ios/Legacy/NSData+EXFileSystem.m:11:3: 'CC_MD5' is deprecated: first deprecated in iOS 13.0 - This function is cryptographically broken and should not be used in security contexts. Clients should migrate to SHA256 (or stronger).

CompileC /Users/jonahmicahinguito/Library/Developer/Xcode/DerivedData/rotaractconnect-cjwcbdlngckcsaantafkjnfzfbdk/Build/Intermediates.noindex/Pods.build/Debug-iphoneos/ExpoFileSystem.build/Objects-normal/arm64/EXSessionResumableDownloadTaskDelegate.o /Users/jonahmicahinguito/dev/rotaract-connect/node_modules/expo-file-system/ios/Legacy/EXSessionTasks/EXSessionResumableDownloadTaskDelegate.m normal arm64 objective-c com.apple.compilers.llvm.clang.1_0.compiler (in target 'ExpoFileSystem' from project 'Pods')
    cd /Users/jonahmicahinguito/dev/rotaract-connect/ios/Pods
    
    Using response file: /Users/jonahmicahinguito/Library/Developer/Xcode/DerivedData/rotaractconnect-cjwcbdlngckcsaantafkjnfzfbdk/Build/Intermediates.noindex/Pods.build/Debug-iphoneos/ExpoFileSystem.build/Objects-normal/arm64/e6072d4f65d7061329687fe24e3d63a7-common-args.resp
    
    /Applications/Xcode.app/Contents/Developer/Toolchains/XcodeDefault.xctoolchain/usr/bin/clang -x objective-c -ivfsstatcache /Users/jonahmicahinguito/Library/Developer/Xcode/DerivedData/SDKStatCaches.noindex/iphoneos26.5-23F81a-32daed1954a7d5dd0789fcaf2a9bb78b.sdkstatcache -target arm64-apple-ios16.4 -fmessage-length\=0 -fdiagnostics-show-note-include-stack -fmacro-backtrace-limit\=0 -fno-color-diagnostics -fmodules-prune-interval\=86400 -fmodules-prune-after\=345600 -fbuild-session-file\=/Users/jonahmicahinguito/Library/Developer/Xcode/DerivedData/ModuleCache.noindex/Session.modulevalidation -fmodules-validate-once-per-build-session -Wnon-modular-include-in-framework-module -Werror\=non-modular-include-in-framework-module -Wno-trigraphs -Wno-missing-field-initializers -Wno-missing-prototypes -Werror\=return-type -Wdocumentation -Wunreachable-code -Wno-implicit-atomic-properties -Werror\=deprecated-objc-isa-usage -Wno-objc-interface-ivars -Werror\=objc-root-class -Wno-arc-repeated-use-of-weak -Wimplicit-retain-self -Wduplicate-method-match -Wno-missing-braces -Wparentheses -Wswitch -Wunused-function -Wno-unused-label -Wno-unused-parameter -Wunused-variable -Wunused-value -Wempty-body -Wuninitialized -Wconditional-uninitialized -Wno-unknown-pragmas -Wno-shadow -Wno-four-char-constants -Wno-conversion -Wconstant-conversion -Wint-conversion -Wbool-conversion -Wenum-conversion -Wno-float-conversion -Wnon-literal-null-conversion -Wobjc-literal-conversion -Wshorten-64-to-32 -Wpointer-sign -Wno-newline-eof -Wno-selector -Wno-strict-selector-match -Wundeclared-selector -Wdeprecated-implementations -Wno-implicit-fallthrough -isysroot /Applications/Xcode.app/Contents/Developer/Platforms/iPhoneOS.platform/Developer/SDKs/iPhoneOS26.5.sdk -fstrict-aliasing -Wprotocol -Wdeprecated-declarations -Wno-sign-conversion -Winfinite-recursion -Wcomma -Wblock-capture-autoreleasing -Wstrict-prototypes -Wno-semicolon-before-method-body -Wunguarded-availability -index-store-path /Users/jonahmicahinguito/Library/Developer/Xcode/DerivedData/rotaractconnect-cjwcbdlngckcsaantafkjnfzfbdk/Index.noindex/DataStore @/Users/jonahmicahinguito/Library/Developer/Xcode/DerivedData/rotaractconnect-cjwcbdlngckcsaantafkjnfzfbdk/Build/Intermediates.noindex/Pods.build/Debug-iphoneos/ExpoFileSystem.build/Objects-normal/arm64/e6072d4f65d7061329687fe24e3d63a7-common-args.resp -include /Users/jonahmicahinguito/dev/rotaract-connect/ios/Pods/Target\ Support\ Files/ExpoFileSystem/ExpoFileSystem-prefix.pch -MMD -MT dependencies -MF /Users/jonahmicahinguito/Library/Developer/Xcode/DerivedData/rotaractconnect-cjwcbdlngckcsaantafkjnfzfbdk/Build/Intermediates.noindex/Pods.build/Debug-iphoneos/ExpoFileSystem.build/Objects-normal/arm64/EXSessionResumableDownloadTaskDelegate.d --serialize-diagnostics /Users/jonahmicahinguito/Library/Developer/Xcode/DerivedData/rotaractconnect-cjwcbdlngckcsaantafkjnfzfbdk/Build/Intermediates.noindex/Pods.build/Debug-iphoneos/ExpoFileSystem.build/Objects-normal/arm64/EXSessionResumableDownloadTaskDelegate.dia -c /Users/jonahmicahinguito/dev/rotaract-connect/node_modules/expo-file-system/ios/Legacy/EXSessionTasks/EXSessionResumableDownloadTaskDelegate.m -o /Users/jonahmicahinguito/Library/Developer/Xcode/DerivedData/rotaractconnect-cjwcbdlngckcsaantafkjnfzfbdk/Build/Intermediates.noindex/Pods.build/Debug-iphoneos/ExpoFileSystem.build/Objects-normal/arm64/EXSessionResumableDownloadTaskDelegate.o -index-unit-output-path /Pods.build/Debug-iphoneos/ExpoFileSystem.build/Objects-normal/arm64/EXSessionResumableDownloadTaskDelegate.o

In file included from /Users/jonahmicahinguito/dev/rotaract-connect/node_modules/expo-file-system/ios/Legacy/EXSessionTasks/EXSessionResumableDownloadTaskDelegate.m:3:
In file included from /Users/jonahmicahinguito/dev/rotaract-connect/node_modules/expo-file-system/ios/Legacy/EXSessionTasks/EXSessionResumableDownloadTaskDelegate.h:3:
In file included from /Users/jonahmicahinguito/dev/rotaract-connect/node_modules/expo-file-system/ios/Legacy/EXSessionTasks/EXSessionDownloadTaskDelegate.h:3:
/Users/jonahmicahinguito/dev/rotaract-connect/node_modules/expo-file-system/ios/Legacy/EXSessionTasks/EXSessionTaskDelegate.h:8:41: warning: block pointer is missing a nullability type specifier (_Nonnull, _Nullable, or _Null_unspecified) [-Wnullability-completeness]
    8 | @property (nonatomic, strong, readonly) EXPromiseResolveBlock resolve;
      |                                         ^
/Users/jonahmicahinguito/dev/rotaract-connect/node_modules/expo-file-system/ios/Legacy/EXSessionTasks/EXSessionTaskDelegate.h:8:41: note: insert '_Nullable' if the block pointer may be null
    8 | @property (nonatomic, strong, readonly) EXPromiseResolveBlock resolve;
      |                                         ^
      |                                                               _Nullable
/Users/jonahmicahinguito/dev/rotaract-connect/node_modules/expo-file-system/ios/Legacy/EXSessionTasks/EXSessionTaskDelegate.h:8:41: note: insert '_Nonnull' if the block pointer should never be null
    8 | @property (nonatomic, strong, readonly) EXPromiseResolveBlock resolve;
      |                                         ^
      |                                                               _Nonnull
/Users/jonahmicahinguito/dev/rotaract-connect/node_modules/expo-file-system/ios/Legacy/EXSessionTasks/EXSessionTaskDelegate.h:11:42: warning: block pointer is missing a nullability type specifier (_Nonnull, _Nullable, or _Null_unspecified) [-Wnullability-completeness]
   11 | - (nonnull instancetype)initWithResolve:(EXPromiseResolveBlock)resolve
      |                                          ^
/Users/jonahmicahinguito/dev/rotaract-connect/node_modules/expo-file-system/ios/Legacy/EXSessionTasks/EXSessionTaskDelegate.h:11:42: note: insert '_Nullable' if the block pointer may be null
   11 | - (nonnull instancetype)initWithResolve:(EXPromiseResolveBlock)resolve
      |                                          ^                    
      |                                                                _Nullable 
/Users/jonahmicahinguito/dev/rotaract-connect/node_modules/expo-file-system/ios/Legacy/EXSessionTasks/EXSessionTaskDelegate.h:11:42: note: insert '_Nonnull' if the block pointer should never be null
   11 | - (nonnull instancetype)initWithResolve:(EXPromiseResolveBlock)resolve
      |                                          ^                    
      |                                                                _Nonnull 
/Users/jonahmicahinguito/dev/rotaract-connect/node_modules/expo-file-system/ios/Legacy/EXSessionTasks/EXSessionTaskDelegate.h:12:42: warning: block pointer is missing a nullability type specifier (_Nonnull, _Nullable, or _Null_unspecified) [-Wnullability-completeness]
   12 |                                  reject:(EXPromiseRejectBlock)reject;
      |                                          ^
/Users/jonahmicahinguito/dev/rotaract-connect/node_modules/expo-file-system/ios/Legacy/EXSessionTasks/EXSessionTaskDelegate.h:12:42: note: insert '_Nullable' if the block pointer may be null
   12 |                                  reject:(EXPromiseRejectBlock)reject;
      |                                          ^                   
      |                                                               _Nullable 
/Users/jonahmicahinguito/dev/rotaract-connect/node_modules/expo-file-system/ios/Legacy/EXSessionTasks/EXSessionTaskDelegate.h:12:42: note: insert '_Nonnull' if the block pointer should never be null
   12 |                                  reject:(EXPromiseRejectBlock)reject;
      |                                          ^                   
      |                                                               _Nonnull 
/Users/jonahmicahinguito/dev/rotaract-connect/node_modules/expo-file-system/ios/Legacy/EXSessionTasks/EXSessionTaskDelegate.h:14:34: warning: pointer is missing a nullability type specifier (_Nonnull, _Nullable, or _Null_unspecified) [-Wnullability-completeness]
   14 | - (void)URLSession:(NSURLSession *)session downloadTask:(NSURLSessionDownloadTask *)downloadTask didFinishDownloadingToURL:(NSURL *)location;
      |                                  ^
/Users/jonahmicahinguito/dev/rotaract-connect/node_modules/expo-file-system/ios/Legacy/EXSessionTasks/EXSessionTaskDelegate.h:14:34: note: insert '_Nullable' if the pointer may be null
   14 | - (void)URLSession:(NSURLSession *)session downloadTask:(NSURLSessionDownloadTask *)downloadTask didFinishDownloadingToURL:(NSURL *)location;
      |                                  ^
      |                                   _Nullable
/Users/jonahmicahinguito/dev/rotaract-connect/node_modules/expo-file-system/ios/Legacy/EXSessionTasks/EXSessionTaskDelegate.h:14:34: note: insert '_Nonnull' if the pointer should never be null
   14 | - (void)URLSession:(NSURLSession *)session downloadTask:(NSURLSessionDownloadTask *)downloadTask didFinishDownloadingToURL:(NSURL *)location;
      |                                  ^
      |                                   _Nonnull
/Users/jonahmicahinguito/dev/rotaract-connect/node_modules/expo-file-system/ios/Legacy/EXSessionTasks/EXSessionTaskDelegate.h:14:83: warning: pointer is missing a nullability type specifier (_Nonnull, _Nullable, or _Null_unspecified) [-Wnullability-completeness]
   14 | - (void)URLSession:(NSURLSession *)session downloadTask:(NSURLSessionDownloadTask *)downloadTask didFinishDownloadingToURL:(NSURL *)location;
      |                                                                                   ^
/Users/jonahmicahinguito/dev/rotaract-connect/node_modules/expo-file-system/ios/Legacy/EXSessionTasks/EXSessionTaskDelegate.h:14:83: note: insert '_Nullable' if the pointer may be null
   14 | - (void)URLSession:(NSURLSession *)session downloadTask:(NSURLSessionDownloadTask *)downloadTask didFinishDownloadingToURL:(NSURL *)location;
      |                                                                                   ^
      |                                                                                    _Nullable
/Users/jonahmicahinguito/dev/rotaract-connect/node_modules/expo-file-system/ios/Legacy/EXSessionTasks/EXSessionTaskDelegate.h:14:83: note: insert '_Nonnull' if the pointer should never be null
   14 | - (void)URLSession:(NSURLSession *)session downloadTask:(NSURLSessionDownloadTask *)downloadTask didFinishDownloadingToURL:(NSURL *)location;
      |                                                                                   ^
      |                                                                                    _Nonnull
/Users/jonahmicahinguito/dev/rotaract-connect/node_modules/expo-file-system/ios/Legacy/EXSessionTasks/EXSessionTaskDelegate.h:14:131: warning: pointer is missing a nullability type specifier (_Nonnull, _Nullable, or _Null_unspecified) [-Wnullability-completeness]
   14 | - (void)URLSession:(NSURLSession *)session downloadTask:(NSURLSessionDownloadTask *)downloadTask didFinishDownloadingToURL:(NSURL *)location;
      |                                                                                                                                   ^
/Users/jonahmicahinguito/dev/rotaract-connect/node_modules/expo-file-system/ios/Legacy/EXSessionTasks/EXSessionTaskDelegate.h:14:131: note: insert '_Nullable' if the pointer may be null
   14 | - (void)URLSession:(NSURLSession *)session downloadTask:(NSURLSessionDownloadTask *)downloadTask didFinishDownloadingToURL:(NSURL *)location;
      |                                                                                                                                   ^
      |                                                                                                                                    _Nullable
/Users/jonahmicahinguito/dev/rotaract-connect/node_modules/expo-file-system/ios/Legacy/EXSessionTasks/EXSessionTaskDelegate.h:14:131: note: insert '_Nonnull' if the pointer should never be null
   14 | - (void)URLSession:(NSURLSession *)session downloadTask:(NSURLSessionDownloadTask *)downloadTask didFinishDownloadingToURL:(NSURL *)location;
      |                                                                                                                                   ^
      |                                                                                                                                    _Nonnull
/Users/jonahmicahinguito/dev/rotaract-connect/node_modules/expo-file-system/ios/Legacy/EXSessionTasks/EXSessionTaskDelegate.h:16:34: warning: pointer is missing a nullability type specifier (_Nonnull, _Nullable, or _Null_unspecified) [-Wnullability-completeness]
   16 | - (void)URLSession:(NSURLSession *)session task:(NSURLSessionTask *)task didCompleteWithError:(NSError *)error;
      |                                  ^
/Users/jonahmicahinguito/dev/rotaract-connect/node_modules/expo-file-system/ios/Legacy/EXSessionTasks/EXSessionTaskDelegate.h:16:34: note: insert '_Nullable' if the pointer may be null
   16 | - (void)URLSession:(NSURLSession *)session task:(NSURLSessionTask *)task didCompleteWithError:(NSError *)error;
      |                                  ^
      |                                   _Nullable
/Users/jonahmicahinguito/dev/rotaract-connect/node_modules/expo-file-system/ios/Legacy/EXSessionTasks/EXSessionTaskDelegate.h:16:34: note: insert '_Nonnull' if the pointer should never be null
   16 | - (void)URLSession:(NSURLSession *)session task:(NSURLSessionTask *)task didCompleteWithError:(NSError *)error;
      |                                  ^
      |                                   _Nonnull
/Users/jonahmicahinguito/dev/rotaract-connect/node_modules/expo-file-system/ios/Legacy/EXSessionTasks/EXSessionTaskDelegate.h:16:67: warning: pointer is missing a nullability type specifier (_Nonnull, _Nullable, or _Null_unspecified) [-Wnullability-completeness]
   16 | - (void)URLSession:(NSURLSession *)session task:(NSURLSessionTask *)task didCompleteWithError:(NSError *)error;
      |                                                                   ^
/Users/jonahmicahinguito/dev/rotaract-connect/node_modules/expo-file-system/ios/Legacy/EXSessionTasks/EXSessionTaskDelegate.h:16:67: note: insert '_Nullable' if the pointer may be null
   16 | - (void)URLSession:(NSURLSession *)session task:(NSURLSessionTask *)task didCompleteWithError:(NSError *)error;
      |                                                                   ^
      |                                                                    _Nullable
/Users/jonahmicahinguito/dev/rotaract-connect/node_modules/expo-file-system/ios/Legacy/EXSessionTasks/EXSessionTaskDelegate.h:16:67: note: insert '_Nonnull' if the pointer should never be null
   16 | - (void)URLSession:(NSURLSession *)session task:(NSURLSessionTask *)task didCompleteWithError:(NSError *)error;
      |                                                                   ^
      |                                                                    _Nonnull
/Users/jonahmicahinguito/dev/rotaract-connect/node_modules/expo-file-system/ios/Legacy/EXSessionTasks/EXSessionTaskDelegate.h:16:104: warning: pointer is missing a nullability type specifier (_Nonnull, _Nullable, or _Null_unspecified) [-Wnullability-completeness]
   16 | - (void)URLSession:(NSURLSession *)session task:(NSURLSessionTask *)task didCompleteWithError:(NSError *)error;
      |                                                                                                        ^
/Users/jonahmicahinguito/dev/rotaract-connect/node_modules/expo-file-system/ios/Legacy/EXSessionTasks/EXSessionTaskDelegate.h:16:104: note: insert '_Nullable' if the pointer may be null
   16 | - (void)URLSession:(NSURLSession *)session task:(NSURLSessionTask *)task didCompleteWithError:(NSError *)error;
      |                                                                                                        ^
      |                                                                                                         _Nullable
/Users/jonahmicahinguito/dev/rotaract-connect/node_modules/expo-file-system/ios/Legacy/EXSessionTasks/EXSessionTaskDelegate.h:16:104: note: insert '_Nonnull' if the pointer should never be null
   16 | - (void)URLSession:(NSURLSession *)session task:(NSURLSessionTask *)task didCompleteWithError:(NSError *)error;
      |                                                                                                        ^
      |                                                                                                         _Nonnull
/Users/jonahmicahinguito/dev/rotaract-connect/node_modules/expo-file-system/ios/Legacy/EXSessionTasks/EXSessionTaskDelegate.h:18:34: warning: pointer is missing a nullability type specifier (_Nonnull, _Nullable, or _Null_unspecified) [-Wnullability-completeness]
   18 | - (void)URLSession:(NSURLSession *)session downloadTask:(NSURLSessionDownloadTask *)downloadTask
      |                                  ^
/Users/jonahmicahinguito/dev/rotaract-connect/node_modules/expo-file-system/ios/Legacy/EXSessionTasks/EXSessionTaskDelegate.h:18:34: note: insert '_Nullable' if the pointer may be null
   18 | - (void)URLSession:(NSURLSession *)session downloadTask:(NSURLSessionDownloadTask *)downloadTask
      |                                  ^
      |                                   _Nullable
/Users/jonahmicahinguito/dev/rotaract-connect/node_modules/expo-file-system/ios/Legacy/EXSessionTasks/EXSessionTaskDelegate.h:18:34: note: insert '_Nonnull' if the pointer should never be null
   18 | - (void)URLSession:(NSURLSession *)session downloadTask:(NSURLSessionDownloadTask *)downloadTask
      |                                  ^
      |                                   _Nonnull
/Users/jonahmicahinguito/dev/rotaract-connect/node_modules/expo-file-system/ios/Legacy/EXSessionTasks/EXSessionTaskDelegate.h:18:83: warning: pointer is missing a nullability type specifier (_Nonnull, _Nullable, or _Null_unspecified) [-Wnullability-completeness]
   18 | - (void)URLSession:(NSURLSession *)session downloadTask:(NSURLSessionDownloadTask *)downloadTask
      |                                                                                   ^
/Users/jonahmicahinguito/dev/rotaract-connect/node_modules/expo-file-system/ios/Legacy/EXSessionTasks/EXSessionTaskDelegate.h:18:83: note: insert '_Nullable' if the pointer may be null
   18 | - (void)URLSession:(NSURLSession *)session downloadTask:(NSURLSessionDownloadTask *)downloadTask
      |                                                                                   ^
      |                                                                                    _Nullable
/Users/jonahmicahinguito/dev/rotaract-connect/node_modules/expo-file-system/ios/Legacy/EXSessionTasks/EXSessionTaskDelegate.h:18:83: note: insert '_Nonnull' if the pointer should never be null
   18 | - (void)URLSession:(NSURLSession *)session downloadTask:(NSURLSessionDownloadTask *)downloadTask
      |                                                                                   ^
      |                                                                                    _Nonnull
/Users/jonahmicahinguito/dev/rotaract-connect/node_modules/expo-file-system/ios/Legacy/EXSessionTasks/EXSessionTaskDelegate.h:23:34: warning: pointer is missing a nullability type specifier (_Nonnull, _Nullable, or _Null_unspecified) [-Wnullability-completeness]
   23 | - (void)URLSession:(NSURLSession *)session dataTask:(NSURLSessionDataTask *)dataTask didReceiveData:(NSData *)data;
      |                                  ^
/Users/jonahmicahinguito/dev/rotaract-connect/node_modules/expo-file-system/ios/Legacy/EXSessionTasks/EXSessionTaskDelegate.h:23:34: note: insert '_Nullable' if the pointer may be null
   23 | - (void)URLSession:(NSURLSession *)session dataTask:(NSURLSessionDataTask *)dataTask didReceiveData:(NSData *)data;
      |                                  ^
      |                                   _Nullable
/Users/jonahmicahinguito/dev/rotaract-connect/node_modules/expo-file-system/ios/Legacy/EXSessionTasks/EXSessionTaskDelegate.h:23:34: note: insert '_Nonnull' if the pointer should never be null
   23 | - (void)URLSession:(NSURLSession *)session dataTask:(NSURLSessionDataTask *)dataTask didReceiveData:(NSData *)data;
      |                                  ^
      |                                   _Nonnull
/Users/jonahmicahinguito/dev/rotaract-connect/node_modules/expo-file-system/ios/Legacy/EXSessionTasks/EXSessionTaskDelegate.h:23:75: warning: pointer is missing a nullability type specifier (_Nonnull, _Nullable, or _Null_unspecified) [-Wnullability-completeness]
   23 | - (void)URLSession:(NSURLSession *)session dataTask:(NSURLSessionDataTask *)dataTask didReceiveData:(NSData *)data;
      |                                                                           ^
/Users/jonahmicahinguito/dev/rotaract-connect/node_modules/expo-file-system/ios/Legacy/EXSessionTasks/EXSessionTaskDelegate.h:23:75: note: insert '_Nullable' if the pointer may be null
   23 | - (void)URLSession:(NSURLSession *)session dataTask:(NSURLSessionDataTask *)dataTask didReceiveData:(NSData *)data;
      |                                                                           ^
      |                                                                            _Nullable
/Users/jonahmicahinguito/dev/rotaract-connect/node_modules/expo-file-system/ios/Legacy/EXSessionTasks/EXSessionTaskDelegate.h:23:75: note: insert '_Nonnull' if the pointer should never be null
   23 | - (void)URLSession:(NSURLSession *)session dataTask:(NSURLSessionDataTask *)dataTask didReceiveData:(NSData *)data;
      |                                                                           ^
      |                                                                            _Nonnull
/Users/jonahmicahinguito/dev/rotaract-connect/node_modules/expo-file-system/ios/Legacy/EXSessionTasks/EXSessionTaskDelegate.h:23:109: warning: pointer is missing a nullability type specifier (_Nonnull, _Nullable, or _Null_unspecified) [-Wnullability-completeness]
   23 | - (void)URLSession:(NSURLSession *)session dataTask:(NSURLSessionDataTask *)dataTask didReceiveData:(NSData *)data;
      |                                                                                                             ^
/Users/jonahmicahinguito/dev/rotaract-connect/node_modules/expo-file-system/ios/Legacy/EXSessionTasks/EXSessionTaskDelegate.h:23:109: note: insert '_Nullable' if the pointer may be null
   23 | - (void)URLSession:(NSURLSession *)session dataTask:(NSURLSessionDataTask *)dataTask didReceiveData:(NSData *)data;
      |                                                                                                             ^
      |                                                                                                              _Nullable
/Users/jonahmicahinguito/dev/rotaract-connect/node_modules/expo-file-system/ios/Legacy/EXSessionTasks/EXSessionTaskDelegate.h:23:109: note: insert '_Nonnull' if the pointer should never be null
   23 | - (void)URLSession:(NSURLSession *)session dataTask:(NSURLSessionDataTask *)dataTask didReceiveData:(NSData *)data;
      |                                                                                                             ^
      |                                                                                                              _Nonnull
/Users/jonahmicahinguito/dev/rotaract-connect/node_modules/expo-file-system/ios/Legacy/EXSessionTasks/EXSessionTaskDelegate.h:25:34: warning: pointer is missing a nullability type specifier (_Nonnull, _Nullable, or _Null_unspecified) [-Wnullability-completeness]
   25 | - (void)URLSession:(NSURLSession *)session task:(NSURLSessionTask *)task
      |                                  ^
/Users/jonahmicahinguito/dev/rotaract-connect/node_modules/expo-file-system/ios/Legacy/EXSessionTasks/EXSessionTaskDelegate.h:25:34: note: insert '_Nullable' if the pointer may be null
   25 | - (void)URLSession:(NSURLSession *)session task:(NSURLSessionTask *)task
      |                                  ^
      |                                   _Nullable
/Users/jonahmicahinguito/dev/rotaract-connect/node_modules/expo-file-system/ios/Legacy/EXSessionTasks/EXSessionTaskDelegate.h:25:34: note: insert '_Nonnull' if the pointer should never be null
   25 | - (void)URLSession:(NSURLSession *)session task:(NSURLSessionTask *)task
      |                                  ^
      |                                   _Nonnull
/Users/jonahmicahinguito/dev/rotaract-connect/node_modules/expo-file-system/ios/Legacy/EXSessionTasks/EXSessionTaskDelegate.h:25:67: warning: pointer is missing a nullability type specifier (_Nonnull, _Nullable, or _Null_unspecified) [-Wnullability-completeness]
   25 | - (void)URLSession:(NSURLSession *)session task:(NSURLSessionTask *)task
      |                                                                   ^
/Users/jonahmicahinguito/dev/rotaract-connect/node_modules/expo-file-system/ios/Legacy/EXSessionTasks/EXSessionTaskDelegate.h:25:67: note: insert '_Nullable' if the pointer may be null
   25 | - (void)URLSession:(NSURLSession *)session task:(NSURLSessionTask *)task
      |                                                                   ^
      |                                                                    _Nullable
/Users/jonahmicahinguito/dev/rotaract-connect/node_modules/expo-file-system/ios/Legacy/EXSessionTasks/EXSessionTaskDelegate.h:25:67: note: insert '_Nonnull' if the pointer should never be null
   25 | - (void)URLSession:(NSURLSession *)session task:(NSURLSessionTask *)task
      |                                                                   ^
      |                                                                    _Nonnull
/Users/jonahmicahinguito/dev/rotaract-connect/node_modules/expo-file-system/ios/Legacy/EXSessionTasks/EXSessionTaskDelegate.h:30:17: warning: pointer is missing a nullability type specifier (_Nonnull, _Nullable, or _Null_unspecified) [-Wnullability-completeness]
   30 | - (NSDictionary *)parseServerResponse:(NSURLResponse *)response;
      |                 ^
/Users/jonahmicahinguito/dev/rotaract-connect/node_modules/expo-file-system/ios/Legacy/EXSessionTasks/EXSessionTaskDelegate.h:30:17: note: insert '_Nullable' if the pointer may be null
   30 | - (NSDictionary *)parseServerResponse:(NSURLResponse *)response;
      |                 ^
      |                  _Nullable
/Users/jonahmicahinguito/dev/rotaract-connect/node_modules/expo-file-system/ios/Legacy/EXSessionTasks/EXSessionTaskDelegate.h:30:17: note: insert '_Nonnull' if the pointer should never be null
   30 | - (NSDictionary *)parseServerResponse:(NSURLResponse *)response;
      |                 ^
      |                  _Nonnull
/Users/jonahmicahinguito/dev/rotaract-connect/node_modules/expo-file-system/ios/Legacy/EXSessionTasks/EXSessionTaskDelegate.h:30:54: warning: pointer is missing a nullability type specifier (_Nonnull, _Nullable, or _Null_unspecified) [-Wnullability-completeness]
   30 | - (NSDictionary *)parseServerResponse:(NSURLResponse *)response;
      |                                                      ^
/Users/jonahmicahinguito/dev/rotaract-connect/node_modules/expo-file-system/ios/Legacy/EXSessionTasks/EXSessionTaskDelegate.h:30:54: note: insert '_Nullable' if the pointer may be null
   30 | - (NSDictionary *)parseServerResponse:(NSURLResponse *)response;
      |                                                      ^
      |                                                       _Nullable
/Users/jonahmicahinguito/dev/rotaract-connect/node_modules/expo-file-system/ios/Legacy/EXSessionTasks/EXSessionTaskDelegate.h:30:54: note: insert '_Nonnull' if the pointer should never be null
   30 | - (NSDictionary *)parseServerResponse:(NSURLResponse *)response;
      |                                                      ^
      |                                                       _Nonnull
In file included from /Users/jonahmicahinguito/dev/rotaract-connect/node_modules/expo-file-system/ios/Legacy/EXSessionTasks/EXSessionResumableDownloadTaskDelegate.m:3:
In file included from /Users/jonahmicahinguito/dev/rotaract-connect/node_modules/expo-file-system/ios/Legacy/EXSessionTasks/EXSessionResumableDownloadTaskDelegate.h:3:
/Users/jonahmicahinguito/dev/rotaract-connect/node_modules/expo-file-system/ios/Legacy/EXSessionTasks/EXSessionDownloadTaskDelegate.h:7:42: warning: block pointer is missing a nullability type specifier (_Nonnull, _Nullable, or _Null_unspecified) [-Wnullability-completeness]
    7 | - (nonnull instancetype)initWithResolve:(EXPromiseResolveBlock)resolve
      |                                          ^
/Users/jonahmicahinguito/dev/rotaract-connect/node_modules/expo-file-system/ios/Legacy/EXSessionTasks/EXSessionDownloadTaskDelegate.h:7:42: note: insert '_Nullable' if the block pointer may be null
    7 | - (nonnull instancetype)initWithResolve:(EXPromiseResolveBlock)resolve
      |                                          ^                    
      |                                                                _Nullable 
/Users/jonahmicahinguito/dev/rotaract-connect/node_modules/expo-file-system/ios/Legacy/EXSessionTasks/EXSessionDownloadTaskDelegate.h:7:42: note: insert '_Nonnull' if the block pointer should never be null
    7 | - (nonnull instancetype)initWithResolve:(EXPromiseResolveBlock)resolve
      |                                          ^                    
      |                                                                _Nonnull 
/Users/jonahmicahinguito/dev/rotaract-connect/node_modules/expo-file-system/ios/Legacy/EXSessionTasks/EXSessionDownloadTaskDelegate.h:8:42: warning: block pointer is missing a nullability type specifier (_Nonnull, _Nullable, or _Null_unspecified) [-Wnullability-completeness]
    8 |                                  reject:(EXPromiseRejectBlock)reject
      |                                          ^
/Users/jonahmicahinguito/dev/rotaract-connect/node_modules/expo-file-system/ios/Legacy/EXSessionTasks/EXSessionDownloadTaskDelegate.h:8:42: note: insert '_Nullable' if the block pointer may be null
    8 |                                  reject:(EXPromiseRejectBlock)reject
      |                                          ^                   
      |                                                               _Nullable 
/Users/jonahmicahinguito/dev/rotaract-connect/node_modules/expo-file-system/ios/Legacy/EXSessionTasks/EXSessionDownloadTaskDelegate.h:8:42: note: insert '_Nonnull' if the block pointer should never be null
    8 |                                  reject:(EXPromiseRejectBlock)reject
      |                                          ^                   
      |                                                               _Nonnull 
/Users/jonahmicahinguito/dev/rotaract-connect/node_modules/expo-file-system/ios/Legacy/EXSessionTasks/EXSessionDownloadTaskDelegate.h:9:48: warning: pointer is missing a nullability type specifier (_Nonnull, _Nullable, or _Null_unspecified) [-Wnullability-completeness]
    9 |                                localUrl:(NSURL *)localUrl
      |                                                ^
/Users/jonahmicahinguito/dev/rotaract-connect/node_modules/expo-file-system/ios/Legacy/EXSessionTasks/EXSessionDownloadTaskDelegate.h:9:48: note: insert '_Nullable' if the pointer may be null
    9 |                                localUrl:(NSURL *)localUrl
      |                                                ^
      |                                                 _Nullable
/Users/jonahmicahinguito/dev/rotaract-connect/node_modules/expo-file-system/ios/Legacy/EXSessionTasks/EXSessionDownloadTaskDelegate.h:9:48: note: insert '_Nonnull' if the pointer should never be null
    9 |                                localUrl:(NSURL *)localUrl
      |                                                ^
      |                                                 _Nonnull
In file included from /Users/jonahmicahinguito/dev/rotaract-connect/node_modules/expo-file-system/ios/Legacy/EXSessionTasks/EXSessionResumableDownloadTaskDelegate.m:3:
/Users/jonahmicahinguito/dev/rotaract-connect/node_modules/expo-file-system/ios/Legacy/EXSessionTasks/EXSessionResumableDownloadTaskDelegate.h:6:76: warning: pointer is missing a nullability type specifier (_Nonnull, _Nullable, or _Null_unspecified) [-Wnullability-completeness]
    6 | typedef void (^EXDownloadDelegateOnWriteCallback)(NSURLSessionDownloadTask *task, int64_t bytesWritten, int64_t totalBytesWritten, int64_t totalBytesExpectedToWrite);
      |                                                                            ^
/Users/jonahmicahinguito/dev/rotaract-connect/node_modules/expo-file-system/ios/Legacy/EXSessionTasks/EXSessionResumableDownloadTaskDelegate.h:6:76: note: insert '_Nullable' if the pointer may be null
    6 | typedef void (^EXDownloadDelegateOnWriteCallback)(NSURLSessionDownloadTask *task, int64_t bytesWritten, int64_t totalBytesWritten, int64_t totalBytesExpectedToWrite);
      |                                                                            ^
      |                                                                              _Nullable 
/Users/jonahmicahinguito/dev/rotaract-connect/node_modules/expo-file-system/ios/Legacy/EXSessionTasks/EXSessionResumableDownloadTaskDelegate.h:6:76: note: insert '_Nonnull' if the pointer should never be null
    6 | typedef void (^EXDownloadDelegateOnWriteCallback)(NSURLSessionDownloadTask *task, int64_t bytesWritten, int64_t totalBytesWritten, int64_t totalBytesExpectedToWrite);
      |                                                                            ^
      |                                                                              _Nonnull 
/Users/jonahmicahinguito/dev/rotaract-connect/node_modules/expo-file-system/ios/Legacy/EXSessionTasks/EXSessionResumableDownloadTaskDelegate.h:10:42: warning: block pointer is missing a nullability type specifier (_Nonnull, _Nullable, or _Null_unspecified) [-Wnullability-completeness]
   10 | - (nonnull instancetype)initWithResolve:(EXPromiseResolveBlock)resolve
      |                                          ^
/Users/jonahmicahinguito/dev/rotaract-connect/node_modules/expo-file-system/ios/Legacy/EXSessionTasks/EXSessionResumableDownloadTaskDelegate.h:10:42: note: insert '_Nullable' if the block pointer may be null
   10 | - (nonnull instancetype)initWithResolve:(EXPromiseResolveBlock)resolve
      |                                          ^                    
      |                                                                _Nullable 
/Users/jonahmicahinguito/dev/rotaract-connect/node_modules/expo-file-system/ios/Legacy/EXSessionTasks/EXSessionResumableDownloadTaskDelegate.h:10:42: note: insert '_Nonnull' if the block pointer should never be null
   10 | - (nonnull instancetype)initWithResolve:(EXPromiseResolveBlock)resolve
      |                                          ^                    
      |                                                                _Nonnull 
/Users/jonahmicahinguito/dev/rotaract-connect/node_modules/expo-file-system/ios/Legacy/EXSessionTasks/EXSessionResumableDownloadTaskDelegate.h:11:42: warning: block pointer is missing a nullability type specifier (_Nonnull, _Nullable, or _Null_unspecified) [-Wnullability-completeness]
   11 |                                  reject:(EXPromiseRejectBlock)reject
      |                                          ^
/Users/jonahmicahinguito/dev/rotaract-connect/node_modules/expo-file-system/ios/Legacy/EXSessionTasks/EXSessionResumableDownloadTaskDelegate.h:11:42: note: insert '_Nullable' if the block pointer may be null
   11 |                                  reject:(EXPromiseRejectBlock)reject
      |                                          ^                   
      |                                                               _Nullable 
/Users/jonahmicahinguito/dev/rotaract-connect/node_modules/expo-file-system/ios/Legacy/EXSessionTasks/EXSessionResumableDownloadTaskDelegate.h:11:42: note: insert '_Nonnull' if the block pointer should never be null
   11 |                                  reject:(EXPromiseRejectBlock)reject
      |                                          ^                   
      |                                                               _Nonnull 
/Users/jonahmicahinguito/dev/rotaract-connect/node_modules/expo-file-system/ios/Legacy/EXSessionTasks/EXSessionResumableDownloadTaskDelegate.h:12:48: warning: pointer is missing a nullability type specifier (_Nonnull, _Nullable, or _Null_unspecified) [-Wnullability-completeness]
   12 |                                localUrl:(NSURL *)localUrl
      |                                                ^
/Users/jonahmicahinguito/dev/rotaract-connect/node_modules/expo-file-system/ios/Legacy/EXSessionTasks/EXSessionResumableDownloadTaskDelegate.h:12:48: note: insert '_Nullable' if the pointer may be null
   12 |                                localUrl:(NSURL *)localUrl
      |                                                ^
      |                                                 _Nullable
/Users/jonahmicahinguito/dev/rotaract-connect/node_modules/expo-file-system/ios/Legacy/EXSessionTasks/EXSessionResumableDownloadTaskDelegate.h:12:48: note: insert '_Nonnull' if the pointer should never be null
   12 |                                localUrl:(NSURL *)localUrl
      |                                                ^
      |                                                 _Nonnull
/Users/jonahmicahinguito/dev/rotaract-connect/node_modules/expo-file-system/ios/Legacy/EXSessionTasks/EXSessionResumableDownloadTaskDelegate.h:14:42: warning: block pointer is missing a nullability type specifier (_Nonnull, _Nullable, or _Null_unspecified) [-Wnullability-completeness]
   14 |                         onWriteCallback:(EXDownloadDelegateOnWriteCallback)onWriteCallback
      |                                          ^
/Users/jonahmicahinguito/dev/rotaract-connect/node_modules/expo-file-system/ios/Legacy/EXSessionTasks/EXSessionResumableDownloadTaskDelegate.h:14:42: note: insert '_Nullable' if the block pointer may be null
   14 |                         onWriteCallback:(EXDownloadDelegateOnWriteCallback)onWriteCallback
      |                                          ^                                
      |                                                                            _Nullable 
/Users/jonahmicahinguito/dev/rotaract-connect/node_modules/expo-file-system/ios/Legacy/EXSessionTasks/EXSessionResumableDownloadTaskDelegate.h:14:42: note: insert '_Nonnull' if the block pointer should never be null
   14 |                         onWriteCallback:(EXDownloadDelegateOnWriteCallback)onWriteCallback
      |                                          ^                                
      |                                                                            _Nonnull 
/Users/jonahmicahinguito/dev/rotaract-connect/node_modules/expo-file-system/ios/Legacy/EXSessionTasks/EXSessionResumableDownloadTaskDelegate.h:15:64: warning: pointer is missing a nullability type specifier (_Nonnull, _Nullable, or _Null_unspecified) [-Wnullability-completeness]
   15 |                        resumableManager:(EXTaskHandlersManager *)manager
      |                                                                ^
/Users/jonahmicahinguito/dev/rotaract-connect/node_modules/expo-file-system/ios/Legacy/EXSessionTasks/EXSessionResumableDownloadTaskDelegate.h:15:64: note: insert '_Nullable' if the pointer may be null
   15 |                        resumableManager:(EXTaskHandlersManager *)manager
      |                                                                ^
      |                                                                 _Nullable
/Users/jonahmicahinguito/dev/rotaract-connect/node_modules/expo-file-system/ios/Legacy/EXSessionTasks/EXSessionResumableDownloadTaskDelegate.h:15:64: note: insert '_Nonnull' if the pointer should never be null
   15 |                        resumableManager:(EXTaskHandlersManager *)manager
      |                                                                ^
      |                                                                 _Nonnull
/Users/jonahmicahinguito/dev/rotaract-connect/node_modules/expo-file-system/ios/Legacy/EXSessionTasks/EXSessionResumableDownloadTaskDelegate.h:16:51: warning: pointer is missing a nullability type specifier (_Nonnull, _Nullable, or _Null_unspecified) [-Wnullability-completeness]
   16 |                                    uuid:(NSString *)uuid;
      |                                                   ^
/Users/jonahmicahinguito/dev/rotaract-connect/node_modules/expo-file-system/ios/Legacy/EXSessionTasks/EXSessionResumableDownloadTaskDelegate.h:16:51: note: insert '_Nullable' if the pointer may be null
   16 |                                    uuid:(NSString *)uuid;
      |                                                   ^
      |                                                    _Nullable
/Users/jonahmicahinguito/dev/rotaract-connect/node_modules/expo-file-system/ios/Legacy/EXSessionTasks/EXSessionResumableDownloadTaskDelegate.h:16:51: note: insert '_Nonnull' if the pointer should never be null
   16 |                                    uuid:(NSString *)uuid;
      |                                                   ^
      |                                                    _Nonnull
28 warnings generated.

/Users/jonahmicahinguito/dev/rotaract-connect/node_modules/expo-file-system/ios/Legacy/EXSessionTasks/EXSessionTaskDelegate.h:8:41: Block pointer is missing a nullability type specifier (_Nonnull, _Nullable, or _Null_unspecified)

/Users/jonahmicahinguito/dev/rotaract-connect/node_modules/expo-file-system/ios/Legacy/EXSessionTasks/EXSessionTaskDelegate.h:11:42: Block pointer is missing a nullability type specifier (_Nonnull, _Nullable, or _Null_unspecified)

/Users/jonahmicahinguito/dev/rotaract-connect/node_modules/expo-file-system/ios/Legacy/EXSessionTasks/EXSessionTaskDelegate.h:12:42: Block pointer is missing a nullability type specifier (_Nonnull, _Nullable, or _Null_unspecified)

/Users/jonahmicahinguito/dev/rotaract-connect/node_modules/expo-file-system/ios/Legacy/EXSessionTasks/EXSessionTaskDelegate.h:14:34: Pointer is missing a nullability type specifier (_Nonnull, _Nullable, or _Null_unspecified)

/Users/jonahmicahinguito/dev/rotaract-connect/node_modules/expo-file-system/ios/Legacy/EXSessionTasks/EXSessionTaskDelegate.h:14:83: Pointer is missing a nullability type specifier (_Nonnull, _Nullable, or _Null_unspecified)

/Users/jonahmicahinguito/dev/rotaract-connect/node_modules/expo-file-system/ios/Legacy/EXSessionTasks/EXSessionTaskDelegate.h:14:131: Pointer is missing a nullability type specifier (_Nonnull, _Nullable, or _Null_unspecified)

/Users/jonahmicahinguito/dev/rotaract-connect/node_modules/expo-file-system/ios/Legacy/EXSessionTasks/EXSessionTaskDelegate.h:16:34: Pointer is missing a nullability type specifier (_Nonnull, _Nullable, or _Null_unspecified)

/Users/jonahmicahinguito/dev/rotaract-connect/node_modules/expo-file-system/ios/Legacy/EXSessionTasks/EXSessionTaskDelegate.h:16:67: Pointer is missing a nullability type specifier (_Nonnull, _Nullable, or _Null_unspecified)

/Users/jonahmicahinguito/dev/rotaract-connect/node_modules/expo-file-system/ios/Legacy/EXSessionTasks/EXSessionTaskDelegate.h:16:104: Pointer is missing a nullability type specifier (_Nonnull, _Nullable, or _Null_unspecified)

/Users/jonahmicahinguito/dev/rotaract-connect/node_modules/expo-file-system/ios/Legacy/EXSessionTasks/EXSessionTaskDelegate.h:18:34: Pointer is missing a nullability type specifier (_Nonnull, _Nullable, or _Null_unspecified)

/Users/jonahmicahinguito/dev/rotaract-connect/node_modules/expo-file-system/ios/Legacy/EXSessionTasks/EXSessionTaskDelegate.h:18:83: Pointer is missing a nullability type specifier (_Nonnull, _Nullable, or _Null_unspecified)

/Users/jonahmicahinguito/dev/rotaract-connect/node_modules/expo-file-system/ios/Legacy/EXSessionTasks/EXSessionTaskDelegate.h:23:34: Pointer is missing a nullability type specifier (_Nonnull, _Nullable, or _Null_unspecified)

/Users/jonahmicahinguito/dev/rotaract-connect/node_modules/expo-file-system/ios/Legacy/EXSessionTasks/EXSessionTaskDelegate.h:23:75: Pointer is missing a nullability type specifier (_Nonnull, _Nullable, or _Null_unspecified)

/Users/jonahmicahinguito/dev/rotaract-connect/node_modules/expo-file-system/ios/Legacy/EXSessionTasks/EXSessionTaskDelegate.h:23:109: Pointer is missing a nullability type specifier (_Nonnull, _Nullable, or _Null_unspecified)

/Users/jonahmicahinguito/dev/rotaract-connect/node_modules/expo-file-system/ios/Legacy/EXSessionTasks/EXSessionTaskDelegate.h:25:34: Pointer is missing a nullability type specifier (_Nonnull, _Nullable, or _Null_unspecified)

/Users/jonahmicahinguito/dev/rotaract-connect/node_modules/expo-file-system/ios/Legacy/EXSessionTasks/EXSessionTaskDelegate.h:25:67: Pointer is missing a nullability type specifier (_Nonnull, _Nullable, or _Null_unspecified)

/Users/jonahmicahinguito/dev/rotaract-connect/node_modules/expo-file-system/ios/Legacy/EXSessionTasks/EXSessionTaskDelegate.h:30:17: Pointer is missing a nullability type specifier (_Nonnull, _Nullable, or _Null_unspecified)

/Users/jonahmicahinguito/dev/rotaract-connect/node_modules/expo-file-system/ios/Legacy/EXSessionTasks/EXSessionTaskDelegate.h:30:54: Pointer is missing a nullability type specifier (_Nonnull, _Nullable, or _Null_unspecified)

/Users/jonahmicahinguito/dev/rotaract-connect/node_modules/expo-file-system/ios/Legacy/EXSessionTasks/EXSessionDownloadTaskDelegate.h:7:42: Block pointer is missing a nullability type specifier (_Nonnull, _Nullable, or _Null_unspecified)

/Users/jonahmicahinguito/dev/rotaract-connect/node_modules/expo-file-system/ios/Legacy/EXSessionTasks/EXSessionDownloadTaskDelegate.h:8:42: Block pointer is missing a nullability type specifier (_Nonnull, _Nullable, or _Null_unspecified)

/Users/jonahmicahinguito/dev/rotaract-connect/node_modules/expo-file-system/ios/Legacy/EXSessionTasks/EXSessionDownloadTaskDelegate.h:9:48: Pointer is missing a nullability type specifier (_Nonnull, _Nullable, or _Null_unspecified)

/Users/jonahmicahinguito/dev/rotaract-connect/node_modules/expo-file-system/ios/Legacy/EXSessionTasks/EXSessionResumableDownloadTaskDelegate.h:6:76: Pointer is missing a nullability type specifier (_Nonnull, _Nullable, or _Null_unspecified)

/Users/jonahmicahinguito/dev/rotaract-connect/node_modules/expo-file-system/ios/Legacy/EXSessionTasks/EXSessionResumableDownloadTaskDelegate.h:10:42: Block pointer is missing a nullability type specifier (_Nonnull, _Nullable, or _Null_unspecified)

/Users/jonahmicahinguito/dev/rotaract-connect/node_modules/expo-file-system/ios/Legacy/EXSessionTasks/EXSessionResumableDownloadTaskDelegate.h:11:42: Block pointer is missing a nullability type specifier (_Nonnull, _Nullable, or _Null_unspecified)

/Users/jonahmicahinguito/dev/rotaract-connect/node_modules/expo-file-system/ios/Legacy/EXSessionTasks/EXSessionResumableDownloadTaskDelegate.h:12:48: Pointer is missing a nullability type specifier (_Nonnull, _Nullable, or _Null_unspecified)

/Users/jonahmicahinguito/dev/rotaract-connect/node_modules/expo-file-system/ios/Legacy/EXSessionTasks/EXSessionResumableDownloadTaskDelegate.h:14:42: Block pointer is missing a nullability type specifier (_Nonnull, _Nullable, or _Null_unspecified)

/Users/jonahmicahinguito/dev/rotaract-connect/node_modules/expo-file-system/ios/Legacy/EXSessionTasks/EXSessionResumableDownloadTaskDelegate.h:15:64: Pointer is missing a nullability type specifier (_Nonnull, _Nullable, or _Null_unspecified)

/Users/jonahmicahinguito/dev/rotaract-connect/node_modules/expo-file-system/ios/Legacy/EXSessionTasks/EXSessionResumableDownloadTaskDelegate.h:16:51: Pointer is missing a nullability type specifier (_Nonnull, _Nullable, or _Null_unspecified)

CompileC /Users/jonahmicahinguito/Library/Developer/Xcode/DerivedData/rotaractconnect-cjwcbdlngckcsaantafkjnfzfbdk/Build/Intermediates.noindex/Pods.build/Debug-iphoneos/ExpoFileSystem.build/Objects-normal/arm64/EXSessionDownloadTaskDelegate.o /Users/jonahmicahinguito/dev/rotaract-connect/node_modules/expo-file-system/ios/Legacy/EXSessionTasks/EXSessionDownloadTaskDelegate.m normal arm64 objective-c com.apple.compilers.llvm.clang.1_0.compiler (in target 'ExpoFileSystem' from project 'Pods')
    cd /Users/jonahmicahinguito/dev/rotaract-connect/ios/Pods
    
    Using response file: /Users/jonahmicahinguito/Library/Developer/Xcode/DerivedData/rotaractconnect-cjwcbdlngckcsaantafkjnfzfbdk/Build/Intermediates.noindex/Pods.build/Debug-iphoneos/ExpoFileSystem.build/Objects-normal/arm64/e6072d4f65d7061329687fe24e3d63a7-common-args.resp
    
    /Applications/Xcode.app/Contents/Developer/Toolchains/XcodeDefault.xctoolchain/usr/bin/clang -x objective-c -ivfsstatcache /Users/jonahmicahinguito/Library/Developer/Xcode/DerivedData/SDKStatCaches.noindex/iphoneos26.5-23F81a-32daed1954a7d5dd0789fcaf2a9bb78b.sdkstatcache -target arm64-apple-ios16.4 -fmessage-length\=0 -fdiagnostics-show-note-include-stack -fmacro-backtrace-limit\=0 -fno-color-diagnostics -fmodules-prune-interval\=86400 -fmodules-prune-after\=345600 -fbuild-session-file\=/Users/jonahmicahinguito/Library/Developer/Xcode/DerivedData/ModuleCache.noindex/Session.modulevalidation -fmodules-validate-once-per-build-session -Wnon-modular-include-in-framework-module -Werror\=non-modular-include-in-framework-module -Wno-trigraphs -Wno-missing-field-initializers -Wno-missing-prototypes -Werror\=return-type -Wdocumentation -Wunreachable-code -Wno-implicit-atomic-properties -Werror\=deprecated-objc-isa-usage -Wno-objc-interface-ivars -Werror\=objc-root-class -Wno-arc-repeated-use-of-weak -Wimplicit-retain-self -Wduplicate-method-match -Wno-missing-braces -Wparentheses -Wswitch -Wunused-function -Wno-unused-label -Wno-unused-parameter -Wunused-variable -Wunused-value -Wempty-body -Wuninitialized -Wconditional-uninitialized -Wno-unknown-pragmas -Wno-shadow -Wno-four-char-constants -Wno-conversion -Wconstant-conversion -Wint-conversion -Wbool-conversion -Wenum-conversion -Wno-float-conversion -Wnon-literal-null-conversion -Wobjc-literal-conversion -Wshorten-64-to-32 -Wpointer-sign -Wno-newline-eof -Wno-selector -Wno-strict-selector-match -Wundeclared-selector -Wdeprecated-implementations -Wno-implicit-fallthrough -isysroot /Applications/Xcode.app/Contents/Developer/Platforms/iPhoneOS.platform/Developer/SDKs/iPhoneOS26.5.sdk -fstrict-aliasing -Wprotocol -Wdeprecated-declarations -Wno-sign-conversion -Winfinite-recursion -Wcomma -Wblock-capture-autoreleasing -Wstrict-prototypes -Wno-semicolon-before-method-body -Wunguarded-availability -index-store-path /Users/jonahmicahinguito/Library/Developer/Xcode/DerivedData/rotaractconnect-cjwcbdlngckcsaantafkjnfzfbdk/Index.noindex/DataStore @/Users/jonahmicahinguito/Library/Developer/Xcode/DerivedData/rotaractconnect-cjwcbdlngckcsaantafkjnfzfbdk/Build/Intermediates.noindex/Pods.build/Debug-iphoneos/ExpoFileSystem.build/Objects-normal/arm64/e6072d4f65d7061329687fe24e3d63a7-common-args.resp -include /Users/jonahmicahinguito/dev/rotaract-connect/ios/Pods/Target\ Support\ Files/ExpoFileSystem/ExpoFileSystem-prefix.pch -MMD -MT dependencies -MF /Users/jonahmicahinguito/Library/Developer/Xcode/DerivedData/rotaractconnect-cjwcbdlngckcsaantafkjnfzfbdk/Build/Intermediates.noindex/Pods.build/Debug-iphoneos/ExpoFileSystem.build/Objects-normal/arm64/EXSessionDownloadTaskDelegate.d --serialize-diagnostics /Users/jonahmicahinguito/Library/Developer/Xcode/DerivedData/rotaractconnect-cjwcbdlngckcsaantafkjnfzfbdk/Build/Intermediates.noindex/Pods.build/Debug-iphoneos/ExpoFileSystem.build/Objects-normal/arm64/EXSessionDownloadTaskDelegate.dia -c /Users/jonahmicahinguito/dev/rotaract-connect/node_modules/expo-file-system/ios/Legacy/EXSessionTasks/EXSessionDownloadTaskDelegate.m -o /Users/jonahmicahinguito/Library/Developer/Xcode/DerivedData/rotaractconnect-cjwcbdlngckcsaantafkjnfzfbdk/Build/Intermediates.noindex/Pods.build/Debug-iphoneos/ExpoFileSystem.build/Objects-normal/arm64/EXSessionDownloadTaskDelegate.o -index-unit-output-path /Pods.build/Debug-iphoneos/ExpoFileSystem.build/Objects-normal/arm64/EXSessionDownloadTaskDelegate.o

In file included from /Users/jonahmicahinguito/dev/rotaract-connect/node_modules/expo-file-system/ios/Legacy/EXSessionTasks/EXSessionDownloadTaskDelegate.m:3:
In file included from /Users/jonahmicahinguito/dev/rotaract-connect/node_modules/expo-file-system/ios/Legacy/EXSessionTasks/EXSessionDownloadTaskDelegate.h:3:
/Users/jonahmicahinguito/dev/rotaract-connect/node_modules/expo-file-system/ios/Legacy/EXSessionTasks/EXSessionTaskDelegate.h:8:41: warning: block pointer is missing a nullability type specifier (_Nonnull, _Nullable, or _Null_unspecified) [-Wnullability-completeness]
    8 | @property (nonatomic, strong, readonly) EXPromiseResolveBlock resolve;
      |                                         ^
/Users/jonahmicahinguito/dev/rotaract-connect/node_modules/expo-file-system/ios/Legacy/EXSessionTasks/EXSessionTaskDelegate.h:8:41: note: insert '_Nullable' if the block pointer may be null
    8 | @property (nonatomic, strong, readonly) EXPromiseResolveBlock resolve;
      |                                         ^
      |                                                               _Nullable
/Users/jonahmicahinguito/dev/rotaract-connect/node_modules/expo-file-system/ios/Legacy/EXSessionTasks/EXSessionTaskDelegate.h:8:41: note: insert '_Nonnull' if the block pointer should never be null
    8 | @property (nonatomic, strong, readonly) EXPromiseResolveBlock resolve;
      |                                         ^
      |                                                               _Nonnull
/Users/jonahmicahinguito/dev/rotaract-connect/node_modules/expo-file-system/ios/Legacy/EXSessionTasks/EXSessionTaskDelegate.h:11:42: warning: block pointer is missing a nullability type specifier (_Nonnull, _Nullable, or _Null_unspecified) [-Wnullability-completeness]
   11 | - (nonnull instancetype)initWithResolve:(EXPromiseResolveBlock)resolve
      |                                          ^
/Users/jonahmicahinguito/dev/rotaract-connect/node_modules/expo-file-system/ios/Legacy/EXSessionTasks/EXSessionTaskDelegate.h:11:42: note: insert '_Nullable' if the block pointer may be null
   11 | - (nonnull instancetype)initWithResolve:(EXPromiseResolveBlock)resolve
      |                                          ^                    
      |                                                                _Nullable 
/Users/jonahmicahinguito/dev/rotaract-connect/node_modules/expo-file-system/ios/Legacy/EXSessionTasks/EXSessionTaskDelegate.h:11:42: note: insert '_Nonnull' if the block pointer should never be null
   11 | - (nonnull instancetype)initWithResolve:(EXPromiseResolveBlock)resolve
      |                                          ^                    
      |                                                                _Nonnull 
/Users/jonahmicahinguito/dev/rotaract-connect/node_modules/expo-file-system/ios/Legacy/EXSessionTasks/EXSessionTaskDelegate.h:12:42: warning: block pointer is missing a nullability type specifier (_Nonnull, _Nullable, or _Null_unspecified) [-Wnullability-completeness]
   12 |                                  reject:(EXPromiseRejectBlock)reject;
      |                                          ^
/Users/jonahmicahinguito/dev/rotaract-connect/node_modules/expo-file-system/ios/Legacy/EXSessionTasks/EXSessionTaskDelegate.h:12:42: note: insert '_Nullable' if the block pointer may be null
   12 |                                  reject:(EXPromiseRejectBlock)reject;
      |                                          ^                   
      |                                                               _Nullable 
/Users/jonahmicahinguito/dev/rotaract-connect/node_modules/expo-file-system/ios/Legacy/EXSessionTasks/EXSessionTaskDelegate.h:12:42: note: insert '_Nonnull' if the block pointer should never be null
   12 |                                  reject:(EXPromiseRejectBlock)reject;
      |                                          ^                   
      |                                                               _Nonnull 
/Users/jonahmicahinguito/dev/rotaract-connect/node_modules/expo-file-system/ios/Legacy/EXSessionTasks/EXSessionTaskDelegate.h:14:34: warning: pointer is missing a nullability type specifier (_Nonnull, _Nullable, or _Null_unspecified) [-Wnullability-completeness]
   14 | - (void)URLSession:(NSURLSession *)session downloadTask:(NSURLSessionDownloadTask *)downloadTask didFinishDownloadingToURL:(NSURL *)location;
      |                                  ^
/Users/jonahmicahinguito/dev/rotaract-connect/node_modules/expo-file-system/ios/Legacy/EXSessionTasks/EXSessionTaskDelegate.h:14:34: note: insert '_Nullable' if the pointer may be null
   14 | - (void)URLSession:(NSURLSession *)session downloadTask:(NSURLSessionDownloadTask *)downloadTask didFinishDownloadingToURL:(NSURL *)location;
      |                                  ^
      |                                   _Nullable
/Users/jonahmicahinguito/dev/rotaract-connect/node_modules/expo-file-system/ios/Legacy/EXSessionTasks/EXSessionTaskDelegate.h:14:34: note: insert '_Nonnull' if the pointer should never be null
   14 | - (void)URLSession:(NSURLSession *)session downloadTask:(NSURLSessionDownloadTask *)downloadTask didFinishDownloadingToURL:(NSURL *)location;
      |                                  ^
      |                                   _Nonnull
/Users/jonahmicahinguito/dev/rotaract-connect/node_modules/expo-file-system/ios/Legacy/EXSessionTasks/EXSessionTaskDelegate.h:14:83: warning: pointer is missing a nullability type specifier (_Nonnull, _Nullable, or _Null_unspecified) [-Wnullability-completeness]
   14 | - (void)URLSession:(NSURLSession *)session downloadTask:(NSURLSessionDownloadTask *)downloadTask didFinishDownloadingToURL:(NSURL *)location;
      |                                                                                   ^
/Users/jonahmicahinguito/dev/rotaract-connect/node_modules/expo-file-system/ios/Legacy/EXSessionTasks/EXSessionTaskDelegate.h:14:83: note: insert '_Nullable' if the pointer may be null
   14 | - (void)URLSession:(NSURLSession *)session downloadTask:(NSURLSessionDownloadTask *)downloadTask didFinishDownloadingToURL:(NSURL *)location;
      |                                                                                   ^
      |                                                                                    _Nullable
/Users/jonahmicahinguito/dev/rotaract-connect/node_modules/expo-file-system/ios/Legacy/EXSessionTasks/EXSessionTaskDelegate.h:14:83: note: insert '_Nonnull' if the pointer should never be null
   14 | - (void)URLSession:(NSURLSession *)session downloadTask:(NSURLSessionDownloadTask *)downloadTask didFinishDownloadingToURL:(NSURL *)location;
      |                                                                                   ^
      |                                                                                    _Nonnull
/Users/jonahmicahinguito/dev/rotaract-connect/node_modules/expo-file-system/ios/Legacy/EXSessionTasks/EXSessionTaskDelegate.h:14:131: warning: pointer is missing a nullability type specifier (_Nonnull, _Nullable, or _Null_unspecified) [-Wnullability-completeness]
   14 | - (void)URLSession:(NSURLSession *)session downloadTask:(NSURLSessionDownloadTask *)downloadTask didFinishDownloadingToURL:(NSURL *)location;
      |                                                                                                                                   ^
/Users/jonahmicahinguito/dev/rotaract-connect/node_modules/expo-file-system/ios/Legacy/EXSessionTasks/EXSessionTaskDelegate.h:14:131: note: insert '_Nullable' if the pointer may be null
   14 | - (void)URLSession:(NSURLSession *)session downloadTask:(NSURLSessionDownloadTask *)downloadTask didFinishDownloadingToURL:(NSURL *)location;
      |                                                                                                                                   ^
      |                                                                                                                                    _Nullable
/Users/jonahmicahinguito/dev/rotaract-connect/node_modules/expo-file-system/ios/Legacy/EXSessionTasks/EXSessionTaskDelegate.h:14:131: note: insert '_Nonnull' if the pointer should never be null
   14 | - (void)URLSession:(NSURLSession *)session downloadTask:(NSURLSessionDownloadTask *)downloadTask didFinishDownloadingToURL:(NSURL *)location;
      |                                                                                                                                   ^
      |                                                                                                                                    _Nonnull
/Users/jonahmicahinguito/dev/rotaract-connect/node_modules/expo-file-system/ios/Legacy/EXSessionTasks/EXSessionTaskDelegate.h:16:34: warning: pointer is missing a nullability type specifier (_Nonnull, _Nullable, or _Null_unspecified) [-Wnullability-completeness]
   16 | - (void)URLSession:(NSURLSession *)session task:(NSURLSessionTask *)task didCompleteWithError:(NSError *)error;
      |                                  ^
/Users/jonahmicahinguito/dev/rotaract-connect/node_modules/expo-file-system/ios/Legacy/EXSessionTasks/EXSessionTaskDelegate.h:16:34: note: insert '_Nullable' if the pointer may be null
   16 | - (void)URLSession:(NSURLSession *)session task:(NSURLSessionTask *)task didCompleteWithError:(NSError *)error;
      |                                  ^
      |                                   _Nullable
/Users/jonahmicahinguito/dev/rotaract-connect/node_modules/expo-file-system/ios/Legacy/EXSessionTasks/EXSessionTaskDelegate.h:16:34: note: insert '_Nonnull' if the pointer should never be null
   16 | - (void)URLSession:(NSURLSession *)session task:(NSURLSessionTask *)task didCompleteWithError:(NSError *)error;
      |                                  ^
      |                                   _Nonnull
/Users/jonahmicahinguito/dev/rotaract-connect/node_modules/expo-file-system/ios/Legacy/EXSessionTasks/EXSessionTaskDelegate.h:16:67: warning: pointer is missing a nullability type specifier (_Nonnull, _Nullable, or _Null_unspecified) [-Wnullability-completeness]
   16 | - (void)URLSession:(NSURLSession *)session task:(NSURLSessionTask *)task didCompleteWithError:(NSError *)error;
      |                                                                   ^
/Users/jonahmicahinguito/dev/rotaract-connect/node_modules/expo-file-system/ios/Legacy/EXSessionTasks/EXSessionTaskDelegate.h:16:67: note: insert '_Nullable' if the pointer may be null
   16 | - (void)URLSession:(NSURLSession *)session task:(NSURLSessionTask *)task didCompleteWithError:(NSError *)error;
      |                                                                   ^
      |                                                                    _Nullable
/Users/jonahmicahinguito/dev/rotaract-connect/node_modules/expo-file-system/ios/Legacy/EXSessionTasks/EXSessionTaskDelegate.h:16:67: note: insert '_Nonnull' if the pointer should never be null
   16 | - (void)URLSession:(NSURLSession *)session task:(NSURLSessionTask *)task didCompleteWithError:(NSError *)error;
      |                                                                   ^
      |                                                                    _Nonnull
/Users/jonahmicahinguito/dev/rotaract-connect/node_modules/expo-file-system/ios/Legacy/EXSessionTasks/EXSessionTaskDelegate.h:16:104: warning: pointer is missing a nullability type specifier (_Nonnull, _Nullable, or _Null_unspecified) [-Wnullability-completeness]
   16 | - (void)URLSession:(NSURLSession *)session task:(NSURLSessionTask *)task didCompleteWithError:(NSError *)error;
      |                                                                                                        ^
/Users/jonahmicahinguito/dev/rotaract-connect/node_modules/expo-file-system/ios/Legacy/EXSessionTasks/EXSessionTaskDelegate.h:16:104: note: insert '_Nullable' if the pointer may be null
   16 | - (void)URLSession:(NSURLSession *)session task:(NSURLSessionTask *)task didCompleteWithError:(NSError *)error;
      |                                                                                                        ^
      |                                                                                                         _Nullable
/Users/jonahmicahinguito/dev/rotaract-connect/node_modules/expo-file-system/ios/Legacy/EXSessionTasks/EXSessionTaskDelegate.h:16:104: note: insert '_Nonnull' if the pointer should never be null
   16 | - (void)URLSession:(NSURLSession *)session task:(NSURLSessionTask *)task didCompleteWithError:(NSError *)error;
      |                                                                                                        ^
      |                                                                                                         _Nonnull
/Users/jonahmicahinguito/dev/rotaract-connect/node_modules/expo-file-system/ios/Legacy/EXSessionTasks/EXSessionTaskDelegate.h:18:34: warning: pointer is missing a nullability type specifier (_Nonnull, _Nullable, or _Null_unspecified) [-Wnullability-completeness]
   18 | - (void)URLSession:(NSURLSession *)session downloadTask:(NSURLSessionDownloadTask *)downloadTask
      |                                  ^
/Users/jonahmicahinguito/dev/rotaract-connect/node_modules/expo-file-system/ios/Legacy/EXSessionTasks/EXSessionTaskDelegate.h:18:34: note: insert '_Nullable' if the pointer may be null
   18 | - (void)URLSession:(NSURLSession *)session downloadTask:(NSURLSessionDownloadTask *)downloadTask
      |                                  ^
      |                                   _Nullable
/Users/jonahmicahinguito/dev/rotaract-connect/node_modules/expo-file-system/ios/Legacy/EXSessionTasks/EXSessionTaskDelegate.h:18:34: note: insert '_Nonnull' if the pointer should never be null
   18 | - (void)URLSession:(NSURLSession *)session downloadTask:(NSURLSessionDownloadTask *)downloadTask
      |                                  ^
      |                                   _Nonnull
/Users/jonahmicahinguito/dev/rotaract-connect/node_modules/expo-file-system/ios/Legacy/EXSessionTasks/EXSessionTaskDelegate.h:18:83: warning: pointer is missing a nullability type specifier (_Nonnull, _Nullable, or _Null_unspecified) [-Wnullability-completeness]
   18 | - (void)URLSession:(NSURLSession *)session downloadTask:(NSURLSessionDownloadTask *)downloadTask
      |                                                                                   ^
/Users/jonahmicahinguito/dev/rotaract-connect/node_modules/expo-file-system/ios/Legacy/EXSessionTasks/EXSessionTaskDelegate.h:18:83: note: insert '_Nullable' if the pointer may be null
   18 | - (void)URLSession:(NSURLSession *)session downloadTask:(NSURLSessionDownloadTask *)downloadTask
      |                                                                                   ^
      |                                                                                    _Nullable
/Users/jonahmicahinguito/dev/rotaract-connect/node_modules/expo-file-system/ios/Legacy/EXSessionTasks/EXSessionTaskDelegate.h:18:83: note: insert '_Nonnull' if the pointer should never be null
   18 | - (void)URLSession:(NSURLSession *)session downloadTask:(NSURLSessionDownloadTask *)downloadTask
      |                                                                                   ^
      |                                                                                    _Nonnull
/Users/jonahmicahinguito/dev/rotaract-connect/node_modules/expo-file-system/ios/Legacy/EXSessionTasks/EXSessionTaskDelegate.h:23:34: warning: pointer is missing a nullability type specifier (_Nonnull, _Nullable, or _Null_unspecified) [-Wnullability-completeness]
   23 | - (void)URLSession:(NSURLSession *)session dataTask:(NSURLSessionDataTask *)dataTask didReceiveData:(NSData *)data;
      |                                  ^
/Users/jonahmicahinguito/dev/rotaract-connect/node_modules/expo-file-system/ios/Legacy/EXSessionTasks/EXSessionTaskDelegate.h:23:34: note: insert '_Nullable' if the pointer may be null
   23 | - (void)URLSession:(NSURLSession *)session dataTask:(NSURLSessionDataTask *)dataTask didReceiveData:(NSData *)data;
      |                                  ^
      |                                   _Nullable
/Users/jonahmicahinguito/dev/rotaract-connect/node_modules/expo-file-system/ios/Legacy/EXSessionTasks/EXSessionTaskDelegate.h:23:34: note: insert '_Nonnull' if the pointer should never be null
   23 | - (void)URLSession:(NSURLSession *)session dataTask:(NSURLSessionDataTask *)dataTask didReceiveData:(NSData *)data;
      |                                  ^
      |                                   _Nonnull
/Users/jonahmicahinguito/dev/rotaract-connect/node_modules/expo-file-system/ios/Legacy/EXSessionTasks/EXSessionTaskDelegate.h:23:75: warning: pointer is missing a nullability type specifier (_Nonnull, _Nullable, or _Null_unspecified) [-Wnullability-completeness]
   23 | - (void)URLSession:(NSURLSession *)session dataTask:(NSURLSessionDataTask *)dataTask didReceiveData:(NSData *)data;
      |                                                                           ^
/Users/jonahmicahinguito/dev/rotaract-connect/node_modules/expo-file-system/ios/Legacy/EXSessionTasks/EXSessionTaskDelegate.h:23:75: note: insert '_Nullable' if the pointer may be null
   23 | - (void)URLSession:(NSURLSession *)session dataTask:(NSURLSessionDataTask *)dataTask didReceiveData:(NSData *)data;
      |                                                                           ^
      |                                                                            _Nullable
/Users/jonahmicahinguito/dev/rotaract-connect/node_modules/expo-file-system/ios/Legacy/EXSessionTasks/EXSessionTaskDelegate.h:23:75: note: insert '_Nonnull' if the pointer should never be null
   23 | - (void)URLSession:(NSURLSession *)session dataTask:(NSURLSessionDataTask *)dataTask didReceiveData:(NSData *)data;
      |                                                                           ^
      |                                                                            _Nonnull
/Users/jonahmicahinguito/dev/rotaract-connect/node_modules/expo-file-system/ios/Legacy/EXSessionTasks/EXSessionTaskDelegate.h:23:109: warning: pointer is missing a nullability type specifier (_Nonnull, _Nullable, or _Null_unspecified) [-Wnullability-completeness]
   23 | - (void)URLSession:(NSURLSession *)session dataTask:(NSURLSessionDataTask *)dataTask didReceiveData:(NSData *)data;
      |                                                                                                             ^
/Users/jonahmicahinguito/dev/rotaract-connect/node_modules/expo-file-system/ios/Legacy/EXSessionTasks/EXSessionTaskDelegate.h:23:109: note: insert '_Nullable' if the pointer may be null
   23 | - (void)URLSession:(NSURLSession *)session dataTask:(NSURLSessionDataTask *)dataTask didReceiveData:(NSData *)data;
      |                                                                                                             ^
      |                                                                                                              _Nullable
/Users/jonahmicahinguito/dev/rotaract-connect/node_modules/expo-file-system/ios/Legacy/EXSessionTasks/EXSessionTaskDelegate.h:23:109: note: insert '_Nonnull' if the pointer should never be null
   23 | - (void)URLSession:(NSURLSession *)session dataTask:(NSURLSessionDataTask *)dataTask didReceiveData:(NSData *)data;
      |                                                                                                             ^
      |                                                                                                              _Nonnull
/Users/jonahmicahinguito/dev/rotaract-connect/node_modules/expo-file-system/ios/Legacy/EXSessionTasks/EXSessionTaskDelegate.h:25:34: warning: pointer is missing a nullability type specifier (_Nonnull, _Nullable, or _Null_unspecified) [-Wnullability-completeness]
   25 | - (void)URLSession:(NSURLSession *)session task:(NSURLSessionTask *)task
      |                                  ^
/Users/jonahmicahinguito/dev/rotaract-connect/node_modules/expo-file-system/ios/Legacy/EXSessionTasks/EXSessionTaskDelegate.h:25:34: note: insert '_Nullable' if the pointer may be null
   25 | - (void)URLSession:(NSURLSession *)session task:(NSURLSessionTask *)task
      |                                  ^
      |                                   _Nullable
/Users/jonahmicahinguito/dev/rotaract-connect/node_modules/expo-file-system/ios/Legacy/EXSessionTasks/EXSessionTaskDelegate.h:25:34: note: insert '_Nonnull' if the pointer should never be null
   25 | - (void)URLSession:(NSURLSession *)session task:(NSURLSessionTask *)task
      |                                  ^
      |                                   _Nonnull
/Users/jonahmicahinguito/dev/rotaract-connect/node_modules/expo-file-system/ios/Legacy/EXSessionTasks/EXSessionTaskDelegate.h:25:67: warning: pointer is missing a nullability type specifier (_Nonnull, _Nullable, or _Null_unspecified) [-Wnullability-completeness]
   25 | - (void)URLSession:(NSURLSession *)session task:(NSURLSessionTask *)task
      |                                                                   ^
/Users/jonahmicahinguito/dev/rotaract-connect/node_modules/expo-file-system/ios/Legacy/EXSessionTasks/EXSessionTaskDelegate.h:25:67: note: insert '_Nullable' if the pointer may be null
   25 | - (void)URLSession:(NSURLSession *)session task:(NSURLSessionTask *)task
      |                                                                   ^
      |                                                                    _Nullable
/Users/jonahmicahinguito/dev/rotaract-connect/node_modules/expo-file-system/ios/Legacy/EXSessionTasks/EXSessionTaskDelegate.h:25:67: note: insert '_Nonnull' if the pointer should never be null
   25 | - (void)URLSession:(NSURLSession *)session task:(NSURLSessionTask *)task
      |                                                                   ^
      |                                                                    _Nonnull
/Users/jonahmicahinguito/dev/rotaract-connect/node_modules/expo-file-system/ios/Legacy/EXSessionTasks/EXSessionTaskDelegate.h:30:17: warning: pointer is missing a nullability type specifier (_Nonnull, _Nullable, or _Null_unspecified) [-Wnullability-completeness]
   30 | - (NSDictionary *)parseServerResponse:(NSURLResponse *)response;
      |                 ^
/Users/jonahmicahinguito/dev/rotaract-connect/node_modules/expo-file-system/ios/Legacy/EXSessionTasks/EXSessionTaskDelegate.h:30:17: note: insert '_Nullable' if the pointer may be null
   30 | - (NSDictionary *)parseServerResponse:(NSURLResponse *)response;
      |                 ^
      |                  _Nullable
/Users/jonahmicahinguito/dev/rotaract-connect/node_modules/expo-file-system/ios/Legacy/EXSessionTasks/EXSessionTaskDelegate.h:30:17: note: insert '_Nonnull' if the pointer should never be null
   30 | - (NSDictionary *)parseServerResponse:(NSURLResponse *)response;
      |                 ^
      |                  _Nonnull
/Users/jonahmicahinguito/dev/rotaract-connect/node_modules/expo-file-system/ios/Legacy/EXSessionTasks/EXSessionTaskDelegate.h:30:54: warning: pointer is missing a nullability type specifier (_Nonnull, _Nullable, or _Null_unspecified) [-Wnullability-completeness]
   30 | - (NSDictionary *)parseServerResponse:(NSURLResponse *)response;
      |                                                      ^
/Users/jonahmicahinguito/dev/rotaract-connect/node_modules/expo-file-system/ios/Legacy/EXSessionTasks/EXSessionTaskDelegate.h:30:54: note: insert '_Nullable' if the pointer may be null
   30 | - (NSDictionary *)parseServerResponse:(NSURLResponse *)response;
      |                                                      ^
      |                                                       _Nullable
/Users/jonahmicahinguito/dev/rotaract-connect/node_modules/expo-file-system/ios/Legacy/EXSessionTasks/EXSessionTaskDelegate.h:30:54: note: insert '_Nonnull' if the pointer should never be null
   30 | - (NSDictionary *)parseServerResponse:(NSURLResponse *)response;
      |                                                      ^
      |                                                       _Nonnull
In file included from /Users/jonahmicahinguito/dev/rotaract-connect/node_modules/expo-file-system/ios/Legacy/EXSessionTasks/EXSessionDownloadTaskDelegate.m:3:
/Users/jonahmicahinguito/dev/rotaract-connect/node_modules/expo-file-system/ios/Legacy/EXSessionTasks/EXSessionDownloadTaskDelegate.h:7:42: warning: block pointer is missing a nullability type specifier (_Nonnull, _Nullable, or _Null_unspecified) [-Wnullability-completeness]
    7 | - (nonnull instancetype)initWithResolve:(EXPromiseResolveBlock)resolve
      |                                          ^
/Users/jonahmicahinguito/dev/rotaract-connect/node_modules/expo-file-system/ios/Legacy/EXSessionTasks/EXSessionDownloadTaskDelegate.h:7:42: note: insert '_Nullable' if the block pointer may be null
    7 | - (nonnull instancetype)initWithResolve:(EXPromiseResolveBlock)resolve
      |                                          ^                    
      |                                                                _Nullable 
/Users/jonahmicahinguito/dev/rotaract-connect/node_modules/expo-file-system/ios/Legacy/EXSessionTasks/EXSessionDownloadTaskDelegate.h:7:42: note: insert '_Nonnull' if the block pointer should never be null
    7 | - (nonnull instancetype)initWithResolve:(EXPromiseResolveBlock)resolve
      |                                          ^                    
      |                                                                _Nonnull 
/Users/jonahmicahinguito/dev/rotaract-connect/node_modules/expo-file-system/ios/Legacy/EXSessionTasks/EXSessionDownloadTaskDelegate.h:8:42: warning: block pointer is missing a nullability type specifier (_Nonnull, _Nullable, or _Null_unspecified) [-Wnullability-completeness]
    8 |                                  reject:(EXPromiseRejectBlock)reject
      |                                          ^
/Users/jonahmicahinguito/dev/rotaract-connect/node_modules/expo-file-system/ios/Legacy/EXSessionTasks/EXSessionDownloadTaskDelegate.h:8:42: note: insert '_Nullable' if the block pointer may be null
    8 |                                  reject:(EXPromiseRejectBlock)reject
      |                                          ^                   
      |                                                               _Nullable 
/Users/jonahmicahinguito/dev/rotaract-connect/node_modules/expo-file-system/ios/Legacy/EXSessionTasks/EXSessionDownloadTaskDelegate.h:8:42: note: insert '_Nonnull' if the block pointer should never be null
    8 |                                  reject:(EXPromiseRejectBlock)reject
      |                                          ^                   
      |                                                               _Nonnull 
/Users/jonahmicahinguito/dev/rotaract-connect/node_modules/expo-file-system/ios/Legacy/EXSessionTasks/EXSessionDownloadTaskDelegate.h:9:48: warning: pointer is missing a nullability type specifier (_Nonnull, _Nullable, or _Null_unspecified) [-Wnullability-completeness]
    9 |                                localUrl:(NSURL *)localUrl
      |                                                ^
/Users/jonahmicahinguito/dev/rotaract-connect/node_modules/expo-file-system/ios/Legacy/EXSessionTasks/EXSessionDownloadTaskDelegate.h:9:48: note: insert '_Nullable' if the pointer may be null
    9 |                                localUrl:(NSURL *)localUrl
      |                                                ^
      |                                                 _Nullable
/Users/jonahmicahinguito/dev/rotaract-connect/node_modules/expo-file-system/ios/Legacy/EXSessionTasks/EXSessionDownloadTaskDelegate.h:9:48: note: insert '_Nonnull' if the pointer should never be null
    9 |                                localUrl:(NSURL *)localUrl
      |                                                ^
      |                                                 _Nonnull
21 warnings generated.

/Users/jonahmicahinguito/dev/rotaract-connect/node_modules/expo-file-system/ios/Legacy/EXSessionTasks/EXSessionTaskDelegate.h:8:41: Block pointer is missing a nullability type specifier (_Nonnull, _Nullable, or _Null_unspecified)

/Users/jonahmicahinguito/dev/rotaract-connect/node_modules/expo-file-system/ios/Legacy/EXSessionTasks/EXSessionTaskDelegate.h:11:42: Block pointer is missing a nullability type specifier (_Nonnull, _Nullable, or _Null_unspecified)

/Users/jonahmicahinguito/dev/rotaract-connect/node_modules/expo-file-system/ios/Legacy/EXSessionTasks/EXSessionTaskDelegate.h:12:42: Block pointer is missing a nullability type specifier (_Nonnull, _Nullable, or _Null_unspecified)

/Users/jonahmicahinguito/dev/rotaract-connect/node_modules/expo-file-system/ios/Legacy/EXSessionTasks/EXSessionTaskDelegate.h:14:34: Pointer is missing a nullability type specifier (_Nonnull, _Nullable, or _Null_unspecified)

/Users/jonahmicahinguito/dev/rotaract-connect/node_modules/expo-file-system/ios/Legacy/EXSessionTasks/EXSessionTaskDelegate.h:14:83: Pointer is missing a nullability type specifier (_Nonnull, _Nullable, or _Null_unspecified)

/Users/jonahmicahinguito/dev/rotaract-connect/node_modules/expo-file-system/ios/Legacy/EXSessionTasks/EXSessionTaskDelegate.h:14:131: Pointer is missing a nullability type specifier (_Nonnull, _Nullable, or _Null_unspecified)

/Users/jonahmicahinguito/dev/rotaract-connect/node_modules/expo-file-system/ios/Legacy/EXSessionTasks/EXSessionTaskDelegate.h:16:34: Pointer is missing a nullability type specifier (_Nonnull, _Nullable, or _Null_unspecified)

/Users/jonahmicahinguito/dev/rotaract-connect/node_modules/expo-file-system/ios/Legacy/EXSessionTasks/EXSessionTaskDelegate.h:16:67: Pointer is missing a nullability type specifier (_Nonnull, _Nullable, or _Null_unspecified)

/Users/jonahmicahinguito/dev/rotaract-connect/node_modules/expo-file-system/ios/Legacy/EXSessionTasks/EXSessionTaskDelegate.h:16:104: Pointer is missing a nullability type specifier (_Nonnull, _Nullable, or _Null_unspecified)

/Users/jonahmicahinguito/dev/rotaract-connect/node_modules/expo-file-system/ios/Legacy/EXSessionTasks/EXSessionTaskDelegate.h:18:34: Pointer is missing a nullability type specifier (_Nonnull, _Nullable, or _Null_unspecified)

/Users/jonahmicahinguito/dev/rotaract-connect/node_modules/expo-file-system/ios/Legacy/EXSessionTasks/EXSessionTaskDelegate.h:18:83: Pointer is missing a nullability type specifier (_Nonnull, _Nullable, or _Null_unspecified)

/Users/jonahmicahinguito/dev/rotaract-connect/node_modules/expo-file-system/ios/Legacy/EXSessionTasks/EXSessionTaskDelegate.h:23:34: Pointer is missing a nullability type specifier (_Nonnull, _Nullable, or _Null_unspecified)

/Users/jonahmicahinguito/dev/rotaract-connect/node_modules/expo-file-system/ios/Legacy/EXSessionTasks/EXSessionTaskDelegate.h:23:75: Pointer is missing a nullability type specifier (_Nonnull, _Nullable, or _Null_unspecified)

/Users/jonahmicahinguito/dev/rotaract-connect/node_modules/expo-file-system/ios/Legacy/EXSessionTasks/EXSessionTaskDelegate.h:23:109: Pointer is missing a nullability type specifier (_Nonnull, _Nullable, or _Null_unspecified)

/Users/jonahmicahinguito/dev/rotaract-connect/node_modules/expo-file-system/ios/Legacy/EXSessionTasks/EXSessionTaskDelegate.h:25:34: Pointer is missing a nullability type specifier (_Nonnull, _Nullable, or _Null_unspecified)

/Users/jonahmicahinguito/dev/rotaract-connect/node_modules/expo-file-system/ios/Legacy/EXSessionTasks/EXSessionTaskDelegate.h:25:67: Pointer is missing a nullability type specifier (_Nonnull, _Nullable, or _Null_unspecified)

/Users/jonahmicahinguito/dev/rotaract-connect/node_modules/expo-file-system/ios/Legacy/EXSessionTasks/EXSessionTaskDelegate.h:30:17: Pointer is missing a nullability type specifier (_Nonnull, _Nullable, or _Null_unspecified)

/Users/jonahmicahinguito/dev/rotaract-connect/node_modules/expo-file-system/ios/Legacy/EXSessionTasks/EXSessionTaskDelegate.h:30:54: Pointer is missing a nullability type specifier (_Nonnull, _Nullable, or _Null_unspecified)

/Users/jonahmicahinguito/dev/rotaract-connect/node_modules/expo-file-system/ios/Legacy/EXSessionTasks/EXSessionDownloadTaskDelegate.h:7:42: Block pointer is missing a nullability type specifier (_Nonnull, _Nullable, or _Null_unspecified)

/Users/jonahmicahinguito/dev/rotaract-connect/node_modules/expo-file-system/ios/Legacy/EXSessionTasks/EXSessionDownloadTaskDelegate.h:8:42: Block pointer is missing a nullability type specifier (_Nonnull, _Nullable, or _Null_unspecified)

/Users/jonahmicahinguito/dev/rotaract-connect/node_modules/expo-file-system/ios/Legacy/EXSessionTasks/EXSessionDownloadTaskDelegate.h:9:48: Pointer is missing a nullability type specifier (_Nonnull, _Nullable, or _Null_unspecified)

CompileC /Users/jonahmicahinguito/Library/Developer/Xcode/DerivedData/rotaractconnect-cjwcbdlngckcsaantafkjnfzfbdk/Build/Intermediates.noindex/Pods.build/Debug-iphoneos/ExpoFileSystem.build/Objects-normal/arm64/EXSessionCancelableUploadTaskDelegate.o /Users/jonahmicahinguito/dev/rotaract-connect/node_modules/expo-file-system/ios/Legacy/EXSessionTasks/EXSessionCancelableUploadTaskDelegate.m normal arm64 objective-c com.apple.compilers.llvm.clang.1_0.compiler (in target 'ExpoFileSystem' from project 'Pods')
    cd /Users/jonahmicahinguito/dev/rotaract-connect/ios/Pods
    
    Using response file: /Users/jonahmicahinguito/Library/Developer/Xcode/DerivedData/rotaractconnect-cjwcbdlngckcsaantafkjnfzfbdk/Build/Intermediates.noindex/Pods.build/Debug-iphoneos/ExpoFileSystem.build/Objects-normal/arm64/e6072d4f65d7061329687fe24e3d63a7-common-args.resp
    
    /Applications/Xcode.app/Contents/Developer/Toolchains/XcodeDefault.xctoolchain/usr/bin/clang -x objective-c -ivfsstatcache /Users/jonahmicahinguito/Library/Developer/Xcode/DerivedData/SDKStatCaches.noindex/iphoneos26.5-23F81a-32daed1954a7d5dd0789fcaf2a9bb78b.sdkstatcache -target arm64-apple-ios16.4 -fmessage-length\=0 -fdiagnostics-show-note-include-stack -fmacro-backtrace-limit\=0 -fno-color-diagnostics -fmodules-prune-interval\=86400 -fmodules-prune-after\=345600 -fbuild-session-file\=/Users/jonahmicahinguito/Library/Developer/Xcode/DerivedData/ModuleCache.noindex/Session.modulevalidation -fmodules-validate-once-per-build-session -Wnon-modular-include-in-framework-module -Werror\=non-modular-include-in-framework-module -Wno-trigraphs -Wno-missing-field-initializers -Wno-missing-prototypes -Werror\=return-type -Wdocumentation -Wunreachable-code -Wno-implicit-atomic-properties -Werror\=deprecated-objc-isa-usage -Wno-objc-interface-ivars -Werror\=objc-root-class -Wno-arc-repeated-use-of-weak -Wimplicit-retain-self -Wduplicate-method-match -Wno-missing-braces -Wparentheses -Wswitch -Wunused-function -Wno-unused-label -Wno-unused-parameter -Wunused-variable -Wunused-value -Wempty-body -Wuninitialized -Wconditional-uninitialized -Wno-unknown-pragmas -Wno-shadow -Wno-four-char-constants -Wno-conversion -Wconstant-conversion -Wint-conversion -Wbool-conversion -Wenum-conversion -Wno-float-conversion -Wnon-literal-null-conversion -Wobjc-literal-conversion -Wshorten-64-to-32 -Wpointer-sign -Wno-newline-eof -Wno-selector -Wno-strict-selector-match -Wundeclared-selector -Wdeprecated-implementations -Wno-implicit-fallthrough -isysroot /Applications/Xcode.app/Contents/Developer/Platforms/iPhoneOS.platform/Developer/SDKs/iPhoneOS26.5.sdk -fstrict-aliasing -Wprotocol -Wdeprecated-declarations -Wno-sign-conversion -Winfinite-recursion -Wcomma -Wblock-capture-autoreleasing -Wstrict-prototypes -Wno-semicolon-before-method-body -Wunguarded-availability -index-store-path /Users/jonahmicahinguito/Library/Developer/Xcode/DerivedData/rotaractconnect-cjwcbdlngckcsaantafkjnfzfbdk/Index.noindex/DataStore @/Users/jonahmicahinguito/Library/Developer/Xcode/DerivedData/rotaractconnect-cjwcbdlngckcsaantafkjnfzfbdk/Build/Intermediates.noindex/Pods.build/Debug-iphoneos/ExpoFileSystem.build/Objects-normal/arm64/e6072d4f65d7061329687fe24e3d63a7-common-args.resp -include /Users/jonahmicahinguito/dev/rotaract-connect/ios/Pods/Target\ Support\ Files/ExpoFileSystem/ExpoFileSystem-prefix.pch -MMD -MT dependencies -MF /Users/jonahmicahinguito/Library/Developer/Xcode/DerivedData/rotaractconnect-cjwcbdlngckcsaantafkjnfzfbdk/Build/Intermediates.noindex/Pods.build/Debug-iphoneos/ExpoFileSystem.build/Objects-normal/arm64/EXSessionCancelableUploadTaskDelegate.d --serialize-diagnostics /Users/jonahmicahinguito/Library/Developer/Xcode/DerivedData/rotaractconnect-cjwcbdlngckcsaantafkjnfzfbdk/Build/Intermediates.noindex/Pods.build/Debug-iphoneos/ExpoFileSystem.build/Objects-normal/arm64/EXSessionCancelableUploadTaskDelegate.dia -c /Users/jonahmicahinguito/dev/rotaract-connect/node_modules/expo-file-system/ios/Legacy/EXSessionTasks/EXSessionCancelableUploadTaskDelegate.m -o /Users/jonahmicahinguito/Library/Developer/Xcode/DerivedData/rotaractconnect-cjwcbdlngckcsaantafkjnfzfbdk/Build/Intermediates.noindex/Pods.build/Debug-iphoneos/ExpoFileSystem.build/Objects-normal/arm64/EXSessionCancelableUploadTaskDelegate.o -index-unit-output-path /Pods.build/Debug-iphoneos/ExpoFileSystem.build/Objects-normal/arm64/EXSessionCancelableUploadTaskDelegate.o

In file included from /Users/jonahmicahinguito/dev/rotaract-connect/node_modules/expo-file-system/ios/Legacy/EXSessionTasks/EXSessionCancelableUploadTaskDelegate.m:3:
In file included from /Users/jonahmicahinguito/dev/rotaract-connect/node_modules/expo-file-system/ios/Legacy/EXSessionTasks/EXSessionCancelableUploadTaskDelegate.h:3:
In file included from /Users/jonahmicahinguito/dev/rotaract-connect/node_modules/expo-file-system/ios/Legacy/EXSessionTasks/EXSessionUploadTaskDelegate.h:3:
/Users/jonahmicahinguito/dev/rotaract-connect/node_modules/expo-file-system/ios/Legacy/EXSessionTasks/EXSessionTaskDelegate.h:8:41: warning: block pointer is missing a nullability type specifier (_Nonnull, _Nullable, or _Null_unspecified) [-Wnullability-completeness]
    8 | @property (nonatomic, strong, readonly) EXPromiseResolveBlock resolve;
      |                                         ^
/Users/jonahmicahinguito/dev/rotaract-connect/node_modules/expo-file-system/ios/Legacy/EXSessionTasks/EXSessionTaskDelegate.h:8:41: note: insert '_Nullable' if the block pointer may be null
    8 | @property (nonatomic, strong, readonly) EXPromiseResolveBlock resolve;
      |                                         ^
      |                                                               _Nullable
/Users/jonahmicahinguito/dev/rotaract-connect/node_modules/expo-file-system/ios/Legacy/EXSessionTasks/EXSessionTaskDelegate.h:8:41: note: insert '_Nonnull' if the block pointer should never be null
    8 | @property (nonatomic, strong, readonly) EXPromiseResolveBlock resolve;
      |                                         ^
      |                                                               _Nonnull
/Users/jonahmicahinguito/dev/rotaract-connect/node_modules/expo-file-system/ios/Legacy/EXSessionTasks/EXSessionTaskDelegate.h:11:42: warning: block pointer is missing a nullability type specifier (_Nonnull, _Nullable, or _Null_unspecified) [-Wnullability-completeness]
   11 | - (nonnull instancetype)initWithResolve:(EXPromiseResolveBlock)resolve
      |                                          ^
/Users/jonahmicahinguito/dev/rotaract-connect/node_modules/expo-file-system/ios/Legacy/EXSessionTasks/EXSessionTaskDelegate.h:11:42: note: insert '_Nullable' if the block pointer may be null
   11 | - (nonnull instancetype)initWithResolve:(EXPromiseResolveBlock)resolve
      |                                          ^                    
      |                                                                _Nullable 
/Users/jonahmicahinguito/dev/rotaract-connect/node_modules/expo-file-system/ios/Legacy/EXSessionTasks/EXSessionTaskDelegate.h:11:42: note: insert '_Nonnull' if the block pointer should never be null
   11 | - (nonnull instancetype)initWithResolve:(EXPromiseResolveBlock)resolve
      |                                          ^                    
      |                                                                _Nonnull 
/Users/jonahmicahinguito/dev/rotaract-connect/node_modules/expo-file-system/ios/Legacy/EXSessionTasks/EXSessionTaskDelegate.h:12:42: warning: block pointer is missing a nullability type specifier (_Nonnull, _Nullable, or _Null_unspecified) [-Wnullability-completeness]
   12 |                                  reject:(EXPromiseRejectBlock)reject;
      |                                          ^
/Users/jonahmicahinguito/dev/rotaract-connect/node_modules/expo-file-system/ios/Legacy/EXSessionTasks/EXSessionTaskDelegate.h:12:42: note: insert '_Nullable' if the block pointer may be null
   12 |                                  reject:(EXPromiseRejectBlock)reject;
      |                                          ^                   
      |                                                               _Nullable 
/Users/jonahmicahinguito/dev/rotaract-connect/node_modules/expo-file-system/ios/Legacy/EXSessionTasks/EXSessionTaskDelegate.h:12:42: note: insert '_Nonnull' if the block pointer should never be null
   12 |                                  reject:(EXPromiseRejectBlock)reject;
      |                                          ^                   
      |                                                               _Nonnull 
/Users/jonahmicahinguito/dev/rotaract-connect/node_modules/expo-file-system/ios/Legacy/EXSessionTasks/EXSessionTaskDelegate.h:14:34: warning: pointer is missing a nullability type specifier (_Nonnull, _Nullable, or _Null_unspecified) [-Wnullability-completeness]
   14 | - (void)URLSession:(NSURLSession *)session downloadTask:(NSURLSessionDownloadTask *)downloadTask didFinishDownloadingToURL:(NSURL *)location;
      |                                  ^
/Users/jonahmicahinguito/dev/rotaract-connect/node_modules/expo-file-system/ios/Legacy/EXSessionTasks/EXSessionTaskDelegate.h:14:34: note: insert '_Nullable' if the pointer may be null
   14 | - (void)URLSession:(NSURLSession *)session downloadTask:(NSURLSessionDownloadTask *)downloadTask didFinishDownloadingToURL:(NSURL *)location;
      |                                  ^
      |                                   _Nullable
/Users/jonahmicahinguito/dev/rotaract-connect/node_modules/expo-file-system/ios/Legacy/EXSessionTasks/EXSessionTaskDelegate.h:14:34: note: insert '_Nonnull' if the pointer should never be null
   14 | - (void)URLSession:(NSURLSession *)session downloadTask:(NSURLSessionDownloadTask *)downloadTask didFinishDownloadingToURL:(NSURL *)location;
      |                                  ^
      |                                   _Nonnull
/Users/jonahmicahinguito/dev/rotaract-connect/node_modules/expo-file-system/ios/Legacy/EXSessionTasks/EXSessionTaskDelegate.h:14:83: warning: pointer is missing a nullability type specifier (_Nonnull, _Nullable, or _Null_unspecified) [-Wnullability-completeness]
   14 | - (void)URLSession:(NSURLSession *)session downloadTask:(NSURLSessionDownloadTask *)downloadTask didFinishDownloadingToURL:(NSURL *)location;
      |                                                                                   ^
/Users/jonahmicahinguito/dev/rotaract-connect/node_modules/expo-file-system/ios/Legacy/EXSessionTasks/EXSessionTaskDelegate.h:14:83: note: insert '_Nullable' if the pointer may be null
   14 | - (void)URLSession:(NSURLSession *)session downloadTask:(NSURLSessionDownloadTask *)downloadTask didFinishDownloadingToURL:(NSURL *)location;
      |                                                                                   ^
      |                                                                                    _Nullable
/Users/jonahmicahinguito/dev/rotaract-connect/node_modules/expo-file-system/ios/Legacy/EXSessionTasks/EXSessionTaskDelegate.h:14:83: note: insert '_Nonnull' if the pointer should never be null
   14 | - (void)URLSession:(NSURLSession *)session downloadTask:(NSURLSessionDownloadTask *)downloadTask didFinishDownloadingToURL:(NSURL *)location;
      |                                                                                   ^
      |                                                                                    _Nonnull
/Users/jonahmicahinguito/dev/rotaract-connect/node_modules/expo-file-system/ios/Legacy/EXSessionTasks/EXSessionTaskDelegate.h:14:131: warning: pointer is missing a nullability type specifier (_Nonnull, _Nullable, or _Null_unspecified) [-Wnullability-completeness]
   14 | - (void)URLSession:(NSURLSession *)session downloadTask:(NSURLSessionDownloadTask *)downloadTask didFinishDownloadingToURL:(NSURL *)location;
      |                                                                                                                                   ^
/Users/jonahmicahinguito/dev/rotaract-connect/node_modules/expo-file-system/ios/Legacy/EXSessionTasks/EXSessionTaskDelegate.h:14:131: note: insert '_Nullable' if the pointer may be null
   14 | - (void)URLSession:(NSURLSession *)session downloadTask:(NSURLSessionDownloadTask *)downloadTask didFinishDownloadingToURL:(NSURL *)location;
      |                                                                                                                                   ^
      |                                                                                                                                    _Nullable
/Users/jonahmicahinguito/dev/rotaract-connect/node_modules/expo-file-system/ios/Legacy/EXSessionTasks/EXSessionTaskDelegate.h:14:131: note: insert '_Nonnull' if the pointer should never be null
   14 | - (void)URLSession:(NSURLSession *)session downloadTask:(NSURLSessionDownloadTask *)downloadTask didFinishDownloadingToURL:(NSURL *)location;
      |                                                                                                                                   ^
      |                                                                                                                                    _Nonnull
/Users/jonahmicahinguito/dev/rotaract-connect/node_modules/expo-file-system/ios/Legacy/EXSessionTasks/EXSessionTaskDelegate.h:16:34: warning: pointer is missing a nullability type specifier (_Nonnull, _Nullable, or _Null_unspecified) [-Wnullability-completeness]
   16 | - (void)URLSession:(NSURLSession *)session task:(NSURLSessionTask *)task didCompleteWithError:(NSError *)error;
      |                                  ^
/Users/jonahmicahinguito/dev/rotaract-connect/node_modules/expo-file-system/ios/Legacy/EXSessionTasks/EXSessionTaskDelegate.h:16:34: note: insert '_Nullable' if the pointer may be null
   16 | - (void)URLSession:(NSURLSession *)session task:(NSURLSessionTask *)task didCompleteWithError:(NSError *)error;
      |                                  ^
      |                                   _Nullable
/Users/jonahmicahinguito/dev/rotaract-connect/node_modules/expo-file-system/ios/Legacy/EXSessionTasks/EXSessionTaskDelegate.h:16:34: note: insert '_Nonnull' if the pointer should never be null
   16 | - (void)URLSession:(NSURLSession *)session task:(NSURLSessionTask *)task didCompleteWithError:(NSError *)error;
      |                                  ^
      |                                   _Nonnull
/Users/jonahmicahinguito/dev/rotaract-connect/node_modules/expo-file-system/ios/Legacy/EXSessionTasks/EXSessionTaskDelegate.h:16:67: warning: pointer is missing a nullability type specifier (_Nonnull, _Nullable, or _Null_unspecified) [-Wnullability-completeness]
   16 | - (void)URLSession:(NSURLSession *)session task:(NSURLSessionTask *)task didCompleteWithError:(NSError *)error;
      |                                                                   ^
/Users/jonahmicahinguito/dev/rotaract-connect/node_modules/expo-file-system/ios/Legacy/EXSessionTasks/EXSessionTaskDelegate.h:16:67: note: insert '_Nullable' if the pointer may be null
   16 | - (void)URLSession:(NSURLSession *)session task:(NSURLSessionTask *)task didCompleteWithError:(NSError *)error;
      |                                                                   ^
      |                                                                    _Nullable
/Users/jonahmicahinguito/dev/rotaract-connect/node_modules/expo-file-system/ios/Legacy/EXSessionTasks/EXSessionTaskDelegate.h:16:67: note: insert '_Nonnull' if the pointer should never be null
   16 | - (void)URLSession:(NSURLSession *)session task:(NSURLSessionTask *)task didCompleteWithError:(NSError *)error;
      |                                                                   ^
      |                                                                    _Nonnull
/Users/jonahmicahinguito/dev/rotaract-connect/node_modules/expo-file-system/ios/Legacy/EXSessionTasks/EXSessionTaskDelegate.h:16:104: warning: pointer is missing a nullability type specifier (_Nonnull, _Nullable, or _Null_unspecified) [-Wnullability-completeness]
   16 | - (void)URLSession:(NSURLSession *)session task:(NSURLSessionTask *)task didCompleteWithError:(NSError *)error;
      |                                                                                                        ^
/Users/jonahmicahinguito/dev/rotaract-connect/node_modules/expo-file-system/ios/Legacy/EXSessionTasks/EXSessionTaskDelegate.h:16:104: note: insert '_Nullable' if the pointer may be null
   16 | - (void)URLSession:(NSURLSession *)session task:(NSURLSessionTask *)task didCompleteWithError:(NSError *)error;
      |                                                                                                        ^
      |                                                                                                         _Nullable
/Users/jonahmicahinguito/dev/rotaract-connect/node_modules/expo-file-system/ios/Legacy/EXSessionTasks/EXSessionTaskDelegate.h:16:104: note: insert '_Nonnull' if the pointer should never be null
   16 | - (void)URLSession:(NSURLSession *)session task:(NSURLSessionTask *)task didCompleteWithError:(NSError *)error;
      |                                                                                                        ^
      |                                                                                                         _Nonnull
/Users/jonahmicahinguito/dev/rotaract-connect/node_modules/expo-file-system/ios/Legacy/EXSessionTasks/EXSessionTaskDelegate.h:18:34: warning: pointer is missing a nullability type specifier (_Nonnull, _Nullable, or _Null_unspecified) [-Wnullability-completeness]
   18 | - (void)URLSession:(NSURLSession *)session downloadTask:(NSURLSessionDownloadTask *)downloadTask
      |                                  ^
/Users/jonahmicahinguito/dev/rotaract-connect/node_modules/expo-file-system/ios/Legacy/EXSessionTasks/EXSessionTaskDelegate.h:18:34: note: insert '_Nullable' if the pointer may be null
   18 | - (void)URLSession:(NSURLSession *)session downloadTask:(NSURLSessionDownloadTask *)downloadTask
      |                                  ^
      |                                   _Nullable
/Users/jonahmicahinguito/dev/rotaract-connect/node_modules/expo-file-system/ios/Legacy/EXSessionTasks/EXSessionTaskDelegate.h:18:34: note: insert '_Nonnull' if the pointer should never be null
   18 | - (void)URLSession:(NSURLSession *)session downloadTask:(NSURLSessionDownloadTask *)downloadTask
      |                                  ^
      |                                   _Nonnull
/Users/jonahmicahinguito/dev/rotaract-connect/node_modules/expo-file-system/ios/Legacy/EXSessionTasks/EXSessionTaskDelegate.h:18:83: warning: pointer is missing a nullability type specifier (_Nonnull, _Nullable, or _Null_unspecified) [-Wnullability-completeness]
   18 | - (void)URLSession:(NSURLSession *)session downloadTask:(NSURLSessionDownloadTask *)downloadTask
      |                                                                                   ^
/Users/jonahmicahinguito/dev/rotaract-connect/node_modules/expo-file-system/ios/Legacy/EXSessionTasks/EXSessionTaskDelegate.h:18:83: note: insert '_Nullable' if the pointer may be null
   18 | - (void)URLSession:(NSURLSession *)session downloadTask:(NSURLSessionDownloadTask *)downloadTask
      |                                                                                   ^
      |                                                                                    _Nullable
/Users/jonahmicahinguito/dev/rotaract-connect/node_modules/expo-file-system/ios/Legacy/EXSessionTasks/EXSessionTaskDelegate.h:18:83: note: insert '_Nonnull' if the pointer should never be null
   18 | - (void)URLSession:(NSURLSession *)session downloadTask:(NSURLSessionDownloadTask *)downloadTask
      |                                                                                   ^
      |                                                                                    _Nonnull
/Users/jonahmicahinguito/dev/rotaract-connect/node_modules/expo-file-system/ios/Legacy/EXSessionTasks/EXSessionTaskDelegate.h:23:34: warning: pointer is missing a nullability type specifier (_Nonnull, _Nullable, or _Null_unspecified) [-Wnullability-completeness]
   23 | - (void)URLSession:(NSURLSession *)session dataTask:(NSURLSessionDataTask *)dataTask didReceiveData:(NSData *)data;
      |                                  ^
/Users/jonahmicahinguito/dev/rotaract-connect/node_modules/expo-file-system/ios/Legacy/EXSessionTasks/EXSessionTaskDelegate.h:23:34: note: insert '_Nullable' if the pointer may be null
   23 | - (void)URLSession:(NSURLSession *)session dataTask:(NSURLSessionDataTask *)dataTask didReceiveData:(NSData *)data;
      |                                  ^
      |                                   _Nullable
/Users/jonahmicahinguito/dev/rotaract-connect/node_modules/expo-file-system/ios/Legacy/EXSessionTasks/EXSessionTaskDelegate.h:23:34: note: insert '_Nonnull' if the pointer should never be null
   23 | - (void)URLSession:(NSURLSession *)session dataTask:(NSURLSessionDataTask *)dataTask didReceiveData:(NSData *)data;
      |                                  ^
      |                                   _Nonnull
/Users/jonahmicahinguito/dev/rotaract-connect/node_modules/expo-file-system/ios/Legacy/EXSessionTasks/EXSessionTaskDelegate.h:23:75: warning: pointer is missing a nullability type specifier (_Nonnull, _Nullable, or _Null_unspecified) [-Wnullability-completeness]
   23 | - (void)URLSession:(NSURLSession *)session dataTask:(NSURLSessionDataTask *)dataTask didReceiveData:(NSData *)data;
      |                                                                           ^
/Users/jonahmicahinguito/dev/rotaract-connect/node_modules/expo-file-system/ios/Legacy/EXSessionTasks/EXSessionTaskDelegate.h:23:75: note: insert '_Nullable' if the pointer may be null
   23 | - (void)URLSession:(NSURLSession *)session dataTask:(NSURLSessionDataTask *)dataTask didReceiveData:(NSData *)data;
      |                                                                           ^
      |                                                                            _Nullable
/Users/jonahmicahinguito/dev/rotaract-connect/node_modules/expo-file-system/ios/Legacy/EXSessionTasks/EXSessionTaskDelegate.h:23:75: note: insert '_Nonnull' if the pointer should never be null
   23 | - (void)URLSession:(NSURLSession *)session dataTask:(NSURLSessionDataTask *)dataTask didReceiveData:(NSData *)data;
      |                                                                           ^
      |                                                                            _Nonnull
/Users/jonahmicahinguito/dev/rotaract-connect/node_modules/expo-file-system/ios/Legacy/EXSessionTasks/EXSessionTaskDelegate.h:23:109: warning: pointer is missing a nullability type specifier (_Nonnull, _Nullable, or _Null_unspecified) [-Wnullability-completeness]
   23 | - (void)URLSession:(NSURLSession *)session dataTask:(NSURLSessionDataTask *)dataTask didReceiveData:(NSData *)data;
      |                                                                                                             ^
/Users/jonahmicahinguito/dev/rotaract-connect/node_modules/expo-file-system/ios/Legacy/EXSessionTasks/EXSessionTaskDelegate.h:23:109: note: insert '_Nullable' if the pointer may be null
   23 | - (void)URLSession:(NSURLSession *)session dataTask:(NSURLSessionDataTask *)dataTask didReceiveData:(NSData *)data;
      |                                                                                                             ^
      |                                                                                                              _Nullable
/Users/jonahmicahinguito/dev/rotaract-connect/node_modules/expo-file-system/ios/Legacy/EXSessionTasks/EXSessionTaskDelegate.h:23:109: note: insert '_Nonnull' if the pointer should never be null
   23 | - (void)URLSession:(NSURLSession *)session dataTask:(NSURLSessionDataTask *)dataTask didReceiveData:(NSData *)data;
      |                                                                                                             ^
      |                                                                                                              _Nonnull
/Users/jonahmicahinguito/dev/rotaract-connect/node_modules/expo-file-system/ios/Legacy/EXSessionTasks/EXSessionTaskDelegate.h:25:34: warning: pointer is missing a nullability type specifier (_Nonnull, _Nullable, or _Null_unspecified) [-Wnullability-completeness]
   25 | - (void)URLSession:(NSURLSession *)session task:(NSURLSessionTask *)task
      |                                  ^
/Users/jonahmicahinguito/dev/rotaract-connect/node_modules/expo-file-system/ios/Legacy/EXSessionTasks/EXSessionTaskDelegate.h:25:34: note: insert '_Nullable' if the pointer may be null
   25 | - (void)URLSession:(NSURLSession *)session task:(NSURLSessionTask *)task
      |                                  ^
      |                                   _Nullable
/Users/jonahmicahinguito/dev/rotaract-connect/node_modules/expo-file-system/ios/Legacy/EXSessionTasks/EXSessionTaskDelegate.h:25:34: note: insert '_Nonnull' if the pointer should never be null
   25 | - (void)URLSession:(NSURLSession *)session task:(NSURLSessionTask *)task
      |                                  ^
      |                                   _Nonnull
/Users/jonahmicahinguito/dev/rotaract-connect/node_modules/expo-file-system/ios/Legacy/EXSessionTasks/EXSessionTaskDelegate.h:25:67: warning: pointer is missing a nullability type specifier (_Nonnull, _Nullable, or _Null_unspecified) [-Wnullability-completeness]
   25 | - (void)URLSession:(NSURLSession *)session task:(NSURLSessionTask *)task
      |                                                                   ^
/Users/jonahmicahinguito/dev/rotaract-connect/node_modules/expo-file-system/ios/Legacy/EXSessionTasks/EXSessionTaskDelegate.h:25:67: note: insert '_Nullable' if the pointer may be null
   25 | - (void)URLSession:(NSURLSession *)session task:(NSURLSessionTask *)task
      |                                                                   ^
      |                                                                    _Nullable
/Users/jonahmicahinguito/dev/rotaract-connect/node_modules/expo-file-system/ios/Legacy/EXSessionTasks/EXSessionTaskDelegate.h:25:67: note: insert '_Nonnull' if the pointer should never be null
   25 | - (void)URLSession:(NSURLSession *)session task:(NSURLSessionTask *)task
      |                                                                   ^
      |                                                                    _Nonnull
/Users/jonahmicahinguito/dev/rotaract-connect/node_modules/expo-file-system/ios/Legacy/EXSessionTasks/EXSessionTaskDelegate.h:30:17: warning: pointer is missing a nullability type specifier (_Nonnull, _Nullable, or _Null_unspecified) [-Wnullability-completeness]
   30 | - (NSDictionary *)parseServerResponse:(NSURLResponse *)response;
      |                 ^
/Users/jonahmicahinguito/dev/rotaract-connect/node_modules/expo-file-system/ios/Legacy/EXSessionTasks/EXSessionTaskDelegate.h:30:17: note: insert '_Nullable' if the pointer may be null
   30 | - (NSDictionary *)parseServerResponse:(NSURLResponse *)response;
      |                 ^
      |                  _Nullable
/Users/jonahmicahinguito/dev/rotaract-connect/node_modules/expo-file-system/ios/Legacy/EXSessionTasks/EXSessionTaskDelegate.h:30:17: note: insert '_Nonnull' if the pointer should never be null
   30 | - (NSDictionary *)parseServerResponse:(NSURLResponse *)response;
      |                 ^
      |                  _Nonnull
/Users/jonahmicahinguito/dev/rotaract-connect/node_modules/expo-file-system/ios/Legacy/EXSessionTasks/EXSessionTaskDelegate.h:30:54: warning: pointer is missing a nullability type specifier (_Nonnull, _Nullable, or _Null_unspecified) [-Wnullability-completeness]
   30 | - (NSDictionary *)parseServerResponse:(NSURLResponse *)response;
      |                                                      ^
/Users/jonahmicahinguito/dev/rotaract-connect/node_modules/expo-file-system/ios/Legacy/EXSessionTasks/EXSessionTaskDelegate.h:30:54: note: insert '_Nullable' if the pointer may be null
   30 | - (NSDictionary *)parseServerResponse:(NSURLResponse *)response;
      |                                                      ^
      |                                                       _Nullable
/Users/jonahmicahinguito/dev/rotaract-connect/node_modules/expo-file-system/ios/Legacy/EXSessionTasks/EXSessionTaskDelegate.h:30:54: note: insert '_Nonnull' if the pointer should never be null
   30 | - (NSDictionary *)parseServerResponse:(NSURLResponse *)response;
      |                                                      ^
      |                                                       _Nonnull
In file included from /Users/jonahmicahinguito/dev/rotaract-connect/node_modules/expo-file-system/ios/Legacy/EXSessionTasks/EXSessionCancelableUploadTaskDelegate.m:3:
/Users/jonahmicahinguito/dev/rotaract-connect/node_modules/expo-file-system/ios/Legacy/EXSessionTasks/EXSessionCancelableUploadTaskDelegate.h:6:71: warning: pointer is missing a nullability type specifier (_Nonnull, _Nullable, or _Null_unspecified) [-Wnullability-completeness]
    6 | typedef void (^EXUploadDelegateOnSendCallback)(NSURLSessionUploadTask *task, int64_t bytesSent, int64_t totalBytesSent, int64_t totalBytesExpectedToSend);
      |                                                                       ^
/Users/jonahmicahinguito/dev/rotaract-connect/node_modules/expo-file-system/ios/Legacy/EXSessionTasks/EXSessionCancelableUploadTaskDelegate.h:6:71: note: insert '_Nullable' if the pointer may be null
    6 | typedef void (^EXUploadDelegateOnSendCallback)(NSURLSessionUploadTask *task, int64_t bytesSent, int64_t totalBytesSent, int64_t totalBytesExpectedToSend);
      |                                                                       ^
      |                                                                         _Nullable 
/Users/jonahmicahinguito/dev/rotaract-connect/node_modules/expo-file-system/ios/Legacy/EXSessionTasks/EXSessionCancelableUploadTaskDelegate.h:6:71: note: insert '_Nonnull' if the pointer should never be null
    6 | typedef void (^EXUploadDelegateOnSendCallback)(NSURLSessionUploadTask *task, int64_t bytesSent, int64_t totalBytesSent, int64_t totalBytesExpectedToSend);
      |                                                                       ^
      |                                                                         _Nonnull 
/Users/jonahmicahinguito/dev/rotaract-connect/node_modules/expo-file-system/ios/Legacy/EXSessionTasks/EXSessionCancelableUploadTaskDelegate.h:10:42: warning: block pointer is missing a nullability type specifier (_Nonnull, _Nullable, or _Null_unspecified) [-Wnullability-completeness]
   10 | - (nonnull instancetype)initWithResolve:(EXPromiseResolveBlock)resolve
      |                                          ^
/Users/jonahmicahinguito/dev/rotaract-connect/node_modules/expo-file-system/ios/Legacy/EXSessionTasks/EXSessionCancelableUploadTaskDelegate.h:10:42: note: insert '_Nullable' if the block pointer may be null
   10 | - (nonnull instancetype)initWithResolve:(EXPromiseResolveBlock)resolve
      |                                          ^                    
      |                                                                _Nullable 
/Users/jonahmicahinguito/dev/rotaract-connect/node_modules/expo-file-system/ios/Legacy/EXSessionTasks/EXSessionCancelableUploadTaskDelegate.h:10:42: note: insert '_Nonnull' if the block pointer should never be null
   10 | - (nonnull instancetype)initWithResolve:(EXPromiseResolveBlock)resolve
      |                                          ^                    
      |                                                                _Nonnull 
/Users/jonahmicahinguito/dev/rotaract-connect/node_modules/expo-file-system/ios/Legacy/EXSessionTasks/EXSessionCancelableUploadTaskDelegate.h:11:42: warning: block pointer is missing a nullability type specifier (_Nonnull, _Nullable, or _Null_unspecified) [-Wnullability-completeness]
   11 |                                  reject:(EXPromiseRejectBlock)reject
      |                                          ^
/Users/jonahmicahinguito/dev/rotaract-connect/node_modules/expo-file-system/ios/Legacy/EXSessionTasks/EXSessionCancelableUploadTaskDelegate.h:11:42: note: insert '_Nullable' if the block pointer may be null
   11 |                                  reject:(EXPromiseRejectBlock)reject
      |                                          ^                   
      |                                                               _Nullable 
/Users/jonahmicahinguito/dev/rotaract-connect/node_modules/expo-file-system/ios/Legacy/EXSessionTasks/EXSessionCancelableUploadTaskDelegate.h:11:42: note: insert '_Nonnull' if the block pointer should never be null
   11 |                                  reject:(EXPromiseRejectBlock)reject
      |                                          ^                   
      |                                                               _Nonnull 
/Users/jonahmicahinguito/dev/rotaract-connect/node_modules/expo-file-system/ios/Legacy/EXSessionTasks/EXSessionCancelableUploadTaskDelegate.h:12:42: warning: block pointer is missing a nullability type specifier (_Nonnull, _Nullable, or _Null_unspecified) [-Wnullability-completeness]
   12 |                          onSendCallback:(EXUploadDelegateOnSendCallback)onSendCallback
      |                                          ^
/Users/jonahmicahinguito/dev/rotaract-connect/node_modules/expo-file-system/ios/Legacy/EXSessionTasks/EXSessionCancelableUploadTaskDelegate.h:12:42: note: insert '_Nullable' if the block pointer may be null
   12 |                          onSendCallback:(EXUploadDelegateOnSendCallback)onSendCallback
      |                                          ^                             
      |                                                                         _Nullable 
/Users/jonahmicahinguito/dev/rotaract-connect/node_modules/expo-file-system/ios/Legacy/EXSessionTasks/EXSessionCancelableUploadTaskDelegate.h:12:42: note: insert '_Nonnull' if the block pointer should never be null
   12 |                          onSendCallback:(EXUploadDelegateOnSendCallback)onSendCallback
      |                                          ^                             
      |                                                                         _Nonnull 
/Users/jonahmicahinguito/dev/rotaract-connect/node_modules/expo-file-system/ios/Legacy/EXSessionTasks/EXSessionCancelableUploadTaskDelegate.h:13:64: warning: pointer is missing a nullability type specifier (_Nonnull, _Nullable, or _Null_unspecified) [-Wnullability-completeness]
   13 |                        resumableManager:(EXTaskHandlersManager *)manager
      |                                                                ^
/Users/jonahmicahinguito/dev/rotaract-connect/node_modules/expo-file-system/ios/Legacy/EXSessionTasks/EXSessionCancelableUploadTaskDelegate.h:13:64: note: insert '_Nullable' if the pointer may be null
   13 |                        resumableManager:(EXTaskHandlersManager *)manager
      |                                                                ^
      |                                                                 _Nullable
/Users/jonahmicahinguito/dev/rotaract-connect/node_modules/expo-file-system/ios/Legacy/EXSessionTasks/EXSessionCancelableUploadTaskDelegate.h:13:64: note: insert '_Nonnull' if the pointer should never be null
   13 |                        resumableManager:(EXTaskHandlersManager *)manager
      |                                                                ^
      |                                                                 _Nonnull
/Users/jonahmicahinguito/dev/rotaract-connect/node_modules/expo-file-system/ios/Legacy/EXSessionTasks/EXSessionCancelableUploadTaskDelegate.h:14:51: warning: pointer is missing a nullability type specifier (_Nonnull, _Nullable, or _Null_unspecified) [-Wnullability-completeness]
   14 |                                    uuid:(NSString *)uuid;
      |                                                   ^
/Users/jonahmicahinguito/dev/rotaract-connect/node_modules/expo-file-system/ios/Legacy/EXSessionTasks/EXSessionCancelableUploadTaskDelegate.h:14:51: note: insert '_Nullable' if the pointer may be null
   14 |                                    uuid:(NSString *)uuid;
      |                                                   ^
      |                                                    _Nullable
/Users/jonahmicahinguito/dev/rotaract-connect/node_modules/expo-file-system/ios/Legacy/EXSessionTasks/EXSessionCancelableUploadTaskDelegate.h:14:51: note: insert '_Nonnull' if the pointer should never be null
   14 |                                    uuid:(NSString *)uuid;
      |                                                   ^
      |                                                    _Nonnull
/Users/jonahmicahinguito/dev/rotaract-connect/node_modules/expo-file-system/ios/Legacy/EXSessionTasks/EXSessionCancelableUploadTaskDelegate.m:51:21: warning: incompatible pointer types passing 'NSURLSessionTask *' to parameter of type 'NSURLSessionUploadTask *' [-Wincompatible-pointer-types]
   51 |     _onSendCallback(task, bytesSent, totalBytesSent, totalBytesExpectedToSend);
      |                     ^~~~
25 warnings generated.

/Users/jonahmicahinguito/dev/rotaract-connect/node_modules/expo-file-system/ios/Legacy/EXSessionTasks/EXSessionTaskDelegate.h:8:41: Block pointer is missing a nullability type specifier (_Nonnull, _Nullable, or _Null_unspecified)

/Users/jonahmicahinguito/dev/rotaract-connect/node_modules/expo-file-system/ios/Legacy/EXSessionTasks/EXSessionTaskDelegate.h:11:42: Block pointer is missing a nullability type specifier (_Nonnull, _Nullable, or _Null_unspecified)

/Users/jonahmicahinguito/dev/rotaract-connect/node_modules/expo-file-system/ios/Legacy/EXSessionTasks/EXSessionTaskDelegate.h:12:42: Block pointer is missing a nullability type specifier (_Nonnull, _Nullable, or _Null_unspecified)

/Users/jonahmicahinguito/dev/rotaract-connect/node_modules/expo-file-system/ios/Legacy/EXSessionTasks/EXSessionTaskDelegate.h:14:34: Pointer is missing a nullability type specifier (_Nonnull, _Nullable, or _Null_unspecified)

/Users/jonahmicahinguito/dev/rotaract-connect/node_modules/expo-file-system/ios/Legacy/EXSessionTasks/EXSessionTaskDelegate.h:14:83: Pointer is missing a nullability type specifier (_Nonnull, _Nullable, or _Null_unspecified)

/Users/jonahmicahinguito/dev/rotaract-connect/node_modules/expo-file-system/ios/Legacy/EXSessionTasks/EXSessionTaskDelegate.h:14:131: Pointer is missing a nullability type specifier (_Nonnull, _Nullable, or _Null_unspecified)

/Users/jonahmicahinguito/dev/rotaract-connect/node_modules/expo-file-system/ios/Legacy/EXSessionTasks/EXSessionTaskDelegate.h:16:34: Pointer is missing a nullability type specifier (_Nonnull, _Nullable, or _Null_unspecified)

/Users/jonahmicahinguito/dev/rotaract-connect/node_modules/expo-file-system/ios/Legacy/EXSessionTasks/EXSessionTaskDelegate.h:16:67: Pointer is missing a nullability type specifier (_Nonnull, _Nullable, or _Null_unspecified)

/Users/jonahmicahinguito/dev/rotaract-connect/node_modules/expo-file-system/ios/Legacy/EXSessionTasks/EXSessionTaskDelegate.h:16:104: Pointer is missing a nullability type specifier (_Nonnull, _Nullable, or _Null_unspecified)

/Users/jonahmicahinguito/dev/rotaract-connect/node_modules/expo-file-system/ios/Legacy/EXSessionTasks/EXSessionTaskDelegate.h:18:34: Pointer is missing a nullability type specifier (_Nonnull, _Nullable, or _Null_unspecified)

/Users/jonahmicahinguito/dev/rotaract-connect/node_modules/expo-file-system/ios/Legacy/EXSessionTasks/EXSessionTaskDelegate.h:18:83: Pointer is missing a nullability type specifier (_Nonnull, _Nullable, or _Null_unspecified)

/Users/jonahmicahinguito/dev/rotaract-connect/node_modules/expo-file-system/ios/Legacy/EXSessionTasks/EXSessionTaskDelegate.h:23:34: Pointer is missing a nullability type specifier (_Nonnull, _Nullable, or _Null_unspecified)

/Users/jonahmicahinguito/dev/rotaract-connect/node_modules/expo-file-system/ios/Legacy/EXSessionTasks/EXSessionTaskDelegate.h:23:75: Pointer is missing a nullability type specifier (_Nonnull, _Nullable, or _Null_unspecified)

/Users/jonahmicahinguito/dev/rotaract-connect/node_modules/expo-file-system/ios/Legacy/EXSessionTasks/EXSessionTaskDelegate.h:23:109: Pointer is missing a nullability type specifier (_Nonnull, _Nullable, or _Null_unspecified)

/Users/jonahmicahinguito/dev/rotaract-connect/node_modules/expo-file-system/ios/Legacy/EXSessionTasks/EXSessionTaskDelegate.h:25:34: Pointer is missing a nullability type specifier (_Nonnull, _Nullable, or _Null_unspecified)

/Users/jonahmicahinguito/dev/rotaract-connect/node_modules/expo-file-system/ios/Legacy/EXSessionTasks/EXSessionTaskDelegate.h:25:67: Pointer is missing a nullability type specifier (_Nonnull, _Nullable, or _Null_unspecified)

/Users/jonahmicahinguito/dev/rotaract-connect/node_modules/expo-file-system/ios/Legacy/EXSessionTasks/EXSessionTaskDelegate.h:30:17: Pointer is missing a nullability type specifier (_Nonnull, _Nullable, or _Null_unspecified)

/Users/jonahmicahinguito/dev/rotaract-connect/node_modules/expo-file-system/ios/Legacy/EXSessionTasks/EXSessionTaskDelegate.h:30:54: Pointer is missing a nullability type specifier (_Nonnull, _Nullable, or _Null_unspecified)

/Users/jonahmicahinguito/dev/rotaract-connect/node_modules/expo-file-system/ios/Legacy/EXSessionTasks/EXSessionCancelableUploadTaskDelegate.h:6:71: Pointer is missing a nullability type specifier (_Nonnull, _Nullable, or _Null_unspecified)

/Users/jonahmicahinguito/dev/rotaract-connect/node_modules/expo-file-system/ios/Legacy/EXSessionTasks/EXSessionCancelableUploadTaskDelegate.h:10:42: Block pointer is missing a nullability type specifier (_Nonnull, _Nullable, or _Null_unspecified)

/Users/jonahmicahinguito/dev/rotaract-connect/node_modules/expo-file-system/ios/Legacy/EXSessionTasks/EXSessionCancelableUploadTaskDelegate.h:11:42: Block pointer is missing a nullability type specifier (_Nonnull, _Nullable, or _Null_unspecified)

/Users/jonahmicahinguito/dev/rotaract-connect/node_modules/expo-file-system/ios/Legacy/EXSessionTasks/EXSessionCancelableUploadTaskDelegate.h:12:42: Block pointer is missing a nullability type specifier (_Nonnull, _Nullable, or _Null_unspecified)

/Users/jonahmicahinguito/dev/rotaract-connect/node_modules/expo-file-system/ios/Legacy/EXSessionTasks/EXSessionCancelableUploadTaskDelegate.h:13:64: Pointer is missing a nullability type specifier (_Nonnull, _Nullable, or _Null_unspecified)

/Users/jonahmicahinguito/dev/rotaract-connect/node_modules/expo-file-system/ios/Legacy/EXSessionTasks/EXSessionCancelableUploadTaskDelegate.h:14:51: Pointer is missing a nullability type specifier (_Nonnull, _Nullable, or _Null_unspecified)

/Users/jonahmicahinguito/dev/rotaract-connect/node_modules/expo-file-system/ios/Legacy/EXSessionTasks/EXSessionCancelableUploadTaskDelegate.m:51:21: Incompatible pointer types passing 'NSURLSessionTask *' to parameter of type 'NSURLSessionUploadTask *'

CompileC /Users/jonahmicahinguito/Library/Developer/Xcode/DerivedData/rotaractconnect-cjwcbdlngckcsaantafkjnfzfbdk/Build/Intermediates.noindex/Pods.build/Debug-iphoneos/ExpoFileSystem.build/Objects-normal/arm64/EXFileSystemLocalFileHandler.o /Users/jonahmicahinguito/dev/rotaract-connect/node_modules/expo-file-system/ios/Legacy/EXFileSystemLocalFileHandler.m normal arm64 objective-c com.apple.compilers.llvm.clang.1_0.compiler (in target 'ExpoFileSystem' from project 'Pods')
    cd /Users/jonahmicahinguito/dev/rotaract-connect/ios/Pods
    
    Using response file: /Users/jonahmicahinguito/Library/Developer/Xcode/DerivedData/rotaractconnect-cjwcbdlngckcsaantafkjnfzfbdk/Build/Intermediates.noindex/Pods.build/Debug-iphoneos/ExpoFileSystem.build/Objects-normal/arm64/e6072d4f65d7061329687fe24e3d63a7-common-args.resp
    
    /Applications/Xcode.app/Contents/Developer/Toolchains/XcodeDefault.xctoolchain/usr/bin/clang -x objective-c -ivfsstatcache /Users/jonahmicahinguito/Library/Developer/Xcode/DerivedData/SDKStatCaches.noindex/iphoneos26.5-23F81a-32daed1954a7d5dd0789fcaf2a9bb78b.sdkstatcache -target arm64-apple-ios16.4 -fmessage-length\=0 -fdiagnostics-show-note-include-stack -fmacro-backtrace-limit\=0 -fno-color-diagnostics -fmodules-prune-interval\=86400 -fmodules-prune-after\=345600 -fbuild-session-file\=/Users/jonahmicahinguito/Library/Developer/Xcode/DerivedData/ModuleCache.noindex/Session.modulevalidation -fmodules-validate-once-per-build-session -Wnon-modular-include-in-framework-module -Werror\=non-modular-include-in-framework-module -Wno-trigraphs -Wno-missing-field-initializers -Wno-missing-prototypes -Werror\=return-type -Wdocumentation -Wunreachable-code -Wno-implicit-atomic-properties -Werror\=deprecated-objc-isa-usage -Wno-objc-interface-ivars -Werror\=objc-root-class -Wno-arc-repeated-use-of-weak -Wimplicit-retain-self -Wduplicate-method-match -Wno-missing-braces -Wparentheses -Wswitch -Wunused-function -Wno-unused-label -Wno-unused-parameter -Wunused-variable -Wunused-value -Wempty-body -Wuninitialized -Wconditional-uninitialized -Wno-unknown-pragmas -Wno-shadow -Wno-four-char-constants -Wno-conversion -Wconstant-conversion -Wint-conversion -Wbool-conversion -Wenum-conversion -Wno-float-conversion -Wnon-literal-null-conversion -Wobjc-literal-conversion -Wshorten-64-to-32 -Wpointer-sign -Wno-newline-eof -Wno-selector -Wno-strict-selector-match -Wundeclared-selector -Wdeprecated-implementations -Wno-implicit-fallthrough -isysroot /Applications/Xcode.app/Contents/Developer/Platforms/iPhoneOS.platform/Developer/SDKs/iPhoneOS26.5.sdk -fstrict-aliasing -Wprotocol -Wdeprecated-declarations -Wno-sign-conversion -Winfinite-recursion -Wcomma -Wblock-capture-autoreleasing -Wstrict-prototypes -Wno-semicolon-before-method-body -Wunguarded-availability -index-store-path /Users/jonahmicahinguito/Library/Developer/Xcode/DerivedData/rotaractconnect-cjwcbdlngckcsaantafkjnfzfbdk/Index.noindex/DataStore @/Users/jonahmicahinguito/Library/Developer/Xcode/DerivedData/rotaractconnect-cjwcbdlngckcsaantafkjnfzfbdk/Build/Intermediates.noindex/Pods.build/Debug-iphoneos/ExpoFileSystem.build/Objects-normal/arm64/e6072d4f65d7061329687fe24e3d63a7-common-args.resp -include /Users/jonahmicahinguito/dev/rotaract-connect/ios/Pods/Target\ Support\ Files/ExpoFileSystem/ExpoFileSystem-prefix.pch -MMD -MT dependencies -MF /Users/jonahmicahinguito/Library/Developer/Xcode/DerivedData/rotaractconnect-cjwcbdlngckcsaantafkjnfzfbdk/Build/Intermediates.noindex/Pods.build/Debug-iphoneos/ExpoFileSystem.build/Objects-normal/arm64/EXFileSystemLocalFileHandler.d --serialize-diagnostics /Users/jonahmicahinguito/Library/Developer/Xcode/DerivedData/rotaractconnect-cjwcbdlngckcsaantafkjnfzfbdk/Build/Intermediates.noindex/Pods.build/Debug-iphoneos/ExpoFileSystem.build/Objects-normal/arm64/EXFileSystemLocalFileHandler.dia -c /Users/jonahmicahinguito/dev/rotaract-connect/node_modules/expo-file-system/ios/Legacy/EXFileSystemLocalFileHandler.m -o /Users/jonahmicahinguito/Library/Developer/Xcode/DerivedData/rotaractconnect-cjwcbdlngckcsaantafkjnfzfbdk/Build/Intermediates.noindex/Pods.build/Debug-iphoneos/ExpoFileSystem.build/Objects-normal/arm64/EXFileSystemLocalFileHandler.o -index-unit-output-path /Pods.build/Debug-iphoneos/ExpoFileSystem.build/Objects-normal/arm64/EXFileSystemLocalFileHandler.o

In file included from /Users/jonahmicahinguito/dev/rotaract-connect/node_modules/expo-file-system/ios/Legacy/EXFileSystemLocalFileHandler.m:2:
In file included from /Users/jonahmicahinguito/dev/rotaract-connect/node_modules/expo-file-system/ios/Legacy/EXFileSystemLocalFileHandler.h:3:
In file included from /Users/jonahmicahinguito/dev/rotaract-connect/node_modules/expo-file-system/ios/Legacy/EXFileSystemHandler.h:3:
In file included from /Users/jonahmicahinguito/dev/rotaract-connect/ios/Pods/Headers/Public/ExpoModulesCore/ExpoModulesCore/ExpoModulesCore.h:16:
In file included from /Users/jonahmicahinguito/dev/rotaract-connect/ios/Pods/Headers/Public/ExpoModulesCore/ExpoModulesCore/EXFilePermissionModuleInterface.h:3:
/Users/jonahmicahinguito/dev/rotaract-connect/ios/Pods/Headers/Public/ExpoModulesCore/ExpoModulesCore/EXFileSystemInterface.h:14:42: warning: pointer is missing a nullability type specifier (_Nonnull, _Nullable, or _Null_unspecified) [-Wnullability-completeness]
   14 | @property (nonatomic, readonly) NSString *documentDirectory;
      |                                          ^
/Users/jonahmicahinguito/dev/rotaract-connect/ios/Pods/Headers/Public/ExpoModulesCore/ExpoModulesCore/EXFileSystemInterface.h:14:42: note: insert '_Nullable' if the pointer may be null
   14 | @property (nonatomic, readonly) NSString *documentDirectory;
      |                                          ^
      |                                            _Nullable 
/Users/jonahmicahinguito/dev/rotaract-connect/ios/Pods/Headers/Public/ExpoModulesCore/ExpoModulesCore/EXFileSystemInterface.h:14:42: note: insert '_Nonnull' if the pointer should never be null
   14 | @property (nonatomic, readonly) NSString *documentDirectory;
      |                                          ^
      |                                            _Nonnull 
/Users/jonahmicahinguito/dev/rotaract-connect/ios/Pods/Headers/Public/ExpoModulesCore/ExpoModulesCore/EXFileSystemInterface.h:20:57: warning: pointer is missing a nullability type specifier (_Nonnull, _Nullable, or _Null_unspecified) [-Wnullability-completeness]
   20 | - (nonnull NSString *)generatePathInDirectory:(NSString *)directory withExtension:(NSString *)extension;
      |                                                         ^
/Users/jonahmicahinguito/dev/rotaract-connect/ios/Pods/Headers/Public/ExpoModulesCore/ExpoModulesCore/EXFileSystemInterface.h:20:57: note: insert '_Nullable' if the pointer may be null
   20 | - (nonnull NSString *)generatePathInDirectory:(NSString *)directory withExtension:(NSString *)extension;
      |                                                         ^
      |                                                          _Nullable
/Users/jonahmicahinguito/dev/rotaract-connect/ios/Pods/Headers/Public/ExpoModulesCore/ExpoModulesCore/EXFileSystemInterface.h:20:57: note: insert '_Nonnull' if the pointer should never be null
   20 | - (nonnull NSString *)generatePathInDirectory:(NSString *)directory withExtension:(NSString *)extension;
      |                                                         ^
      |                                                          _Nonnull
/Users/jonahmicahinguito/dev/rotaract-connect/ios/Pods/Headers/Public/ExpoModulesCore/ExpoModulesCore/EXFileSystemInterface.h:20:93: warning: pointer is missing a nullability type specifier (_Nonnull, _Nullable, or _Null_unspecified) [-Wnullability-completeness]
   20 | - (nonnull NSString *)generatePathInDirectory:(NSString *)directory withExtension:(NSString *)extension;
      |                                                                                             ^
/Users/jonahmicahinguito/dev/rotaract-connect/ios/Pods/Headers/Public/ExpoModulesCore/ExpoModulesCore/EXFileSystemInterface.h:20:93: note: insert '_Nullable' if the pointer may be null
   20 | - (nonnull NSString *)generatePathInDirectory:(NSString *)directory withExtension:(NSString *)extension;
      |                                                                                             ^
      |                                                                                              _Nullable
/Users/jonahmicahinguito/dev/rotaract-connect/ios/Pods/Headers/Public/ExpoModulesCore/ExpoModulesCore/EXFileSystemInterface.h:20:93: note: insert '_Nonnull' if the pointer should never be null
   20 | - (nonnull NSString *)generatePathInDirectory:(NSString *)directory withExtension:(NSString *)extension;
      |                                                                                             ^
      |                                                                                              _Nonnull
/Users/jonahmicahinguito/dev/rotaract-connect/ios/Pods/Headers/Public/ExpoModulesCore/ExpoModulesCore/EXFileSystemInterface.h:21:43: warning: pointer is missing a nullability type specifier (_Nonnull, _Nullable, or _Null_unspecified) [-Wnullability-completeness]
   21 | - (BOOL)ensureDirExistsWithPath:(NSString *)path;
      |                                           ^
/Users/jonahmicahinguito/dev/rotaract-connect/ios/Pods/Headers/Public/ExpoModulesCore/ExpoModulesCore/EXFileSystemInterface.h:21:43: note: insert '_Nullable' if the pointer may be null
   21 | - (BOOL)ensureDirExistsWithPath:(NSString *)path;
      |                                           ^
      |                                            _Nullable
/Users/jonahmicahinguito/dev/rotaract-connect/ios/Pods/Headers/Public/ExpoModulesCore/ExpoModulesCore/EXFileSystemInterface.h:21:43: note: insert '_Nonnull' if the pointer should never be null
   21 | - (BOOL)ensureDirExistsWithPath:(NSString *)path;
      |                                           ^
      |                                            _Nonnull
4 warnings generated.

/Users/jonahmicahinguito/dev/rotaract-connect/ios/Pods/Headers/Public/ExpoModulesCore/ExpoModulesCore/EXFileSystemInterface.h:14:42: Pointer is missing a nullability type specifier (_Nonnull, _Nullable, or _Null_unspecified)

/Users/jonahmicahinguito/dev/rotaract-connect/ios/Pods/Headers/Public/ExpoModulesCore/ExpoModulesCore/EXFileSystemInterface.h:20:57: Pointer is missing a nullability type specifier (_Nonnull, _Nullable, or _Null_unspecified)

/Users/jonahmicahinguito/dev/rotaract-connect/ios/Pods/Headers/Public/ExpoModulesCore/ExpoModulesCore/EXFileSystemInterface.h:20:93: Pointer is missing a nullability type specifier (_Nonnull, _Nullable, or _Null_unspecified)

/Users/jonahmicahinguito/dev/rotaract-connect/ios/Pods/Headers/Public/ExpoModulesCore/ExpoModulesCore/EXFileSystemInterface.h:21:43: Pointer is missing a nullability type specifier (_Nonnull, _Nullable, or _Null_unspecified)

CompileC /Users/jonahmicahinguito/Library/Developer/Xcode/DerivedData/rotaractconnect-cjwcbdlngckcsaantafkjnfzfbdk/Build/Intermediates.noindex/Pods.build/Debug-iphoneos/ExpoFileSystem.build/Objects-normal/arm64/EXFileSystemAssetLibraryHandler.o /Users/jonahmicahinguito/dev/rotaract-connect/node_modules/expo-file-system/ios/Legacy/EXFileSystemAssetLibraryHandler.m normal arm64 objective-c com.apple.compilers.llvm.clang.1_0.compiler (in target 'ExpoFileSystem' from project 'Pods')
    cd /Users/jonahmicahinguito/dev/rotaract-connect/ios/Pods
    
    Using response file: /Users/jonahmicahinguito/Library/Developer/Xcode/DerivedData/rotaractconnect-cjwcbdlngckcsaantafkjnfzfbdk/Build/Intermediates.noindex/Pods.build/Debug-iphoneos/ExpoFileSystem.build/Objects-normal/arm64/e6072d4f65d7061329687fe24e3d63a7-common-args.resp
    
    /Applications/Xcode.app/Contents/Developer/Toolchains/XcodeDefault.xctoolchain/usr/bin/clang -x objective-c -ivfsstatcache /Users/jonahmicahinguito/Library/Developer/Xcode/DerivedData/SDKStatCaches.noindex/iphoneos26.5-23F81a-32daed1954a7d5dd0789fcaf2a9bb78b.sdkstatcache -target arm64-apple-ios16.4 -fmessage-length\=0 -fdiagnostics-show-note-include-stack -fmacro-backtrace-limit\=0 -fno-color-diagnostics -fmodules-prune-interval\=86400 -fmodules-prune-after\=345600 -fbuild-session-file\=/Users/jonahmicahinguito/Library/Developer/Xcode/DerivedData/ModuleCache.noindex/Session.modulevalidation -fmodules-validate-once-per-build-session -Wnon-modular-include-in-framework-module -Werror\=non-modular-include-in-framework-module -Wno-trigraphs -Wno-missing-field-initializers -Wno-missing-prototypes -Werror\=return-type -Wdocumentation -Wunreachable-code -Wno-implicit-atomic-properties -Werror\=deprecated-objc-isa-usage -Wno-objc-interface-ivars -Werror\=objc-root-class -Wno-arc-repeated-use-of-weak -Wimplicit-retain-self -Wduplicate-method-match -Wno-missing-braces -Wparentheses -Wswitch -Wunused-function -Wno-unused-label -Wno-unused-parameter -Wunused-variable -Wunused-value -Wempty-body -Wuninitialized -Wconditional-uninitialized -Wno-unknown-pragmas -Wno-shadow -Wno-four-char-constants -Wno-conversion -Wconstant-conversion -Wint-conversion -Wbool-conversion -Wenum-conversion -Wno-float-conversion -Wnon-literal-null-conversion -Wobjc-literal-conversion -Wshorten-64-to-32 -Wpointer-sign -Wno-newline-eof -Wno-selector -Wno-strict-selector-match -Wundeclared-selector -Wdeprecated-implementations -Wno-implicit-fallthrough -isysroot /Applications/Xcode.app/Contents/Developer/Platforms/iPhoneOS.platform/Developer/SDKs/iPhoneOS26.5.sdk -fstrict-aliasing -Wprotocol -Wdeprecated-declarations -Wno-sign-conversion -Winfinite-recursion -Wcomma -Wblock-capture-autoreleasing -Wstrict-prototypes -Wno-semicolon-before-method-body -Wunguarded-availability -index-store-path /Users/jonahmicahinguito/Library/Developer/Xcode/DerivedData/rotaractconnect-cjwcbdlngckcsaantafkjnfzfbdk/Index.noindex/DataStore @/Users/jonahmicahinguito/Library/Developer/Xcode/DerivedData/rotaractconnect-cjwcbdlngckcsaantafkjnfzfbdk/Build/Intermediates.noindex/Pods.build/Debug-iphoneos/ExpoFileSystem.build/Objects-normal/arm64/e6072d4f65d7061329687fe24e3d63a7-common-args.resp -include /Users/jonahmicahinguito/dev/rotaract-connect/ios/Pods/Target\ Support\ Files/ExpoFileSystem/ExpoFileSystem-prefix.pch -MMD -MT dependencies -MF /Users/jonahmicahinguito/Library/Developer/Xcode/DerivedData/rotaractconnect-cjwcbdlngckcsaantafkjnfzfbdk/Build/Intermediates.noindex/Pods.build/Debug-iphoneos/ExpoFileSystem.build/Objects-normal/arm64/EXFileSystemAssetLibraryHandler.d --serialize-diagnostics /Users/jonahmicahinguito/Library/Developer/Xcode/DerivedData/rotaractconnect-cjwcbdlngckcsaantafkjnfzfbdk/Build/Intermediates.noindex/Pods.build/Debug-iphoneos/ExpoFileSystem.build/Objects-normal/arm64/EXFileSystemAssetLibraryHandler.dia -c /Users/jonahmicahinguito/dev/rotaract-connect/node_modules/expo-file-system/ios/Legacy/EXFileSystemAssetLibraryHandler.m -o /Users/jonahmicahinguito/Library/Developer/Xcode/DerivedData/rotaractconnect-cjwcbdlngckcsaantafkjnfzfbdk/Build/Intermediates.noindex/Pods.build/Debug-iphoneos/ExpoFileSystem.build/Objects-normal/arm64/EXFileSystemAssetLibraryHandler.o -index-unit-output-path /Pods.build/Debug-iphoneos/ExpoFileSystem.build/Objects-normal/arm64/EXFileSystemAssetLibraryHandler.o

In file included from /Users/jonahmicahinguito/dev/rotaract-connect/node_modules/expo-file-system/ios/Legacy/EXFileSystemAssetLibraryHandler.m:2:
In file included from /Users/jonahmicahinguito/dev/rotaract-connect/node_modules/expo-file-system/ios/Legacy/EXFileSystemAssetLibraryHandler.h:2:
In file included from /Users/jonahmicahinguito/dev/rotaract-connect/node_modules/expo-file-system/ios/Legacy/EXFileSystemHandler.h:3:
In file included from /Users/jonahmicahinguito/dev/rotaract-connect/ios/Pods/Headers/Public/ExpoModulesCore/ExpoModulesCore/ExpoModulesCore.h:16:
In file included from /Users/jonahmicahinguito/dev/rotaract-connect/ios/Pods/Headers/Public/ExpoModulesCore/ExpoModulesCore/EXFilePermissionModuleInterface.h:3:
/Users/jonahmicahinguito/dev/rotaract-connect/ios/Pods/Headers/Public/ExpoModulesCore/ExpoModulesCore/EXFileSystemInterface.h:14:42: warning: pointer is missing a nullability type specifier (_Nonnull, _Nullable, or _Null_unspecified) [-Wnullability-completeness]
   14 | @property (nonatomic, readonly) NSString *documentDirectory;
      |                                          ^
/Users/jonahmicahinguito/dev/rotaract-connect/ios/Pods/Headers/Public/ExpoModulesCore/ExpoModulesCore/EXFileSystemInterface.h:14:42: note: insert '_Nullable' if the pointer may be null
   14 | @property (nonatomic, readonly) NSString *documentDirectory;
      |                                          ^
      |                                            _Nullable 
/Users/jonahmicahinguito/dev/rotaract-connect/ios/Pods/Headers/Public/ExpoModulesCore/ExpoModulesCore/EXFileSystemInterface.h:14:42: note: insert '_Nonnull' if the pointer should never be null
   14 | @property (nonatomic, readonly) NSString *documentDirectory;
      |                                          ^
      |                                            _Nonnull 
/Users/jonahmicahinguito/dev/rotaract-connect/ios/Pods/Headers/Public/ExpoModulesCore/ExpoModulesCore/EXFileSystemInterface.h:20:57: warning: pointer is missing a nullability type specifier (_Nonnull, _Nullable, or _Null_unspecified) [-Wnullability-completeness]
   20 | - (nonnull NSString *)generatePathInDirectory:(NSString *)directory withExtension:(NSString *)extension;
      |                                                         ^
/Users/jonahmicahinguito/dev/rotaract-connect/ios/Pods/Headers/Public/ExpoModulesCore/ExpoModulesCore/EXFileSystemInterface.h:20:57: note: insert '_Nullable' if the pointer may be null
   20 | - (nonnull NSString *)generatePathInDirectory:(NSString *)directory withExtension:(NSString *)extension;
      |                                                         ^
      |                                                          _Nullable
/Users/jonahmicahinguito/dev/rotaract-connect/ios/Pods/Headers/Public/ExpoModulesCore/ExpoModulesCore/EXFileSystemInterface.h:20:57: note: insert '_Nonnull' if the pointer should never be null
   20 | - (nonnull NSString *)generatePathInDirectory:(NSString *)directory withExtension:(NSString *)extension;
      |                                                         ^
      |                                                          _Nonnull
/Users/jonahmicahinguito/dev/rotaract-connect/ios/Pods/Headers/Public/ExpoModulesCore/ExpoModulesCore/EXFileSystemInterface.h:20:93: warning: pointer is missing a nullability type specifier (_Nonnull, _Nullable, or _Null_unspecified) [-Wnullability-completeness]
   20 | - (nonnull NSString *)generatePathInDirectory:(NSString *)directory withExtension:(NSString *)extension;
      |                                                                                             ^
/Users/jonahmicahinguito/dev/rotaract-connect/ios/Pods/Headers/Public/ExpoModulesCore/ExpoModulesCore/EXFileSystemInterface.h:20:93: note: insert '_Nullable' if the pointer may be null
   20 | - (nonnull NSString *)generatePathInDirectory:(NSString *)directory withExtension:(NSString *)extension;
      |                                                                                             ^
      |                                                                                              _Nullable
/Users/jonahmicahinguito/dev/rotaract-connect/ios/Pods/Headers/Public/ExpoModulesCore/ExpoModulesCore/EXFileSystemInterface.h:20:93: note: insert '_Nonnull' if the pointer should never be null
   20 | - (nonnull NSString *)generatePathInDirectory:(NSString *)directory withExtension:(NSString *)extension;
      |                                                                                             ^
      |                                                                                              _Nonnull
/Users/jonahmicahinguito/dev/rotaract-connect/ios/Pods/Headers/Public/ExpoModulesCore/ExpoModulesCore/EXFileSystemInterface.h:21:43: warning: pointer is missing a nullability type specifier (_Nonnull, _Nullable, or _Null_unspecified) [-Wnullability-completeness]
   21 | - (BOOL)ensureDirExistsWithPath:(NSString *)path;
      |                                           ^
/Users/jonahmicahinguito/dev/rotaract-connect/ios/Pods/Headers/Public/ExpoModulesCore/ExpoModulesCore/EXFileSystemInterface.h:21:43: note: insert '_Nullable' if the pointer may be null
   21 | - (BOOL)ensureDirExistsWithPath:(NSString *)path;
      |                                           ^
      |                                            _Nullable
/Users/jonahmicahinguito/dev/rotaract-connect/ios/Pods/Headers/Public/ExpoModulesCore/ExpoModulesCore/EXFileSystemInterface.h:21:43: note: insert '_Nonnull' if the pointer should never be null
   21 | - (BOOL)ensureDirExistsWithPath:(NSString *)path;
      |                                           ^
      |                                            _Nonnull
/Users/jonahmicahinguito/dev/rotaract-connect/node_modules/expo-file-system/ios/Legacy/EXFileSystemAssetLibraryHandler.m:117:21: warning: 'fetchAssetsWithALAssetURLs:options:' is deprecated: first deprecated in iOS 11 - Will be removed in a future release [-Wdeprecated-declarations]
  117 |     return [PHAsset fetchAssetsWithALAssetURLs:@[url] options:nil];
      |                     ^
In module 'Photos' imported from /Users/jonahmicahinguito/dev/rotaract-connect/node_modules/expo-file-system/ios/Legacy/EXFileSystemAssetLibraryHandler.m:5:
/Applications/Xcode.app/Contents/Developer/Platforms/iPhoneOS.platform/Developer/SDKs/iPhoneOS26.5.sdk/System/Library/Frameworks/Photos.framework/Headers/PHAsset.h:88:1: note: 'fetchAssetsWithALAssetURLs:options:' has been explicitly marked deprecated here
   88 | + (PHFetchResult<PHAsset *> *)fetchAssetsWithALAssetURLs:(NSArray<NSURL *> *)assetURLs options:(nullable PHFetchOptions *)options API_DEPRECATED("Will be removed in a future release", ios(8, 11), tvos(8, 11)) API_UNAVAILABLE(macos);
      | ^
5 warnings generated.

/Users/jonahmicahinguito/dev/rotaract-connect/ios/Pods/Headers/Public/ExpoModulesCore/ExpoModulesCore/EXFileSystemInterface.h:14:42: Pointer is missing a nullability type specifier (_Nonnull, _Nullable, or _Null_unspecified)

/Users/jonahmicahinguito/dev/rotaract-connect/ios/Pods/Headers/Public/ExpoModulesCore/ExpoModulesCore/EXFileSystemInterface.h:20:57: Pointer is missing a nullability type specifier (_Nonnull, _Nullable, or _Null_unspecified)

/Users/jonahmicahinguito/dev/rotaract-connect/ios/Pods/Headers/Public/ExpoModulesCore/ExpoModulesCore/EXFileSystemInterface.h:20:93: Pointer is missing a nullability type specifier (_Nonnull, _Nullable, or _Null_unspecified)

/Users/jonahmicahinguito/dev/rotaract-connect/ios/Pods/Headers/Public/ExpoModulesCore/ExpoModulesCore/EXFileSystemInterface.h:21:43: Pointer is missing a nullability type specifier (_Nonnull, _Nullable, or _Null_unspecified)

/Users/jonahmicahinguito/dev/rotaract-connect/node_modules/expo-file-system/ios/Legacy/EXFileSystemAssetLibraryHandler.m:117:21: 'fetchAssetsWithALAssetURLs:options:' is deprecated: first deprecated in iOS 11 - Will be removed in a future release

Libtool /Users/jonahmicahinguito/Library/Developer/Xcode/DerivedData/rotaractconnect-cjwcbdlngckcsaantafkjnfzfbdk/Build/Products/Debug-iphoneos/ExpoFileSystem/libExpoFileSystem.a normal (in target 'ExpoFileSystem' from project 'Pods')
    cd /Users/jonahmicahinguito/dev/rotaract-connect/ios/Pods
    /Applications/Xcode.app/Contents/Developer/Toolchains/XcodeDefault.xctoolchain/usr/bin/libtool -static -arch_only arm64 -D -syslibroot /Applications/Xcode.app/Contents/Developer/Platforms/iPhoneOS.platform/Developer/SDKs/iPhoneOS26.5.sdk -L/Users/jonahmicahinguito/Library/Developer/Xcode/DerivedData/rotaractconnect-cjwcbdlngckcsaantafkjnfzfbdk/Build/Products/Debug-iphoneos/ExpoFileSystem -filelist /Users/jonahmicahinguito/Library/Developer/Xcode/DerivedData/rotaractconnect-cjwcbdlngckcsaantafkjnfzfbdk/Build/Intermediates.noindex/Pods.build/Debug-iphoneos/ExpoFileSystem.build/Objects-normal/arm64/ExpoFileSystem.LinkFileList -dependency_info /Users/jonahmicahinguito/Library/Developer/Xcode/DerivedData/rotaractconnect-cjwcbdlngckcsaantafkjnfzfbdk/Build/Intermediates.noindex/Pods.build/Debug-iphoneos/ExpoFileSystem.build/Objects-normal/arm64/ExpoFileSystem_libtool_dependency_info.dat -o /Users/jonahmicahinguito/Library/Developer/Xcode/DerivedData/rotaractconnect-cjwcbdlngckcsaantafkjnfzfbdk/Build/Products/Debug-iphoneos/ExpoFileSystem/libExpoFileSystem.a

libtool: warning: 'NSData+EXFileSystem.o' has no symbols

'NSData+EXFileSystem.o' has no symbols


Build target ExpoDomWebView of project Pods with configuration Debug

SwiftCompile normal arm64 Compiling\ DomWebView.swift,\ DomWebViewBrowserScripts.swift,\ DomWebViewEnums.swift,\ DomWebViewModule.swift,\ DomWebViewRecords.swift,\ DomWebViewRegistry.swift,\ WeakDomWebViewRef.swift,\ WeakScriptMessageHandler.swift /Users/jonahmicahinguito/dev/rotaract-connect/node_modules/@expo/dom-webview/ios/DomWebView.swift /Users/jonahmicahinguito/dev/rotaract-connect/node_modules/@expo/dom-webview/ios/DomWebViewBrowserScripts.swift /Users/jonahmicahinguito/dev/rotaract-connect/node_modules/@expo/dom-webview/ios/DomWebViewEnums.swift /Users/jonahmicahinguito/dev/rotaract-connect/node_modules/@expo/dom-webview/ios/DomWebViewModule.swift /Users/jonahmicahinguito/dev/rotaract-connect/node_modules/@expo/dom-webview/ios/DomWebViewRecords.swift /Users/jonahmicahinguito/dev/rotaract-connect/node_modules/@expo/dom-webview/ios/DomWebViewRegistry.swift /Users/jonahmicahinguito/dev/rotaract-connect/node_modules/@expo/dom-webview/ios/WeakDomWebViewRef.swift /Users/jonahmicahinguito/dev/rotaract-connect/node_modules/@expo/dom-webview/ios/WeakScriptMessageHandler.swift (in target 'ExpoDomWebView' from project 'Pods')

CompileSwift normal arm64 (in target 'ExpoDomWebView' from project 'Pods')
    cd /Users/jonahmicahinguito/dev/rotaract-connect/ios/Pods
    

<module-includes>:1:9: note: in file included from <module-includes>:1:
#import "React-Core-umbrella.h"
        ^
/Users/jonahmicahinguito/dev/rotaract-connect/ios/Pods/Headers/Public/React/React-Core-umbrella.h:37:9: note: in file included from /Users/jonahmicahinguito/dev/rotaract-connect/ios/Pods/Headers/Public/React/React-Core-umbrella.h:37:
#import "React/RCTRedBox+Internal.h"
        ^
/Users/jonahmicahinguito/dev/rotaract-connect/ios/Pods/Headers/Public/React-Core/React/RCTRedBox+Internal.h:17:44: warning: pointer is missing a nullability type specifier (_Nonnull, _Nullable, or _Null_unspecified)
- (void)redBoxController:(UIViewController *)redBoxController openStackFrameInEditor:(RCTJSStackFrame *)stackFrame;
                                           ^
/Users/jonahmicahinguito/dev/rotaract-connect/ios/Pods/Headers/Public/React-Core/React/RCTRedBox+Internal.h:17:44: note: insert '_Nullable' if the pointer may be null
- (void)redBoxController:(UIViewController *)redBoxController openStackFrameInEditor:(RCTJSStackFrame *)stackFrame;
                                           ^
/Users/jonahmicahinguito/dev/rotaract-connect/ios/Pods/Headers/Public/React-Core/React/RCTRedBox+Internal.h:17:44: note: insert '_Nonnull' if the pointer should never be null
- (void)redBoxController:(UIViewController *)redBoxController openStackFrameInEditor:(RCTJSStackFrame *)stackFrame;
                                           ^
<module-includes>:1:9: note: in file included from <module-includes>:1:
#import "React-Core-umbrella.h"
        ^
/Users/jonahmicahinguito/dev/rotaract-connect/ios/Pods/Headers/Public/React/React-Core-umbrella.h:40:9: note: in file included from /Users/jonahmicahinguito/dev/rotaract-connect/ios/Pods/Headers/Public/React/React-Core-umbrella.h:40:
#import "React/RCTRedBox2Controller+Internal.h"
        ^
/Users/jonahmicahinguito/dev/rotaract-connect/ios/Pods/Headers/Public/React-Core/React/RCTRedBox2Controller+Internal.h:20:4: warning: pointer is missing a nullability type specifier (_Nonnull, _Nullable, or _Null_unspecified)
- (instancetype)initWithCustomButtonTitles:(NSArray<NSString *> *)customButtonTitles
   ^
/Users/jonahmicahinguito/dev/rotaract-connect/ios/Pods/Headers/Public/React-Core/React/RCTRedBox2Controller+Internal.h:20:4: note: insert '_Nullable' if the pointer may be null
- (instancetype)initWithCustomButtonTitles:(NSArray<NSString *> *)customButtonTitles
   ^
/Users/jonahmicahinguito/dev/rotaract-connect/ios/Pods/Headers/Public/React-Core/React/RCTRedBox2Controller+Internal.h:20:4: note: insert '_Nonnull' if the pointer should never be null
- (instancetype)initWithCustomButtonTitles:(NSArray<NSString *> *)customButtonTitles
   ^
<module-includes>:1:9: note: in file included from <module-includes>:1:
#import "React-Core-umbrella.h"
        ^
/Users/jonahmicahinguito/dev/rotaract-connect/ios/Pods/Headers/Public/React/React-Core-umbrella.h:41:9: note: in file included from /Users/jonahmicahinguito/dev/rotaract-connect/ios/Pods/Headers/Public/React/React-Core-umbrella.h:41:
#import "React/RCTRedBox2ErrorParser+Internal.h"
        ^
/Users/jonahmicahinguito/dev/rotaract-connect/ios/Pods/Headers/Public/React-Core/React/RCTRedBox2ErrorParser+Internal.h:17:38: warning: pointer is missing a nullability type specifier (_Nonnull, _Nullable, or _Null_unspecified)
@property (nonatomic, copy) NSString *title;
                                     ^
/Users/jonahmicahinguito/dev/rotaract-connect/ios/Pods/Headers/Public/React-Core/React/RCTRedBox2ErrorParser+Internal.h:17:38: note: insert '_Nullable' if the pointer may be null
@property (nonatomic, copy) NSString *title;
                                     ^
/Users/jonahmicahinguito/dev/rotaract-connect/ios/Pods/Headers/Public/React-Core/React/RCTRedBox2ErrorParser+Internal.h:17:38: note: insert '_Nonnull' if the pointer should never be null
@property (nonatomic, copy) NSString *title;
                                     ^
<module-includes>:1:9: note: in file included from <module-includes>:1:
#import "React-Core-umbrella.h"
        ^
/Users/jonahmicahinguito/dev/rotaract-connect/ios/Pods/Headers/Public/React/React-Core-umbrella.h:41:9: note: in file included from /Users/jonahmicahinguito/dev/rotaract-connect/ios/Pods/Headers/Public/React/React-Core-umbrella.h:41:
#import "React/RCTRedBox2ErrorParser+Internal.h"
        ^
/Users/jonahmicahinguito/dev/rotaract-connect/ios/Pods/Headers/Public/React-Core/React/RCTRedBox2ErrorParser+Internal.h:41:24: warning: pointer is missing a nullability type specifier (_Nonnull, _Nullable, or _Null_unspecified)
+ (RCTRedBox2ErrorData *)parseErrorMessage:(NSString *)message
                       ^
/Users/jonahmicahinguito/dev/rotaract-connect/ios/Pods/Headers/Public/React-Core/React/RCTRedBox2ErrorParser+Internal.h:41:24: note: insert '_Nullable' if the pointer may be null
+ (RCTRedBox2ErrorData *)parseErrorMessage:(NSString *)message
                       ^
/Users/jonahmicahinguito/dev/rotaract-connect/ios/Pods/Headers/Public/React-Core/React/RCTRedBox2ErrorParser+Internal.h:41:24: note: insert '_Nonnull' if the pointer should never be null
+ (RCTRedBox2ErrorData *)parseErrorMessage:(NSString *)message
                       ^
<module-includes>:1:9: note: in file included from <module-includes>:1:
#import "React-Core-umbrella.h"
        ^
/Users/jonahmicahinguito/dev/rotaract-connect/ios/Pods/Headers/Public/React/React-Core-umbrella.h:41:9: note: in file included from /Users/jonahmicahinguito/dev/rotaract-connect/ios/Pods/Headers/Public/React/React-Core-umbrella.h:41:
#import "React/RCTRedBox2ErrorParser+Internal.h"
        ^
/Users/jonahmicahinguito/dev/rotaract-connect/ios/Pods/Headers/Public/React-Core/React/RCTRedBox2ErrorParser+Internal.h:41:54: warning: pointer is missing a nullability type specifier (_Nonnull, _Nullable, or _Null_unspecified)
+ (RCTRedBox2ErrorData *)parseErrorMessage:(NSString *)message
                                                     ^
/Users/jonahmicahinguito/dev/rotaract-connect/ios/Pods/Headers/Public/React-Core/React/RCTRedBox2ErrorParser+Internal.h:41:54: note: insert '_Nullable' if the pointer may be null
+ (RCTRedBox2ErrorData *)parseErrorMessage:(NSString *)message
                                                     ^
/Users/jonahmicahinguito/dev/rotaract-connect/ios/Pods/Headers/Public/React-Core/React/RCTRedBox2ErrorParser+Internal.h:41:54: note: insert '_Nonnull' if the pointer should never be null
+ (RCTRedBox2ErrorData *)parseErrorMessage:(NSString *)message
                                                     ^
<module-includes>:1:9: note: in file included from <module-includes>:1:
#import "React-Core-umbrella.h"
        ^
/Users/jonahmicahinguito/dev/rotaract-connect/ios/Pods/Headers/Public/React/React-Core-umbrella.h:47:9: note: in file included from /Users/jonahmicahinguito/dev/rotaract-connect/ios/Pods/Headers/Public/React/React-Core-umbrella.h:47:
#import "React/RCTWebSocketModule.h"
        ^
/Users/jonahmicahinguito/dev/rotaract-connect/ios/Pods/Headers/Public/React-Core/React/RCTWebSocketModule.h:23:21: warning: pointer is missing a nullability type specifier (_Nonnull, _Nullable, or _Null_unspecified)
typedef SRWebSocket * (^SRWebSocketProvider)(NSURLRequest *request);
                    ^
/Users/jonahmicahinguito/dev/rotaract-connect/ios/Pods/Headers/Public/React-Core/React/RCTWebSocketModule.h:23:21: note: insert '_Nullable' if the pointer may be null
typedef SRWebSocket * (^SRWebSocketProvider)(NSURLRequest *request);
                    ^
/Users/jonahmicahinguito/dev/rotaract-connect/ios/Pods/Headers/Public/React-Core/React/RCTWebSocketModule.h:23:21: note: insert '_Nonnull' if the pointer should never be null
typedef SRWebSocket * (^SRWebSocketProvider)(NSURLRequest *request);
                    ^
<module-includes>:1:9: note: in file included from <module-includes>:1:
#import "React-Core-umbrella.h"
        ^
/Users/jonahmicahinguito/dev/rotaract-connect/ios/Pods/Headers/Public/React/React-Core-umbrella.h:87:9: note: in file included from /Users/jonahmicahinguito/dev/rotaract-connect/ios/Pods/Headers/Public/React/React-Core-umbrella.h:87:
#import "React/RCTMultipartDataTask.h"
        ^
/Users/jonahmicahinguito/dev/rotaract-connect/ios/Pods/Headers/Public/React-Core/React/RCTMultipartDataTask.h:15:18: warning: pointer is missing a nullability type specifier (_Nonnull, _Nullable, or _Null_unspecified)
    NSDictionary *headers,
                 ^
/Users/jonahmicahinguito/dev/rotaract-connect/ios/Pods/Headers/Public/React-Core/React/RCTMultipartDataTask.h:15:18: note: insert '_Nullable' if the pointer may be null
    NSDictionary *headers,
                 ^
/Users/jonahmicahinguito/dev/rotaract-connect/ios/Pods/Headers/Public/React-Core/React/RCTMultipartDataTask.h:15:18: note: insert '_Nonnull' if the pointer should never be null
    NSDictionary *headers,
                 ^
<module-includes>:1:9: note: in file included from <module-includes>:1:
#import "React-Core-umbrella.h"
        ^
/Users/jonahmicahinguito/dev/rotaract-connect/ios/Pods/Headers/Public/React/React-Core-umbrella.h:87:9: note: in file included from /Users/jonahmicahinguito/dev/rotaract-connect/ios/Pods/Headers/Public/React/React-Core-umbrella.h:87:
#import "React/RCTMultipartDataTask.h"
        ^
/Users/jonahmicahinguito/dev/rotaract-connect/ios/Pods/Headers/Public/React-Core/React/RCTMultipartDataTask.h:26:65: warning: block pointer is missing a nullability type specifier (_Nonnull, _Nullable, or _Null_unspecified)
RCT_EXTERN void RCTSetCustomMultipartDataTaskRequestInterceptor(RCTMultipartDataTaskRequestInterceptor /*interceptor*/);
                                                                ^
/Users/jonahmicahinguito/dev/rotaract-connect/ios/Pods/Headers/Public/React-Core/React/RCTMultipartDataTask.h:26:65: note: insert '_Nullable' if the block pointer may be null
RCT_EXTERN void RCTSetCustomMultipartDataTaskRequestInterceptor(RCTMultipartDataTaskRequestInterceptor /*interceptor*/);
                                                                ^
/Users/jonahmicahinguito/dev/rotaract-connect/ios/Pods/Headers/Public/React-Core/React/RCTMultipartDataTask.h:26:65: note: insert '_Nonnull' if the block pointer should never be null
RCT_EXTERN void RCTSetCustomMultipartDataTaskRequestInterceptor(RCTMultipartDataTaskRequestInterceptor /*interceptor*/);
                                                                ^
<module-includes>:1:9: note: in file included from <module-includes>:1:
#import "React-Core-umbrella.h"
        ^
/Users/jonahmicahinguito/dev/rotaract-connect/ios/Pods/Headers/Public/React/React-Core-umbrella.h:87:9: note: in file included from /Users/jonahmicahinguito/dev/rotaract-connect/ios/Pods/Headers/Public/React/React-Core-umbrella.h:87:
#import "React/RCTMultipartDataTask.h"
        ^
/Users/jonahmicahinguito/dev/rotaract-connect/ios/Pods/Headers/Public/React-Core/React/RCTMultipartDataTask.h:30:4: warning: pointer is missing a nullability type specifier (_Nonnull, _Nullable, or _Null_unspecified)
- (instancetype)initWithURL:(NSURL *)url
   ^
/Users/jonahmicahinguito/dev/rotaract-connect/ios/Pods/Headers/Public/React-Core/React/RCTMultipartDataTask.h:30:4: note: insert '_Nullable' if the pointer may be null
- (instancetype)initWithURL:(NSURL *)url
   ^
/Users/jonahmicahinguito/dev/rotaract-connect/ios/Pods/Headers/Public/React-Core/React/RCTMultipartDataTask.h:30:4: note: insert '_Nonnull' if the pointer should never be null
- (instancetype)initWithURL:(NSURL *)url
   ^
<module-includes>:1:9: note: in file included from <module-includes>:1:
#import "React-Core-umbrella.h"
        ^
/Users/jonahmicahinguito/dev/rotaract-connect/ios/Pods/Headers/Public/React/React-Core-umbrella.h:87:9: note: in file included from /Users/jonahmicahinguito/dev/rotaract-connect/ios/Pods/Headers/Public/React/React-Core-umbrella.h:87:
#import "React/RCTMultipartDataTask.h"
        ^
/Users/jonahmicahinguito/dev/rotaract-connect/ios/Pods/Headers/Public/React-Core/React/RCTMultipartDataTask.h:30:36: warning: pointer is missing a nullability type specifier (_Nonnull, _Nullable, or _Null_unspecified)
- (instancetype)initWithURL:(NSURL *)url
                                   ^
/Users/jonahmicahinguito/dev/rotaract-connect/ios/Pods/Headers/Public/React-Core/React/RCTMultipartDataTask.h:30:36: note: insert '_Nullable' if the pointer may be null
- (instancetype)initWithURL:(NSURL *)url
                                   ^
/Users/jonahmicahinguito/dev/rotaract-connect/ios/Pods/Headers/Public/React-Core/React/RCTMultipartDataTask.h:30:36: note: insert '_Nonnull' if the pointer should never be null
- (instancetype)initWithURL:(NSURL *)url
                                   ^
<module-includes>:1:9: note: in file included from <module-includes>:1:
#import "React-Core-umbrella.h"
        ^
/Users/jonahmicahinguito/dev/rotaract-connect/ios/Pods/Headers/Public/React/React-Core-umbrella.h:87:9: note: in file included from /Users/jonahmicahinguito/dev/rotaract-connect/ios/Pods/Headers/Public/React/React-Core-umbrella.h:87:
#import "React/RCTMultipartDataTask.h"
        ^
/Users/jonahmicahinguito/dev/rotaract-connect/ios/Pods/Headers/Public/React-Core/React/RCTMultipartDataTask.h:31:30: warning: block pointer is missing a nullability type specifier (_Nonnull, _Nullable, or _Null_unspecified)
                partHandler:(RCTMultipartDataTaskCallback)partHandler
                             ^
/Users/jonahmicahinguito/dev/rotaract-connect/ios/Pods/Headers/Public/React-Core/React/RCTMultipartDataTask.h:31:30: note: insert '_Nullable' if the block pointer may be null
                partHandler:(RCTMultipartDataTaskCallback)partHandler
                             ^
/Users/jonahmicahinguito/dev/rotaract-connect/ios/Pods/Headers/Public/React-Core/React/RCTMultipartDataTask.h:31:30: note: insert '_Nonnull' if the block pointer should never be null
                partHandler:(RCTMultipartDataTaskCallback)partHandler
                             ^
<module-includes>:1:9: note: in file included from <module-includes>:1:
#import "React-Core-umbrella.h"
        ^
/Users/jonahmicahinguito/dev/rotaract-connect/ios/Pods/Headers/Public/React/React-Core-umbrella.h:87:9: note: in file included from /Users/jonahmicahinguito/dev/rotaract-connect/ios/Pods/Headers/Public/React/React-Core-umbrella.h:87:
#import "React/RCTMultipartDataTask.h"
        ^
/Users/jonahmicahinguito/dev/rotaract-connect/ios/Pods/Headers/Public/React-Core/React/RCTMultipartDataTask.h:32:30: warning: block pointer is missing a nullability type specifier (_Nonnull, _Nullable, or _Null_unspecified)
            progressHandler:(RCTMultipartProgressCallback)progressHandler;
                             ^
/Users/jonahmicahinguito/dev/rotaract-connect/ios/Pods/Headers/Public/React-Core/React/RCTMultipartDataTask.h:32:30: note: insert '_Nullable' if the block pointer may be null
            progressHandler:(RCTMultipartProgressCallback)progressHandler;
                             ^
/Users/jonahmicahinguito/dev/rotaract-connect/ios/Pods/Headers/Public/React-Core/React/RCTMultipartDataTask.h:32:30: note: insert '_Nonnull' if the block pointer should never be null
            progressHandler:(RCTMultipartProgressCallback)progressHandler;
                             ^
<module-includes>:1:9: note: in file included from <module-includes>:1:
#import "React-Core-umbrella.h"
        ^
/Users/jonahmicahinguito/dev/rotaract-connect/ios/Pods/Headers/Public/React/React-Core-umbrella.h:150:9: note: in file included from /Users/jonahmicahinguito/dev/rotaract-connect/ios/Pods/Headers/Public/React/React-Core-umbrella.h:150:
#import "React/RCTModalHostView.h"
        ^
/Users/jonahmicahinguito/dev/rotaract-connect/ios/Pods/Headers/Public/React-Core/React/RCTModalHostView.h:55:31: warning: 'RCTModalHostView' is deprecated: This API will be removed along with the legacy architecture.
- (void)presentModalHostView:(RCTModalHostView *)modalHostView
                              ^
/Users/jonahmicahinguito/dev/rotaract-connect/ios/Pods/Headers/Public/React-Core/React/RCTModalHostView.h:21:16: note: 'RCTModalHostView' has been explicitly marked deprecated here
__attribute__((deprecated("This API will be removed along with the legacy architecture.")))
               ^
<module-includes>:1:9: note: in file included from <module-includes>:1:
#import "React-Core-umbrella.h"
        ^
/Users/jonahmicahinguito/dev/rotaract-connect/ios/Pods/Headers/Public/React/React-Core-umbrella.h:150:9: note: in file included from /Users/jonahmicahinguito/dev/rotaract-connect/ios/Pods/Headers/Public/React/React-Core-umbrella.h:150:
#import "React/RCTModalHostView.h"
        ^
/Users/jonahmicahinguito/dev/rotaract-connect/ios/Pods/Headers/Public/React-Core/React/RCTModalHostView.h:58:31: warning: 'RCTModalHostView' is deprecated: This API will be removed along with the legacy architecture.
- (void)dismissModalHostView:(RCTModalHostView *)modalHostView
                              ^
/Users/jonahmicahinguito/dev/rotaract-connect/ios/Pods/Headers/Public/React-Core/React/RCTModalHostView.h:21:16: note: 'RCTModalHostView' has been explicitly marked deprecated here
__attribute__((deprecated("This API will be removed along with the legacy architecture.")))
               ^
<module-includes>:1:9: note: in file included from <module-includes>:1:
#import "React-Core-umbrella.h"
        ^
/Users/jonahmicahinguito/dev/rotaract-connect/ios/Pods/Headers/Public/React/React-Core-umbrella.h:156:9: note: in file included from /Users/jonahmicahinguito/dev/rotaract-connect/ios/Pods/Headers/Public/React/React-Core-umbrella.h:156:
#import "React/RCTShadowView+Internal.h"
        ^
/Users/jonahmicahinguito/dev/rotaract-connect/ios/Pods/Headers/Public/React-Core/React/RCTShadowView+Internal.h:16:40: warning: 'RCTRootShadowView' is deprecated: This API will be removed along with the legacy architecture.
@property (nonatomic, weak, readwrite) RCTRootShadowView *rootView;
                                       ^
/Users/jonahmicahinguito/dev/rotaract-connect/ios/Pods/Headers/Public/React-Core/React/RCTRootShadowView.h:11:16: note: 'RCTRootShadowView' has been explicitly marked deprecated here
__attribute__((deprecated("This API will be removed along with the legacy architecture.")))
               ^
<module-includes>:1:9: note: in file included from <module-includes>:1:
#import "React-Core-umbrella.h"
        ^
/Users/jonahmicahinguito/dev/rotaract-connect/ios/Pods/Headers/Public/React/React-Core-umbrella.h:247:9: note: in file included from /Users/jonahmicahinguito/dev/rotaract-connect/ios/Pods/Headers/Public/React/React-Core-umbrella.h:247:
#import "React/RCTHTTPRequestHandler.h"
        ^
/Users/jonahmicahinguito/dev/rotaract-connect/ios/Pods/Headers/Public/React-Core/React/RCTHTTPRequestHandler.h:11:35: warning: pointer is missing a nullability type specifier (_Nonnull, _Nullable, or _Null_unspecified)
typedef NSURLSessionConfiguration * (^NSURLSessionConfigurationProvider)(void);
                                  ^
/Users/jonahmicahinguito/dev/rotaract-connect/ios/Pods/Headers/Public/React-Core/React/RCTHTTPRequestHandler.h:11:35: note: insert '_Nullable' if the pointer may be null
typedef NSURLSessionConfiguration * (^NSURLSessionConfigurationProvider)(void);
                                  ^
/Users/jonahmicahinguito/dev/rotaract-connect/ios/Pods/Headers/Public/React-Core/React/RCTHTTPRequestHandler.h:11:35: note: insert '_Nonnull' if the pointer should never be null
typedef NSURLSessionConfiguration * (^NSURLSessionConfigurationProvider)(void);
                                  ^
<module-includes>:1:9: note: in file included from <module-includes>:1:
#import "React-Core-umbrella.h"
        ^
/Users/jonahmicahinguito/dev/rotaract-connect/ios/Pods/Headers/Public/React/React-Core-umbrella.h:247:9: note: in file included from /Users/jonahmicahinguito/dev/rotaract-connect/ios/Pods/Headers/Public/React/React-Core-umbrella.h:247:
#import "React/RCTHTTPRequestHandler.h"
        ^
/Users/jonahmicahinguito/dev/rotaract-connect/ios/Pods/Headers/Public/React-Core/React/RCTHTTPRequestHandler.h:24:52: warning: block pointer is missing a nullability type specifier (_Nonnull, _Nullable, or _Null_unspecified)
RCT_EXTERN void RCTSetCustomHTTPRequestInterceptor(RCTHTTPRequestInterceptor /*interceptor*/);
                                                   ^
/Users/jonahmicahinguito/dev/rotaract-connect/ios/Pods/Headers/Public/React-Core/React/RCTHTTPRequestHandler.h:24:52: note: insert '_Nullable' if the block pointer may be null
RCT_EXTERN void RCTSetCustomHTTPRequestInterceptor(RCTHTTPRequestInterceptor /*interceptor*/);
                                                   ^
/Users/jonahmicahinguito/dev/rotaract-connect/ios/Pods/Headers/Public/React-Core/React/RCTHTTPRequestHandler.h:24:52: note: insert '_Nonnull' if the block pointer should never be null
RCT_EXTERN void RCTSetCustomHTTPRequestInterceptor(RCTHTTPRequestInterceptor /*interceptor*/);
                                                   ^

/Users/jonahmicahinguito/dev/rotaract-connect/ios/Pods/<module-includes>:1:9: In file included from <module-includes>:1:

/Users/jonahmicahinguito/dev/rotaract-connect/ios/Pods/Headers/Public/React/React-Core-umbrella.h:37:9: In file included from /Users/jonahmicahinguito/dev/rotaract-connect/ios/Pods/Headers/Public/React/React-Core-umbrella.h:37:

/Users/jonahmicahinguito/dev/rotaract-connect/ios/Pods/Headers/Public/React-Core/React/RCTRedBox+Internal.h:17:44: Pointer is missing a nullability type specifier (_Nonnull, _Nullable, or _Null_unspecified)

/Users/jonahmicahinguito/dev/rotaract-connect/ios/Pods/Headers/Public/React-Core/React/RCTRedBox2Controller+Internal.h:20:4: Pointer is missing a nullability type specifier (_Nonnull, _Nullable, or _Null_unspecified)

/Users/jonahmicahinguito/dev/rotaract-connect/ios/Pods/Headers/Public/React-Core/React/RCTRedBox2ErrorParser+Internal.h:17:38: Pointer is missing a nullability type specifier (_Nonnull, _Nullable, or _Null_unspecified)

/Users/jonahmicahinguito/dev/rotaract-connect/ios/Pods/Headers/Public/React-Core/React/RCTRedBox2ErrorParser+Internal.h:41:24: Pointer is missing a nullability type specifier (_Nonnull, _Nullable, or _Null_unspecified)

/Users/jonahmicahinguito/dev/rotaract-connect/ios/Pods/Headers/Public/React-Core/React/RCTRedBox2ErrorParser+Internal.h:41:54: Pointer is missing a nullability type specifier (_Nonnull, _Nullable, or _Null_unspecified)

/Users/jonahmicahinguito/dev/rotaract-connect/ios/Pods/Headers/Public/React-Core/React/RCTWebSocketModule.h:23:21: Pointer is missing a nullability type specifier (_Nonnull, _Nullable, or _Null_unspecified)

/Users/jonahmicahinguito/dev/rotaract-connect/ios/Pods/Headers/Public/React-Core/React/RCTMultipartDataTask.h:15:18: Pointer is missing a nullability type specifier (_Nonnull, _Nullable, or _Null_unspecified)

/Users/jonahmicahinguito/dev/rotaract-connect/ios/Pods/Headers/Public/React-Core/React/RCTMultipartDataTask.h:26:65: Block pointer is missing a nullability type specifier (_Nonnull, _Nullable, or _Null_unspecified)

/Users/jonahmicahinguito/dev/rotaract-connect/ios/Pods/Headers/Public/React-Core/React/RCTMultipartDataTask.h:30:4: Pointer is missing a nullability type specifier (_Nonnull, _Nullable, or _Null_unspecified)

/Users/jonahmicahinguito/dev/rotaract-connect/ios/Pods/Headers/Public/React-Core/React/RCTMultipartDataTask.h:30:36: Pointer is missing a nullability type specifier (_Nonnull, _Nullable, or _Null_unspecified)

/Users/jonahmicahinguito/dev/rotaract-connect/ios/Pods/Headers/Public/React-Core/React/RCTMultipartDataTask.h:31:30: Block pointer is missing a nullability type specifier (_Nonnull, _Nullable, or _Null_unspecified)

/Users/jonahmicahinguito/dev/rotaract-connect/ios/Pods/Headers/Public/React-Core/React/RCTMultipartDataTask.h:32:30: Block pointer is missing a nullability type specifier (_Nonnull, _Nullable, or _Null_unspecified)

/Users/jonahmicahinguito/dev/rotaract-connect/ios/Pods/Headers/Public/React-Core/React/RCTModalHostView.h:55:31: 'RCTModalHostView' is deprecated: This API will be removed along with the legacy architecture.

/Users/jonahmicahinguito/dev/rotaract-connect/ios/Pods/Headers/Public/React-Core/React/RCTModalHostView.h:58:31: 'RCTModalHostView' is deprecated: This API will be removed along with the legacy architecture.

/Users/jonahmicahinguito/dev/rotaract-connect/ios/Pods/Headers/Public/React-Core/React/RCTShadowView+Internal.h:16:40: 'RCTRootShadowView' is deprecated: This API will be removed along with the legacy architecture.

/Users/jonahmicahinguito/dev/rotaract-connect/ios/Pods/Headers/Public/React-Core/React/RCTHTTPRequestHandler.h:11:35: Pointer is missing a nullability type specifier (_Nonnull, _Nullable, or _Null_unspecified)

/Users/jonahmicahinguito/dev/rotaract-connect/ios/Pods/Headers/Public/React-Core/React/RCTHTTPRequestHandler.h:24:52: Block pointer is missing a nullability type specifier (_Nonnull, _Nullable, or _Null_unspecified)


Build target ExpoDevice of project Pods with configuration Debug

SwiftCompile normal arm64 Compiling\ DeviceModule.swift,\ UIDevice.swift /Users/jonahmicahinguito/dev/rotaract-connect/node_modules/expo-device/ios/DeviceModule.swift /Users/jonahmicahinguito/dev/rotaract-connect/node_modules/expo-device/ios/UIDevice.swift (in target 'ExpoDevice' from project 'Pods')

CompileSwift normal arm64 (in target 'ExpoDevice' from project 'Pods')
    cd /Users/jonahmicahinguito/dev/rotaract-connect/ios/Pods
    

<module-includes>:1:9: note: in file included from <module-includes>:1:
#import "ExpoModulesCore-umbrella.h"
        ^
/Users/jonahmicahinguito/Library/Developer/Xcode/DerivedData/rotaractconnect-cjwcbdlngckcsaantafkjnfzfbdk/Build/Products/Debug-iphoneos/ExpoModulesCore/ExpoModulesCore-umbrella.h:19:9: note: in file included from /Users/jonahmicahinguito/Library/Developer/Xcode/DerivedData/rotaractconnect-cjwcbdlngckcsaantafkjnfzfbdk/Build/Products/Debug-iphoneos/ExpoModulesCore/ExpoModulesCore-umbrella.h:19:
#import "ExpoModulesCore/ExpoModulesCore.h"
        ^
/Users/jonahmicahinguito/dev/rotaract-connect/ios/Pods/Headers/Public/ExpoModulesCore/ExpoModulesCore/ExpoModulesCore.h:16:9: note: in file included from /Users/jonahmicahinguito/dev/rotaract-connect/ios/Pods/Headers/Public/ExpoModulesCore/ExpoModulesCore/ExpoModulesCore.h:16:
#import <ExpoModulesCore/EXFilePermissionModuleInterface.h>
        ^
/Users/jonahmicahinguito/dev/rotaract-connect/ios/Pods/Headers/Public/ExpoModulesCore/ExpoModulesCore/EXFilePermissionModuleInterface.h:3:9: note: in file included from /Users/jonahmicahinguito/dev/rotaract-connect/ios/Pods/Headers/Public/ExpoModulesCore/ExpoModulesCore/EXFilePermissionModuleInterface.h:3:
#import <ExpoModulesCore/EXFileSystemInterface.h>
        ^
/Users/jonahmicahinguito/dev/rotaract-connect/ios/Pods/Headers/Public/ExpoModulesCore/ExpoModulesCore/EXFileSystemInterface.h:14:42: warning: pointer is missing a nullability type specifier (_Nonnull, _Nullable, or _Null_unspecified)
@property (nonatomic, readonly) NSString *documentDirectory;
                                         ^
/Users/jonahmicahinguito/dev/rotaract-connect/ios/Pods/Headers/Public/ExpoModulesCore/ExpoModulesCore/EXFileSystemInterface.h:14:42: note: insert '_Nullable' if the pointer may be null
@property (nonatomic, readonly) NSString *documentDirectory;
                                         ^
/Users/jonahmicahinguito/dev/rotaract-connect/ios/Pods/Headers/Public/ExpoModulesCore/ExpoModulesCore/EXFileSystemInterface.h:14:42: note: insert '_Nonnull' if the pointer should never be null
@property (nonatomic, readonly) NSString *documentDirectory;
                                         ^
<module-includes>:1:9: note: in file included from <module-includes>:1:
#import "ExpoModulesCore-umbrella.h"
        ^
/Users/jonahmicahinguito/Library/Developer/Xcode/DerivedData/rotaractconnect-cjwcbdlngckcsaantafkjnfzfbdk/Build/Products/Debug-iphoneos/ExpoModulesCore/ExpoModulesCore-umbrella.h:19:9: note: in file included from /Users/jonahmicahinguito/Library/Developer/Xcode/DerivedData/rotaractconnect-cjwcbdlngckcsaantafkjnfzfbdk/Build/Products/Debug-iphoneos/ExpoModulesCore/ExpoModulesCore-umbrella.h:19:
#import "ExpoModulesCore/ExpoModulesCore.h"
        ^
/Users/jonahmicahinguito/dev/rotaract-connect/ios/Pods/Headers/Public/ExpoModulesCore/ExpoModulesCore/ExpoModulesCore.h:16:9: note: in file included from /Users/jonahmicahinguito/dev/rotaract-connect/ios/Pods/Headers/Public/ExpoModulesCore/ExpoModulesCore/ExpoModulesCore.h:16:
#import <ExpoModulesCore/EXFilePermissionModuleInterface.h>
        ^
/Users/jonahmicahinguito/dev/rotaract-connect/ios/Pods/Headers/Public/ExpoModulesCore/ExpoModulesCore/EXFilePermissionModuleInterface.h:3:9: note: in file included from /Users/jonahmicahinguito/dev/rotaract-connect/ios/Pods/Headers/Public/ExpoModulesCore/ExpoModulesCore/EXFilePermissionModuleInterface.h:3:
#import <ExpoModulesCore/EXFileSystemInterface.h>
        ^
/Users/jonahmicahinguito/dev/rotaract-connect/ios/Pods/Headers/Public/ExpoModulesCore/ExpoModulesCore/EXFileSystemInterface.h:20:57: warning: pointer is missing a nullability type specifier (_Nonnull, _Nullable, or _Null_unspecified)
- (nonnull NSString *)generatePathInDirectory:(NSString *)directory withExtension:(NSString *)extension;
                                                        ^
/Users/jonahmicahinguito/dev/rotaract-connect/ios/Pods/Headers/Public/ExpoModulesCore/ExpoModulesCore/EXFileSystemInterface.h:20:57: note: insert '_Nullable' if the pointer may be null
- (nonnull NSString *)generatePathInDirectory:(NSString *)directory withExtension:(NSString *)extension;
                                                        ^
/Users/jonahmicahinguito/dev/rotaract-connect/ios/Pods/Headers/Public/ExpoModulesCore/ExpoModulesCore/EXFileSystemInterface.h:20:57: note: insert '_Nonnull' if the pointer should never be null
- (nonnull NSString *)generatePathInDirectory:(NSString *)directory withExtension:(NSString *)extension;
                                                        ^
<module-includes>:1:9: note: in file included from <module-includes>:1:
#import "ExpoModulesCore-umbrella.h"
        ^
/Users/jonahmicahinguito/Library/Developer/Xcode/DerivedData/rotaractconnect-cjwcbdlngckcsaantafkjnfzfbdk/Build/Products/Debug-iphoneos/ExpoModulesCore/ExpoModulesCore-umbrella.h:19:9: note: in file included from /Users/jonahmicahinguito/Library/Developer/Xcode/DerivedData/rotaractconnect-cjwcbdlngckcsaantafkjnfzfbdk/Build/Products/Debug-iphoneos/ExpoModulesCore/ExpoModulesCore-umbrella.h:19:
#import "ExpoModulesCore/ExpoModulesCore.h"
        ^
/Users/jonahmicahinguito/dev/rotaract-connect/ios/Pods/Headers/Public/ExpoModulesCore/ExpoModulesCore/ExpoModulesCore.h:16:9: note: in file included from /Users/jonahmicahinguito/dev/rotaract-connect/ios/Pods/Headers/Public/ExpoModulesCore/ExpoModulesCore/ExpoModulesCore.h:16:
#import <ExpoModulesCore/EXFilePermissionModuleInterface.h>
        ^
/Users/jonahmicahinguito/dev/rotaract-connect/ios/Pods/Headers/Public/ExpoModulesCore/ExpoModulesCore/EXFilePermissionModuleInterface.h:3:9: note: in file included from /Users/jonahmicahinguito/dev/rotaract-connect/ios/Pods/Headers/Public/ExpoModulesCore/ExpoModulesCore/EXFilePermissionModuleInterface.h:3:
#import <ExpoModulesCore/EXFileSystemInterface.h>
        ^
/Users/jonahmicahinguito/dev/rotaract-connect/ios/Pods/Headers/Public/ExpoModulesCore/ExpoModulesCore/EXFileSystemInterface.h:20:93: warning: pointer is missing a nullability type specifier (_Nonnull, _Nullable, or _Null_unspecified)
- (nonnull NSString *)generatePathInDirectory:(NSString *)directory withExtension:(NSString *)extension;
                                                                                            ^
/Users/jonahmicahinguito/dev/rotaract-connect/ios/Pods/Headers/Public/ExpoModulesCore/ExpoModulesCore/EXFileSystemInterface.h:20:93: note: insert '_Nullable' if the pointer may be null
- (nonnull NSString *)generatePathInDirectory:(NSString *)directory withExtension:(NSString *)extension;
                                                                                            ^
/Users/jonahmicahinguito/dev/rotaract-connect/ios/Pods/Headers/Public/ExpoModulesCore/ExpoModulesCore/EXFileSystemInterface.h:20:93: note: insert '_Nonnull' if the pointer should never be null
- (nonnull NSString *)generatePathInDirectory:(NSString *)directory withExtension:(NSString *)extension;
                                                                                            ^
<module-includes>:1:9: note: in file included from <module-includes>:1:
#import "ExpoModulesCore-umbrella.h"
        ^
/Users/jonahmicahinguito/Library/Developer/Xcode/DerivedData/rotaractconnect-cjwcbdlngckcsaantafkjnfzfbdk/Build/Products/Debug-iphoneos/ExpoModulesCore/ExpoModulesCore-umbrella.h:19:9: note: in file included from /Users/jonahmicahinguito/Library/Developer/Xcode/DerivedData/rotaractconnect-cjwcbdlngckcsaantafkjnfzfbdk/Build/Products/Debug-iphoneos/ExpoModulesCore/ExpoModulesCore-umbrella.h:19:
#import "ExpoModulesCore/ExpoModulesCore.h"
        ^
/Users/jonahmicahinguito/dev/rotaract-connect/ios/Pods/Headers/Public/ExpoModulesCore/ExpoModulesCore/ExpoModulesCore.h:16:9: note: in file included from /Users/jonahmicahinguito/dev/rotaract-connect/ios/Pods/Headers/Public/ExpoModulesCore/ExpoModulesCore/ExpoModulesCore.h:16:
#import <ExpoModulesCore/EXFilePermissionModuleInterface.h>
        ^
/Users/jonahmicahinguito/dev/rotaract-connect/ios/Pods/Headers/Public/ExpoModulesCore/ExpoModulesCore/EXFilePermissionModuleInterface.h:3:9: note: in file included from /Users/jonahmicahinguito/dev/rotaract-connect/ios/Pods/Headers/Public/ExpoModulesCore/ExpoModulesCore/EXFilePermissionModuleInterface.h:3:
#import <ExpoModulesCore/EXFileSystemInterface.h>
        ^
/Users/jonahmicahinguito/dev/rotaract-connect/ios/Pods/Headers/Public/ExpoModulesCore/ExpoModulesCore/EXFileSystemInterface.h:21:43: warning: pointer is missing a nullability type specifier (_Nonnull, _Nullable, or _Null_unspecified)
- (BOOL)ensureDirExistsWithPath:(NSString *)path;
                                          ^
/Users/jonahmicahinguito/dev/rotaract-connect/ios/Pods/Headers/Public/ExpoModulesCore/ExpoModulesCore/EXFileSystemInterface.h:21:43: note: insert '_Nullable' if the pointer may be null
- (BOOL)ensureDirExistsWithPath:(NSString *)path;
                                          ^
/Users/jonahmicahinguito/dev/rotaract-connect/ios/Pods/Headers/Public/ExpoModulesCore/ExpoModulesCore/EXFileSystemInterface.h:21:43: note: insert '_Nonnull' if the pointer should never be null
- (BOOL)ensureDirExistsWithPath:(NSString *)path;
                                          ^
<module-includes>:1:9: note: in file included from <module-includes>:1:
#import "ExpoModulesCore-umbrella.h"
        ^
/Users/jonahmicahinguito/Library/Developer/Xcode/DerivedData/rotaractconnect-cjwcbdlngckcsaantafkjnfzfbdk/Build/Products/Debug-iphoneos/ExpoModulesCore/ExpoModulesCore-umbrella.h:19:9: note: in file included from /Users/jonahmicahinguito/Library/Developer/Xcode/DerivedData/rotaractconnect-cjwcbdlngckcsaantafkjnfzfbdk/Build/Products/Debug-iphoneos/ExpoModulesCore/ExpoModulesCore-umbrella.h:19:
#import "ExpoModulesCore/ExpoModulesCore.h"
        ^
/Users/jonahmicahinguito/dev/rotaract-connect/ios/Pods/Headers/Public/ExpoModulesCore/ExpoModulesCore/ExpoModulesCore.h:42:9: note: in file included from /Users/jonahmicahinguito/dev/rotaract-connect/ios/Pods/Headers/Public/ExpoModulesCore/ExpoModulesCore/ExpoModulesCore.h:42:
#import <ExpoModulesCore/EXModuleRegistryHolderReactModule.h>
        ^
/Users/jonahmicahinguito/dev/rotaract-connect/ios/Pods/Headers/Public/ExpoModulesCore/ExpoModulesCore/EXModuleRegistryHolderReactModule.h:7:58: warning: cannot find protocol definition for 'RCTBridgeModule'
@interface EXModuleRegistryHolderReactModule : NSObject <RCTBridgeModule>
                                                         ^
/Users/jonahmicahinguito/dev/rotaract-connect/ios/Pods/Headers/Public/ExpoModulesCore/ExpoModulesCore/EXModuleRegistryHolderReactModule.h:3:11: note: protocol 'RCTBridgeModule' has no definition
@protocol RCTBridgeModule;
          ^
/Users/jonahmicahinguito/dev/rotaract-connect/node_modules/expo-device/ios/DeviceModule.swift:129:12: warning: 'init(bytesNoCopy:length:encoding:freeWhenDone:)' was deprecated in iOS 16: String does not support no-copy initialization
    return String(bytesNoCopy: &buildBuffer, length: bufferSize - 1, encoding: .utf8, freeWhenDone: false)
           ^
/Users/jonahmicahinguito/dev/rotaract-connect/node_modules/expo-device/ios/DeviceModule.swift:138:23: warning: 'NXGetLocalArchInfo()' was deprecated in iOS 16.0
  guard let archRaw = NXGetLocalArchInfo().pointee.name else {
                      ^

/Users/jonahmicahinguito/dev/rotaract-connect/ios/Pods/<module-includes>:1:9: In file included from <module-includes>:1:

/Users/jonahmicahinguito/Library/Developer/Xcode/DerivedData/rotaractconnect-cjwcbdlngckcsaantafkjnfzfbdk/Build/Products/Debug-iphoneos/ExpoModulesCore/ExpoModulesCore-umbrella.h:19:9: In file included from /Users/jonahmicahinguito/Library/Developer/Xcode/DerivedData/rotaractconnect-cjwcbdlngckcsaantafkjnfzfbdk/Build/Products/Debug-iphoneos/ExpoModulesCore/ExpoModulesCore-umbrella.h:19:

/Users/jonahmicahinguito/dev/rotaract-connect/ios/Pods/Headers/Public/ExpoModulesCore/ExpoModulesCore/ExpoModulesCore.h:16:9: In file included from /Users/jonahmicahinguito/dev/rotaract-connect/ios/Pods/Headers/Public/ExpoModulesCore/ExpoModulesCore/ExpoModulesCore.h:16:

/Users/jonahmicahinguito/dev/rotaract-connect/ios/Pods/Headers/Public/ExpoModulesCore/ExpoModulesCore/EXFilePermissionModuleInterface.h:3:9: In file included from /Users/jonahmicahinguito/dev/rotaract-connect/ios/Pods/Headers/Public/ExpoModulesCore/ExpoModulesCore/EXFilePermissionModuleInterface.h:3:

/Users/jonahmicahinguito/dev/rotaract-connect/ios/Pods/Headers/Public/ExpoModulesCore/ExpoModulesCore/EXFileSystemInterface.h:14:42: Pointer is missing a nullability type specifier (_Nonnull, _Nullable, or _Null_unspecified)

/Users/jonahmicahinguito/dev/rotaract-connect/ios/Pods/Headers/Public/ExpoModulesCore/ExpoModulesCore/EXFileSystemInterface.h:20:57: Pointer is missing a nullability type specifier (_Nonnull, _Nullable, or _Null_unspecified)

/Users/jonahmicahinguito/dev/rotaract-connect/ios/Pods/Headers/Public/ExpoModulesCore/ExpoModulesCore/EXFileSystemInterface.h:20:93: Pointer is missing a nullability type specifier (_Nonnull, _Nullable, or _Null_unspecified)

/Users/jonahmicahinguito/dev/rotaract-connect/ios/Pods/Headers/Public/ExpoModulesCore/ExpoModulesCore/EXFileSystemInterface.h:21:43: Pointer is missing a nullability type specifier (_Nonnull, _Nullable, or _Null_unspecified)

/Users/jonahmicahinguito/dev/rotaract-connect/ios/Pods/Headers/Public/ExpoModulesCore/ExpoModulesCore/EXModuleRegistryHolderReactModule.h:7:58: Cannot find protocol definition for 'RCTBridgeModule'

/Users/jonahmicahinguito/dev/rotaract-connect/node_modules/expo-device/ios/DeviceModule.swift:129:12: 'init(bytesNoCopy:length:encoding:freeWhenDone:)' was deprecated in iOS 16: String does not support no-copy initialization

/Users/jonahmicahinguito/dev/rotaract-connect/node_modules/expo-device/ios/DeviceModule.swift:138:23: 'NXGetLocalArchInfo()' was deprecated in iOS 16.0


Build target ExpoAudio of project Pods with configuration Debug

SwiftCompile normal arm64 Compiling\ AudioComponentRegistry.swift,\ AudioExceptions.swift,\ AudioModule.swift,\ AudioPlayer.swift,\ AudioPlaylist.swift,\ AudioRecorder.swift,\ AudioRecordingRequester.swift,\ AudioRecords.swift,\ AudioSource.swift,\ AudioStream.swift,\ AudioUtils.swift,\ MediaController.swift,\ Playable.swift,\ RecordingDelegate.swift,\ StringConversions.swift /Users/jonahmicahinguito/dev/rotaract-connect/node_modules/expo-audio/ios/AudioComponentRegistry.swift /Users/jonahmicahinguito/dev/rotaract-connect/node_modules/expo-audio/ios/AudioExceptions.swift /Users/jonahmicahinguito/dev/rotaract-connect/node_modules/expo-audio/ios/AudioModule.swift /Users/jonahmicahinguito/dev/rotaract-connect/node_modules/expo-audio/ios/AudioPlayer.swift /Users/jonahmicahinguito/dev/rotaract-connect/node_modules/expo-audio/ios/AudioPlaylist.swift /Users/jonahmicahinguito/dev/rotaract-connect/node_modules/expo-audio/ios/AudioRecorder.swift /Users/jonahmicahinguito/dev/rotaract-connect/node_modules/expo-audio/ios/AudioRecordingRequester.swift /Users/jonahmicahinguito/dev/rotaract-connect/node_modules/expo-audio/ios/AudioRecords.swift /Users/jonahmicahinguito/dev/rotaract-connect/node_modules/expo-audio/ios/AudioSource.swift /Users/jonahmicahinguito/dev/rotaract-connect/node_modules/expo-audio/ios/AudioStream.swift /Users/jonahmicahinguito/dev/rotaract-connect/node_modules/expo-audio/ios/AudioUtils.swift /Users/jonahmicahinguito/dev/rotaract-connect/node_modules/expo-audio/ios/MediaController.swift /Users/jonahmicahinguito/dev/rotaract-connect/node_modules/expo-audio/ios/Playable.swift /Users/jonahmicahinguito/dev/rotaract-connect/node_modules/expo-audio/ios/RecordingDelegate.swift /Users/jonahmicahinguito/dev/rotaract-connect/node_modules/expo-audio/ios/StringConversions.swift (in target 'ExpoAudio' from project 'Pods')

CompileSwift normal arm64 (in target 'ExpoAudio' from project 'Pods')
    cd /Users/jonahmicahinguito/dev/rotaract-connect/ios/Pods
    

<module-includes>:1:9: note: in file included from <module-includes>:1:
#import "ExpoModulesCore-umbrella.h"
        ^
/Users/jonahmicahinguito/Library/Developer/Xcode/DerivedData/rotaractconnect-cjwcbdlngckcsaantafkjnfzfbdk/Build/Products/Debug-iphoneos/ExpoModulesCore/ExpoModulesCore-umbrella.h:19:9: note: in file included from /Users/jonahmicahinguito/Library/Developer/Xcode/DerivedData/rotaractconnect-cjwcbdlngckcsaantafkjnfzfbdk/Build/Products/Debug-iphoneos/ExpoModulesCore/ExpoModulesCore-umbrella.h:19:
#import "ExpoModulesCore/ExpoModulesCore.h"
        ^
/Users/jonahmicahinguito/dev/rotaract-connect/ios/Pods/Headers/Public/ExpoModulesCore/ExpoModulesCore/ExpoModulesCore.h:16:9: note: in file included from /Users/jonahmicahinguito/dev/rotaract-connect/ios/Pods/Headers/Public/ExpoModulesCore/ExpoModulesCore/ExpoModulesCore.h:16:
#import <ExpoModulesCore/EXFilePermissionModuleInterface.h>
        ^
/Users/jonahmicahinguito/dev/rotaract-connect/ios/Pods/Headers/Public/ExpoModulesCore/ExpoModulesCore/EXFilePermissionModuleInterface.h:3:9: note: in file included from /Users/jonahmicahinguito/dev/rotaract-connect/ios/Pods/Headers/Public/ExpoModulesCore/ExpoModulesCore/EXFilePermissionModuleInterface.h:3:
#import <ExpoModulesCore/EXFileSystemInterface.h>
        ^
/Users/jonahmicahinguito/dev/rotaract-connect/ios/Pods/Headers/Public/ExpoModulesCore/ExpoModulesCore/EXFileSystemInterface.h:14:42: warning: pointer is missing a nullability type specifier (_Nonnull, _Nullable, or _Null_unspecified)
@property (nonatomic, readonly) NSString *documentDirectory;
                                         ^
/Users/jonahmicahinguito/dev/rotaract-connect/ios/Pods/Headers/Public/ExpoModulesCore/ExpoModulesCore/EXFileSystemInterface.h:14:42: note: insert '_Nullable' if the pointer may be null
@property (nonatomic, readonly) NSString *documentDirectory;
                                         ^
/Users/jonahmicahinguito/dev/rotaract-connect/ios/Pods/Headers/Public/ExpoModulesCore/ExpoModulesCore/EXFileSystemInterface.h:14:42: note: insert '_Nonnull' if the pointer should never be null
@property (nonatomic, readonly) NSString *documentDirectory;
                                         ^
<module-includes>:1:9: note: in file included from <module-includes>:1:
#import "ExpoModulesCore-umbrella.h"
        ^
/Users/jonahmicahinguito/Library/Developer/Xcode/DerivedData/rotaractconnect-cjwcbdlngckcsaantafkjnfzfbdk/Build/Products/Debug-iphoneos/ExpoModulesCore/ExpoModulesCore-umbrella.h:19:9: note: in file included from /Users/jonahmicahinguito/Library/Developer/Xcode/DerivedData/rotaractconnect-cjwcbdlngckcsaantafkjnfzfbdk/Build/Products/Debug-iphoneos/ExpoModulesCore/ExpoModulesCore-umbrella.h:19:
#import "ExpoModulesCore/ExpoModulesCore.h"
        ^
/Users/jonahmicahinguito/dev/rotaract-connect/ios/Pods/Headers/Public/ExpoModulesCore/ExpoModulesCore/ExpoModulesCore.h:16:9: note: in file included from /Users/jonahmicahinguito/dev/rotaract-connect/ios/Pods/Headers/Public/ExpoModulesCore/ExpoModulesCore/ExpoModulesCore.h:16:
#import <ExpoModulesCore/EXFilePermissionModuleInterface.h>
        ^
/Users/jonahmicahinguito/dev/rotaract-connect/ios/Pods/Headers/Public/ExpoModulesCore/ExpoModulesCore/EXFilePermissionModuleInterface.h:3:9: note: in file included from /Users/jonahmicahinguito/dev/rotaract-connect/ios/Pods/Headers/Public/ExpoModulesCore/ExpoModulesCore/EXFilePermissionModuleInterface.h:3:
#import <ExpoModulesCore/EXFileSystemInterface.h>
        ^
/Users/jonahmicahinguito/dev/rotaract-connect/ios/Pods/Headers/Public/ExpoModulesCore/ExpoModulesCore/EXFileSystemInterface.h:20:57: warning: pointer is missing a nullability type specifier (_Nonnull, _Nullable, or _Null_unspecified)
- (nonnull NSString *)generatePathInDirectory:(NSString *)directory withExtension:(NSString *)extension;
                                                        ^
/Users/jonahmicahinguito/dev/rotaract-connect/ios/Pods/Headers/Public/ExpoModulesCore/ExpoModulesCore/EXFileSystemInterface.h:20:57: note: insert '_Nullable' if the pointer may be null
- (nonnull NSString *)generatePathInDirectory:(NSString *)directory withExtension:(NSString *)extension;
                                                        ^
/Users/jonahmicahinguito/dev/rotaract-connect/ios/Pods/Headers/Public/ExpoModulesCore/ExpoModulesCore/EXFileSystemInterface.h:20:57: note: insert '_Nonnull' if the pointer should never be null
- (nonnull NSString *)generatePathInDirectory:(NSString *)directory withExtension:(NSString *)extension;
                                                        ^
<module-includes>:1:9: note: in file included from <module-includes>:1:
#import "ExpoModulesCore-umbrella.h"
        ^
/Users/jonahmicahinguito/Library/Developer/Xcode/DerivedData/rotaractconnect-cjwcbdlngckcsaantafkjnfzfbdk/Build/Products/Debug-iphoneos/ExpoModulesCore/ExpoModulesCore-umbrella.h:19:9: note: in file included from /Users/jonahmicahinguito/Library/Developer/Xcode/DerivedData/rotaractconnect-cjwcbdlngckcsaantafkjnfzfbdk/Build/Products/Debug-iphoneos/ExpoModulesCore/ExpoModulesCore-umbrella.h:19:
#import "ExpoModulesCore/ExpoModulesCore.h"
        ^
/Users/jonahmicahinguito/dev/rotaract-connect/ios/Pods/Headers/Public/ExpoModulesCore/ExpoModulesCore/ExpoModulesCore.h:16:9: note: in file included from /Users/jonahmicahinguito/dev/rotaract-connect/ios/Pods/Headers/Public/ExpoModulesCore/ExpoModulesCore/ExpoModulesCore.h:16:
#import <ExpoModulesCore/EXFilePermissionModuleInterface.h>
        ^
/Users/jonahmicahinguito/dev/rotaract-connect/ios/Pods/Headers/Public/ExpoModulesCore/ExpoModulesCore/EXFilePermissionModuleInterface.h:3:9: note: in file included from /Users/jonahmicahinguito/dev/rotaract-connect/ios/Pods/Headers/Public/ExpoModulesCore/ExpoModulesCore/EXFilePermissionModuleInterface.h:3:
#import <ExpoModulesCore/EXFileSystemInterface.h>
        ^
/Users/jonahmicahinguito/dev/rotaract-connect/ios/Pods/Headers/Public/ExpoModulesCore/ExpoModulesCore/EXFileSystemInterface.h:20:93: warning: pointer is missing a nullability type specifier (_Nonnull, _Nullable, or _Null_unspecified)
- (nonnull NSString *)generatePathInDirectory:(NSString *)directory withExtension:(NSString *)extension;
                                                                                            ^
/Users/jonahmicahinguito/dev/rotaract-connect/ios/Pods/Headers/Public/ExpoModulesCore/ExpoModulesCore/EXFileSystemInterface.h:20:93: note: insert '_Nullable' if the pointer may be null
- (nonnull NSString *)generatePathInDirectory:(NSString *)directory withExtension:(NSString *)extension;
                                                                                            ^
/Users/jonahmicahinguito/dev/rotaract-connect/ios/Pods/Headers/Public/ExpoModulesCore/ExpoModulesCore/EXFileSystemInterface.h:20:93: note: insert '_Nonnull' if the pointer should never be null
- (nonnull NSString *)generatePathInDirectory:(NSString *)directory withExtension:(NSString *)extension;
                                                                                            ^
<module-includes>:1:9: note: in file included from <module-includes>:1:
#import "ExpoModulesCore-umbrella.h"
        ^
/Users/jonahmicahinguito/Library/Developer/Xcode/DerivedData/rotaractconnect-cjwcbdlngckcsaantafkjnfzfbdk/Build/Products/Debug-iphoneos/ExpoModulesCore/ExpoModulesCore-umbrella.h:19:9: note: in file included from /Users/jonahmicahinguito/Library/Developer/Xcode/DerivedData/rotaractconnect-cjwcbdlngckcsaantafkjnfzfbdk/Build/Products/Debug-iphoneos/ExpoModulesCore/ExpoModulesCore-umbrella.h:19:
#import "ExpoModulesCore/ExpoModulesCore.h"
        ^
/Users/jonahmicahinguito/dev/rotaract-connect/ios/Pods/Headers/Public/ExpoModulesCore/ExpoModulesCore/ExpoModulesCore.h:16:9: note: in file included from /Users/jonahmicahinguito/dev/rotaract-connect/ios/Pods/Headers/Public/ExpoModulesCore/ExpoModulesCore/ExpoModulesCore.h:16:
#import <ExpoModulesCore/EXFilePermissionModuleInterface.h>
        ^
/Users/jonahmicahinguito/dev/rotaract-connect/ios/Pods/Headers/Public/ExpoModulesCore/ExpoModulesCore/EXFilePermissionModuleInterface.h:3:9: note: in file included from /Users/jonahmicahinguito/dev/rotaract-connect/ios/Pods/Headers/Public/ExpoModulesCore/ExpoModulesCore/EXFilePermissionModuleInterface.h:3:
#import <ExpoModulesCore/EXFileSystemInterface.h>
        ^
/Users/jonahmicahinguito/dev/rotaract-connect/ios/Pods/Headers/Public/ExpoModulesCore/ExpoModulesCore/EXFileSystemInterface.h:21:43: warning: pointer is missing a nullability type specifier (_Nonnull, _Nullable, or _Null_unspecified)
- (BOOL)ensureDirExistsWithPath:(NSString *)path;
                                          ^
/Users/jonahmicahinguito/dev/rotaract-connect/ios/Pods/Headers/Public/ExpoModulesCore/ExpoModulesCore/EXFileSystemInterface.h:21:43: note: insert '_Nullable' if the pointer may be null
- (BOOL)ensureDirExistsWithPath:(NSString *)path;
                                          ^
/Users/jonahmicahinguito/dev/rotaract-connect/ios/Pods/Headers/Public/ExpoModulesCore/ExpoModulesCore/EXFileSystemInterface.h:21:43: note: insert '_Nonnull' if the pointer should never be null
- (BOOL)ensureDirExistsWithPath:(NSString *)path;
                                          ^
<module-includes>:1:9: note: in file included from <module-includes>:1:
#import "ExpoModulesCore-umbrella.h"
        ^
/Users/jonahmicahinguito/Library/Developer/Xcode/DerivedData/rotaractconnect-cjwcbdlngckcsaantafkjnfzfbdk/Build/Products/Debug-iphoneos/ExpoModulesCore/ExpoModulesCore-umbrella.h:19:9: note: in file included from /Users/jonahmicahinguito/Library/Developer/Xcode/DerivedData/rotaractconnect-cjwcbdlngckcsaantafkjnfzfbdk/Build/Products/Debug-iphoneos/ExpoModulesCore/ExpoModulesCore-umbrella.h:19:
#import "ExpoModulesCore/ExpoModulesCore.h"
        ^
/Users/jonahmicahinguito/dev/rotaract-connect/ios/Pods/Headers/Public/ExpoModulesCore/ExpoModulesCore/ExpoModulesCore.h:42:9: note: in file included from /Users/jonahmicahinguito/dev/rotaract-connect/ios/Pods/Headers/Public/ExpoModulesCore/ExpoModulesCore/ExpoModulesCore.h:42:
#import <ExpoModulesCore/EXModuleRegistryHolderReactModule.h>
        ^
/Users/jonahmicahinguito/dev/rotaract-connect/ios/Pods/Headers/Public/ExpoModulesCore/ExpoModulesCore/EXModuleRegistryHolderReactModule.h:7:58: warning: cannot find protocol definition for 'RCTBridgeModule'
@interface EXModuleRegistryHolderReactModule : NSObject <RCTBridgeModule>
                                                         ^
/Users/jonahmicahinguito/dev/rotaract-connect/ios/Pods/Headers/Public/ExpoModulesCore/ExpoModulesCore/EXModuleRegistryHolderReactModule.h:3:11: note: protocol 'RCTBridgeModule' has no definition
@protocol RCTBridgeModule;
          ^
/Users/jonahmicahinguito/dev/rotaract-connect/node_modules/expo-audio/ios/AudioExceptions.swift:3:22: warning: class 'InvalidCategoryException' must restate inherited '@unchecked Sendable' conformance
internal final class InvalidCategoryException: GenericException<String> {
                     ^
                                                                       , @unchecked Sendable
/Users/jonahmicahinguito/dev/rotaract-connect/node_modules/expo-audio/ios/AudioExceptions.swift:9:22: warning: class 'AudioStateException' must restate inherited '@unchecked Sendable' conformance
internal final class AudioStateException: GenericException<String> {
                     ^
                                                                  , @unchecked Sendable
/Users/jonahmicahinguito/dev/rotaract-connect/node_modules/expo-audio/ios/AudioExceptions.swift:15:22: warning: class 'AudioPermissionsException' must restate inherited '@unchecked Sendable' conformance
internal final class AudioPermissionsException: Exception {
                     ^
                                                         , @unchecked Sendable
/Users/jonahmicahinguito/dev/rotaract-connect/node_modules/expo-audio/ios/AudioExceptions.swift:21:22: warning: class 'InvalidAudioModeException' must restate inherited '@unchecked Sendable' conformance
internal final class InvalidAudioModeException: GenericException<String> {
                     ^
                                                                        , @unchecked Sendable
/Users/jonahmicahinguito/dev/rotaract-connect/node_modules/expo-audio/ios/AudioExceptions.swift:27:22: warning: class 'RecordingDisabledException' must restate inherited '@unchecked Sendable' conformance
internal final class RecordingDisabledException: Exception {
                     ^
                                                          , @unchecked Sendable
/Users/jonahmicahinguito/dev/rotaract-connect/node_modules/expo-audio/ios/AudioExceptions.swift:33:22: warning: class 'NoInputFoundException' must restate inherited '@unchecked Sendable' conformance
internal final class NoInputFoundException: Exception {
                     ^
                                                     , @unchecked Sendable
/Users/jonahmicahinguito/dev/rotaract-connect/node_modules/expo-audio/ios/AudioExceptions.swift:39:22: warning: class 'PreferredInputFoundException' must restate inherited '@unchecked Sendable' conformance
internal final class PreferredInputFoundException: GenericException<String> {
                     ^
                                                                           , @unchecked Sendable
/Users/jonahmicahinguito/dev/rotaract-connect/node_modules/expo-audio/ios/AudioExceptions.swift:45:22: warning: class 'AudioRecordingException' must restate inherited '@unchecked Sendable' conformance
internal final class AudioRecordingException: GenericException<String> {
                     ^
                                                                      , @unchecked Sendable
/Users/jonahmicahinguito/dev/rotaract-connect/node_modules/expo-audio/ios/AudioPlayer.swift:190:16: warning: capture of 'self' with non-Sendable type 'AudioPlayer?' in a '@Sendable' closure
        if let self {
               ^
/Users/jonahmicahinguito/dev/rotaract-connect/node_modules/expo-audio/ios/AudioPlayer.swift:9:14: note: class 'AudioPlayer' does not conform to the 'Sendable' protocol
public class AudioPlayer: SharedRef<AVPlayer>, Playable {
             ^
/Users/jonahmicahinguito/dev/rotaract-connect/node_modules/expo-audio/ios/AudioPlaylist.swift:124:16: warning: capture of 'self' with non-Sendable type 'AudioPlaylist?' in a '@Sendable' closure
        if let self {
               ^
/Users/jonahmicahinguito/dev/rotaract-connect/node_modules/expo-audio/ios/AudioPlaylist.swift:10:14: note: class 'AudioPlaylist' does not conform to the 'Sendable' protocol
public class AudioPlaylist: SharedRef<AVQueuePlayer>, Playable {
             ^
/Users/jonahmicahinguito/dev/rotaract-connect/node_modules/expo-audio/ios/AudioStream.swift:202:22: warning: class 'AudioStreamException' must restate inherited '@unchecked Sendable' conformance
internal final class AudioStreamException: GenericException<String> {
                     ^
                                                                   , @unchecked Sendable
/Users/jonahmicahinguito/dev/rotaract-connect/node_modules/expo-audio/ios/MediaController.swift:108:23: warning: 'commonMetadata' was deprecated in iOS 16.0: Use load(.commonMetadata) instead
    for item in asset.commonMetadata {
                      ^
/Users/jonahmicahinguito/dev/rotaract-connect/node_modules/expo-audio/ios/MediaController.swift:111:29: warning: 'stringValue' was deprecated in iOS 16.0: Use load(.stringValue) instead
        if let title = item.stringValue {
                            ^
/Users/jonahmicahinguito/dev/rotaract-connect/node_modules/expo-audio/ios/MediaController.swift:115:30: warning: 'stringValue' was deprecated in iOS 16.0: Use load(.stringValue) instead
        if let artist = item.stringValue {
                             ^
/Users/jonahmicahinguito/dev/rotaract-connect/node_modules/expo-audio/ios/MediaController.swift:119:29: warning: 'stringValue' was deprecated in iOS 16.0: Use load(.stringValue) instead
        if let album = item.stringValue {
                            ^
/Users/jonahmicahinguito/dev/rotaract-connect/node_modules/expo-audio/ios/MediaController.swift:123:33: warning: 'dataValue' was deprecated in iOS 16.0: Use load(.dataValue) instead
        if let imageData = item.dataValue,
                                ^

/Users/jonahmicahinguito/dev/rotaract-connect/ios/Pods/<module-includes>:1:9: In file included from <module-includes>:1:

/Users/jonahmicahinguito/Library/Developer/Xcode/DerivedData/rotaractconnect-cjwcbdlngckcsaantafkjnfzfbdk/Build/Products/Debug-iphoneos/ExpoModulesCore/ExpoModulesCore-umbrella.h:19:9: In file included from /Users/jonahmicahinguito/Library/Developer/Xcode/DerivedData/rotaractconnect-cjwcbdlngckcsaantafkjnfzfbdk/Build/Products/Debug-iphoneos/ExpoModulesCore/ExpoModulesCore-umbrella.h:19:

/Users/jonahmicahinguito/dev/rotaract-connect/ios/Pods/Headers/Public/ExpoModulesCore/ExpoModulesCore/ExpoModulesCore.h:16:9: In file included from /Users/jonahmicahinguito/dev/rotaract-connect/ios/Pods/Headers/Public/ExpoModulesCore/ExpoModulesCore/ExpoModulesCore.h:16:

/Users/jonahmicahinguito/dev/rotaract-connect/ios/Pods/Headers/Public/ExpoModulesCore/ExpoModulesCore/EXFilePermissionModuleInterface.h:3:9: In file included from /Users/jonahmicahinguito/dev/rotaract-connect/ios/Pods/Headers/Public/ExpoModulesCore/ExpoModulesCore/EXFilePermissionModuleInterface.h:3:

/Users/jonahmicahinguito/dev/rotaract-connect/ios/Pods/Headers/Public/ExpoModulesCore/ExpoModulesCore/EXFileSystemInterface.h:14:42: Pointer is missing a nullability type specifier (_Nonnull, _Nullable, or _Null_unspecified)

/Users/jonahmicahinguito/dev/rotaract-connect/ios/Pods/Headers/Public/ExpoModulesCore/ExpoModulesCore/EXFileSystemInterface.h:20:57: Pointer is missing a nullability type specifier (_Nonnull, _Nullable, or _Null_unspecified)

/Users/jonahmicahinguito/dev/rotaract-connect/ios/Pods/Headers/Public/ExpoModulesCore/ExpoModulesCore/EXFileSystemInterface.h:20:93: Pointer is missing a nullability type specifier (_Nonnull, _Nullable, or _Null_unspecified)

/Users/jonahmicahinguito/dev/rotaract-connect/ios/Pods/Headers/Public/ExpoModulesCore/ExpoModulesCore/EXFileSystemInterface.h:21:43: Pointer is missing a nullability type specifier (_Nonnull, _Nullable, or _Null_unspecified)

/Users/jonahmicahinguito/dev/rotaract-connect/ios/Pods/Headers/Public/ExpoModulesCore/ExpoModulesCore/EXModuleRegistryHolderReactModule.h:7:58: Cannot find protocol definition for 'RCTBridgeModule'

/Users/jonahmicahinguito/dev/rotaract-connect/node_modules/expo-audio/ios/AudioExceptions.swift:3:22: Class 'InvalidCategoryException' must restate inherited '@unchecked Sendable' conformance

/Users/jonahmicahinguito/dev/rotaract-connect/node_modules/expo-audio/ios/AudioExceptions.swift:9:22: Class 'AudioStateException' must restate inherited '@unchecked Sendable' conformance

/Users/jonahmicahinguito/dev/rotaract-connect/node_modules/expo-audio/ios/AudioExceptions.swift:15:22: Class 'AudioPermissionsException' must restate inherited '@unchecked Sendable' conformance

/Users/jonahmicahinguito/dev/rotaract-connect/node_modules/expo-audio/ios/AudioExceptions.swift:21:22: Class 'InvalidAudioModeException' must restate inherited '@unchecked Sendable' conformance

/Users/jonahmicahinguito/dev/rotaract-connect/node_modules/expo-audio/ios/AudioExceptions.swift:27:22: Class 'RecordingDisabledException' must restate inherited '@unchecked Sendable' conformance

/Users/jonahmicahinguito/dev/rotaract-connect/node_modules/expo-audio/ios/AudioExceptions.swift:33:22: Class 'NoInputFoundException' must restate inherited '@unchecked Sendable' conformance

/Users/jonahmicahinguito/dev/rotaract-connect/node_modules/expo-audio/ios/AudioExceptions.swift:39:22: Class 'PreferredInputFoundException' must restate inherited '@unchecked Sendable' conformance

/Users/jonahmicahinguito/dev/rotaract-connect/node_modules/expo-audio/ios/AudioExceptions.swift:45:22: Class 'AudioRecordingException' must restate inherited '@unchecked Sendable' conformance

/Users/jonahmicahinguito/dev/rotaract-connect/node_modules/expo-audio/ios/AudioPlayer.swift:190:16: Capture of 'self' with non-Sendable type 'AudioPlayer?' in a '@Sendable' closure

/Users/jonahmicahinguito/dev/rotaract-connect/node_modules/expo-audio/ios/AudioPlaylist.swift:124:16: Capture of 'self' with non-Sendable type 'AudioPlaylist?' in a '@Sendable' closure

/Users/jonahmicahinguito/dev/rotaract-connect/node_modules/expo-audio/ios/AudioStream.swift:202:22: Class 'AudioStreamException' must restate inherited '@unchecked Sendable' conformance

/Users/jonahmicahinguito/dev/rotaract-connect/node_modules/expo-audio/ios/MediaController.swift:108:23: 'commonMetadata' was deprecated in iOS 16.0: Use load(.commonMetadata) instead

/Users/jonahmicahinguito/dev/rotaract-connect/node_modules/expo-audio/ios/MediaController.swift:111:29: 'stringValue' was deprecated in iOS 16.0: Use load(.stringValue) instead

/Users/jonahmicahinguito/dev/rotaract-connect/node_modules/expo-audio/ios/MediaController.swift:115:30: 'stringValue' was deprecated in iOS 16.0: Use load(.stringValue) instead

/Users/jonahmicahinguito/dev/rotaract-connect/node_modules/expo-audio/ios/MediaController.swift:119:29: 'stringValue' was deprecated in iOS 16.0: Use load(.stringValue) instead

/Users/jonahmicahinguito/dev/rotaract-connect/node_modules/expo-audio/ios/MediaController.swift:123:33: 'dataValue' was deprecated in iOS 16.0: Use load(.dataValue) instead

CompileC /Users/jonahmicahinguito/Library/Developer/Xcode/DerivedData/rotaractconnect-cjwcbdlngckcsaantafkjnfzfbdk/Build/Intermediates.noindex/Pods.build/Debug-iphoneos/ExpoAudio.build/Objects-normal/arm64/AudioTapProcessor.o /Users/jonahmicahinguito/dev/rotaract-connect/node_modules/expo-audio/ios/AudioTapProcessor.m normal arm64 objective-c com.apple.compilers.llvm.clang.1_0.compiler (in target 'ExpoAudio' from project 'Pods')
    cd /Users/jonahmicahinguito/dev/rotaract-connect/ios/Pods
    
    Using response file: /Users/jonahmicahinguito/Library/Developer/Xcode/DerivedData/rotaractconnect-cjwcbdlngckcsaantafkjnfzfbdk/Build/Intermediates.noindex/Pods.build/Debug-iphoneos/ExpoAudio.build/Objects-normal/arm64/e6072d4f65d7061329687fe24e3d63a7-common-args.resp
    
    /Applications/Xcode.app/Contents/Developer/Toolchains/XcodeDefault.xctoolchain/usr/bin/clang -x objective-c -ivfsstatcache /Users/jonahmicahinguito/Library/Developer/Xcode/DerivedData/SDKStatCaches.noindex/iphoneos26.5-23F81a-32daed1954a7d5dd0789fcaf2a9bb78b.sdkstatcache -target arm64-apple-ios16.4 -fmessage-length\=0 -fdiagnostics-show-note-include-stack -fmacro-backtrace-limit\=0 -fno-color-diagnostics -fmodules-prune-interval\=86400 -fmodules-prune-after\=345600 -fbuild-session-file\=/Users/jonahmicahinguito/Library/Developer/Xcode/DerivedData/ModuleCache.noindex/Session.modulevalidation -fmodules-validate-once-per-build-session -Wnon-modular-include-in-framework-module -Werror\=non-modular-include-in-framework-module -Wno-trigraphs -Wno-missing-field-initializers -Wno-missing-prototypes -Werror\=return-type -Wdocumentation -Wunreachable-code -Wno-implicit-atomic-properties -Werror\=deprecated-objc-isa-usage -Wno-objc-interface-ivars -Werror\=objc-root-class -Wno-arc-repeated-use-of-weak -Wimplicit-retain-self -Wduplicate-method-match -Wno-missing-braces -Wparentheses -Wswitch -Wunused-function -Wno-unused-label -Wno-unused-parameter -Wunused-variable -Wunused-value -Wempty-body -Wuninitialized -Wconditional-uninitialized -Wno-unknown-pragmas -Wno-shadow -Wno-four-char-constants -Wno-conversion -Wconstant-conversion -Wint-conversion -Wbool-conversion -Wenum-conversion -Wno-float-conversion -Wnon-literal-null-conversion -Wobjc-literal-conversion -Wshorten-64-to-32 -Wpointer-sign -Wno-newline-eof -Wno-selector -Wno-strict-selector-match -Wundeclared-selector -Wdeprecated-implementations -Wno-implicit-fallthrough -isysroot /Applications/Xcode.app/Contents/Developer/Platforms/iPhoneOS.platform/Developer/SDKs/iPhoneOS26.5.sdk -fstrict-aliasing -Wprotocol -Wdeprecated-declarations -Wno-sign-conversion -Winfinite-recursion -Wcomma -Wblock-capture-autoreleasing -Wstrict-prototypes -Wno-semicolon-before-method-body -Wunguarded-availability -index-store-path /Users/jonahmicahinguito/Library/Developer/Xcode/DerivedData/rotaractconnect-cjwcbdlngckcsaantafkjnfzfbdk/Index.noindex/DataStore @/Users/jonahmicahinguito/Library/Developer/Xcode/DerivedData/rotaractconnect-cjwcbdlngckcsaantafkjnfzfbdk/Build/Intermediates.noindex/Pods.build/Debug-iphoneos/ExpoAudio.build/Objects-normal/arm64/e6072d4f65d7061329687fe24e3d63a7-common-args.resp -include /Users/jonahmicahinguito/dev/rotaract-connect/ios/Pods/Target\ Support\ Files/ExpoAudio/ExpoAudio-prefix.pch -MMD -MT dependencies -MF /Users/jonahmicahinguito/Library/Developer/Xcode/DerivedData/rotaractconnect-cjwcbdlngckcsaantafkjnfzfbdk/Build/Intermediates.noindex/Pods.build/Debug-iphoneos/ExpoAudio.build/Objects-normal/arm64/AudioTapProcessor.d --serialize-diagnostics /Users/jonahmicahinguito/Library/Developer/Xcode/DerivedData/rotaractconnect-cjwcbdlngckcsaantafkjnfzfbdk/Build/Intermediates.noindex/Pods.build/Debug-iphoneos/ExpoAudio.build/Objects-normal/arm64/AudioTapProcessor.dia -c /Users/jonahmicahinguito/dev/rotaract-connect/node_modules/expo-audio/ios/AudioTapProcessor.m -o /Users/jonahmicahinguito/Library/Developer/Xcode/DerivedData/rotaractconnect-cjwcbdlngckcsaantafkjnfzfbdk/Build/Intermediates.noindex/Pods.build/Debug-iphoneos/ExpoAudio.build/Objects-normal/arm64/AudioTapProcessor.o -index-unit-output-path /Pods.build/Debug-iphoneos/ExpoAudio.build/Objects-normal/arm64/AudioTapProcessor.o

In file included from /Users/jonahmicahinguito/dev/rotaract-connect/node_modules/expo-audio/ios/AudioTapProcessor.m:3:
/Users/jonahmicahinguito/dev/rotaract-connect/node_modules/expo-audio/ios/AudioTapProcessor.h:4:50: warning: pointer is missing a nullability type specifier (_Nonnull, _Nullable, or _Null_unspecified) [-Wnullability-completeness]
    4 | typedef void (^SampleBufferCallback)(AudioBuffer *audioBuffer, long frameCount, double timestamp);
      |                                                  ^
/Users/jonahmicahinguito/dev/rotaract-connect/node_modules/expo-audio/ios/AudioTapProcessor.h:4:50: note: insert '_Nullable' if the pointer may be null
    4 | typedef void (^SampleBufferCallback)(AudioBuffer *audioBuffer, long frameCount, double timestamp);
      |                                                  ^
      |                                                    _Nullable 
/Users/jonahmicahinguito/dev/rotaract-connect/node_modules/expo-audio/ios/AudioTapProcessor.h:4:50: note: insert '_Nonnull' if the pointer should never be null
    4 | typedef void (^SampleBufferCallback)(AudioBuffer *audioBuffer, long frameCount, double timestamp);
      |                                                  ^
      |                                                    _Nonnull 
/Users/jonahmicahinguito/dev/rotaract-connect/node_modules/expo-audio/ios/AudioTapProcessor.h:9:50: warning: pointer is missing a nullability type specifier (_Nonnull, _Nullable, or _Null_unspecified) [-Wnullability-completeness]
    9 | @property (nonatomic, strong, readonly) AVPlayer *player;
      |                                                  ^
/Users/jonahmicahinguito/dev/rotaract-connect/node_modules/expo-audio/ios/AudioTapProcessor.h:9:50: note: insert '_Nullable' if the pointer may be null
    9 | @property (nonatomic, strong, readonly) AVPlayer *player;
      |                                                  ^
      |                                                    _Nullable 
/Users/jonahmicahinguito/dev/rotaract-connect/node_modules/expo-audio/ios/AudioTapProcessor.h:9:50: note: insert '_Nonnull' if the pointer should never be null
    9 | @property (nonatomic, strong, readonly) AVPlayer *player;
      |                                                  ^
      |                                                    _Nonnull 
/Users/jonahmicahinguito/dev/rotaract-connect/node_modules/expo-audio/ios/AudioTapProcessor.h:12:4: warning: pointer is missing a nullability type specifier (_Nonnull, _Nullable, or _Null_unspecified) [-Wnullability-completeness]
   12 | - (instancetype)initWithPlayer:(AVPlayer *)player;
      |    ^
/Users/jonahmicahinguito/dev/rotaract-connect/node_modules/expo-audio/ios/AudioTapProcessor.h:12:4: note: insert '_Nullable' if the pointer may be null
   12 | - (instancetype)initWithPlayer:(AVPlayer *)player;
      |    ^           
      |                 _Nullable 
/Users/jonahmicahinguito/dev/rotaract-connect/node_modules/expo-audio/ios/AudioTapProcessor.h:12:4: note: insert '_Nonnull' if the pointer should never be null
   12 | - (instancetype)initWithPlayer:(AVPlayer *)player;
      |    ^           
      |                 _Nonnull 
/Users/jonahmicahinguito/dev/rotaract-connect/node_modules/expo-audio/ios/AudioTapProcessor.h:12:42: warning: pointer is missing a nullability type specifier (_Nonnull, _Nullable, or _Null_unspecified) [-Wnullability-completeness]
   12 | - (instancetype)initWithPlayer:(AVPlayer *)player;
      |                                          ^
/Users/jonahmicahinguito/dev/rotaract-connect/node_modules/expo-audio/ios/AudioTapProcessor.h:12:42: note: insert '_Nullable' if the pointer may be null
   12 | - (instancetype)initWithPlayer:(AVPlayer *)player;
      |                                          ^
      |                                           _Nullable
/Users/jonahmicahinguito/dev/rotaract-connect/node_modules/expo-audio/ios/AudioTapProcessor.h:12:42: note: insert '_Nonnull' if the pointer should never be null
   12 | - (instancetype)initWithPlayer:(AVPlayer *)player;
      |                                          ^
      |                                           _Nonnull
4 warnings generated.

/Users/jonahmicahinguito/dev/rotaract-connect/node_modules/expo-audio/ios/AudioTapProcessor.h:4:50: Pointer is missing a nullability type specifier (_Nonnull, _Nullable, or _Null_unspecified)

/Users/jonahmicahinguito/dev/rotaract-connect/node_modules/expo-audio/ios/AudioTapProcessor.h:9:50: Pointer is missing a nullability type specifier (_Nonnull, _Nullable, or _Null_unspecified)

/Users/jonahmicahinguito/dev/rotaract-connect/node_modules/expo-audio/ios/AudioTapProcessor.h:12:4: Pointer is missing a nullability type specifier (_Nonnull, _Nullable, or _Null_unspecified)

/Users/jonahmicahinguito/dev/rotaract-connect/node_modules/expo-audio/ios/AudioTapProcessor.h:12:42: Pointer is missing a nullability type specifier (_Nonnull, _Nullable, or _Null_unspecified)


Build target ExpoAsset of project Pods with configuration Debug

SwiftCompile normal arm64 Compiling\ AssetModule.swift /Users/jonahmicahinguito/dev/rotaract-connect/node_modules/expo-asset/ios/AssetModule.swift (in target 'ExpoAsset' from project 'Pods')

SwiftCompile normal arm64 /Users/jonahmicahinguito/dev/rotaract-connect/node_modules/expo-asset/ios/AssetModule.swift (in target 'ExpoAsset' from project 'Pods')
    cd /Users/jonahmicahinguito/dev/rotaract-connect/ios/Pods
    

/Users/jonahmicahinguito/dev/rotaract-connect/node_modules/expo-asset/ios/AssetModule.swift:4:22: warning: class 'UnableToDownloadAssetException' must restate inherited '@unchecked Sendable' conformance
internal final class UnableToDownloadAssetException: GenericException<URL> {
                     ^
                                                                          , @unchecked Sendable
/Users/jonahmicahinguito/dev/rotaract-connect/node_modules/expo-asset/ios/AssetModule.swift:10:22: warning: class 'UnableToSaveAssetToDirectoryException' must restate inherited '@unchecked Sendable' conformance
internal final class UnableToSaveAssetToDirectoryException: GenericException<URL> {
                     ^
                                                                                 , @unchecked Sendable

/Users/jonahmicahinguito/dev/rotaract-connect/node_modules/expo-asset/ios/AssetModule.swift:4:22: Class 'UnableToDownloadAssetException' must restate inherited '@unchecked Sendable' conformance

/Users/jonahmicahinguito/dev/rotaract-connect/node_modules/expo-asset/ios/AssetModule.swift:10:22: Class 'UnableToSaveAssetToDirectoryException' must restate inherited '@unchecked Sendable' conformance


Build target Expo of project Pods with configuration Debug

SwiftEmitModule normal arm64 Emitting\ module\ for\ Expo (in target 'Expo' from project 'Pods')

EmitSwiftModule normal arm64 (in target 'Expo' from project 'Pods')
    cd /Users/jonahmicahinguito/dev/rotaract-connect/ios/Pods
    

/Users/jonahmicahinguito/dev/rotaract-connect/node_modules/expo/ios/AppDelegates/RCTAppDelegateUmbrella.h:18:9: note: while building module 'React_RCTAppDelegate' imported from /Users/jonahmicahinguito/dev/rotaract-connect/node_modules/expo/ios/AppDelegates/RCTAppDelegateUmbrella.h:18:
#import <React_RCTAppDelegate/React-RCTAppDelegate-umbrella.h>
        ^
<module-includes>:1:9: note: in file included from <module-includes>:1:
#import "React-RCTAppDelegate-umbrella.h"
        ^
/Users/jonahmicahinguito/dev/rotaract-connect/ios/Pods/Headers/Public/React_RCTAppDelegate/React-RCTAppDelegate-umbrella.h:13:9: note: in file included from /Users/jonahmicahinguito/dev/rotaract-connect/ios/Pods/Headers/Public/React_RCTAppDelegate/React-RCTAppDelegate-umbrella.h:13:
#import "RCTAppDelegate.h"
        ^
/Users/jonahmicahinguito/dev/rotaract-connect/node_modules/react-native/Libraries/AppDelegate/RCTAppDelegate.h:9:9: note: in file included from /Users/jonahmicahinguito/dev/rotaract-connect/node_modules/react-native/Libraries/AppDelegate/RCTAppDelegate.h:9:
#import "RCTDefaultReactNativeFactoryDelegate.h"
        ^
/Users/jonahmicahinguito/dev/rotaract-connect/node_modules/react-native/Libraries/AppDelegate/RCTDefaultReactNativeFactoryDelegate.h:9:9: note: in file included from /Users/jonahmicahinguito/dev/rotaract-connect/node_modules/react-native/Libraries/AppDelegate/RCTDefaultReactNativeFactoryDelegate.h:9:
#import "RCTReactNativeFactory.h"
        ^
/Users/jonahmicahinguito/dev/rotaract-connect/node_modules/react-native/Libraries/AppDelegate/RCTReactNativeFactory.h:15:9: note: in file included from /Users/jonahmicahinguito/dev/rotaract-connect/node_modules/react-native/Libraries/AppDelegate/RCTReactNativeFactory.h:15:
#import "RCTUIConfiguratorProtocol.h"
        ^
/Users/jonahmicahinguito/dev/rotaract-connect/node_modules/react-native/Libraries/AppDelegate/RCTUIConfiguratorProtocol.h:40:28: warning: 'RCTRootView' is deprecated: This API will be removed along with the legacy architecture.
- (void)customizeRootView:(RCTRootView *)rootView;
                           ^
/Users/jonahmicahinguito/dev/rotaract-connect/ios/Pods/Headers/Public/React-Core/React/RCTRootView.h:52:1: note: 'RCTRootView' has been explicitly marked deprecated here
__deprecated_msg("This API will be removed along with the legacy architecture.") @interface RCTRootView : UIView
^
/Applications/Xcode.app/Contents/Developer/Platforms/iPhoneOS.platform/Developer/SDKs/iPhoneOS26.5.sdk/usr/include/sys/cdefs.h:227:48: note: expanded from macro '__deprecated_msg'
        #define __deprecated_msg(_msg) __attribute__((__deprecated__(_msg)))
                                                      ^
<module-includes>:1:9: note: in file included from <module-includes>:1:
#import "Expo-umbrella.h"
        ^
/Users/jonahmicahinguito/dev/rotaract-connect/ios/Pods/Headers/Public/Expo/Expo-umbrella.h:16:9: note: in file included from /Users/jonahmicahinguito/dev/rotaract-connect/ios/Pods/Headers/Public/Expo/Expo-umbrella.h:16:
#import "Expo/ExpoReactNativeFactory.h"
        ^
/Users/jonahmicahinguito/dev/rotaract-connect/ios/Pods/Headers/Public/Expo/Expo/ExpoReactNativeFactory.h:3:9: note: in file included from /Users/jonahmicahinguito/dev/rotaract-connect/ios/Pods/Headers/Public/Expo/Expo/ExpoReactNativeFactory.h:3:
#import <ExpoModulesCore/ExpoModulesCore.h>
        ^
/Users/jonahmicahinguito/dev/rotaract-connect/ios/Pods/Headers/Public/ExpoModulesCore/ExpoModulesCore/ExpoModulesCore.h:16:9: note: in file included from /Users/jonahmicahinguito/dev/rotaract-connect/ios/Pods/Headers/Public/ExpoModulesCore/ExpoModulesCore/ExpoModulesCore.h:16:
#import <ExpoModulesCore/EXFilePermissionModuleInterface.h>
        ^
/Users/jonahmicahinguito/dev/rotaract-connect/ios/Pods/Headers/Public/ExpoModulesCore/ExpoModulesCore/EXFilePermissionModuleInterface.h:3:9: note: in file included from /Users/jonahmicahinguito/dev/rotaract-connect/ios/Pods/Headers/Public/ExpoModulesCore/ExpoModulesCore/EXFilePermissionModuleInterface.h:3:
#import <ExpoModulesCore/EXFileSystemInterface.h>
        ^
/Users/jonahmicahinguito/dev/rotaract-connect/ios/Pods/Headers/Public/ExpoModulesCore/ExpoModulesCore/EXFileSystemInterface.h:14:42: warning: pointer is missing a nullability type specifier (_Nonnull, _Nullable, or _Null_unspecified)
@property (nonatomic, readonly) NSString *documentDirectory;
                                         ^
/Users/jonahmicahinguito/dev/rotaract-connect/ios/Pods/Headers/Public/ExpoModulesCore/ExpoModulesCore/EXFileSystemInterface.h:14:42: note: insert '_Nullable' if the pointer may be null
@property (nonatomic, readonly) NSString *documentDirectory;
                                         ^
/Users/jonahmicahinguito/dev/rotaract-connect/ios/Pods/Headers/Public/ExpoModulesCore/ExpoModulesCore/EXFileSystemInterface.h:14:42: note: insert '_Nonnull' if the pointer should never be null
@property (nonatomic, readonly) NSString *documentDirectory;
                                         ^
<module-includes>:1:9: note: in file included from <module-includes>:1:
#import "Expo-umbrella.h"
        ^
/Users/jonahmicahinguito/dev/rotaract-connect/ios/Pods/Headers/Public/Expo/Expo-umbrella.h:16:9: note: in file included from /Users/jonahmicahinguito/dev/rotaract-connect/ios/Pods/Headers/Public/Expo/Expo-umbrella.h:16:
#import "Expo/ExpoReactNativeFactory.h"
        ^
/Users/jonahmicahinguito/dev/rotaract-connect/ios/Pods/Headers/Public/Expo/Expo/ExpoReactNativeFactory.h:3:9: note: in file included from /Users/jonahmicahinguito/dev/rotaract-connect/ios/Pods/Headers/Public/Expo/Expo/ExpoReactNativeFactory.h:3:
#import <ExpoModulesCore/ExpoModulesCore.h>
        ^
/Users/jonahmicahinguito/dev/rotaract-connect/ios/Pods/Headers/Public/ExpoModulesCore/ExpoModulesCore/ExpoModulesCore.h:16:9: note: in file included from /Users/jonahmicahinguito/dev/rotaract-connect/ios/Pods/Headers/Public/ExpoModulesCore/ExpoModulesCore/ExpoModulesCore.h:16:
#import <ExpoModulesCore/EXFilePermissionModuleInterface.h>
        ^
/Users/jonahmicahinguito/dev/rotaract-connect/ios/Pods/Headers/Public/ExpoModulesCore/ExpoModulesCore/EXFilePermissionModuleInterface.h:3:9: note: in file included from /Users/jonahmicahinguito/dev/rotaract-connect/ios/Pods/Headers/Public/ExpoModulesCore/ExpoModulesCore/EXFilePermissionModuleInterface.h:3:
#import <ExpoModulesCore/EXFileSystemInterface.h>
        ^
/Users/jonahmicahinguito/dev/rotaract-connect/ios/Pods/Headers/Public/ExpoModulesCore/ExpoModulesCore/EXFileSystemInterface.h:20:57: warning: pointer is missing a nullability type specifier (_Nonnull, _Nullable, or _Null_unspecified)
- (nonnull NSString *)generatePathInDirectory:(NSString *)directory withExtension:(NSString *)extension;
                                                        ^
/Users/jonahmicahinguito/dev/rotaract-connect/ios/Pods/Headers/Public/ExpoModulesCore/ExpoModulesCore/EXFileSystemInterface.h:20:57: note: insert '_Nullable' if the pointer may be null
- (nonnull NSString *)generatePathInDirectory:(NSString *)directory withExtension:(NSString *)extension;
                                                        ^
/Users/jonahmicahinguito/dev/rotaract-connect/ios/Pods/Headers/Public/ExpoModulesCore/ExpoModulesCore/EXFileSystemInterface.h:20:57: note: insert '_Nonnull' if the pointer should never be null
- (nonnull NSString *)generatePathInDirectory:(NSString *)directory withExtension:(NSString *)extension;
                                                        ^
<module-includes>:1:9: note: in file included from <module-includes>:1:
#import "Expo-umbrella.h"
        ^
/Users/jonahmicahinguito/dev/rotaract-connect/ios/Pods/Headers/Public/Expo/Expo-umbrella.h:16:9: note: in file included from /Users/jonahmicahinguito/dev/rotaract-connect/ios/Pods/Headers/Public/Expo/Expo-umbrella.h:16:
#import "Expo/ExpoReactNativeFactory.h"
        ^
/Users/jonahmicahinguito/dev/rotaract-connect/ios/Pods/Headers/Public/Expo/Expo/ExpoReactNativeFactory.h:3:9: note: in file included from /Users/jonahmicahinguito/dev/rotaract-connect/ios/Pods/Headers/Public/Expo/Expo/ExpoReactNativeFactory.h:3:
#import <ExpoModulesCore/ExpoModulesCore.h>
        ^
/Users/jonahmicahinguito/dev/rotaract-connect/ios/Pods/Headers/Public/ExpoModulesCore/ExpoModulesCore/ExpoModulesCore.h:16:9: note: in file included from /Users/jonahmicahinguito/dev/rotaract-connect/ios/Pods/Headers/Public/ExpoModulesCore/ExpoModulesCore/ExpoModulesCore.h:16:
#import <ExpoModulesCore/EXFilePermissionModuleInterface.h>
        ^
/Users/jonahmicahinguito/dev/rotaract-connect/ios/Pods/Headers/Public/ExpoModulesCore/ExpoModulesCore/EXFilePermissionModuleInterface.h:3:9: note: in file included from /Users/jonahmicahinguito/dev/rotaract-connect/ios/Pods/Headers/Public/ExpoModulesCore/ExpoModulesCore/EXFilePermissionModuleInterface.h:3:
#import <ExpoModulesCore/EXFileSystemInterface.h>
        ^
/Users/jonahmicahinguito/dev/rotaract-connect/ios/Pods/Headers/Public/ExpoModulesCore/ExpoModulesCore/EXFileSystemInterface.h:20:93: warning: pointer is missing a nullability type specifier (_Nonnull, _Nullable, or _Null_unspecified)
- (nonnull NSString *)generatePathInDirectory:(NSString *)directory withExtension:(NSString *)extension;
                                                                                            ^
/Users/jonahmicahinguito/dev/rotaract-connect/ios/Pods/Headers/Public/ExpoModulesCore/ExpoModulesCore/EXFileSystemInterface.h:20:93: note: insert '_Nullable' if the pointer may be null
- (nonnull NSString *)generatePathInDirectory:(NSString *)directory withExtension:(NSString *)extension;
                                                                                            ^
/Users/jonahmicahinguito/dev/rotaract-connect/ios/Pods/Headers/Public/ExpoModulesCore/ExpoModulesCore/EXFileSystemInterface.h:20:93: note: insert '_Nonnull' if the pointer should never be null
- (nonnull NSString *)generatePathInDirectory:(NSString *)directory withExtension:(NSString *)extension;
                                                                                            ^
<module-includes>:1:9: note: in file included from <module-includes>:1:
#import "Expo-umbrella.h"
        ^
/Users/jonahmicahinguito/dev/rotaract-connect/ios/Pods/Headers/Public/Expo/Expo-umbrella.h:16:9: note: in file included from /Users/jonahmicahinguito/dev/rotaract-connect/ios/Pods/Headers/Public/Expo/Expo-umbrella.h:16:
#import "Expo/ExpoReactNativeFactory.h"
        ^
/Users/jonahmicahinguito/dev/rotaract-connect/ios/Pods/Headers/Public/Expo/Expo/ExpoReactNativeFactory.h:3:9: note: in file included from /Users/jonahmicahinguito/dev/rotaract-connect/ios/Pods/Headers/Public/Expo/Expo/ExpoReactNativeFactory.h:3:
#import <ExpoModulesCore/ExpoModulesCore.h>
        ^
/Users/jonahmicahinguito/dev/rotaract-connect/ios/Pods/Headers/Public/ExpoModulesCore/ExpoModulesCore/ExpoModulesCore.h:16:9: note: in file included from /Users/jonahmicahinguito/dev/rotaract-connect/ios/Pods/Headers/Public/ExpoModulesCore/ExpoModulesCore/ExpoModulesCore.h:16:
#import <ExpoModulesCore/EXFilePermissionModuleInterface.h>
        ^
/Users/jonahmicahinguito/dev/rotaract-connect/ios/Pods/Headers/Public/ExpoModulesCore/ExpoModulesCore/EXFilePermissionModuleInterface.h:3:9: note: in file included from /Users/jonahmicahinguito/dev/rotaract-connect/ios/Pods/Headers/Public/ExpoModulesCore/ExpoModulesCore/EXFilePermissionModuleInterface.h:3:
#import <ExpoModulesCore/EXFileSystemInterface.h>
        ^
/Users/jonahmicahinguito/dev/rotaract-connect/ios/Pods/Headers/Public/ExpoModulesCore/ExpoModulesCore/EXFileSystemInterface.h:21:43: warning: pointer is missing a nullability type specifier (_Nonnull, _Nullable, or _Null_unspecified)
- (BOOL)ensureDirExistsWithPath:(NSString *)path;
                                          ^
/Users/jonahmicahinguito/dev/rotaract-connect/ios/Pods/Headers/Public/ExpoModulesCore/ExpoModulesCore/EXFileSystemInterface.h:21:43: note: insert '_Nullable' if the pointer may be null
- (BOOL)ensureDirExistsWithPath:(NSString *)path;
                                          ^
/Users/jonahmicahinguito/dev/rotaract-connect/ios/Pods/Headers/Public/ExpoModulesCore/ExpoModulesCore/EXFileSystemInterface.h:21:43: note: insert '_Nonnull' if the pointer should never be null
- (BOOL)ensureDirExistsWithPath:(NSString *)path;
                                          ^
<module-includes>:1:9: note: in file included from <module-includes>:1:
#import "Expo-umbrella.h"
        ^
/Users/jonahmicahinguito/dev/rotaract-connect/ios/Pods/Headers/Public/Expo/Expo-umbrella.h:16:9: note: in file included from /Users/jonahmicahinguito/dev/rotaract-connect/ios/Pods/Headers/Public/Expo/Expo-umbrella.h:16:
#import "Expo/ExpoReactNativeFactory.h"
        ^
/Users/jonahmicahinguito/dev/rotaract-connect/ios/Pods/Headers/Public/Expo/Expo/ExpoReactNativeFactory.h:11:58: warning: cannot find protocol definition for 'RCTHostDelegate'
@interface EXReactNativeFactory : RCTReactNativeFactory <RCTHostDelegate>
                                                         ^
/Users/jonahmicahinguito/dev/rotaract-connect/ios/Pods/Headers/Public/Expo/Expo/ExpoReactNativeFactory.h:6:11: note: protocol 'RCTHostDelegate' has no definition
@protocol RCTHostDelegate;
          ^
/Users/jonahmicahinguito/dev/rotaract-connect/node_modules/expo/ios/Fetch/FetchExceptions.swift:5:22: warning: class 'FetchUnknownException' must restate inherited '@unchecked Sendable' conformance
internal final class FetchUnknownException: Exception {
                     ^
                                                     , @unchecked Sendable
/Users/jonahmicahinguito/dev/rotaract-connect/node_modules/expo/ios/Fetch/FetchExceptions.swift:11:22: warning: class 'FetchRequestCanceledException' must restate inherited '@unchecked Sendable' conformance
internal final class FetchRequestCanceledException: Exception {
                     ^
                                                             , @unchecked Sendable
/Users/jonahmicahinguito/dev/rotaract-connect/node_modules/expo/ios/Fetch/FetchExceptions.swift:17:22: warning: class 'FetchRedirectException' must restate inherited '@unchecked Sendable' conformance
internal final class FetchRedirectException: Exception {
                     ^
                                                      , @unchecked Sendable
/Users/jonahmicahinguito/dev/rotaract-connect/node_modules/expo/ios/Fetch/FetchExceptions.swift:23:22: warning: class 'FetchBlobModuleUnavailableException' must restate inherited '@unchecked Sendable' conformance
internal final class FetchBlobModuleUnavailableException: Exception {
                     ^
                                                                   , @unchecked Sendable

/Users/jonahmicahinguito/dev/rotaract-connect/node_modules/expo/ios/AppDelegates/RCTAppDelegateUmbrella.h:18:9: While building module 'React_RCTAppDelegate' imported from /Users/jonahmicahinguito/dev/rotaract-connect/node_modules/expo/ios/AppDelegates/RCTAppDelegateUmbrella.h:18:

/Users/jonahmicahinguito/dev/rotaract-connect/ios/Pods/<module-includes>:1:9: In file included from <module-includes>:1:

/Users/jonahmicahinguito/dev/rotaract-connect/ios/Pods/Headers/Public/React_RCTAppDelegate/React-RCTAppDelegate-umbrella.h:13:9: In file included from /Users/jonahmicahinguito/dev/rotaract-connect/ios/Pods/Headers/Public/React_RCTAppDelegate/React-RCTAppDelegate-umbrella.h:13:

/Users/jonahmicahinguito/dev/rotaract-connect/node_modules/react-native/Libraries/AppDelegate/RCTAppDelegate.h:9:9: In file included from /Users/jonahmicahinguito/dev/rotaract-connect/node_modules/react-native/Libraries/AppDelegate/RCTAppDelegate.h:9:

/Users/jonahmicahinguito/dev/rotaract-connect/node_modules/react-native/Libraries/AppDelegate/RCTDefaultReactNativeFactoryDelegate.h:9:9: In file included from /Users/jonahmicahinguito/dev/rotaract-connect/node_modules/react-native/Libraries/AppDelegate/RCTDefaultReactNativeFactoryDelegate.h:9:

/Users/jonahmicahinguito/dev/rotaract-connect/node_modules/react-native/Libraries/AppDelegate/RCTReactNativeFactory.h:15:9: In file included from /Users/jonahmicahinguito/dev/rotaract-connect/node_modules/react-native/Libraries/AppDelegate/RCTReactNativeFactory.h:15:

/Users/jonahmicahinguito/dev/rotaract-connect/node_modules/react-native/Libraries/AppDelegate/RCTUIConfiguratorProtocol.h:40:28: 'RCTRootView' is deprecated: This API will be removed along with the legacy architecture.

/Users/jonahmicahinguito/dev/rotaract-connect/ios/Pods/Headers/Public/ExpoModulesCore/ExpoModulesCore/EXFileSystemInterface.h:14:42: Pointer is missing a nullability type specifier (_Nonnull, _Nullable, or _Null_unspecified)

/Users/jonahmicahinguito/dev/rotaract-connect/ios/Pods/Headers/Public/ExpoModulesCore/ExpoModulesCore/EXFileSystemInterface.h:20:57: Pointer is missing a nullability type specifier (_Nonnull, _Nullable, or _Null_unspecified)

/Users/jonahmicahinguito/dev/rotaract-connect/ios/Pods/Headers/Public/ExpoModulesCore/ExpoModulesCore/EXFileSystemInterface.h:20:93: Pointer is missing a nullability type specifier (_Nonnull, _Nullable, or _Null_unspecified)

/Users/jonahmicahinguito/dev/rotaract-connect/ios/Pods/Headers/Public/ExpoModulesCore/ExpoModulesCore/EXFileSystemInterface.h:21:43: Pointer is missing a nullability type specifier (_Nonnull, _Nullable, or _Null_unspecified)

/Users/jonahmicahinguito/dev/rotaract-connect/ios/Pods/Headers/Public/Expo/Expo/ExpoReactNativeFactory.h:11:58: Cannot find protocol definition for 'RCTHostDelegate'

/Users/jonahmicahinguito/dev/rotaract-connect/node_modules/expo/ios/Fetch/FetchExceptions.swift:5:22: Class 'FetchUnknownException' must restate inherited '@unchecked Sendable' conformance

/Users/jonahmicahinguito/dev/rotaract-connect/node_modules/expo/ios/Fetch/FetchExceptions.swift:11:22: Class 'FetchRequestCanceledException' must restate inherited '@unchecked Sendable' conformance

/Users/jonahmicahinguito/dev/rotaract-connect/node_modules/expo/ios/Fetch/FetchExceptions.swift:17:22: Class 'FetchRedirectException' must restate inherited '@unchecked Sendable' conformance

/Users/jonahmicahinguito/dev/rotaract-connect/node_modules/expo/ios/Fetch/FetchExceptions.swift:23:22: Class 'FetchBlobModuleUnavailableException' must restate inherited '@unchecked Sendable' conformance

SwiftCompile normal arm64 Compiling\ FetchExceptions.swift,\ NativeRequest.swift /Users/jonahmicahinguito/dev/rotaract-connect/node_modules/expo/ios/Fetch/FetchExceptions.swift /Users/jonahmicahinguito/dev/rotaract-connect/node_modules/expo/ios/Fetch/NativeRequest.swift (in target 'Expo' from project 'Pods')

SwiftCompile normal arm64 /Users/jonahmicahinguito/dev/rotaract-connect/node_modules/expo/ios/Fetch/FetchExceptions.swift (in target 'Expo' from project 'Pods')
    cd /Users/jonahmicahinguito/dev/rotaract-connect/ios/Pods
    

/Users/jonahmicahinguito/dev/rotaract-connect/node_modules/expo/ios/Fetch/FetchExceptions.swift:5:22: warning: class 'FetchUnknownException' must restate inherited '@unchecked Sendable' conformance
internal final class FetchUnknownException: Exception {
                     ^
                                                     , @unchecked Sendable
/Users/jonahmicahinguito/dev/rotaract-connect/node_modules/expo/ios/Fetch/FetchExceptions.swift:11:22: warning: class 'FetchRequestCanceledException' must restate inherited '@unchecked Sendable' conformance
internal final class FetchRequestCanceledException: Exception {
                     ^
                                                             , @unchecked Sendable
/Users/jonahmicahinguito/dev/rotaract-connect/node_modules/expo/ios/Fetch/FetchExceptions.swift:17:22: warning: class 'FetchRedirectException' must restate inherited '@unchecked Sendable' conformance
internal final class FetchRedirectException: Exception {
                     ^
                                                      , @unchecked Sendable
/Users/jonahmicahinguito/dev/rotaract-connect/node_modules/expo/ios/Fetch/FetchExceptions.swift:23:22: warning: class 'FetchBlobModuleUnavailableException' must restate inherited '@unchecked Sendable' conformance
internal final class FetchBlobModuleUnavailableException: Exception {
                     ^
                                                                   , @unchecked Sendable

/Users/jonahmicahinguito/dev/rotaract-connect/node_modules/expo/ios/Fetch/FetchExceptions.swift:5:22: Class 'FetchUnknownException' must restate inherited '@unchecked Sendable' conformance

/Users/jonahmicahinguito/dev/rotaract-connect/node_modules/expo/ios/Fetch/FetchExceptions.swift:11:22: Class 'FetchRequestCanceledException' must restate inherited '@unchecked Sendable' conformance

/Users/jonahmicahinguito/dev/rotaract-connect/node_modules/expo/ios/Fetch/FetchExceptions.swift:17:22: Class 'FetchRedirectException' must restate inherited '@unchecked Sendable' conformance

/Users/jonahmicahinguito/dev/rotaract-connect/node_modules/expo/ios/Fetch/FetchExceptions.swift:23:22: Class 'FetchBlobModuleUnavailableException' must restate inherited '@unchecked Sendable' conformance

SwiftCompile normal arm64 Compiling\ NativeRequestRedirect.swift,\ NativeResponse.swift /Users/jonahmicahinguito/dev/rotaract-connect/node_modules/expo/ios/Fetch/NativeRequestRedirect.swift /Users/jonahmicahinguito/dev/rotaract-connect/node_modules/expo/ios/Fetch/NativeResponse.swift (in target 'Expo' from project 'Pods')

SwiftCompile normal arm64 /Users/jonahmicahinguito/dev/rotaract-connect/node_modules/expo/ios/Fetch/NativeResponse.swift (in target 'Expo' from project 'Pods')
    cd /Users/jonahmicahinguito/dev/rotaract-connect/ios/Pods
    

/Users/jonahmicahinguito/dev/rotaract-connect/node_modules/expo/ios/Fetch/NativeResponse.swift:187:9: warning: capture of 'completionHandler' with non-Sendable type '(URLRequest?) -> Void' in a '@Sendable' closure
        completionHandler(nil)
        ^
/Users/jonahmicahinguito/dev/rotaract-connect/node_modules/expo/ios/Fetch/NativeResponse.swift:187:9: note: a function type must be marked '@Sendable' to conform to 'Sendable'
        completionHandler(nil)
        ^

/Users/jonahmicahinguito/dev/rotaract-connect/node_modules/expo/ios/Fetch/NativeResponse.swift:187:9: Capture of 'completionHandler' with non-Sendable type '(URLRequest?) -> Void' in a '@Sendable' closure

SwiftCompile normal arm64 Compiling\ ExpoFetchModule.swift,\ ExpoReactNativeFactory.swift /Users/jonahmicahinguito/dev/rotaract-connect/node_modules/expo/ios/Fetch/ExpoFetchModule.swift /Users/jonahmicahinguito/dev/rotaract-connect/node_modules/expo/ios/AppDelegates/ExpoReactNativeFactory.swift (in target 'Expo' from project 'Pods')

SwiftCompile normal arm64 /Users/jonahmicahinguito/dev/rotaract-connect/node_modules/expo/ios/AppDelegates/ExpoReactNativeFactory.swift (in target 'Expo' from project 'Pods')
    cd /Users/jonahmicahinguito/dev/rotaract-connect/ios/Pods
    

/Users/jonahmicahinguito/dev/rotaract-connect/node_modules/expo/ios/AppDelegates/ExpoReactNativeFactory.swift:85:36: warning: 'newArchEnabled()' is deprecated: This will be removed in a future version of React Native
      newArchEnabled: weakDelegate.newArchEnabled()
                                   ^
/Users/jonahmicahinguito/dev/rotaract-connect/node_modules/expo/ios/AppDelegates/ExpoReactNativeFactory.swift:89:27: warning: 'createRootView(with:moduleName:initProps:)' is deprecated: createRootViewWithBridge:moduleName:initProps is deprecated and will be removed when removing the legacy architecture.
      return weakDelegate.createRootView(with: bridge, moduleName: moduleName, initProps: initProps)
                          ^
/Users/jonahmicahinguito/dev/rotaract-connect/node_modules/expo/ios/AppDelegates/ExpoReactNativeFactory.swift:95:20: warning: 'createBridge(with:launchOptions:)' is deprecated: createBridgeWithDelegate:launchOptions: is deprecated and will be removed when removing the legacy architecture.
      weakDelegate.createBridge(with: delegate, launchOptions: launchOptions)
                   ^
/Users/jonahmicahinguito/dev/rotaract-connect/node_modules/expo/ios/AppDelegates/ExpoReactNativeFactory.swift:106:20: warning: 'loadSource(for:onProgress:onComplete:)' is deprecated: This API will be removed along with the legacy architecture.
      weakDelegate.loadSource(for: bridge, onProgress: onProgress, onComplete: onComplete)
                   ^
/Users/jonahmicahinguito/dev/rotaract-connect/node_modules/expo/ios/AppDelegates/ExpoReactNativeFactory.swift:109:74: warning: 'extraModules(for:)' is deprecated: This API will be removed along with the legacy architecture.
    if weakDelegate.responds(to: #selector(RCTReactNativeFactoryDelegate.extraModules(for:))) {
                                                                         ^
/Users/jonahmicahinguito/dev/rotaract-connect/node_modules/expo/ios/AppDelegates/ExpoReactNativeFactory.swift:111:22: warning: 'extraModules(for:)' is deprecated: This API will be removed along with the legacy architecture.
        weakDelegate.extraModules(for: bridge)
                     ^
/Users/jonahmicahinguito/dev/rotaract-connect/node_modules/expo/ios/AppDelegates/ExpoReactNativeFactory.swift:115:74: warning: 'extraLazyModuleClasses(for:)' is deprecated: This API will be removed along with the legacy architecture.
    if weakDelegate.responds(to: #selector(RCTReactNativeFactoryDelegate.extraLazyModuleClasses(for:))) {
                                                                         ^
/Users/jonahmicahinguito/dev/rotaract-connect/node_modules/expo/ios/AppDelegates/ExpoReactNativeFactory.swift:117:22: warning: 'extraLazyModuleClasses(for:)' is deprecated: This API will be removed along with the legacy architecture.
        weakDelegate.extraLazyModuleClasses(for: bridge)
                     ^
/Users/jonahmicahinguito/dev/rotaract-connect/node_modules/expo/ios/AppDelegates/ExpoReactNativeFactory.swift:121:74: warning: 'bridge(_:didNotFindModule:)' is deprecated: This API will be removed along with the legacy architecture.
    if weakDelegate.responds(to: #selector(RCTReactNativeFactoryDelegate.bridge(_:didNotFindModule:))) {
                                                                         ^
/Users/jonahmicahinguito/dev/rotaract-connect/node_modules/expo/ios/AppDelegates/ExpoReactNativeFactory.swift:123:22: warning: 'bridge(_:didNotFindModule:)' is deprecated: This API will be removed along with the legacy architecture.
        weakDelegate.bridge(bridge, didNotFindModule: moduleName)
                     ^
/Users/jonahmicahinguito/dev/rotaract-connect/node_modules/expo/ios/AppDelegates/ExpoReactNativeFactory.swift:140:15: warning: value 'delegate' was defined but never used; consider replacing with boolean test
    guard let delegate = self.delegate else {
          ~~~~^~~~~~~~~~~
                                       != nil

/Users/jonahmicahinguito/dev/rotaract-connect/node_modules/expo/ios/AppDelegates/ExpoReactNativeFactory.swift:85:36: 'newArchEnabled()' is deprecated: This will be removed in a future version of React Native

/Users/jonahmicahinguito/dev/rotaract-connect/node_modules/expo/ios/AppDelegates/ExpoReactNativeFactory.swift:89:27: 'createRootView(with:moduleName:initProps:)' is deprecated: createRootViewWithBridge:moduleName:initProps is deprecated and will be removed when removing the legacy architecture.

/Users/jonahmicahinguito/dev/rotaract-connect/node_modules/expo/ios/AppDelegates/ExpoReactNativeFactory.swift:95:20: 'createBridge(with:launchOptions:)' is deprecated: createBridgeWithDelegate:launchOptions: is deprecated and will be removed when removing the legacy architecture.

/Users/jonahmicahinguito/dev/rotaract-connect/node_modules/expo/ios/AppDelegates/ExpoReactNativeFactory.swift:106:20: 'loadSource(for:onProgress:onComplete:)' is deprecated: This API will be removed along with the legacy architecture.

/Users/jonahmicahinguito/dev/rotaract-connect/node_modules/expo/ios/AppDelegates/ExpoReactNativeFactory.swift:109:74: 'extraModules(for:)' is deprecated: This API will be removed along with the legacy architecture.

/Users/jonahmicahinguito/dev/rotaract-connect/node_modules/expo/ios/AppDelegates/ExpoReactNativeFactory.swift:111:22: 'extraModules(for:)' is deprecated: This API will be removed along with the legacy architecture.

/Users/jonahmicahinguito/dev/rotaract-connect/node_modules/expo/ios/AppDelegates/ExpoReactNativeFactory.swift:115:74: 'extraLazyModuleClasses(for:)' is deprecated: This API will be removed along with the legacy architecture.

/Users/jonahmicahinguito/dev/rotaract-connect/node_modules/expo/ios/AppDelegates/ExpoReactNativeFactory.swift:117:22: 'extraLazyModuleClasses(for:)' is deprecated: This API will be removed along with the legacy architecture.

/Users/jonahmicahinguito/dev/rotaract-connect/node_modules/expo/ios/AppDelegates/ExpoReactNativeFactory.swift:121:74: 'bridge(_:didNotFindModule:)' is deprecated: This API will be removed along with the legacy architecture.

/Users/jonahmicahinguito/dev/rotaract-connect/node_modules/expo/ios/AppDelegates/ExpoReactNativeFactory.swift:123:22: 'bridge(_:didNotFindModule:)' is deprecated: This API will be removed along with the legacy architecture.

/Users/jonahmicahinguito/dev/rotaract-connect/node_modules/expo/ios/AppDelegates/ExpoReactNativeFactory.swift:140:15: Value 'delegate' was defined but never used; consider replacing with boolean test

CompileC /Users/jonahmicahinguito/Library/Developer/Xcode/DerivedData/rotaractconnect-cjwcbdlngckcsaantafkjnfzfbdk/Build/Intermediates.noindex/Pods.build/Debug-iphoneos/Expo.build/Objects-normal/arm64/ExpoReactNativeFactory-5b66ca62c4cdfd8782d5538b3b6c500e.o /Users/jonahmicahinguito/dev/rotaract-connect/node_modules/expo/ios/AppDelegates/ExpoReactNativeFactory.mm normal arm64 objective-c++ com.apple.compilers.llvm.clang.1_0.compiler (in target 'Expo' from project 'Pods')
    cd /Users/jonahmicahinguito/dev/rotaract-connect/ios/Pods
    
    Using response file: /Users/jonahmicahinguito/Library/Developer/Xcode/DerivedData/rotaractconnect-cjwcbdlngckcsaantafkjnfzfbdk/Build/Intermediates.noindex/Pods.build/Debug-iphoneos/Expo.build/Objects-normal/arm64/af3fcb34312c57c0f52879cdce924b91-common-args.resp
    
    /Applications/Xcode.app/Contents/Developer/Toolchains/XcodeDefault.xctoolchain/usr/bin/clang -x objective-c++ -ivfsstatcache /Users/jonahmicahinguito/Library/Developer/Xcode/DerivedData/SDKStatCaches.noindex/iphoneos26.5-23F81a-32daed1954a7d5dd0789fcaf2a9bb78b.sdkstatcache -target arm64-apple-ios16.4 -fmessage-length\=0 -fdiagnostics-show-note-include-stack -fmacro-backtrace-limit\=0 -fno-color-diagnostics -fmodules-prune-interval\=86400 -fmodules-prune-after\=345600 -fbuild-session-file\=/Users/jonahmicahinguito/Library/Developer/Xcode/DerivedData/ModuleCache.noindex/Session.modulevalidation -fmodules-validate-once-per-build-session -Wnon-modular-include-in-framework-module -Werror\=non-modular-include-in-framework-module -Wno-trigraphs -Wno-missing-field-initializers -Wno-missing-prototypes -Werror\=return-type -Wdocumentation -Wunreachable-code -Wno-implicit-atomic-properties -Werror\=deprecated-objc-isa-usage -Wno-objc-interface-ivars -Werror\=objc-root-class -Wno-arc-repeated-use-of-weak -Wimplicit-retain-self -Wno-non-virtual-dtor -Wno-overloaded-virtual -Wno-exit-time-destructors -Wduplicate-method-match -Wno-missing-braces -Wparentheses -Wswitch -Wunused-function -Wno-unused-label -Wno-unused-parameter -Wunused-variable -Wunused-value -Wempty-body -Wuninitialized -Wconditional-uninitialized -Wno-unknown-pragmas -Wno-shadow -Wno-four-char-constants -Wno-conversion -Wconstant-conversion -Wint-conversion -Wbool-conversion -Wenum-conversion -Wno-float-conversion -Wnon-literal-null-conversion -Wobjc-literal-conversion -Wshorten-64-to-32 -Wno-newline-eof -Wno-selector -Wno-strict-selector-match -Wundeclared-selector -Wdeprecated-implementations -Wno-c++11-extensions -Wno-implicit-fallthrough -isysroot /Applications/Xcode.app/Contents/Developer/Platforms/iPhoneOS.platform/Developer/SDKs/iPhoneOS26.5.sdk -fstrict-aliasing -Wprotocol -Wdeprecated-declarations -Winvalid-offsetof -Wno-sign-conversion -Winfinite-recursion -Wmove -Wcomma -Wblock-capture-autoreleasing -Wstrict-prototypes -Wrange-loop-analysis -Wno-semicolon-before-method-body -Wunguarded-availability -index-store-path /Users/jonahmicahinguito/Library/Developer/Xcode/DerivedData/rotaractconnect-cjwcbdlngckcsaantafkjnfzfbdk/Index.noindex/DataStore @/Users/jonahmicahinguito/Library/Developer/Xcode/DerivedData/rotaractconnect-cjwcbdlngckcsaantafkjnfzfbdk/Build/Intermediates.noindex/Pods.build/Debug-iphoneos/Expo.build/Objects-normal/arm64/af3fcb34312c57c0f52879cdce924b91-common-args.resp -DFOLLY_MOBILE\=1 -DFOLLY_USE_LIBCPP\=1 -DFOLLY_CFG_NO_COROUTINES\=1 -DFOLLY_HAVE_CLOCK_GETTIME\=1 -Wno-comma -Wno-shorten-64-to-32 -include /Users/jonahmicahinguito/dev/rotaract-connect/ios/Pods/Target\ Support\ Files/Expo/Expo-prefix.pch -MMD -MT dependencies -MF /Users/jonahmicahinguito/Library/Developer/Xcode/DerivedData/rotaractconnect-cjwcbdlngckcsaantafkjnfzfbdk/Build/Intermediates.noindex/Pods.build/Debug-iphoneos/Expo.build/Objects-normal/arm64/ExpoReactNativeFactory-5b66ca62c4cdfd8782d5538b3b6c500e.d --serialize-diagnostics /Users/jonahmicahinguito/Library/Developer/Xcode/DerivedData/rotaractconnect-cjwcbdlngckcsaantafkjnfzfbdk/Build/Intermediates.noindex/Pods.build/Debug-iphoneos/Expo.build/Objects-normal/arm64/ExpoReactNativeFactory-5b66ca62c4cdfd8782d5538b3b6c500e.dia -c /Users/jonahmicahinguito/dev/rotaract-connect/node_modules/expo/ios/AppDelegates/ExpoReactNativeFactory.mm -o /Users/jonahmicahinguito/Library/Developer/Xcode/DerivedData/rotaractconnect-cjwcbdlngckcsaantafkjnfzfbdk/Build/Intermediates.noindex/Pods.build/Debug-iphoneos/Expo.build/Objects-normal/arm64/ExpoReactNativeFactory-5b66ca62c4cdfd8782d5538b3b6c500e.o -index-unit-output-path /Pods.build/Debug-iphoneos/Expo.build/Objects-normal/arm64/ExpoReactNativeFactory-5b66ca62c4cdfd8782d5538b3b6c500e.o

In file included from /Users/jonahmicahinguito/dev/rotaract-connect/node_modules/expo/ios/AppDelegates/ExpoReactNativeFactory.mm:3:
In file included from /Users/jonahmicahinguito/dev/rotaract-connect/node_modules/expo/ios/AppDelegates/ExpoReactNativeFactory.h:3:
In file included from /Users/jonahmicahinguito/dev/rotaract-connect/ios/Pods/Headers/Public/ExpoModulesCore/ExpoModulesCore/ExpoModulesCore.h:16:
In file included from /Users/jonahmicahinguito/dev/rotaract-connect/ios/Pods/Headers/Public/ExpoModulesCore/ExpoModulesCore/EXFilePermissionModuleInterface.h:3:
/Users/jonahmicahinguito/dev/rotaract-connect/ios/Pods/Headers/Public/ExpoModulesCore/ExpoModulesCore/EXFileSystemInterface.h:14:42: warning: pointer is missing a nullability type specifier (_Nonnull, _Nullable, or _Null_unspecified) [-Wnullability-completeness]
   14 | @property (nonatomic, readonly) NSString *documentDirectory;
      |                                          ^
/Users/jonahmicahinguito/dev/rotaract-connect/ios/Pods/Headers/Public/ExpoModulesCore/ExpoModulesCore/EXFileSystemInterface.h:14:42: note: insert '_Nullable' if the pointer may be null
   14 | @property (nonatomic, readonly) NSString *documentDirectory;
      |                                          ^
      |                                            _Nullable 
/Users/jonahmicahinguito/dev/rotaract-connect/ios/Pods/Headers/Public/ExpoModulesCore/ExpoModulesCore/EXFileSystemInterface.h:14:42: note: insert '_Nonnull' if the pointer should never be null
   14 | @property (nonatomic, readonly) NSString *documentDirectory;
      |                                          ^
      |                                            _Nonnull 
/Users/jonahmicahinguito/dev/rotaract-connect/ios/Pods/Headers/Public/ExpoModulesCore/ExpoModulesCore/EXFileSystemInterface.h:20:57: warning: pointer is missing a nullability type specifier (_Nonnull, _Nullable, or _Null_unspecified) [-Wnullability-completeness]
   20 | - (nonnull NSString *)generatePathInDirectory:(NSString *)directory withExtension:(NSString *)extension;
      |                                                         ^
/Users/jonahmicahinguito/dev/rotaract-connect/ios/Pods/Headers/Public/ExpoModulesCore/ExpoModulesCore/EXFileSystemInterface.h:20:57: note: insert '_Nullable' if the pointer may be null
   20 | - (nonnull NSString *)generatePathInDirectory:(NSString *)directory withExtension:(NSString *)extension;
      |                                                         ^
      |                                                          _Nullable
/Users/jonahmicahinguito/dev/rotaract-connect/ios/Pods/Headers/Public/ExpoModulesCore/ExpoModulesCore/EXFileSystemInterface.h:20:57: note: insert '_Nonnull' if the pointer should never be null
   20 | - (nonnull NSString *)generatePathInDirectory:(NSString *)directory withExtension:(NSString *)extension;
      |                                                         ^
      |                                                          _Nonnull
/Users/jonahmicahinguito/dev/rotaract-connect/ios/Pods/Headers/Public/ExpoModulesCore/ExpoModulesCore/EXFileSystemInterface.h:20:93: warning: pointer is missing a nullability type specifier (_Nonnull, _Nullable, or _Null_unspecified) [-Wnullability-completeness]
   20 | - (nonnull NSString *)generatePathInDirectory:(NSString *)directory withExtension:(NSString *)extension;
      |                                                                                             ^
/Users/jonahmicahinguito/dev/rotaract-connect/ios/Pods/Headers/Public/ExpoModulesCore/ExpoModulesCore/EXFileSystemInterface.h:20:93: note: insert '_Nullable' if the pointer may be null
   20 | - (nonnull NSString *)generatePathInDirectory:(NSString *)directory withExtension:(NSString *)extension;
      |                                                                                             ^
      |                                                                                              _Nullable
/Users/jonahmicahinguito/dev/rotaract-connect/ios/Pods/Headers/Public/ExpoModulesCore/ExpoModulesCore/EXFileSystemInterface.h:20:93: note: insert '_Nonnull' if the pointer should never be null
   20 | - (nonnull NSString *)generatePathInDirectory:(NSString *)directory withExtension:(NSString *)extension;
      |                                                                                             ^
      |                                                                                              _Nonnull
/Users/jonahmicahinguito/dev/rotaract-connect/ios/Pods/Headers/Public/ExpoModulesCore/ExpoModulesCore/EXFileSystemInterface.h:21:43: warning: pointer is missing a nullability type specifier (_Nonnull, _Nullable, or _Null_unspecified) [-Wnullability-completeness]
   21 | - (BOOL)ensureDirExistsWithPath:(NSString *)path;
      |                                           ^
/Users/jonahmicahinguito/dev/rotaract-connect/ios/Pods/Headers/Public/ExpoModulesCore/ExpoModulesCore/EXFileSystemInterface.h:21:43: note: insert '_Nullable' if the pointer may be null
   21 | - (BOOL)ensureDirExistsWithPath:(NSString *)path;
      |                                           ^
      |                                            _Nullable
/Users/jonahmicahinguito/dev/rotaract-connect/ios/Pods/Headers/Public/ExpoModulesCore/ExpoModulesCore/EXFileSystemInterface.h:21:43: note: insert '_Nonnull' if the pointer should never be null
   21 | - (BOOL)ensureDirExistsWithPath:(NSString *)path;
      |                                           ^
      |                                            _Nonnull
In file included from /Users/jonahmicahinguito/dev/rotaract-connect/node_modules/expo/ios/AppDelegates/ExpoReactNativeFactory.mm:3:
In file included from /Users/jonahmicahinguito/dev/rotaract-connect/node_modules/expo/ios/AppDelegates/ExpoReactNativeFactory.h:4:
In file included from /Users/jonahmicahinguito/dev/rotaract-connect/node_modules/expo/ios/AppDelegates/RCTAppDelegateUmbrella.h:18:
In file included from /Users/jonahmicahinguito/dev/rotaract-connect/ios/Pods/Headers/Public/React_RCTAppDelegate/React-RCTAppDelegate-umbrella.h:13:
In file included from /Users/jonahmicahinguito/dev/rotaract-connect/node_modules/react-native/Libraries/AppDelegate/RCTAppDelegate.h:9:
In file included from /Users/jonahmicahinguito/dev/rotaract-connect/node_modules/react-native/Libraries/AppDelegate/RCTDefaultReactNativeFactoryDelegate.h:9:
In file included from /Users/jonahmicahinguito/dev/rotaract-connect/node_modules/react-native/Libraries/AppDelegate/RCTReactNativeFactory.h:15:
/Users/jonahmicahinguito/dev/rotaract-connect/node_modules/react-native/Libraries/AppDelegate/RCTUIConfiguratorProtocol.h:40:28: warning: 'RCTRootView' is deprecated: This API will be removed along with the legacy architecture. [-Wdeprecated-declarations]
   40 | - (void)customizeRootView:(RCTRootView *)rootView;
      |                            ^
In file included from /Users/jonahmicahinguito/dev/rotaract-connect/node_modules/expo/ios/AppDelegates/ExpoReactNativeFactory.mm:3:
In file included from /Users/jonahmicahinguito/dev/rotaract-connect/node_modules/expo/ios/AppDelegates/ExpoReactNativeFactory.h:4:
In file included from /Users/jonahmicahinguito/dev/rotaract-connect/node_modules/expo/ios/AppDelegates/RCTAppDelegateUmbrella.h:18:
In file included from /Users/jonahmicahinguito/dev/rotaract-connect/ios/Pods/Headers/Public/React_RCTAppDelegate/React-RCTAppDelegate-umbrella.h:13:
In file included from /Users/jonahmicahinguito/dev/rotaract-connect/node_modules/react-native/Libraries/AppDelegate/RCTAppDelegate.h:9:
In file included from /Users/jonahmicahinguito/dev/rotaract-connect/node_modules/react-native/Libraries/AppDelegate/RCTDefaultReactNativeFactoryDelegate.h:9:
In file included from /Users/jonahmicahinguito/dev/rotaract-connect/node_modules/react-native/Libraries/AppDelegate/RCTReactNativeFactory.h:14:
In file included from /Users/jonahmicahinguito/dev/rotaract-connect/node_modules/react-native/Libraries/AppDelegate/RCTRootViewFactory.h:9:
/Users/jonahmicahinguito/dev/rotaract-connect/ios/Pods/Headers/Public/React-Core/React/RCTRootView.h:52:1: note: 'RCTRootView' has been explicitly marked deprecated here
   52 | __deprecated_msg("This API will be removed along with the legacy architecture.") @interface RCTRootView : UIView
      | ^
In file included from <built-in>:1:
In file included from /Users/jonahmicahinguito/dev/rotaract-connect/ios/Pods/Target Support Files/Expo/Expo-prefix.pch:2:
In file included from /Applications/Xcode.app/Contents/Developer/Platforms/iPhoneOS.platform/Developer/SDKs/iPhoneOS26.5.sdk/System/Library/Frameworks/UIKit.framework/Headers/UIKit.h:8:
In file included from /Applications/Xcode.app/Contents/Developer/Platforms/iPhoneOS.platform/Developer/SDKs/iPhoneOS26.5.sdk/System/Library/Frameworks/Foundation.framework/Headers/Foundation.h:6:
In file included from /Applications/Xcode.app/Contents/Developer/Platforms/iPhoneOS.platform/Developer/SDKs/iPhoneOS26.5.sdk/System/Library/Frameworks/CoreFoundation.framework/Headers/CoreFoundation.h:18:
In file included from /Applications/Xcode.app/Contents/Developer/Platforms/iPhoneOS.platform/Developer/SDKs/iPhoneOS26.5.sdk/usr/include/sys/types.h:75:
/Applications/Xcode.app/Contents/Developer/Platforms/iPhoneOS.platform/Developer/SDKs/iPhoneOS26.5.sdk/usr/include/sys/cdefs.h:227:48: note: expanded from macro '__deprecated_msg'
  227 |         #define __deprecated_msg(_msg) __attribute__((__deprecated__(_msg)))
      |                                                       ^
In file included from /Users/jonahmicahinguito/dev/rotaract-connect/node_modules/expo/ios/AppDelegates/ExpoReactNativeFactory.mm:3:
In file included from /Users/jonahmicahinguito/dev/rotaract-connect/node_modules/expo/ios/AppDelegates/ExpoReactNativeFactory.h:4:
In file included from /Users/jonahmicahinguito/dev/rotaract-connect/node_modules/expo/ios/AppDelegates/RCTAppDelegateUmbrella.h:18:
In file included from /Users/jonahmicahinguito/dev/rotaract-connect/ios/Pods/Headers/Public/React_RCTAppDelegate/React-RCTAppDelegate-umbrella.h:14:
/Users/jonahmicahinguito/dev/rotaract-connect/node_modules/react-native/Libraries/AppDelegate/RCTAppSetupUtils.h:36:34: warning: 'JSExecutorFactory' is deprecated: This API will be removed along with the legacy architecture. [-Wdeprecated-declarations]
   36 | std::unique_ptr<facebook::react::JSExecutorFactory> RCTAppSetupDefaultJsExecutorFactory(
      |                                  ^
In file included from /Users/jonahmicahinguito/dev/rotaract-connect/node_modules/expo/ios/AppDelegates/ExpoReactNativeFactory.mm:3:
In file included from /Users/jonahmicahinguito/dev/rotaract-connect/node_modules/expo/ios/AppDelegates/ExpoReactNativeFactory.h:4:
In file included from /Users/jonahmicahinguito/dev/rotaract-connect/node_modules/expo/ios/AppDelegates/RCTAppDelegateUmbrella.h:18:
In file included from /Users/jonahmicahinguito/dev/rotaract-connect/ios/Pods/Headers/Public/React_RCTAppDelegate/React-RCTAppDelegate-umbrella.h:14:
In file included from /Users/jonahmicahinguito/dev/rotaract-connect/node_modules/react-native/Libraries/AppDelegate/RCTAppSetupUtils.h:17:
In file included from /Users/jonahmicahinguito/dev/rotaract-connect/ios/Pods/Headers/Public/React-hermes/reacthermes/HermesExecutorFactory.h:11:
In file included from /Users/jonahmicahinguito/dev/rotaract-connect/ios/Pods/Headers/Public/React-jsiexecutor/jsireact/JSIExecutor.h:11:
/Users/jonahmicahinguito/dev/rotaract-connect/ios/Pods/Headers/Public/React-cxxreact/cxxreact/JSExecutor.h:48:9: note: 'JSExecutorFactory' has been explicitly marked deprecated here
   48 | class [[deprecated("This API will be removed along with the legacy architecture.")]] JSExecutorFactory {
      |         ^
/Users/jonahmicahinguito/dev/rotaract-connect/node_modules/expo/ios/AppDelegates/ExpoReactNativeFactory.mm:25:17: warning: class 'EXReactNativeFactory' does not conform to protocol 'RCTHostDelegate' [-Wprotocol]
   25 | @implementation EXReactNativeFactory {
      |                 ^
/Users/jonahmicahinguito/dev/rotaract-connect/node_modules/expo/ios/AppDelegates/ExpoReactNativeFactory.mm:25:17: note: add stubs for missing protocol requirements
   25 | @implementation EXReactNativeFactory {
      |                 ^
7 warnings generated.

/Users/jonahmicahinguito/dev/rotaract-connect/ios/Pods/Headers/Public/ExpoModulesCore/ExpoModulesCore/EXFileSystemInterface.h:14:42: Pointer is missing a nullability type specifier (_Nonnull, _Nullable, or _Null_unspecified)

/Users/jonahmicahinguito/dev/rotaract-connect/ios/Pods/Headers/Public/ExpoModulesCore/ExpoModulesCore/EXFileSystemInterface.h:20:57: Pointer is missing a nullability type specifier (_Nonnull, _Nullable, or _Null_unspecified)

/Users/jonahmicahinguito/dev/rotaract-connect/ios/Pods/Headers/Public/ExpoModulesCore/ExpoModulesCore/EXFileSystemInterface.h:20:93: Pointer is missing a nullability type specifier (_Nonnull, _Nullable, or _Null_unspecified)

/Users/jonahmicahinguito/dev/rotaract-connect/ios/Pods/Headers/Public/ExpoModulesCore/ExpoModulesCore/EXFileSystemInterface.h:21:43: Pointer is missing a nullability type specifier (_Nonnull, _Nullable, or _Null_unspecified)

/Users/jonahmicahinguito/dev/rotaract-connect/node_modules/react-native/Libraries/AppDelegate/RCTUIConfiguratorProtocol.h:40:28: 'RCTRootView' is deprecated: This API will be removed along with the legacy architecture.

/Users/jonahmicahinguito/dev/rotaract-connect/node_modules/react-native/Libraries/AppDelegate/RCTAppSetupUtils.h:36:34: 'JSExecutorFactory' is deprecated: This API will be removed along with the legacy architecture.

/Users/jonahmicahinguito/dev/rotaract-connect/node_modules/expo/ios/AppDelegates/ExpoReactNativeFactory.mm:25:17: Class 'EXReactNativeFactory' does not conform to protocol 'RCTHostDelegate'

CompileC /Users/jonahmicahinguito/Library/Developer/Xcode/DerivedData/rotaractconnect-cjwcbdlngckcsaantafkjnfzfbdk/Build/Intermediates.noindex/Pods.build/Debug-iphoneos/Expo.build/Objects-normal/arm64/EXReactRootViewFactory.o /Users/jonahmicahinguito/dev/rotaract-connect/node_modules/expo/ios/AppDelegates/EXReactRootViewFactory.mm normal arm64 objective-c++ com.apple.compilers.llvm.clang.1_0.compiler (in target 'Expo' from project 'Pods')
    cd /Users/jonahmicahinguito/dev/rotaract-connect/ios/Pods
    
    Using response file: /Users/jonahmicahinguito/Library/Developer/Xcode/DerivedData/rotaractconnect-cjwcbdlngckcsaantafkjnfzfbdk/Build/Intermediates.noindex/Pods.build/Debug-iphoneos/Expo.build/Objects-normal/arm64/af3fcb34312c57c0f52879cdce924b91-common-args.resp
    
    /Applications/Xcode.app/Contents/Developer/Toolchains/XcodeDefault.xctoolchain/usr/bin/clang -x objective-c++ -ivfsstatcache /Users/jonahmicahinguito/Library/Developer/Xcode/DerivedData/SDKStatCaches.noindex/iphoneos26.5-23F81a-32daed1954a7d5dd0789fcaf2a9bb78b.sdkstatcache -target arm64-apple-ios16.4 -fmessage-length\=0 -fdiagnostics-show-note-include-stack -fmacro-backtrace-limit\=0 -fno-color-diagnostics -fmodules-prune-interval\=86400 -fmodules-prune-after\=345600 -fbuild-session-file\=/Users/jonahmicahinguito/Library/Developer/Xcode/DerivedData/ModuleCache.noindex/Session.modulevalidation -fmodules-validate-once-per-build-session -Wnon-modular-include-in-framework-module -Werror\=non-modular-include-in-framework-module -Wno-trigraphs -Wno-missing-field-initializers -Wno-missing-prototypes -Werror\=return-type -Wdocumentation -Wunreachable-code -Wno-implicit-atomic-properties -Werror\=deprecated-objc-isa-usage -Wno-objc-interface-ivars -Werror\=objc-root-class -Wno-arc-repeated-use-of-weak -Wimplicit-retain-self -Wno-non-virtual-dtor -Wno-overloaded-virtual -Wno-exit-time-destructors -Wduplicate-method-match -Wno-missing-braces -Wparentheses -Wswitch -Wunused-function -Wno-unused-label -Wno-unused-parameter -Wunused-variable -Wunused-value -Wempty-body -Wuninitialized -Wconditional-uninitialized -Wno-unknown-pragmas -Wno-shadow -Wno-four-char-constants -Wno-conversion -Wconstant-conversion -Wint-conversion -Wbool-conversion -Wenum-conversion -Wno-float-conversion -Wnon-literal-null-conversion -Wobjc-literal-conversion -Wshorten-64-to-32 -Wno-newline-eof -Wno-selector -Wno-strict-selector-match -Wundeclared-selector -Wdeprecated-implementations -Wno-c++11-extensions -Wno-implicit-fallthrough -isysroot /Applications/Xcode.app/Contents/Developer/Platforms/iPhoneOS.platform/Developer/SDKs/iPhoneOS26.5.sdk -fstrict-aliasing -Wprotocol -Wdeprecated-declarations -Winvalid-offsetof -Wno-sign-conversion -Winfinite-recursion -Wmove -Wcomma -Wblock-capture-autoreleasing -Wstrict-prototypes -Wrange-loop-analysis -Wno-semicolon-before-method-body -Wunguarded-availability -index-store-path /Users/jonahmicahinguito/Library/Developer/Xcode/DerivedData/rotaractconnect-cjwcbdlngckcsaantafkjnfzfbdk/Index.noindex/DataStore @/Users/jonahmicahinguito/Library/Developer/Xcode/DerivedData/rotaractconnect-cjwcbdlngckcsaantafkjnfzfbdk/Build/Intermediates.noindex/Pods.build/Debug-iphoneos/Expo.build/Objects-normal/arm64/af3fcb34312c57c0f52879cdce924b91-common-args.resp -DFOLLY_MOBILE\=1 -DFOLLY_USE_LIBCPP\=1 -DFOLLY_CFG_NO_COROUTINES\=1 -DFOLLY_HAVE_CLOCK_GETTIME\=1 -Wno-comma -Wno-shorten-64-to-32 -include /Users/jonahmicahinguito/dev/rotaract-connect/ios/Pods/Target\ Support\ Files/Expo/Expo-prefix.pch -MMD -MT dependencies -MF /Users/jonahmicahinguito/Library/Developer/Xcode/DerivedData/rotaractconnect-cjwcbdlngckcsaantafkjnfzfbdk/Build/Intermediates.noindex/Pods.build/Debug-iphoneos/Expo.build/Objects-normal/arm64/EXReactRootViewFactory.d --serialize-diagnostics /Users/jonahmicahinguito/Library/Developer/Xcode/DerivedData/rotaractconnect-cjwcbdlngckcsaantafkjnfzfbdk/Build/Intermediates.noindex/Pods.build/Debug-iphoneos/Expo.build/Objects-normal/arm64/EXReactRootViewFactory.dia -c /Users/jonahmicahinguito/dev/rotaract-connect/node_modules/expo/ios/AppDelegates/EXReactRootViewFactory.mm -o /Users/jonahmicahinguito/Library/Developer/Xcode/DerivedData/rotaractconnect-cjwcbdlngckcsaantafkjnfzfbdk/Build/Intermediates.noindex/Pods.build/Debug-iphoneos/Expo.build/Objects-normal/arm64/EXReactRootViewFactory.o -index-unit-output-path /Pods.build/Debug-iphoneos/Expo.build/Objects-normal/arm64/EXReactRootViewFactory.o

In file included from /Users/jonahmicahinguito/dev/rotaract-connect/node_modules/expo/ios/AppDelegates/EXReactRootViewFactory.mm:3:
In file included from /Users/jonahmicahinguito/dev/rotaract-connect/node_modules/expo/ios/AppDelegates/EXReactRootViewFactory.h:6:
In file included from /Users/jonahmicahinguito/dev/rotaract-connect/node_modules/expo/ios/AppDelegates/RCTAppDelegateUmbrella.h:18:
In file included from /Users/jonahmicahinguito/dev/rotaract-connect/ios/Pods/Headers/Public/React_RCTAppDelegate/React-RCTAppDelegate-umbrella.h:13:
In file included from /Users/jonahmicahinguito/dev/rotaract-connect/node_modules/react-native/Libraries/AppDelegate/RCTAppDelegate.h:9:
In file included from /Users/jonahmicahinguito/dev/rotaract-connect/node_modules/react-native/Libraries/AppDelegate/RCTDefaultReactNativeFactoryDelegate.h:9:
In file included from /Users/jonahmicahinguito/dev/rotaract-connect/node_modules/react-native/Libraries/AppDelegate/RCTReactNativeFactory.h:15:
/Users/jonahmicahinguito/dev/rotaract-connect/node_modules/react-native/Libraries/AppDelegate/RCTUIConfiguratorProtocol.h:40:28: warning: 'RCTRootView' is deprecated: This API will be removed along with the legacy architecture. [-Wdeprecated-declarations]
   40 | - (void)customizeRootView:(RCTRootView *)rootView;
      |                            ^
In file included from /Users/jonahmicahinguito/dev/rotaract-connect/node_modules/expo/ios/AppDelegates/EXReactRootViewFactory.mm:3:
In file included from /Users/jonahmicahinguito/dev/rotaract-connect/node_modules/expo/ios/AppDelegates/EXReactRootViewFactory.h:6:
In file included from /Users/jonahmicahinguito/dev/rotaract-connect/node_modules/expo/ios/AppDelegates/RCTAppDelegateUmbrella.h:18:
In file included from /Users/jonahmicahinguito/dev/rotaract-connect/ios/Pods/Headers/Public/React_RCTAppDelegate/React-RCTAppDelegate-umbrella.h:13:
In file included from /Users/jonahmicahinguito/dev/rotaract-connect/node_modules/react-native/Libraries/AppDelegate/RCTAppDelegate.h:9:
In file included from /Users/jonahmicahinguito/dev/rotaract-connect/node_modules/react-native/Libraries/AppDelegate/RCTDefaultReactNativeFactoryDelegate.h:9:
In file included from /Users/jonahmicahinguito/dev/rotaract-connect/node_modules/react-native/Libraries/AppDelegate/RCTReactNativeFactory.h:14:
In file included from /Users/jonahmicahinguito/dev/rotaract-connect/node_modules/react-native/Libraries/AppDelegate/RCTRootViewFactory.h:9:
/Users/jonahmicahinguito/dev/rotaract-connect/ios/Pods/Headers/Public/React-Core/React/RCTRootView.h:52:1: note: 'RCTRootView' has been explicitly marked deprecated here
   52 | __deprecated_msg("This API will be removed along with the legacy architecture.") @interface RCTRootView : UIView
      | ^
In file included from <built-in>:1:
In file included from /Users/jonahmicahinguito/dev/rotaract-connect/ios/Pods/Target Support Files/Expo/Expo-prefix.pch:2:
In file included from /Applications/Xcode.app/Contents/Developer/Platforms/iPhoneOS.platform/Developer/SDKs/iPhoneOS26.5.sdk/System/Library/Frameworks/UIKit.framework/Headers/UIKit.h:8:
In file included from /Applications/Xcode.app/Contents/Developer/Platforms/iPhoneOS.platform/Developer/SDKs/iPhoneOS26.5.sdk/System/Library/Frameworks/Foundation.framework/Headers/Foundation.h:6:
In file included from /Applications/Xcode.app/Contents/Developer/Platforms/iPhoneOS.platform/Developer/SDKs/iPhoneOS26.5.sdk/System/Library/Frameworks/CoreFoundation.framework/Headers/CoreFoundation.h:18:
In file included from /Applications/Xcode.app/Contents/Developer/Platforms/iPhoneOS.platform/Developer/SDKs/iPhoneOS26.5.sdk/usr/include/sys/types.h:75:
/Applications/Xcode.app/Contents/Developer/Platforms/iPhoneOS.platform/Developer/SDKs/iPhoneOS26.5.sdk/usr/include/sys/cdefs.h:227:48: note: expanded from macro '__deprecated_msg'
  227 |         #define __deprecated_msg(_msg) __attribute__((__deprecated__(_msg)))
      |                                                       ^
In file included from /Users/jonahmicahinguito/dev/rotaract-connect/node_modules/expo/ios/AppDelegates/EXReactRootViewFactory.mm:3:
In file included from /Users/jonahmicahinguito/dev/rotaract-connect/node_modules/expo/ios/AppDelegates/EXReactRootViewFactory.h:6:
In file included from /Users/jonahmicahinguito/dev/rotaract-connect/node_modules/expo/ios/AppDelegates/RCTAppDelegateUmbrella.h:18:
In file included from /Users/jonahmicahinguito/dev/rotaract-connect/ios/Pods/Headers/Public/React_RCTAppDelegate/React-RCTAppDelegate-umbrella.h:14:
/Users/jonahmicahinguito/dev/rotaract-connect/node_modules/react-native/Libraries/AppDelegate/RCTAppSetupUtils.h:36:34: warning: 'JSExecutorFactory' is deprecated: This API will be removed along with the legacy architecture. [-Wdeprecated-declarations]
   36 | std::unique_ptr<facebook::react::JSExecutorFactory> RCTAppSetupDefaultJsExecutorFactory(
      |                                  ^
In file included from /Users/jonahmicahinguito/dev/rotaract-connect/node_modules/expo/ios/AppDelegates/EXReactRootViewFactory.mm:3:
In file included from /Users/jonahmicahinguito/dev/rotaract-connect/node_modules/expo/ios/AppDelegates/EXReactRootViewFactory.h:6:
In file included from /Users/jonahmicahinguito/dev/rotaract-connect/node_modules/expo/ios/AppDelegates/RCTAppDelegateUmbrella.h:18:
In file included from /Users/jonahmicahinguito/dev/rotaract-connect/ios/Pods/Headers/Public/React_RCTAppDelegate/React-RCTAppDelegate-umbrella.h:14:
In file included from /Users/jonahmicahinguito/dev/rotaract-connect/node_modules/react-native/Libraries/AppDelegate/RCTAppSetupUtils.h:17:
In file included from /Users/jonahmicahinguito/dev/rotaract-connect/ios/Pods/Headers/Public/React-hermes/reacthermes/HermesExecutorFactory.h:11:
In file included from /Users/jonahmicahinguito/dev/rotaract-connect/ios/Pods/Headers/Public/React-jsiexecutor/jsireact/JSIExecutor.h:11:
/Users/jonahmicahinguito/dev/rotaract-connect/ios/Pods/Headers/Public/React-cxxreact/cxxreact/JSExecutor.h:48:9: note: 'JSExecutorFactory' has been explicitly marked deprecated here
   48 | class [[deprecated("This API will be removed along with the legacy architecture.")]] JSExecutorFactory {
      |         ^
2 warnings generated.

/Users/jonahmicahinguito/dev/rotaract-connect/node_modules/react-native/Libraries/AppDelegate/RCTUIConfiguratorProtocol.h:40:28: 'RCTRootView' is deprecated: This API will be removed along with the legacy architecture.

/Users/jonahmicahinguito/dev/rotaract-connect/node_modules/react-native/Libraries/AppDelegate/RCTAppSetupUtils.h:36:34: 'JSExecutorFactory' is deprecated: This API will be removed along with the legacy architecture.

CompileC /Users/jonahmicahinguito/Library/Developer/Xcode/DerivedData/rotaractconnect-cjwcbdlngckcsaantafkjnfzfbdk/Build/Intermediates.noindex/Pods.build/Debug-iphoneos/Expo.build/Objects-normal/arm64/EXBundleConfiguration.o /Users/jonahmicahinguito/dev/rotaract-connect/node_modules/expo/ios/AppDelegates/EXBundleConfiguration.mm normal arm64 objective-c++ com.apple.compilers.llvm.clang.1_0.compiler (in target 'Expo' from project 'Pods')
    cd /Users/jonahmicahinguito/dev/rotaract-connect/ios/Pods
    
    Using response file: /Users/jonahmicahinguito/Library/Developer/Xcode/DerivedData/rotaractconnect-cjwcbdlngckcsaantafkjnfzfbdk/Build/Intermediates.noindex/Pods.build/Debug-iphoneos/Expo.build/Objects-normal/arm64/af3fcb34312c57c0f52879cdce924b91-common-args.resp
    
    /Applications/Xcode.app/Contents/Developer/Toolchains/XcodeDefault.xctoolchain/usr/bin/clang -x objective-c++ -ivfsstatcache /Users/jonahmicahinguito/Library/Developer/Xcode/DerivedData/SDKStatCaches.noindex/iphoneos26.5-23F81a-32daed1954a7d5dd0789fcaf2a9bb78b.sdkstatcache -target arm64-apple-ios16.4 -fmessage-length\=0 -fdiagnostics-show-note-include-stack -fmacro-backtrace-limit\=0 -fno-color-diagnostics -fmodules-prune-interval\=86400 -fmodules-prune-after\=345600 -fbuild-session-file\=/Users/jonahmicahinguito/Library/Developer/Xcode/DerivedData/ModuleCache.noindex/Session.modulevalidation -fmodules-validate-once-per-build-session -Wnon-modular-include-in-framework-module -Werror\=non-modular-include-in-framework-module -Wno-trigraphs -Wno-missing-field-initializers -Wno-missing-prototypes -Werror\=return-type -Wdocumentation -Wunreachable-code -Wno-implicit-atomic-properties -Werror\=deprecated-objc-isa-usage -Wno-objc-interface-ivars -Werror\=objc-root-class -Wno-arc-repeated-use-of-weak -Wimplicit-retain-self -Wno-non-virtual-dtor -Wno-overloaded-virtual -Wno-exit-time-destructors -Wduplicate-method-match -Wno-missing-braces -Wparentheses -Wswitch -Wunused-function -Wno-unused-label -Wno-unused-parameter -Wunused-variable -Wunused-value -Wempty-body -Wuninitialized -Wconditional-uninitialized -Wno-unknown-pragmas -Wno-shadow -Wno-four-char-constants -Wno-conversion -Wconstant-conversion -Wint-conversion -Wbool-conversion -Wenum-conversion -Wno-float-conversion -Wnon-literal-null-conversion -Wobjc-literal-conversion -Wshorten-64-to-32 -Wno-newline-eof -Wno-selector -Wno-strict-selector-match -Wundeclared-selector -Wdeprecated-implementations -Wno-c++11-extensions -Wno-implicit-fallthrough -isysroot /Applications/Xcode.app/Contents/Developer/Platforms/iPhoneOS.platform/Developer/SDKs/iPhoneOS26.5.sdk -fstrict-aliasing -Wprotocol -Wdeprecated-declarations -Winvalid-offsetof -Wno-sign-conversion -Winfinite-recursion -Wmove -Wcomma -Wblock-capture-autoreleasing -Wstrict-prototypes -Wrange-loop-analysis -Wno-semicolon-before-method-body -Wunguarded-availability -index-store-path /Users/jonahmicahinguito/Library/Developer/Xcode/DerivedData/rotaractconnect-cjwcbdlngckcsaantafkjnfzfbdk/Index.noindex/DataStore @/Users/jonahmicahinguito/Library/Developer/Xcode/DerivedData/rotaractconnect-cjwcbdlngckcsaantafkjnfzfbdk/Build/Intermediates.noindex/Pods.build/Debug-iphoneos/Expo.build/Objects-normal/arm64/af3fcb34312c57c0f52879cdce924b91-common-args.resp -DFOLLY_MOBILE\=1 -DFOLLY_USE_LIBCPP\=1 -DFOLLY_CFG_NO_COROUTINES\=1 -DFOLLY_HAVE_CLOCK_GETTIME\=1 -Wno-comma -Wno-shorten-64-to-32 -include /Users/jonahmicahinguito/dev/rotaract-connect/ios/Pods/Target\ Support\ Files/Expo/Expo-prefix.pch -MMD -MT dependencies -MF /Users/jonahmicahinguito/Library/Developer/Xcode/DerivedData/rotaractconnect-cjwcbdlngckcsaantafkjnfzfbdk/Build/Intermediates.noindex/Pods.build/Debug-iphoneos/Expo.build/Objects-normal/arm64/EXBundleConfiguration.d --serialize-diagnostics /Users/jonahmicahinguito/Library/Developer/Xcode/DerivedData/rotaractconnect-cjwcbdlngckcsaantafkjnfzfbdk/Build/Intermediates.noindex/Pods.build/Debug-iphoneos/Expo.build/Objects-normal/arm64/EXBundleConfiguration.dia -c /Users/jonahmicahinguito/dev/rotaract-connect/node_modules/expo/ios/AppDelegates/EXBundleConfiguration.mm -o /Users/jonahmicahinguito/Library/Developer/Xcode/DerivedData/rotaractconnect-cjwcbdlngckcsaantafkjnfzfbdk/Build/Intermediates.noindex/Pods.build/Debug-iphoneos/Expo.build/Objects-normal/arm64/EXBundleConfiguration.o -index-unit-output-path /Pods.build/Debug-iphoneos/Expo.build/Objects-normal/arm64/EXBundleConfiguration.o

In file included from /Users/jonahmicahinguito/dev/rotaract-connect/node_modules/expo/ios/AppDelegates/EXBundleConfiguration.mm:3:
In file included from /Users/jonahmicahinguito/dev/rotaract-connect/node_modules/expo/ios/AppDelegates/EXBundleConfiguration.h:6:
In file included from /Users/jonahmicahinguito/dev/rotaract-connect/node_modules/expo/ios/AppDelegates/RCTAppDelegateUmbrella.h:18:
In file included from /Users/jonahmicahinguito/dev/rotaract-connect/ios/Pods/Headers/Public/React_RCTAppDelegate/React-RCTAppDelegate-umbrella.h:13:
In file included from /Users/jonahmicahinguito/dev/rotaract-connect/node_modules/react-native/Libraries/AppDelegate/RCTAppDelegate.h:9:
In file included from /Users/jonahmicahinguito/dev/rotaract-connect/node_modules/react-native/Libraries/AppDelegate/RCTDefaultReactNativeFactoryDelegate.h:9:
In file included from /Users/jonahmicahinguito/dev/rotaract-connect/node_modules/react-native/Libraries/AppDelegate/RCTReactNativeFactory.h:15:
/Users/jonahmicahinguito/dev/rotaract-connect/node_modules/react-native/Libraries/AppDelegate/RCTUIConfiguratorProtocol.h:40:28: warning: 'RCTRootView' is deprecated: This API will be removed along with the legacy architecture. [-Wdeprecated-declarations]
   40 | - (void)customizeRootView:(RCTRootView *)rootView;
      |                            ^
In file included from /Users/jonahmicahinguito/dev/rotaract-connect/node_modules/expo/ios/AppDelegates/EXBundleConfiguration.mm:3:
In file included from /Users/jonahmicahinguito/dev/rotaract-connect/node_modules/expo/ios/AppDelegates/EXBundleConfiguration.h:6:
In file included from /Users/jonahmicahinguito/dev/rotaract-connect/node_modules/expo/ios/AppDelegates/RCTAppDelegateUmbrella.h:18:
In file included from /Users/jonahmicahinguito/dev/rotaract-connect/ios/Pods/Headers/Public/React_RCTAppDelegate/React-RCTAppDelegate-umbrella.h:13:
In file included from /Users/jonahmicahinguito/dev/rotaract-connect/node_modules/react-native/Libraries/AppDelegate/RCTAppDelegate.h:9:
In file included from /Users/jonahmicahinguito/dev/rotaract-connect/node_modules/react-native/Libraries/AppDelegate/RCTDefaultReactNativeFactoryDelegate.h:9:
In file included from /Users/jonahmicahinguito/dev/rotaract-connect/node_modules/react-native/Libraries/AppDelegate/RCTReactNativeFactory.h:14:
In file included from /Users/jonahmicahinguito/dev/rotaract-connect/node_modules/react-native/Libraries/AppDelegate/RCTRootViewFactory.h:9:
/Users/jonahmicahinguito/dev/rotaract-connect/ios/Pods/Headers/Public/React-Core/React/RCTRootView.h:52:1: note: 'RCTRootView' has been explicitly marked deprecated here
   52 | __deprecated_msg("This API will be removed along with the legacy architecture.") @interface RCTRootView : UIView
      | ^
In file included from <built-in>:1:
In file included from /Users/jonahmicahinguito/dev/rotaract-connect/ios/Pods/Target Support Files/Expo/Expo-prefix.pch:2:
In file included from /Applications/Xcode.app/Contents/Developer/Platforms/iPhoneOS.platform/Developer/SDKs/iPhoneOS26.5.sdk/System/Library/Frameworks/UIKit.framework/Headers/UIKit.h:8:
In file included from /Applications/Xcode.app/Contents/Developer/Platforms/iPhoneOS.platform/Developer/SDKs/iPhoneOS26.5.sdk/System/Library/Frameworks/Foundation.framework/Headers/Foundation.h:6:
In file included from /Applications/Xcode.app/Contents/Developer/Platforms/iPhoneOS.platform/Developer/SDKs/iPhoneOS26.5.sdk/System/Library/Frameworks/CoreFoundation.framework/Headers/CoreFoundation.h:18:
In file included from /Applications/Xcode.app/Contents/Developer/Platforms/iPhoneOS.platform/Developer/SDKs/iPhoneOS26.5.sdk/usr/include/sys/types.h:75:
/Applications/Xcode.app/Contents/Developer/Platforms/iPhoneOS.platform/Developer/SDKs/iPhoneOS26.5.sdk/usr/include/sys/cdefs.h:227:48: note: expanded from macro '__deprecated_msg'
  227 |         #define __deprecated_msg(_msg) __attribute__((__deprecated__(_msg)))
      |                                                       ^
In file included from /Users/jonahmicahinguito/dev/rotaract-connect/node_modules/expo/ios/AppDelegates/EXBundleConfiguration.mm:3:
In file included from /Users/jonahmicahinguito/dev/rotaract-connect/node_modules/expo/ios/AppDelegates/EXBundleConfiguration.h:6:
In file included from /Users/jonahmicahinguito/dev/rotaract-connect/node_modules/expo/ios/AppDelegates/RCTAppDelegateUmbrella.h:18:
In file included from /Users/jonahmicahinguito/dev/rotaract-connect/ios/Pods/Headers/Public/React_RCTAppDelegate/React-RCTAppDelegate-umbrella.h:14:
/Users/jonahmicahinguito/dev/rotaract-connect/node_modules/react-native/Libraries/AppDelegate/RCTAppSetupUtils.h:36:34: warning: 'JSExecutorFactory' is deprecated: This API will be removed along with the legacy architecture. [-Wdeprecated-declarations]
   36 | std::unique_ptr<facebook::react::JSExecutorFactory> RCTAppSetupDefaultJsExecutorFactory(
      |                                  ^
In file included from /Users/jonahmicahinguito/dev/rotaract-connect/node_modules/expo/ios/AppDelegates/EXBundleConfiguration.mm:3:
In file included from /Users/jonahmicahinguito/dev/rotaract-connect/node_modules/expo/ios/AppDelegates/EXBundleConfiguration.h:6:
In file included from /Users/jonahmicahinguito/dev/rotaract-connect/node_modules/expo/ios/AppDelegates/RCTAppDelegateUmbrella.h:18:
In file included from /Users/jonahmicahinguito/dev/rotaract-connect/ios/Pods/Headers/Public/React_RCTAppDelegate/React-RCTAppDelegate-umbrella.h:14:
In file included from /Users/jonahmicahinguito/dev/rotaract-connect/node_modules/react-native/Libraries/AppDelegate/RCTAppSetupUtils.h:17:
In file included from /Users/jonahmicahinguito/dev/rotaract-connect/ios/Pods/Headers/Public/React-hermes/reacthermes/HermesExecutorFactory.h:11:
In file included from /Users/jonahmicahinguito/dev/rotaract-connect/ios/Pods/Headers/Public/React-jsiexecutor/jsireact/JSIExecutor.h:11:
/Users/jonahmicahinguito/dev/rotaract-connect/ios/Pods/Headers/Public/React-cxxreact/cxxreact/JSExecutor.h:48:9: note: 'JSExecutorFactory' has been explicitly marked deprecated here
   48 | class [[deprecated("This API will be removed along with the legacy architecture.")]] JSExecutorFactory {
      |         ^
2 warnings generated.

/Users/jonahmicahinguito/dev/rotaract-connect/node_modules/react-native/Libraries/AppDelegate/RCTUIConfiguratorProtocol.h:40:28: 'RCTRootView' is deprecated: This API will be removed along with the legacy architecture.

/Users/jonahmicahinguito/dev/rotaract-connect/node_modules/react-native/Libraries/AppDelegate/RCTAppSetupUtils.h:36:34: 'JSExecutorFactory' is deprecated: This API will be removed along with the legacy architecture.

CompileC /Users/jonahmicahinguito/Library/Developer/Xcode/DerivedData/rotaractconnect-cjwcbdlngckcsaantafkjnfzfbdk/Build/Intermediates.noindex/Pods.build/Debug-iphoneos/Expo.build/Objects-normal/arm64/EXLegacyAppDelegateWrapper.o /Users/jonahmicahinguito/dev/rotaract-connect/node_modules/expo/ios/AppDelegates/EXLegacyAppDelegateWrapper.m normal arm64 objective-c com.apple.compilers.llvm.clang.1_0.compiler (in target 'Expo' from project 'Pods')
    cd /Users/jonahmicahinguito/dev/rotaract-connect/ios/Pods
    
    Using response file: /Users/jonahmicahinguito/Library/Developer/Xcode/DerivedData/rotaractconnect-cjwcbdlngckcsaantafkjnfzfbdk/Build/Intermediates.noindex/Pods.build/Debug-iphoneos/Expo.build/Objects-normal/arm64/e6072d4f65d7061329687fe24e3d63a7-common-args.resp
    
    /Applications/Xcode.app/Contents/Developer/Toolchains/XcodeDefault.xctoolchain/usr/bin/clang -x objective-c -ivfsstatcache /Users/jonahmicahinguito/Library/Developer/Xcode/DerivedData/SDKStatCaches.noindex/iphoneos26.5-23F81a-32daed1954a7d5dd0789fcaf2a9bb78b.sdkstatcache -target arm64-apple-ios16.4 -fmessage-length\=0 -fdiagnostics-show-note-include-stack -fmacro-backtrace-limit\=0 -fno-color-diagnostics -fmodules-prune-interval\=86400 -fmodules-prune-after\=345600 -fbuild-session-file\=/Users/jonahmicahinguito/Library/Developer/Xcode/DerivedData/ModuleCache.noindex/Session.modulevalidation -fmodules-validate-once-per-build-session -Wnon-modular-include-in-framework-module -Werror\=non-modular-include-in-framework-module -Wno-trigraphs -Wno-missing-field-initializers -Wno-missing-prototypes -Werror\=return-type -Wdocumentation -Wunreachable-code -Wno-implicit-atomic-properties -Werror\=deprecated-objc-isa-usage -Wno-objc-interface-ivars -Werror\=objc-root-class -Wno-arc-repeated-use-of-weak -Wimplicit-retain-self -Wduplicate-method-match -Wno-missing-braces -Wparentheses -Wswitch -Wunused-function -Wno-unused-label -Wno-unused-parameter -Wunused-variable -Wunused-value -Wempty-body -Wuninitialized -Wconditional-uninitialized -Wno-unknown-pragmas -Wno-shadow -Wno-four-char-constants -Wno-conversion -Wconstant-conversion -Wint-conversion -Wbool-conversion -Wenum-conversion -Wno-float-conversion -Wnon-literal-null-conversion -Wobjc-literal-conversion -Wshorten-64-to-32 -Wpointer-sign -Wno-newline-eof -Wno-selector -Wno-strict-selector-match -Wundeclared-selector -Wdeprecated-implementations -Wno-implicit-fallthrough -isysroot /Applications/Xcode.app/Contents/Developer/Platforms/iPhoneOS.platform/Developer/SDKs/iPhoneOS26.5.sdk -fstrict-aliasing -Wprotocol -Wdeprecated-declarations -Wno-sign-conversion -Winfinite-recursion -Wcomma -Wblock-capture-autoreleasing -Wstrict-prototypes -Wno-semicolon-before-method-body -Wunguarded-availability -index-store-path /Users/jonahmicahinguito/Library/Developer/Xcode/DerivedData/rotaractconnect-cjwcbdlngckcsaantafkjnfzfbdk/Index.noindex/DataStore @/Users/jonahmicahinguito/Library/Developer/Xcode/DerivedData/rotaractconnect-cjwcbdlngckcsaantafkjnfzfbdk/Build/Intermediates.noindex/Pods.build/Debug-iphoneos/Expo.build/Objects-normal/arm64/e6072d4f65d7061329687fe24e3d63a7-common-args.resp -DFOLLY_MOBILE\=1 -DFOLLY_USE_LIBCPP\=1 -DFOLLY_CFG_NO_COROUTINES\=1 -DFOLLY_HAVE_CLOCK_GETTIME\=1 -Wno-comma -Wno-shorten-64-to-32 -include /Users/jonahmicahinguito/dev/rotaract-connect/ios/Pods/Target\ Support\ Files/Expo/Expo-prefix.pch -MMD -MT dependencies -MF /Users/jonahmicahinguito/Library/Developer/Xcode/DerivedData/rotaractconnect-cjwcbdlngckcsaantafkjnfzfbdk/Build/Intermediates.noindex/Pods.build/Debug-iphoneos/Expo.build/Objects-normal/arm64/EXLegacyAppDelegateWrapper.d --serialize-diagnostics /Users/jonahmicahinguito/Library/Developer/Xcode/DerivedData/rotaractconnect-cjwcbdlngckcsaantafkjnfzfbdk/Build/Intermediates.noindex/Pods.build/Debug-iphoneos/Expo.build/Objects-normal/arm64/EXLegacyAppDelegateWrapper.dia -c /Users/jonahmicahinguito/dev/rotaract-connect/node_modules/expo/ios/AppDelegates/EXLegacyAppDelegateWrapper.m -o /Users/jonahmicahinguito/Library/Developer/Xcode/DerivedData/rotaractconnect-cjwcbdlngckcsaantafkjnfzfbdk/Build/Intermediates.noindex/Pods.build/Debug-iphoneos/Expo.build/Objects-normal/arm64/EXLegacyAppDelegateWrapper.o -index-unit-output-path /Pods.build/Debug-iphoneos/Expo.build/Objects-normal/arm64/EXLegacyAppDelegateWrapper.o

/Users/jonahmicahinguito/dev/rotaract-connect/node_modules/expo/ios/AppDelegates/EXLegacyAppDelegateWrapper.m:78:1: warning: implementing deprecated method [-Wdeprecated-implementations]
   78 | - (void)application:(UIApplication *)application performFetchWithCompletionHandler:(void (^)(UIBackgroundFetchResult))completionHandler
      | ^
In module 'UIKit' imported from /Users/jonahmicahinguito/dev/rotaract-connect/ios/Pods/Target Support Files/Expo/Expo-prefix.pch:2:
/Applications/Xcode.app/Contents/Developer/Platforms/iPhoneOS.platform/Developer/SDKs/iPhoneOS26.5.sdk/System/Library/Frameworks/UIKit.framework/Headers/UIApplication.h:430:1: note: method 'application:performFetchWithCompletionHandler:' declared here
  430 | - (void)application:(UIApplication *)application performFetchWithCompletionHandler:(void (^)(UIBackgroundFetchResult result))completionHandler NS_SWIFT_DISABLE_ASYNC API_DEPRECATED("Use a BGAppRefreshTask in the BackgroundTasks framework instead", ios(7.0, 13.0), tvos(11.0, 13.0)) API_UNAVAILABLE(visionos, watchos);
      | ^
/Users/jonahmicahinguito/dev/rotaract-connect/node_modules/expo/ios/AppDelegates/EXLegacyAppDelegateWrapper.m:106:22: warning: 'application:performFetchWithCompletionHandler:' is deprecated: first deprecated in iOS 13.0 - Use a BGAppRefreshTask in the BackgroundTasks framework instead [-Wdeprecated-declarations]
  106 |       [subcontractor application:application performFetchWithCompletionHandler:handler];
      |                      ^
In module 'UIKit' imported from /Users/jonahmicahinguito/dev/rotaract-connect/ios/Pods/Target Support Files/Expo/Expo-prefix.pch:2:
/Applications/Xcode.app/Contents/Developer/Platforms/iPhoneOS.platform/Developer/SDKs/iPhoneOS26.5.sdk/System/Library/Frameworks/UIKit.framework/Headers/UIApplication.h:430:1: note: 'application:performFetchWithCompletionHandler:' has been explicitly marked deprecated here
  430 | - (void)application:(UIApplication *)application performFetchWithCompletionHandler:(void (^)(UIBackgroundFetchResult result))completionHandler NS_SWIFT_DISABLE_ASYNC API_DEPRECATED("Use a BGAppRefreshTask in the BackgroundTasks framework instead", ios(7.0, 13.0), tvos(11.0, 13.0)) API_UNAVAILABLE(visionos, watchos);
      | ^
2 warnings generated.

/Users/jonahmicahinguito/dev/rotaract-connect/node_modules/expo/ios/AppDelegates/EXLegacyAppDelegateWrapper.m:78:1: Implementing deprecated method

/Users/jonahmicahinguito/dev/rotaract-connect/node_modules/expo/ios/AppDelegates/EXLegacyAppDelegateWrapper.m:106:22: 'application:performFetchWithCompletionHandler:' is deprecated: first deprecated in iOS 13.0 - Use a BGAppRefreshTask in the BackgroundTasks framework instead

CompileC /Users/jonahmicahinguito/Library/Developer/Xcode/DerivedData/rotaractconnect-cjwcbdlngckcsaantafkjnfzfbdk/Build/Intermediates.noindex/Pods.build/Debug-iphoneos/Expo.build/Objects-normal/arm64/EXAppDefinesLoader.o /Users/jonahmicahinguito/dev/rotaract-connect/node_modules/expo/ios/EXAppDefinesLoader.m normal arm64 objective-c com.apple.compilers.llvm.clang.1_0.compiler (in target 'Expo' from project 'Pods')
    cd /Users/jonahmicahinguito/dev/rotaract-connect/ios/Pods
    
    Using response file: /Users/jonahmicahinguito/Library/Developer/Xcode/DerivedData/rotaractconnect-cjwcbdlngckcsaantafkjnfzfbdk/Build/Intermediates.noindex/Pods.build/Debug-iphoneos/Expo.build/Objects-normal/arm64/e6072d4f65d7061329687fe24e3d63a7-common-args.resp
    
    /Applications/Xcode.app/Contents/Developer/Toolchains/XcodeDefault.xctoolchain/usr/bin/clang -x objective-c -ivfsstatcache /Users/jonahmicahinguito/Library/Developer/Xcode/DerivedData/SDKStatCaches.noindex/iphoneos26.5-23F81a-32daed1954a7d5dd0789fcaf2a9bb78b.sdkstatcache -target arm64-apple-ios16.4 -fmessage-length\=0 -fdiagnostics-show-note-include-stack -fmacro-backtrace-limit\=0 -fno-color-diagnostics -fmodules-prune-interval\=86400 -fmodules-prune-after\=345600 -fbuild-session-file\=/Users/jonahmicahinguito/Library/Developer/Xcode/DerivedData/ModuleCache.noindex/Session.modulevalidation -fmodules-validate-once-per-build-session -Wnon-modular-include-in-framework-module -Werror\=non-modular-include-in-framework-module -Wno-trigraphs -Wno-missing-field-initializers -Wno-missing-prototypes -Werror\=return-type -Wdocumentation -Wunreachable-code -Wno-implicit-atomic-properties -Werror\=deprecated-objc-isa-usage -Wno-objc-interface-ivars -Werror\=objc-root-class -Wno-arc-repeated-use-of-weak -Wimplicit-retain-self -Wduplicate-method-match -Wno-missing-braces -Wparentheses -Wswitch -Wunused-function -Wno-unused-label -Wno-unused-parameter -Wunused-variable -Wunused-value -Wempty-body -Wuninitialized -Wconditional-uninitialized -Wno-unknown-pragmas -Wno-shadow -Wno-four-char-constants -Wno-conversion -Wconstant-conversion -Wint-conversion -Wbool-conversion -Wenum-conversion -Wno-float-conversion -Wnon-literal-null-conversion -Wobjc-literal-conversion -Wshorten-64-to-32 -Wpointer-sign -Wno-newline-eof -Wno-selector -Wno-strict-selector-match -Wundeclared-selector -Wdeprecated-implementations -Wno-implicit-fallthrough -isysroot /Applications/Xcode.app/Contents/Developer/Platforms/iPhoneOS.platform/Developer/SDKs/iPhoneOS26.5.sdk -fstrict-aliasing -Wprotocol -Wdeprecated-declarations -Wno-sign-conversion -Winfinite-recursion -Wcomma -Wblock-capture-autoreleasing -Wstrict-prototypes -Wno-semicolon-before-method-body -Wunguarded-availability -index-store-path /Users/jonahmicahinguito/Library/Developer/Xcode/DerivedData/rotaractconnect-cjwcbdlngckcsaantafkjnfzfbdk/Index.noindex/DataStore @/Users/jonahmicahinguito/Library/Developer/Xcode/DerivedData/rotaractconnect-cjwcbdlngckcsaantafkjnfzfbdk/Build/Intermediates.noindex/Pods.build/Debug-iphoneos/Expo.build/Objects-normal/arm64/e6072d4f65d7061329687fe24e3d63a7-common-args.resp -DFOLLY_MOBILE\=1 -DFOLLY_USE_LIBCPP\=1 -DFOLLY_CFG_NO_COROUTINES\=1 -DFOLLY_HAVE_CLOCK_GETTIME\=1 -Wno-comma -Wno-shorten-64-to-32 -include /Users/jonahmicahinguito/dev/rotaract-connect/ios/Pods/Target\ Support\ Files/Expo/Expo-prefix.pch -MMD -MT dependencies -MF /Users/jonahmicahinguito/Library/Developer/Xcode/DerivedData/rotaractconnect-cjwcbdlngckcsaantafkjnfzfbdk/Build/Intermediates.noindex/Pods.build/Debug-iphoneos/Expo.build/Objects-normal/arm64/EXAppDefinesLoader.d --serialize-diagnostics /Users/jonahmicahinguito/Library/Developer/Xcode/DerivedData/rotaractconnect-cjwcbdlngckcsaantafkjnfzfbdk/Build/Intermediates.noindex/Pods.build/Debug-iphoneos/Expo.build/Objects-normal/arm64/EXAppDefinesLoader.dia -c /Users/jonahmicahinguito/dev/rotaract-connect/node_modules/expo/ios/EXAppDefinesLoader.m -o /Users/jonahmicahinguito/Library/Developer/Xcode/DerivedData/rotaractconnect-cjwcbdlngckcsaantafkjnfzfbdk/Build/Intermediates.noindex/Pods.build/Debug-iphoneos/Expo.build/Objects-normal/arm64/EXAppDefinesLoader.o -index-unit-output-path /Pods.build/Debug-iphoneos/Expo.build/Objects-normal/arm64/EXAppDefinesLoader.o

In file included from /Users/jonahmicahinguito/dev/rotaract-connect/node_modules/expo/ios/EXAppDefinesLoader.m:5:
In file included from /Users/jonahmicahinguito/dev/rotaract-connect/ios/Pods/Headers/Public/ExpoModulesCore/ExpoModulesCore/ExpoModulesCore.h:16:
In file included from /Users/jonahmicahinguito/dev/rotaract-connect/ios/Pods/Headers/Public/ExpoModulesCore/ExpoModulesCore/EXFilePermissionModuleInterface.h:3:
/Users/jonahmicahinguito/dev/rotaract-connect/ios/Pods/Headers/Public/ExpoModulesCore/ExpoModulesCore/EXFileSystemInterface.h:14:42: warning: pointer is missing a nullability type specifier (_Nonnull, _Nullable, or _Null_unspecified) [-Wnullability-completeness]
   14 | @property (nonatomic, readonly) NSString *documentDirectory;
      |                                          ^
/Users/jonahmicahinguito/dev/rotaract-connect/ios/Pods/Headers/Public/ExpoModulesCore/ExpoModulesCore/EXFileSystemInterface.h:14:42: note: insert '_Nullable' if the pointer may be null
   14 | @property (nonatomic, readonly) NSString *documentDirectory;
      |                                          ^
      |                                            _Nullable 
/Users/jonahmicahinguito/dev/rotaract-connect/ios/Pods/Headers/Public/ExpoModulesCore/ExpoModulesCore/EXFileSystemInterface.h:14:42: note: insert '_Nonnull' if the pointer should never be null
   14 | @property (nonatomic, readonly) NSString *documentDirectory;
      |                                          ^
      |                                            _Nonnull 
/Users/jonahmicahinguito/dev/rotaract-connect/ios/Pods/Headers/Public/ExpoModulesCore/ExpoModulesCore/EXFileSystemInterface.h:20:57: warning: pointer is missing a nullability type specifier (_Nonnull, _Nullable, or _Null_unspecified) [-Wnullability-completeness]
   20 | - (nonnull NSString *)generatePathInDirectory:(NSString *)directory withExtension:(NSString *)extension;
      |                                                         ^
/Users/jonahmicahinguito/dev/rotaract-connect/ios/Pods/Headers/Public/ExpoModulesCore/ExpoModulesCore/EXFileSystemInterface.h:20:57: note: insert '_Nullable' if the pointer may be null
   20 | - (nonnull NSString *)generatePathInDirectory:(NSString *)directory withExtension:(NSString *)extension;
      |                                                         ^
      |                                                          _Nullable
/Users/jonahmicahinguito/dev/rotaract-connect/ios/Pods/Headers/Public/ExpoModulesCore/ExpoModulesCore/EXFileSystemInterface.h:20:57: note: insert '_Nonnull' if the pointer should never be null
   20 | - (nonnull NSString *)generatePathInDirectory:(NSString *)directory withExtension:(NSString *)extension;
      |                                                         ^
      |                                                          _Nonnull
/Users/jonahmicahinguito/dev/rotaract-connect/ios/Pods/Headers/Public/ExpoModulesCore/ExpoModulesCore/EXFileSystemInterface.h:20:93: warning: pointer is missing a nullability type specifier (_Nonnull, _Nullable, or _Null_unspecified) [-Wnullability-completeness]
   20 | - (nonnull NSString *)generatePathInDirectory:(NSString *)directory withExtension:(NSString *)extension;
      |                                                                                             ^
/Users/jonahmicahinguito/dev/rotaract-connect/ios/Pods/Headers/Public/ExpoModulesCore/ExpoModulesCore/EXFileSystemInterface.h:20:93: note: insert '_Nullable' if the pointer may be null
   20 | - (nonnull NSString *)generatePathInDirectory:(NSString *)directory withExtension:(NSString *)extension;
      |                                                                                             ^
      |                                                                                              _Nullable
/Users/jonahmicahinguito/dev/rotaract-connect/ios/Pods/Headers/Public/ExpoModulesCore/ExpoModulesCore/EXFileSystemInterface.h:20:93: note: insert '_Nonnull' if the pointer should never be null
   20 | - (nonnull NSString *)generatePathInDirectory:(NSString *)directory withExtension:(NSString *)extension;
      |                                                                                             ^
      |                                                                                              _Nonnull
/Users/jonahmicahinguito/dev/rotaract-connect/ios/Pods/Headers/Public/ExpoModulesCore/ExpoModulesCore/EXFileSystemInterface.h:21:43: warning: pointer is missing a nullability type specifier (_Nonnull, _Nullable, or _Null_unspecified) [-Wnullability-completeness]
   21 | - (BOOL)ensureDirExistsWithPath:(NSString *)path;
      |                                           ^
/Users/jonahmicahinguito/dev/rotaract-connect/ios/Pods/Headers/Public/ExpoModulesCore/ExpoModulesCore/EXFileSystemInterface.h:21:43: note: insert '_Nullable' if the pointer may be null
   21 | - (BOOL)ensureDirExistsWithPath:(NSString *)path;
      |                                           ^
      |                                            _Nullable
/Users/jonahmicahinguito/dev/rotaract-connect/ios/Pods/Headers/Public/ExpoModulesCore/ExpoModulesCore/EXFileSystemInterface.h:21:43: note: insert '_Nonnull' if the pointer should never be null
   21 | - (BOOL)ensureDirExistsWithPath:(NSString *)path;
      |                                           ^
      |                                            _Nonnull
/Users/jonahmicahinguito/dev/rotaract-connect/node_modules/expo/ios/EXAppDefinesLoader.m:13:8: warning: unused variable 'APP_DEBUG' [-Wunused-variable]
   13 |   BOOL APP_DEBUG;
      |        ^~~~~~~~~
5 warnings generated.

/Users/jonahmicahinguito/dev/rotaract-connect/ios/Pods/Headers/Public/ExpoModulesCore/ExpoModulesCore/EXFileSystemInterface.h:14:42: Pointer is missing a nullability type specifier (_Nonnull, _Nullable, or _Null_unspecified)

/Users/jonahmicahinguito/dev/rotaract-connect/ios/Pods/Headers/Public/ExpoModulesCore/ExpoModulesCore/EXFileSystemInterface.h:20:57: Pointer is missing a nullability type specifier (_Nonnull, _Nullable, or _Null_unspecified)

/Users/jonahmicahinguito/dev/rotaract-connect/ios/Pods/Headers/Public/ExpoModulesCore/ExpoModulesCore/EXFileSystemInterface.h:20:93: Pointer is missing a nullability type specifier (_Nonnull, _Nullable, or _Null_unspecified)

/Users/jonahmicahinguito/dev/rotaract-connect/ios/Pods/Headers/Public/ExpoModulesCore/ExpoModulesCore/EXFileSystemInterface.h:21:43: Pointer is missing a nullability type specifier (_Nonnull, _Nullable, or _Null_unspecified)

/Users/jonahmicahinguito/dev/rotaract-connect/node_modules/expo/ios/EXAppDefinesLoader.m:13:8: Unused variable 'APP_DEBUG'

CompileC /Users/jonahmicahinguito/Library/Developer/Xcode/DerivedData/rotaractconnect-cjwcbdlngckcsaantafkjnfzfbdk/Build/Intermediates.noindex/Pods.build/Debug-iphoneos/Expo.build/Objects-normal/arm64/EXAppDelegatesLoader.o /Users/jonahmicahinguito/dev/rotaract-connect/node_modules/expo/ios/AppDelegates/EXAppDelegatesLoader.m normal arm64 objective-c com.apple.compilers.llvm.clang.1_0.compiler (in target 'Expo' from project 'Pods')
    cd /Users/jonahmicahinguito/dev/rotaract-connect/ios/Pods
    
    Using response file: /Users/jonahmicahinguito/Library/Developer/Xcode/DerivedData/rotaractconnect-cjwcbdlngckcsaantafkjnfzfbdk/Build/Intermediates.noindex/Pods.build/Debug-iphoneos/Expo.build/Objects-normal/arm64/e6072d4f65d7061329687fe24e3d63a7-common-args.resp
    
    /Applications/Xcode.app/Contents/Developer/Toolchains/XcodeDefault.xctoolchain/usr/bin/clang -x objective-c -ivfsstatcache /Users/jonahmicahinguito/Library/Developer/Xcode/DerivedData/SDKStatCaches.noindex/iphoneos26.5-23F81a-32daed1954a7d5dd0789fcaf2a9bb78b.sdkstatcache -target arm64-apple-ios16.4 -fmessage-length\=0 -fdiagnostics-show-note-include-stack -fmacro-backtrace-limit\=0 -fno-color-diagnostics -fmodules-prune-interval\=86400 -fmodules-prune-after\=345600 -fbuild-session-file\=/Users/jonahmicahinguito/Library/Developer/Xcode/DerivedData/ModuleCache.noindex/Session.modulevalidation -fmodules-validate-once-per-build-session -Wnon-modular-include-in-framework-module -Werror\=non-modular-include-in-framework-module -Wno-trigraphs -Wno-missing-field-initializers -Wno-missing-prototypes -Werror\=return-type -Wdocumentation -Wunreachable-code -Wno-implicit-atomic-properties -Werror\=deprecated-objc-isa-usage -Wno-objc-interface-ivars -Werror\=objc-root-class -Wno-arc-repeated-use-of-weak -Wimplicit-retain-self -Wduplicate-method-match -Wno-missing-braces -Wparentheses -Wswitch -Wunused-function -Wno-unused-label -Wno-unused-parameter -Wunused-variable -Wunused-value -Wempty-body -Wuninitialized -Wconditional-uninitialized -Wno-unknown-pragmas -Wno-shadow -Wno-four-char-constants -Wno-conversion -Wconstant-conversion -Wint-conversion -Wbool-conversion -Wenum-conversion -Wno-float-conversion -Wnon-literal-null-conversion -Wobjc-literal-conversion -Wshorten-64-to-32 -Wpointer-sign -Wno-newline-eof -Wno-selector -Wno-strict-selector-match -Wundeclared-selector -Wdeprecated-implementations -Wno-implicit-fallthrough -isysroot /Applications/Xcode.app/Contents/Developer/Platforms/iPhoneOS.platform/Developer/SDKs/iPhoneOS26.5.sdk -fstrict-aliasing -Wprotocol -Wdeprecated-declarations -Wno-sign-conversion -Winfinite-recursion -Wcomma -Wblock-capture-autoreleasing -Wstrict-prototypes -Wno-semicolon-before-method-body -Wunguarded-availability -index-store-path /Users/jonahmicahinguito/Library/Developer/Xcode/DerivedData/rotaractconnect-cjwcbdlngckcsaantafkjnfzfbdk/Index.noindex/DataStore @/Users/jonahmicahinguito/Library/Developer/Xcode/DerivedData/rotaractconnect-cjwcbdlngckcsaantafkjnfzfbdk/Build/Intermediates.noindex/Pods.build/Debug-iphoneos/Expo.build/Objects-normal/arm64/e6072d4f65d7061329687fe24e3d63a7-common-args.resp -DFOLLY_MOBILE\=1 -DFOLLY_USE_LIBCPP\=1 -DFOLLY_CFG_NO_COROUTINES\=1 -DFOLLY_HAVE_CLOCK_GETTIME\=1 -Wno-comma -Wno-shorten-64-to-32 -include /Users/jonahmicahinguito/dev/rotaract-connect/ios/Pods/Target\ Support\ Files/Expo/Expo-prefix.pch -MMD -MT dependencies -MF /Users/jonahmicahinguito/Library/Developer/Xcode/DerivedData/rotaractconnect-cjwcbdlngckcsaantafkjnfzfbdk/Build/Intermediates.noindex/Pods.build/Debug-iphoneos/Expo.build/Objects-normal/arm64/EXAppDelegatesLoader.d --serialize-diagnostics /Users/jonahmicahinguito/Library/Developer/Xcode/DerivedData/rotaractconnect-cjwcbdlngckcsaantafkjnfzfbdk/Build/Intermediates.noindex/Pods.build/Debug-iphoneos/Expo.build/Objects-normal/arm64/EXAppDelegatesLoader.dia -c /Users/jonahmicahinguito/dev/rotaract-connect/node_modules/expo/ios/AppDelegates/EXAppDelegatesLoader.m -o /Users/jonahmicahinguito/Library/Developer/Xcode/DerivedData/rotaractconnect-cjwcbdlngckcsaantafkjnfzfbdk/Build/Intermediates.noindex/Pods.build/Debug-iphoneos/Expo.build/Objects-normal/arm64/EXAppDelegatesLoader.o -index-unit-output-path /Pods.build/Debug-iphoneos/Expo.build/Objects-normal/arm64/EXAppDelegatesLoader.o

In file included from /Users/jonahmicahinguito/dev/rotaract-connect/node_modules/expo/ios/AppDelegates/EXAppDelegatesLoader.m:10:
In file included from /Users/jonahmicahinguito/Library/Developer/Xcode/DerivedData/rotaractconnect-cjwcbdlngckcsaantafkjnfzfbdk/Build/Intermediates.noindex/Pods.build/Debug-iphoneos/Expo.build/DerivedSources/Expo-Swift.h:355:
In file included from /Users/jonahmicahinguito/dev/rotaract-connect/node_modules/expo/ios/Expo.h:1:
In file included from /Users/jonahmicahinguito/dev/rotaract-connect/ios/Pods/Headers/Public/ExpoModulesCore/ExpoModulesCore/ExpoModulesCore.h:16:
In file included from /Users/jonahmicahinguito/dev/rotaract-connect/ios/Pods/Headers/Public/ExpoModulesCore/ExpoModulesCore/EXFilePermissionModuleInterface.h:3:
/Users/jonahmicahinguito/dev/rotaract-connect/ios/Pods/Headers/Public/ExpoModulesCore/ExpoModulesCore/EXFileSystemInterface.h:14:42: warning: pointer is missing a nullability type specifier (_Nonnull, _Nullable, or _Null_unspecified) [-Wnullability-completeness]
   14 | @property (nonatomic, readonly) NSString *documentDirectory;
      |                                          ^
/Users/jonahmicahinguito/dev/rotaract-connect/ios/Pods/Headers/Public/ExpoModulesCore/ExpoModulesCore/EXFileSystemInterface.h:14:42: note: insert '_Nullable' if the pointer may be null
   14 | @property (nonatomic, readonly) NSString *documentDirectory;
      |                                          ^
      |                                            _Nullable 
/Users/jonahmicahinguito/dev/rotaract-connect/ios/Pods/Headers/Public/ExpoModulesCore/ExpoModulesCore/EXFileSystemInterface.h:14:42: note: insert '_Nonnull' if the pointer should never be null
   14 | @property (nonatomic, readonly) NSString *documentDirectory;
      |                                          ^
      |                                            _Nonnull 
/Users/jonahmicahinguito/dev/rotaract-connect/ios/Pods/Headers/Public/ExpoModulesCore/ExpoModulesCore/EXFileSystemInterface.h:20:57: warning: pointer is missing a nullability type specifier (_Nonnull, _Nullable, or _Null_unspecified) [-Wnullability-completeness]
   20 | - (nonnull NSString *)generatePathInDirectory:(NSString *)directory withExtension:(NSString *)extension;
      |                                                         ^
/Users/jonahmicahinguito/dev/rotaract-connect/ios/Pods/Headers/Public/ExpoModulesCore/ExpoModulesCore/EXFileSystemInterface.h:20:57: note: insert '_Nullable' if the pointer may be null
   20 | - (nonnull NSString *)generatePathInDirectory:(NSString *)directory withExtension:(NSString *)extension;
      |                                                         ^
      |                                                          _Nullable
/Users/jonahmicahinguito/dev/rotaract-connect/ios/Pods/Headers/Public/ExpoModulesCore/ExpoModulesCore/EXFileSystemInterface.h:20:57: note: insert '_Nonnull' if the pointer should never be null
   20 | - (nonnull NSString *)generatePathInDirectory:(NSString *)directory withExtension:(NSString *)extension;
      |                                                         ^
      |                                                          _Nonnull
/Users/jonahmicahinguito/dev/rotaract-connect/ios/Pods/Headers/Public/ExpoModulesCore/ExpoModulesCore/EXFileSystemInterface.h:20:93: warning: pointer is missing a nullability type specifier (_Nonnull, _Nullable, or _Null_unspecified) [-Wnullability-completeness]
   20 | - (nonnull NSString *)generatePathInDirectory:(NSString *)directory withExtension:(NSString *)extension;
      |                                                                                             ^
/Users/jonahmicahinguito/dev/rotaract-connect/ios/Pods/Headers/Public/ExpoModulesCore/ExpoModulesCore/EXFileSystemInterface.h:20:93: note: insert '_Nullable' if the pointer may be null
   20 | - (nonnull NSString *)generatePathInDirectory:(NSString *)directory withExtension:(NSString *)extension;
      |                                                                                             ^
      |                                                                                              _Nullable
/Users/jonahmicahinguito/dev/rotaract-connect/ios/Pods/Headers/Public/ExpoModulesCore/ExpoModulesCore/EXFileSystemInterface.h:20:93: note: insert '_Nonnull' if the pointer should never be null
   20 | - (nonnull NSString *)generatePathInDirectory:(NSString *)directory withExtension:(NSString *)extension;
      |                                                                                             ^
      |                                                                                              _Nonnull
/Users/jonahmicahinguito/dev/rotaract-connect/ios/Pods/Headers/Public/ExpoModulesCore/ExpoModulesCore/EXFileSystemInterface.h:21:43: warning: pointer is missing a nullability type specifier (_Nonnull, _Nullable, or _Null_unspecified) [-Wnullability-completeness]
   21 | - (BOOL)ensureDirExistsWithPath:(NSString *)path;
      |                                           ^
/Users/jonahmicahinguito/dev/rotaract-connect/ios/Pods/Headers/Public/ExpoModulesCore/ExpoModulesCore/EXFileSystemInterface.h:21:43: note: insert '_Nullable' if the pointer may be null
   21 | - (BOOL)ensureDirExistsWithPath:(NSString *)path;
      |                                           ^
      |                                            _Nullable
/Users/jonahmicahinguito/dev/rotaract-connect/ios/Pods/Headers/Public/ExpoModulesCore/ExpoModulesCore/EXFileSystemInterface.h:21:43: note: insert '_Nonnull' if the pointer should never be null
   21 | - (BOOL)ensureDirExistsWithPath:(NSString *)path;
      |                                           ^
      |                                            _Nonnull
In file included from /Users/jonahmicahinguito/dev/rotaract-connect/node_modules/expo/ios/AppDelegates/EXAppDelegatesLoader.m:10:
In file included from /Users/jonahmicahinguito/Library/Developer/Xcode/DerivedData/rotaractconnect-cjwcbdlngckcsaantafkjnfzfbdk/Build/Intermediates.noindex/Pods.build/Debug-iphoneos/Expo.build/DerivedSources/Expo-Swift.h:355:
In file included from /Users/jonahmicahinguito/dev/rotaract-connect/node_modules/expo/ios/Expo.h:3:
/Users/jonahmicahinguito/dev/rotaract-connect/node_modules/expo/ios/AppDelegates/ExpoReactNativeFactory.h:11:58: warning: cannot find protocol definition for 'RCTHostDelegate'
   11 | @interface EXReactNativeFactory : RCTReactNativeFactory <RCTHostDelegate>
      |                                                          ^
/Users/jonahmicahinguito/dev/rotaract-connect/node_modules/expo/ios/AppDelegates/ExpoReactNativeFactory.h:6:11: note: protocol 'RCTHostDelegate' has no definition
    6 | @protocol RCTHostDelegate;
      |           ^
/Users/jonahmicahinguito/dev/rotaract-connect/node_modules/expo/ios/AppDelegates/EXAppDelegatesLoader.m:14:43: warning: cannot find protocol definition for 'EXAppDelegateSubscriberProtocol'
   14 | @interface EXLegacyAppDelegateWrapper () <EXAppDelegateSubscriberProtocol>
      |                                           ^
In file included from /Users/jonahmicahinguito/dev/rotaract-connect/node_modules/expo/ios/AppDelegates/EXAppDelegatesLoader.m:10:
/Users/jonahmicahinguito/Library/Developer/Xcode/DerivedData/rotaractconnect-cjwcbdlngckcsaantafkjnfzfbdk/Build/Intermediates.noindex/Pods.build/Debug-iphoneos/Expo.build/DerivedSources/Expo-Swift.h:377:11: note: protocol 'EXAppDelegateSubscriberProtocol' has no definition
  377 | @protocol EXAppDelegateSubscriberProtocol;
      |           ^
6 warnings generated.

/Users/jonahmicahinguito/dev/rotaract-connect/ios/Pods/Headers/Public/ExpoModulesCore/ExpoModulesCore/EXFileSystemInterface.h:14:42: Pointer is missing a nullability type specifier (_Nonnull, _Nullable, or _Null_unspecified)

/Users/jonahmicahinguito/dev/rotaract-connect/ios/Pods/Headers/Public/ExpoModulesCore/ExpoModulesCore/EXFileSystemInterface.h:20:57: Pointer is missing a nullability type specifier (_Nonnull, _Nullable, or _Null_unspecified)

/Users/jonahmicahinguito/dev/rotaract-connect/ios/Pods/Headers/Public/ExpoModulesCore/ExpoModulesCore/EXFileSystemInterface.h:20:93: Pointer is missing a nullability type specifier (_Nonnull, _Nullable, or _Null_unspecified)

/Users/jonahmicahinguito/dev/rotaract-connect/ios/Pods/Headers/Public/ExpoModulesCore/ExpoModulesCore/EXFileSystemInterface.h:21:43: Pointer is missing a nullability type specifier (_Nonnull, _Nullable, or _Null_unspecified)

/Users/jonahmicahinguito/dev/rotaract-connect/node_modules/expo/ios/AppDelegates/ExpoReactNativeFactory.h:11:58: Cannot find protocol definition for 'RCTHostDelegate'

/Users/jonahmicahinguito/dev/rotaract-connect/node_modules/expo/ios/AppDelegates/EXAppDelegatesLoader.m:14:43: Cannot find protocol definition for 'EXAppDelegateSubscriberProtocol'


Build target EXUpdatesInterface of project Pods with configuration Debug

Libtool /Users/jonahmicahinguito/Library/Developer/Xcode/DerivedData/rotaractconnect-cjwcbdlngckcsaantafkjnfzfbdk/Build/Products/Debug-iphoneos/EXUpdatesInterface/libEXUpdatesInterface.a normal (in target 'EXUpdatesInterface' from project 'Pods')
    cd /Users/jonahmicahinguito/dev/rotaract-connect/ios/Pods
    /Applications/Xcode.app/Contents/Developer/Toolchains/XcodeDefault.xctoolchain/usr/bin/libtool -static -arch_only arm64 -D -syslibroot /Applications/Xcode.app/Contents/Developer/Platforms/iPhoneOS.platform/Developer/SDKs/iPhoneOS26.5.sdk -L/Users/jonahmicahinguito/Library/Developer/Xcode/DerivedData/rotaractconnect-cjwcbdlngckcsaantafkjnfzfbdk/Build/Products/Debug-iphoneos/EXUpdatesInterface -filelist /Users/jonahmicahinguito/Library/Developer/Xcode/DerivedData/rotaractconnect-cjwcbdlngckcsaantafkjnfzfbdk/Build/Intermediates.noindex/Pods.build/Debug-iphoneos/EXUpdatesInterface.build/Objects-normal/arm64/EXUpdatesInterface.LinkFileList -dependency_info /Users/jonahmicahinguito/Library/Developer/Xcode/DerivedData/rotaractconnect-cjwcbdlngckcsaantafkjnfzfbdk/Build/Intermediates.noindex/Pods.build/Debug-iphoneos/EXUpdatesInterface.build/Objects-normal/arm64/EXUpdatesInterface_libtool_dependency_info.dat -o /Users/jonahmicahinguito/Library/Developer/Xcode/DerivedData/rotaractconnect-cjwcbdlngckcsaantafkjnfzfbdk/Build/Products/Debug-iphoneos/EXUpdatesInterface/libEXUpdatesInterface.a

libtool: warning: 'noop-file.o' has no symbols

'noop-file.o' has no symbols


Build target EXUpdates of project Pods with configuration Debug
note: Run script build phase '[CP-User] Generate updates resources for expo-updates' will be run during every build because the option to run the script phase "Based on dependency analysis" is unchecked. (in target 'EXUpdates' from project 'Pods')


Run script build phase '[CP-User] Generate updates resources for expo-updates' will be run during every build because the option to run the script phase "Based on dependency analysis" is unchecked.

SwiftCompile normal arm64 Compiling\ AppController.swift,\ AppLauncher.swift,\ AppLauncherNoDatabase.swift,\ AppLauncherWithDatabase.swift,\ AppLoader.swift,\ AppLoaderTask.swift,\ ASN1Decoder.swift,\ ASN1DistinguishedNames.swift,\ ASN1Encoder.swift,\ ASN1Identifier.swift,\ ASN1Object.swift,\ BSPatch.swift,\ CertificateChain.swift,\ CheckForUpdateProcedure.swift,\ CodeSigningAlgorithm.swift,\ CodeSigningConfiguration.swift,\ CodeSigningError.swift,\ Crypto.swift,\ DevLauncherAppController.swift,\ DisabledAppController.swift,\ EmbeddedAppLoader.swift,\ EmbeddedUpdate.swift,\ EnabledAppController.swift,\ ErrorRecovery.swift,\ Exceptions.swift,\ ExpoUpdatesReactDelegateHandler.swift,\ ExpoUpdatesUpdate.swift,\ FetchUpdateProcedure.swift,\ FileDownloader.swift,\ LauncherSelectionPolicy.swift,\ LauncherSelectionPolicyDevelopmentClient.swift,\ LauncherSelectionPolicyFilterAware.swift,\ LauncherSelectionPolicySingleUpdate.swift,\ LoaderSelectionPolicy.swift,\ LoaderSelectionPolicyDevelopmentClient.swift,\ LoaderSelectionPolicyFilterAware.swift,\ NoOpUpdatesEventManager.swift,\ OID.swift,\ PKCS7.swift,\ PKCS7_AppleReceipt.swift,\ PKCS7_Signature.swift,\ QueueUpdatesEventManager.swift,\ ReaperSelectionPolicy.swift,\ ReaperSelectionPolicyDevelopmentClient.swift,\ ReaperSelectionPolicyFilterAware.swift,\ RecreateReactContextProcedure.swift,\ RelaunchProcedure.swift,\ Reloadable.swift,\ ReloadExceptions.swift,\ ReloadScreenConfiguration.swift,\ ReloadScreenManager.swift,\ ReloadScreenManagerMacOS.swift,\ ReloadScreenView.swift,\ ReloadScreenViewMacOS.swift,\ RemoteAppLoader.swift,\ ResponseHeaderData.swift,\ SelectionPolicies.swift,\ SelectionPolicy.swift,\ SelectionPolicyFactory.swift,\ SignatureHeaderInfo.swift,\ StartupProcedure.swift,\ StateMachineProcedure.swift,\ StateMachineSerialExecutorQueue.swift,\ StringDictionary.swift,\ StringItem.swift,\ StringList.swift,\ Update.swift,\ UpdateAsset.swift,\ UpdateResponse.swift,\ UpdatesBuildData.swift,\ UpdatesConfig.swift,\ UpdatesConfigOverride.swift,\ UpdatesDatabase.swift,\ UpdatesDatabaseInitialization.swift,\ UpdatesDatabaseIntegrityCheck.swift,\ UpdatesDatabaseMigration.swift,\ UpdatesDatabaseMigration10To11.swift,\ UpdatesDatabaseMigration4To5.swift,\ UpdatesDatabaseMigration5To6.swift,\ UpdatesDatabaseMigration6To7.swift,\ UpdatesDatabaseMigration7To8.swift,\ UpdatesDatabaseMigration8To9.swift,\ UpdatesDatabaseMigration9To10.swift,\ UpdatesDatabaseMigrationRegistry.swift,\ UpdatesDatabaseUtils.swift,\ UpdatesError.swift,\ UpdatesErrorCode.swift,\ UpdatesEventManager.swift,\ UpdatesJsEvents.swift,\ UpdatesLogEntry.swift,\ UpdatesLogger.swift,\ UpdatesLogReader.swift,\ UpdatesModule.swift,\ UpdatesMultipartStreamReader.swift,\ UpdatesParameterParser.swift,\ UpdatesReaper.swift,\ UpdatesStateMachine.swift,\ UpdatesUtils.swift,\ X509Certificate.swift,\ X509Extension.swift,\ X509ExtensionAltName.swift,\ X509ExtensionClasses.swift,\ X509PublicKey.swift /Users/jonahmicahinguito/dev/rotaract-connect/node_modules/expo-updates/ios/EXUpdates/AppController.swift /Users/jonahmicahinguito/dev/rotaract-connect/node_modules/expo-updates/ios/EXUpdates/AppLauncher/AppLauncher.swift /Users/jonahmicahinguito/dev/rotaract-connect/node_modules/expo-updates/ios/EXUpdates/AppLauncher/AppLauncherNoDatabase.swift /Users/jonahmicahinguito/dev/rotaract-connect/node_modules/expo-updates/ios/EXUpdates/AppLauncher/AppLauncherWithDatabase.swift /Users/jonahmicahinguito/dev/rotaract-connect/node_modules/expo-updates/ios/EXUpdates/AppLoader/AppLoader.swift /Users/jonahmicahinguito/dev/rotaract-connect/node_modules/expo-updates/ios/EXUpdates/AppLoader/AppLoaderTask.swift /Users/jonahmicahinguito/dev/rotaract-connect/node_modules/expo-updates/ios/EXUpdates/ASN1Decoder/ASN1Decoder.swift /Users/jonahmicahinguito/dev/rotaract-connect/node_modules/expo-updates/ios/EXUpdates/ASN1Decoder/ASN1DistinguishedNames.swift /Users/jonahmicahinguito/dev/rotaract-connect/node_modules/expo-updates/ios/EXUpdates/ASN1Decoder/ASN1Encoder.swift /Users/jonahmicahinguito/dev/rotaract-connect/node_modules/expo-updates/ios/EXUpdates/ASN1Decoder/ASN1Identifier.swift /Users/jonahmicahinguito/dev/rotaract-connect/node_modules/expo-updates/ios/EXUpdates/ASN1Decoder/ASN1Object.swift /Users/jonahmicahinguito/dev/rotaract-connect/node_modules/expo-updates/ios/EXUpdates/BSPatch.swift /Users/jonahmicahinguito/dev/rotaract-connect/node_modules/expo-updates/ios/EXUpdates/CodeSigning/CertificateChain.swift /Users/jonahmicahinguito/dev/rotaract-connect/node_modules/expo-updates/ios/EXUpdates/Procedures/CheckForUpdateProcedure.swift /Users/jonahmicahinguito/dev/rotaract-connect/node_modules/expo-updates/ios/EXUpdates/CodeSigning/CodeSigningAlgorithm.swift /Users/jonahmicahinguito/dev/rotaract-connect/node_modules/expo-updates/ios/EXUpdates/CodeSigning/CodeSigningConfiguration.swift /Users/jonahmicahinguito/dev/rotaract-connect/node_modules/expo-updates/ios/EXUpdates/CodeSigning/CodeSigningError.swift /Users/jonahmicahinguito/dev/rotaract-connect/node_modules/expo-updates/ios/EXUpdates/AppLoader/Crypto.swift /Users/jonahmicahinguito/dev/rotaract-connect/node_modules/expo-updates/ios/EXUpdates/DevLauncherAppController.swift /Users/jonahmicahinguito/dev/rotaract-connect/node_modules/expo-updates/ios/EXUpdates/DisabledAppController.swift /Users/jonahmicahinguito/dev/rotaract-connect/node_modules/expo-updates/ios/EXUpdates/AppLoader/EmbeddedAppLoader.swift /Users/jonahmicahinguito/dev/rotaract-connect/node_modules/expo-updates/ios/EXUpdates/Update/EmbeddedUpdate.swift /Users/jonahmicahinguito/dev/rotaract-connect/node_modules/expo-updates/ios/EXUpdates/EnabledAppController.swift /Users/jonahmicahinguito/dev/rotaract-connect/node_modules/expo-updates/ios/EXUpdates/ErrorRecovery.swift /Users/jonahmicahinguito/dev/rotaract-connect/node_modules/expo-updates/ios/EXUpdates/Exceptions.swift /Users/jonahmicahinguito/dev/rotaract-connect/node_modules/expo-updates/ios/EXUpdates/ReactDelegateHandler/ExpoUpdatesReactDelegateHandler.swift /Users/jonahmicahinguito/dev/rotaract-connect/node_modules/expo-updates/ios/EXUpdates/Update/ExpoUpdatesUpdate.swift /Users/jonahmicahinguito/dev/rotaract-connect/node_modules/expo-updates/ios/EXUpdates/Procedures/FetchUpdateProcedure.swift /Users/jonahmicahinguito/dev/rotaract-connect/node_modules/expo-updates/ios/EXUpdates/AppLoader/FileDownloader.swift /Users/jonahmicahinguito/dev/rotaract-connect/node_modules/expo-updates/ios/EXUpdates/SelectionPolicy/LauncherSelectionPolicy.swift /Users/jonahmicahinguito/dev/rotaract-connect/node_modules/expo-updates/ios/EXUpdates/SelectionPolicy/LauncherSelectionPolicyDevelopmentClient.swift /Users/jonahmicahinguito/dev/rotaract-connect/node_modules/expo-updates/ios/EXUpdates/SelectionPolicy/LauncherSelectionPolicyFilterAware.swift /Users/jonahmicahinguito/dev/rotaract-connect/node_modules/expo-updates/ios/EXUpdates/SelectionPolicy/LauncherSelectionPolicySingleUpdate.swift /Users/jonahmicahinguito/dev/rotaract-connect/node_modules/expo-updates/ios/EXUpdates/SelectionPolicy/LoaderSelectionPolicy.swift /Users/jonahmicahinguito/dev/rotaract-connect/node_modules/expo-updates/ios/EXUpdates/SelectionPolicy/LoaderSelectionPolicyDevelopmentClient.swift /Users/jonahmicahinguito/dev/rotaract-connect/node_modules/expo-updates/ios/EXUpdates/SelectionPolicy/LoaderSelectionPolicyFilterAware.swift /Users/jonahmicahinguito/dev/rotaract-connect/node_modules/expo-updates/ios/EXUpdates/Events/NoOpUpdatesEventManager.swift /Users/jonahmicahinguito/dev/rotaract-connect/node_modules/expo-updates/ios/EXUpdates/ASN1Decoder/OID.swift /Users/jonahmicahinguito/dev/rotaract-connect/node_modules/expo-updates/ios/EXUpdates/ASN1Decoder/PKCS7.swift /Users/jonahmicahinguito/dev/rotaract-connect/node_modules/expo-updates/ios/EXUpdates/ASN1Decoder/PKCS7_AppleReceipt.swift /Users/jonahmicahinguito/dev/rotaract-connect/node_modules/expo-updates/ios/EXUpdates/ASN1Decoder/PKCS7_Signature.swift /Users/jonahmicahinguito/dev/rotaract-connect/node_modules/expo-updates/ios/EXUpdates/Events/QueueUpdatesEventManager.swift /Users/jonahmicahinguito/dev/rotaract-connect/node_modules/expo-updates/ios/EXUpdates/SelectionPolicy/ReaperSelectionPolicy.swift /Users/jonahmicahinguito/dev/rotaract-connect/node_modules/expo-updates/ios/EXUpdates/SelectionPolicy/ReaperSelectionPolicyDevelopmentClient.swift /Users/jonahmicahinguito/dev/rotaract-connect/node_modules/expo-updates/ios/EXUpdates/SelectionPolicy/ReaperSelectionPolicyFilterAware.swift /Users/jonahmicahinguito/dev/rotaract-connect/node_modules/expo-updates/ios/EXUpdates/Procedures/RecreateReactContextProcedure.swift /Users/jonahmicahinguito/dev/rotaract-connect/node_modules/expo-updates/ios/EXUpdates/Procedures/RelaunchProcedure.swift /Users/jonahmicahinguito/dev/rotaract-connect/node_modules/expo-updates/ios/EXUpdates/ReloadScreen/Reloadable.swift /Users/jonahmicahinguito/dev/rotaract-connect/node_modules/expo-updates/ios/EXUpdates/ReloadScreen/ReloadExceptions.swift /Users/jonahmicahinguito/dev/rotaract-connect/node_modules/expo-updates/ios/EXUpdates/ReloadScreen/ReloadScreenConfiguration.swift /Users/jonahmicahinguito/dev/rotaract-connect/node_modules/expo-updates/ios/EXUpdates/ReloadScreen/ReloadScreenManager.swift /Users/jonahmicahinguito/dev/rotaract-connect/node_modules/expo-updates/ios/EXUpdates/ReloadScreen/ReloadScreenManagerMacOS.swift /Users/jonahmicahinguito/dev/rotaract-connect/node_modules/expo-updates/ios/EXUpdates/ReloadScreen/ReloadScreenView.swift /Users/jonahmicahinguito/dev/rotaract-connect/node_modules/expo-updates/ios/EXUpdates/ReloadScreen/ReloadScreenViewMacOS.swift /Users/jonahmicahinguito/dev/rotaract-connect/node_modules/expo-updates/ios/EXUpdates/AppLoader/RemoteAppLoader.swift /Users/jonahmicahinguito/dev/rotaract-connect/node_modules/expo-updates/ios/EXUpdates/AppLoader/ResponseHeaderData.swift /Users/jonahmicahinguito/dev/rotaract-connect/node_modules/expo-updates/ios/EXUpdates/SelectionPolicy/SelectionPolicies.swift /Users/jonahmicahinguito/dev/rotaract-connect/node_modules/expo-updates/ios/EXUpdates/SelectionPolicy/SelectionPolicy.swift /Users/jonahmicahinguito/dev/rotaract-connect/node_modules/expo-updates/ios/EXUpdates/SelectionPolicy/SelectionPolicyFactory.swift /Users/jonahmicahinguito/dev/rotaract-connect/node_modules/expo-updates/ios/EXUpdates/CodeSigning/SignatureHeaderInfo.swift /Users/jonahmicahinguito/dev/rotaract-connect/node_modules/expo-updates/ios/EXUpdates/Procedures/StartupProcedure.swift /Users/jonahmicahinguito/dev/rotaract-connect/node_modules/expo-updates/ios/EXUpdates/Procedures/StateMachineProcedure.swift /Users/jonahmicahinguito/dev/rotaract-connect/node_modules/expo-updates/ios/EXUpdates/Procedures/StateMachineSerialExecutorQueue.swift /Users/jonahmicahinguito/dev/rotaract-connect/node_modules/expo-updates/ios/EXUpdates/AppLoader/StructuredHeaders/StringDictionary.swift /Users/jonahmicahinguito/dev/rotaract-connect/node_modules/expo-updates/ios/EXUpdates/AppLoader/StructuredHeaders/StringItem.swift /Users/jonahmicahinguito/dev/rotaract-connect/node_modules/expo-updates/ios/EXUpdates/AppLoader/StructuredHeaders/StringList.swift /Users/jonahmicahinguito/dev/rotaract-connect/node_modules/expo-updates/ios/EXUpdates/Update/Update.swift /Users/jonahmicahinguito/dev/rotaract-connect/node_modules/expo-updates/ios/EXUpdates/AppLoader/UpdateAsset.swift /Users/jonahmicahinguito/dev/rotaract-connect/node_modules/expo-updates/ios/EXUpdates/AppLoader/UpdateResponse.swift /Users/jonahmicahinguito/dev/rotaract-connect/node_modules/expo-updates/ios/EXUpdates/Database/UpdatesBuildData.swift /Users/jonahmicahinguito/dev/rotaract-connect/node_modules/expo-updates/ios/EXUpdates/UpdatesConfig.swift /Users/jonahmicahinguito/dev/rotaract-connect/node_modules/expo-updates/ios/EXUpdates/UpdatesConfigOverride.swift /Users/jonahmicahinguito/dev/rotaract-connect/node_modules/expo-updates/ios/EXUpdates/Database/UpdatesDatabase.swift /Users/jonahmicahinguito/dev/rotaract-connect/node_modules/expo-updates/ios/EXUpdates/Database/UpdatesDatabaseInitialization.swift /Users/jonahmicahinguito/dev/rotaract-connect/node_modules/expo-updates/ios/EXUpdates/Database/UpdatesDatabaseIntegrityCheck.swift /Users/jonahmicahinguito/dev/rotaract-connect/node_modules/expo-updates/ios/EXUpdates/Database/Migrations/UpdatesDatabaseMigration.swift /Users/jonahmicahinguito/dev/rotaract-connect/node_modules/expo-updates/ios/EXUpdates/Database/Migrations/UpdatesDatabaseMigration10To11.swift /Users/jonahmicahinguito/dev/rotaract-connect/node_modules/expo-updates/ios/EXUpdates/Database/Migrations/UpdatesDatabaseMigration4To5.swift /Users/jonahmicahinguito/dev/rotaract-connect/node_modules/expo-updates/ios/EXUpdates/Database/Migrations/UpdatesDatabaseMigration5To6.swift /Users/jonahmicahinguito/dev/rotaract-connect/node_modules/expo-updates/ios/EXUpdates/Database/Migrations/UpdatesDatabaseMigration6To7.swift /Users/jonahmicahinguito/dev/rotaract-connect/node_modules/expo-updates/ios/EXUpdates/Database/Migrations/UpdatesDatabaseMigration7To8.swift /Users/jonahmicahinguito/dev/rotaract-connect/node_modules/expo-updates/ios/EXUpdates/Database/Migrations/UpdatesDatabaseMigration8To9.swift /Users/jonahmicahinguito/dev/rotaract-connect/node_modules/expo-updates/ios/EXUpdates/Database/Migrations/UpdatesDatabaseMigration9To10.swift /Users/jonahmicahinguito/dev/rotaract-connect/node_modules/expo-updates/ios/EXUpdates/Database/Migrations/UpdatesDatabaseMigrationRegistry.swift /Users/jonahmicahinguito/dev/rotaract-connect/node_modules/expo-updates/ios/EXUpdates/Database/UpdatesDatabaseUtils.swift /Users/jonahmicahinguito/dev/rotaract-connect/node_modules/expo-updates/ios/EXUpdates/UpdatesError.swift /Users/jonahmicahinguito/dev/rotaract-connect/node_modules/expo-updates/ios/EXUpdates/Logging/UpdatesErrorCode.swift /Users/jonahmicahinguito/dev/rotaract-connect/node_modules/expo-updates/ios/EXUpdates/Events/UpdatesEventManager.swift /Users/jonahmicahinguito/dev/rotaract-connect/node_modules/expo-updates/ios/EXUpdates/UpdatesJsEvents.swift /Users/jonahmicahinguito/dev/rotaract-connect/node_modules/expo-updates/ios/EXUpdates/Logging/UpdatesLogEntry.swift /Users/jonahmicahinguito/dev/rotaract-connect/node_modules/expo-updates/ios/EXUpdates/Logging/UpdatesLogger.swift /Users/jonahmicahinguito/dev/rotaract-connect/node_modules/expo-updates/ios/EXUpdates/Logging/UpdatesLogReader.swift /Users/jonahmicahinguito/dev/rotaract-connect/node_modules/expo-updates/ios/EXUpdates/UpdatesModule.swift /Users/jonahmicahinguito/dev/rotaract-connect/node_modules/expo-updates/ios/EXUpdates/Multipart/UpdatesMultipartStreamReader.swift /Users/jonahmicahinguito/dev/rotaract-connect/node_modules/expo-updates/ios/EXUpdates/Multipart/UpdatesParameterParser.swift /Users/jonahmicahinguito/dev/rotaract-connect/node_modules/expo-updates/ios/EXUpdates/Database/UpdatesReaper.swift /Users/jonahmicahinguito/dev/rotaract-connect/node_modules/expo-updates/ios/EXUpdates/UpdatesStateMachine.swift /Users/jonahmicahinguito/dev/rotaract-connect/node_modules/expo-updates/ios/EXUpdates/UpdatesUtils.swift /Users/jonahmicahinguito/dev/rotaract-connect/node_modules/expo-updates/ios/EXUpdates/ASN1Decoder/X509Certificate.swift /Users/jonahmicahinguito/dev/rotaract-connect/node_modules/expo-updates/ios/EXUpdates/ASN1Decoder/X509Extension.swift /Users/jonahmicahinguito/dev/rotaract-connect/node_modules/expo-updates/ios/EXUpdates/ASN1Decoder/X509ExtensionAltName.swift /Users/jonahmicahinguito/dev/rotaract-connect/node_modules/expo-updates/ios/EXUpdates/ASN1Decoder/X509ExtensionClasses.swift /Users/jonahmicahinguito/dev/rotaract-connect/node_modules/expo-updates/ios/EXUpdates/ASN1Decoder/X509PublicKey.swift (in target 'EXUpdates' from project 'Pods')

CompileSwift normal arm64 (in target 'EXUpdates' from project 'Pods')
    cd /Users/jonahmicahinguito/dev/rotaract-connect/ios/Pods
    

<module-includes>:1:9: note: in file included from <module-includes>:1:
#import "EXUpdates-umbrella.h"
        ^
/Users/jonahmicahinguito/dev/rotaract-connect/ios/Pods/Headers/Public/EXUpdates/EXUpdates-umbrella.h:15:9: note: in file included from /Users/jonahmicahinguito/dev/rotaract-connect/ios/Pods/Headers/Public/EXUpdates/EXUpdates-umbrella.h:15:
#import "EXDeferredRCTRootView.h"
        ^
/Users/jonahmicahinguito/dev/rotaract-connect/ios/Pods/Headers/Public/EXUpdates/EXDeferredRCTRootView.h:3:9: note: in file included from /Users/jonahmicahinguito/dev/rotaract-connect/ios/Pods/Headers/Public/EXUpdates/EXDeferredRCTRootView.h:3:
#import <ExpoModulesCore/ExpoModulesCore.h>
        ^
/Users/jonahmicahinguito/dev/rotaract-connect/ios/Pods/Headers/Public/ExpoModulesCore/ExpoModulesCore/ExpoModulesCore.h:16:9: note: in file included from /Users/jonahmicahinguito/dev/rotaract-connect/ios/Pods/Headers/Public/ExpoModulesCore/ExpoModulesCore/ExpoModulesCore.h:16:
#import <ExpoModulesCore/EXFilePermissionModuleInterface.h>
        ^
/Users/jonahmicahinguito/dev/rotaract-connect/ios/Pods/Headers/Public/ExpoModulesCore/ExpoModulesCore/EXFilePermissionModuleInterface.h:3:9: note: in file included from /Users/jonahmicahinguito/dev/rotaract-connect/ios/Pods/Headers/Public/ExpoModulesCore/ExpoModulesCore/EXFilePermissionModuleInterface.h:3:
#import <ExpoModulesCore/EXFileSystemInterface.h>
        ^
/Users/jonahmicahinguito/dev/rotaract-connect/ios/Pods/Headers/Public/ExpoModulesCore/ExpoModulesCore/EXFileSystemInterface.h:14:42: warning: pointer is missing a nullability type specifier (_Nonnull, _Nullable, or _Null_unspecified)
@property (nonatomic, readonly) NSString *documentDirectory;
                                         ^
/Users/jonahmicahinguito/dev/rotaract-connect/ios/Pods/Headers/Public/ExpoModulesCore/ExpoModulesCore/EXFileSystemInterface.h:14:42: note: insert '_Nullable' if the pointer may be null
@property (nonatomic, readonly) NSString *documentDirectory;
                                         ^
/Users/jonahmicahinguito/dev/rotaract-connect/ios/Pods/Headers/Public/ExpoModulesCore/ExpoModulesCore/EXFileSystemInterface.h:14:42: note: insert '_Nonnull' if the pointer should never be null
@property (nonatomic, readonly) NSString *documentDirectory;
                                         ^
<module-includes>:1:9: note: in file included from <module-includes>:1:
#import "EXUpdates-umbrella.h"
        ^
/Users/jonahmicahinguito/dev/rotaract-connect/ios/Pods/Headers/Public/EXUpdates/EXUpdates-umbrella.h:15:9: note: in file included from /Users/jonahmicahinguito/dev/rotaract-connect/ios/Pods/Headers/Public/EXUpdates/EXUpdates-umbrella.h:15:
#import "EXDeferredRCTRootView.h"
        ^
/Users/jonahmicahinguito/dev/rotaract-connect/ios/Pods/Headers/Public/EXUpdates/EXDeferredRCTRootView.h:3:9: note: in file included from /Users/jonahmicahinguito/dev/rotaract-connect/ios/Pods/Headers/Public/EXUpdates/EXDeferredRCTRootView.h:3:
#import <ExpoModulesCore/ExpoModulesCore.h>
        ^
/Users/jonahmicahinguito/dev/rotaract-connect/ios/Pods/Headers/Public/ExpoModulesCore/ExpoModulesCore/ExpoModulesCore.h:16:9: note: in file included from /Users/jonahmicahinguito/dev/rotaract-connect/ios/Pods/Headers/Public/ExpoModulesCore/ExpoModulesCore/ExpoModulesCore.h:16:
#import <ExpoModulesCore/EXFilePermissionModuleInterface.h>
        ^
/Users/jonahmicahinguito/dev/rotaract-connect/ios/Pods/Headers/Public/ExpoModulesCore/ExpoModulesCore/EXFilePermissionModuleInterface.h:3:9: note: in file included from /Users/jonahmicahinguito/dev/rotaract-connect/ios/Pods/Headers/Public/ExpoModulesCore/ExpoModulesCore/EXFilePermissionModuleInterface.h:3:
#import <ExpoModulesCore/EXFileSystemInterface.h>
        ^
/Users/jonahmicahinguito/dev/rotaract-connect/ios/Pods/Headers/Public/ExpoModulesCore/ExpoModulesCore/EXFileSystemInterface.h:20:57: warning: pointer is missing a nullability type specifier (_Nonnull, _Nullable, or _Null_unspecified)
- (nonnull NSString *)generatePathInDirectory:(NSString *)directory withExtension:(NSString *)extension;
                                                        ^
/Users/jonahmicahinguito/dev/rotaract-connect/ios/Pods/Headers/Public/ExpoModulesCore/ExpoModulesCore/EXFileSystemInterface.h:20:57: note: insert '_Nullable' if the pointer may be null
- (nonnull NSString *)generatePathInDirectory:(NSString *)directory withExtension:(NSString *)extension;
                                                        ^
/Users/jonahmicahinguito/dev/rotaract-connect/ios/Pods/Headers/Public/ExpoModulesCore/ExpoModulesCore/EXFileSystemInterface.h:20:57: note: insert '_Nonnull' if the pointer should never be null
- (nonnull NSString *)generatePathInDirectory:(NSString *)directory withExtension:(NSString *)extension;
                                                        ^
<module-includes>:1:9: note: in file included from <module-includes>:1:
#import "EXUpdates-umbrella.h"
        ^
/Users/jonahmicahinguito/dev/rotaract-connect/ios/Pods/Headers/Public/EXUpdates/EXUpdates-umbrella.h:15:9: note: in file included from /Users/jonahmicahinguito/dev/rotaract-connect/ios/Pods/Headers/Public/EXUpdates/EXUpdates-umbrella.h:15:
#import "EXDeferredRCTRootView.h"
        ^
/Users/jonahmicahinguito/dev/rotaract-connect/ios/Pods/Headers/Public/EXUpdates/EXDeferredRCTRootView.h:3:9: note: in file included from /Users/jonahmicahinguito/dev/rotaract-connect/ios/Pods/Headers/Public/EXUpdates/EXDeferredRCTRootView.h:3:
#import <ExpoModulesCore/ExpoModulesCore.h>
        ^
/Users/jonahmicahinguito/dev/rotaract-connect/ios/Pods/Headers/Public/ExpoModulesCore/ExpoModulesCore/ExpoModulesCore.h:16:9: note: in file included from /Users/jonahmicahinguito/dev/rotaract-connect/ios/Pods/Headers/Public/ExpoModulesCore/ExpoModulesCore/ExpoModulesCore.h:16:
#import <ExpoModulesCore/EXFilePermissionModuleInterface.h>
        ^
/Users/jonahmicahinguito/dev/rotaract-connect/ios/Pods/Headers/Public/ExpoModulesCore/ExpoModulesCore/EXFilePermissionModuleInterface.h:3:9: note: in file included from /Users/jonahmicahinguito/dev/rotaract-connect/ios/Pods/Headers/Public/ExpoModulesCore/ExpoModulesCore/EXFilePermissionModuleInterface.h:3:
#import <ExpoModulesCore/EXFileSystemInterface.h>
        ^
/Users/jonahmicahinguito/dev/rotaract-connect/ios/Pods/Headers/Public/ExpoModulesCore/ExpoModulesCore/EXFileSystemInterface.h:20:93: warning: pointer is missing a nullability type specifier (_Nonnull, _Nullable, or _Null_unspecified)
- (nonnull NSString *)generatePathInDirectory:(NSString *)directory withExtension:(NSString *)extension;
                                                                                            ^
/Users/jonahmicahinguito/dev/rotaract-connect/ios/Pods/Headers/Public/ExpoModulesCore/ExpoModulesCore/EXFileSystemInterface.h:20:93: note: insert '_Nullable' if the pointer may be null
- (nonnull NSString *)generatePathInDirectory:(NSString *)directory withExtension:(NSString *)extension;
                                                                                            ^
/Users/jonahmicahinguito/dev/rotaract-connect/ios/Pods/Headers/Public/ExpoModulesCore/ExpoModulesCore/EXFileSystemInterface.h:20:93: note: insert '_Nonnull' if the pointer should never be null
- (nonnull NSString *)generatePathInDirectory:(NSString *)directory withExtension:(NSString *)extension;
                                                                                            ^
<module-includes>:1:9: note: in file included from <module-includes>:1:
#import "EXUpdates-umbrella.h"
        ^
/Users/jonahmicahinguito/dev/rotaract-connect/ios/Pods/Headers/Public/EXUpdates/EXUpdates-umbrella.h:15:9: note: in file included from /Users/jonahmicahinguito/dev/rotaract-connect/ios/Pods/Headers/Public/EXUpdates/EXUpdates-umbrella.h:15:
#import "EXDeferredRCTRootView.h"
        ^
/Users/jonahmicahinguito/dev/rotaract-connect/ios/Pods/Headers/Public/EXUpdates/EXDeferredRCTRootView.h:3:9: note: in file included from /Users/jonahmicahinguito/dev/rotaract-connect/ios/Pods/Headers/Public/EXUpdates/EXDeferredRCTRootView.h:3:
#import <ExpoModulesCore/ExpoModulesCore.h>
        ^
/Users/jonahmicahinguito/dev/rotaract-connect/ios/Pods/Headers/Public/ExpoModulesCore/ExpoModulesCore/ExpoModulesCore.h:16:9: note: in file included from /Users/jonahmicahinguito/dev/rotaract-connect/ios/Pods/Headers/Public/ExpoModulesCore/ExpoModulesCore/ExpoModulesCore.h:16:
#import <ExpoModulesCore/EXFilePermissionModuleInterface.h>
        ^
/Users/jonahmicahinguito/dev/rotaract-connect/ios/Pods/Headers/Public/ExpoModulesCore/ExpoModulesCore/EXFilePermissionModuleInterface.h:3:9: note: in file included from /Users/jonahmicahinguito/dev/rotaract-connect/ios/Pods/Headers/Public/ExpoModulesCore/ExpoModulesCore/EXFilePermissionModuleInterface.h:3:
#import <ExpoModulesCore/EXFileSystemInterface.h>
        ^
/Users/jonahmicahinguito/dev/rotaract-connect/ios/Pods/Headers/Public/ExpoModulesCore/ExpoModulesCore/EXFileSystemInterface.h:21:43: warning: pointer is missing a nullability type specifier (_Nonnull, _Nullable, or _Null_unspecified)
- (BOOL)ensureDirExistsWithPath:(NSString *)path;
                                          ^
/Users/jonahmicahinguito/dev/rotaract-connect/ios/Pods/Headers/Public/ExpoModulesCore/ExpoModulesCore/EXFileSystemInterface.h:21:43: note: insert '_Nullable' if the pointer may be null
- (BOOL)ensureDirExistsWithPath:(NSString *)path;
                                          ^
/Users/jonahmicahinguito/dev/rotaract-connect/ios/Pods/Headers/Public/ExpoModulesCore/ExpoModulesCore/EXFileSystemInterface.h:21:43: note: insert '_Nonnull' if the pointer should never be null
- (BOOL)ensureDirExistsWithPath:(NSString *)path;
                                          ^
/Users/jonahmicahinguito/dev/rotaract-connect/node_modules/expo-updates/ios/EXUpdates/Exceptions.swift:7:20: warning: class 'UpdatesDisabledException' must restate inherited '@unchecked Sendable' conformance
public final class UpdatesDisabledException: Exception {
                   ^
                                                      , @unchecked Sendable
/Users/jonahmicahinguito/dev/rotaract-connect/node_modules/expo-updates/ios/EXUpdates/Exceptions.swift:24:22: warning: class 'UpdatesNotInitializedException' must restate inherited '@unchecked Sendable' conformance
internal final class UpdatesNotInitializedException: Exception {
                     ^
                                                              , @unchecked Sendable
/Users/jonahmicahinguito/dev/rotaract-connect/node_modules/expo-updates/ios/EXUpdates/Exceptions.swift:34:20: warning: class 'UpdatesReloadException' must restate inherited '@unchecked Sendable' conformance
public final class UpdatesReloadException: Exception {
                   ^
                                                    , @unchecked Sendable
/Users/jonahmicahinguito/dev/rotaract-connect/node_modules/expo-updates/ios/EXUpdates/Exceptions.swift:44:22: warning: class 'UpdatesUnsupportedDirectiveException' must restate inherited '@unchecked Sendable' conformance
internal final class UpdatesUnsupportedDirectiveException: Exception {
                     ^
                                                                    , @unchecked Sendable
/Users/jonahmicahinguito/dev/rotaract-connect/node_modules/expo-updates/ios/EXUpdates/Exceptions.swift:54:22: warning: class 'NotAvailableInDevClientException' must restate inherited '@unchecked Sendable' conformance
internal final class NotAvailableInDevClientException: Exception {
                     ^
                                                                , @unchecked Sendable
/Users/jonahmicahinguito/dev/rotaract-connect/node_modules/expo-updates/ios/EXUpdates/Exceptions.swift:71:22: warning: class 'NotAllowedAntiBrickingMeasuresException' must restate inherited '@unchecked Sendable' conformance
internal final class NotAllowedAntiBrickingMeasuresException: Exception {
                     ^
                                                                       , @unchecked Sendable
/Users/jonahmicahinguito/dev/rotaract-connect/node_modules/expo-updates/ios/EXUpdates/Exceptions.swift:81:22: warning: class 'InvalidRequestHeadersOverrideException' must restate inherited '@unchecked Sendable' conformance
internal final class InvalidRequestHeadersOverrideException: Exception {
                     ^
                                                                      , @unchecked Sendable
/Users/jonahmicahinguito/dev/rotaract-connect/node_modules/expo-updates/ios/EXUpdates/ReactDelegateHandler/ExpoUpdatesReactDelegateHandler.swift:187:45: warning: 'windows' was deprecated in iOS 15.0: Use UIWindowScene.windows on a relevant window scene instead
    guard let window = UIApplication.shared.windows.filter(\.isKeyWindow).first ?? UIApplication.shared.delegate?.window as? UIWindow else {
                                            ^
/Users/jonahmicahinguito/dev/rotaract-connect/node_modules/expo-updates/ios/EXUpdates/ReloadScreen/ReloadExceptions.swift:3:22: warning: class 'ReloadOverlayException' must restate inherited '@unchecked Sendable' conformance
internal final class ReloadOverlayException: Exception {
                     ^
                                                      , @unchecked Sendable
/Users/jonahmicahinguito/dev/rotaract-connect/node_modules/expo-updates/ios/EXUpdates/Procedures/StartupProcedure.swift:206:32: warning: 'getCurrentState()' is deprecated: Avoid needing to access current state to know how to transition to next state
      if self.procedureContext.getCurrentState() == .checking {
                               ^
/Users/jonahmicahinguito/dev/rotaract-connect/node_modules/expo-updates/ios/EXUpdates/Procedures/StartupProcedure.swift:208:39: warning: 'getCurrentState()' is deprecated: Avoid needing to access current state to know how to transition to next state
      } else if self.procedureContext.getCurrentState() == .downloading {
                                      ^
/Users/jonahmicahinguito/dev/rotaract-connect/node_modules/expo-updates/ios/EXUpdates/Procedures/StartupProcedure.swift:232:32: warning: 'getCurrentState()' is deprecated: Avoid needing to access current state to know how to transition to next state
      if self.procedureContext.getCurrentState() == .downloading {
                               ^
/Users/jonahmicahinguito/dev/rotaract-connect/node_modules/expo-updates/ios/EXUpdates/Procedures/StateMachineSerialExecutorQueue.swift:37:21: warning: result of call to 'stop()' is unused
        loggerTimer.stop()
                    ^   ~~
/Users/jonahmicahinguito/dev/rotaract-connect/node_modules/expo-updates/ios/EXUpdates/Procedures/StateMachineSerialExecutorQueue.swift:29:45: warning: 'getCurrentState()' is deprecated: Avoid needing to access current state to know how to transition to next state
        return stateMachineProcedureContext.getCurrentState()
                                            ^
/Users/jonahmicahinguito/dev/rotaract-connect/node_modules/expo-updates/ios/EXUpdates/Database/UpdatesDatabaseUtils.swift:189:19: warning: 'withUnsafeBytes' is deprecated: use `withUnsafeBytes<R>(_: (UnsafeRawBufferPointer) throws -> R) rethrows -> R` instead
      return blob.withUnsafeBytes { rawBytes -> UUID in
                  ^
/Users/jonahmicahinguito/dev/rotaract-connect/node_modules/expo-updates/ios/EXUpdates/UpdatesModule.swift:22:5: warning: 'Constants' is deprecated: Use `Constant` or `Property` instead
    Constants {
    ^

/Users/jonahmicahinguito/dev/rotaract-connect/ios/Pods/<module-includes>:1:9: In file included from <module-includes>:1:

/Users/jonahmicahinguito/dev/rotaract-connect/ios/Pods/Headers/Public/EXUpdates/EXUpdates-umbrella.h:15:9: In file included from /Users/jonahmicahinguito/dev/rotaract-connect/ios/Pods/Headers/Public/EXUpdates/EXUpdates-umbrella.h:15:

/Users/jonahmicahinguito/dev/rotaract-connect/ios/Pods/Headers/Public/EXUpdates/EXDeferredRCTRootView.h:3:9: In file included from /Users/jonahmicahinguito/dev/rotaract-connect/ios/Pods/Headers/Public/EXUpdates/EXDeferredRCTRootView.h:3:

/Users/jonahmicahinguito/dev/rotaract-connect/ios/Pods/Headers/Public/ExpoModulesCore/ExpoModulesCore/ExpoModulesCore.h:16:9: In file included from /Users/jonahmicahinguito/dev/rotaract-connect/ios/Pods/Headers/Public/ExpoModulesCore/ExpoModulesCore/ExpoModulesCore.h:16:

/Users/jonahmicahinguito/dev/rotaract-connect/ios/Pods/Headers/Public/ExpoModulesCore/ExpoModulesCore/EXFilePermissionModuleInterface.h:3:9: In file included from /Users/jonahmicahinguito/dev/rotaract-connect/ios/Pods/Headers/Public/ExpoModulesCore/ExpoModulesCore/EXFilePermissionModuleInterface.h:3:

/Users/jonahmicahinguito/dev/rotaract-connect/ios/Pods/Headers/Public/ExpoModulesCore/ExpoModulesCore/EXFileSystemInterface.h:14:42: Pointer is missing a nullability type specifier (_Nonnull, _Nullable, or _Null_unspecified)

/Users/jonahmicahinguito/dev/rotaract-connect/ios/Pods/Headers/Public/ExpoModulesCore/ExpoModulesCore/EXFileSystemInterface.h:20:57: Pointer is missing a nullability type specifier (_Nonnull, _Nullable, or _Null_unspecified)

/Users/jonahmicahinguito/dev/rotaract-connect/ios/Pods/Headers/Public/ExpoModulesCore/ExpoModulesCore/EXFileSystemInterface.h:20:93: Pointer is missing a nullability type specifier (_Nonnull, _Nullable, or _Null_unspecified)

/Users/jonahmicahinguito/dev/rotaract-connect/ios/Pods/Headers/Public/ExpoModulesCore/ExpoModulesCore/EXFileSystemInterface.h:21:43: Pointer is missing a nullability type specifier (_Nonnull, _Nullable, or _Null_unspecified)

/Users/jonahmicahinguito/dev/rotaract-connect/node_modules/expo-updates/ios/EXUpdates/Exceptions.swift:7:20: Class 'UpdatesDisabledException' must restate inherited '@unchecked Sendable' conformance

/Users/jonahmicahinguito/dev/rotaract-connect/node_modules/expo-updates/ios/EXUpdates/Exceptions.swift:24:22: Class 'UpdatesNotInitializedException' must restate inherited '@unchecked Sendable' conformance

/Users/jonahmicahinguito/dev/rotaract-connect/node_modules/expo-updates/ios/EXUpdates/Exceptions.swift:34:20: Class 'UpdatesReloadException' must restate inherited '@unchecked Sendable' conformance

/Users/jonahmicahinguito/dev/rotaract-connect/node_modules/expo-updates/ios/EXUpdates/Exceptions.swift:44:22: Class 'UpdatesUnsupportedDirectiveException' must restate inherited '@unchecked Sendable' conformance

/Users/jonahmicahinguito/dev/rotaract-connect/node_modules/expo-updates/ios/EXUpdates/Exceptions.swift:54:22: Class 'NotAvailableInDevClientException' must restate inherited '@unchecked Sendable' conformance

/Users/jonahmicahinguito/dev/rotaract-connect/node_modules/expo-updates/ios/EXUpdates/Exceptions.swift:71:22: Class 'NotAllowedAntiBrickingMeasuresException' must restate inherited '@unchecked Sendable' conformance

/Users/jonahmicahinguito/dev/rotaract-connect/node_modules/expo-updates/ios/EXUpdates/Exceptions.swift:81:22: Class 'InvalidRequestHeadersOverrideException' must restate inherited '@unchecked Sendable' conformance

/Users/jonahmicahinguito/dev/rotaract-connect/node_modules/expo-updates/ios/EXUpdates/ReactDelegateHandler/ExpoUpdatesReactDelegateHandler.swift:187:45: 'windows' was deprecated in iOS 15.0: Use UIWindowScene.windows on a relevant window scene instead

/Users/jonahmicahinguito/dev/rotaract-connect/node_modules/expo-updates/ios/EXUpdates/ReloadScreen/ReloadExceptions.swift:3:22: Class 'ReloadOverlayException' must restate inherited '@unchecked Sendable' conformance

/Users/jonahmicahinguito/dev/rotaract-connect/node_modules/expo-updates/ios/EXUpdates/Procedures/StartupProcedure.swift:206:32: 'getCurrentState()' is deprecated: Avoid needing to access current state to know how to transition to next state

/Users/jonahmicahinguito/dev/rotaract-connect/node_modules/expo-updates/ios/EXUpdates/Procedures/StartupProcedure.swift:208:39: 'getCurrentState()' is deprecated: Avoid needing to access current state to know how to transition to next state

/Users/jonahmicahinguito/dev/rotaract-connect/node_modules/expo-updates/ios/EXUpdates/Procedures/StartupProcedure.swift:232:32: 'getCurrentState()' is deprecated: Avoid needing to access current state to know how to transition to next state

/Users/jonahmicahinguito/dev/rotaract-connect/node_modules/expo-updates/ios/EXUpdates/Procedures/StateMachineSerialExecutorQueue.swift:37:21: Result of call to 'stop()' is unused

/Users/jonahmicahinguito/dev/rotaract-connect/node_modules/expo-updates/ios/EXUpdates/Procedures/StateMachineSerialExecutorQueue.swift:29:45: 'getCurrentState()' is deprecated: Avoid needing to access current state to know how to transition to next state

/Users/jonahmicahinguito/dev/rotaract-connect/node_modules/expo-updates/ios/EXUpdates/Database/UpdatesDatabaseUtils.swift:189:19: 'withUnsafeBytes' is deprecated: use `withUnsafeBytes<R>(_: (UnsafeRawBufferPointer) throws -> R) rethrows -> R` instead

/Users/jonahmicahinguito/dev/rotaract-connect/node_modules/expo-updates/ios/EXUpdates/UpdatesModule.swift:22:5: 'Constants' is deprecated: Use `Constant` or `Property` instead

CompileC /Users/jonahmicahinguito/Library/Developer/Xcode/DerivedData/rotaractconnect-cjwcbdlngckcsaantafkjnfzfbdk/Build/Intermediates.noindex/Pods.build/Debug-iphoneos/EXUpdates.build/Objects-normal/arm64/EXDeferredRCTRootView.o /Users/jonahmicahinguito/dev/rotaract-connect/node_modules/expo-updates/ios/EXUpdates/ReactDelegateHandler/EXDeferredRCTRootView.m normal arm64 objective-c com.apple.compilers.llvm.clang.1_0.compiler (in target 'EXUpdates' from project 'Pods')
    cd /Users/jonahmicahinguito/dev/rotaract-connect/ios/Pods
    
    Using response file: /Users/jonahmicahinguito/Library/Developer/Xcode/DerivedData/rotaractconnect-cjwcbdlngckcsaantafkjnfzfbdk/Build/Intermediates.noindex/Pods.build/Debug-iphoneos/EXUpdates.build/Objects-normal/arm64/e6072d4f65d7061329687fe24e3d63a7-common-args.resp
    
    /Applications/Xcode.app/Contents/Developer/Toolchains/XcodeDefault.xctoolchain/usr/bin/clang -x objective-c -ivfsstatcache /Users/jonahmicahinguito/Library/Developer/Xcode/DerivedData/SDKStatCaches.noindex/iphoneos26.5-23F81a-32daed1954a7d5dd0789fcaf2a9bb78b.sdkstatcache -target arm64-apple-ios16.4 -fmessage-length\=0 -fdiagnostics-show-note-include-stack -fmacro-backtrace-limit\=0 -fno-color-diagnostics -fmodules-prune-interval\=86400 -fmodules-prune-after\=345600 -fbuild-session-file\=/Users/jonahmicahinguito/Library/Developer/Xcode/DerivedData/ModuleCache.noindex/Session.modulevalidation -fmodules-validate-once-per-build-session -Wnon-modular-include-in-framework-module -Werror\=non-modular-include-in-framework-module -Wno-trigraphs -Werror\=incompatible-pointer-types -Werror\=implicit-function-declaration -Wno-missing-field-initializers -Wno-missing-prototypes -Werror\=return-type -Wdocumentation -Wunreachable-code -Wno-implicit-atomic-properties -Werror\=deprecated-objc-isa-usage -Wno-objc-interface-ivars -Werror\=objc-root-class -Wno-arc-repeated-use-of-weak -Wimplicit-retain-self -Wduplicate-method-match -Wno-missing-braces -Wparentheses -Wswitch -Wunused-function -Wno-unused-label -Wno-unused-parameter -Wunused-variable -Wunused-value -Wempty-body -Wuninitialized -Wconditional-uninitialized -Wno-unknown-pragmas -Wno-shadow -Wno-four-char-constants -Wno-conversion -Wconstant-conversion -Wint-conversion -Wbool-conversion -Wenum-conversion -Wno-float-conversion -Wnon-literal-null-conversion -Wobjc-literal-conversion -Wshorten-64-to-32 -Wpointer-sign -Wno-newline-eof -Wno-selector -Wno-strict-selector-match -Wundeclared-selector -Wdeprecated-implementations -Wno-implicit-fallthrough -isysroot /Applications/Xcode.app/Contents/Developer/Platforms/iPhoneOS.platform/Developer/SDKs/iPhoneOS26.5.sdk -fstrict-aliasing -Wprotocol -Wdeprecated-declarations -Wno-sign-conversion -Winfinite-recursion -Wcomma -Wblock-capture-autoreleasing -Wstrict-prototypes -Wno-semicolon-before-method-body -Wunguarded-availability -index-store-path /Users/jonahmicahinguito/Library/Developer/Xcode/DerivedData/rotaractconnect-cjwcbdlngckcsaantafkjnfzfbdk/Index.noindex/DataStore @/Users/jonahmicahinguito/Library/Developer/Xcode/DerivedData/rotaractconnect-cjwcbdlngckcsaantafkjnfzfbdk/Build/Intermediates.noindex/Pods.build/Debug-iphoneos/EXUpdates.build/Objects-normal/arm64/e6072d4f65d7061329687fe24e3d63a7-common-args.resp -DRCT_NEW_ARCH_ENABLED\=1 -include /Users/jonahmicahinguito/dev/rotaract-connect/ios/Pods/Target\ Support\ Files/EXUpdates/EXUpdates-prefix.pch -MMD -MT dependencies -MF /Users/jonahmicahinguito/Library/Developer/Xcode/DerivedData/rotaractconnect-cjwcbdlngckcsaantafkjnfzfbdk/Build/Intermediates.noindex/Pods.build/Debug-iphoneos/EXUpdates.build/Objects-normal/arm64/EXDeferredRCTRootView.d --serialize-diagnostics /Users/jonahmicahinguito/Library/Developer/Xcode/DerivedData/rotaractconnect-cjwcbdlngckcsaantafkjnfzfbdk/Build/Intermediates.noindex/Pods.build/Debug-iphoneos/EXUpdates.build/Objects-normal/arm64/EXDeferredRCTRootView.dia -c /Users/jonahmicahinguito/dev/rotaract-connect/node_modules/expo-updates/ios/EXUpdates/ReactDelegateHandler/EXDeferredRCTRootView.m -o /Users/jonahmicahinguito/Library/Developer/Xcode/DerivedData/rotaractconnect-cjwcbdlngckcsaantafkjnfzfbdk/Build/Intermediates.noindex/Pods.build/Debug-iphoneos/EXUpdates.build/Objects-normal/arm64/EXDeferredRCTRootView.o -index-unit-output-path /Pods.build/Debug-iphoneos/EXUpdates.build/Objects-normal/arm64/EXDeferredRCTRootView.o

In file included from /Users/jonahmicahinguito/dev/rotaract-connect/node_modules/expo-updates/ios/EXUpdates/ReactDelegateHandler/EXDeferredRCTRootView.m:3:
In file included from /Users/jonahmicahinguito/dev/rotaract-connect/node_modules/expo-updates/ios/EXUpdates/ReactDelegateHandler/EXDeferredRCTRootView.h:3:
In file included from /Users/jonahmicahinguito/dev/rotaract-connect/ios/Pods/Headers/Public/ExpoModulesCore/ExpoModulesCore/ExpoModulesCore.h:16:
In file included from /Users/jonahmicahinguito/dev/rotaract-connect/ios/Pods/Headers/Public/ExpoModulesCore/ExpoModulesCore/EXFilePermissionModuleInterface.h:3:
/Users/jonahmicahinguito/dev/rotaract-connect/ios/Pods/Headers/Public/ExpoModulesCore/ExpoModulesCore/EXFileSystemInterface.h:14:42: warning: pointer is missing a nullability type specifier (_Nonnull, _Nullable, or _Null_unspecified) [-Wnullability-completeness]
   14 | @property (nonatomic, readonly) NSString *documentDirectory;
      |                                          ^
/Users/jonahmicahinguito/dev/rotaract-connect/ios/Pods/Headers/Public/ExpoModulesCore/ExpoModulesCore/EXFileSystemInterface.h:14:42: note: insert '_Nullable' if the pointer may be null
   14 | @property (nonatomic, readonly) NSString *documentDirectory;
      |                                          ^
      |                                            _Nullable 
/Users/jonahmicahinguito/dev/rotaract-connect/ios/Pods/Headers/Public/ExpoModulesCore/ExpoModulesCore/EXFileSystemInterface.h:14:42: note: insert '_Nonnull' if the pointer should never be null
   14 | @property (nonatomic, readonly) NSString *documentDirectory;
      |                                          ^
      |                                            _Nonnull 
/Users/jonahmicahinguito/dev/rotaract-connect/ios/Pods/Headers/Public/ExpoModulesCore/ExpoModulesCore/EXFileSystemInterface.h:20:57: warning: pointer is missing a nullability type specifier (_Nonnull, _Nullable, or _Null_unspecified) [-Wnullability-completeness]
   20 | - (nonnull NSString *)generatePathInDirectory:(NSString *)directory withExtension:(NSString *)extension;
      |                                                         ^
/Users/jonahmicahinguito/dev/rotaract-connect/ios/Pods/Headers/Public/ExpoModulesCore/ExpoModulesCore/EXFileSystemInterface.h:20:57: note: insert '_Nullable' if the pointer may be null
   20 | - (nonnull NSString *)generatePathInDirectory:(NSString *)directory withExtension:(NSString *)extension;
      |                                                         ^
      |                                                          _Nullable
/Users/jonahmicahinguito/dev/rotaract-connect/ios/Pods/Headers/Public/ExpoModulesCore/ExpoModulesCore/EXFileSystemInterface.h:20:57: note: insert '_Nonnull' if the pointer should never be null
   20 | - (nonnull NSString *)generatePathInDirectory:(NSString *)directory withExtension:(NSString *)extension;
      |                                                         ^
      |                                                          _Nonnull
/Users/jonahmicahinguito/dev/rotaract-connect/ios/Pods/Headers/Public/ExpoModulesCore/ExpoModulesCore/EXFileSystemInterface.h:20:93: warning: pointer is missing a nullability type specifier (_Nonnull, _Nullable, or _Null_unspecified) [-Wnullability-completeness]
   20 | - (nonnull NSString *)generatePathInDirectory:(NSString *)directory withExtension:(NSString *)extension;
      |                                                                                             ^
/Users/jonahmicahinguito/dev/rotaract-connect/ios/Pods/Headers/Public/ExpoModulesCore/ExpoModulesCore/EXFileSystemInterface.h:20:93: note: insert '_Nullable' if the pointer may be null
   20 | - (nonnull NSString *)generatePathInDirectory:(NSString *)directory withExtension:(NSString *)extension;
      |                                                                                             ^
      |                                                                                              _Nullable
/Users/jonahmicahinguito/dev/rotaract-connect/ios/Pods/Headers/Public/ExpoModulesCore/ExpoModulesCore/EXFileSystemInterface.h:20:93: note: insert '_Nonnull' if the pointer should never be null
   20 | - (nonnull NSString *)generatePathInDirectory:(NSString *)directory withExtension:(NSString *)extension;
      |                                                                                             ^
      |                                                                                              _Nonnull
/Users/jonahmicahinguito/dev/rotaract-connect/ios/Pods/Headers/Public/ExpoModulesCore/ExpoModulesCore/EXFileSystemInterface.h:21:43: warning: pointer is missing a nullability type specifier (_Nonnull, _Nullable, or _Null_unspecified) [-Wnullability-completeness]
   21 | - (BOOL)ensureDirExistsWithPath:(NSString *)path;
      |                                           ^
/Users/jonahmicahinguito/dev/rotaract-connect/ios/Pods/Headers/Public/ExpoModulesCore/ExpoModulesCore/EXFileSystemInterface.h:21:43: note: insert '_Nullable' if the pointer may be null
   21 | - (BOOL)ensureDirExistsWithPath:(NSString *)path;
      |                                           ^
      |                                            _Nullable
/Users/jonahmicahinguito/dev/rotaract-connect/ios/Pods/Headers/Public/ExpoModulesCore/ExpoModulesCore/EXFileSystemInterface.h:21:43: note: insert '_Nonnull' if the pointer should never be null
   21 | - (BOOL)ensureDirExistsWithPath:(NSString *)path;
      |                                           ^
      |                                            _Nonnull
4 warnings generated.

/Users/jonahmicahinguito/dev/rotaract-connect/ios/Pods/Headers/Public/ExpoModulesCore/ExpoModulesCore/EXFileSystemInterface.h:14:42: Pointer is missing a nullability type specifier (_Nonnull, _Nullable, or _Null_unspecified)

/Users/jonahmicahinguito/dev/rotaract-connect/ios/Pods/Headers/Public/ExpoModulesCore/ExpoModulesCore/EXFileSystemInterface.h:20:57: Pointer is missing a nullability type specifier (_Nonnull, _Nullable, or _Null_unspecified)

/Users/jonahmicahinguito/dev/rotaract-connect/ios/Pods/Headers/Public/ExpoModulesCore/ExpoModulesCore/EXFileSystemInterface.h:20:93: Pointer is missing a nullability type specifier (_Nonnull, _Nullable, or _Null_unspecified)

/Users/jonahmicahinguito/dev/rotaract-connect/ios/Pods/Headers/Public/ExpoModulesCore/ExpoModulesCore/EXFileSystemInterface.h:21:43: Pointer is missing a nullability type specifier (_Nonnull, _Nullable, or _Null_unspecified)


Build target EXManifests of project Pods with configuration Debug

SwiftCompile normal arm64 Compiling\ EmbeddedManifest.swift,\ ExpoUpdatesManifest.swift,\ Manifest.swift,\ ManifestFactory.swift /Users/jonahmicahinguito/dev/rotaract-connect/node_modules/expo-manifests/ios/EXManifests/EmbeddedManifest.swift /Users/jonahmicahinguito/dev/rotaract-connect/node_modules/expo-manifests/ios/EXManifests/ExpoUpdatesManifest.swift /Users/jonahmicahinguito/dev/rotaract-connect/node_modules/expo-manifests/ios/EXManifests/Manifest.swift /Users/jonahmicahinguito/dev/rotaract-connect/node_modules/expo-manifests/ios/EXManifests/ManifestFactory.swift (in target 'EXManifests' from project 'Pods')

CompileSwift normal arm64 (in target 'EXManifests' from project 'Pods')
    cd /Users/jonahmicahinguito/dev/rotaract-connect/ios/Pods
    

/Users/jonahmicahinguito/dev/rotaract-connect/node_modules/expo-manifests/ios/EXManifests/EmbeddedManifest.swift:29:75: warning: 'legacyId()' is deprecated: Prefer scopeKey or projectId depending on use case
    return rawManifestJSON().optionalValue(forKey: "originalFullName") ?? legacyId()
                                                                          ^

/Users/jonahmicahinguito/dev/rotaract-connect/node_modules/expo-manifests/ios/EXManifests/EmbeddedManifest.swift:29:75: 'legacyId()' is deprecated: Prefer scopeKey or projectId depending on use case


Build target EXJSONUtils of project Pods with configuration Debug

Libtool /Users/jonahmicahinguito/Library/Developer/Xcode/DerivedData/rotaractconnect-cjwcbdlngckcsaantafkjnfzfbdk/Build/Products/Debug-iphoneos/EXJSONUtils/libEXJSONUtils.a normal (in target 'EXJSONUtils' from project 'Pods')
    cd /Users/jonahmicahinguito/dev/rotaract-connect/ios/Pods
    /Applications/Xcode.app/Contents/Developer/Toolchains/XcodeDefault.xctoolchain/usr/bin/libtool -static -arch_only arm64 -D -syslibroot /Applications/Xcode.app/Contents/Developer/Platforms/iPhoneOS.platform/Developer/SDKs/iPhoneOS26.5.sdk -L/Users/jonahmicahinguito/Library/Developer/Xcode/DerivedData/rotaractconnect-cjwcbdlngckcsaantafkjnfzfbdk/Build/Products/Debug-iphoneos/EXJSONUtils -filelist /Users/jonahmicahinguito/Library/Developer/Xcode/DerivedData/rotaractconnect-cjwcbdlngckcsaantafkjnfzfbdk/Build/Intermediates.noindex/Pods.build/Debug-iphoneos/EXJSONUtils.build/Objects-normal/arm64/EXJSONUtils.LinkFileList -dependency_info /Users/jonahmicahinguito/Library/Developer/Xcode/DerivedData/rotaractconnect-cjwcbdlngckcsaantafkjnfzfbdk/Build/Intermediates.noindex/Pods.build/Debug-iphoneos/EXJSONUtils.build/Objects-normal/arm64/EXJSONUtils_libtool_dependency_info.dat -o /Users/jonahmicahinguito/Library/Developer/Xcode/DerivedData/rotaractconnect-cjwcbdlngckcsaantafkjnfzfbdk/Build/Products/Debug-iphoneos/EXJSONUtils/libEXJSONUtils.a

libtool: warning: 'NSDictionary+EXJSONUtils.o' has no symbols

'NSDictionary+EXJSONUtils.o' has no symbols


Build target EXConstants of project Pods with configuration Debug
note: Run script build phase '[CP-User] Generate app.config for prebuilt Constants.manifest' will be run during every build because the option to run the script phase "Based on dependency analysis" is unchecked. (in target 'EXConstants' from project 'Pods')


Run script build phase '[CP-User] Generate app.config for prebuilt Constants.manifest' will be run during every build because the option to run the script phase "Based on dependency analysis" is unchecked.

SwiftCompile normal arm64 Compiling\ ConstantsModule.swift /Users/jonahmicahinguito/dev/rotaract-connect/node_modules/expo-constants/ios/ConstantsModule.swift (in target 'EXConstants' from project 'Pods')

SwiftCompile normal arm64 /Users/jonahmicahinguito/dev/rotaract-connect/node_modules/expo-constants/ios/ConstantsModule.swift (in target 'EXConstants' from project 'Pods')
    cd /Users/jonahmicahinguito/dev/rotaract-connect/ios/Pods
    

/Users/jonahmicahinguito/dev/rotaract-connect/node_modules/expo-constants/ios/ConstantsModule.swift:12:5: warning: 'Constants' is deprecated: Use `Constant` or `Property` instead
    Constants {
    ^

/Users/jonahmicahinguito/dev/rotaract-connect/node_modules/expo-constants/ios/ConstantsModule.swift:12:5: 'Constants' is deprecated: Use `Constant` or `Property` instead

CompileC /Users/jonahmicahinguito/Library/Developer/Xcode/DerivedData/rotaractconnect-cjwcbdlngckcsaantafkjnfzfbdk/Build/Intermediates.noindex/Pods.build/Debug-iphoneos/EXConstants.build/Objects-normal/arm64/EXConstantsService.o /Users/jonahmicahinguito/dev/rotaract-connect/node_modules/expo-constants/ios/EXConstantsService.m normal arm64 objective-c com.apple.compilers.llvm.clang.1_0.compiler (in target 'EXConstants' from project 'Pods')
    cd /Users/jonahmicahinguito/dev/rotaract-connect/ios/Pods
    
    Using response file: /Users/jonahmicahinguito/Library/Developer/Xcode/DerivedData/rotaractconnect-cjwcbdlngckcsaantafkjnfzfbdk/Build/Intermediates.noindex/Pods.build/Debug-iphoneos/EXConstants.build/Objects-normal/arm64/e6072d4f65d7061329687fe24e3d63a7-common-args.resp
    
    /Applications/Xcode.app/Contents/Developer/Toolchains/XcodeDefault.xctoolchain/usr/bin/clang -x objective-c -ivfsstatcache /Users/jonahmicahinguito/Library/Developer/Xcode/DerivedData/SDKStatCaches.noindex/iphoneos26.5-23F81a-32daed1954a7d5dd0789fcaf2a9bb78b.sdkstatcache -target arm64-apple-ios16.4 -fmessage-length\=0 -fdiagnostics-show-note-include-stack -fmacro-backtrace-limit\=0 -fno-color-diagnostics -fmodules-prune-interval\=86400 -fmodules-prune-after\=345600 -fbuild-session-file\=/Users/jonahmicahinguito/Library/Developer/Xcode/DerivedData/ModuleCache.noindex/Session.modulevalidation -fmodules-validate-once-per-build-session -Wnon-modular-include-in-framework-module -Werror\=non-modular-include-in-framework-module -Wno-trigraphs -Wno-missing-field-initializers -Wno-missing-prototypes -Werror\=return-type -Wdocumentation -Wunreachable-code -Wno-implicit-atomic-properties -Werror\=deprecated-objc-isa-usage -Wno-objc-interface-ivars -Werror\=objc-root-class -Wno-arc-repeated-use-of-weak -Wimplicit-retain-self -Wduplicate-method-match -Wno-missing-braces -Wparentheses -Wswitch -Wunused-function -Wno-unused-label -Wno-unused-parameter -Wunused-variable -Wunused-value -Wempty-body -Wuninitialized -Wconditional-uninitialized -Wno-unknown-pragmas -Wno-shadow -Wno-four-char-constants -Wno-conversion -Wconstant-conversion -Wint-conversion -Wbool-conversion -Wenum-conversion -Wno-float-conversion -Wnon-literal-null-conversion -Wobjc-literal-conversion -Wshorten-64-to-32 -Wpointer-sign -Wno-newline-eof -Wno-selector -Wno-strict-selector-match -Wundeclared-selector -Wdeprecated-implementations -Wno-implicit-fallthrough -isysroot /Applications/Xcode.app/Contents/Developer/Platforms/iPhoneOS.platform/Developer/SDKs/iPhoneOS26.5.sdk -fstrict-aliasing -Wprotocol -Wdeprecated-declarations -Wno-sign-conversion -Winfinite-recursion -Wcomma -Wblock-capture-autoreleasing -Wstrict-prototypes -Wno-semicolon-before-method-body -Wunguarded-availability -index-store-path /Users/jonahmicahinguito/Library/Developer/Xcode/DerivedData/rotaractconnect-cjwcbdlngckcsaantafkjnfzfbdk/Index.noindex/DataStore @/Users/jonahmicahinguito/Library/Developer/Xcode/DerivedData/rotaractconnect-cjwcbdlngckcsaantafkjnfzfbdk/Build/Intermediates.noindex/Pods.build/Debug-iphoneos/EXConstants.build/Objects-normal/arm64/e6072d4f65d7061329687fe24e3d63a7-common-args.resp -include /Users/jonahmicahinguito/dev/rotaract-connect/ios/Pods/Target\ Support\ Files/EXConstants/EXConstants-prefix.pch -MMD -MT dependencies -MF /Users/jonahmicahinguito/Library/Developer/Xcode/DerivedData/rotaractconnect-cjwcbdlngckcsaantafkjnfzfbdk/Build/Intermediates.noindex/Pods.build/Debug-iphoneos/EXConstants.build/Objects-normal/arm64/EXConstantsService.d --serialize-diagnostics /Users/jonahmicahinguito/Library/Developer/Xcode/DerivedData/rotaractconnect-cjwcbdlngckcsaantafkjnfzfbdk/Build/Intermediates.noindex/Pods.build/Debug-iphoneos/EXConstants.build/Objects-normal/arm64/EXConstantsService.dia -c /Users/jonahmicahinguito/dev/rotaract-connect/node_modules/expo-constants/ios/EXConstantsService.m -o /Users/jonahmicahinguito/Library/Developer/Xcode/DerivedData/rotaractconnect-cjwcbdlngckcsaantafkjnfzfbdk/Build/Intermediates.noindex/Pods.build/Debug-iphoneos/EXConstants.build/Objects-normal/arm64/EXConstantsService.o -index-unit-output-path /Pods.build/Debug-iphoneos/EXConstants.build/Objects-normal/arm64/EXConstantsService.o

/Users/jonahmicahinguito/dev/rotaract-connect/node_modules/expo-constants/ios/EXConstantsService.m:67:55: warning: 'statusBarFrame' is deprecated: first deprecated in iOS 13.0 - Use the statusBarManager property of the window scene instead. [-Wdeprecated-declarations]
   67 |     statusBarSize = [UIApplication sharedApplication].statusBarFrame.size;
      |                                                       ^
In module 'UIKit' imported from /Users/jonahmicahinguito/dev/rotaract-connect/ios/Pods/Target Support Files/EXConstants/EXConstants-prefix.pch:2:
/Applications/Xcode.app/Contents/Developer/Platforms/iPhoneOS.platform/Developer/SDKs/iPhoneOS26.5.sdk/System/Library/Frameworks/UIKit.framework/Headers/UIApplication.h:131:38: note: 'statusBarFrame' has been explicitly marked deprecated here
  131 | @property(nonatomic,readonly) CGRect statusBarFrame API_DEPRECATED("Use the statusBarManager property of the window scene instead.", ios(2.0, 13.0)) API_UNAVAILABLE(tvos) API_UNAVAILABLE(visionos, watchos); // returns CGRectZero if the status bar is hidden
      |                                      ^
/Users/jonahmicahinguito/dev/rotaract-connect/node_modules/expo-constants/ios/EXConstantsService.m:20:17: warning: method definition for 'deviceYear' not found [-Wincomplete-implementation]
   20 | @implementation EXConstantsService
      |                 ^
In file included from /Users/jonahmicahinguito/dev/rotaract-connect/node_modules/expo-constants/ios/EXConstantsService.m:8:
/Users/jonahmicahinguito/dev/rotaract-connect/node_modules/expo-constants/ios/EXConstantsService.h:18:1: note: method 'deviceYear' declared here
   18 | + (NSNumber *)deviceYear;
      | ^
2 warnings generated.

/Users/jonahmicahinguito/dev/rotaract-connect/node_modules/expo-constants/ios/EXConstantsService.m:67:55: 'statusBarFrame' is deprecated: first deprecated in iOS 13.0 - Use the statusBarManager property of the window scene instead.

/Users/jonahmicahinguito/dev/rotaract-connect/node_modules/expo-constants/ios/EXConstantsService.m:20:17: Method definition for 'deviceYear' not found


Build target EXApplication of project Pods with configuration Debug

SwiftCompile normal arm64 Compiling\ ApplicationExceptions.swift,\ ApplicationModule.swift /Users/jonahmicahinguito/dev/rotaract-connect/node_modules/expo-application/ios/ApplicationExceptions.swift /Users/jonahmicahinguito/dev/rotaract-connect/node_modules/expo-application/ios/ApplicationModule.swift (in target 'EXApplication' from project 'Pods')

CompileSwift normal arm64 (in target 'EXApplication' from project 'Pods')
    cd /Users/jonahmicahinguito/dev/rotaract-connect/ios/Pods
    

/Users/jonahmicahinguito/dev/rotaract-connect/node_modules/expo-application/ios/ApplicationExceptions.swift:3:22: warning: class 'UrlDocumentDirectoryException' must restate inherited '@unchecked Sendable' conformance
internal final class UrlDocumentDirectoryException: Exception {
                     ^
                                                             , @unchecked Sendable
/Users/jonahmicahinguito/dev/rotaract-connect/node_modules/expo-application/ios/ApplicationExceptions.swift:9:22: warning: class 'InstallationTimeException' must restate inherited '@unchecked Sendable' conformance
internal final class InstallationTimeException: Exception {
                     ^
                                                         , @unchecked Sendable
/Users/jonahmicahinguito/dev/rotaract-connect/node_modules/expo-application/ios/ApplicationExceptions.swift:15:22: warning: class 'DateCastException' must restate inherited '@unchecked Sendable' conformance
internal final class DateCastException: Exception {
                     ^
                                                 , @unchecked Sendable

/Users/jonahmicahinguito/dev/rotaract-connect/node_modules/expo-application/ios/ApplicationExceptions.swift:3:22: Class 'UrlDocumentDirectoryException' must restate inherited '@unchecked Sendable' conformance

/Users/jonahmicahinguito/dev/rotaract-connect/node_modules/expo-application/ios/ApplicationExceptions.swift:9:22: Class 'InstallationTimeException' must restate inherited '@unchecked Sendable' conformance

/Users/jonahmicahinguito/dev/rotaract-connect/node_modules/expo-application/ios/ApplicationExceptions.swift:15:22: Class 'DateCastException' must restate inherited '@unchecked Sendable' conformance



Build succeeded    8/17/26, 8:51 PM    319.1 seconds
